 Compare

 Timestamp is 564537c5 (Fri Nov 13 04:07:17 2015)

 Preferred load address is 0000000180000000

 Start         Length     Name                   Class
 0001:00000000 000000a0H .idata$5                CODE
 0001:000000a0 0000037eH .rdata                  CODE
 0001:00000420 000033b5H .text                   CODE
 0001:000037d8 00000310H .xdata                  CODE
 0001:00003ae8 00000014H .idata$2                CODE
 0001:00003afc 00000014H .idata$3                CODE
 0001:00003b10 000000a0H .idata$4                CODE
 0001:00003bb0 0000012cH .idata$6                CODE
 0001:00003ce0 00000090H .edata                  CODE
 0002:00000000 0000035cH .data                   DATA
 0002:00000360 0000031cH .bss                    DATA
 0003:00000000 00000258H .pdata                  DATA
 0004:00000000 00000058H .rsrc$01                DATA
 0004:00000060 00000380H .rsrc$02                DATA

  Address         Publics by Value              Rva+Base               Lib:Object

 0000:00000000       ___safe_se_handler_table   0000000000000000     <absolute>
 0000:00000000       ___safe_se_handler_count   0000000000000000     <absolute>
 0000:00000000       __ImageBase                0000000180000000     <linker-defined>
 0001:00000000       __imp_lstrlenW             0000000180001000     kernel32:KERNEL32.dll
 0001:00000008       __imp_ReadConsoleInputW    0000000180001008     kernel32:KERNEL32.dll
 0001:00000010       __imp_PeekConsoleInputW    0000000180001010     kernel32:KERNEL32.dll
 0001:00000018       __imp_GetTickCount         0000000180001018     kernel32:KERNEL32.dll
 0001:00000020       __imp_lstrcatW             0000000180001020     kernel32:KERNEL32.dll
 0001:00000028       __imp_lstrcpyW             0000000180001028     kernel32:KERNEL32.dll
 0001:00000030       __imp_lstrcmpW             0000000180001030     kernel32:KERNEL32.dll
 0001:00000038       __imp_FindClose            0000000180001038     kernel32:KERNEL32.dll
 0001:00000040       __imp_FindNextFileW        0000000180001040     kernel32:KERNEL32.dll
 0001:00000048       __imp_FindFirstFileW       0000000180001048     kernel32:KERNEL32.dll
 0001:00000050       __imp_ReadFile             0000000180001050     kernel32:KERNEL32.dll
 0001:00000058       __imp_CloseHandle          0000000180001058     kernel32:KERNEL32.dll
 0001:00000060       __imp_CreateFileW          0000000180001060     kernel32:KERNEL32.dll
 0001:00000068       __imp_SetConsoleTitleW     0000000180001068     kernel32:KERNEL32.dll
 0001:00000070       __imp_GetConsoleTitleW     0000000180001070     kernel32:KERNEL32.dll
 0001:00000078       __imp_HeapAlloc            0000000180001078     kernel32:KERNEL32.dll
 0001:00000080       __imp_HeapReAlloc          0000000180001080     kernel32:KERNEL32.dll
 0001:00000088       __imp_HeapFree             0000000180001088     kernel32:KERNEL32.dll
 0001:00000090       __imp_GetProcessHeap       0000000180001090     kernel32:KERNEL32.dll
 0001:00000098       \177KERNEL32_NULL_THUNK_DATA 0000000180001098     kernel32:KERNEL32.dll
 0001:000000b0       MainGuid                   00000001800010b0     Compare.obj
 0001:000000c0       MenuGuid                   00000001800010c0     Compare.obj
 0001:000000d0       DialogGuid                 00000001800010d0     Compare.obj
 0001:000000e0       ??_C@_1BG@EEJFCAOO@?$AAS?$AAh?$AAo?$AAw?$AAH?$AAi?$AAd?$AAd?$AAe?$AAn?$AA?$AA@ 00000001800010e0     Compare.obj
 0001:000000f8       ??_C@_1BC@ENICKDH@?$AAC?$AAo?$AAn?$AAt?$AAe?$AAn?$AAt?$AAs?$AA?$AA@ 00000001800010f8     Compare.obj
 0001:0000010c       ??_C@_11LOCGONAA@?$AA?$AA@ 000000018000110c     Compare.obj
 0001:00000110       ??_C@_1M@KNJIDFOP@?$AA9?$AA9?$AA9?$AA9?$AA9?$AA?$AA@ 0000000180001110     Compare.obj
 0001:00000120       ??_C@_1CE@FBOAEKEI@?$AAP?$AAr?$AAo?$AAc?$AAe?$AAs?$AAs?$AAS?$AAu?$AAb?$AAf?$AAo?$AAl?$AAd?$AAe?$AAr?$AAs?$AA?$AA@ 0000000180001120     Compare.obj
 0001:00000148       ??_C@_1CA@KJDAALFO@?$AAU?$AAs?$AAe?$AAM?$AAa?$AAx?$AAS?$AAc?$AAa?$AAn?$AAD?$AAe?$AAp?$AAt?$AAh?$AA?$AA@ 0000000180001148     Compare.obj
 0001:00000168       ??_C@_1BK@GGEMFANC@?$AAM?$AAa?$AAx?$AAS?$AAc?$AAa?$AAn?$AAD?$AAe?$AAp?$AAt?$AAh?$AA?$AA@ 0000000180001168     Compare.obj
 0001:00000188       ??_C@_1CA@MDABALAC@?$AAP?$AAr?$AAo?$AAc?$AAe?$AAs?$AAs?$AAS?$AAe?$AAl?$AAe?$AAc?$AAt?$AAe?$AAd?$AA?$AA@ 0000000180001188     Compare.obj
 0001:000001a8       ??_C@_1BI@HJKFLAP@?$AAC?$AAo?$AAm?$AAp?$AAa?$AAr?$AAe?$AAT?$AAi?$AAm?$AAe?$AA?$AA@ 00000001800011a8     Compare.obj
 0001:000001c0       ??_C@_1CC@GIIFACBC@?$AAL?$AAo?$AAw?$AAP?$AAr?$AAe?$AAc?$AAi?$AAs?$AAi?$AAo?$AAn?$AAT?$AAi?$AAm?$AAe?$AA?$AA@ 00000001800011c0     Compare.obj
 0001:000001f0       ??_C@_1EE@EFHMKIOD@?$AAI?$AAg?$AAn?$AAo?$AAr?$AAe?$AAP?$AAo?$AAs?$AAs?$AAi?$AAb?$AAl?$AAe?$AAT?$AAi?$AAm?$AAe?$AAZ?$AAo?$AAn?$AAe?$AAD?$AAi?$AAf?$AAf?$AAe?$AAr?$AAe?$AAn?$AAc?$AAe@ 00000001800011f0     Compare.obj
 0001:00000238       ??_C@_1BI@PLJFHCFF@?$AAC?$AAo?$AAm?$AAp?$AAa?$AAr?$AAe?$AAS?$AAi?$AAz?$AAe?$AA?$AA@ 0000000180001238     Compare.obj
 0001:00000250       ??_C@_1CA@JKHJMABM@?$AAC?$AAo?$AAm?$AAp?$AAa?$AAr?$AAe?$AAC?$AAo?$AAn?$AAt?$AAe?$AAn?$AAt?$AAs?$AA?$AA@ 0000000180001250     Compare.obj
 0001:00000270       ??_C@_1CM@MCIOEKOG@?$AAC?$AAo?$AAm?$AAp?$AAa?$AAr?$AAe?$AAC?$AAo?$AAn?$AAt?$AAe?$AAn?$AAt?$AAs?$AAI?$AAg?$AAn?$AAo?$AAr?$AAe?$AA?$AA@ 0000000180001270     Compare.obj
 0001:000002a0       ??_C@_1BO@PEKJDKMD@?$AAI?$AAg?$AAn?$AAo?$AAr?$AAe?$AAN?$AAe?$AAw?$AAL?$AAi?$AAn?$AAe?$AAs?$AA?$AA@ 00000001800012a0     Compare.obj
 0001:000002c0       ??_C@_1CC@EJJKPBBK@?$AAI?$AAg?$AAn?$AAo?$AAr?$AAe?$AAW?$AAh?$AAi?$AAt?$AAe?$AAs?$AAp?$AAa?$AAc?$AAe?$AA?$AA@ 00000001800012c0     Compare.obj
 0001:000002e8       ??_C@_1CE@FJPIMCHB@?$AAM?$AAe?$AAs?$AAs?$AAa?$AAg?$AAe?$AAW?$AAh?$AAe?$AAn?$AAN?$AAo?$AAD?$AAi?$AAf?$AAf?$AA?$AA@ 00000001800012e8     Compare.obj
 0001:00000310       ??_C@_17FPIFMLJN@?$AAE?$AAs?$AAc?$AA?$AA@ 0000000180001310     Compare.obj
 0001:00000318       ??_C@_19MJCDBCKE@?$AA?2?$AA?2?$AA?$DP?$AA?2?$AA?$AA@ 0000000180001318     Compare.obj
 0001:00000324       ??_C@_13JOFGPIOO@?$AA?4?$AA?$AA@ 0000000180001324     Compare.obj
 0001:00000328       ??_C@_15DDHGOCBH@?$AA?4?$AA?4?$AA?$AA@ 0000000180001328     Compare.obj
 0001:00000330       ??_C@_1DE@BGKMIKPD@?$AAE?$AAu?$AAg?$AAe?$AAn?$AAe?$AA?5?$AAR?$AAo?$AAs?$AAh?$AAa?$AAl?$AA?5?$AA?$CG?$AA?5?$AAF?$AAa?$AAr?$AA?5?$AAG?$AAr?$AAo?$AAu?$AAp?$AA?$AA@ 0000000180001330     Compare.obj
 0001:00000370       ??_C@_1EM@KDLPMJGE@?$AAA?$AAd?$AAv?$AAa?$AAn?$AAc?$AAe?$AAd?$AA?5?$AAF?$AAi?$AAl?$AAe?$AA?5?$AAC?$AAo?$AAm?$AAp?$AAa?$AAr?$AAe?$AA?5?$AAf?$AAo?$AAr?$AA?5?$AAF?$AAa?$AAr?$AA?5?$AAM?$AAa@ 0000000180001370     Compare.obj
 0001:000003c0       ??_C@_1BA@NIFMCONN@?$AAC?$AAo?$AAm?$AAp?$AAa?$AAr?$AAe?$AA?$AA@ 00000001800013c0     Compare.obj
 0001:000003d0       ??_C@_17LGKOMLJ@?$AA?4?$AA?4?$AA?4?$AA?$AA@ 00000001800013d0     Compare.obj
 0001:000003d8       ??_C@_15PKPONJIK@?$AA?2?$AA?$CK?$AA?$AA@ 00000001800013d8     Compare.obj
 0001:000003e0       ??_C@_13BBDEGPLJ@?$AA?$CK?$AA?$AA@ 00000001800013e0     Compare.obj
 0001:000003e8       ??_C@_1CE@FMMDKAAJ@?$AAC?$AAo?$AAm?$AAp?$AAa?$AAr?$AAe?$AAB?$AAu?$AAf?$AAf?$AAe?$AAr?$AAS?$AAi?$AAz?$AAe?$AA?$AA@ 00000001800013e8     Compare.obj
 0001:00000410       ??_C@_1O@PNMIMBDD@?$AAC?$AAO?$AAN?$AAI?$AAN?$AA$?$AA?$AA@ 0000000180001410     Compare.obj
 0001:00000430       __chkstk                   0000000180001430 f   chkstk.obj
 0001:00000430       _alloca_probe              0000000180001430     chkstk.obj
 0001:00000480       ?Alloc@SimpleString@@AEAAX_K@Z 0000000180001480 f i Compare.obj
 0001:000004f0       ??0SimpleString@@QEAA@PEB_W_K@Z 00000001800014f0 f i Compare.obj
 0001:000005a0       ?Inflate@SimpleString@@QEAAX_K@Z 00000001800015a0 f i Compare.obj
 0001:000006d0       ?ShowDialogProc@@YA_JPEAX_J10@Z 00000001800016d0 f   Compare.obj
 0001:000010a0       ?BuildName@FileName@@QEAAPEB_WPEB_W0@Z 00000001800020a0 f i Compare.obj
 0001:000013b0       GetGlobalInfoW             00000001800023b0 f   Compare.obj
 0001:00001430       SetStartupInfoW            0000000180002430 f   Compare.obj
 0001:00001470       GetPluginInfoW             0000000180002470 f   Compare.obj
 0001:000014d0       ?GetPanelItem@@YAXPEAXW4FILE_CONTROL_COMMANDS@@_JPEAUPluginPanelItem@@@Z 00000001800024d0 f   Compare.obj
 0001:000015a0       ?FreePanelItems@@YAXAEAUOwnPanelInfo@@0@Z 00000001800025a0 f   Compare.obj
 0001:00001700       ?Replace@SimpleString@@QEAAAEAV1@_K0PEB_W0@Z 0000000180002700 f i Compare.obj
 0001:00001ca0       ??0SimpleString@@QEAA@PEB_W@Z 0000000180002ca0 f i Compare.obj
 0001:00002bf0       OpenW                      0000000180003bf0 f   Compare.obj
 0001:00003550       memcpy                     0000000180004550 f   libCRT64:memcpy.obj
 0001:00003580       memmove                    0000000180004580 f   libCRT64:memmove.obj
 0001:000035e0       realloc                    00000001800045e0 f   libCRT64:realloc.obj
 0001:00003670       free                       0000000180004670 f   libCRT64:free.obj
 0001:000036a0       wcsdup                     00000001800046a0 f   libCRT64:strdup.obj
 0001:000036f0       memset                     00000001800046f0 f   libCRT64:memset.obj
 0001:00003720       wcschr                     0000000180004720 f   libCRT64:strchr.obj
 0001:00003740       ??_V@YAXPEAX@Z             0000000180004740 f   libCRT64:delete_array.obj
 0001:00003750       ??_U@YAPEAX_K@Z            0000000180004750 f   libCRT64:new_array.obj
 0001:00003760       malloc                     0000000180004760 f   libCRT64:malloc.obj
 0001:00003790       memcmp                     0000000180004790 f   libCRT64:memcmp.obj
 0001:000037c0       ??3@YAXPEAX@Z              00000001800047c0 f   libCRT64:delete.obj
 0001:000037d0       ??2@YAPEAX_K@Z             00000001800047d0 f   libCRT64:new.obj
 0001:00003ae8       __IMPORT_DESCRIPTOR_KERNEL32 0000000180004ae8     kernel32:KERNEL32.dll
 0001:00003afc       __NULL_IMPORT_DESCRIPTOR   0000000180004afc     kernel32:KERNEL32.dll
 0002:00000620       ?Opt@@3UOptions@@A         0000000180005620     Compare.obj

 entry point at        0000:00000000

 Static symbols

 0001:000005f0       ?GetSetting@@YA_JW4FARSETTINGS_SUBFOLDERS@@PEB_W@Z 00000001800015f0 f   Compare.obj
 0001:00000870       ?ShowDialog@@YA_N_N0@Z     0000000180001870 f   Compare.obj
 0001:00000f30       ?CheckForEsc@@YA_NXZ       0000000180001f30 f   Compare.obj
 0001:00001190       ?PICompare@@YAHPEBX0PEAX@Z 0000000180002190 f   Compare.obj
 0001:000011e0       ?BuildPanelIndex@@YA_NPEBUOwnPanelInfo@@PEAUFileIndex@@PEAX@Z 00000001800021e0 f   Compare.obj
 0001:00001880       ?SplitCopy@@YAHQEAPEA_WHPEA_WPEB_W@Z 0000000180002880 f   Compare.obj
 0001:00001ac0       ?ShowMessage@@YAXPEB_W0@Z  0000000180002ac0 f   Compare.obj
 0001:00001d60       ?GetDirList@@YAHPEAUOwnPanelInfo@@PEB_W@Z 0000000180002d60 f   Compare.obj
 0001:00001f50       ?CompareFiles@@YA_NPEBUPluginPanelItem@@0PEB_W1H@Z 0000000180002f50 f   Compare.obj
 0001:000027e0       ?CompareDirs@@YA_NPEBUOwnPanelInfo@@0_NH@Z 00000001800037e0 f   Compare.obj
