 TmpPanel

 Timestamp is 564537fe (Fri Nov 13 04:08:14 2015)

 Preferred load address is 0000000180000000

 Start         Length     Name                   Class
 0001:00000000 00000128H .idata$5                CODE
 0001:00000130 00000742H .rdata                  CODE
 0001:00000880 00007fdbH .text                   CODE
 0001:00008860 000009c4H .xdata                  CODE
 0001:00009224 0000003cH .idata$2                CODE
 0001:00009260 00000014H .idata$3                CODE
 0001:00009278 00000128H .idata$4                CODE
 0001:000093a0 0000024cH .idata$6                CODE
 0001:000095f0 00000192H .edata                  CODE
 0002:00000000 00000038H .data                   DATA
 0002:00000040 00000cd8H .bss                    DATA
 0003:00000000 00000828H .pdata                  DATA
 0004:00000000 00000058H .rsrc$01                DATA
 0004:00000060 00000378H .rsrc$02                DATA

  Address         Publics by Value              Rva+Base               Lib:Object

 0000:00000000       ___safe_se_handler_count   0000000000000000     <absolute>
 0000:00000000       ___safe_se_handler_table   0000000000000000     <absolute>
 0000:00000000       __ImageBase                0000000180000000     <linker-defined>
 0001:00000000       __imp_IsTextUnicode        0000000180001000     advapi32:ADVAPI32.dll
 0001:00000008       \177ADVAPI32_NULL_THUNK_DATA 0000000180001008     advapi32:ADVAPI32.dll
 0001:00000010       __imp_lstrcpyW             0000000180001010     kernel32:KERNEL32.dll
 0001:00000018       __imp_MultiByteToWideChar  0000000180001018     kernel32:KERNEL32.dll
 0001:00000020       __imp_MapViewOfFile        0000000180001020     kernel32:KERNEL32.dll
 0001:00000028       __imp_CloseHandle          0000000180001028     kernel32:KERNEL32.dll
 0001:00000030       __imp_CreateFileMappingW   0000000180001030     kernel32:KERNEL32.dll
 0001:00000038       __imp_GetFileSize          0000000180001038     kernel32:KERNEL32.dll
 0001:00000040       __imp_CreateFileW          0000000180001040     kernel32:KERNEL32.dll
 0001:00000048       __imp_lstrcmpW             0000000180001048     kernel32:KERNEL32.dll
 0001:00000050       __imp_DeleteFileW          0000000180001050     kernel32:KERNEL32.dll
 0001:00000058       __imp_WaitForSingleObject  0000000180001058     kernel32:KERNEL32.dll
 0001:00000060       __imp_CreateProcessW       0000000180001060     kernel32:KERNEL32.dll
 0001:00000068       __imp_SetConsoleTitleW     0000000180001068     kernel32:KERNEL32.dll
 0001:00000070       __imp_GetConsoleTitleW     0000000180001070     kernel32:KERNEL32.dll
 0001:00000078       __imp_GetStdHandle         0000000180001078     kernel32:KERNEL32.dll
 0001:00000080       __imp_lstrcatW             0000000180001080     kernel32:KERNEL32.dll
 0001:00000088       __imp_UnmapViewOfFile      0000000180001088     kernel32:KERNEL32.dll
 0001:00000090       __imp_lstrcpynW            0000000180001090     kernel32:KERNEL32.dll
 0001:00000098       __imp_GetFileTime          0000000180001098     kernel32:KERNEL32.dll
 0001:000000a0       __imp_FindClose            00000001800010a0     kernel32:KERNEL32.dll
 0001:000000a8       __imp_FindFirstFileW       00000001800010a8     kernel32:KERNEL32.dll
 0001:000000b0       __imp_GetFileAttributesW   00000001800010b0     kernel32:KERNEL32.dll
 0001:000000b8       __imp_FindNextFileW        00000001800010b8     kernel32:KERNEL32.dll
 0001:000000c0       __imp_WideCharToMultiByte  00000001800010c0     kernel32:KERNEL32.dll
 0001:000000c8       __imp_WriteFile            00000001800010c8     kernel32:KERNEL32.dll
 0001:000000d0       __imp_ExpandEnvironmentStringsW 00000001800010d0     kernel32:KERNEL32.dll
 0001:000000d8       __imp_SearchPathW          00000001800010d8     kernel32:KERNEL32.dll
 0001:000000e0       __imp_HeapFree             00000001800010e0     kernel32:KERNEL32.dll
 0001:000000e8       __imp_GetProcessHeap       00000001800010e8     kernel32:KERNEL32.dll
 0001:000000f0       __imp_HeapAlloc            00000001800010f0     kernel32:KERNEL32.dll
 0001:000000f8       __imp_HeapReAlloc          00000001800010f8     kernel32:KERNEL32.dll
 0001:00000100       __imp_lstrcmpiW            0000000180001100     kernel32:KERNEL32.dll
 0001:00000108       __imp_lstrlenW             0000000180001108     kernel32:KERNEL32.dll
 0001:00000110       \177KERNEL32_NULL_THUNK_DATA 0000000180001110     kernel32:KERNEL32.dll
 0001:00000118       __imp_ShellExecuteW        0000000180001118     shell32:SHELL32.dll
 0001:00000120       \177SHELL32_NULL_THUNK_DATA 0000000180001120     shell32:SHELL32.dll
 0001:00000130       MainGuid                   0000000180001130     TmpPanel.obj
 0001:00000140       MenuGuid                   0000000180001140     TmpPanel.obj
 0001:00000150       ConfigDialogGuid           0000000180001150     TmpPanel.obj
 0001:00000160       ??_C@_1DE@BGKMIKPD@?$AAE?$AAu?$AAg?$AAe?$AAn?$AAe?$AA?5?$AAR?$AAo?$AAs?$AAh?$AAa?$AAl?$AA?5?$AA?$CG?$AA?5?$AAF?$AAa?$AAr?$AA?5?$AAG?$AAr?$AAo?$AAu?$AAp?$AA?$AA@ 0000000180001160     TmpPanel.obj
 0001:000001a0       ??_C@_1EA@PHBPOOLI@?$AAT?$AAe?$AAm?$AAp?$AAo?$AAr?$AAa?$AAr?$AAy?$AA?5?$AAP?$AAa?$AAn?$AAe?$AAl?$AA?5?$AAf?$AAo?$AAr?$AA?5?$AAF?$AAa?$AAr?$AA?5?$AAM?$AAa?$AAn?$AAa?$AAg?$AAe?$AAr?$AA?$AA@ 00000001800011a0     TmpPanel.obj
 0001:000001e0       ??_C@_1BC@DDPAOGMO@?$AAT?$AAm?$AAp?$AAP?$AAa?$AAn?$AAe?$AAl?$AA?$AA@ 00000001800011e0     TmpPanel.obj
 0001:000001f8       ??_C@_19BDAJEHDN@?$AAo?$AAp?$AAe?$AAn?$AA?$AA@ 00000001800011f8     TmpPanel.obj
 0001:00000208       ??_C@_1BC@ENICKDH@?$AAC?$AAo?$AAn?$AAt?$AAe?$AAn?$AAt?$AAs?$AA?$AA@ 0000000180001208     TmpPanel.obj
 0001:0000021c       ??_C@_15KIOHKAAB@?$AA?$CK?$AA?4?$AA?$AA@ 000000018000121c     TmpPanel.obj
 0001:00000224       ??_C@_13IMODFHAA@?$AA?9?$AA?$AA@ 0000000180001224     TmpPanel.obj
 0001:00000228       ??_C@_11LOCGONAA@?$AA?$AA@ 0000000180001228     TmpPanel.obj
 0001:00000230       ??_C@_1BM@MDBPDFDA@?$AA?$CF?$AAC?$AAO?$AAM?$AAS?$AAP?$AAE?$AAC?$AA?$CF?$AA?5?$AA?1?$AAc?$AA?5?$AA?$AA@ 0000000180001230     TmpPanel.obj
 0001:00000250       ??_C@_1O@CILPHMLJ@?$AAF?$AAA?$AAR?$AAT?$AAM?$AAP?$AA?$AA@ 0000000180001250     TmpPanel.obj
 0001:000002b0       ??_C@_17GNJCADOE@?$AAt?$AAm?$AAp?$AA?$AA@ 00000001800012b0     TmpCfg.obj
 0001:000002b8       ??_C@_1O@GBAEOCCH@?$AAP?$AAr?$AAe?$AAf?$AAi?$AAx?$AA?$AA@ 00000001800012b8     TmpCfg.obj
 0001:000002c8       ??_C@_1O@HIOLBLLI@?$AA?$CK?$AA?4?$AAt?$AAe?$AAm?$AAp?$AA?$AA@ 00000001800012c8     TmpCfg.obj
 0001:000002d8       ??_C@_19KOBLENB@?$AAM?$AAa?$AAs?$AAk?$AA?$AA@ 00000001800012d8     TmpCfg.obj
 0001:000002e8       ??_C@_1BA@HANPCFLL@?$AA0?$AA?0?$AA8?$AA?0?$AA0?$AA?0?$AA5?$AA?$AA@ 00000001800012e8     TmpCfg.obj
 0001:000002f8       ??_C@_1CG@NCCICMEA@?$AAS?$AAt?$AAa?$AAt?$AAu?$AAs?$AAC?$AAo?$AAl?$AAu?$AAm?$AAn?$AAW?$AAi?$AAd?$AAt?$AAh?$AAs?$AA?$AA@ 00000001800012f8     TmpCfg.obj
 0001:00000320       ??_C@_1BE@CNONJJPK@?$AAN?$AAR?$AA?0?$AAS?$AAC?$AA?0?$AAD?$AA?0?$AAT?$AA?$AA@ 0000000180001320     TmpCfg.obj
 0001:00000338       ??_C@_1CE@CFCOMBOO@?$AAS?$AAt?$AAa?$AAt?$AAu?$AAs?$AAC?$AAo?$AAl?$AAu?$AAm?$AAn?$AAT?$AAy?$AAp?$AAe?$AAs?$AA?$AA@ 0000000180001338     TmpCfg.obj
 0001:00000360       ??_C@_17FKOBGGOI@?$AA0?$AA?0?$AA8?$AA?$AA@ 0000000180001360     TmpCfg.obj
 0001:00000368       ??_C@_1BK@IJFPLJEF@?$AAC?$AAo?$AAl?$AAu?$AAm?$AAn?$AAW?$AAi?$AAd?$AAt?$AAh?$AAs?$AA?$AA@ 0000000180001368     TmpCfg.obj
 0001:00000388       ??_C@_17PBMJFEI@?$AAN?$AA?0?$AAS?$AA?$AA@ 0000000180001388     TmpCfg.obj
 0001:00000390       ??_C@_1BI@KCJICNAC@?$AAC?$AAo?$AAl?$AAu?$AAm?$AAn?$AAT?$AAy?$AAp?$AAe?$AAs?$AA?$AA@ 0000000180001390     TmpCfg.obj
 0001:000003a8       ??_C@_1BC@JCHBPJL@?$AAL?$AAi?$AAs?$AAt?$AAU?$AAT?$AAF?$AA8?$AA?$AA@ 00000001800013a8     TmpCfg.obj
 0001:000003c0       ??_C@_1CA@GMFGCAGE@?$AAF?$AAu?$AAl?$AAl?$AAS?$AAc?$AAr?$AAe?$AAe?$AAn?$AAP?$AAa?$AAn?$AAe?$AAl?$AA?$AA@ 00000001800013c0     TmpCfg.obj
 0001:000003e0       ??_C@_1DC@BNKDLIA@?$AAN?$AAe?$AAw?$AAP?$AAa?$AAn?$AAe?$AAl?$AAF?$AAo?$AAr?$AAS?$AAe?$AAa?$AAr?$AAc?$AAh?$AAR?$AAe?$AAs?$AAu?$AAl?$AAt?$AAs?$AA?$AA@ 00000001800013e0     TmpCfg.obj
 0001:00000418       ??_C@_1CA@JNAJBENN@?$AAM?$AAe?$AAn?$AAu?$AAF?$AAo?$AAr?$AAF?$AAi?$AAl?$AAe?$AAl?$AAi?$AAs?$AAt?$AA?$AA@ 0000000180001418     TmpCfg.obj
 0001:00000438       ??_C@_19OBGHODPD@?$AAM?$AAo?$AAd?$AAe?$AA?$AA@ 0000000180001438     TmpCfg.obj
 0001:00000448       ??_C@_1BK@BNOFJDBM@?$AAC?$AAo?$AAp?$AAy?$AAC?$AAo?$AAn?$AAt?$AAe?$AAn?$AAt?$AAs?$AA?$AA@ 0000000180001448     TmpCfg.obj
 0001:00000468       ??_C@_1BG@NHJCENND@?$AAA?$AAn?$AAy?$AAI?$AAn?$AAP?$AAa?$AAn?$AAe?$AAl?$AA?$AA@ 0000000180001468     TmpCfg.obj
 0001:00000480       ??_C@_1BM@FPOJMDKB@?$AAS?$AAa?$AAf?$AAe?$AAM?$AAo?$AAd?$AAe?$AAP?$AAa?$AAn?$AAe?$AAl?$AA?$AA@ 0000000180001480     TmpCfg.obj
 0001:000004a0       ??_C@_1BI@CPJJFPIA@?$AAC?$AAo?$AAm?$AAm?$AAo?$AAn?$AAP?$AAa?$AAn?$AAe?$AAl?$AA?$AA@ 00000001800014a0     TmpCfg.obj
 0001:000004b8       ??_C@_1CC@PNNAOHJC@?$AAA?$AAd?$AAd?$AAT?$AAo?$AAP?$AAl?$AAu?$AAg?$AAi?$AAn?$AAs?$AAM?$AAe?$AAn?$AAu?$AA?$AA@ 00000001800014b8     TmpCfg.obj
 0001:000004e0       ??_C@_1BO@NGDOFANC@?$AAA?$AAd?$AAd?$AAT?$AAo?$AAD?$AAi?$AAs?$AAk?$AAs?$AAM?$AAe?$AAn?$AAu?$AA?$AA@ 00000001800014e0     TmpCfg.obj
 0001:00000500       ??_7?$DialogItemBinding@UFarDialogItem@@@@6B@ 0000000180001500     TmpCfg.obj
 0001:00000510       ??_7?$DialogBuilderBase@UFarDialogItem@@@@6B@ 0000000180001510     TmpCfg.obj
 0001:00000558       ??_7PluginEditFieldBinding@@6B@ 0000000180001558     TmpCfg.obj
 0001:00000570       ??_7PluginDialogBuilder@@6B@ 0000000180001570     TmpCfg.obj
 0001:000005b8       ??_7PluginCheckBoxBinding@@6B@ 00000001800015b8     TmpCfg.obj
 0001:000005c8       ??_7PluginRadioButtonBinding@@6B@ 00000001800015c8     TmpCfg.obj
 0001:000005d8       ??_C@_15EFLNJKHH@?$AA?$CF?$AAu?$AA?$AA@ 00000001800015d8     TmpCfg.obj
 0001:000005e0       ??_7PluginIntEditFieldBinding@@6B@ 00000001800015e0     TmpCfg.obj
 0001:000005f0       ??_7PluginUIntEditFieldBinding@@6B@ 00000001800015f0     TmpCfg.obj
 0001:00000600       ??_C@_1CC@CFPIPDCG@?$AAT?$AAe?$AAm?$AAp?$AAP?$AAa?$AAn?$AAe?$AAl?$AA?4?$AAP?$AAr?$AAe?$AAf?$AAi?$AAx?$AA?$AA@ 0000000180001600     TmpCfg.obj
 0001:00000628       ??_C@_1BO@JLKBMGBC@?$AAT?$AAe?$AAm?$AAp?$AAP?$AAa?$AAn?$AAe?$AAl?$AA?4?$AAM?$AAa?$AAs?$AAk?$AA?$AA@ 0000000180001628     TmpCfg.obj
 0001:00000648       ??_C@_1DK@GODNGDDP@?$AAT?$AAe?$AAm?$AAp?$AAP?$AAa?$AAn?$AAe?$AAl?$AA?4?$AAS?$AAt?$AAa?$AAt?$AAu?$AAs?$AAC?$AAo?$AAl?$AAu?$AAm?$AAn?$AAW?$AAi?$AAd?$AAt?$AAh?$AAs?$AA?$AA@ 0000000180001648     TmpCfg.obj
 0001:00000688       ??_C@_1DI@DFFNPDGJ@?$AAT?$AAe?$AAm?$AAp?$AAP?$AAa?$AAn?$AAe?$AAl?$AA?4?$AAS?$AAt?$AAa?$AAt?$AAu?$AAs?$AAC?$AAo?$AAl?$AAu?$AAm?$AAn?$AAT?$AAy?$AAp?$AAe?$AAs?$AA?$AA@ 0000000180001688     TmpCfg.obj
 0001:000006c0       ??_C@_1CO@PEIMNADN@?$AAT?$AAe?$AAm?$AAp?$AAP?$AAa?$AAn?$AAe?$AAl?$AA?4?$AAC?$AAo?$AAl?$AAu?$AAm?$AAn?$AAW?$AAi?$AAd?$AAt?$AAh?$AAs?$AA?$AA@ 00000001800016c0     TmpCfg.obj
 0001:000006f0       ??_C@_1CM@OOGBEAGB@?$AAT?$AAe?$AAm?$AAp?$AAP?$AAa?$AAn?$AAe?$AAl?$AA?4?$AAC?$AAo?$AAl?$AAu?$AAm?$AAn?$AAT?$AAy?$AAp?$AAe?$AAs?$AA?$AA@ 00000001800016f0     TmpCfg.obj
 0001:00000720       ??_C@_1O@BJPKKLLM@?$AAC?$AAo?$AAn?$AAf?$AAi?$AAg?$AA?$AA@ 0000000180001720     TmpCfg.obj
 0001:00000730       ??_C@_1O@OCNONAPA@?$AA?5?$AA?$CF?$AAs?$AA?$CF?$AAs?$AA?5?$AA?$AA@ 0000000180001730     TmpClass.obj
 0001:00000740       ??_C@_19NHGNNLNG@?$AA?$CI?$AAR?$AA?$CJ?$AA?5?$AA?$AA@ 0000000180001740     TmpClass.obj
 0001:0000074c       ??_C@_13FPGAJAPJ@?$AA?2?$AA?$AA@ 000000018000174c     TmpClass.obj
 0001:00000750       ??_C@_1BC@JIEGIPND@?$AA?5?$AA?5?$AA?5?$AA?$CF?$AAs?$AA?5?$AA?$CF?$AAd?$AA?$AA@ 0000000180001750     TmpClass.obj
 0001:00000780       ??_C@_1BE@BNONMOPA@?$AA?2?$AA?2?$AA?4?$AA?2?$AAc?$AAd?$AAr?$AAo?$AAm?$AA?$AA@ 0000000180001780     TmpClass.obj
 0001:00000798       ??_C@_1CE@JKDBMIKG@?$AA?2?$AA?2?$AA?4?$AA?2?$AAP?$AAh?$AAy?$AAs?$AAi?$AAc?$AAa?$AAl?$AAD?$AAr?$AAi?$AAv?$AAe?$AA?$AA@ 0000000180001798     TmpClass.obj
 0001:000007c0       ??_C@_19BKJMDJK@?$AA?2?$AA?2?$AA?4?$AA?2?$AA?$AA@ 00000001800017c0     TmpClass.obj
 0001:000007cc       ??_C@_13BBDEGPLJ@?$AA?$CK?$AA?$AA@ 00000001800017cc     TmpClass.obj
 0001:000007d0       ??_C@_15DDHGOCBH@?$AA?4?$AA?4?$AA?$AA@ 00000001800017d0     TmpClass.obj
 0001:000007e0       ??_C@_15JNBOKNOG@?$AA?$AN?$AA?6?$AA?$AA@ 00000001800017e0     TmpClass.obj
 0001:000007e8       ??_C@_02PCIJFNDE@?$AN?6?$AA@ 00000001800017e8     TmpClass.obj
 0001:000007f0       ??_C@_1CE@FHMHDLFC@?$AAT?$AAm?$AAp?$AAP?$AAa?$AAn?$AAe?$AAl?$AA?4?$AAS?$AAa?$AAv?$AAe?$AAL?$AAi?$AAs?$AAt?$AA?$AA@ 00000001800017f0     TmpClass.obj
 0001:00000818       ??_C@_1M@HCONLDPB@?$AAp?$AAa?$AAn?$AAe?$AAl?$AA?$AA@ 0000000180001818     TmpClass.obj
 0001:00000824       ??_C@_13JOFGPIOO@?$AA?4?$AA?$AA@ 0000000180001824     TmpClass.obj
 0001:00000828       ??_C@_19MJCDBCKE@?$AA?2?$AA?2?$AA?$DP?$AA?2?$AA?$AA@ 0000000180001828     TmpMix.obj
 0001:00000838       ??_C@_1BC@NAEGMMKI@?$AA?2?$AA?2?$AA?$DP?$AA?2?$AAU?$AAN?$AAC?$AA?2?$AA?$AA@ 0000000180001838     TmpMix.obj
 0001:00000850       ??_C@_1CC@OPFFOEHP@?$AA?$CF?$AAF?$AAA?$AAR?$AAH?$AAO?$AAM?$AAE?$AA?$CF?$AA?$DL?$AA?$CF?$AAP?$AAA?$AAT?$AAH?$AA?$CF?$AA?$AA@ 0000000180001850     TmpMix.obj
 0001:00000890       _alloca_probe              0000000180001890     chkstk.obj
 0001:00000890       __chkstk                   0000000180001890 f   chkstk.obj
 0001:000008e0       GetGlobalInfoW             00000001800018e0 f   TmpPanel.obj
 0001:00000960       SetStartupInfoW            0000000180001960 f   TmpPanel.obj
 0001:00000a00       AnalyseW                   0000000180001a00 f   TmpPanel.obj
 0001:00000a60       ExitFARW                   0000000180001a60 f   TmpPanel.obj
 0001:00000aa0       GetFindDataW               0000000180001aa0 f   TmpPanel.obj
 0001:00000ac0       GetPluginInfoW             0000000180001ac0 f   TmpPanel.obj
 0001:00000b90       GetOpenPanelInfoW          0000000180001b90 f   TmpPanel.obj
 0001:00000ba0       SetDirectoryW              0000000180001ba0 f   TmpPanel.obj
 0001:00000bc0       PutFilesW                  0000000180001bc0 f   TmpPanel.obj
 0001:00000c00       SetFindListW               0000000180001c00 f   TmpPanel.obj
 0001:00000c20       ProcessPanelEventW         0000000180001c20 f   TmpPanel.obj
 0001:00000c40       ProcessPanelInputW         0000000180001c40 f   TmpPanel.obj
 0001:00000c60       ConfigureW                 0000000180001c60 f   TmpPanel.obj
 0001:00000c70       ?ReadFileLines@@YAXPEAXKPEAPEA_WPEA_WPEAI3@Z 0000000180001c70 f   TmpPanel.obj
 0001:00001510       ClosePanelW                0000000180002510 f   TmpPanel.obj
 0001:000018a0       OpenW                      00000001800028a0 f   TmpPanel.obj
 0001:00001c70       ?GetLangString@PluginDialogBuilder@@MEAAPEB_WH@Z 0000000180002c70 f i TmpCfg.obj
 0001:00001c80       ?GetOptions@@YAXXZ         0000000180002c80 f   TmpCfg.obj
 0001:00002230       ?InitDialogItem@?$DialogBuilderBase@UFarDialogItem@@@@MEAAXPEAUFarDialogItem@@PEB_W@Z 0000000180003230 f i TmpCfg.obj
 0001:00002230       ?SaveValue@?$DialogItemBinding@UFarDialogItem@@@@UEAAXPEAUFarDialogItem@@H@Z 0000000180003230 f i TmpCfg.obj
 0001:00002240       ?TextWidth@?$DialogBuilderBase@UFarDialogItem@@@@MEAAHAEBUFarDialogItem@@@Z 0000000180003240 f i TmpCfg.obj
 0001:00002250       ?DoShowDialog@?$DialogBuilderBase@UFarDialogItem@@@@MEAA_JXZ 0000000180003250 f i TmpCfg.obj
 0001:00002260       ?AddIntEditField@?$DialogBuilderBase@UFarDialogItem@@@@UEAAPEAUFarDialogItem@@PEAHH@Z 0000000180003260 f i TmpCfg.obj
 0001:00002260       ?CreateRadioButtonBinding@?$DialogBuilderBase@UFarDialogItem@@@@MEAAPEAU?$DialogItemBinding@UFarDialogItem@@@@PEAH@Z 0000000180003260 f i TmpCfg.obj
 0001:00002260       ?AddUIntEditField@?$DialogBuilderBase@UFarDialogItem@@@@UEAAPEAUFarDialogItem@@PEAIH@Z 0000000180003260 f i TmpCfg.obj
 0001:00002260       ?GetLangString@?$DialogBuilderBase@UFarDialogItem@@@@MEAAPEB_WH@Z 0000000180003260 f i TmpCfg.obj
 0001:00002260       ?CreateCheckBoxBinding@?$DialogBuilderBase@UFarDialogItem@@@@MEAAPEAU?$DialogItemBinding@UFarDialogItem@@@@PEAHH@Z 0000000180003260 f i TmpCfg.obj
 0001:00002270       ??1?$DialogBuilderBase@UFarDialogItem@@@@MEAA@XZ 0000000180003270 f i TmpCfg.obj
 0001:000022f0       ??_G?$DialogBuilderBase@UFarDialogItem@@@@MEAAPEAXI@Z 00000001800032f0 f i TmpCfg.obj
 0001:000022f0       ??_E?$DialogBuilderBase@UFarDialogItem@@@@MEAAPEAXI@Z 00000001800032f0 f i TmpCfg.obj
 0001:00002320       ?ReallocDialogItems@?$DialogBuilderBase@UFarDialogItem@@@@IEAAXXZ 0000000180003320 f i TmpCfg.obj
 0001:00002440       ?ItemWidth@?$DialogBuilderBase@UFarDialogItem@@@@IEAA_JAEBUFarDialogItem@@@Z 0000000180003440 f i TmpCfg.obj
 0001:000024e0       ?SaveValues@?$DialogBuilderBase@UFarDialogItem@@@@IEAAXXZ 00000001800034e0 f i TmpCfg.obj
 0001:00002580       ?MaxTextWidth@?$DialogBuilderBase@UFarDialogItem@@@@IEAA_JXZ 0000000180003580 f i TmpCfg.obj
 0001:000026a0       ?SaveValue@PluginEditFieldBinding@@UEAAXPEAUFarDialogItem@@H@Z 00000001800036a0 f i TmpCfg.obj
 0001:000026e0       ?InitDialogItem@PluginDialogBuilder@@MEAAXPEAUFarDialogItem@@PEB_W@Z 00000001800036e0 f i TmpCfg.obj
 0001:00002710       ?TextWidth@PluginDialogBuilder@@MEAAHAEBUFarDialogItem@@@Z 0000000180003710 f i TmpCfg.obj
 0001:00002720       ?DoShowDialog@PluginDialogBuilder@@MEAA_JXZ 0000000180003720 f i TmpCfg.obj
 0001:000027d0       ?SaveValue@PluginCheckBoxBinding@@UEAAXPEAUFarDialogItem@@H@Z 00000001800037d0 f i TmpCfg.obj
 0001:00002830       ?SaveValue@PluginRadioButtonBinding@@UEAAXPEAUFarDialogItem@@H@Z 0000000180003830 f i TmpCfg.obj
 0001:00002880       ??0PluginIntEditFieldBinding@@QEAA@AEBUPluginStartupInfo@@PEAPEAXHPEAHH@Z 0000000180003880 f i TmpCfg.obj
 0001:00002940       ?SaveValue@PluginIntEditFieldBinding@@UEAAXPEAUFarDialogItem@@H@Z 0000000180003940 f i TmpCfg.obj
 0001:00002990       ??0PluginUIntEditFieldBinding@@QEAA@AEBUPluginStartupInfo@@PEAPEAXHPEAIH@Z 0000000180003990 f i TmpCfg.obj
 0001:00002a50       ?SaveValue@PluginUIntEditFieldBinding@@UEAAXPEAUFarDialogItem@@H@Z 0000000180003a50 f i TmpCfg.obj
 0001:00002aa0       ?CreateCheckBoxBinding@PluginDialogBuilder@@MEAAPEAU?$DialogItemBinding@UFarDialogItem@@@@PEAHH@Z 0000000180003aa0 f i TmpCfg.obj
 0001:00002b20       ?CreateRadioButtonBinding@PluginDialogBuilder@@MEAAPEAU?$DialogItemBinding@UFarDialogItem@@@@PEAH@Z 0000000180003b20 f i TmpCfg.obj
 0001:00002b90       ??_GPluginDialogBuilder@@UEAAPEAXI@Z 0000000180003b90 f i TmpCfg.obj
 0001:00002b90       ??_EPluginDialogBuilder@@UEAAPEAXI@Z 0000000180003b90 f i TmpCfg.obj
 0001:00002be0       ?EndColumns@?$DialogBuilderBase@UFarDialogItem@@@@QEAAXXZ 0000000180003be0 f i TmpCfg.obj
 0001:00002d20       ?AddButtons@?$DialogBuilderBase@UFarDialogItem@@@@QEAAXHPEBHHH@Z 0000000180003d20 f i TmpCfg.obj
 0001:00002e70       ?UpdateBorderSize@?$DialogBuilderBase@UFarDialogItem@@@@IEAAXXZ 0000000180003e70 f i TmpCfg.obj
 0001:00002f30       ??_GPluginUIntEditFieldBinding@@UEAAPEAXI@Z 0000000180003f30 f i TmpCfg.obj
 0001:00002f30       ??_GPluginIntEditFieldBinding@@UEAAPEAXI@Z 0000000180003f30 f i TmpCfg.obj
 0001:00002f30       ??_G?$DialogItemBinding@UFarDialogItem@@@@UEAAPEAXI@Z 0000000180003f30 f i TmpCfg.obj
 0001:00002f30       ??_EPluginRadioButtonBinding@@UEAAPEAXI@Z 0000000180003f30 f i TmpCfg.obj
 0001:00002f30       ??_EPluginEditFieldBinding@@UEAAPEAXI@Z 0000000180003f30 f i TmpCfg.obj
 0001:00002f30       ??_E?$DialogItemBinding@UFarDialogItem@@@@UEAAPEAXI@Z 0000000180003f30 f i TmpCfg.obj
 0001:00002f30       ??_EPluginIntEditFieldBinding@@UEAAPEAXI@Z 0000000180003f30 f i TmpCfg.obj
 0001:00002f30       ??_GPluginEditFieldBinding@@UEAAPEAXI@Z 0000000180003f30 f i TmpCfg.obj
 0001:00002f30       ??_EPluginCheckBoxBinding@@UEAAPEAXI@Z 0000000180003f30 f i TmpCfg.obj
 0001:00002f30       ??_GPluginCheckBoxBinding@@UEAAPEAXI@Z 0000000180003f30 f i TmpCfg.obj
 0001:00002f30       ??_EPluginUIntEditFieldBinding@@UEAAPEAXI@Z 0000000180003f30 f i TmpCfg.obj
 0001:00002f30       ??_GPluginRadioButtonBinding@@UEAAPEAXI@Z 0000000180003f30 f i TmpCfg.obj
 0001:00002f60       ?AddIntEditField@PluginDialogBuilder@@UEAAPEAUFarDialogItem@@PEAHH@Z 0000000180003f60 f i TmpCfg.obj
 0001:00003070       ?AddUIntEditField@PluginDialogBuilder@@UEAAPEAUFarDialogItem@@PEAIH@Z 0000000180004070 f i TmpCfg.obj
 0001:00003180       ?Config@@YAHXZ             0000000180004180 f   TmpCfg.obj
 0001:00005220       ?Alloc@SimpleString@@AEAAX_K@Z 0000000180006220 f i TmpClass.obj
 0001:00005290       ??0SimpleString@@QEAA@PEB_W_K@Z 0000000180006290 f i TmpClass.obj
 0001:00005340       ?Inflate@SimpleString@@QEAAX_K@Z 0000000180006340 f i TmpClass.obj
 0001:00005390       ??1TmpPanel@@QEAA@XZ       0000000180006390 f   TmpClass.obj
 0001:000053b0       ?GetOpenPanelInfo@TmpPanel@@QEAAXPEAUOpenPanelInfo@@@Z 00000001800063b0 f   TmpClass.obj
 0001:000055a0       ?SetDirectory@TmpPanel@@QEAAHPEB_W_K@Z 00000001800065a0 f   TmpClass.obj
 0001:00005600       ?PutDirectoryContents@TmpPanel@@QEAAHPEB_W@Z 0000000180006600 f   TmpClass.obj
 0001:00005820       ?PutOneFile@TmpPanel@@QEAAHPEB_WAEAUPluginPanelItem@@@Z 0000000180006820 f   TmpClass.obj
 0001:00005980       ?SortListCmp@@YAHPEBX0PEAX@Z 0000000180006980 f   TmpClass.obj
 0001:000059e0       ?RemoveEmptyItems@TmpPanel@@AEAAXXZ 00000001800069e0 f   TmpClass.obj
 0001:00005b10       ?SwitchToPanel@TmpPanel@@AEAAXH@Z 0000000180006b10 f   TmpClass.obj
 0001:00005be0       ?ProcessPanelSwitchMenu@TmpPanel@@AEAAXXZ 0000000180006be0 f   TmpClass.obj
 0001:00005d40       ?isDevice@@YA_NPEB_W0@Z    0000000180006d40 f i TmpClass.obj
 0001:00005dd0       ?GetFileInfoAndValidate@TmpPanel@@SA_NPEB_WPEAUPluginPanelItem@@H@Z 0000000180006dd0 f   TmpClass.obj
 0001:00006060       ?Replace@SimpleString@@QEAAAEAV1@_K0PEB_W0@Z 0000000180007060 f i TmpClass.obj
 0001:000061e0       ??0TmpPanel@@QEAA@XZ       00000001800071e0 f   TmpClass.obj
 0001:00006230       ?BeginPutFiles@TmpPanel@@QEAAPEAXXZ 0000000180007230 f   TmpClass.obj
 0001:000062e0       ?PutOneFile@TmpPanel@@QEAAHPEB_W@Z 00000001800072e0 f   TmpClass.obj
 0001:000063a0       ?FindSearchResultsPanel@TmpPanel@@AEAAXXZ 00000001800073a0 f   TmpClass.obj
 0001:00006470       ?RemoveDups@TmpPanel@@AEAAXXZ 0000000180007470 f   TmpClass.obj
 0001:00006580       ?UpdateItems@TmpPanel@@AEAAXHH@Z 0000000180007580 f   TmpClass.obj
 0001:000069c0       ?ProcessEvent@TmpPanel@@QEAAH_JPEAX@Z 00000001800079c0 f   TmpClass.obj
 0001:00006b70       ?IsCurrentFileCorrect@TmpPanel@@AEAA_NPEAPEA_W@Z 0000000180007b70 f   TmpClass.obj
 0001:00006cb0       ?ProcessRemoveKey@TmpPanel@@AEAAXXZ 0000000180007cb0 f   TmpClass.obj
 0001:00006e60       ?SaveListFile@TmpPanel@@AEAAXPEB_W@Z 0000000180007e60 f   TmpClass.obj
 0001:00007130       ?GetFindData@TmpPanel@@QEAAHPEAPEAUPluginPanelItem@@PEA_K_K@Z 0000000180008130 f   TmpClass.obj
 0001:000072c0       ?CommitPutFiles@TmpPanel@@QEAAXPEAXH@Z 00000001800082c0 f   TmpClass.obj
 0001:000072f0       ?SetFindList@TmpPanel@@QEAAHPEBUPluginPanelItem@@_K@Z 00000001800082f0 f   TmpClass.obj
 0001:00007450       ?ProcessSaveListKey@TmpPanel@@AEAAXXZ 0000000180008450 f   TmpClass.obj
 0001:000077a0       ?PutFiles@TmpPanel@@QEAAHPEAUPluginPanelItem@@_KHPEB_W_K@Z 00000001800087a0 f   TmpClass.obj
 0001:00007840       ?ProcessKey@TmpPanel@@QEAAHPEBU_INPUT_RECORD@@@Z 0000000180008840 f   TmpClass.obj
 0001:00007ba0       ?Grow@StrBuf@@QEAAX_K@Z    0000000180008ba0 f i TmpMix.obj
 0001:00007bf0       ?GetMsg@@YAPEB_WH@Z        0000000180008bf0 f   TmpMix.obj
 0001:00007c10       ?FreePanelItems@@YAXPEAUPluginPanelItem@@_K@Z 0000000180008c10 f   TmpMix.obj
 0001:00007c80       ?ParseParam@@YAPEA_WAEAPEA_W@Z 0000000180008c80 f   TmpMix.obj
 0001:00007ce0       ?WFD2FFD@@YAXAEAU_WIN32_FIND_DATAW@@AEAUPluginPanelItem@@@Z 0000000180008ce0 f   TmpMix.obj
 0001:00007d40       ?FormNtPath@@YAPEA_WPEB_WAEAVStrBuf@@@Z 0000000180008d40 f   TmpMix.obj
 0001:00007e50       ?ExpandEnvStrs@@YAPEA_WPEB_WAEAVStrBuf@@@Z 0000000180008e50 f   TmpMix.obj
 0001:00007f50       ?GetFullPath@@YAPEA_WPEB_WAEAVStrBuf@@@Z 0000000180008f50 f   TmpMix.obj
 0001:00008000       ?IsTextUTF8@@YA_NPEBD_K@Z  0000000180009000 f   TmpMix.obj
 0001:000080a0       ?GoToFile@@YAXPEB_WH@Z     00000001800090a0 f   TmpMix.obj
 0001:000082e0       ?FindListFile@@YA_NPEB_WAEAVStrBuf@@@Z 00000001800092e0 f   TmpMix.obj
 0001:00008570       free                       0000000180009570 f   libCRT64:free.obj
 0001:000085a0       malloc                     00000001800095a0 f   libCRT64:malloc.obj
 0001:000085d0       calloc                     00000001800095d0 f   libCRT64:calloc.obj
 0001:00008600       memcpy                     0000000180009600 f   libCRT64:memcpy.obj
 0001:00008630       memset                     0000000180009630 f   libCRT64:memset.obj
 0001:00008660       ??3@YAXPEAX@Z              0000000180009660 f   libCRT64:delete.obj
 0001:00008670       wcsdup                     0000000180009670 f   libCRT64:strdup.obj
 0001:000086c0       ??2@YAPEAX_K@Z             00000001800096c0 f   libCRT64:new.obj
 0001:000086d0       ??_V@YAXPEAX@Z             00000001800096d0 f   libCRT64:delete_array.obj
 0001:000086e0       ??_U@YAPEAX_K@Z            00000001800096e0 f   libCRT64:new_array.obj
 0001:000086f0       wcschr                     00000001800096f0 f   libCRT64:strchr.obj
 0001:00008710       memmove                    0000000180009710 f   libCRT64:memmove.obj
 0001:00008770       realloc                    0000000180009770 f   libCRT64:realloc.obj
 0001:00008800       wcsrchr                    0000000180009800 f   libCRT64:strrchr.obj
 0001:00008830       memcmp                     0000000180009830 f   libCRT64:memcmp.obj
 0001:00009224       __IMPORT_DESCRIPTOR_KERNEL32 000000018000a224     kernel32:KERNEL32.dll
 0001:00009238       __IMPORT_DESCRIPTOR_ADVAPI32 000000018000a238     advapi32:ADVAPI32.dll
 0001:0000924c       __IMPORT_DESCRIPTOR_SHELL32 000000018000a24c     shell32:SHELL32.dll
 0001:00009260       __NULL_IMPORT_DESCRIPTOR   000000018000a260     kernel32:KERNEL32.dll
 0002:00000040       ?CommonPanels@@3PAU_PluginPanels@@A 000000018000b040     TmpPanel.obj
 0002:000000e0       ?Info@@3UPluginStartupInfo@@A 000000018000b0e0     TmpPanel.obj
 0002:000001f0       ?CurrentCommonPanel@@3IA   000000018000b1f0     TmpPanel.obj
 0002:00000200       ?FSF@@3UFarStandardFunctions@@A 000000018000b200     TmpPanel.obj
 0002:000003a0       ?StartupOptCommonPanel@@3HA 000000018000b3a0     TmpCfg.obj
 0002:000003a4       ?StartupOpenFrom@@3HA      000000018000b3a4     TmpCfg.obj
 0002:000003a8       ?StartupOptFullScreenPanel@@3HA 000000018000b3a8     TmpCfg.obj
 0002:000003b0       ?Opt@@3Uoptions_s@@A       000000018000b3b0     TmpCfg.obj

 entry point at        0000:00000000

 Static symbols

 0001:00000f40       ?ReadFileList@@YAXPEA_WPEAHPEAPEAPEA_W@Z 0000000180001f40 f   TmpPanel.obj
 0001:000010a0       ?ProcessList@@YAXPEAXPEA_WH@Z 00000001800020a0 f   TmpPanel.obj
 0001:00001190       ?ShowMenuFromList@@YAXPEA_W@Z 0000000180002190 f   TmpPanel.obj
 0001:00001540       ?OpenPanelFromOutput@@YAPEAXPEA_W@Z 0000000180002540 f   TmpPanel.obj
