 ConEmuLn

 Timestamp is 572a857e (Thu May 05 02:27:58 2016)

 Preferred load address is 10000000

 Start         Length     Name                   Class
 0001:00000000 0000ae3aH .text                   CODE
 0002:00000000 00000164H .idata$5                DATA
 0002:00000164 00000004H .CRT$XCA                DATA
 0002:00000168 00000004H .CRT$XCZ                DATA
 0002:0000016c 00000004H .CRT$XIA                DATA
 0002:00000170 0000000cH .CRT$XIC                DATA
 0002:0000017c 00000004H .CRT$XIZ                DATA
 0002:00000180 00000004H .CRT$XPA                DATA
 0002:00000184 00000004H .CRT$XPZ                DATA
 0002:00000188 00000004H .CRT$XTA                DATA
 0002:0000018c 00000004H .CRT$XTZ                DATA
 0002:00000190 000016b0H .rdata                  DATA
 0002:00001840 00000010H .rdata$sxdata           DATA
 0002:00001850 00000004H .rtc$IAA                DATA
 0002:00001854 00000004H .rtc$IZZ                DATA
 0002:00001858 00000004H .rtc$TAA                DATA
 0002:0000185c 00000004H .rtc$TZZ                DATA
 0002:00001860 000002acH .xdata$x                DATA
 0002:00001b0c 00000064H .idata$2                DATA
 0002:00001b70 00000014H .idata$3                DATA
 0002:00001b84 00000164H .idata$4                DATA
 0002:00001ce8 000005feH .idata$6                DATA
 0002:000022f0 0000018bH .edata                  DATA
 0003:00000000 00000d60H .data                   DATA
 0003:00000d60 00008bc4H .bss                    DATA
 0004:00000000 00000058H .rsrc$01                DATA
 0004:00000060 000002e8H .rsrc$02                DATA

  Address         Publics by Value              Rva+Base       Lib:Object

 0000:00000000       __except_list              00000000     <absolute>
 0000:00000004       ___safe_se_handler_count   00000004     <absolute>
 0000:00000000       ___ImageBase               10000000     <linker-defined>
 0001:0000007f       _GetMinFarVersionW@0       1000107f f   ConEmuLn.obj
 0001:00000085       ?GetPluginInfoWcmn@@YGXPAX@Z 10001085 f   ConEmuLn.obj
 0001:000001df       ?PaintLines@@YIXPAUHDC__@@KHHHHH@Z 100011df f   ConEmuLn.obj
 0001:000002a9       ?PaintBack@@YIXPAUHDC__@@KUtagRECT@@@Z 100012a9 f   ConEmuLn.obj
 0001:000002cf       ?PaintConEmuBackground@@YGHPAUPaintBackgroundArg@@@Z 100012cf f   ConEmuLn.obj
 0001:00000529       ?SettingsLoad@@YIXXZ       10001529 f   ConEmuLn.obj
 0001:0000056b       ?SettingsLoadReg@@YIXPB_W@Z 1000156b f   ConEmuLn.obj
 0001:0000062d       ?SettingsSave@@YIXXZ       1000162d f   ConEmuLn.obj
 0001:00000665       ?SettingsSaveReg@@YIXPB_W@Z 10001665 f   ConEmuLn.obj
 0001:000006e7       ?StartPlugin@@YIXH@Z       100016e7 f   ConEmuLn.obj
 0001:00000839       ?ExitPlugin@@YIXXZ         10001839 f   ConEmuLn.obj
 0001:0000087a       _ExitFARW@0                1000187a f   ConEmuLn.obj
 0001:000008a1       ?ExitFARW3@@YGXPAX@Z       100018a1 f   ConEmuLn.obj
 0001:000008cf       ?GetMsgW@@YIPB_WH@Z        100018cf f   ConEmuLn.obj
 0001:00000908       _ConfigureW@4              10001908 f   ConEmuLn.obj
 0001:0000094a       ?ConfigureW3@@YGHPAX@Z     1000194a f   ConEmuLn.obj
 0001:0000098a       ?OpenPluginWcmn@@YIPAXHH@Z 1000198a f   ConEmuLn.obj
 0001:000009b6       ?OpenW@@YGPAXPBX@Z         100019b6 f   ConEmuLn.obj
 0001:000009db       ?StringCchCopyW@@YGJPA_WIPB_W@Z 100019db f i ConEmuLn.obj
 0001:00000a0d       ?StringCchCatW@@YGJPA_WIPB_W@Z 10001a0d f i ConEmuLn.obj
 0001:00000ce4       ?LoadFarVersion@@YIHXZ     10001ce4 f   ConEmuLn.obj
 0001:00000d2f       _SetStartupInfoW@4         10001d2f f   ConEmuLn.obj
 0001:00000d85       ?OnConEmuLoaded@@YGXPAUConEmuLoadedArg@@@Z 10001d85 f   ConEmuLn.obj
 0001:00000db1       _DllMain@12                10001db1 f   ConEmuLn.obj
 0001:00000e02       ?GetPluginInfoW995@@YIXPAX@Z 10001e02 f   ConEmuLn995.obj
 0001:00000e53       ?SetStartupInfoW995@@YIXPAX@Z 10001e53 f   ConEmuLn995.obj
 0001:00000fb0       _OpenPluginW@8             10001fb0 f   ConEmuLn995.obj
 0001:00000fce       ?ExitFARW995@@YIXXZ        10001fce f   ConEmuLn995.obj
 0001:0000102a       ?GetMsgW995@@YIPB_WH@Z     1000202a f   ConEmuLn995.obj
 0001:000018cf       ?ConfigureW995@@YIHH@Z     100028cf f   ConEmuLn995.obj
 0001:000018e0       ?SettingsLoadW995@@YIXXZ   100028e0 f   ConEmuLn995.obj
 0001:000018eb       ?SettingsSaveW995@@YIXXZ   100028eb f   ConEmuLn995.obj
 0001:000018f6       ?GetPluginInfoW1900@@YIXPAX@Z 100028f6 f   ConEmuLn1900.obj
 0001:00001957       ?SetStartupInfoW1900@@YIXPAX@Z 10002957 f   ConEmuLn1900.obj
 0001:00001a50       ?OpenW2800@@YGPAXPBX@Z     10002a50 f   ConEmuLn2800.obj
 0001:00001a50       ?OpenW1900@@YGPAXPBX@Z     10002a50 f   ConEmuLn1900.obj
 0001:00001a6f       ?ExitFARW1900@@YIXXZ       10002a6f f   ConEmuLn1900.obj
 0001:00001ab5       ?GetMsgW1900@@YIPB_WH@Z    10002ab5 f   ConEmuLn1900.obj
 0001:000023e4       ?ConfigureW1900@@YIHH@Z    100033e4 f   ConEmuLn1900.obj
 0001:000023f5       ?SettingsLoadW1900@@YIXXZ  100033f5 f   ConEmuLn1900.obj
 0001:000024e6       ?SettingsSaveW1900@@YIXXZ  100034e6 f   ConEmuLn1900.obj
 0001:000025af       _GetGlobalInfoW@4          100035af f   ConEmuLn2800.obj
 0001:00002642       ?GetPluginInfoW2800@@YIXPAX@Z 10003642 f   ConEmuLn2800.obj
 0001:000026a3       ?SetStartupInfoW2800@@YIXPAX@Z 100036a3 f   ConEmuLn2800.obj
 0001:0000279c       ?ExitFARW2800@@YIXXZ       1000379c f   ConEmuLn2800.obj
 0001:000027e2       ?GetMsgW2800@@YIPB_WH@Z    100037e2 f   ConEmuLn2800.obj
 0001:0000313e       ?ConfigureW2800@@YIHH@Z    1000413e f   ConEmuLn2800.obj
 0001:0000314f       ?SettingsLoadW2800@@YIXXZ  1000414f f   ConEmuLn2800.obj
 0001:0000322f       ?SettingsSaveW2800@@YIXXZ  1000422f f   ConEmuLn2800.obj
 0001:000032ee       _GetMinFarVersion@0        100042ee f   ConEmuLnA.obj
 0001:0000331d       _SetStartupInfo@4          1000431d f   ConEmuLnA.obj
 0001:000034a6       _GetPluginInfo@4           100044a6 f   ConEmuLnA.obj
 0001:0000350f       _ExitFAR@0                 1000450f f   ConEmuLnA.obj
 0001:00003e99       _Configure@4               10004e99 f   ConEmuLnA.obj
 0001:00003eae       _OpenPlugin@8              10004eae f   ConEmuLnA.obj
 0001:00003ec4       ?SettingsLoadA@@YIXXZ      10004ec4 f   ConEmuLnA.obj
 0001:00003ecf       ?SettingsSaveA@@YIXXZ      10004ecf f   ConEmuLnA.obj
 0001:00003eda       ?HeapInitialize@@YI_NXZ    10004eda f   Memory.obj
 0001:00003f00       ?HeapDeinitialize@@YIXXZ   10004f00 f   Memory.obj
 0001:00003f18       ?xf_set_tag@@YIXPAXPBDH_N@Z 10004f18 f   Memory.obj
 0001:00003f93       ?xf_calloc@@YAPAXIIPBDH@Z  10004f93 f   Memory.obj
 0001:00003fe6       ?xf_free@@YAXPAXPBDH@Z     10004fe6 f   Memory.obj
 0001:00004018       _VerQueryValueW@16         10005018 f   version:VERSION.dll
 0001:0000401e       _GetFileVersionInfoW@16    1000501e f   version:VERSION.dll
 0001:00004024       _GetFileVersionInfoSizeW@8 10005024 f   version:VERSION.dll
 0001:00004030       _strrchr                   10005030 f   LIBCMT:strrchr.obj
 0001:00004060       __SEH_prolog               10005060 f   LIBCMT:sehprolg.obj
 0001:0000409b       __SEH_epilog               1000509b f   LIBCMT:sehprolg.obj
 0001:000040b4       __except_handler3          100050b4 f   LIBCMT:exsup3.obj
 0001:000041b2       __seh_longjmp_unwind@4     100051b2 f   LIBCMT:exsup3.obj
 0001:000041d0       _memset                    100051d0 f   LIBCMT:memset.obj
 0001:00004260       _strchr                    10005260 f   LIBCMT:strchr.obj
 0001:00004266       ___from_strstr_to_strchr   10005266     LIBCMT:strchr.obj
 0001:00004320       _memmove                   10005320 f   LIBCMT:memmove.obj
 0001:00004685       ??0_LocaleUpdate@@QAE@PAUlocaleinfo_struct@@@Z 10005685 f i LIBCMT:wcstol.obj
 0001:00004906       _wcstoul                   10005906 f   LIBCMT:wcstol.obj
 0001:00004b61       _strtol                    10005b61 f   LIBCMT:strtol.obj
 0001:00004b8c       _strtoul                   10005b8c f   LIBCMT:strtol.obj
 0001:00004bc0       __alloca_probe             10005bc0     LIBCMT:chkstk.obj
 0001:00004bc0       __chkstk                   10005bc0 f   LIBCMT:chkstk.obj
 0001:00004beb       __CRT_INIT@12              10005beb f   LIBCMT:dllcrt0.obj
 0001:00004e16       __DllMainCRTStartup@12     10005e16 f   LIBCMT:dllcrt0.obj
 0001:00004e39       _CallDestructExceptionObject 10005e39 f   LIBCMT:calldtor.obj
 0001:00004e74       __global_unwind2           10005e74 f   LIBCMT:exsup.obj
 0001:00004ed9       __local_unwind2            10005ed9 f   LIBCMT:exsup.obj
 0001:00004f5d       __abnormal_termination     10005f5d f   LIBCMT:exsup.obj
 0001:00004f80       __NLG_Notify1              10005f80 f   LIBCMT:exsup.obj
 0001:00004f89       __NLG_Notify               10005f89 f   LIBCMT:exsup.obj
 0001:00004fa0       __NLG_Dispatch2            10005fa0     LIBCMT:exsup.obj
 0001:00004fa0       __NLG_Dispatch             10005fa0     LIBCMT:exsup.obj
 0001:00004fa8       __NLG_Call                 10005fa8 f   LIBCMT:exsup.obj
 0001:00004faa       __NLG_Return2              10005faa     LIBCMT:exsup.obj
 0001:00005070       __ValidateEH3RN            10006070 f   LIBCMT:eh3valid.obj
 0001:00005410       __VEC_memzero              10006410 f   LIBCMT:p4_memset.obj
 0001:000054ef       __get_sse2_info            100064ef f   LIBCMT:cpu_disp.obj
 0001:00005551       ___sse2_available_init     10006551 f   LIBCMT:cpu_disp.obj
 0001:000055e5       __VEC_memcpy               100065e5 f   LIBCMT:p4_memcpy.obj
 0001:000058ee       ___updatetmbcinfo          100068ee f   LIBCMT:mbctype.obj
 0001:00005a0e       __setmbcp_nolock           10006a0e f   LIBCMT:mbctype.obj
 0001:00005bf3       __setmbcp                  10006bf3 f   LIBCMT:mbctype.obj
 0001:00005d8d       ___initmbctable            10006d8d f   LIBCMT:mbctype.obj
 0001:00005dab       ___freetlocinfo            10006dab f   LIBCMT:setlocal.obj
 0001:00005ef4       ___addlocaleref            10006ef4 f   LIBCMT:setlocal.obj
 0001:00005f83       ___removelocaleref         10006f83 f   LIBCMT:setlocal.obj
 0001:0000605a       ___updatetlocinfo          1000705a f   LIBCMT:setlocal.obj
 0001:000060d0       __encode_pointer           100070d0 f   LIBCMT:tidtable.obj
 0001:00006142       __encoded_null             10007142 f   LIBCMT:tidtable.obj
 0001:0000614b       __decode_pointer           1000714b f   LIBCMT:tidtable.obj
 0001:000061bd       ___crtTlsAlloc@4           100071bd f   LIBCMT:tidtable.obj
 0001:000061c6       ___set_flsgetvalue         100071c6 f   LIBCMT:tidtable.obj
 0001:000061fa       __mtterm                   100071fa f   LIBCMT:tidtable.obj
 0001:00006237       __initptd                  10007237 f   LIBCMT:tidtable.obj
 0001:0000631e       __getptd_noexit            1000731e f   LIBCMT:tidtable.obj
 0001:00006397       __getptd                   10007397 f   LIBCMT:tidtable.obj
 0001:000063b1       __freefls@4                100073b1 f   LIBCMT:tidtable.obj
 0001:000064e0       __freeptd                  100074e0 f   LIBCMT:tidtable.obj
 0001:0000654e       __mtinit                   1000754e f   LIBCMT:tidtable.obj
 0001:000066db       __wchartodigit             100076db f   LIBCMT:wchtodig.obj
 0001:000068b6       __iswctype_l               100078b6 f   LIBCMT:iswctype.obj
 0001:00006940       __initp_misc_invarg        10007940 f   LIBCMT:invarg.obj
 0001:0000694f       __invoke_watson            1000794f f   LIBCMT:invarg.obj
 0001:00006a77       __invalid_parameter        10007a77 f   LIBCMT:invarg.obj
 0001:00006a9d       __get_errno_from_oserr     10007a9d f   LIBCMT:dosmap.obj
 0001:00006adf       __errno                    10007adf f   LIBCMT:dosmap.obj
 0001:00006af2       __isctype_l                10007af2 f   LIBCMT:isctype.obj
 0001:00006baa       _free                      10007baa f   LIBCMT:free.obj
 0001:00006c38       __malloc_crt               10007c38 f   LIBCMT:crtheap.obj
 0001:00006c7d       __calloc_crt               10007c7d f   LIBCMT:crtheap.obj
 0001:00006cc9       __realloc_crt              10007cc9 f   LIBCMT:crtheap.obj
 0001:00006d17       __crt_waiting_on_module_handle 10007d17 f   LIBCMT:crt0dat.obj
 0001:00006d47       __amsg_exit                10007d47 f   LIBCMT:crt0dat.obj
 0001:00006d70       ___crtCorExitProcess       10007d70 f   LIBCMT:crt0dat.obj
 0001:00006d9b       ___crtExitProcess          10007d9b f   LIBCMT:crt0dat.obj
 0001:00006db3       __lockexit                 10007db3 f   LIBCMT:crt0dat.obj
 0001:00006dbc       __unlockexit               10007dbc f   LIBCMT:crt0dat.obj
 0001:00006de2       __initterm_e               10007de2 f   LIBCMT:crt0dat.obj
 0001:00006e06       __cinit                    10007e06 f   LIBCMT:crt0dat.obj
 0001:00006fb7       __exit                     10007fb7 f   LIBCMT:crt0dat.obj
 0001:00006fcd       __cexit                    10007fcd f   LIBCMT:crt0dat.obj
 0001:00006fdc       __init_pointers            10007fdc f   LIBCMT:crt0dat.obj
 0001:0000702a       __ioinit                   1000802a f   LIBCMT:ioinit.obj
 0001:0000727e       __ioterm                   1000827e f   LIBCMT:ioinit.obj
 0001:000072cc       __setenvp                  100082cc f   LIBCMT:stdenvp.obj
 0001:00007544       __setargv                  10008544 f   LIBCMT:stdargv.obj
 0001:000075ff       ___crtGetEnvironmentStringsA 100085ff f   LIBCMT:a_env.obj
 0001:00007736       __RTC_Initialize           10008736 f   LIBCMT:_initsect_.obj
 0001:0000775c       __RTC_Terminate            1000875c f   LIBCMT:_initsect_.obj
 0001:00007782       __heap_init                10008782 f   LIBCMT:heapinit.obj
 0001:000077b2       __heap_term                100087b2 f   LIBCMT:heapinit.obj
 0001:00007826       __initp_misc_winxfltr      10008826 f   LIBCMT:winxfltr.obj
 0001:00007827       __XcptFilter               10008827 f   LIBCMT:winxfltr.obj
 0001:00007987       ___CppXcptFilter           10008987 f   LIBCMT:winxfltr.obj
 0001:000079a8       __SEH_prolog4              100089a8 f   LIBCMT:sehprolg4.obj
 0001:000079ed       __SEH_epilog4              100089ed f   LIBCMT:sehprolg4.obj
 0001:00007a10       __except_handler4          10008a10 f   LIBCMT:chandler4.obj
 0001:00007b9c       ___security_init_cookie    10008b9c f   LIBCMT:gs_support.obj
 0001:00007c40       __ValidateImageBase        10008c40 f   LIBCMT:pesect.obj
 0001:00007c80       __FindPESection            10008c80 f   LIBCMT:pesect.obj
 0001:00007cd0       __IsNonwritableInCurrentImage 10008cd0 f   LIBCMT:pesect.obj
 0001:00007d8d       @__security_check_cookie@4 10008d8d f   LIBCMT:secchk.obj
 0001:00007d9c       __freea                    10008d9c f i LIBCMT:a_map.obj
 0001:00008161       ___crtLCMapStringA         10009161 f   LIBCMT:a_map.obj
 0001:00008360       ___crtGetStringTypeA       10009360 f   LIBCMT:a_str.obj
 0001:000083a2       __mtinitlocks              100093a2 f   LIBCMT:mlock.obj
 0001:000083ed       __mtdeletelocks            100093ed f   LIBCMT:mlock.obj
 0001:00008444       __unlock                   10009444 f   LIBCMT:mlock.obj
 0001:0000845b       __mtinitlocknum            1000945b f   LIBCMT:mlock.obj
 0001:0000851e       __lock                     1000951e f   LIBCMT:mlock.obj
 0001:00008551       ___free_lc_time            10009551 f   LIBCMT:inittime.obj
 0001:000086e6       ___free_lconv_num          100096e6 f   LIBCMT:initnum.obj
 0001:0000872b       ___free_lconv_mon          1000972b f   LIBCMT:initmon.obj
 0001:000087b9       _strcat_s                  100097b9 f   LIBCMT:strcat_s.obj
 0001:00008830       _strcspn                   10009830 f   LIBCMT:strcspn.obj
 0001:00008876       _strncpy_s                 10009876 f   LIBCMT:strncpy_s.obj
 0001:0000892b       _strcpy_s                  1000992b f   LIBCMT:strcpy_s.obj
 0001:000089a0       _strcmp                    100099a0 f   LIBCMT:strcmp.obj
 0001:00008a30       _memcpy                    10009a30 f   LIBCMT:memcpy.obj
 0001:00008da0       _strlen                    10009da0 f   LIBCMT:strlen.obj
 0001:00008e30       _strpbrk                   10009e30 f   LIBCMT:strpbrk.obj
 0001:00008e70       ___crtGetStringTypeW       10009e70 f   LIBCMT:w_str.obj
 0001:00008eae       __crt_debugger_hook        10009eae f   LIBCMT:dbghook.obj
 0001:00008eb6       __isleadbyte_l             10009eb6 f i LIBCMT:_wctype.obj
 0001:00008eee       ___sbh_find_block          10009eee f   LIBCMT:sbheap.obj
 0001:00008f1e       ___sbh_free_block          10009f1e f   LIBCMT:sbheap.obj
 0001:00009234       ___sbh_alloc_new_region    1000a234 f   LIBCMT:sbheap.obj
 0001:000092e4       ___sbh_alloc_new_group     1000a2e4 f   LIBCMT:sbheap.obj
 0001:000093ec       ___sbh_resize_block        1000a3ec f   LIBCMT:sbheap.obj
 0001:000096cd       ___sbh_alloc_block         1000a6cd f   LIBCMT:sbheap.obj
 0001:000099b2       _V6_HeapAlloc              1000a9b2 f   LIBCMT:malloc.obj
 0001:00009a01       _malloc                    1000aa01 f   LIBCMT:malloc.obj
 0001:00009acb       __calloc_impl              1000aacb f   LIBCMT:calloc_impl.obj
 0001:00009be9       _realloc                   1000abe9 f   LIBCMT:realloc.obj
 0001:00009e04       __NMSG_WRITE               1000ae04 f   LIBCMT:crt0msg.obj
 0001:00009faf       __FF_MSGBANNER             1000afaf f   LIBCMT:crt0msg.obj
 0001:0000a0a4       ___onexitinit              1000b0a4 f   LIBCMT:onexit.obj
 0001:0000a0d5       __onexit                   1000b0d5 f   LIBCMT:onexit.obj
 0001:0000a111       _atexit                    1000b111 f   LIBCMT:onexit.obj
 0001:0000a128       __initp_misc_cfltcvt_tab   1000b128 f   LIBCMT:cmiscdat.obj
 0001:0000a149       ?terminate@@YAXXZ          1000b149 f   LIBCMT:hooks.obj
 0001:0000a182       __initp_eh_hooks           1000b182 f   LIBCMT:hooks.obj
 0001:0000a193       __initp_misc_winsig        1000b193 f   LIBCMT:winsig.obj
 0001:0000a1e8       ___get_sigabrt             1000b1e8 f   LIBCMT:winsig.obj
 0001:0000a1f5       _raise                     1000b1f5 f   LIBCMT:winsig.obj
 0001:0000a3a5       __initp_misc_rand_s        1000b3a5 f   LIBCMT:rand_s.obj
 0001:0000a3b4       __initp_misc_purevirt      1000b3b4 f   LIBCMT:inithelp.obj
 0001:0000a3c3       __initp_misc_initcrit      1000b3c3 f   LIBCMT:initcrit.obj
 0001:0000a3d2       ___crtInitCritSecAndSpinCount 1000b3d2 f   LIBCMT:initcrit.obj
 0001:0000a432       __initp_heap_handler       1000b432 f   LIBCMT:handler.obj
 0001:0000a441       __callnewh                 1000b441 f   LIBCMT:handler.obj
 0001:0000a4bc       __ismbblead                1000b4bc f   LIBCMT:ismbbyte.obj
 0001:0000a4d4       __local_unwind4            1000b4d4 f   LIBCMT:exsup4.obj
 0001:0000a5aa       __seh_longjmp_unwind4@4    1000b5aa f   LIBCMT:exsup4.obj
 0001:0000a5c6       @_EH4_CallFilterFunc@8     1000b5c6 f   LIBCMT:exsup4.obj
 0001:0000a5dd       @_EH4_TransferToHandler@8  1000b5dd f   LIBCMT:exsup4.obj
 0001:0000a5f6       @_EH4_GlobalUnwind@4       1000b5f6 f   LIBCMT:exsup4.obj
 0001:0000a610       @_EH4_LocalUnwind@16       1000b610 f   LIBCMT:exsup4.obj
 0001:0000a627       ___report_gsfailure        1000b627 f   LIBCMT:gs_report.obj
 0001:0000a72d       ___ansicp                  1000b72d f   LIBCMT:convrtcp.obj
 0001:0000a776       ___convertcp               1000b776 f   LIBCMT:convrtcp.obj
 0001:0000a930       __alloca_probe_16          1000b930 f   LIBCMT:alloca16.obj
 0001:0000a946       __alloca_probe_8           1000b946     LIBCMT:alloca16.obj
 0001:0000a95c       _atol                      1000b95c f   LIBCMT:atox.obj
 0001:0000a972       __msize                    1000b972 f   LIBCMT:msize.obj
 0001:0000aa15       ___crtMessageBoxA          1000ba15 f   LIBCMT:crtmbox.obj
 0001:0000ab7e       __set_error_mode           1000bb7e f   LIBCMT:errmode.obj
 0001:0000abc9       __fptrap                   1000bbc9 f   LIBCMT:crt0fp.obj
 0001:0000abd2       _abort                     1000bbd2 f   LIBCMT:abort.obj
 0001:0000acf0       ___ascii_strnicmp          1000bcf0 f   LIBCMT:_strnicm.obj
 0001:0000ad60       __aulldvrm                 1000bd60 f   LIBCMT:ulldvrm.obj
 0001:0000ae00       __allmul                   1000be00 f   LIBCMT:llmul.obj
 0001:0000ae34       _RtlUnwind@16              1000be34 f   kernel32:KERNEL32.dll
 0002:00000000       __imp__RegSetValueExW@24   1000c000     advapi32:ADVAPI32.dll
 0002:00000004       __imp__RegOpenKeyExW@20    1000c004     advapi32:ADVAPI32.dll
 0002:00000008       __imp__RegQueryValueExW@24 1000c008     advapi32:ADVAPI32.dll
 0002:0000000c       __imp__RegCloseKey@4       1000c00c     advapi32:ADVAPI32.dll
 0002:00000010       __imp__RegCreateKeyExW@36  1000c010     advapi32:ADVAPI32.dll
 0002:00000014       \177ADVAPI32_NULL_THUNK_DATA 1000c014     advapi32:ADVAPI32.dll
 0002:00000018       __imp__SelectObject@8      1000c018     gdi32:GDI32.dll
 0002:0000001c       __imp__CreateSolidBrush@4  1000c01c     gdi32:GDI32.dll
 0002:00000020       __imp__MoveToEx@16         1000c020     gdi32:GDI32.dll
 0002:00000024       __imp__LineTo@12           1000c024     gdi32:GDI32.dll
 0002:00000028       __imp__DeleteObject@4      1000c028     gdi32:GDI32.dll
 0002:0000002c       __imp__CreatePen@12        1000c02c     gdi32:GDI32.dll
 0002:00000030       \177GDI32_NULL_THUNK_DATA  1000c030     gdi32:GDI32.dll
 0002:00000034       __imp__GetModuleFileNameW@12 1000c034     kernel32:KERNEL32.dll
 0002:00000038       __imp__lstrcpynW@12        1000c038     kernel32:KERNEL32.dll
 0002:0000003c       __imp__MultiByteToWideChar@24 1000c03c     kernel32:KERNEL32.dll
 0002:00000040       __imp__lstrlenA@4          1000c040     kernel32:KERNEL32.dll
 0002:00000044       __imp__lstrcpyA@8          1000c044     kernel32:KERNEL32.dll
 0002:00000048       __imp__HeapCreate@12       1000c048     kernel32:KERNEL32.dll
 0002:0000004c       __imp__HeapDestroy@4       1000c04c     kernel32:KERNEL32.dll
 0002:00000050       __imp__HeapAlloc@12        1000c050     kernel32:KERNEL32.dll
 0002:00000054       __imp__lstrcpyW@8          1000c054     kernel32:KERNEL32.dll
 0002:00000058       __imp__HeapSize@12         1000c058     kernel32:KERNEL32.dll
 0002:0000005c       __imp__HeapFree@12         1000c05c     kernel32:KERNEL32.dll
 0002:00000060       __imp__lstrlenW@4          1000c060     kernel32:KERNEL32.dll
 0002:00000064       __imp__VirtualProtect@16   1000c064     kernel32:KERNEL32.dll
 0002:00000068       __imp__GetLastError@0      1000c068     kernel32:KERNEL32.dll
 0002:0000006c       __imp__IsDebuggerPresent@0 1000c06c     kernel32:KERNEL32.dll
 0002:00000070       __imp__SetLastError@4      1000c070     kernel32:KERNEL32.dll
 0002:00000074       __imp__GetCurrentThreadId@0 1000c074     kernel32:KERNEL32.dll
 0002:00000078       __imp__GetTickCount@0      1000c078     kernel32:KERNEL32.dll
 0002:0000007c       __imp__HeapReAlloc@16      1000c07c     kernel32:KERNEL32.dll
 0002:00000080       __imp__lstrcpynA@12        1000c080     kernel32:KERNEL32.dll
 0002:00000084       __imp__InitializeCriticalSectionAndSpinCount@8 1000c084     kernel32:KERNEL32.dll
 0002:00000088       __imp__LoadLibraryA@4      1000c088     kernel32:KERNEL32.dll
 0002:0000008c       __imp__GetCommandLineA@0   1000c08c     kernel32:KERNEL32.dll
 0002:00000090       __imp__RtlUnwind@16        1000c090     kernel32:KERNEL32.dll
 0002:00000094       __imp__VirtualQuery@12     1000c094     kernel32:KERNEL32.dll
 0002:00000098       __imp__GetCPInfo@8         1000c098     kernel32:KERNEL32.dll
 0002:0000009c       __imp__InterlockedIncrement@4 1000c09c     kernel32:KERNEL32.dll
 0002:000000a0       __imp__InterlockedDecrement@4 1000c0a0     kernel32:KERNEL32.dll
 0002:000000a4       __imp__GetACP@0            1000c0a4     kernel32:KERNEL32.dll
 0002:000000a8       __imp__GetOEMCP@0          1000c0a8     kernel32:KERNEL32.dll
 0002:000000ac       __imp__IsValidCodePage@4   1000c0ac     kernel32:KERNEL32.dll
 0002:000000b0       __imp__GetModuleHandleW@4  1000c0b0     kernel32:KERNEL32.dll
 0002:000000b4       __imp__GetProcAddress@8    1000c0b4     kernel32:KERNEL32.dll
 0002:000000b8       __imp__TlsGetValue@4       1000c0b8     kernel32:KERNEL32.dll
 0002:000000bc       __imp__TlsAlloc@0          1000c0bc     kernel32:KERNEL32.dll
 0002:000000c0       __imp__TlsSetValue@8       1000c0c0     kernel32:KERNEL32.dll
 0002:000000c4       __imp__TlsFree@4           1000c0c4     kernel32:KERNEL32.dll
 0002:000000c8       __imp__TerminateProcess@8  1000c0c8     kernel32:KERNEL32.dll
 0002:000000cc       __imp__GetCurrentProcess@0 1000c0cc     kernel32:KERNEL32.dll
 0002:000000d0       __imp__UnhandledExceptionFilter@4 1000c0d0     kernel32:KERNEL32.dll
 0002:000000d4       __imp__SetUnhandledExceptionFilter@4 1000c0d4     kernel32:KERNEL32.dll
 0002:000000d8       __imp__Sleep@4             1000c0d8     kernel32:KERNEL32.dll
 0002:000000dc       __imp__ExitProcess@4       1000c0dc     kernel32:KERNEL32.dll
 0002:000000e0       __imp__SetHandleCount@4    1000c0e0     kernel32:KERNEL32.dll
 0002:000000e4       __imp__GetStdHandle@4      1000c0e4     kernel32:KERNEL32.dll
 0002:000000e8       __imp__GetFileType@4       1000c0e8     kernel32:KERNEL32.dll
 0002:000000ec       __imp__GetStartupInfoA@4   1000c0ec     kernel32:KERNEL32.dll
 0002:000000f0       __imp__DeleteCriticalSection@4 1000c0f0     kernel32:KERNEL32.dll
 0002:000000f4       __imp__GetModuleFileNameA@12 1000c0f4     kernel32:KERNEL32.dll
 0002:000000f8       __imp__FreeEnvironmentStringsA@4 1000c0f8     kernel32:KERNEL32.dll
 0002:000000fc       __imp__GetEnvironmentStrings@0 1000c0fc     kernel32:KERNEL32.dll
 0002:00000100       __imp__FreeEnvironmentStringsW@4 1000c100     kernel32:KERNEL32.dll
 0002:00000104       __imp__WideCharToMultiByte@32 1000c104     kernel32:KERNEL32.dll
 0002:00000108       __imp__GetEnvironmentStringsW@0 1000c108     kernel32:KERNEL32.dll
 0002:0000010c       __imp__VirtualFree@12      1000c10c     kernel32:KERNEL32.dll
 0002:00000110       __imp__QueryPerformanceCounter@4 1000c110     kernel32:KERNEL32.dll
 0002:00000114       __imp__GetCurrentProcessId@0 1000c114     kernel32:KERNEL32.dll
 0002:00000118       __imp__GetSystemTimeAsFileTime@4 1000c118     kernel32:KERNEL32.dll
 0002:0000011c       __imp__LCMapStringA@24     1000c11c     kernel32:KERNEL32.dll
 0002:00000120       __imp__LCMapStringW@24     1000c120     kernel32:KERNEL32.dll
 0002:00000124       __imp__GetStringTypeA@20   1000c124     kernel32:KERNEL32.dll
 0002:00000128       __imp__GetStringTypeW@16   1000c128     kernel32:KERNEL32.dll
 0002:0000012c       __imp__LeaveCriticalSection@4 1000c12c     kernel32:KERNEL32.dll
 0002:00000130       __imp__EnterCriticalSection@4 1000c130     kernel32:KERNEL32.dll
 0002:00000134       __imp__GetLocaleInfoA@16   1000c134     kernel32:KERNEL32.dll
 0002:00000138       __imp__VirtualAlloc@16     1000c138     kernel32:KERNEL32.dll
 0002:0000013c       __imp__WriteFile@20        1000c13c     kernel32:KERNEL32.dll
 0002:00000140       \177KERNEL32_NULL_THUNK_DATA 1000c140     kernel32:KERNEL32.dll
 0002:00000144       __imp__wsprintfA           1000c144     user32:USER32.dll
 0002:00000148       __imp__FillRect@12         1000c148     user32:USER32.dll
 0002:0000014c       __imp__wsprintfW           1000c14c     user32:USER32.dll
 0002:00000150       \177USER32_NULL_THUNK_DATA 1000c150     user32:USER32.dll
 0002:00000154       __imp__GetFileVersionInfoW@16 1000c154     version:VERSION.dll
 0002:00000158       __imp__GetFileVersionInfoSizeW@8 1000c158     version:VERSION.dll
 0002:0000015c       __imp__VerQueryValueW@16   1000c15c     version:VERSION.dll
 0002:00000160       \177VERSION_NULL_THUNK_DATA 1000c160     version:VERSION.dll
 0002:00000164       ___xc_a                    1000c164     LIBCMT:crt0init.obj
 0002:00000168       ___xc_z                    1000c168     LIBCMT:crt0init.obj
 0002:0000016c       ___xi_a                    1000c16c     LIBCMT:crt0init.obj
 0002:0000017c       ___xi_z                    1000c17c     LIBCMT:crt0init.obj
 0002:00000180       ___xp_a                    1000c180     LIBCMT:crt0init.obj
 0002:00000184       ___xp_z                    1000c184     LIBCMT:crt0init.obj
 0002:00000188       ___xt_a                    1000c188     LIBCMT:crt0init.obj
 0002:0000018c       ___xt_z                    1000c18c     LIBCMT:crt0init.obj
 0002:00000190       ??_C@_0L@DJCGGOCO@ConfigureW?$AA@ 1000c190     ConEmuLn.obj
 0002:0000019c       ??_C@_08BCACMCCB@ExitFARW?$AA@ 1000c19c     ConEmuLn.obj
 0002:000001a8       ??_C@_1CA@GLKFLGCI@?$AAH?$AAi?$AAl?$AAi?$AAg?$AAh?$AAt?$AAP?$AAl?$AAu?$AAg?$AAB?$AAa?$AAc?$AAk?$AA?$AA@ 1000c1a8     ConEmuLn.obj
 0002:000001c8       ??_C@_1BO@FGCOGFB@?$AAH?$AAi?$AAl?$AAi?$AAg?$AAh?$AAt?$AAP?$AAl?$AAu?$AAg?$AAi?$AAn?$AAs?$AA?$AA@ 1000c1c8     ConEmuLn.obj
 0002:000001e8       ??_C@_1BI@PPOFOFEE@?$AAH?$AAi?$AAl?$AAi?$AAg?$AAh?$AAt?$AAT?$AAy?$AAp?$AAe?$AA?$AA@ 1000c1e8     ConEmuLn.obj
 0002:00000200       ??_C@_1CC@KGIANIMF@?$AAL?$AAi?$AAn?$AAe?$AAs?$AAV?$AAi?$AAe?$AAw?$AAe?$AAr?$AAC?$AAo?$AAl?$AAo?$AAr?$AA?$AA@ 1000c200     ConEmuLn.obj
 0002:00000224       ??_C@_1BI@IMFGPMJI@?$AAL?$AAi?$AAn?$AAe?$AAs?$AAV?$AAi?$AAe?$AAw?$AAe?$AAr?$AA?$AA@ 1000c224     ConEmuLn.obj
 0002:0000023c       ??_C@_1CC@LODMIFLF@?$AAL?$AAi?$AAn?$AAe?$AAs?$AAE?$AAd?$AAi?$AAt?$AAo?$AAr?$AAC?$AAo?$AAl?$AAo?$AAr?$AA?$AA@ 1000c23c     ConEmuLn.obj
 0002:00000260       ??_C@_1BI@DNACCAMK@?$AAL?$AAi?$AAn?$AAe?$AAs?$AAE?$AAd?$AAi?$AAt?$AAo?$AAr?$AA?$AA@ 1000c260     ConEmuLn.obj
 0002:00000278       ??_C@_1BG@FMPDIDHG@?$AAL?$AAi?$AAn?$AAe?$AAs?$AAC?$AAo?$AAl?$AAo?$AAr?$AA?$AA@ 1000c278     ConEmuLn.obj
 0002:00000290       ??_C@_1BG@GKMEIIHO@?$AAL?$AAi?$AAn?$AAe?$AAs?$AAP?$AAa?$AAn?$AAe?$AAl?$AA?$AA@ 1000c290     ConEmuLn.obj
 0002:000002a8       ??_C@_1BM@GCLEPEKO@?$AAP?$AAl?$AAu?$AAg?$AAi?$AAn?$AAE?$AAn?$AAa?$AAb?$AAl?$AAe?$AAd?$AA?$AA@ 1000c2a8     ConEmuLn.obj
 0002:000002c4       ??_C@_11LOCGONAA@?$AA?$AA@ 1000c2c4     ConEmuLn.obj
 0002:000002c8       ??_C@_1CA@GGFPMHLH@?$AA?6?$AAE?$AAr?$AAr?$AAC?$AAo?$AAd?$AAe?$AA?$DN?$AA0?$AAx?$AA?$CF?$AA0?$AA8?$AAX?$AA?$AA@ 1000c2c8     ConEmuLn.obj
 0002:000002e8       ??_C@_1EG@IINOBDEG@?$AAI?$AAn?$AAv?$AAa?$AAl?$AAi?$AAd?$AA?5?$AAa?$AAs?$AAM?$AAo?$AAd?$AAu?$AAl?$AAe?$AAP?$AAa?$AAt?$AAh?$AA?5?$AAw?$AAa?$AAs?$AA?5?$AAs?$AAp?$AAe?$AAc?$AAi?$AAf?$AAi@ 1000c2e8     ConEmuLn.obj
 0002:00000330       ??_C@_1GC@CPPHDKJK@?$AAL?$AAo?$AAa?$AAd?$AAA?$AAp?$AAp?$AAV?$AAe?$AAr?$AAs?$AAi?$AAo?$AAn?$AA?4?$AAG?$AAe?$AAt?$AAF?$AAi?$AAl?$AAe?$AAV?$AAe?$AAr?$AAs?$AAi?$AAo?$AAn?$AAI?$AAn?$AAf@ 1000c330     ConEmuLn.obj
 0002:00000398       ??_C@_1GC@BINFLBDC@?$AAL?$AAo?$AAa?$AAd?$AAA?$AAp?$AAp?$AAV?$AAe?$AAr?$AAs?$AAi?$AAo?$AAn?$AA?5?$AAf?$AAa?$AAi?$AAl?$AAe?$AAd?$AA?$CB?$AA?5?$AAC?$AAa?$AAn?$AA?8?$AAt?$AA?5?$AAa?$AAl?$AAl@ 1000c398     ConEmuLn.obj
 0002:00000400       ??_C@_1FK@HILEEFML@?$AAL?$AAo?$AAa?$AAd?$AAA?$AAp?$AAp?$AAV?$AAe?$AAr?$AAs?$AAi?$AAo?$AAn?$AA?4?$AAG?$AAe?$AAt?$AAF?$AAi?$AAl?$AAe?$AAV?$AAe?$AAr?$AAs?$AAi?$AAo?$AAn?$AAI?$AAn?$AAf@ 1000c400     ConEmuLn.obj
 0002:00000460       ??_C@_1FG@DPPGENBC@?$AAL?$AAo?$AAa?$AAd?$AAA?$AAp?$AAp?$AAV?$AAe?$AAr?$AAs?$AAi?$AAo?$AAn?$AA?4?$AAV?$AAe?$AAr?$AAQ?$AAu?$AAe?$AAr?$AAy?$AAV?$AAa?$AAl?$AAu?$AAe?$AA?$CI?$AA?$CC?$AA?2?$AA?$CC@ 1000c460     ConEmuLn.obj
 0002:000004b8       ??_C@_13FPGAJAPJ@?$AA?2?$AA?$AA@ 1000c4b8     ConEmuLn.obj
 0002:000004c0       ??_C@_0EB@MLKMDKMJ@t?3?2vcproject?2maximus5?2conemu?2src@ 1000c4c0     ConEmuLn.obj
 0002:00000508       ??_C@_1FG@LNADFPCE@?$AAL?$AAo?$AAa?$AAd?$AAF?$AAa?$AAr?$AAV?$AAe?$AAr?$AAs?$AAi?$AAo?$AAn?$AA?4?$AAG?$AAe?$AAt?$AAM?$AAo?$AAd?$AAu?$AAl?$AAe?$AAF?$AAi?$AAl?$AAe?$AAN?$AAa?$AAm?$AAe@ 1000c508     ConEmuLn.obj
 0002:00000560       ??_C@_1BE@MMJMCNIO@?$AAC?$AAo?$AAn?$AAE?$AAm?$AAu?$AAL?$AAn?$AA?2?$AA?$AA@ 1000c560     ConEmuLn995.obj
 0002:00000574       ??_C@_0BA@BDGNEAGF@ConEmuLn995?4cpp?$AA@ 1000c574     ConEmuLn995.obj
 0002:00000584       ??_C@_19OMFGMPJN@?$AA?$CF?$AA0?$AA6?$AAX?$AA?$AA@ 1000c584     ConEmuLn995.obj
 0002:00000590       ??_C@_1BC@KLDFICIN@?$AA0?$AAx?$AAX?$AAX?$AAX?$AAX?$AAX?$AAX?$AA?$AA@ 1000c590     ConEmuLn995.obj
 0002:000005a4       ??_C@_0BB@CAAHALLM@ConEmuLn1900?4cpp?$AA@ 1000c5a4     ConEmuLn1900.obj
 0002:000005b8       ??_C@_1DE@DJEAMLPH@?$AAC?$AAo?$AAn?$AAE?$AAm?$AAu?$AA?4?$AAM?$AAa?$AAx?$AAi?$AAm?$AAu?$AAs?$AA5?$AA?$EA?$AAg?$AAm?$AAa?$AAi?$AAl?$AA?4?$AAc?$AAo?$AAm?$AA?$AA@ 1000c5b8     ConEmuLn2800.obj
 0002:000005f0       ??_C@_1GC@KMIACAL@?$AAP?$AAa?$AAi?$AAn?$AAt?$AA?5?$AAu?$AAn?$AAd?$AAe?$AAr?$AAl?$AAi?$AAn?$AAe?$AAd?$AA?5?$AAb?$AAa?$AAc?$AAk?$AAg?$AAr?$AAo?$AAu?$AAn?$AAd?$AA?5?$AAi?$AAn?$AA?5?$AAt@ 1000c5f0     ConEmuLn2800.obj
 0002:00000654       ??_C@_1CE@PCHJHFGJ@?$AAC?$AAo?$AAn?$AAE?$AAm?$AAu?$AA?5?$AAU?$AAn?$AAd?$AAe?$AAr?$AAl?$AAi?$AAn?$AAe?$AAs?$AA?$AA@ 1000c654     ConEmuLn2800.obj
 0002:00000678       ??_C@_0BB@NFCADHOH@ConEmuLn2800?4cpp?$AA@ 1000c678     ConEmuLn2800.obj
 0002:0000068c       ??_C@_0O@IPFNLJGF@ConEmuLnA?4cpp?$AA@ 1000c68c     ConEmuLnA.obj
 0002:0000069c       ??_C@_04JCFDBOEJ@?$CF06X?$AA@ 1000c69c     ConEmuLnA.obj
 0002:000006a4       ??_C@_08KOICIHPP@0xXXXXXX?$AA@ 1000c6a4     ConEmuLnA.obj
 0002:000006b0       __pRawDllMain              1000c6b0     LIBCMT:dllcrt0.obj
 0002:000006b0       __pDefaultRawDllMain       1000c6b0     LIBCMT:dllcrt0.obj
 0002:00000738       ??_C@_0O@NLDKAIKN@EncodePointer?$AA@ 1000c738     LIBCMT:tidtable.obj
 0002:00000748       ??_C@_1BK@DBDEIDLH@?$AAK?$AAE?$AAR?$AAN?$AAE?$AAL?$AA3?$AA2?$AA?4?$AAD?$AAL?$AAL?$AA?$AA@ 1000c748     LIBCMT:tidtable.obj
 0002:00000764       ??_C@_0O@KBPMFGHI@DecodePointer?$AA@ 1000c764     LIBCMT:tidtable.obj
 0002:00000774       ??_C@_07PEJMOBNF@FlsFree?$AA@ 1000c774     LIBCMT:tidtable.obj
 0002:0000077c       ??_C@_0M@JCPCPOEF@FlsSetValue?$AA@ 1000c77c     LIBCMT:tidtable.obj
 0002:00000788       ??_C@_0M@GDNOONDI@FlsGetValue?$AA@ 1000c788     LIBCMT:tidtable.obj
 0002:00000794       ??_C@_08KNHFBNJ@FlsAlloc?$AA@ 1000c794     LIBCMT:tidtable.obj
 0002:000007a0       ??_C@_0P@MIGLKIOC@CorExitProcess?$AA@ 1000c7a0     LIBCMT:crt0dat.obj
 0002:000007b0       ??_C@_1BI@BGOHAHKC@?$AAm?$AAs?$AAc?$AAo?$AAr?$AAe?$AAe?$AA?4?$AAd?$AAl?$AAl?$AA?$AA@ 1000c7b0     LIBCMT:crt0dat.obj
 0002:000007c8       __XcptActTab               1000c7c8     LIBCMT:winxfltr.obj
 0002:00000840       ??_C@_13NOLLCAOD@?$AA?$AA?$AA?$AA@ 1000c840     LIBCMT:a_map.obj
 0002:00000848       ___newctype                1000c848     LIBCMT:ctype.obj
 0002:00000b48       __wctype                   1000cb48     LIBCMT:ctype.obj
 0002:00000d50       ___newclmap                1000cd50     LIBCMT:ctype.obj
 0002:00000ed0       ___newcumap                1000ced0     LIBCMT:ctype.obj
 0002:00001050       ??_C@_08JCCMCCIL@HH?3mm?3ss?$AA@ 1000d050     LIBCMT:strftime.obj
 0002:0000105c       ??_C@_0BE@CKGJFCPC@dddd?0?5MMMM?5dd?0?5yyyy?$AA@ 1000d05c     LIBCMT:strftime.obj
 0002:00001070       ??_C@_08BPBNCDIB@MM?1dd?1yy?$AA@ 1000d070     LIBCMT:strftime.obj
 0002:0000107c       ??_C@_02CJNFDJBF@PM?$AA@   1000d07c     LIBCMT:strftime.obj
 0002:00001080       ??_C@_02DEDBPAFC@AM?$AA@   1000d080     LIBCMT:strftime.obj
 0002:00001084       ??_C@_08EDHMEBNP@December?$AA@ 1000d084     LIBCMT:strftime.obj
 0002:00001090       ??_C@_08HCHEGEOA@November?$AA@ 1000d090     LIBCMT:strftime.obj
 0002:0000109c       ??_C@_07JJNFCEND@October?$AA@ 1000d09c     LIBCMT:strftime.obj
 0002:000010a4       ??_C@_09BHHEALKD@September?$AA@ 1000d0a4     LIBCMT:strftime.obj
 0002:000010b0       ??_C@_06LBBHFDDG@August?$AA@ 1000d0b0     LIBCMT:strftime.obj
 0002:000010b8       ??_C@_04MIEPOIFP@July?$AA@ 1000d0b8     LIBCMT:strftime.obj
 0002:000010c0       ??_C@_04CNLMGBGM@June?$AA@ 1000d0c0     LIBCMT:strftime.obj
 0002:000010c8       ??_C@_05DMJDNLEJ@April?$AA@ 1000d0c8     LIBCMT:strftime.obj
 0002:000010d0       ??_C@_05HPCKOFNC@March?$AA@ 1000d0d0     LIBCMT:strftime.obj
 0002:000010d8       ??_C@_08GNJGEPFN@February?$AA@ 1000d0d8     LIBCMT:strftime.obj
 0002:000010e4       ??_C@_07CGJPFGJA@January?$AA@ 1000d0e4     LIBCMT:strftime.obj
 0002:000010ec       ??_C@_03MKABNOCG@Dec?$AA@  1000d0ec     LIBCMT:strftime.obj
 0002:000010f0       ??_C@_03JPJOFNIA@Nov?$AA@  1000d0f0     LIBCMT:strftime.obj
 0002:000010f4       ??_C@_03BMAOKBAD@Oct?$AA@  1000d0f4     LIBCMT:strftime.obj
 0002:000010f8       ??_C@_03GGCAPAJC@Sep?$AA@  1000d0f8     LIBCMT:strftime.obj
 0002:000010fc       ??_C@_03IFJFEIGA@Aug?$AA@  1000d0fc     LIBCMT:strftime.obj
 0002:00001100       ??_C@_03LBGABGKK@Jul?$AA@  1000d100     LIBCMT:strftime.obj
 0002:00001104       ??_C@_03IDFGHECI@Jun?$AA@  1000d104     LIBCMT:strftime.obj
 0002:00001108       ??_C@_03CNMDKL@May?$AA@    1000d108     LIBCMT:strftime.obj
 0002:0000110c       ??_C@_03LEOLGMJP@Apr?$AA@  1000d10c     LIBCMT:strftime.obj
 0002:00001110       ??_C@_03ODNJBKGA@Mar?$AA@  1000d110     LIBCMT:strftime.obj
 0002:00001114       ??_C@_03HJBDCHOM@Feb?$AA@  1000d114     LIBCMT:strftime.obj
 0002:00001118       ??_C@_03JIHJHPIE@Jan?$AA@  1000d118     LIBCMT:strftime.obj
 0002:0000111c       ??_C@_08INBOOONO@Saturday?$AA@ 1000d11c     LIBCMT:strftime.obj
 0002:00001128       ??_C@_06JECMNKMI@Friday?$AA@ 1000d128     LIBCMT:strftime.obj
 0002:00001130       ??_C@_08HACCIKIA@Thursday?$AA@ 1000d130     LIBCMT:strftime.obj
 0002:0000113c       ??_C@_09DLIGFAKA@Wednesday?$AA@ 1000d13c     LIBCMT:strftime.obj
 0002:00001148       ??_C@_07BAAGCFCM@Tuesday?$AA@ 1000d148     LIBCMT:strftime.obj
 0002:00001150       ??_C@_06JLEDEDGH@Monday?$AA@ 1000d150     LIBCMT:strftime.obj
 0002:00001158       ??_C@_06OOPIFAJ@Sunday?$AA@ 1000d158     LIBCMT:strftime.obj
 0002:00001160       ??_C@_03FEFJNEK@Sat?$AA@   1000d160     LIBCMT:strftime.obj
 0002:00001164       ??_C@_03IDIOELNC@Fri?$AA@  1000d164     LIBCMT:strftime.obj
 0002:00001168       ??_C@_03IOFIKPDN@Thu?$AA@  1000d168     LIBCMT:strftime.obj
 0002:0000116c       ??_C@_03MHOMLAJA@Wed?$AA@  1000d16c     LIBCMT:strftime.obj
 0002:00001170       ??_C@_03NAGEINEP@Tue?$AA@  1000d170     LIBCMT:strftime.obj
 0002:00001174       ??_C@_03PDAGKDH@Mon?$AA@   1000d174     LIBCMT:strftime.obj
 0002:00001178       ??_C@_03KOEHGMDN@Sun?$AA@  1000d178     LIBCMT:strftime.obj
 0002:0000117c       ??_C@_0P@GGKDKEEG@runtime?5error?5?$AA@ 1000d17c     LIBCMT:crt0msg.obj
 0002:0000118c       ??_C@_02PCIJFNDE@?$AN?6?$AA@ 1000d18c     LIBCMT:crt0msg.obj
 0002:00001190       ??_C@_0O@MJNIPGOH@TLOSS?5error?$AN?6?$AA@ 1000d190     LIBCMT:crt0msg.obj
 0002:000011a0       ??_C@_0N@BONNPDHF@SING?5error?$AN?6?$AA@ 1000d1a0     LIBCMT:crt0msg.obj
 0002:000011b0       ??_C@_0P@MBDAJNE@DOMAIN?5error?$AN?6?$AA@ 1000d1b0     LIBCMT:crt0msg.obj
 0002:000011c0       ??_C@_0JL@DFDOOABL@R6034?$AN?6An?5application?5has?5made?5a@ 1000d1c0     LIBCMT:crt0msg.obj
 0002:00001260       ??_C@_0PH@EPAFIJ@R6033?$AN?6?9?5Attempt?5to?5use?5MSIL?5cod@ 1000d260     LIBCMT:crt0msg.obj
 0002:00001358       ??_C@_0DD@BKEEABMM@R6032?$AN?6?9?5not?5enough?5space?5for?5lo@ 1000d358     LIBCMT:crt0msg.obj
 0002:00001390       ??_C@_0GD@OFKILIED@R6031?$AN?6?9?5Attempt?5to?5initialize?5t@ 1000d390     LIBCMT:crt0msg.obj
 0002:000013f4       ??_C@_0BP@LPMHJOKI@R6030?$AN?6?9?5CRT?5not?5initialized?$AN?6?$AA@ 1000d3f4     LIBCMT:crt0msg.obj
 0002:00001414       ??_C@_0CF@KJDAIALP@R6028?$AN?6?9?5unable?5to?5initialize?5he@ 1000d414     LIBCMT:crt0msg.obj
 0002:0000143c       ??_C@_0DF@GAKBPDFP@R6027?$AN?6?9?5not?5enough?5space?5for?5lo@ 1000d43c     LIBCMT:crt0msg.obj
 0002:00001474       ??_C@_0DF@IBLNNAIG@R6026?$AN?6?9?5not?5enough?5space?5for?5st@ 1000d474     LIBCMT:crt0msg.obj
 0002:000014ac       ??_C@_0CG@IOHKGFNJ@R6025?$AN?6?9?5pure?5virtual?5function?5c@ 1000d4ac     LIBCMT:crt0msg.obj
 0002:000014d4       ??_C@_0DF@JIJJFJDC@R6024?$AN?6?9?5not?5enough?5space?5for?5_o@ 1000d4d4     LIBCMT:crt0msg.obj
 0002:0000150c       ??_C@_0CJ@EGEJHFME@R6019?$AN?6?9?5unable?5to?5open?5console?5@ 1000d50c     LIBCMT:crt0msg.obj
 0002:00001538       ??_C@_0CB@GNHNIELH@R6018?$AN?6?9?5unexpected?5heap?5error?$AN?6@ 1000d538     LIBCMT:crt0msg.obj
 0002:0000155c       ??_C@_0CN@FOLDKNG@R6017?$AN?6?9?5unexpected?5multithread?5@ 1000d55c     LIBCMT:crt0msg.obj
 0002:0000158c       ??_C@_0CM@FAHFJNHO@R6016?$AN?6?9?5not?5enough?5space?5for?5th@ 1000d58c     LIBCMT:crt0msg.obj
 0002:000015b8       ??_C@_0JG@LBKMGKLD@?$AN?6This?5application?5has?5requested@ 1000d5b8     LIBCMT:crt0msg.obj
 0002:00001650       ??_C@_0CM@FLCNIPKK@R6009?$AN?6?9?5not?5enough?5space?5for?5en@ 1000d650     LIBCMT:crt0msg.obj
 0002:0000167c       ??_C@_0CK@KMMJOAPP@R6008?$AN?6?9?5not?5enough?5space?5for?5ar@ 1000d67c     LIBCMT:crt0msg.obj
 0002:000016a8       ??_C@_0CN@LEKKICBM@R6002?$AN?6?9?5floating?5point?5support?5@ 1000d6a8     LIBCMT:crt0msg.obj
 0002:000016d8       ??_C@_0CF@GOGNBNAK@Microsoft?5Visual?5C?$CL?$CL?5Runtime?5Lib@ 1000d6d8     LIBCMT:crt0msg.obj
 0002:00001700       ??_C@_02PHMGELLB@?6?6?$AA@ 1000d700     LIBCMT:crt0msg.obj
 0002:00001704       ??_C@_03KHICJKCI@?4?4?4?$AA@ 1000d704     LIBCMT:crt0msg.obj
 0002:00001708       ??_C@_0BH@DNAGHKFM@?$DMprogram?5name?5unknown?$DO?$AA@ 1000d708     LIBCMT:crt0msg.obj
 0002:00001720       ??_C@_0BK@OFGJDLJJ@Runtime?5Error?$CB?6?6Program?3?5?$AA@ 1000d720     LIBCMT:crt0msg.obj
 0002:00001744       ___dnames                  1000d744     LIBCMT:timeset.obj
 0002:0000175c       ___mnames                  1000d75c     LIBCMT:timeset.obj
 0002:00001784       ??_C@_0BI@DFKBFLJE@GetProcessWindowStation?$AA@ 1000d784     LIBCMT:crtmbox.obj
 0002:0000179c       ??_C@_0BK@CIDNPOGP@GetUserObjectInformationA?$AA@ 1000d79c     LIBCMT:crtmbox.obj
 0002:000017b8       ??_C@_0BD@HHGDFDBJ@GetLastActivePopup?$AA@ 1000d7b8     LIBCMT:crtmbox.obj
 0002:000017cc       ??_C@_0BA@HNOPNCHB@GetActiveWindow?$AA@ 1000d7cc     LIBCMT:crtmbox.obj
 0002:000017dc       ??_C@_0M@CHKKJDAI@MessageBoxA?$AA@ 1000d7dc     LIBCMT:crtmbox.obj
 0002:000017e8       ??_C@_0L@NDEGIDAG@USER32?4DLL?$AA@ 1000d7e8     LIBCMT:crtmbox.obj
 0002:000017f8       __load_config_used         1000d7f8     LIBCMT:loadcfg.obj
 0002:00001840       ___safe_se_handler_table   1000d840     <linker-defined>
 0002:00001850       ___rtc_iaa                 1000d850     LIBCMT:_initsect_.obj
 0002:00001854       ___rtc_izz                 1000d854     LIBCMT:_initsect_.obj
 0002:00001858       ___rtc_taa                 1000d858     LIBCMT:_initsect_.obj
 0002:0000185c       ___rtc_tzz                 1000d85c     LIBCMT:_initsect_.obj
 0002:00001b0c       __IMPORT_DESCRIPTOR_KERNEL32 1000db0c     kernel32:KERNEL32.dll
 0002:00001b20       __IMPORT_DESCRIPTOR_USER32 1000db20     user32:USER32.dll
 0002:00001b34       __IMPORT_DESCRIPTOR_GDI32  1000db34     gdi32:GDI32.dll
 0002:00001b48       __IMPORT_DESCRIPTOR_ADVAPI32 1000db48     advapi32:ADVAPI32.dll
 0002:00001b5c       __IMPORT_DESCRIPTOR_VERSION 1000db5c     version:VERSION.dll
 0002:00001b70       __NULL_IMPORT_DESCRIPTOR   1000db70     kernel32:KERNEL32.dll
 0003:00000000       ?g_TerminatedThreadIdx@@3JA 1000f000     WThreads.obj
 0003:00000008       ?gbLinesColorPanel@@3HA    1000f008     ConEmuLn.obj
 0003:0000000c       ?gcrLinesColorPanel@@3KA   1000f00c     ConEmuLn.obj
 0003:00000010       ?gcrLinesColorEditor@@3KA  1000f010     ConEmuLn.obj
 0003:00000014       ?gcrLinesColorViewer@@3KA  1000f014     ConEmuLn.obj
 0003:00000018       ?gcrHilightPlugBack@@3KA   1000f018     ConEmuLn.obj
 0003:0000001c       ?Far3Func@@3PAUExportFunc@@A 1000f01c     ConEmuLn.obj
 0003:00000040       ?gSettings@@3PAUConEmuLnSettings@@A 1000f040     ConEmuLn.obj
 0003:000000f0       ?guid_ConEmuLn@@3U_GUID@@A 1000f0f0     ConEmuLn2800.obj
 0003:00000100       ?guid_ConEmuLnCfgDlg@@3U_GUID@@A 1000f100     ConEmuLn2800.obj
 0003:00000110       ?guid_ConEmuLnPluginMenu@@3U_GUID@@A 1000f110     ConEmuLn2800.obj
 0003:00000120       ?guid_ConEmuLnPluginConfig@@3U_GUID@@A 1000f120     ConEmuLn2800.obj
 0003:00000130       __NLG_Destination          1000f130     LIBCMT:exsup.obj
 0003:00000140       ___initialmbcinfo          1000f140     LIBCMT:mbctype.obj
 0003:00000360       __mbctype                  1000f360     LIBCMT:mbctype.obj
 0003:00000468       __mbcasemap                1000f468     LIBCMT:mbctype.obj
 0003:00000568       ___ptmbcinfo               1000f568     LIBCMT:mbctype.obj
 0003:00000664       ___globallocalestatus      1000f664     LIBCMT:glstatus.obj
 0003:00000668       ___clocalestr              1000f668     LIBCMT:nlsdata2.obj
 0003:00000670       ___initiallocinfo          1000f670     LIBCMT:nlsdata2.obj
 0003:00000748       ___ptlocinfo               1000f748     LIBCMT:nlsdata2.obj
 0003:0000074c       ___lc_clike                1000f74c     LIBCMT:nlsdata2.obj
 0003:00000750       ___initiallocalestructinfo 1000f750     LIBCMT:nlsdata2.obj
 0003:00000758       ___flsindex                1000f758     LIBCMT:tidtable.obj
 0003:0000075c       ___getvalueindex           1000f75c     LIBCMT:tidtable.obj
 0003:000008d0       __aexit_rtn                1000f8d0     LIBCMT:crt0dat.obj
 0003:000008d8       ___badioinfo               1000f8d8     LIBCMT:ioinit.obj
 0003:00000918       __amblksiz                 1000f918     LIBCMT:heapinit.obj
 0003:0000091c       __First_FPE_Indx           1000f91c     LIBCMT:winxfltr.obj
 0003:00000920       __Num_FPE                  1000f920     LIBCMT:winxfltr.obj
 0003:00000924       __XcptActTabSize           1000f924     LIBCMT:winxfltr.obj
 0003:00000928       __XcptActTabCount          1000f928     LIBCMT:winxfltr.obj
 0003:0000092c       ___security_cookie         1000f92c     LIBCMT:gs_cookie.obj
 0003:00000930       ___security_cookie_complement 1000f930     LIBCMT:gs_cookie.obj
 0003:00000a58       __pctype                   1000fa58     LIBCMT:ctype.obj
 0003:00000a5c       __pwctype                  1000fa5c     LIBCMT:ctype.obj
 0003:00000a60       ___lc_time_c               1000fa60     LIBCMT:strftime.obj
 0003:00000b18       ___lc_time_curr            1000fb18     LIBCMT:strftime.obj
 0003:00000b1c       ___lconv_static_decimal    1000fb1c     LIBCMT:lconv.obj
 0003:00000b20       ___lconv_c                 1000fb20     LIBCMT:lconv.obj
 0003:00000b50       ___lconv                   1000fb50     LIBCMT:lconv.obj
 0003:00000b54       ___mb_cur_max              1000fb54     LIBCMT:nlsdata1.obj
 0003:00000b58       ___decimal_point           1000fb58     LIBCMT:nlsdata1.obj
 0003:00000b5c       ___decimal_point_length    1000fb5c     LIBCMT:nlsdata1.obj
 0003:00000c18       __cfltcvt_tab              1000fc18     LIBCMT:cmiscdat.obj
 0003:00000c40       __timezone                 1000fc40     LIBCMT:timeset.obj
 0003:00000c44       __daylight                 1000fc44     LIBCMT:timeset.obj
 0003:00000c48       __dstbias                  1000fc48     LIBCMT:timeset.obj
 0003:00000cd0       __tzname                   1000fcd0     LIBCMT:timeset.obj
 0003:00000cf0       ___abort_behavior          1000fcf0     LIBCMT:abort.obj
 0003:00000cf4       __lpdays                   1000fcf4     LIBCMT:days.obj
 0003:00000d28       __days                     1000fd28     LIBCMT:days.obj
 0003:00008560       ?g_ThreadsIdx@@3JA         10017560     WThreads.obj
 0003:00008568       ?ghPluginModule@@3PAUHINSTANCE__@@A 10017568     ConEmuLn.obj
 0003:0000856c       ?gFarVersion@@3UFarVersion@@A 1001756c     ConEmuLn.obj
 0003:0000857c       ?gbInStartPlugin@@3_NA     1001757c     ConEmuLn.obj
 0003:0000857d       ?gbSetStartupInfoOk@@3_NA  1001757d     ConEmuLn.obj
 0003:00008580       ?gbBackgroundEnabled@@3HA  10017580     ConEmuLn.obj
 0003:00008584       ?gbLinesColorEditor@@3HA   10017584     ConEmuLn.obj
 0003:00008588       ?gbLinesColorViewer@@3HA   10017588     ConEmuLn.obj
 0003:0000858c       ?giHilightType@@3HA        1001758c     ConEmuLn.obj
 0003:00008590       ?gbHilightPlugins@@3HA     10017590     ConEmuLn.obj
 0003:00008594       ?gbInfoW_OK@@3HA           10017594     ConEmuLn.obj
 0003:0000859c       ?InfoW995@@3PAUPluginStartupInfo@@A 1001759c     ConEmuLn995.obj
 0003:000085a0       ?FSFW995@@3PAUFarStandardFunctions@@A 100175a0     ConEmuLn995.obj
 0003:000087b0       ?InfoW1900@@3PAUPluginStartupInfo@@A 100177b0     ConEmuLn1900.obj
 0003:000087b4       ?FSFW1900@@3PAUFarStandardFunctions@@A 100177b4     ConEmuLn1900.obj
 0003:000089c0       ?InfoW2800@@3PAUPluginStartupInfo@@A 100179c0     ConEmuLn2800.obj
 0003:000089c4       ?FSFW2800@@3PAUFarStandardFunctions@@A 100179c4     ConEmuLn2800.obj
 0003:00008bd0       ?InfoA@@3PAUPluginStartupInfo@@A 10017bd0     ConEmuLnA.obj
 0003:00008bd4       ?FSFA@@3PAUFarStandardFunctions@@A 10017bd4     ConEmuLnA.obj
 0003:00008ce0       ?AssertMsgBox@@3P6IHPB_WI0PAUHWND__@@_N@ZA 10017ce0     MAssert.obj
 0003:00008ce4       ?gfnHooksUnlockerProc@@3P6I_N_N@ZA 10017ce4     MAssert.obj
 0003:00008ce8       ?ghHeap@@3PAXA             10017ce8     Memory.obj
 0003:00008cec       ?g_LastDeletePtr@@3PAXA    10017cec     Memory.obj
 0003:00008cf4       __aenvptr                  10017cf4     LIBCMT:dllcrt0.obj
 0003:00008cf8       __wenvptr                  10017cf8     LIBCMT:dllcrt0.obj
 0003:00008cfc       ___error_mode              10017cfc     LIBCMT:dllcrt0.obj
 0003:00008d00       ___app_type                10017d00     LIBCMT:dllcrt0.obj
 0003:00008d94       ___mbulinfo                10017d94     LIBCMT:mbctype.obj
 0003:00008da0       ___mbcodepage              10017da0     LIBCMT:mbctype.obj
 0003:00008da4       ___ismbcodepage            10017da4     LIBCMT:mbctype.obj
 0003:00008da8       ___mblcid                  10017da8     LIBCMT:mbctype.obj
 0003:00008dac       ___locale_changed          10017dac     LIBCMT:setlocal.obj
 0003:00008db0       ___lc_handle               10017db0     LIBCMT:nlsdata2.obj
 0003:00008dc8       ___lc_codepage             10017dc8     LIBCMT:nlsdata2.obj
 0003:00008dcc       ___lc_collate_cp           10017dcc     LIBCMT:nlsdata2.obj
 0003:00008dd0       _gpFlsAlloc                10017dd0     LIBCMT:tidtable.obj
 0003:00008dd4       _gpFlsGetValue             10017dd4     LIBCMT:tidtable.obj
 0003:00008dd8       _gpFlsSetValue             10017dd8     LIBCMT:tidtable.obj
 0003:00008ddc       _gpFlsFree                 10017ddc     LIBCMT:tidtable.obj
 0003:00008de0       ___pInvalidArgHandler      10017de0     LIBCMT:invarg.obj
 0003:00008de4       __maxwait                  10017de4     LIBCMT:crtheap.obj
 0003:00008de8       __umaskval                 10017de8     LIBCMT:crt0dat.obj
 0003:00008dec       ___argc                    10017dec     LIBCMT:crt0dat.obj
 0003:00008df0       ___argv                    10017df0     LIBCMT:crt0dat.obj
 0003:00008df4       ___wargv                   10017df4     LIBCMT:crt0dat.obj
 0003:00008df8       __environ                  10017df8     LIBCMT:crt0dat.obj
 0003:00008dfc       ___initenv                 10017dfc     LIBCMT:crt0dat.obj
 0003:00008e00       __wenviron                 10017e00     LIBCMT:crt0dat.obj
 0003:00008e04       ___winitenv                10017e04     LIBCMT:crt0dat.obj
 0003:00008e08       __pgmptr                   10017e08     LIBCMT:crt0dat.obj
 0003:00008e0c       __wpgmptr                  10017e0c     LIBCMT:crt0dat.obj
 0003:00008e10       __exitflag                 10017e10     LIBCMT:crt0dat.obj
 0003:00008e14       __C_Termination_Done       10017e14     LIBCMT:crt0dat.obj
 0003:00008e18       __C_Exit_Done              10017e18     LIBCMT:crt0dat.obj
 0003:00008f2c       __crtheap                  10017f2c     LIBCMT:heapinit.obj
 0003:00009088       ___lconv_static_null       10018088     LIBCMT:lconv.obj
 0003:0000908c       ___sbh_pHeaderDefer        1001808c     LIBCMT:sbheap.obj
 0003:000093a4       ?__pInconsistency@@3P6AXXZA 100183a4     LIBCMT:hooks.obj
 0003:000093c8       ___pPurecall               100183c8     LIBCMT:inithelp.obj
 0003:000093d0       ?_pnhHeap@@3P6AHI@ZA       100183d0     LIBCMT:handler.obj
 0003:000097b8       __newmode                  100187b8     LIBCMT:_newmode.obj
 0003:000097d0       ___sbh_cntHeaderList       100187d0     <common>
 0003:000097d4       ___sbh_pHeaderList         100187d4     <common>
 0003:000097d8       ___sbh_threshold           100187d8     <common>
 0003:000097dc       ___sbh_pHeaderScan         100187dc     <common>
 0003:000097e0       ___sbh_sizeHeaderList      100187e0     <common>
 0003:000097e4       ___sbh_indGroupDefer       100187e4     <common>
 0003:000097e8       __debugger_hook_dummy      100187e8     <common>
 0003:000097ec       ___active_heap             100187ec     <common>
 0003:000097f0       __nhandle                  100187f0     <common>
 0003:00009800       ___pioinfo                 10018800     <common>
 0003:00009900       ___env_initialized         10018900     <common>
 0003:00009904       ___onexitend               10018904     <common>
 0003:00009908       ___onexitbegin             10018908     <common>
 0003:0000990c       ___mbctype_initialized     1001890c     <common>
 0003:00009910       __FPinit                   10018910     <common>
 0003:00009914       ___dyn_tls_init_callback   10018914     <common>
 0003:00009918       ___sse2_available          10018918     <common>
 0003:0000991c       __pDestructExceptionObject 1001891c     <common>
 0003:00009920       __acmdln                   10018920     <common>

 entry point at        0001:00004e16

 Static symbols

 0001:00000000       ?StringLengthWorkerW@@YGJPB_WIPAI@Z 10001000 f   ConEmuLn.obj
 0001:00000030       ?StringCopyWorkerW@@YGJPA_WIPAIPB_WI@Z 10001030 f   ConEmuLn.obj
 0001:000000b2       ?ChangeExports@@YI_NPBUExportFunc@@PAUHINSTANCE__@@@Z 100010b2 f   ConEmuLn.obj
 0001:00000a60       ?LoadModuleVersion@@YI_NPB_WAAUtagVS_FIXEDFILEINFO@@PA_WI@Z 10001a60 f   ConEmuLn.obj
 0001:00000c04       ?LoadFarVersion@@YI_NPB_WAAUFarVersion@@AAY0CAA@_W@Z 10001c04 f   ConEmuLn.obj
 0001:00000c70       ?LoadFarVersion@@YI_NAAUFarVersion@@AAY0CAA@_W@Z 10001c70 f   ConEmuLn.obj
 0001:00001047       ?ConfigDlgProc@@YGJPAXHHJ@Z 10002047 f   ConEmuLn995.obj
 0001:00001166       ?ConfigureProc@@YIHH@Z     10002166 f   ConEmuLn995.obj
 0001:00001ad4       ?ConfigDlgProc@@YGHPAXHH0@Z 10002ad4 f   ConEmuLn1900.obj
 0001:00001bf3       ?ConfigureProc@@YIHH@Z     10002bf3 f   ConEmuLn1900.obj
 0001:00002801       ?ConfigDlgProc@@YGHPAXHH0@Z 10003801 f   ConEmuLn2800.obj
 0001:00002920       ?ConfigureProc@@YIHH@Z     10003920 f   ConEmuLn2800.obj
 0001:00003579       ?GetMsg@@YIPADH@Z          10004579 f   ConEmuLnA.obj
 0001:00003591       ?ConfigDlgProc@@YGJPAXHHJ@Z 10004591 f   ConEmuLnA.obj
 0001:000036b4       ?ConfigureProc@@YIHH@Z     100046b4 f   ConEmuLnA.obj
 0001:0000470c       ?wcstoxl@@YAKPAUlocaleinfo_struct@@PB_WPAPB_WHH@Z 1000570c f   LIBCMT:wcstol.obj
 0001:00004932       ?strtoxl@@YAKPAUlocaleinfo_struct@@PBDPAPBDHH@Z 10005932 f   LIBCMT:strtol.obj
 0001:00004d20       ___DllMainCRTStartup       10005d20 f   LIBCMT:dllcrt0.obj
 0001:00004e94       __unwind_handler           10005e94 f   LIBCMT:exsup.obj
 0001:00004fb0       _ValidateScopeTableHandlers 10005fb0 f   LIBCMT:eh3valid.obj
 0001:000053b9       _fastzero_I                100063b9 f   LIBCMT:p4_memset.obj
 0001:0000549f       _has_osfxsr_set            1000649f f   LIBCMT:cpu_disp.obj
 0001:0000555e       _fastcopy_I                1000655e f   LIBCMT:p4_memcpy.obj
 0001:000056c8       ?CPtoLCID@@YAHH@Z          100066c8 f   LIBCMT:mbctype.obj
 0001:000056f7       ?setSBCS@@YAXPAUthreadmbcinfostruct@@@Z 100066f7 f   LIBCMT:mbctype.obj
 0001:0000575b       ?setSBUpLow@@YAXPAUthreadmbcinfostruct@@@Z 1000675b f   LIBCMT:mbctype.obj
 0001:00005992       ?getSystemCP@@YAHH@Z       10006992 f   LIBCMT:mbctype.obj
 0001:0000601c       __updatetlocinfoEx_nolock  1000701c f   LIBCMT:setlocal.obj
 0001:00006dc5       __initterm                 10007dc5 f   LIBCMT:crt0dat.obj
 0001:00006e8b       _doexit                    10007e8b f   LIBCMT:crt0dat.obj
 0001:000073aa       _parse_cmdline             100083aa f   LIBCMT:stdargv.obj
 0001:00007dbc       ?__crtLCMapStringA_stat@@YAHPAUlocaleinfo_struct@@KKPBDHPADHHH@Z 10008dbc f   LIBCMT:a_map.obj
 0001:000081a6       ?__crtGetStringTypeA_stat@@YAHPAUlocaleinfo_struct@@KPBDHPAGHHH@Z 100091a6 f   LIBCMT:a_str.obj
 0001:00009fea       __onexit_nolock            1000afea f   LIBCMT:onexit.obj
 0001:0000a1b1       _siglookup                 1000b1b1 f   LIBCMT:winsig.obj
 0001:0000a469       ?x_ismbbtype_l@@YAHPAUlocaleinfo_struct@@IHH@Z 1000b469 f   LIBCMT:ismbbyte.obj
 0001:0000a564       __unwind_handler4          1000b564 f   LIBCMT:exsup4.obj
