 Align

 Timestamp is 564537b7 (Fri Nov 13 04:07:03 2015)

 Preferred load address is 0000000180000000

 Start         Length     Name                   Class
 0001:00000000 00000030H .idata$5                CODE
 0001:00000030 000001f8H .rdata                  CODE
 0001:00000230 00002941H .text                   CODE
 0001:00002b78 000002e0H .xdata                  CODE
 0001:00002e58 00000014H .idata$2                CODE
 0001:00002e6c 00000014H .idata$3                CODE
 0001:00002e80 00000030H .idata$4                CODE
 0001:00002eb0 00000052H .idata$6                CODE
 0001:00002f10 0000008eH .edata                  CODE
 0002:00000000 00000000H .data                   DATA
 0002:00000000 00000298H .bss                    DATA
 0003:00000000 000002a0H .pdata                  DATA
 0004:00000000 00000058H .rsrc$01                DATA
 0004:00000060 00000360H .rsrc$02                DATA

  Address         Publics by Value              Rva+Base               Lib:Object

 0000:00000000       ___safe_se_handler_count   0000000000000000     <absolute>
 0000:00000000       ___safe_se_handler_table   0000000000000000     <absolute>
 0000:00000000       __ImageBase                0000000180000000     <linker-defined>
 0001:00000000       __imp_HeapFree             0000000180001000     kernel32:KERNEL32.dll
 0001:00000008       __imp_GetProcessHeap       0000000180001008     kernel32:KERNEL32.dll
 0001:00000010       __imp_HeapAlloc            0000000180001010     kernel32:KERNEL32.dll
 0001:00000018       __imp_HeapReAlloc          0000000180001018     kernel32:KERNEL32.dll
 0001:00000020       __imp_lstrlenW             0000000180001020     kernel32:KERNEL32.dll
 0001:00000028       \177KERNEL32_NULL_THUNK_DATA 0000000180001028     kernel32:KERNEL32.dll
 0001:00000030       MainGuid                   0000000180001030     Align.obj
 0001:00000040       MenuGuid                   0000000180001040     Align.obj
 0001:00000050       DialogGuid                 0000000180001050     Align.obj
 0001:00000060       ??_C@_1DE@BGKMIKPD@?$AAE?$AAu?$AAg?$AAe?$AAn?$AAe?$AA?5?$AAR?$AAo?$AAs?$AAh?$AAa?$AAl?$AA?5?$AA?$CG?$AA?5?$AAF?$AAa?$AAr?$AA?5?$AAG?$AAr?$AAo?$AAu?$AAp?$AA?$AA@ 0000000180001060     Align.obj
 0001:00000098       ??_C@_1DI@GCKLIMEF@?$AAA?$AAl?$AAi?$AAg?$AAn?$AA?5?$AAb?$AAl?$AAo?$AAc?$AAk?$AA?5?$AAf?$AAo?$AAr?$AA?5?$AAF?$AAa?$AAr?$AA?5?$AAM?$AAa?$AAn?$AAa?$AAg?$AAe?$AAr?$AA?$AA@ 0000000180001098     Align.obj
 0001:000000d0       ??_C@_1M@OFJLCCLD@?$AAA?$AAl?$AAi?$AAg?$AAn?$AA?$AA@ 00000001800010d0     Align.obj
 0001:000000e0       ??_7?$DialogItemBinding@UFarDialogItem@@@@6B@ 00000001800010e0     Align.obj
 0001:000000f0       ??_7?$DialogBuilderBase@UFarDialogItem@@@@6B@ 00000001800010f0     Align.obj
 0001:00000138       ??_C@_15EFLNJKHH@?$AA?$CF?$AAu?$AA?$AA@ 0000000180001138     Align.obj
 0001:00000140       ??_7PluginIntEditFieldBinding@@6B@ 0000000180001140     Align.obj
 0001:00000150       ??_7PluginDialogBuilder@@6B@ 0000000180001150     Align.obj
 0001:00000198       ??_7PluginCheckBoxBinding@@6B@ 0000000180001198     Align.obj
 0001:000001a8       ??_7PluginRadioButtonBinding@@6B@ 00000001800011a8     Align.obj
 0001:000001b8       ??_7PluginUIntEditFieldBinding@@6B@ 00000001800011b8     Align.obj
 0001:000001c8       ??_C@_11LOCGONAA@?$AA?$AA@ 00000001800011c8     Align.obj
 0001:000001d0       ??_C@_1BA@MANOLHD@?$AAJ?$AAu?$AAs?$AAt?$AAi?$AAf?$AAy?$AA?$AA@ 00000001800011d0     Align.obj
 0001:000001e0       ??_C@_1BE@NIKLIADP@?$AAS?$AAm?$AAa?$AAr?$AAt?$AAM?$AAo?$AAd?$AAe?$AA?$AA@ 00000001800011e0     Align.obj
 0001:000001f8       ??_C@_1BC@PKHIBLMF@?$AAR?$AAe?$AAf?$AAo?$AAr?$AAm?$AAa?$AAt?$AA?$AA@ 00000001800011f8     Align.obj
 0001:00000210       ??_C@_1BI@JMKBMFLI@?$AAR?$AAi?$AAg?$AAh?$AAt?$AAM?$AAa?$AAr?$AAg?$AAi?$AAn?$AA?$AA@ 0000000180001210     Align.obj
 0001:00000240       _alloca_probe              0000000180001240     chkstk.obj
 0001:00000240       __chkstk                   0000000180001240 f   chkstk.obj
 0001:00000290       ?GetLangString@PluginDialogBuilder@@MEAAPEB_WH@Z 0000000180001290 f i Align.obj
 0001:000002a0       GetGlobalInfoW             00000001800012a0 f   Align.obj
 0001:00000320       SetStartupInfoW            0000000180001320 f   Align.obj
 0001:00000370       GetPluginInfoW             0000000180001370 f   Align.obj
 0001:000005b0       ?InitDialogItem@?$DialogBuilderBase@UFarDialogItem@@@@MEAAXPEAUFarDialogItem@@PEB_W@Z 00000001800015b0 f i Align.obj
 0001:000005b0       ?SaveValue@?$DialogItemBinding@UFarDialogItem@@@@UEAAXPEAUFarDialogItem@@H@Z 00000001800015b0 f i Align.obj
 0001:000005c0       ?TextWidth@?$DialogBuilderBase@UFarDialogItem@@@@MEAAHAEBUFarDialogItem@@@Z 00000001800015c0 f i Align.obj
 0001:000005d0       ?DoShowDialog@?$DialogBuilderBase@UFarDialogItem@@@@MEAA_JXZ 00000001800015d0 f i Align.obj
 0001:000005e0       ??1?$DialogBuilderBase@UFarDialogItem@@@@MEAA@XZ 00000001800015e0 f i Align.obj
 0001:00000660       ?GetLangString@?$DialogBuilderBase@UFarDialogItem@@@@MEAAPEB_WH@Z 0000000180001660 f i Align.obj
 0001:00000660       ?AddIntEditField@?$DialogBuilderBase@UFarDialogItem@@@@UEAAPEAUFarDialogItem@@PEAHH@Z 0000000180001660 f i Align.obj
 0001:00000660       ?AddUIntEditField@?$DialogBuilderBase@UFarDialogItem@@@@UEAAPEAUFarDialogItem@@PEAIH@Z 0000000180001660 f i Align.obj
 0001:00000660       ?CreateRadioButtonBinding@?$DialogBuilderBase@UFarDialogItem@@@@MEAAPEAU?$DialogItemBinding@UFarDialogItem@@@@PEAH@Z 0000000180001660 f i Align.obj
 0001:00000660       ?CreateCheckBoxBinding@?$DialogBuilderBase@UFarDialogItem@@@@MEAAPEAU?$DialogItemBinding@UFarDialogItem@@@@PEAHH@Z 0000000180001660 f i Align.obj
 0001:00000670       ??_E?$DialogBuilderBase@UFarDialogItem@@@@MEAAPEAXI@Z 0000000180001670 f i Align.obj
 0001:00000670       ??_G?$DialogBuilderBase@UFarDialogItem@@@@MEAAPEAXI@Z 0000000180001670 f i Align.obj
 0001:000006a0       ?ReallocDialogItems@?$DialogBuilderBase@UFarDialogItem@@@@IEAAXXZ 00000001800016a0 f i Align.obj
 0001:000007c0       ?ItemWidth@?$DialogBuilderBase@UFarDialogItem@@@@IEAA_JAEBUFarDialogItem@@@Z 00000001800017c0 f i Align.obj
 0001:00000860       ?SaveValues@?$DialogBuilderBase@UFarDialogItem@@@@IEAAXXZ 0000000180001860 f i Align.obj
 0001:00000900       ?MaxTextWidth@?$DialogBuilderBase@UFarDialogItem@@@@IEAA_JXZ 0000000180001900 f i Align.obj
 0001:00000a20       ??0PluginIntEditFieldBinding@@QEAA@AEBUPluginStartupInfo@@PEAPEAXHPEAHH@Z 0000000180001a20 f i Align.obj
 0001:00000ae0       ?SaveValue@PluginIntEditFieldBinding@@UEAAXPEAUFarDialogItem@@H@Z 0000000180001ae0 f i Align.obj
 0001:00000b30       ?InitDialogItem@PluginDialogBuilder@@MEAAXPEAUFarDialogItem@@PEB_W@Z 0000000180001b30 f i Align.obj
 0001:00000b60       ?TextWidth@PluginDialogBuilder@@MEAAHAEBUFarDialogItem@@@Z 0000000180001b60 f i Align.obj
 0001:00000b70       ?DoShowDialog@PluginDialogBuilder@@MEAA_JXZ 0000000180001b70 f i Align.obj
 0001:00000c20       ?SaveValue@PluginCheckBoxBinding@@UEAAXPEAUFarDialogItem@@H@Z 0000000180001c20 f i Align.obj
 0001:00000c80       ?SaveValue@PluginRadioButtonBinding@@UEAAXPEAUFarDialogItem@@H@Z 0000000180001c80 f i Align.obj
 0001:00000cd0       ??0PluginUIntEditFieldBinding@@QEAA@AEBUPluginStartupInfo@@PEAPEAXHPEAIH@Z 0000000180001cd0 f i Align.obj
 0001:00000d90       ?SaveValue@PluginUIntEditFieldBinding@@UEAAXPEAUFarDialogItem@@H@Z 0000000180001d90 f i Align.obj
 0001:00000de0       ?CreateCheckBoxBinding@PluginDialogBuilder@@MEAAPEAU?$DialogItemBinding@UFarDialogItem@@@@PEAHH@Z 0000000180001de0 f i Align.obj
 0001:00000e60       ?CreateRadioButtonBinding@PluginDialogBuilder@@MEAAPEAU?$DialogItemBinding@UFarDialogItem@@@@PEAH@Z 0000000180001e60 f i Align.obj
 0001:00000ed0       ??_GPluginDialogBuilder@@UEAAPEAXI@Z 0000000180001ed0 f i Align.obj
 0001:00000ed0       ??_EPluginDialogBuilder@@UEAAPEAXI@Z 0000000180001ed0 f i Align.obj
 0001:000019c0       ?AddDialogItem@?$DialogBuilderBase@UFarDialogItem@@@@IEAAPEAUFarDialogItem@@W4FARDIALOGITEMTYPES@@PEB_W@Z 00000001800029c0 f i Align.obj
 0001:00001a50       ?AddTextAfter@?$DialogBuilderBase@UFarDialogItem@@@@QEAAPEAUFarDialogItem@@PEAU2@PEB_WH@Z 0000000180002a50 f i Align.obj
 0001:00001b20       ?AddButtons@?$DialogBuilderBase@UFarDialogItem@@@@QEAAXHPEBHHH@Z 0000000180002b20 f i Align.obj
 0001:00001c70       ?UpdateBorderSize@?$DialogBuilderBase@UFarDialogItem@@@@IEAAXXZ 0000000180002c70 f i Align.obj
 0001:00001d30       ??_GPluginIntEditFieldBinding@@UEAAPEAXI@Z 0000000180002d30 f i Align.obj
 0001:00001d30       ??_EPluginCheckBoxBinding@@UEAAPEAXI@Z 0000000180002d30 f i Align.obj
 0001:00001d30       ??_G?$DialogItemBinding@UFarDialogItem@@@@UEAAPEAXI@Z 0000000180002d30 f i Align.obj
 0001:00001d30       ??_GPluginCheckBoxBinding@@UEAAPEAXI@Z 0000000180002d30 f i Align.obj
 0001:00001d30       ??_EPluginUIntEditFieldBinding@@UEAAPEAXI@Z 0000000180002d30 f i Align.obj
 0001:00001d30       ??_EPluginRadioButtonBinding@@UEAAPEAXI@Z 0000000180002d30 f i Align.obj
 0001:00001d30       ??_GPluginUIntEditFieldBinding@@UEAAPEAXI@Z 0000000180002d30 f i Align.obj
 0001:00001d30       ??_GPluginRadioButtonBinding@@UEAAPEAXI@Z 0000000180002d30 f i Align.obj
 0001:00001d30       ??_EPluginIntEditFieldBinding@@UEAAPEAXI@Z 0000000180002d30 f i Align.obj
 0001:00001d30       ??_E?$DialogItemBinding@UFarDialogItem@@@@UEAAPEAXI@Z 0000000180002d30 f i Align.obj
 0001:00001d60       ?AddIntEditField@PluginDialogBuilder@@UEAAPEAUFarDialogItem@@PEAHH@Z 0000000180002d60 f i Align.obj
 0001:00001e70       ?AddUIntEditField@PluginDialogBuilder@@UEAAPEAUFarDialogItem@@PEAIH@Z 0000000180002e70 f i Align.obj
 0001:00001f80       OpenW                      0000000180002f80 f   Align.obj
 0001:00002990       memcpy                     0000000180003990 f   libCRT64:memcpy.obj
 0001:000029c0       memmove                    00000001800039c0 f   libCRT64:memmove.obj
 0001:00002a20       free                       0000000180003a20 f   libCRT64:free.obj
 0001:00002a50       malloc                     0000000180003a50 f   libCRT64:malloc.obj
 0001:00002a80       ??_V@YAXPEAX@Z             0000000180003a80 f   libCRT64:delete_array.obj
 0001:00002a90       ??3@YAXPEAX@Z              0000000180003a90 f   libCRT64:delete.obj
 0001:00002aa0       ??_U@YAPEAX_K@Z            0000000180003aa0 f   libCRT64:new_array.obj
 0001:00002ab0       memset                     0000000180003ab0 f   libCRT64:memset.obj
 0001:00002ae0       ??2@YAPEAX_K@Z             0000000180003ae0 f   libCRT64:new.obj
 0001:00002af0       realloc                    0000000180003af0 f   libCRT64:realloc.obj
 0001:00002e58       __IMPORT_DESCRIPTOR_KERNEL32 0000000180003e58     kernel32:KERNEL32.dll
 0001:00002e6c       __NULL_IMPORT_DESCRIPTOR   0000000180003e6c     kernel32:KERNEL32.dll

 entry point at        0000:00000000

 Static symbols

 0001:000003d0       ?JustifyString@@YA_NHAEAUEditorSetString@@@Z 00000001800013d0 f   Align.obj
 0001:00000f20       ?ReformatBlock@@YAXHHH@Z   0000000180001f20 f   Align.obj
 0001:00001670       ?JustifyBlock@@YAXH@Z      0000000180002670 f   Align.obj
