 SameFolder

 Timestamp is 564537e0 (Fri Nov 13 04:07:44 2015)

 Preferred load address is 0000000180000000

 Start         Length     Name                   Class
 0001:00000000 00000030H .idata$5                CODE
 0001:00000030 00000216H .rdata                  CODE
 0001:00000250 00001d23H .text                   CODE
 0001:00001f78 0000025cH .xdata                  CODE
 0001:000021d4 00000014H .idata$2                CODE
 0001:000021e8 00000014H .idata$3                CODE
 0001:00002200 00000030H .idata$4                CODE
 0001:00002230 00000050H .idata$6                CODE
 0001:00002280 000000a8H .edata                  CODE
 0002:00000000 00000018H .data                   DATA
 0002:00000020 000002b8H .bss                    DATA
 0003:00000000 00000240H .pdata                  DATA
 0004:00000000 00000058H .rsrc$01                DATA
 0004:00000060 00000388H .rsrc$02                DATA

  Address         Publics by Value              Rva+Base               Lib:Object

 0000:00000000       ___safe_se_handler_count   0000000000000000     <absolute>
 0000:00000000       ___safe_se_handler_table   0000000000000000     <absolute>
 0000:00000000       __ImageBase                0000000180000000     <linker-defined>
 0001:00000000       __imp_lstrlenW             0000000180001000     kernel32:KERNEL32.dll
 0001:00000008       __imp_HeapFree             0000000180001008     kernel32:KERNEL32.dll
 0001:00000010       __imp_GetProcessHeap       0000000180001010     kernel32:KERNEL32.dll
 0001:00000018       __imp_HeapAlloc            0000000180001018     kernel32:KERNEL32.dll
 0001:00000020       __imp_lstrcmpW             0000000180001020     kernel32:KERNEL32.dll
 0001:00000028       \177KERNEL32_NULL_THUNK_DATA 0000000180001028     kernel32:KERNEL32.dll
 0001:00000030       ??_C@_1BA@CAPFOHIJ@?$AAS?$AAe?$AAt?$AAM?$AAo?$AAd?$AAe?$AA?$AA@ 0000000180001030     SameFolder.obj
 0001:00000040       ??_C@_1BM@FDPIJPAH@?$AAA?$AAd?$AAd?$AA2?$AAD?$AAi?$AAs?$AAk?$AAs?$AAM?$AAe?$AAn?$AAu?$AA?$AA@ 0000000180001040     SameFolder.obj
 0001:00000060       ??_C@_1BK@EJEHIDJM@?$AAA?$AAd?$AAd?$AA2?$AAP?$AAl?$AAu?$AAg?$AAM?$AAe?$AAn?$AAu?$AA?$AA@ 0000000180001060     SameFolder.obj
 0001:00000080       MainGuid                   0000000180001080     SameFolder.obj
 0001:00000090       MenuGuid                   0000000180001090     SameFolder.obj
 0001:000000a0       ConfigMenuGuid             00000001800010a0     SameFolder.obj
 0001:000000b0       DialogGuid                 00000001800010b0     SameFolder.obj
 0001:000000c0       ??_C@_1BE@FDJGEMIB@?$AAF?$AAa?$AAr?$AA?5?$AAG?$AAr?$AAo?$AAu?$AAp?$AA?$AA@ 00000001800010c0     SameFolder.obj
 0001:000000e0       ??_C@_1EG@GJIDGPOM@?$AAS?$AAa?$AAm?$AAe?$AA?5?$AAF?$AAo?$AAl?$AAd?$AAe?$AAr?$AA?5?$AAP?$AAl?$AAu?$AAg?$AAi?$AAn?$AA?5?$AAf?$AAo?$AAr?$AA?5?$AAF?$AAa?$AAr?$AA?5?$AAM?$AAa?$AAn?$AAa?$AAg@ 00000001800010e0     SameFolder.obj
 0001:00000128       ??_C@_1BG@PFMEOFNH@?$AAS?$AAa?$AAm?$AAe?$AAF?$AAo?$AAl?$AAd?$AAe?$AAr?$AA?$AA@ 0000000180001128     SameFolder.obj
 0001:00000140       ??_7?$DialogBuilderBase@UFarDialogItem@@@@6B@ 0000000180001140     SameFolder.obj
 0001:00000190       ??_7PluginDialogBuilder@@6B@ 0000000180001190     SameFolder.obj
 0001:000001d8       ??_7?$DialogItemBinding@UFarDialogItem@@@@6B@ 00000001800011d8     SameFolder.obj
 0001:000001e8       ??_7PluginCheckBoxBinding@@6B@ 00000001800011e8     SameFolder.obj
 0001:000001f8       ??_7PluginRadioButtonBinding@@6B@ 00000001800011f8     SameFolder.obj
 0001:00000208       ??_C@_15EFLNJKHH@?$AA?$CF?$AAu?$AA?$AA@ 0000000180001208     SameFolder.obj
 0001:00000210       ??_7PluginIntEditFieldBinding@@6B@ 0000000180001210     SameFolder.obj
 0001:00000220       ??_7PluginUIntEditFieldBinding@@6B@ 0000000180001220     SameFolder.obj
 0001:00000230       ??_C@_11LOCGONAA@?$AA?$AA@ 0000000180001230     SameFolder.obj
 0001:00000238       ??_C@_1O@BJPKKLLM@?$AAC?$AAo?$AAn?$AAf?$AAi?$AAg?$AA?$AA@ 0000000180001238     SameFolder.obj
 0001:00000260       __chkstk                   0000000180001260 f   chkstk.obj
 0001:00000260       _alloca_probe              0000000180001260     chkstk.obj
 0001:000002b0       ?GetLangString@PluginDialogBuilder@@MEAAPEB_WH@Z 00000001800012b0 f i SameFolder.obj
 0001:000002c0       GetGlobalInfoW             00000001800012c0 f   SameFolder.obj
 0001:00000340       SetStartupInfoW            0000000180001340 f   SameFolder.obj
 0001:000004e0       ?ComparePPI@@YA_NPEBUPluginPanelItem@@0@Z 00000001800014e0 f   SameFolder.obj
 0001:00000620       ?TextWidth@?$DialogBuilderBase@UFarDialogItem@@@@MEAAHAEBUFarDialogItem@@@Z 0000000180001620 f i SameFolder.obj
 0001:00000630       ?AddUIntEditField@?$DialogBuilderBase@UFarDialogItem@@@@UEAAPEAUFarDialogItem@@PEAIH@Z 0000000180001630 f i SameFolder.obj
 0001:00000630       ?CreateRadioButtonBinding@?$DialogBuilderBase@UFarDialogItem@@@@MEAAPEAU?$DialogItemBinding@UFarDialogItem@@@@PEAH@Z 0000000180001630 f i SameFolder.obj
 0001:00000630       ?AddIntEditField@?$DialogBuilderBase@UFarDialogItem@@@@UEAAPEAUFarDialogItem@@PEAHH@Z 0000000180001630 f i SameFolder.obj
 0001:00000630       ?GetLangString@?$DialogBuilderBase@UFarDialogItem@@@@MEAAPEB_WH@Z 0000000180001630 f i SameFolder.obj
 0001:00000630       ?CreateCheckBoxBinding@?$DialogBuilderBase@UFarDialogItem@@@@MEAAPEAU?$DialogItemBinding@UFarDialogItem@@@@PEAHH@Z 0000000180001630 f i SameFolder.obj
 0001:00000640       ?DoShowDialog@?$DialogBuilderBase@UFarDialogItem@@@@MEAA_JXZ 0000000180001640 f i SameFolder.obj
 0001:00000650       ??1?$DialogBuilderBase@UFarDialogItem@@@@MEAA@XZ 0000000180001650 f i SameFolder.obj
 0001:000006d0       ??_E?$DialogBuilderBase@UFarDialogItem@@@@MEAAPEAXI@Z 00000001800016d0 f i SameFolder.obj
 0001:000006d0       ??_G?$DialogBuilderBase@UFarDialogItem@@@@MEAAPEAXI@Z 00000001800016d0 f i SameFolder.obj
 0001:00000700       ?ReallocDialogItems@?$DialogBuilderBase@UFarDialogItem@@@@IEAAXXZ 0000000180001700 f i SameFolder.obj
 0001:00000820       ?ItemWidth@?$DialogBuilderBase@UFarDialogItem@@@@IEAA_JAEBUFarDialogItem@@@Z 0000000180001820 f i SameFolder.obj
 0001:000008c0       ?SaveValues@?$DialogBuilderBase@UFarDialogItem@@@@IEAAXXZ 00000001800018c0 f i SameFolder.obj
 0001:00000960       ?MaxTextWidth@?$DialogBuilderBase@UFarDialogItem@@@@IEAA_JXZ 0000000180001960 f i SameFolder.obj
 0001:00000a80       ?InitDialogItem@PluginDialogBuilder@@MEAAXPEAUFarDialogItem@@PEB_W@Z 0000000180001a80 f i SameFolder.obj
 0001:00000ab0       ?TextWidth@PluginDialogBuilder@@MEAAHAEBUFarDialogItem@@@Z 0000000180001ab0 f i SameFolder.obj
 0001:00000ac0       ?DoShowDialog@PluginDialogBuilder@@MEAA_JXZ 0000000180001ac0 f i SameFolder.obj
 0001:00000b70       ?InitDialogItem@?$DialogBuilderBase@UFarDialogItem@@@@MEAAXPEAUFarDialogItem@@PEB_W@Z 0000000180001b70 f i SameFolder.obj
 0001:00000b70       ?SaveValue@?$DialogItemBinding@UFarDialogItem@@@@UEAAXPEAUFarDialogItem@@H@Z 0000000180001b70 f i SameFolder.obj
 0001:00000b80       ?SaveValue@PluginCheckBoxBinding@@UEAAXPEAUFarDialogItem@@H@Z 0000000180001b80 f i SameFolder.obj
 0001:00000be0       ?SaveValue@PluginRadioButtonBinding@@UEAAXPEAUFarDialogItem@@H@Z 0000000180001be0 f i SameFolder.obj
 0001:00000c30       ??0PluginIntEditFieldBinding@@QEAA@AEBUPluginStartupInfo@@PEAPEAXHPEAHH@Z 0000000180001c30 f i SameFolder.obj
 0001:00000cf0       ?SaveValue@PluginIntEditFieldBinding@@UEAAXPEAUFarDialogItem@@H@Z 0000000180001cf0 f i SameFolder.obj
 0001:00000d40       ??0PluginUIntEditFieldBinding@@QEAA@AEBUPluginStartupInfo@@PEAPEAXHPEAIH@Z 0000000180001d40 f i SameFolder.obj
 0001:00000e00       ?SaveValue@PluginUIntEditFieldBinding@@UEAAXPEAUFarDialogItem@@H@Z 0000000180001e00 f i SameFolder.obj
 0001:00000e50       ?CreateCheckBoxBinding@PluginDialogBuilder@@MEAAPEAU?$DialogItemBinding@UFarDialogItem@@@@PEAHH@Z 0000000180001e50 f i SameFolder.obj
 0001:00000ed0       ?CreateRadioButtonBinding@PluginDialogBuilder@@MEAAPEAU?$DialogItemBinding@UFarDialogItem@@@@PEAH@Z 0000000180001ed0 f i SameFolder.obj
 0001:00000f40       ??_GPluginDialogBuilder@@UEAAPEAXI@Z 0000000180001f40 f i SameFolder.obj
 0001:00000f40       ??_EPluginDialogBuilder@@UEAAPEAXI@Z 0000000180001f40 f i SameFolder.obj
 0001:00000f90       OpenW                      0000000180001f90 f   SameFolder.obj
 0001:000011e0       GetPluginInfoW             00000001800021e0 f   SameFolder.obj
 0001:000012c0       ?AddButtons@?$DialogBuilderBase@UFarDialogItem@@@@QEAAXHPEBHHH@Z 00000001800022c0 f i SameFolder.obj
 0001:00001410       ?UpdateBorderSize@?$DialogBuilderBase@UFarDialogItem@@@@IEAAXXZ 0000000180002410 f i SameFolder.obj
 0001:000014d0       ??_EPluginCheckBoxBinding@@UEAAPEAXI@Z 00000001800024d0 f i SameFolder.obj
 0001:000014d0       ??_G?$DialogItemBinding@UFarDialogItem@@@@UEAAPEAXI@Z 00000001800024d0 f i SameFolder.obj
 0001:000014d0       ??_E?$DialogItemBinding@UFarDialogItem@@@@UEAAPEAXI@Z 00000001800024d0 f i SameFolder.obj
 0001:000014d0       ??_GPluginRadioButtonBinding@@UEAAPEAXI@Z 00000001800024d0 f i SameFolder.obj
 0001:000014d0       ??_EPluginIntEditFieldBinding@@UEAAPEAXI@Z 00000001800024d0 f i SameFolder.obj
 0001:000014d0       ??_EPluginRadioButtonBinding@@UEAAPEAXI@Z 00000001800024d0 f i SameFolder.obj
 0001:000014d0       ??_EPluginUIntEditFieldBinding@@UEAAPEAXI@Z 00000001800024d0 f i SameFolder.obj
 0001:000014d0       ??_GPluginIntEditFieldBinding@@UEAAPEAXI@Z 00000001800024d0 f i SameFolder.obj
 0001:000014d0       ??_GPluginCheckBoxBinding@@UEAAPEAXI@Z 00000001800024d0 f i SameFolder.obj
 0001:000014d0       ??_GPluginUIntEditFieldBinding@@UEAAPEAXI@Z 00000001800024d0 f i SameFolder.obj
 0001:00001500       ?AddIntEditField@PluginDialogBuilder@@UEAAPEAUFarDialogItem@@PEAHH@Z 0000000180002500 f i SameFolder.obj
 0001:00001610       ?AddUIntEditField@PluginDialogBuilder@@UEAAPEAUFarDialogItem@@PEAIH@Z 0000000180002610 f i SameFolder.obj
 0001:00001720       ConfigureW                 0000000180002720 f   SameFolder.obj
 0001:00001e80       memcpy                     0000000180002e80 f   libCRT64:memcpy.obj
 0001:00001eb0       ??_V@YAXPEAX@Z             0000000180002eb0 f   libCRT64:delete_array.obj
 0001:00001ec0       ??3@YAXPEAX@Z              0000000180002ec0 f   libCRT64:delete.obj
 0001:00001ed0       ??_U@YAPEAX_K@Z            0000000180002ed0 f   libCRT64:new_array.obj
 0001:00001ee0       memset                     0000000180002ee0 f   libCRT64:memset.obj
 0001:00001f10       ??2@YAPEAX_K@Z             0000000180002f10 f   libCRT64:new.obj
 0001:00001f20       free                       0000000180002f20 f   libCRT64:free.obj
 0001:00001f50       malloc                     0000000180002f50 f   libCRT64:malloc.obj
 0001:000021d4       __IMPORT_DESCRIPTOR_KERNEL32 00000001800031d4     kernel32:KERNEL32.dll
 0001:000021e8       __NULL_IMPORT_DESCRIPTOR   00000001800031e8     kernel32:KERNEL32.dll
 0002:00000000       ?OptName@@3UOptionsName@@A 0000000180004000     SameFolder.obj
 0002:00000020       ?Info@@3UPluginStartupInfo@@A 0000000180004020     SameFolder.obj
 0002:00000130       ?FSF@@3UFarStandardFunctions@@A 0000000180004130     SameFolder.obj
 0002:000002b0       ?Opt@@3UOptions@@A         00000001800042b0     SameFolder.obj

 entry point at        0000:00000000

 Static symbols

