 Brackets

 Timestamp is 564537c1 (Fri Nov 13 04:07:13 2015)

 Preferred load address is 0000000180000000

 Start         Length     Name                   Class
 0001:00000000 00000048H .idata$5                CODE
 0001:00000050 00000396H .rdata                  CODE
 0001:000003f0 00003273H .text                   CODE
 0001:00003668 00000220H .xdata                  CODE
 0001:00003888 00000028H .idata$2                CODE
 0001:000038b0 00000014H .idata$3                CODE
 0001:000038c8 00000048H .idata$4                CODE
 0001:00003910 00000076H .idata$6                CODE
 0001:00003990 000000a6H .edata                  CODE
 0002:00000000 00000070H .data                   DATA
 0002:00000070 000001d8H .bss                    DATA
 0003:00000000 00000228H .pdata                  DATA
 0004:00000000 00000058H .rsrc$01                DATA
 0004:00000060 00000380H .rsrc$02                DATA

  Address         Publics by Value              Rva+Base               Lib:Object

 0000:00000000       ___safe_se_handler_count   0000000000000000     <absolute>
 0000:00000000       ___safe_se_handler_table   0000000000000000     <absolute>
 0000:00000000       __ImageBase                0000000180000000     <linker-defined>
 0001:00000000       __imp_lstrcpynW            0000000180001000     kernel32:KERNEL32.dll
 0001:00000008       __imp_lstrlenW             0000000180001008     kernel32:KERNEL32.dll
 0001:00000010       __imp_lstrcmpiW            0000000180001010     kernel32:KERNEL32.dll
 0001:00000018       __imp_HeapFree             0000000180001018     kernel32:KERNEL32.dll
 0001:00000020       __imp_GetProcessHeap       0000000180001020     kernel32:KERNEL32.dll
 0001:00000028       __imp_HeapAlloc            0000000180001028     kernel32:KERNEL32.dll
 0001:00000030       \177KERNEL32_NULL_THUNK_DATA 0000000180001030     kernel32:KERNEL32.dll
 0001:00000038       __imp_MessageBeep          0000000180001038     user32:USER32.dll
 0001:00000040       \177USER32_NULL_THUNK_DATA 0000000180001040     user32:USER32.dll
 0001:00000050       MainGuid                   0000000180001050     Brackets.obj
 0001:00000060       MenuGuid                   0000000180001060     Brackets.obj
 0001:00000070       DialogGuid                 0000000180001070     Brackets.obj
 0001:00000080       ??_C@_1DE@BGKMIKPD@?$AAE?$AAu?$AAg?$AAe?$AAn?$AAe?$AA?5?$AAR?$AAo?$AAs?$AAh?$AAa?$AAl?$AA?5?$AA?$CG?$AA?5?$AAF?$AAa?$AAr?$AA?5?$AAG?$AAr?$AAo?$AAu?$AAp?$AA?$AA@ 0000000180001080     Brackets.obj
 0001:000000c0       ??_C@_1EE@CJLEEDHO@?$AAB?$AAr?$AAa?$AAc?$AAk?$AAe?$AAt?$AAs?$AA?5?$AAm?$AAa?$AAt?$AAc?$AAh?$AAi?$AAn?$AAg?$AA?5?$AAf?$AAo?$AAr?$AA?5?$AAF?$AAa?$AAr?$AA?5?$AAM?$AAa?$AAn?$AAa?$AAg?$AAe@ 00000001800010c0     Brackets.obj
 0001:00000108       ??_C@_1BC@GJFAHMHB@?$AAB?$AAr?$AAa?$AAc?$AAk?$AAe?$AAt?$AAs?$AA?$AA@ 0000000180001108     Brackets.obj
 0001:00000120       ??_C@_1BK@EKFLELHE@?$AA?1?$AA?$CK?$AA?$CK?$AA?1?$AA?$DM?$AA?$DP?$AA?$DP?$AA?$DO?$AA?$DM?$AA?$CF?$AA?$CF?$AA?$DO?$AA?$AA@ 0000000180001120     Brackets.obj
 0001:00000140       ??_C@_1BE@DFLFCMNK@?$AAB?$AAr?$AAa?$AAc?$AAk?$AAe?$AAt?$AAs?$AA2?$AA?$AA@ 0000000180001140     Brackets.obj
 0001:00000158       ??_C@_1CC@FLEKOJBB@?$AA?$DM?$AA?$DO?$AA?$HL?$AA?$HN?$AA?$FL?$AA?$FN?$AA?$CI?$AA?$CJ?$AA?$CC?$AA?$CC?$AA?8?$AA?8?$AA?$CF?$AA?$CF?$AA?$KL?$AA?$LL?$AA?$AA@ 0000000180001158     Brackets.obj
 0001:00000180       ??_C@_1BE@CHAAIDDE@?$AAB?$AAr?$AAa?$AAc?$AAk?$AAe?$AAt?$AAs?$AA1?$AA?$AA@ 0000000180001180     Brackets.obj
 0001:00000198       ??_C@_1BG@KHOAFHB@?$AA?8?$AA?8?$AA?$CC?$AA?$CC?$AA?$GA?$AA?8?$AA?$GA?$AA?$GA?5?$BO?5?$BN?$AA?$AA@ 0000000180001198     Brackets.obj
 0001:000001b0       ??_C@_1BG@ICHMEPOB@?$AAQ?$AAu?$AAo?$AAt?$AAe?$AAs?$AAT?$AAy?$AAp?$AAe?$AA?$AA@ 00000001800011b0     Brackets.obj
 0001:000001c8       ??_C@_19CNDHNALO@?$AAB?$AAe?$AAe?$AAp?$AA?$AA@ 00000001800011c8     Brackets.obj
 0001:000001d8       ??_C@_1BG@KDMBKMK@?$AAJ?$AAu?$AAm?$AAp?$AAT?$AAo?$AAP?$AAa?$AAi?$AAr?$AA?$AA@ 00000001800011d8     Brackets.obj
 0001:000001f0       ??_C@_1BK@LJLNAEDP@?$AAB?$AAr?$AAa?$AAc?$AAk?$AAe?$AAt?$AAP?$AAr?$AAi?$AAo?$AAr?$AA?$AA@ 00000001800011f0     Brackets.obj
 0001:00000210       ??_C@_1BI@LPBIFPPH@?$AAI?$AAg?$AAn?$AAo?$AAr?$AAe?$AAA?$AAf?$AAt?$AAe?$AAr?$AA?$AA@ 0000000180001210     Brackets.obj
 0001:00000228       ??_C@_1BK@LFBLPBJM@?$AAI?$AAg?$AAn?$AAo?$AAr?$AAe?$AAQ?$AAu?$AAo?$AAt?$AAe?$AAs?$AA?$AA@ 0000000180001228     Brackets.obj
 0001:00000248       ??_7?$DialogItemBinding@UFarDialogItem@@@@6B@ 0000000180001248     Brackets.obj
 0001:00000260       ??_7?$DialogBuilderBase@UFarDialogItem@@@@6B@ 0000000180001260     Brackets.obj
 0001:000002a8       ??_7PluginEditFieldBinding@@6B@ 00000001800012a8     Brackets.obj
 0001:000002c0       ??_7PluginDialogBuilder@@6B@ 00000001800012c0     Brackets.obj
 0001:00000308       ??_7PluginCheckBoxBinding@@6B@ 0000000180001308     Brackets.obj
 0001:00000318       ??_7PluginRadioButtonBinding@@6B@ 0000000180001318     Brackets.obj
 0001:00000328       ??_C@_15EFLNJKHH@?$AA?$CF?$AAu?$AA?$AA@ 0000000180001328     Brackets.obj
 0001:00000330       ??_7PluginIntEditFieldBinding@@6B@ 0000000180001330     Brackets.obj
 0001:00000340       ??_7PluginUIntEditFieldBinding@@6B@ 0000000180001340     Brackets.obj
 0001:00000350       ??_C@_11LOCGONAA@?$AA?$AA@ 0000000180001350     Brackets.obj
 0001:00000358       ??_C@_19MGMPFFIA@?$AAF?$AAi?$AAn?$AAd?$AA?$AA@ 0000000180001358     Brackets.obj
 0001:00000368       ??_C@_1O@MDCABJAO@?$AAD?$AAi?$AAr?$AAe?$AAc?$AAt?$AA?$AA@ 0000000180001368     Brackets.obj
 0001:00000378       ??_C@_1BE@LCCGEFEM@?$AAS?$AAE?$AAA?$AAR?$AAC?$AAH?$AAF?$AAW?$AAD?$AA?$AA@ 0000000180001378     Brackets.obj
 0001:00000390       ??_C@_1BG@LIFFHAGC@?$AAS?$AAE?$AAA?$AAR?$AAC?$AAH?$AAB?$AAA?$AAC?$AAK?$AA?$AA@ 0000000180001390     Brackets.obj
 0001:000003a8       ??_C@_1BE@IFIBPANP@?$AAS?$AAE?$AAL?$AAE?$AAC?$AAT?$AAF?$AAW?$AAD?$AA?$AA@ 00000001800013a8     Brackets.obj
 0001:000003c0       ??_C@_1BG@FJDCNJBP@?$AAS?$AAE?$AAL?$AAE?$AAC?$AAT?$AAB?$AAA?$AAC?$AAK?$AA?$AA@ 00000001800013c0     Brackets.obj
 0001:000003d8       ??_C@_1O@BAHOLLMK@?$AAC?$AAO?$AAN?$AAF?$AAI?$AAG?$AA?$AA@ 00000001800013d8     Brackets.obj
 0001:00000400       __chkstk                   0000000180001400 f   chkstk.obj
 0001:00000400       _alloca_probe              0000000180001400     chkstk.obj
 0001:00000450       ?GetLangString@PluginDialogBuilder@@MEAAPEB_WH@Z 0000000180001450 f i Brackets.obj
 0001:00000460       GetGlobalInfoW             0000000180001460 f   Brackets.obj
 0001:000004e0       SetStartupInfoW            00000001800014e0 f   Brackets.obj
 0001:000007f0       GetPluginInfoW             00000001800017f0 f   Brackets.obj
 0001:00000860       ?InitDialogItem@?$DialogBuilderBase@UFarDialogItem@@@@MEAAXPEAUFarDialogItem@@PEB_W@Z 0000000180001860 f i Brackets.obj
 0001:00000860       ?SaveValue@?$DialogItemBinding@UFarDialogItem@@@@UEAAXPEAUFarDialogItem@@H@Z 0000000180001860 f i Brackets.obj
 0001:00000870       ?TextWidth@?$DialogBuilderBase@UFarDialogItem@@@@MEAAHAEBUFarDialogItem@@@Z 0000000180001870 f i Brackets.obj
 0001:00000880       ?DoShowDialog@?$DialogBuilderBase@UFarDialogItem@@@@MEAA_JXZ 0000000180001880 f i Brackets.obj
 0001:00000890       ??1?$DialogBuilderBase@UFarDialogItem@@@@MEAA@XZ 0000000180001890 f i Brackets.obj
 0001:00000910       ?GetLangString@?$DialogBuilderBase@UFarDialogItem@@@@MEAAPEB_WH@Z 0000000180001910 f i Brackets.obj
 0001:00000910       ?AddIntEditField@?$DialogBuilderBase@UFarDialogItem@@@@UEAAPEAUFarDialogItem@@PEAHH@Z 0000000180001910 f i Brackets.obj
 0001:00000910       ?AddUIntEditField@?$DialogBuilderBase@UFarDialogItem@@@@UEAAPEAUFarDialogItem@@PEAIH@Z 0000000180001910 f i Brackets.obj
 0001:00000910       ?CreateRadioButtonBinding@?$DialogBuilderBase@UFarDialogItem@@@@MEAAPEAU?$DialogItemBinding@UFarDialogItem@@@@PEAH@Z 0000000180001910 f i Brackets.obj
 0001:00000910       ?CreateCheckBoxBinding@?$DialogBuilderBase@UFarDialogItem@@@@MEAAPEAU?$DialogItemBinding@UFarDialogItem@@@@PEAHH@Z 0000000180001910 f i Brackets.obj
 0001:00000920       ??_G?$DialogBuilderBase@UFarDialogItem@@@@MEAAPEAXI@Z 0000000180001920 f i Brackets.obj
 0001:00000920       ??_E?$DialogBuilderBase@UFarDialogItem@@@@MEAAPEAXI@Z 0000000180001920 f i Brackets.obj
 0001:00000950       ?ReallocDialogItems@?$DialogBuilderBase@UFarDialogItem@@@@IEAAXXZ 0000000180001950 f i Brackets.obj
 0001:00000a70       ?ItemWidth@?$DialogBuilderBase@UFarDialogItem@@@@IEAA_JAEBUFarDialogItem@@@Z 0000000180001a70 f i Brackets.obj
 0001:00000b10       ?SaveValues@?$DialogBuilderBase@UFarDialogItem@@@@IEAAXXZ 0000000180001b10 f i Brackets.obj
 0001:00000bb0       ?MaxTextWidth@?$DialogBuilderBase@UFarDialogItem@@@@IEAA_JXZ 0000000180001bb0 f i Brackets.obj
 0001:00000cd0       ?SaveValue@PluginEditFieldBinding@@UEAAXPEAUFarDialogItem@@H@Z 0000000180001cd0 f i Brackets.obj
 0001:00000d10       ?InitDialogItem@PluginDialogBuilder@@MEAAXPEAUFarDialogItem@@PEB_W@Z 0000000180001d10 f i Brackets.obj
 0001:00000d40       ?TextWidth@PluginDialogBuilder@@MEAAHAEBUFarDialogItem@@@Z 0000000180001d40 f i Brackets.obj
 0001:00000d50       ?DoShowDialog@PluginDialogBuilder@@MEAA_JXZ 0000000180001d50 f i Brackets.obj
 0001:00000e00       ?SaveValue@PluginCheckBoxBinding@@UEAAXPEAUFarDialogItem@@H@Z 0000000180001e00 f i Brackets.obj
 0001:00000e60       ?SaveValue@PluginRadioButtonBinding@@UEAAXPEAUFarDialogItem@@H@Z 0000000180001e60 f i Brackets.obj
 0001:00000eb0       ??0PluginIntEditFieldBinding@@QEAA@AEBUPluginStartupInfo@@PEAPEAXHPEAHH@Z 0000000180001eb0 f i Brackets.obj
 0001:00000f70       ?SaveValue@PluginIntEditFieldBinding@@UEAAXPEAUFarDialogItem@@H@Z 0000000180001f70 f i Brackets.obj
 0001:00000fc0       ??0PluginUIntEditFieldBinding@@QEAA@AEBUPluginStartupInfo@@PEAPEAXHPEAIH@Z 0000000180001fc0 f i Brackets.obj
 0001:00001080       ?SaveValue@PluginUIntEditFieldBinding@@UEAAXPEAUFarDialogItem@@H@Z 0000000180002080 f i Brackets.obj
 0001:000010d0       ?CreateCheckBoxBinding@PluginDialogBuilder@@MEAAPEAU?$DialogItemBinding@UFarDialogItem@@@@PEAHH@Z 00000001800020d0 f i Brackets.obj
 0001:00001150       ?CreateRadioButtonBinding@PluginDialogBuilder@@MEAAPEAU?$DialogItemBinding@UFarDialogItem@@@@PEAH@Z 0000000180002150 f i Brackets.obj
 0001:000011c0       ??_GPluginDialogBuilder@@UEAAPEAXI@Z 00000001800021c0 f i Brackets.obj
 0001:000011c0       ??_EPluginDialogBuilder@@UEAAPEAXI@Z 00000001800021c0 f i Brackets.obj
 0001:00001210       ?AddButtons@?$DialogBuilderBase@UFarDialogItem@@@@QEAAXHPEBHHH@Z 0000000180002210 f i Brackets.obj
 0001:00001360       ?UpdateBorderSize@?$DialogBuilderBase@UFarDialogItem@@@@IEAAXXZ 0000000180002360 f i Brackets.obj
 0001:00001420       ??_EPluginUIntEditFieldBinding@@UEAAPEAXI@Z 0000000180002420 f i Brackets.obj
 0001:00001420       ??_EPluginRadioButtonBinding@@UEAAPEAXI@Z 0000000180002420 f i Brackets.obj
 0001:00001420       ??_E?$DialogItemBinding@UFarDialogItem@@@@UEAAPEAXI@Z 0000000180002420 f i Brackets.obj
 0001:00001420       ??_GPluginIntEditFieldBinding@@UEAAPEAXI@Z 0000000180002420 f i Brackets.obj
 0001:00001420       ??_EPluginEditFieldBinding@@UEAAPEAXI@Z 0000000180002420 f i Brackets.obj
 0001:00001420       ??_GPluginUIntEditFieldBinding@@UEAAPEAXI@Z 0000000180002420 f i Brackets.obj
 0001:00001420       ??_GPluginRadioButtonBinding@@UEAAPEAXI@Z 0000000180002420 f i Brackets.obj
 0001:00001420       ??_G?$DialogItemBinding@UFarDialogItem@@@@UEAAPEAXI@Z 0000000180002420 f i Brackets.obj
 0001:00001420       ??_GPluginEditFieldBinding@@UEAAPEAXI@Z 0000000180002420 f i Brackets.obj
 0001:00001420       ??_GPluginCheckBoxBinding@@UEAAPEAXI@Z 0000000180002420 f i Brackets.obj
 0001:00001420       ??_EPluginIntEditFieldBinding@@UEAAPEAXI@Z 0000000180002420 f i Brackets.obj
 0001:00001420       ??_EPluginCheckBoxBinding@@UEAAPEAXI@Z 0000000180002420 f i Brackets.obj
 0001:00001450       ?AddIntEditField@PluginDialogBuilder@@UEAAPEAUFarDialogItem@@PEAHH@Z 0000000180002450 f i Brackets.obj
 0001:00001560       ?AddUIntEditField@PluginDialogBuilder@@UEAAPEAUFarDialogItem@@PEAIH@Z 0000000180002560 f i Brackets.obj
 0001:00001670       ?Config@@YAHXZ             0000000180002670 f   Brackets.obj
 0001:00002890       ConfigureW                 0000000180003890 f   Brackets.obj
 0001:000028a0       ?ShowMenu@@YAHH@Z          00000001800038a0 f   Brackets.obj
 0001:00002a30       OpenW                      0000000180003a30 f   Brackets.obj
 0001:00003570       memcpy                     0000000180004570 f   libCRT64:memcpy.obj
 0001:000035a0       ??_V@YAXPEAX@Z             00000001800045a0 f   libCRT64:delete_array.obj
 0001:000035b0       ??3@YAXPEAX@Z              00000001800045b0 f   libCRT64:delete.obj
 0001:000035c0       ??_U@YAPEAX_K@Z            00000001800045c0 f   libCRT64:new_array.obj
 0001:000035d0       memset                     00000001800045d0 f   libCRT64:memset.obj
 0001:00003600       ??2@YAPEAX_K@Z             0000000180004600 f   libCRT64:new.obj
 0001:00003610       free                       0000000180004610 f   libCRT64:free.obj
 0001:00003640       malloc                     0000000180004640 f   libCRT64:malloc.obj
 0001:00003888       __IMPORT_DESCRIPTOR_KERNEL32 0000000180004888     kernel32:KERNEL32.dll
 0001:0000389c       __IMPORT_DESCRIPTOR_USER32 000000018000489c     user32:USER32.dll
 0001:000038b0       __NULL_IMPORT_DESCRIPTOR   00000001800048b0     kernel32:KERNEL32.dll

 entry point at        0000:00000000

 Static symbols

