 ConEmuTh.x64

 Timestamp is 572a8755 (Thu May  5 02:35:49 2016)

 Preferred load address is 0000000180000000

 Start         Length     Name                   Class
 0001:00000000 000001e0H .text                   CODE
 0001:000001e0 0001d560H .text$mn                CODE
 0001:0001d740 00000020H .text$mn$00             CODE
 0001:0001d760 00000270H .text$x                 CODE
 0002:00000000 00000658H .idata$5                DATA
 0002:00000658 00000010H .00cfg                  DATA
 0002:00000668 00000008H .CRT$XCA                DATA
 0002:00000670 00000008H .CRT$XCZ                DATA
 0002:00000678 00000008H .CRT$XIA                DATA
 0002:00000680 00000018H .CRT$XIC                DATA
 0002:00000698 00000008H .CRT$XIZ                DATA
 0002:000006a0 00000008H .CRT$XPA                DATA
 0002:000006a8 00000010H .CRT$XPX                DATA
 0002:000006b8 00000008H .CRT$XPXA               DATA
 0002:000006c0 00000008H .CRT$XPZ                DATA
 0002:000006c8 00000008H .CRT$XTA                DATA
 0002:000006d0 00000010H .CRT$XTZ                DATA
 0002:000006e0 00008658H .rdata                  DATA
 0002:00008d38 00000000H .rdata$r                DATA
 0002:00008d38 00000010H .rdata$zETW0            DATA
 0002:00008d48 00000077H .rdata$zETW1            DATA
 0002:00008dbf 0000002cH .rdata$zETW2            DATA
 0002:00008deb 00000001H .rdata$zETW9            DATA
 0002:00008dec 00000314H .rdata$zzzdbg           DATA
 0002:00009100 00000008H .rtc$IAA                DATA
 0002:00009108 00000008H .rtc$IZZ                DATA
 0002:00009110 00000008H .rtc$TAA                DATA
 0002:00009118 00000008H .rtc$TZZ                DATA
 0002:00009120 000012c0H .xdata                  DATA
 0002:0000a3e0 0000016cH .edata                  DATA
 0002:0000a54c 0000008cH .idata$2                DATA
 0002:0000a5d8 00000018H .idata$3                DATA
 0002:0000a5f0 00000658H .idata$4                DATA
 0002:0000ac48 00000df6H .idata$6                DATA
 0003:00000000 00000a00H .data                   DATA
 0003:000009f8 00000000H .data$r                 DATA
 0003:00000a00 0002b128H .bss                    DATA
 0004:00000000 000019d4H .pdata                  DATA
 0005:00000000 00000080H .gfids$x                DATA
 0005:00000080 0000001cH .gfids$y                DATA
 0006:00000000 000000f0H .rsrc$01                DATA
 0006:000000f0 000013a8H .rsrc$02                DATA

  Address         Publics by Value              Rva+Base               Lib:Object

 0000:00000000       __dynamic_value_reloc_table 0000000000000000     <absolute>
 0000:00000000       __guard_iat_count          0000000000000000     <absolute>
 0000:00000000       __guard_iat_table          0000000000000000     <absolute>
 0000:00000000       __guard_longjmp_table      0000000000000000     <absolute>
 0000:00000000       __guard_longjmp_count      0000000000000000     <absolute>
 0000:00000000       __guard_fids_count         0000000000000000     <absolute>
 0000:00000000       ___safe_se_handler_table   0000000000000000     <absolute>
 0000:00000000       ___safe_se_handler_count   0000000000000000     <absolute>
 0000:00000000       __guard_fids_table         0000000000000000     <absolute>
 0000:00000100       __guard_flags              0000000000000100     <absolute>
 0000:00000000       __ImageBase                0000000180000000     <linker-defined>
 0001:00000000       ?TraceLoggingRegister@__vcrt_trace_logging_provider@@YAJPEBU_TlgProvider_t@1@PEBU_GUID@@P6AX1KE_K2PEAU_EVENT_FILTER_DESCRIPTOR@@PEAX@Z4@Z 0000000180001000 f i libvcruntime:telemetry.obj
 0001:0000007c       ?_TlgEnableCallback@__vcrt_trace_logging_provider@@YAXPEBU_GUID@@KE_K1PEAU_EVENT_FILTER_DESCRIPTOR@@PEAX@Z 000000018000107c f i libvcruntime:telemetry.obj
 0001:00000140       ?_TlgWrite@__vcrt_trace_logging_provider@@YAJPEBU_TlgProvider_t@1@PEFBXPEBU_GUID@@2IPEAU_EVENT_DATA_DESCRIPTOR@@@Z 0000000180001140 f i libvcruntime:telemetry.obj
 0001:000001e0       ??0CEStr@@QEAA@PEB_W00000000@Z 00000001800011e0 f   CEStr.obj
 0001:00000288       ??1CEStr@@QEAA@XZ          0000000180001288 f   CEStr.obj
 0001:000002e4       ??BCEStr@@QEBAPEB_WXZ      00000001800012e4 f   CEStr.obj
 0001:000002e8       ?AttachInt@CEStr@@AEAAPEB_WAEAPEA_W@Z 00000001800012e8 f   CEStr.obj
 0001:00000378       ?Empty@CEStr@@QEAAXXZ      0000000180001378 f   CEStr.obj
 0001:00000398       ?GetBuffer@CEStr@@QEAAPEA_W_J@Z 0000000180001398 f   CEStr.obj
 0001:00000468       ?GetLen@CEStr@@QEBA_JXZ    0000000180001468 f   CEStr.obj
 0001:00000490       ?GetMaxCount@CEStr@@QEAA_JXZ 0000000180001490 f   CEStr.obj
 0001:000004bc       ?SavePathVar@CEStr@@QEAAXPEB_W@Z 00000001800014bc f   CEStr.obj
 0001:000004f4       ?Set@CEStr@@QEAAPEB_WPEB_W_J@Z 00000001800014f4 f   CEStr.obj
 0001:000005e8       ?StringCchCopyNW@@YAJPEA_W_KPEB_W1@Z 00000001800015e8 f i CEStr.obj
 0001:0000066c       ?PointToExt@@YAPEB_WPEB_W@Z 000000018000166c f   CmdLine.obj
 0001:00000690       ?PointToName@@YAPEB_WPEB_W@Z 0000000180001690 f   CmdLine.obj
 0001:000006ec       ?Unquote@@YAPEB_WPEA_W_N@Z 00000001800016ec f   CmdLine.obj
 0001:00000754       ?CommonShutdown@@YAXXZ     0000000180001754 f   Common.obj
 0001:00000764       ?ExecuteCmd@@YAPEAUCESERVER_REQ@@PEB_WPEAU1@KPEAUHWND__@@HKH@Z 0000000180001764 f   ConEmuCheck.obj
 0001:00000968       ?ExecuteFreeResult@@YAXAEAPEAUCESERVER_REQ@@@Z 0000000180001968 f   ConEmuCheck.obj
 0001:00000994       ?ExecuteGuiCmd@@YAPEAUCESERVER_REQ@@PEAUHWND__@@PEAU1@0H@Z 0000000180001994 f   ConEmuCheck.obj
 0001:00000a40       ?ExecuteNewCmd@@YAPEAUCESERVER_REQ@@K_K@Z 0000000180001a40 f   ConEmuCheck.obj
 0001:00000ab0       ?ExecuteOpenPipe@@YAPEAXPEB_WAEAY0CAI@_W0KKHPEAXH@Z 0000000180001ab0 f   ConEmuCheck.obj
 0001:00000c60       ?ExecutePrepareCmd@@YAXPEAUCESERVER_REQ@@K_K@Z 0000000180001c60 f   ConEmuCheck.obj
 0001:00000c9c       ?ExecutePrepareCmd@@YAXPEAUCESERVER_REQ_HDR@@K_K@Z 0000000180001c9c f   ConEmuCheck.obj
 0001:00000d0c       ?ModuleName@@YAPEB_WPEB_W@Z 0000000180001d0c f   ConEmuCheck.obj
 0001:00000dac       ?StringCchCopyW@@YAJPEA_W_KPEB_W@Z 0000000180001dac f i ConEmuCheck.obj
 0001:00000e24       ProcessSynchroEventW       0000000180001e24 f   ConEmuTh.obj
 0001:00000e2c       ExitFARW                   0000000180001e2c f   ConEmuTh.obj
 0001:00000e2c       ?ExitFARW3@@YAXPEAX@Z      0000000180001e2c f   ConEmuTh.obj
 0001:00000e64       ??_G?$MFileMapping@Utag_DetectedDialog@@@@QEAAPEAXI@Z 0000000180001e64 f i ConEmuTh.obj
 0001:0000103c       ?CheckConEmu@@YAHH@Z       000000018000203c f   ConEmuTh.obj
 0001:00001144       ?CheckPanelSettings@@YAHH@Z 0000000180002144 f   ConEmuTh.obj
 0001:0000117c       ?CheckVarsInitialized@@YAXXZ 000000018000217c f   ConEmuTh.obj
 0001:000012c4       ?CheckWindows@@YA_NXZ      00000001800022c4 f   ConEmuTh.obj
 0001:00001364       ?EntryPoint@@YAXH_J_N@Z    0000000180002364 f   ConEmuTh.obj
 0001:00001528       ?ExecuteInMainThread@@YAXPEAUConEmuThSynchroArg@@@Z 0000000180002528 f   ConEmuTh.obj
 0001:000015ac       ?ExitPlugin@@YAXXZ         00000001800025ac f   ConEmuTh.obj
 0001:000016e4       ?FreeItem@CePluginPanelItem@@QEAAXXZ 00000001800026e4 f   ConEmuTh.obj
 0001:00001714       ?FreeUserData@CePluginPanelItem@@QEAAXXZ 0000000180002714 f   ConEmuTh.obj
 0001:00001768       ?GetActivePanel@@YAPEAUCeFullPanelInfo@@XZ 0000000180002768 f   ConEmuTh.obj
 0001:000017ac       ?GetFarRect@@YAHPEAU_SMALL_RECT@@@Z 00000001800027ac f   ConEmuTh.obj
 0001:0000181c       ?GetFocusedThumbnails@@YAPEAUCeFullPanelInfo@@XZ 000000018000281c f   ConEmuTh.obj
 0001:00001878       ?GetMainThreadId@@YAKXZ    0000000180002878 f   ConEmuTh.obj
 0001:00001910       ?GetMsgW@@YAPEB_WH@Z       0000000180002910 f   ConEmuTh.obj
 0001:0000194c       ?GetPluginInfoWcmn@@YAXPEAX@Z 000000018000294c f   ConEmuTh.obj
 0001:00001970       ?InitName@?$MFileMapping@Utag_DetectedDialog@@@@QEAAPEB_WPEB_WKK@Z 0000000180002970 f i ConEmuTh.obj
 0001:00001970       ?InitName@?$MFileMapping@UPanelViewSetMapping@@@@QEAAPEB_WPEB_WKK@Z 0000000180002970 f i ConEmuTh.obj
 0001:00001a08       ?InternalOpenCreate@?$MFileMapping@UPanelViewSetMapping@@@@IEAAPEAUPanelViewSetMapping@@HHH@Z 0000000180002a08 f i ConEmuTh.obj
 0001:00001bb4       ?InternalOpenCreate@?$MFileMapping@Utag_DetectedDialog@@@@IEAAPEAUtag_DetectedDialog@@HHH@Z 0000000180002bb4 f i ConEmuTh.obj
 0001:00001d60       ?IsThumbnailsActive@@YAPEAUCeFullPanelInfo@@H@Z 0000000180002d60 f   ConEmuTh.obj
 0001:00001f4c       ?LoadFarVersion@@YAHXZ     0000000180002f4c f   ConEmuTh.obj
 0001:00002278       ?LoadPanelItemInfo@@YAXPEAUCeFullPanelInfo@@_J@Z 0000000180003278 f   ConEmuTh.obj
 0001:000022b0       ?LoadThSet@@YAHK@Z         00000001800032b0 f   ConEmuTh.obj
 0001:000024cc       ?OnPostPeekConsole@@YAHPEAXPEAU_INPUT_RECORD@@KPEAKPEAH@Z 00000001800034cc f   ConEmuTh.obj
 0001:0000250c       ?OnPostReadConsole@@YAHPEAXPEAU_INPUT_RECORD@@KPEAKPEAH@Z 000000018000350c f   ConEmuTh.obj
 0001:00002550       ?OnPrePeekConsole@@YAHPEAXPEAU_INPUT_RECORD@@KPEAKPEAH@Z 0000000180003550 f   ConEmuTh.obj
 0001:00002614       ?OnPreReadConsole@@YAHPEAXPEAU_INPUT_RECORD@@KPEAKPEAH@Z 0000000180003614 f   ConEmuTh.obj
 0001:00002630       ?OnPreWriteConsoleOutput@@YAHPEAXPEBU_CHAR_INFO@@U_COORD@@2PEAU_SMALL_RECT@@@Z 0000000180003630 f   ConEmuTh.obj
 0001:00002794       ?OnReadyForPanelsReload@@YAXXZ 0000000180003794 f   ConEmuTh.obj
 0001:000028fc       ?OpenPluginWcmn@@YAPEAXH_J_N@Z 00000001800038fc f   ConEmuTh.obj
 0001:00002968       ?OpenW@@YAPEAXPEBUOpenInfo@@@Z 0000000180003968 f   ConEmuTh.obj
 0001:00002998       ?PostMacro@@YAXPEA_W@Z     0000000180003998 f   ConEmuTh.obj
 0001:00002b28       ?ProcessConsoleInput@@YAHHPEAU_INPUT_RECORD@@KPEAK@Z 0000000180003b28 f   ConEmuTh.obj
 0001:00002e3c       ?ProcessSynchroEventCommon@@YAHHPEAX@Z 0000000180003e3c f   ConEmuTh.obj
 0001:00002fa8       ?ReloadPanelsInfo@@YAXXZ   0000000180003fa8 f   ConEmuTh.obj
 0001:00003138       ?ReloadResourcesW@@YAXXZ   0000000180004138 f   ConEmuTh.obj
 0001:000031d4       ?ResetUngetBuffer@@YAXXZ   00000001800041d4 f   ConEmuTh.obj
 0001:000031e4       ?SavePanelViewState@@YAXHK@Z 00000001800041e4 f   ConEmuTh.obj
 0001:00003224       ?SettingsLoad@@YAHPEB_WPEAK@Z 0000000180004224 f   ConEmuTh.obj
 0001:0000325c       ?SettingsLoadOther@@YAXPEB_W@Z 000000018000425c f   ConEmuTh.obj
 0001:000033d4       ?SettingsLoadReg@@YAHPEB_W0PEAK@Z 00000001800043d4 f   ConEmuTh.obj
 0001:00003474       ?SettingsSave@@YAXPEB_WPEAK@Z 0000000180004474 f   ConEmuTh.obj
 0001:000034ac       ?SettingsSaveReg@@YAXPEB_W0PEAK@Z 00000001800044ac f   ConEmuTh.obj
 0001:00003534       ?ShowLastError@@YAHXZ      0000000180004534 f   ConEmuTh.obj
 0001:000035a8       ?ShowMessage@@YAHHH@Z      00000001800045a8 f   ConEmuTh.obj
 0001:000035e0       ?ShowPluginMenu@@YAHXZ     00000001800045e0 f   ConEmuTh.obj
 0001:00003618       ?StartPlugin@@YAXH@Z       0000000180004618 f   ConEmuTh.obj
 0001:00003784       ?StringCchCatW@@YAJPEA_W_KPEB_W@Z 0000000180004784 f i ConEmuTh.obj
 0001:00003848       ?UpdateEnvVar@@YAXH@Z      0000000180004848 f   ConEmuTh.obj
 0001:00003878       ?isPreloadByDefault@@YA_NXZ 0000000180004878 f   ConEmuTh.obj
 0001:000038a0       DllMain                    00000001800048a0 f   ConEmuTh.obj
 0001:0000396c       GetMinFarVersionW          000000018000496c f   ConEmuTh.obj
 0001:00003974       SetStartupInfoW            0000000180004974 f   ConEmuTh.obj
 0001:000039d4       ?CheckFarPanelsW1900@@YA_NXZ 00000001800049d4 f   ConEmuTh1900.obj
 0001:00003a30       ?CheckPanelSettingsW1900@@YAHH@Z 0000000180004a30 f   ConEmuTh1900.obj
 0001:00003ae0       ?Color2BgIndex@Far3Color@@SAXKHAEAGPEBK@Z 0000000180004ae0 f i ConEmuTh1900.obj
 0001:00003bf4       ?Color2FgIndex@Far3Color@@SAXKAEAGPEBK@Z 0000000180004bf4 f i ConEmuTh1900.obj
 0001:00003ce4       ?ExecuteInMainThreadW1900@@YAXPEAUConEmuThSynchroArg@@@Z 0000000180004ce4 f   ConEmuTh1900.obj
 0001:00003d10       ?ExitFARW1900@@YAXXZ       0000000180004d10 f   ConEmuTh1900.obj
 0001:00003d68       ?FarColor_3_2@@YAEAEBUFarColor@@@Z 0000000180004d68 f i ConEmuTh1900.obj
 0001:00003e14       ?GetFarRectW1900@@YAXPEAU_SMALL_RECT@@@Z 0000000180004e14 f   ConEmuTh1900.obj
 0001:00003ea8       ?GetMsgW1900@@YAPEB_WH@Z   0000000180004ea8 f   ConEmuTh1900.obj
 0001:00003ed4       ?GetPluginInfoW1900@@YAXPEAX@Z 0000000180004ed4 f   ConEmuTh1900.obj
 0001:00004074       ?LoadPanelInfoW1900@@YAHH@Z 0000000180005074 f   ConEmuTh1900.obj
 0001:00004530       ?LoadPanelItemInfoW1900@@YAXPEAUCeFullPanelInfo@@_J@Z 0000000180005530 f   ConEmuTh1900.obj
 0001:0000477c       ?OpenW1900@@YAPEAXPEBX@Z   000000018000577c f   ConEmuTh1900.obj
 0001:000047dc       ?PostMacroW1900@@YAXPEA_W@Z 00000001800057dc f   ConEmuTh1900.obj
 0001:0000485c       ?ReloadPanelsInfoW1900@@YAXXZ 000000018000585c f   ConEmuTh1900.obj
 0001:00004880       ?SetCurrentPanelItemW1900@@YAXH_J0@Z 0000000180005880 f   ConEmuTh1900.obj
 0001:000049a8       ?SetStartupInfoW1900@@YAXPEAX@Z 00000001800059a8 f   ConEmuTh1900.obj
 0001:00004af4       ?SettingsLoadW1900@@YAHPEB_WPEAK@Z 0000000180005af4 f   ConEmuTh1900.obj
 0001:00004bc0       ?SettingsSaveW1900@@YAXPEB_WPEAK@Z 0000000180005bc0 f   ConEmuTh1900.obj
 0001:00004c98       ?ShowMessageW1900@@YAHHH@Z 0000000180005c98 f   ConEmuTh1900.obj
 0001:00004ce0       ?ShowMessageW1900@@YAHPEB_WH@Z 0000000180005ce0 f   ConEmuTh1900.obj
 0001:00004d4c       ?ShowPluginMenuW1900@@YAHXZ 0000000180005d4c f   ConEmuTh1900.obj
 0001:00004f44       ?CheckFarPanelsW2800@@YA_NXZ 0000000180005f44 f   ConEmuTh2800.obj
 0001:00004fb8       ?CheckPanelSettingsW2800@@YAHH@Z 0000000180005fb8 f   ConEmuTh2800.obj
 0001:00005068       ?ExecuteInMainThreadW2800@@YAXPEAUConEmuThSynchroArg@@@Z 0000000180006068 f   ConEmuTh2800.obj
 0001:00005094       ?ExitFARW2800@@YAXXZ       0000000180006094 f   ConEmuTh2800.obj
 0001:000050ec       ?FreePanelItemUserData2800@@YAXPEAX_KP6A_JXZ@Z 00000001800060ec f   ConEmuTh2800.obj
 0001:00005120       ?GetFarRectW2800@@YAXPEAU_SMALL_RECT@@@Z 0000000180006120 f   ConEmuTh2800.obj
 0001:000051bc       ?GetMsgW2800@@YAPEB_WH@Z   00000001800061bc f   ConEmuTh2800.obj
 0001:000051e8       ?GetPluginInfoW2800@@YAXPEAX@Z 00000001800061e8 f   ConEmuTh2800.obj
 0001:00005388       ?LoadPanelInfoW2800@@YAHH@Z 0000000180006388 f   ConEmuTh2800.obj
 0001:00005844       ?LoadPanelItemInfoW2800@@YAXPEAUCeFullPanelInfo@@_J@Z 0000000180006844 f   ConEmuTh2800.obj
 0001:00005ac0       ?OpenW2800@@YAPEAXPEBX@Z   0000000180006ac0 f   ConEmuTh2800.obj
 0001:00005b80       ?PostMacroW2800@@YAXPEA_W@Z 0000000180006b80 f   ConEmuTh2800.obj
 0001:00005c04       ?ProcessSynchroEventW3@@YA_JPEAX@Z 0000000180006c04 f   ConEmuTh2800.obj
 0001:00005c1c       ?ReloadPanelsInfoW2800@@YAXXZ 0000000180006c1c f   ConEmuTh2800.obj
 0001:00005c40       ?SetCurrentPanelItemW2800@@YAXH_J0@Z 0000000180006c40 f   ConEmuTh2800.obj
 0001:00005d6c       ?SetCurrentPanelItemW2800Int@@YAXH_J0@Z 0000000180006d6c f   ConEmuTh2800.obj
 0001:00005e94       ?SetStartupInfoW2800@@YAXPEAX@Z 0000000180006e94 f   ConEmuTh2800.obj
 0001:00005fe0       ?SettingsLoadW2800@@YAHPEB_WPEAK@Z 0000000180006fe0 f   ConEmuTh2800.obj
 0001:000060b4       ?SettingsSaveW2800@@YAXPEB_WPEAK@Z 00000001800070b4 f   ConEmuTh2800.obj
 0001:00006194       ?ShowMessageW2800@@YAHHH@Z 0000000180007194 f   ConEmuTh2800.obj
 0001:000061e0       ?ShowMessageW2800@@YAHPEB_WH@Z 00000001800071e0 f   ConEmuTh2800.obj
 0001:00006250       ?ShowPluginMenuW2800@@YAHXZ 0000000180007250 f   ConEmuTh2800.obj
 0001:0000645c       GetGlobalInfoW             000000018000745c f   ConEmuTh2800.obj
 0001:000064f4       ?CheckFarPanelsW995@@YA_NXZ 00000001800074f4 f   ConEmuTh995.obj
 0001:00006550       ?CheckPanelSettingsW995@@YAHH@Z 0000000180007550 f   ConEmuTh995.obj
 0001:000065cc       ?ExecuteInMainThreadW995@@YAXPEAUConEmuThSynchroArg@@@Z 00000001800075cc f   ConEmuTh995.obj
 0001:000065f4       ?ExitFARW995@@YAXXZ        00000001800075f4 f   ConEmuTh995.obj
 0001:00006670       ?GetFarRectW995@@YAXPEAU_SMALL_RECT@@@Z 0000000180007670 f   ConEmuTh995.obj
 0001:000066b0       ?GetMsgW995@@YAPEB_WH@Z    00000001800076b0 f   ConEmuTh995.obj
 0001:000066d8       ?GetPluginInfoW995@@YAXPEAX@Z 00000001800076d8 f   ConEmuTh995.obj
 0001:000067ac       ?LoadPanelInfo995@@YAHH@Z  00000001800077ac f   ConEmuTh995.obj
 0001:00006af4       ?LoadPanelItemInfoW995@@YAXPEAUCeFullPanelInfo@@_J@Z 0000000180007af4 f   ConEmuTh995.obj
 0001:00006c98       ?PostMacroW995@@YAXPEA_W@Z 0000000180007c98 f   ConEmuTh995.obj
 0001:00006cfc       ?ReloadPanelsInfoW995@@YAXXZ 0000000180007cfc f   ConEmuTh995.obj
 0001:00006d20       ?SetCurrentPanelItemW995@@YAXH_J0@Z 0000000180007d20 f   ConEmuTh995.obj
 0001:00006e2c       ?SetStartupInfoW995@@YAXPEAX@Z 0000000180007e2c f   ConEmuTh995.obj
 0001:00007000       ?SettingsLoadOtherW995@@YAXXZ 0000000180008000 f   ConEmuTh995.obj
 0001:0000700c       ?SettingsLoadW995@@YAHPEB_WPEAK@Z 000000018000800c f   ConEmuTh995.obj
 0001:00007020       ?SettingsSaveW995@@YAXPEB_WPEAK@Z 0000000180008020 f   ConEmuTh995.obj
 0001:00007034       ?ShowMessageW995@@YAHHH@Z  0000000180008034 f   ConEmuTh995.obj
 0001:00007078       ?ShowMessageW995@@YAHPEB_WH@Z 0000000180008078 f   ConEmuTh995.obj
 0001:000070b8       ?ShowPluginMenuW995@@YAHXZ 00000001800080b8 f   ConEmuTh995.obj
 0001:00007248       OpenPluginW                0000000180008248 f   ConEmuTh995.obj
 0001:00007268       ?CheckFarPanelsA@@YA_NXZ   0000000180008268 f   ConEmuThA.obj
 0001:000072d0       ?CheckPanelSettingsA@@YAHH@Z 00000001800082d0 f   ConEmuThA.obj
 0001:00007358       ?GetMsgA@@YAPEB_WHPEA_W@Z  0000000180008358 f   ConEmuThA.obj
 0001:00007454       ?LoadPanelInfoA@@YAHH@Z    0000000180008454 f   ConEmuThA.obj
 0001:0000782c       ?PostMacroA@@YAXPEAD@Z     000000018000882c f   ConEmuThA.obj
 0001:0000788c       ?ReloadPanelsInfoA@@YAXXZ  000000018000888c f   ConEmuThA.obj
 0001:000078b0       ?ReloadResourcesA@@YAXXZ   00000001800088b0 f   ConEmuThA.obj
 0001:0000796c       ?SetCurrentPanelItemA@@YAXH_J0@Z 000000018000896c f   ConEmuThA.obj
 0001:00007a8c       ?SettingsLoadA@@YAHPEB_WPEAK@Z 0000000180008a8c f   ConEmuThA.obj
 0001:00007aa0       ?SettingsLoadOtherA@@YAXXZ 0000000180008aa0 f   ConEmuThA.obj
 0001:00007aac       ?SettingsSaveA@@YAXPEB_WPEAK@Z 0000000180008aac f   ConEmuThA.obj
 0001:00007ac0       ?ShowMessageA@@YAHHH@Z     0000000180008ac0 f   ConEmuThA.obj
 0001:00007b10       ?ShowMessageA@@YAHPEBDH@Z  0000000180008b10 f   ConEmuThA.obj
 0001:00007b54       ?ShowPluginMenuA@@YAHXZ    0000000180008b54 f   ConEmuThA.obj
 0001:00007d2c       ExitFAR                    0000000180008d2c f   ConEmuThA.obj
 0001:00007dac       GetMinFarVersion           0000000180008dac f   ConEmuThA.obj
 0001:00007de4       GetPluginInfo              0000000180008de4 f   ConEmuThA.obj
 0001:00007e64       OpenPlugin                 0000000180008e64 f   ConEmuThA.obj
 0001:00007ea0       SetStartupInfo             0000000180008ea0 f   ConEmuThA.obj
 0001:0000809c       ?BisItem2CeItem@CeFullPanelInfo@@QEAAH_JH_KKKHH@Z 000000018000909c f   Display.obj
 0001:0000813c       ?CalcTopPanelItem@CeFullPanelInfo@@QEAA_J_J0@Z 000000018000913c f   Display.obj
 0001:00008210       ?Close@CeFullPanelInfo@@QEAAXXZ 0000000180009210 f   Display.obj
 0001:00008254       ?CreateView@CeFullPanelInfo@@QEAAPEAUHWND__@@XZ 0000000180009254 f   Display.obj
 0001:000085e0       ?DisplayReloadPanel@CeFullPanelInfo@@QEAAXXZ 00000001800095e0 f   Display.obj
 0001:0000861c       ?DisplayThread@CeFullPanelInfo@@SAKPEAX@Z 000000018000961c f   Display.obj
 0001:0000873c       ?DisplayWndProc@CeFullPanelInfo@@SA_JPEAUHWND__@@I_K_J@Z 000000018000973c f   Display.obj
 0001:00008c84       ?DrawItemText@CeFullPanelInfo@@QEAAHPEAUHDC__@@PEAUtagRECT@@1PEAUCePluginPanelItem@@PEB_WPEAUHBRUSH__@@H@Z 0000000180009c84 f   Display.obj
 0001:00009290       ?FarItem2CeItem@CeFullPanelInfo@@QEAAH_JPEB_W1KU_FILETIME@@_KHPEAX3P6A_JXZ3K@Z 000000018000a290 f   Display.obj
 0001:00009608       ?FinalRelease@CeFullPanelInfo@@QEAAXXZ 000000018000a608 f   Display.obj
 0001:00009750       ?GetConCoordFromIndex@CeFullPanelInfo@@QEAAH_JAEAU_COORD@@@Z 000000018000a750 f   Display.obj
 0001:00009800       ?GetIndexFromWndCoord@CeFullPanelInfo@@QEAAHHHAEA_J@Z 000000018000a800 f   Display.obj
 0001:00009898       ?GetItemColors@CeFullPanelInfo@@QEAAPEAUHBRUSH__@@_JPEAUCePluginPanelItem@@PEAUCePluginPanelItemColor@@HAEAK3@Z 000000018000a898 f   Display.obj
 0001:00009908       ?Invalidate@CeFullPanelInfo@@QEAAXXZ 000000018000a908 f   Display.obj
 0001:0000995c       ?InvalidateAll@CeFullPanelInfo@@SAXXZ 000000018000a95c f   Display.obj
 0001:000099ac       ?LoadItemColors@CeFullPanelInfo@@QEAAX_JPEAUCePluginPanelItem@@PEAUCePluginPanelItemColor@@HH@Z 000000018000a9ac f   Display.obj
 0001:00009c28       ?OnSettingsChanged@CeFullPanelInfo@@QEAAHH@Z 000000018000ac28 f   Display.obj
 0001:00009d5c       ?Paint@CeFullPanelInfo@@QEAAXPEAUHWND__@@AEAUtagPAINTSTRUCT@@AEAUtagRECT@@@Z 000000018000ad5c f   Display.obj
 0001:0000a678       ?PaintItem@CeFullPanelInfo@@QEAAHPEAUHDC__@@_JHHPEAUCePluginPanelItem@@PEAUCePluginPanelItemColor@@HHPEAUHBRUSH__@@4K@Z 000000018000b678 f   Display.obj
 0001:0000ab7c       ?ReallocItems@CeFullPanelInfo@@QEAAH_J@Z 000000018000bb7c f   Display.obj
 0001:0000ad24       ?RegisterPanelView@CeFullPanelInfo@@QEAAHXZ 000000018000bd24 f   Display.obj
 0001:0000afe8       ?RequestSetPos@CeFullPanelInfo@@QEAAX_J0H@Z 000000018000bfe8 f   Display.obj
 0001:0000b0cc       ?UnregisterPanelView@CeFullPanelInfo@@QEAAH_N@Z 000000018000c0cc f   Display.obj
 0001:0000b1e4       ?Init@HkFunc@@QEAA_NPEB_WPEAUHINSTANCE__@@@Z 000000018000c1e4 f   HkFunc.obj
 0001:0000b284       ??$SafeDelete@UMSectionSimple@@@@YAXAEAPEAUMSectionSimple@@@Z 000000018000c284 f i ImgCache.obj
 0001:0000b2d8       ??0?$CQueueProcessor@PEAUIMAGE_CACHE_INFO@@@@QEAA@XZ 000000018000c2d8 f i ImgCache.obj
 0001:0000b34c       ??0CImgCache@@QEAA@PEAUHINSTANCE__@@@Z 000000018000c34c f   ImgCache.obj
 0001:0000b488       ??1?$CQueueProcessor@PEAUIMAGE_CACHE_INFO@@@@UEAA@XZ 000000018000c488 f i ImgCache.obj
 0001:0000b53c       ??1CImgCache@@QEAA@XZ      000000018000c53c f   ImgCache.obj
 0001:0000b5f4       ??_GCImgLoader@@UEAAPEAXI@Z 000000018000c5f4 f i ImgCache.obj
 0001:0000b5f4       ??_E?$CQueueProcessor@PEAUIMAGE_CACHE_INFO@@@@UEAAPEAXI@Z 000000018000c5f4 f i ImgCache.obj
 0001:0000b5f4       ??_G?$CQueueProcessor@PEAUIMAGE_CACHE_INFO@@@@UEAAPEAXI@Z 000000018000c5f4 f i ImgCache.obj
 0001:0000b5f4       ??_ECImgLoader@@UEAAPEAXI@Z 000000018000c5f4 f i ImgCache.obj
 0001:0000b628       ?ApplyChanges@?$CQueueProcessor@PEAUIMAGE_CACHE_INFO@@@@MEAAXAEAPEAUIMAGE_CACHE_INFO@@AEBQEAU2@@Z 000000018000c628 f i ImgCache.obj
 0001:0000b628       ?OnItemFailed@?$CQueueProcessor@PEAUIMAGE_CACHE_INFO@@@@MEAAXAEAPEAUIMAGE_CACHE_INFO@@_J@Z 000000018000c628 f i ImgCache.obj
 0001:0000b628       ?OnThreadStopped@?$CQueueProcessor@PEAUIMAGE_CACHE_INFO@@@@MEAAXXZ 000000018000c628 f i ImgCache.obj
 0001:0000b628       ?OnItemReady@?$CQueueProcessor@PEAUIMAGE_CACHE_INFO@@@@MEAAXAEAPEAUIMAGE_CACHE_INFO@@_J@Z 000000018000c628 f i ImgCache.obj
 0001:0000b628       ?FreeItem@?$CQueueProcessor@PEAUIMAGE_CACHE_INFO@@@@MEAAXAEBQEAUIMAGE_CACHE_INFO@@@Z 000000018000c628 f i ImgCache.obj
 0001:0000b628       ?SettingsLoadOtherW1900@@YAXXZ 000000018000c628 f i ConEmuTh1900.obj
 0001:0000b628       _guard_check_icall_nop     000000018000c628 f i LIBCMT:guard_support.obj
 0001:0000b628       ?SettingsLoadOtherW2800@@YAXXZ 000000018000c628 f i ConEmuTh2800.obj
 0001:0000b628       __except_validate_context_record 000000018000c628 f i libvcruntime:jbcxrval.obj
 0001:0000b628       ?LoadPanelItemInfoA@@YAXPEAUCeFullPanelInfo@@_J@Z 000000018000c628 f i ConEmuThA.obj
 0001:0000b62c       ?CheckDrawDibCreated@CImgCache@@IEAAHXZ 000000018000c62c f   ImgCache.obj
 0001:0000b780       ?CheckLoadDibCreated@CImgCache@@IEAAHXZ 000000018000c780 f   ImgCache.obj
 0001:0000b8d4       ?CheckThread@?$CQueueProcessor@PEAUIMAGE_CACHE_INFO@@@@IEAAJXZ 000000018000c8d4 f i ImgCache.obj
 0001:0000b994       ?ClearQueue@?$CQueueProcessor@PEAUIMAGE_CACHE_INFO@@@@AEAAXXZ 000000018000c994 f i ImgCache.obj
 0001:0000ba30       ?CopyBits@CImgCache@@IEAAXU_COORD@@PEAEK01@Z 000000018000ca30 f   ImgCache.obj
 0001:0000bab8       ?CopyItem@?$CQueueProcessor@PEAUIMAGE_CACHE_INFO@@@@MEAAXPEBQEAUIMAGE_CACHE_INFO@@PEAPEAU2@@Z 000000018000cab8 f i ImgCache.obj
 0001:0000bad8       ?FindInCache@CImgCache@@IEAAHPEAUCePluginPanelItem@@PEAHI@Z 000000018000cad8 f   ImgCache.obj
 0001:0000bcf4       ?FindOrCreate@?$CQueueProcessor@PEAUIMAGE_CACHE_INFO@@@@AEAAPEAUProcessingItem@1@AEBQEAUIMAGE_CACHE_INFO@@_J_NW4ProcessingPriority@@@Z 000000018000ccf4 f i ImgCache.obj
 0001:0000bf3c       ?FreeModules@CImgCache@@IEAAXXZ 000000018000cf3c f   ImgCache.obj
 0001:0000c000       ?Init@CImgCache@@QEAAXK@Z  000000018000d000 f   ImgCache.obj
 0001:0000c060       ?InitializeQueue@?$CQueueProcessor@PEAUIMAGE_CACHE_INFO@@@@AEAAXH@Z 000000018000d060 f i ImgCache.obj
 0001:0000c12c       ?IsEqual@?$CQueueProcessor@PEAUIMAGE_CACHE_INFO@@@@MEAA_NAEBQEAUIMAGE_CACHE_INFO@@_J01@Z 000000018000d12c f i ImgCache.obj
 0001:0000c14c       ?IsEqual@CImgLoader@@UEAA_NAEAPEBUIMAGE_CACHE_INFO@@_JAEAPEAU2@1@Z 000000018000d14c f i ImgCache.obj
 0001:0000c164       ?IsStopRequested@?$CQueueProcessor@PEAUIMAGE_CACHE_INFO@@@@UEAA_NAEBQEAUIMAGE_CACHE_INFO@@@Z 000000018000d164 f i ImgCache.obj
 0001:0000c174       ?IsTerminationRequested@?$CQueueProcessor@PEAUIMAGE_CACHE_INFO@@@@MEAA_NXZ 000000018000d174 f i ImgCache.obj
 0001:0000c174       ?IsTerminationRequested@CImgLoader@@UEAA_NXZ 000000018000d174 f i ImgCache.obj
 0001:0000c178       ?LoadModules@CImgCache@@IEAAXXZ 000000018000d178 f   ImgCache.obj
 0001:0000c434       ?LoadShellIcon@CImgCache@@QEAAHPEAUIMAGE_CACHE_INFO@@H@Z 000000018000d434 f   ImgCache.obj
 0001:0000c760       ?LoadThumbnail@CImgCache@@QEAAHPEAUIMAGE_CACHE_INFO@@@Z 000000018000d760 f   ImgCache.obj
 0001:0000ce9c       ?OnThreadStarted@?$CQueueProcessor@PEAUIMAGE_CACHE_INFO@@@@MEAAJXZ 000000018000de9c f i ImgCache.obj
 0001:0000cea0       ?OnThreadStarted@CImgLoader@@UEAAJXZ 000000018000dea0 f i ImgCache.obj
 0001:0000ceb4       ?OnThreadStopped@CImgLoader@@UEAAXXZ 000000018000deb4 f i ImgCache.obj
 0001:0000cebc       ?PaintItem@CImgCache@@QEAAHPEAUHDC__@@HHHPEAUCePluginPanelItem@@PEAPEB_WPEAH@Z 000000018000debc f   ImgCache.obj
 0001:0000d3cc       ?ProcessItem@?$CQueueProcessor@PEAUIMAGE_CACHE_INFO@@@@IEAAJPEAUProcessingItem@1@@Z 000000018000e3cc f i ImgCache.obj
 0001:0000d3f8       ?ProcessItem@?$CQueueProcessor@PEAUIMAGE_CACHE_INFO@@@@MEAAJAEAPEAUIMAGE_CACHE_INFO@@_J@Z 000000018000e3f8 f i ImgCache.obj
 0001:0000d400       ?ProcessItem@CImgLoader@@UEAAJAEAPEAUIMAGE_CACHE_INFO@@_J@Z 000000018000e400 f i ImgCache.obj
 0001:0000d458       ?ProcessingStep@?$CQueueProcessor@PEAUIMAGE_CACHE_INFO@@@@IEAA_NXZ 000000018000e458 f i ImgCache.obj
 0001:0000d660       ?ProcessingThread@?$CQueueProcessor@PEAUIMAGE_CACHE_INFO@@@@KAKPEAX@Z 000000018000e660 f i ImgCache.obj
 0001:0000d690       ?RequestItem@CImgCache@@QEAAHPEAUCePluginPanelItem@@I@Z 000000018000e690 f   ImgCache.obj
 0001:0000d790       ?Reset@CImgCache@@QEAAXXZ  000000018000e790 f   ImgCache.obj
 0001:0000d9a0       ?SetCacheLocation@CImgCache@@QEAAXPEB_W@Z 000000018000e9a0 f   ImgCache.obj
 0001:0000da20       ??2@YAPEAX_K@Z             000000018000ea20 f   Memory.obj
 0001:0000da54       ??3@YAXPEAX@Z              000000018000ea54 f   Memory.obj
 0001:0000da68       ??_U@YAPEAX_K@Z            000000018000ea68 f   Memory.obj
 0001:0000da7c       ??_V@YAXPEAX@Z             000000018000ea7c f   Memory.obj
 0001:0000da90       ?HeapDeinitialize@@YAXXZ   000000018000ea90 f   Memory.obj
 0001:0000dab4       ?HeapInitialize@@YA_NXZ    000000018000eab4 f   Memory.obj
 0001:0000daec       ?xf_calloc@@YAPEAX_K0PEBDH@Z 000000018000eaec f   Memory.obj
 0001:0000db7c       ?xf_free@@YAXPEAXPEBDH@Z   000000018000eb7c f   Memory.obj
 0001:0000dbb8       ?xf_malloc@@YAPEAX_KPEBDH@Z 000000018000ebb8 f   Memory.obj
 0001:0000dc40       ?xf_realloc@@YAPEAXPEAX_KPEBDH@Z 000000018000ec40 f   Memory.obj
 0001:0000dcf4       ?xf_set_tag@@YAXPEAXPEBDH_N@Z 000000018000ecf4 f   Memory.obj
 0001:0000dd9c       ?xf_validate@@YA_NPEAX@Z   000000018000ed9c f   Memory.obj
 0001:0000ddc4       ??1?$MToolHelp@UtagPROCESSENTRY32W@@$1?Process32FirstW@@YAHPEAXPEAU1@@Z$1?Process32NextW@@YAH01@Z@@UEAA@XZ 000000018000edc4 f i MProcess.obj
 0001:0000de68       ??_E?$MToolHelp@UtagPROCESSENTRY32W@@$1?Process32FirstW@@YAHPEAXPEAU1@@Z$1?Process32NextW@@YAH01@Z@@UEAAPEAXI@Z 000000018000ee68 f i MProcess.obj
 0001:0000de68       ??_EMToolHelpProcess@@UEAAPEAXI@Z 000000018000ee68 f i MProcess.obj
 0001:0000de68       ??_G?$MToolHelp@UtagPROCESSENTRY32W@@$1?Process32FirstW@@YAHPEAXPEAU1@@Z$1?Process32NextW@@YAH01@Z@@UEAAPEAXI@Z 000000018000ee68 f i MProcess.obj
 0001:0000de68       ??_GMToolHelpProcess@@UEAAPEAXI@Z 000000018000ee68 f i MProcess.obj
 0001:0000de9c       ?Find@?$MToolHelp@UtagPROCESSENTRY32W@@$1?Process32FirstW@@YAHPEAXPEAU1@@Z$1?Process32NextW@@YAH01@Z@@QEAA_NP6A_NPEAUtagPROCESSENTRY32W@@_J@Z10@Z 000000018000ee9c f i MProcess.obj
 0001:0000df68       ?Open@?$MToolHelp@UtagPROCESSENTRY32W@@$1?Process32FirstW@@YAHPEAXPEAU1@@Z$1?Process32NextW@@YAH01@Z@@QEAA_NXZ 000000018000ef68 f i MProcess.obj
 0001:0000dffc       ?addsize@?$MArray@UtagPROCESSENTRY32W@@@@QEAAX_J@Z 000000018000effc f i MProcess.obj
 0001:0000e0bc       ?getNext@?$MToolHelp@UtagPROCESSENTRY32W@@$1?Process32FirstW@@YAHPEAXPEAU1@@Z$1?Process32NextW@@YAH01@Z@@IEAA_NXZ 000000018000f0bc f i MProcess.obj
 0001:0000e15c       ?isTerminalMode@@YA_NXZ    000000018000f15c f   MProcess.obj
 0001:0000e2c0       ?push_back@?$MArray@UtagPROCESSENTRY32W@@@@QEAA_JAEBUtagPROCESSENTRY32W@@@Z 000000018000f2c0 f i MProcess.obj
 0001:0000e334       ??0MSection@@QEAA@XZ       000000018000f334 f   MSection.obj
 0001:0000e3bc       ??0MSectionLock@@QEAA@XZ   000000018000f3bc f   MSection.obj
 0001:0000e3cc       ??1MSection@@QEAA@XZ       000000018000f3cc f   MSection.obj
 0001:0000e440       ??1MSectionLock@@QEAA@XZ   000000018000f440 f   MSection.obj
 0001:0000e464       ?AddRef@MSection@@IEAAXK@Z 000000018000f464 f   MSection.obj
 0001:0000e4f8       ?Lock@MSection@@IEAAHHK@Z  000000018000f4f8 f   MSection.obj
 0001:0000e5f8       ?Lock@MSectionLock@@QEAAHPEAVMSection@@HK@Z 000000018000f5f8 f   MSection.obj
 0001:0000e64c       ?MyEnterCriticalSection@MSection@@IEAA_NK@Z 000000018000f64c f   MSection.obj
 0001:0000e77c       ?ReleaseRef@MSection@@IEAAHK@Z 000000018000f77c f   MSection.obj
 0001:0000e820       ?Unlock@MSection@@IEAAXH@Z 000000018000f820 f   MSection.obj
 0001:0000e878       ?Unlock@MSectionLock@@QEAAXXZ 000000018000f878 f   MSection.obj
 0001:0000e8a4       ?WaitUnlocked@MSection@@IEAAXKK@Z 000000018000f8a4 f   MSection.obj
 0001:0000e938       ??0MSectionLockSimple@@QEAA@XZ 000000018000f938 f   MSectionSimple.obj
 0001:0000e944       ??0MSectionSimple@@QEAA@_N@Z 000000018000f944 f   MSectionSimple.obj
 0001:0000e97c       ??1MSectionLockSimple@@QEAA@XZ 000000018000f97c f   MSectionSimple.obj
 0001:0000e990       ??1MSectionSimple@@QEAA@XZ 000000018000f990 f   MSectionSimple.obj
 0001:0000e990       ?Close@MSectionSimple@@QEAAXXZ 000000018000f990 f   MSectionSimple.obj
 0001:0000e9b0       ?Enter@MSectionSimple@@QEAAXXZ 000000018000f9b0 f   MSectionSimple.obj
 0001:0000e9b8       ?Init@MSectionSimple@@QEAAXXZ 000000018000f9b8 f   MSectionSimple.obj
 0001:0000e9d8       ?Leave@MSectionSimple@@QEAAXXZ 000000018000f9d8 f   MSectionSimple.obj
 0001:0000e9e0       ?Lock@MSectionLockSimple@@QEAAHPEAUMSectionSimple@@K@Z 000000018000f9e0 f   MSectionSimple.obj
 0001:0000ea78       ?RecreateAndLock@MSectionSimple@@QEAA_NXZ 000000018000fa78 f   MSectionSimple.obj
 0001:0000eae8       ?TryEnter@MSectionSimple@@QEAA_NXZ 000000018000fae8 f   MSectionSimple.obj
 0001:0000eb10       ?Unlock@MSectionLockSimple@@QEAAXXZ 000000018000fb10 f   MSectionSimple.obj
 0001:0000eb38       ??_GMNullDesc@@QEAAPEAXI@Z 000000018000fb38 f i MSecurity.obj
 0001:0000ebb0       ?LoadAdvApi@MNullDesc@@IEAAHXZ 000000018000fbb0 f i MSecurity.obj
 0001:0000ed48       ?LocalSecurity@@YAPEAU_SECURITY_ATTRIBUTES@@XZ 000000018000fd48 f   MSecurity.obj
 0001:0000eda4       ?LocalSecurity@MNullDesc@@QEAAPEAU_SECURITY_ATTRIBUTES@@XZ 000000018000fda4 f i MSecurity.obj
 0001:0000ef10       ?ShutdownSecurity@@YAXXZ   000000018000ff10 f   MSecurity.obj
 0001:0000ef38       ?lstrdup@@YAPEA_WPEB_W_K@Z 000000018000ff38 f   MStrDup.obj
 0001:0000efb8       ?lstrmerge@@YAPEA_WPEB_W00000000@Z 000000018000ffb8 f   MStrDup.obj
 0001:0000f0d8       ?msprintf@@YAPEB_WPEA_W_KPEB_WZZ 00000001800100d8 f   MStrSafe.obj
 0001:0000f514       ??0CRgnDetect@@QEAA@XZ     0000000180010514 f   RgnDetect.obj
 0001:0000f5d8       ??1CRgnDetect@@QEAA@XZ     00000001800105d8 f   RgnDetect.obj
 0001:0000f65c       ?DetectDialog@CRgnDetect@@IEAA_NPEA_WPEAUtag_CharAttr@@HHHHPEAH2@Z 000000018001065c f   RgnDetect.obj
 0001:0000fa04       ?ExpandDialogFrame@CRgnDetect@@IEAA_NPEA_WPEAUtag_CharAttr@@HHAEAH2HH22@Z 0000000180010a04 f   RgnDetect.obj
 0001:0000fcd8       ?FindByBackground@CRgnDetect@@IEAA_NPEA_WPEAUtag_CharAttr@@HHAEAH222AEA_N@Z 0000000180010cd8 f   RgnDetect.obj
 0001:0000fddc       ?FindDialog_Any@CRgnDetect@@IEAA_NPEA_WPEAUtag_CharAttr@@HHAEAH222AEA_N@Z 0000000180010ddc f   RgnDetect.obj
 0001:0001008c       ?FindDialog_Inner@CRgnDetect@@IEAA_NPEA_WPEAUtag_CharAttr@@HHAEAH2@Z 000000018001108c f   RgnDetect.obj
 0001:000101d8       ?FindDialog_Left@CRgnDetect@@IEAA_NPEA_WPEAUtag_CharAttr@@HHAEAH222AEA_N@Z 00000001800111d8 f   RgnDetect.obj
 0001:000103c8       ?FindDialog_Right@CRgnDetect@@IEAA_NPEA_WPEAUtag_CharAttr@@HHAEAH222AEA_N@Z 00000001800113c8 f   RgnDetect.obj
 0001:00010530       ?FindDialog_TopLeft@CRgnDetect@@IEAA_NPEA_WPEAUtag_CharAttr@@HHAEAH222AEA_N@Z 0000000180011530 f   RgnDetect.obj
 0001:0001063c       ?FindDialog_TopRight@CRgnDetect@@IEAA_NPEA_WPEAUtag_CharAttr@@HHAEAH222AEA_N@Z 000000018001163c f   RgnDetect.obj
 0001:00010754       ?FindFrameBottom_ByLeft@CRgnDetect@@IEAA_NPEA_WPEAUtag_CharAttr@@HHAEAH22@Z 0000000180011754 f   RgnDetect.obj
 0001:000107e8       ?FindFrameBottom_ByRight@CRgnDetect@@IEAA_NPEA_WPEAUtag_CharAttr@@HHAEAH22@Z 00000001800117e8 f   RgnDetect.obj
 0001:0001089c       ?FindFrameLeft_ByBottom@CRgnDetect@@IEAA_NPEA_WPEAUtag_CharAttr@@HHAEAH22@Z 000000018001189c f   RgnDetect.obj
 0001:00010968       ?FindFrameLeft_ByTop@CRgnDetect@@IEAA_NPEA_WPEAUtag_CharAttr@@HHAEAH22@Z 0000000180011968 f   RgnDetect.obj
 0001:00010ad4       ?FindFrameRight_ByBottom@CRgnDetect@@IEAA_NPEA_WPEAUtag_CharAttr@@HHAEAH22@Z 0000000180011ad4 f   RgnDetect.obj
 0001:00010bb8       ?FindFrameRight_ByTop@CRgnDetect@@IEAA_NPEA_WPEAUtag_CharAttr@@HHAEAH22@Z 0000000180011bb8 f   RgnDetect.obj
 0001:00010cf0       ?FindFrameTop_ByLeft@CRgnDetect@@IEAA_NPEA_WPEAUtag_CharAttr@@HHAEAH22@Z 0000000180011cf0 f   RgnDetect.obj
 0001:00010d84       ?FindFrameTop_ByRight@CRgnDetect@@IEAA_NPEA_WPEAUtag_CharAttr@@HHAEAH22@Z 0000000180011d84 f   RgnDetect.obj
 0001:00010e40       ?FindFrame_TopLeft@CRgnDetect@@IEAA_NPEA_WPEAUtag_CharAttr@@HHAEAH222@Z 0000000180011e40 f   RgnDetect.obj
 0001:00010f44       ?GetCharAttr@CRgnDetect@@QEAAHHHAEA_WAEAUtag_CharAttr@@@Z 0000000180011f44 f   RgnDetect.obj
 0001:00010fc0       ?GetDetectedDialogsPtr@CRgnDetect@@QEBAPEBUtag_DetectedDialog@@XZ 0000000180011fc0 f   RgnDetect.obj
 0001:00010fc8       ?GetFlags@CRgnDetect@@QEBAKXZ 0000000180011fc8 f   RgnDetect.obj
 0001:00010fd0       ?InitializeSBI@CRgnDetect@@QEAAHPEBK@Z 0000000180011fd0 f   RgnDetect.obj
 0001:000113fc       ?MarkDialog@CRgnDetect@@IEAAHPEA_WPEAUtag_CharAttr@@HHHHHHI_NK@Z 00000001800123fc f   RgnDetect.obj
 0001:00011d04       ?OnWindowSizeChanged@CRgnDetect@@QEAAXXZ 0000000180012d04 f   RgnDetect.obj
 0001:00011d0c       ?OnWriteConsoleOutput@CRgnDetect@@QEAAXPEBU_CHAR_INFO@@U_COORD@@1PEAU_SMALL_RECT@@PEBK@Z 0000000180012d0c f   RgnDetect.obj
 0001:00011f7c       ?PrepareTransparent@CRgnDetect@@QEAAXPEBUCEFAR_INFO_MAPPING@@PEBK@Z 0000000180012f7c f   RgnDetect.obj
 0001:00012050       ?PrepareTransparent@CRgnDetect@@QEAAXPEBUCEFAR_INFO_MAPPING@@PEBKPEBU_CONSOLE_SCREEN_BUFFER_INFO@@PEA_WPEAUtag_CharAttr@@HH@Z 0000000180013050 f   RgnDetect.obj
 0001:00012824       ?SetFarRect@CRgnDetect@@QEAAXPEAU_SMALL_RECT@@@Z 0000000180013824 f   RgnDetect.obj
 0001:000128a4       ?TextHeight@CRgnDetect@@QEAAHXZ 00000001800138a4 f   RgnDetect.obj
 0001:000128d0       ?TextWidth@CRgnDetect@@QEAAHXZ 00000001800138d0 f   RgnDetect.obj
 0001:000128fc       ?SearchAppPaths@@YA_NPEB_WAEAUCEStr@@_NPEAU1@@Z 00000001800138fc f   WFiles.obj
 0001:00012d10       ?ExpandEnvStr@@YAPEA_WPEB_W@Z 0000000180013d10 f   WObjects.obj
 0001:00012dd8       ?FileExists@@YA_NPEB_WPEAK@Z 0000000180013dd8 f   WObjects.obj
 0001:00012f4c       ?GetEnvVar@@YAPEA_WPEB_W@Z 0000000180013f4c f   WObjects.obj
 0001:0001301c       ?IsWindows64@@YA_NXZ       000000018001401c f   WObjects.obj
 0001:00013040       ?SetThreadName@@YAXKPEAD@Z 0000000180014040 f   WThreads.obj
 0001:00013078       ?apiCreateThread@@YAPEAXP6AKPEAX@Z0PEAKPEBDH@Z 0000000180014078 f   WThreads.obj
 0001:000131c8       ?apiTerminateThreadEx@@YAHPEAXKPEBDH@Z 00000001800141c8 f   WThreads.obj
 0001:000132d4       ?apiThreadHelper@@YAKPEAX@Z 00000001800142d4 f   WThreads.obj
 0001:000134bc       ?apiShowWindow@@YA_NPEAUHWND__@@H@Z 00000001800144bc f   WUser.obj
 0001:000134d0       CreateToolhelp32Snapshot   00000001800144d0 f   kernel32:KERNEL32.dll
 0001:000134d6       Thread32First              00000001800144d6 f   kernel32:KERNEL32.dll
 0001:000134dc       Thread32Next               00000001800144dc f   kernel32:KERNEL32.dll
 0001:000134e2       Process32FirstW            00000001800144e2 f   kernel32:KERNEL32.dll
 0001:000134e8       Process32NextW             00000001800144e8 f   kernel32:KERNEL32.dll
 0001:000134ee       GetFileVersionInfoSizeW    00000001800144ee f   version:VERSION.dll
 0001:000134f4       GetFileVersionInfoW        00000001800144f4 f   version:VERSION.dll
 0001:000134fa       VerQueryValueW             00000001800144fa f   version:VERSION.dll
 0001:00013500       ??3@YAXPEAX_K@Z            0000000180014500 f   LIBCMT:delete_scalar_size.obj
 0001:00013878       _DllMainCRTStartup         0000000180014878 f   LIBCMT:dll_dllmain.obj
 0001:000138b8       __scrt_acquire_startup_lock 00000001800148b8 f   LIBCMT:utility.obj
 0001:000138f4       __scrt_dllmain_after_initialize_c 00000001800148f4 f   LIBCMT:utility.obj
 0001:00013928       __scrt_dllmain_before_initialize_c 0000000180014928 f   LIBCMT:utility.obj
 0001:00013940       __scrt_dllmain_crt_thread_attach 0000000180014940 f   LIBCMT:utility.obj
 0001:00013968       __scrt_dllmain_crt_thread_detach 0000000180014968 f   LIBCMT:utility.obj
 0001:00013980       __scrt_dllmain_exception_filter 0000000180014980 f   LIBCMT:utility.obj
 0001:000139e4       __scrt_dllmain_uninitialize_c 00000001800149e4 f   LIBCMT:utility.obj
 0001:00013a14       __scrt_dllmain_uninitialize_critical 0000000180014a14 f   LIBCMT:utility.obj
 0001:00013a28       __scrt_initialize_crt      0000000180014a28 f   LIBCMT:utility.obj
 0001:00013a74       __scrt_initialize_onexit_tables 0000000180014a74 f   LIBCMT:utility.obj
 0001:00013b40       __scrt_is_nonwritable_in_current_image 0000000180014b40 f   LIBCMT:utility.obj
 0001:00013bdc       __scrt_release_startup_lock 0000000180014bdc f   LIBCMT:utility.obj
 0001:00013c00       __scrt_uninitialize_crt    0000000180014c00 f   LIBCMT:utility.obj
 0001:00013c2c       _onexit                    0000000180014c2c f   LIBCMT:utility.obj
 0001:00013c7c       atexit                     0000000180014c7c f   LIBCMT:utility.obj
 0001:00013c94       __security_init_cookie     0000000180014c94 f   LIBCMT:gs_support.obj
 0001:00013d40       ?__scrt_initialize_type_info@@YAXXZ 0000000180014d40 f   LIBCMT:tncleanup.obj
 0001:00013d50       ?__scrt_uninitialize_type_info@@YAXXZ 0000000180014d50 f   LIBCMT:tncleanup.obj
 0001:00013d5c       __local_stdio_printf_options 0000000180014d5c f i LIBCMT:default_local_stdio_options.obj
 0001:00013d64       __local_stdio_scanf_options 0000000180014d64 f i LIBCMT:default_local_stdio_options.obj
 0001:00013d6c       __scrt_initialize_default_local_stdio_options 0000000180014d6c f   LIBCMT:default_local_stdio_options.obj
 0001:00013d88       __scrt_get_dyn_tls_init_callback 0000000180014d88 f   LIBCMT:dyn_tls_init.obj
 0001:00013d90       __crt_debugger_hook        0000000180014d90 f   LIBCMT:utility_desktop.obj
 0001:00013d98       __scrt_fastfail            0000000180014d98 f   LIBCMT:utility_desktop.obj
 0001:00013ee0       _RTC_Initialize            0000000180014ee0 f   LIBCMT:_initsect_.obj
 0001:00013f2c       _RTC_Terminate             0000000180014f2c f   LIBCMT:_initsect_.obj
 0001:00013f78       _guard_check_icall         0000000180014f78 f i LIBCMT:checkcfg.obj
 0001:00013f80       __isa_available_init       0000000180014f80 f   LIBCMT:_cpu_disp_.obj
 0001:00014144       _get_startup_argv_mode     0000000180015144 f   LIBCMT:argv_mode.obj
 0001:0001414c       __scrt_is_ucrt_dll_in_use  000000018001514c f   LIBCMT:ucrt_detection.obj
 0001:00014170       memcpy                     0000000180015170 f   libvcruntime:memcpy.obj
 0001:00014170       memmove                    0000000180015170 f   libvcruntime:memcpy.obj
 0001:000145a8       strrchr                    00000001800155a8 f   libvcruntime:strrchr.obj
 0001:000146ec       wcschr                     00000001800156ec f   libvcruntime:wcschr.obj
 0001:00014778       wcsrchr                    0000000180015778 f   libvcruntime:wcsrchr.obj
 0001:00014840       memset                     0000000180015840 f   libvcruntime:memset.obj
 0001:000149f0       memcmp                     00000001800159f0 f   libvcruntime:memcmp.obj
 0001:00014ab8       __C_specific_handler       0000000180015ab8 f   libvcruntime:_chandler_.obj
 0001:00014cb4       strchr                     0000000180015cb4 f   libvcruntime:strchr.obj
 0001:00014d44       __telemetry_main_invoke_trigger 0000000180015d44 f   libvcruntime:telemetry.obj
 0001:00014e5c       __telemetry_main_return_trigger 0000000180015e5c f   libvcruntime:telemetry.obj
 0001:00014f74       __vcrt_initialize_telemetry_provider 0000000180015f74 f   libvcruntime:telemetry.obj
 0001:00014f88       __vcrt_uninitialize_telemetry_provider 0000000180015f88 f   libvcruntime:telemetry.obj
 0001:00014fa8       __vcrt_initialize          0000000180015fa8 f   libvcruntime:initialization.obj
 0001:00014fe0       __vcrt_thread_attach       0000000180015fe0 f   libvcruntime:initialization.obj
 0001:00014ff4       __vcrt_thread_detach       0000000180015ff4 f   libvcruntime:initialization.obj
 0001:00015008       __vcrt_uninitialize        0000000180016008 f   libvcruntime:initialization.obj
 0001:00015034       __vcrt_uninitialize_critical 0000000180016034 f   libvcruntime:initialization.obj
 0001:00015044       __std_type_info_destroy_list 0000000180016044 f   libvcruntime:std_type_info.obj
 0001:00015080       _local_unwind              0000000180016080 f   libvcruntime:_jmpuwind_.obj
 0001:000150b0       _NLG_Notify                00000001800160b0 f   libvcruntime:_jmpuwind_.obj
 0001:000150d0       __NLG_Dispatch2            00000001800160d0 f   libvcruntime:_jmpuwind_.obj
 0001:000150e0       __NLG_Return2              00000001800160e0 f   libvcruntime:_jmpuwind_.obj
 0001:000152ac       __vcrt_EventRegister       00000001800162ac f   libvcruntime:winapi_downlevel.obj
 0001:00015330       __vcrt_EventSetInformation 0000000180016330 f   libvcruntime:winapi_downlevel.obj
 0001:000153b4       __vcrt_EventUnregister     00000001800163b4 f   libvcruntime:winapi_downlevel.obj
 0001:00015408       __vcrt_EventWriteTransfer  0000000180016408 f   libvcruntime:winapi_downlevel.obj
 0001:000154a0       __vcrt_FlsAlloc            00000001800164a0 f   libvcruntime:winapi_downlevel.obj
 0001:000154f4       __vcrt_FlsFree             00000001800164f4 f   libvcruntime:winapi_downlevel.obj
 0001:00015548       __vcrt_FlsGetValue         0000000180016548 f   libvcruntime:winapi_downlevel.obj
 0001:0001559c       __vcrt_FlsSetValue         000000018001659c f   libvcruntime:winapi_downlevel.obj
 0001:00015604       __vcrt_InitializeCriticalSectionEx 0000000180016604 f   libvcruntime:winapi_downlevel.obj
 0001:0001567c       __vcrt_initialize_winapi_thunks 000000018001667c f   libvcruntime:winapi_downlevel.obj
 0001:000156b4       __vcrt_uninitialize_winapi_thunks 00000001800166b4 f   libvcruntime:winapi_downlevel.obj
 0001:000156f4       __vcrt_freefls             00000001800166f4 f   libvcruntime:per_thread_data.obj
 0001:00015714       __vcrt_freeptd             0000000180016714 f   libvcruntime:per_thread_data.obj
 0001:00015764       __vcrt_getptd_noexit       0000000180016764 f   libvcruntime:per_thread_data.obj
 0001:0001581c       __vcrt_initialize_ptd      000000018001681c f   libvcruntime:per_thread_data.obj
 0001:0001585c       __vcrt_uninitialize_ptd    000000018001685c f   libvcruntime:per_thread_data.obj
 0001:00015880       __vcrt_initialize_locks    0000000180016880 f   libvcruntime:locks.obj
 0001:000158c8       __vcrt_uninitialize_locks  00000001800168c8 f   libvcruntime:locks.obj
 0001:00015900       __vcrt_initialize_pure_virtual_call_handler 0000000180016900 f   libvcruntime:purevirt_data.obj
 0001:00015924       wcspbrk                    0000000180016924 f   libucrt:wcspbrk.obj
 0001:0001595c       ??0_LocaleUpdate@@QEAA@QEAU__crt_locale_pointers@@@Z 000000018001695c f i libucrt:strtox.obj
 0001:000159ec       _initterm                  00000001800169ec f   libucrt:initterm.obj
 0001:00015a64       _initterm_e                0000000180016a64 f   libucrt:initterm.obj
 0001:00015ab0       _seh_filter_dll            0000000180016ab0 f   libucrt:exception_filter.obj
 0001:00015ac4       _seh_filter_exe            0000000180016ac4 f   libucrt:exception_filter.obj
 0001:00015e84       __acrt_initialize_thread_local_exit_callback 0000000180016e84 f   libucrt:exit.obj
 0001:00015e8c       _cexit                     0000000180016e8c f   libucrt:exit.obj
 0001:00015e9c       _exit                      0000000180016e9c f   libucrt:exit.obj
 0001:00015ea8       _is_c_termination_complete 0000000180016ea8 f   libucrt:exit.obj
 0001:0001606c       __acrt_allocate_buffer_for_argv 000000018001706c f   libucrt:argv_parsing.obj
 0001:000160d0       _configure_narrow_argv     00000001800170d0 f   libucrt:argv_parsing.obj
 0001:0001642c       __dcrt_uninitialize_environments_nolock 000000018001742c f   libucrt:environment_initialization.obj
 0001:00016464       _initialize_narrow_environment 0000000180017464 f   libucrt:environment_initialization.obj
 0001:0001646c       ??$?RV<lambda_b8c45f8f788dd370798f47cfe8ac3a86>@@AEAV<lambda_4e60a939b0d047cfe11ddc22648dfba9>@@V<lambda_332c3edc96d0294ec56c57d38c1cdfd5>@@@?$__crt_seh_guarded_call@H@@QEAAH$$QEAV<lambda_b8c45f8f788dd370798f47cfe8ac3a86>@@AEAV<lambda_4e60a939b0d047cfe11ddc22648dfba9>@@$$QEAV<lambda_332c3edc96d0294ec56c57d38c1cdfd5>@@@Z 000000018001746c f i libucrt:onexit.obj
 0001:000164a8       ??$?RV<lambda_e24bbb7b643b32fcea6fa61b31d4c984>@@AEAV<lambda_275893d493268fdec8709772e3fcec0e>@@V<lambda_9d71df4d7cf3f480f8d633942495c3b0>@@@?$__crt_seh_guarded_call@H@@QEAAH$$QEAV<lambda_e24bbb7b643b32fcea6fa61b31d4c984>@@AEAV<lambda_275893d493268fdec8709772e3fcec0e>@@$$QEAV<lambda_9d71df4d7cf3f480f8d633942495c3b0>@@@Z 00000001800174a8 f i libucrt:onexit.obj
 0001:00016824       _crt_atexit                0000000180017824 f   libucrt:onexit.obj
 0001:00016834       _execute_onexit_table      0000000180017834 f   libucrt:onexit.obj
 0001:00016870       _initialize_onexit_table   0000000180017870 f   libucrt:onexit.obj
 0001:000168b0       _register_onexit_function  00000001800178b0 f   libucrt:onexit.obj
 0001:00016940       ?CheckHighPriority@?$CQueueProcessor@PEAUIMAGE_CACHE_INFO@@@@MEAA_NAEBQEAUIMAGE_CACHE_INFO@@@Z 0000000180017940 f   ImgCache.obj
 0001:00016940       __acrt_uninitialize_command_line 0000000180017940 f   libucrt:argv_data.obj
 0001:00016940       ?Filter@?$MToolHelp@UtagPROCESSENTRY32W@@$1?Process32FirstW@@YAHPEAXPEAU1@@Z$1?Process32NextW@@YAH01@Z@@MEAA_NPEAUtagPROCESSENTRY32W@@@Z 0000000180017940 f   MProcess.obj
 0001:00016940       ?CheckHighPriority@CImgLoader@@UEAA_NAEAPEBUIMAGE_CACHE_INFO@@@Z 0000000180017940 f   ImgCache.obj
 0001:00016a0c       ??$uninitialize@V<lambda_30a498feb8538b5c3153c22026e33470>@@@?$dual_state_global@PEAU__crt_multibyte_data@@@__crt_state_management@@QEAAX$$QEAV<lambda_30a498feb8538b5c3153c22026e33470>@@@Z 0000000180017a0c f i libucrt:initialization.obj
 0001:00016a8c       __acrt_initialize          0000000180017a8c f   libucrt:initialization.obj
 0001:00016aa0       __acrt_thread_attach       0000000180017aa0 f   libucrt:initialization.obj
 0001:00016ab4       __acrt_thread_detach       0000000180017ab4 f   libucrt:initialization.obj
 0001:00016ac4       __acrt_uninitialize        0000000180017ac4 f   libucrt:initialization.obj
 0001:00016ad8       __acrt_uninitialize_critical 0000000180017ad8 f   libucrt:initialization.obj
 0001:00016ae8       terminate                  0000000180017ae8 f   libucrt:terminate.obj
 0001:00016b10       _free_base                 0000000180017b10 f   libucrt:free_base.obj
 0001:00016b50       _malloc_base               0000000180017b50 f   libucrt:malloc_base.obj
 0001:00016bb0       strcpy_s                   0000000180017bb0 f   libucrt:strcpy_s.obj
 0001:00016c10       abort                      0000000180017c10 f   libucrt:abort.obj
 0001:00016c68       _calloc_base               0000000180017c68 f   libucrt:calloc_base.obj
 0001:00016ce0       __acrt_call_reportfault    0000000180017ce0 f   libucrt:invalid_parameter.obj
 0001:00016e3c       __acrt_initialize_invalid_parameter_handler 0000000180017e3c f   libucrt:invalid_parameter.obj
 0001:00016e44       _invalid_parameter         0000000180017e44 f   libucrt:invalid_parameter.obj
 0001:00016eec       _invalid_parameter_noinfo  0000000180017eec f   libucrt:invalid_parameter.obj
 0001:00016f0c       _invoke_watson             0000000180017f0c f   libucrt:invalid_parameter.obj
 0001:00016f54       __acrt_errno_from_os_error 0000000180017f54 f   libucrt:errno.obj
 0001:00016f9c       __acrt_errno_map_os_error  0000000180017f9c f   libucrt:errno.obj
 0001:00016fec       __doserrno                 0000000180017fec f   libucrt:errno.obj
 0001:0001700c       _errno                     000000018001800c f   libucrt:errno.obj
 0001:0001702c       __pctype_func              000000018001802c f   libucrt:ctype.obj
 0001:0001705c       ??$?RV<lambda_46352004c1216016012b18bd6f87e700>@@AEAV<lambda_3bd07e1a1191394380780325891bf33f>@@V<lambda_334532d3f185bcaa59b5be82d7d22bff>@@@?$__crt_seh_guarded_call@X@@QEAAX$$QEAV<lambda_46352004c1216016012b18bd6f87e700>@@AEAV<lambda_3bd07e1a1191394380780325891bf33f>@@$$QEAV<lambda_334532d3f185bcaa59b5be82d7d22bff>@@@Z 000000018001805c f i libucrt:per_thread_data.obj
 0001:000170bc       ??$?RV<lambda_5e887d1dcbef67a5eb4283622ba103bf>@@AEAV<lambda_4466841279450cc726390878d4a41900>@@V<lambda_341c25c0346d94847f1f3c463c57e077>@@@?$__crt_seh_guarded_call@X@@QEAAX$$QEAV<lambda_5e887d1dcbef67a5eb4283622ba103bf>@@AEAV<lambda_4466841279450cc726390878d4a41900>@@$$QEAV<lambda_341c25c0346d94847f1f3c463c57e077>@@@Z 00000001800180bc f i libucrt:per_thread_data.obj
 0001:00017104       ??$?RV<lambda_72d1df2b273a38828b1ce30cbf4cdab5>@@AEAV<lambda_876a65b173b8412d3a47c70a915b0cf4>@@V<lambda_41932305e351933ebe8f8be3ed8bb5dc>@@@?$__crt_seh_guarded_call@X@@QEAAX$$QEAV<lambda_72d1df2b273a38828b1ce30cbf4cdab5>@@AEAV<lambda_876a65b173b8412d3a47c70a915b0cf4>@@$$QEAV<lambda_41932305e351933ebe8f8be3ed8bb5dc>@@@Z 0000000180018104 f i libucrt:per_thread_data.obj
 0001:00017144       ??$?RV<lambda_fb3a7dec4e47f37f22dae91bb15c9095>@@AEAV<lambda_698284760c8add0bfb0756c19673e34b>@@V<lambda_dfb8eca1e75fef3034a8fb18dd509707>@@@?$__crt_seh_guarded_call@X@@QEAAX$$QEAV<lambda_fb3a7dec4e47f37f22dae91bb15c9095>@@AEAV<lambda_698284760c8add0bfb0756c19673e34b>@@$$QEAV<lambda_dfb8eca1e75fef3034a8fb18dd509707>@@@Z 0000000180018144 f i libucrt:per_thread_data.obj
 0001:000173d4       __acrt_freeptd             00000001800183d4 f   libucrt:per_thread_data.obj
 0001:00017418       __acrt_getptd              0000000180018418 f   libucrt:per_thread_data.obj
 0001:000174ac       __acrt_getptd_head         00000001800184ac f   libucrt:per_thread_data.obj
 0001:00017520       __acrt_getptd_noexit       0000000180018520 f   libucrt:per_thread_data.obj
 0001:000175c0       __acrt_initialize_ptd      00000001800185c0 f   libucrt:per_thread_data.obj
 0001:000175fc       __acrt_uninitialize_ptd    00000001800185fc f   libucrt:per_thread_data.obj
 0001:00017620       __acrt_update_locale_info  0000000180018620 f   libucrt:locale_update.obj
 0001:00017654       __acrt_update_multibyte_info 0000000180018654 f   libucrt:locale_update.obj
 0001:00017688       ??$?RV<lambda_9431c60049192bb82166e0947f95a2e9>@@AEAV<lambda_85fa512c59a4d94d4a89f575eefd92a6>@@V<lambda_487febba6ca58d9ce348204d67e1dba3>@@@?$__crt_seh_guarded_call@X@@QEAAX$$QEAV<lambda_9431c60049192bb82166e0947f95a2e9>@@AEAV<lambda_85fa512c59a4d94d4a89f575eefd92a6>@@$$QEAV<lambda_487febba6ca58d9ce348204d67e1dba3>@@@Z 0000000180018688 f i libucrt:wsetlocale.obj
 0001:000176f8       __acrt_set_locale_changed  00000001800186f8 f   libucrt:wsetlocale.obj
 0001:00017704       __acrt_uninitialize_locale 0000000180018704 f   libucrt:wsetlocale.obj
 0001:00017734       __acrt_initialize_locks    0000000180018734 f   libucrt:locks.obj
 0001:0001777c       __acrt_lock                000000018001877c f   libucrt:locks.obj
 0001:00017798       __acrt_uninitialize_locks  0000000180018798 f   libucrt:locks.obj
 0001:000177d0       __acrt_unlock              00000001800187d0 f   libucrt:locks.obj
 0001:0001798c       __acrt_FlsAlloc            000000018001898c f   libucrt:winapi_thunks.obj
 0001:000179e4       __acrt_FlsFree             00000001800189e4 f   libucrt:winapi_thunks.obj
 0001:00017a3c       __acrt_FlsGetValue         0000000180018a3c f   libucrt:winapi_thunks.obj
 0001:00017a94       __acrt_FlsSetValue         0000000180018a94 f   libucrt:winapi_thunks.obj
 0001:00017afc       __acrt_InitializeCriticalSectionEx 0000000180018afc f   libucrt:winapi_thunks.obj
 0001:00017b74       __acrt_LCMapStringEx       0000000180018b74 f   libucrt:winapi_thunks.obj
 0001:00017c64       __acrt_LocaleNameToLCID    0000000180018c64 f   libucrt:winapi_thunks.obj
 0001:00017ccc       __acrt_initialize_winapi_thunks 0000000180018ccc f   libucrt:winapi_thunks.obj
 0001:00017d04       __acrt_is_packaged_app     0000000180018d04 f   libucrt:winapi_thunks.obj
 0001:00017d8c       __acrt_uninitialize_winapi_thunks 0000000180018d8c f   libucrt:winapi_thunks.obj
 0001:000182ac       ?expand_if_necessary@?$argument_list@D@?A0x5f5c8891@@AEAAHXZ 00000001800192ac f i libucrt:argv_wildcards.obj
 0001:00018374       __acrt_expand_narrow_argv_wildcards 0000000180019374 f   libucrt:argv_wildcards.obj
 0001:0001837c       ??$?RV<lambda_efb9b808e93e29b6b799d3875462c817>@@AEAV<lambda_2c5d36f8a66580c563e29092409944b2>@@V<lambda_31e551fca1567ef2425714047646aa90>@@@?$__crt_seh_guarded_call@X@@QEAAX$$QEAV<lambda_efb9b808e93e29b6b799d3875462c817>@@AEAV<lambda_2c5d36f8a66580c563e29092409944b2>@@$$QEAV<lambda_31e551fca1567ef2425714047646aa90>@@@Z 000000018001937c f i libucrt:mbctype.obj
 0001:00018ac4       __acrt_initialize_multibyte 0000000180019ac4 f   libucrt:mbctype.obj
 0001:00018b24       __acrt_update_thread_multibyte_data 0000000180019b24 f   libucrt:mbctype.obj
 0001:00018b40       _setmbcp_nolock            0000000180019b40 f   libucrt:mbctype.obj
 0001:00018e60       _ismbblead                 0000000180019e60 f   libucrt:ismbbyte.obj
 0001:00018e74       __acrt_initialize_command_line 0000000180019e74 f   libucrt:argv_data.obj
 0001:00018e9c       __dcrt_get_narrow_environment_from_os 0000000180019e9c f   libucrt:get_environment_from_os.obj
 0001:00018fa0       _recalloc                  0000000180019fa0 f   libucrt:recalloc.obj
 0001:00018fa8       _recalloc_base             0000000180019fa8 f   libucrt:recalloc.obj
 0001:00019040       __acrt_initialize_heap     000000018001a040 f   libucrt:heap_handle.obj
 0001:0001905c       __acrt_uninitialize_heap   000000018001a05c f   libucrt:heap_handle.obj
 0001:00019250       __acrt_initialize_lowio    000000018001a250 f   libucrt:ioinit.obj
 0001:0001928c       __acrt_uninitialize_lowio  000000018001a28c f   libucrt:ioinit.obj
 0001:000192cc       __acrt_execute_initializers 000000018001a2cc f   libucrt:shared_initialization.obj
 0001:00019360       __acrt_execute_uninitializers 000000018001a360 f   libucrt:shared_initialization.obj
 0001:000193b0       __acrt_initialize_new_handler 000000018001a3b0 f   libucrt:new_handler.obj
 0001:000193b8       _callnewh                  000000018001a3b8 f   libucrt:new_handler.obj
 0001:000193f8       _query_new_handler         000000018001a3f8 f   libucrt:new_handler.obj
 0001:0001942c       ??$?RV<lambda_c36588078e9f5dfd39652860aa6b3aaf>@@AEAV<lambda_ec61778202f4f5fc7e7711acc23c3bca>@@V<lambda_dc9d2797ccde5d239b4a0efae8ebd7db>@@@?$__crt_seh_guarded_call@P6AXH@Z@@QEAAP6AXH@Z$$QEAV<lambda_c36588078e9f5dfd39652860aa6b3aaf>@@AEAV<lambda_ec61778202f4f5fc7e7711acc23c3bca>@@$$QEAV<lambda_dc9d2797ccde5d239b4a0efae8ebd7db>@@@Z 000000018001a42c f i libucrt:signal.obj
 0001:00019474       __acrt_get_sigabrt_handler 000000018001a474 f   libucrt:signal.obj
 0001:000194a4       __acrt_initialize_signal_handlers 000000018001a4a4 f   libucrt:signal.obj
 0001:000194c4       raise                      000000018001a4c4 f   libucrt:signal.obj
 0001:00019760       __acrt_has_user_matherr    000000018001a760 f   libucrt:matherr.obj
 0001:00019780       __acrt_initialize_user_matherr 000000018001a780 f   libucrt:matherr.obj
 0001:00019788       __acrt_invoke_user_matherr 000000018001a788 f   libucrt:matherr.obj
 0001:000197d0       _query_new_mode            000000018001a7d0 f   libucrt:new_mode.obj
 0001:000197d8       _mbtowc_l                  000000018001a7d8 f   libucrt:mbtowc.obj
 0001:00019920       mbtowc                     000000018001a920 f   libucrt:mbtowc.obj
 0001:00019928       _fileno                    000000018001a928 f   libucrt:fileno.obj
 0001:00019950       __acrt_initialize_stdio    000000018001a950 f   libucrt:_file.obj
 0001:00019a70       __acrt_uninitialize_stdio  000000018001aa70 f   libucrt:_file.obj
 0001:00019acc       _lock_file                 000000018001aacc f   libucrt:_file.obj
 0001:00019ad8       _unlock_file               000000018001aad8 f   libucrt:_file.obj
 0001:00019ae4       _isleadbyte_l              000000018001aae4 f i libucrt:_wctype.obj
 0001:00019b24       __acrt_GetStringTypeA      000000018001ab24 f   libucrt:getstringtypea.obj
 0001:00019cd8       __acrt_add_locale_ref      000000018001acd8 f   libucrt:locale_refcounting.obj
 0001:00019d64       __acrt_free_locale         000000018001ad64 f   libucrt:locale_refcounting.obj
 0001:00019edc       __acrt_locale_add_lc_time_reference 000000018001aedc f   libucrt:locale_refcounting.obj
 0001:00019f04       __acrt_locale_free_lc_time_if_unreferenced 000000018001af04 f   libucrt:locale_refcounting.obj
 0001:00019f3c       __acrt_locale_release_lc_time_reference 000000018001af3c f   libucrt:locale_refcounting.obj
 0001:00019f64       __acrt_release_locale_ref  000000018001af64 f   libucrt:locale_refcounting.obj
 0001:0001a00c       __acrt_update_thread_locale_data 000000018001b00c f   libucrt:locale_refcounting.obj
 0001:0001a07c       _updatetlocinfoEx_nolock   000000018001b07c f   libucrt:locale_refcounting.obj
 0001:0001a0e4       __acrt_locale_free_monetary 000000018001b0e4 f   libucrt:initmon.obj
 0001:0001a1f0       __acrt_locale_free_numeric 000000018001b1f0 f   libucrt:initnum.obj
 0001:0001a2b4       __acrt_locale_free_time    000000018001b2b4 f   libucrt:inittime.obj
 0001:0001a484       __acrt_DownlevelLocaleNameToLCID 000000018001b484 f   libucrt:lcidtoname_downlevel.obj
 0001:0001a590       qsort                      000000018001b590 f   libucrt:qsort.obj
 0001:0001a8c4       strncpy_s                  000000018001b8c4 f   libucrt:strncpy_s.obj
 0001:0001a998       strpbrk                    000000018001b998 f   libucrt:strpbrk.obj
 0001:0001aa38       _mbsdec                    000000018001ba38 f   libucrt:mbsdec.obj
 0001:0001aa40       _mbsdec_l                  000000018001ba40 f   libucrt:mbsdec.obj
 0001:0001ae4c       __acrt_LCMapStringA        000000018001be4c f   libucrt:lcmapstringa.obj
 0001:0001aee4       _msize                     000000018001bee4 f   libucrt:msize.obj
 0001:0001af20       _realloc_base              000000018001bf20 f   libucrt:realloc_base.obj
 0001:0001afa4       __acrt_lowio_create_handle_array 000000018001bfa4 f   libucrt:osfinfo.obj
 0001:0001b03c       __acrt_lowio_destroy_handle_array 000000018001c03c f   libucrt:osfinfo.obj
 0001:0001b08c       __acrt_lowio_ensure_fh_exists 000000018001c08c f   libucrt:osfinfo.obj
 0001:0001b144       __acrt_lowio_lock_fh       000000018001c144 f   libucrt:osfinfo.obj
 0001:0001b168       __acrt_lowio_unlock_fh     000000018001c168 f   libucrt:osfinfo.obj
 0001:0001b18c       _free_osfhnd               000000018001c18c f   libucrt:osfinfo.obj
 0001:0001b248       _get_osfhandle             000000018001c248 f   libucrt:osfinfo.obj
 0001:0001b2c0       _isatty                    000000018001c2c0 f   libucrt:isatty.obj
 0001:0001b320       __acrt_stdio_flush_nolock  000000018001c320 f   libucrt:fflush.obj
 0001:0001b398       _fflush_nolock             000000018001c398 f   libucrt:fflush.obj
 0001:0001b3e4       _flushall                  000000018001c3e4 f   libucrt:fflush.obj
 0001:0001b4d4       _fcloseall                 000000018001c4d4 f   libucrt:closeall.obj
 0001:0001b588       __acrt_stdio_free_buffer_nolock 000000018001c588 f   libucrt:_freebuf.obj
 0001:0001b5c8       __strncnt                  000000018001c5c8 f   libucrt:strncnt.obj
 0001:0001b5e0       _query_app_type            000000018001c5e0 f   libucrt:report_runtime_error.obj
 0001:0001b5e8       ??$?RV<lambda_b521505b218e5242e90febf6bfebc422>@@AEAV<lambda_6978c1fb23f02e42e1d9e99668cc68aa>@@V<lambda_314360699dd331753a4119843814e9a7>@@@?$__crt_seh_guarded_call@H@@QEAAH$$QEAV<lambda_b521505b218e5242e90febf6bfebc422>@@AEAV<lambda_6978c1fb23f02e42e1d9e99668cc68aa>@@$$QEAV<lambda_314360699dd331753a4119843814e9a7>@@@Z 000000018001c5e8 f i libucrt:commit.obj
 0001:0001b674       _commit                    000000018001c674 f   libucrt:commit.obj
 0001:0001bca8       _write                     000000018001cca8 f   libucrt:write.obj
 0001:0001bd94       _write_nolock              000000018001cd94 f   libucrt:write.obj
 0001:0001c080       log10                      000000018001d080 f   libucrt:log10.obj
 0001:0001c6c8       _lseeki64_nolock           000000018001d6c8 f   libucrt:lseek.obj
 0001:0001c6d0       _fclose_nolock             000000018001d6d0 f   libucrt:fclose.obj
 0001:0001c754       fclose                     000000018001d754 f   libucrt:fclose.obj
 0001:0001c7c0       _putwch_nolock             000000018001d7c0 f   libucrt:putwch.obj
 0001:0001c940       _handle_error              000000018001d940 f   libucrt:libm_error.obj
 0001:0001ca70       __acrt_initialize_fma3     000000018001da70 f   libucrt:fma3_available.obj
 0001:0001cae0       _log10_special             000000018001dae0 f   libucrt:log_special.obj
 0001:0001cb98       ??$?RV<lambda_bfedae4ebbf01fab1bb6dcc6a9e276e0>@@AEAV<lambda_2fe9b910cf3cbf4a0ab98a02ba45b3ec>@@V<lambda_237c231691f317818eb88cc1d5d642d6>@@@?$__crt_seh_guarded_call@H@@QEAAH$$QEAV<lambda_bfedae4ebbf01fab1bb6dcc6a9e276e0>@@AEAV<lambda_2fe9b910cf3cbf4a0ab98a02ba45b3ec>@@$$QEAV<lambda_237c231691f317818eb88cc1d5d642d6>@@@Z 000000018001db98 f i libucrt:close.obj
 0001:0001cc0c       _close                     000000018001dc0c f   libucrt:close.obj
 0001:0001ccb0       _close_nolock              000000018001dcb0 f   libucrt:close.obj
 0001:0001cd6c       ?__acrt_stdio_free_stream@@YAXV__crt_stdio_stream@@@Z 000000018001dd6c f   libucrt:stream.obj
 0001:0001cdb0       __dcrt_lowio_initialize_console_output 000000018001ddb0 f   libucrt:initcon.obj
 0001:0001cdec       __dcrt_terminate_console_output 000000018001ddec f   libucrt:initcon.obj
 0001:0001ce20       _get_fpsr                  000000018001de20 f   libucrt:fpsr.obj
 0001:0001ce30       _set_fpsr                  000000018001de30 f   libucrt:fpsr.obj
 0001:0001ce3a       _fclrf                     000000018001de3a f   libucrt:fpsr.obj
 0001:0001ce4e       _frnd                      000000018001de4e f   libucrt:fpsr.obj
 0001:0001ce70       _raise_exc                 000000018001de70 f   libucrt:fpexcept.obj
 0001:0001ce98       _raise_exc_ex              000000018001de98 f   libucrt:fpexcept.obj
 0001:0001d1a0       _set_errno_from_matherr    000000018001e1a0 f   libucrt:fpexcept.obj
 0001:0001d1d0       _clrfp                     000000018001e1d0 f   libucrt:fpctrl.obj
 0001:0001d1f0       _ctrlfp                    000000018001e1f0 f   libucrt:fpctrl.obj
 0001:0001d26c       _set_statfp                000000018001e26c f   libucrt:fpctrl.obj
 0001:0001d28c       _statfp                    000000018001e28c f   libucrt:fpctrl.obj
 0001:0001d29e       IsProcessorFeaturePresent  000000018001e29e f   kernel32:KERNEL32.dll
 0001:0001d2a4       RtlUnwindEx                000000018001e2a4 f   kernel32:KERNEL32.dll
 0001:0001d2aa       SystemFunction036          000000018001e2aa f   advapi32:ADVAPI32.dll
 0001:0001d2b0       _FindPESection             000000018001e2b0 f   LIBCMT:pesect.obj
 0001:0001d300       _IsNonwritableInCurrentImage 000000018001e300 f   LIBCMT:pesect.obj
 0001:0001d350       _ValidateImageBase         000000018001e350 f   LIBCMT:pesect.obj
 0001:0001d380       __GSHandlerCheck           000000018001e380 f   LIBCMT:_gshandler_.obj
 0001:0001d3a0       __GSHandlerCheckCommon     000000018001e3a0 f   LIBCMT:_gshandler_.obj
 0001:0001d410       __security_check_cookie    000000018001e410 f   LIBCMT:_amdsecgs_.obj
 0001:0001d434       __raise_securityfailure    000000018001e434 f   LIBCMT:gs_report.obj
 0001:0001d468       __report_gsfailure         000000018001e468 f   LIBCMT:gs_report.obj
 0001:0001d53c       __report_rangecheckfailure 000000018001e53c f   LIBCMT:gs_report.obj
 0001:0001d550       __report_securityfailure   000000018001e550 f   LIBCMT:gs_report.obj
 0001:0001d6e0       _alloca_probe              000000018001e6e0 f   LIBCMT:_chkstk_.obj
 0001:0001d6e0       __chkstk                   000000018001e6e0 f   LIBCMT:_chkstk_.obj
 0001:0001d750       _guard_dispatch_icall_nop  000000018001e750 f   LIBCMT:_guard_dispatch_.obj
 0002:00000000       __imp_SystemFunction036    000000018001f000     advapi32:ADVAPI32.dll
 0002:00000008       __imp_RegSetValueExW       000000018001f008     advapi32:ADVAPI32.dll
 0002:00000010       __imp_RegQueryValueExW     000000018001f010     advapi32:ADVAPI32.dll
 0002:00000018       __imp_RegOpenKeyExW        000000018001f018     advapi32:ADVAPI32.dll
 0002:00000020       __imp_RegCreateKeyExW      000000018001f020     advapi32:ADVAPI32.dll
 0002:00000028       __imp_RegCloseKey          000000018001f028     advapi32:ADVAPI32.dll
 0002:00000030       \177ADVAPI32_NULL_THUNK_DATA 000000018001f030     advapi32:ADVAPI32.dll
 0002:00000038       __imp_GetObjectW           000000018001f038     gdi32:GDI32.dll
 0002:00000040       __imp_CreateDIBSection     000000018001f040     gdi32:GDI32.dll
 0002:00000048       __imp_GdiAlphaBlend        000000018001f048     gdi32:GDI32.dll
 0002:00000050       __imp_SetStretchBltMode    000000018001f050     gdi32:GDI32.dll
 0002:00000058       __imp_StretchBlt           000000018001f058     gdi32:GDI32.dll
 0002:00000060       __imp_MoveToEx             000000018001f060     gdi32:GDI32.dll
 0002:00000068       __imp_SetTextColor         000000018001f068     gdi32:GDI32.dll
 0002:00000070       __imp_SetBkColor           000000018001f070     gdi32:GDI32.dll
 0002:00000078       __imp_SelectObject         000000018001f078     gdi32:GDI32.dll
 0002:00000080       __imp_Rectangle            000000018001f080     gdi32:GDI32.dll
 0002:00000088       __imp_LineTo               000000018001f088     gdi32:GDI32.dll
 0002:00000090       __imp_GetStockObject       000000018001f090     gdi32:GDI32.dll
 0002:00000098       __imp_DeleteObject         000000018001f098     gdi32:GDI32.dll
 0002:000000a0       __imp_DeleteDC             000000018001f0a0     gdi32:GDI32.dll
 0002:000000a8       __imp_CreateSolidBrush     000000018001f0a8     gdi32:GDI32.dll
 0002:000000b0       __imp_CreatePen            000000018001f0b0     gdi32:GDI32.dll
 0002:000000b8       __imp_CreateFontW          000000018001f0b8     gdi32:GDI32.dll
 0002:000000c0       __imp_CreateCompatibleDC   000000018001f0c0     gdi32:GDI32.dll
 0002:000000c8       __imp_CreateCompatibleBitmap 000000018001f0c8     gdi32:GDI32.dll
 0002:000000d0       __imp_BitBlt               000000018001f0d0     gdi32:GDI32.dll
 0002:000000d8       __imp_GdiFlush             000000018001f0d8     gdi32:GDI32.dll
 0002:000000e0       \177GDI32_NULL_THUNK_DATA  000000018001f0e0     gdi32:GDI32.dll
 0002:000000e8       __imp_CreateToolhelp32Snapshot 000000018001f0e8     kernel32:KERNEL32.dll
 0002:000000f0       __imp_Thread32First        000000018001f0f0     kernel32:KERNEL32.dll
 0002:000000f8       __imp_Thread32Next         000000018001f0f8     kernel32:KERNEL32.dll
 0002:00000100       __imp_lstrcpynA            000000018001f100     kernel32:KERNEL32.dll
 0002:00000108       __imp_lstrlenA             000000018001f108     kernel32:KERNEL32.dll
 0002:00000110       __imp_MultiByteToWideChar  000000018001f110     kernel32:KERNEL32.dll
 0002:00000118       __imp_SetEvent             000000018001f118     kernel32:KERNEL32.dll
 0002:00000120       __imp_CreateEventW         000000018001f120     kernel32:KERNEL32.dll
 0002:00000128       __imp_WaitForMultipleObjects 000000018001f128     kernel32:KERNEL32.dll
 0002:00000130       __imp_GetExitCodeThread    000000018001f130     kernel32:KERNEL32.dll
 0002:00000138       __imp_LocalAlloc           000000018001f138     kernel32:KERNEL32.dll
 0002:00000140       __imp_FileTimeToSystemTime 000000018001f140     kernel32:KERNEL32.dll
 0002:00000148       __imp_FindClose            000000018001f148     kernel32:KERNEL32.dll
 0002:00000150       __imp_FindFirstFileW       000000018001f150     kernel32:KERNEL32.dll
 0002:00000158       __imp_FindNextFileW        000000018001f158     kernel32:KERNEL32.dll
 0002:00000160       __imp_GetTempPathW         000000018001f160     kernel32:KERNEL32.dll
 0002:00000168       __imp_ResetEvent           000000018001f168     kernel32:KERNEL32.dll
 0002:00000170       __imp_FreeLibrary          000000018001f170     kernel32:KERNEL32.dll
 0002:00000178       __imp_LoadLibraryW         000000018001f178     kernel32:KERNEL32.dll
 0002:00000180       __imp_IsBadReadPtr         000000018001f180     kernel32:KERNEL32.dll
 0002:00000188       __imp_HeapCreate           000000018001f188     kernel32:KERNEL32.dll
 0002:00000190       __imp_HeapDestroy          000000018001f190     kernel32:KERNEL32.dll
 0002:00000198       __imp_HeapAlloc            000000018001f198     kernel32:KERNEL32.dll
 0002:000001a0       __imp_HeapReAlloc          000000018001f1a0     kernel32:KERNEL32.dll
 0002:000001a8       __imp_HeapFree             000000018001f1a8     kernel32:KERNEL32.dll
 0002:000001b0       __imp_HeapSize             000000018001f1b0     kernel32:KERNEL32.dll
 0002:000001b8       __imp_Process32FirstW      000000018001f1b8     kernel32:KERNEL32.dll
 0002:000001c0       __imp_Process32NextW       000000018001f1c0     kernel32:KERNEL32.dll
 0002:000001c8       __imp_OpenThread           000000018001f1c8     kernel32:KERNEL32.dll
 0002:000001d0       __imp_InitializeCriticalSection 000000018001f1d0     kernel32:KERNEL32.dll
 0002:000001d8       __imp_EnterCriticalSection 000000018001f1d8     kernel32:KERNEL32.dll
 0002:000001e0       __imp_LeaveCriticalSection 000000018001f1e0     kernel32:KERNEL32.dll
 0002:000001e8       __imp_TryEnterCriticalSection 000000018001f1e8     kernel32:KERNEL32.dll
 0002:000001f0       __imp_DeleteCriticalSection 000000018001f1f0     kernel32:KERNEL32.dll
 0002:000001f8       __imp_VerSetConditionMask  000000018001f1f8     kernel32:KERNEL32.dll
 0002:00000200       __imp_VerifyVersionInfoW   000000018001f200     kernel32:KERNEL32.dll
 0002:00000208       __imp_ReadConsoleOutputW   000000018001f208     kernel32:KERNEL32.dll
 0002:00000210       __imp_GetConsoleScreenBufferInfo 000000018001f210     kernel32:KERNEL32.dll
 0002:00000218       __imp_GetFileInformationByHandle 000000018001f218     kernel32:KERNEL32.dll
 0002:00000220       __imp_GetEnvironmentVariableW 000000018001f220     kernel32:KERNEL32.dll
 0002:00000228       __imp_ExpandEnvironmentStringsW 000000018001f228     kernel32:KERNEL32.dll
 0002:00000230       __imp_ReadConsoleInputW    000000018001f230     kernel32:KERNEL32.dll
 0002:00000238       __imp_CreateThread         000000018001f238     kernel32:KERNEL32.dll
 0002:00000240       __imp_TerminateThread      000000018001f240     kernel32:KERNEL32.dll
 0002:00000248       __imp_ResumeThread         000000018001f248     kernel32:KERNEL32.dll
 0002:00000250       __imp_GetCurrentProcess    000000018001f250     kernel32:KERNEL32.dll
 0002:00000258       __imp_WriteConsoleW        000000018001f258     kernel32:KERNEL32.dll
 0002:00000260       __imp_SetFilePointerEx     000000018001f260     kernel32:KERNEL32.dll
 0002:00000268       __imp_GetConsoleMode       000000018001f268     kernel32:KERNEL32.dll
 0002:00000270       __imp_GetConsoleCP         000000018001f270     kernel32:KERNEL32.dll
 0002:00000278       __imp_FlushFileBuffers     000000018001f278     kernel32:KERNEL32.dll
 0002:00000280       __imp_SetStdHandle         000000018001f280     kernel32:KERNEL32.dll
 0002:00000288       __imp_GetFileType          000000018001f288     kernel32:KERNEL32.dll
 0002:00000290       __imp_GetProcessHeap       000000018001f290     kernel32:KERNEL32.dll
 0002:00000298       __imp_FreeEnvironmentStringsW 000000018001f298     kernel32:KERNEL32.dll
 0002:000002a0       __imp_GetEnvironmentStringsW 000000018001f2a0     kernel32:KERNEL32.dll
 0002:000002a8       __imp_GetCommandLineW      000000018001f2a8     kernel32:KERNEL32.dll
 0002:000002b0       __imp_GetCommandLineA      000000018001f2b0     kernel32:KERNEL32.dll
 0002:000002b8       __imp_GetCPInfo            000000018001f2b8     kernel32:KERNEL32.dll
 0002:000002c0       __imp_GetOEMCP             000000018001f2c0     kernel32:KERNEL32.dll
 0002:000002c8       __imp_IsValidCodePage      000000018001f2c8     kernel32:KERNEL32.dll
 0002:000002d0       __imp_FindNextFileA        000000018001f2d0     kernel32:KERNEL32.dll
 0002:000002d8       __imp_FindFirstFileExA     000000018001f2d8     kernel32:KERNEL32.dll
 0002:000002e0       __imp_SetEnvironmentVariableW 000000018001f2e0     kernel32:KERNEL32.dll
 0002:000002e8       __imp_LCMapStringW         000000018001f2e8     kernel32:KERNEL32.dll
 0002:000002f0       __imp_GetACP               000000018001f2f0     kernel32:KERNEL32.dll
 0002:000002f8       __imp_GetStringTypeW       000000018001f2f8     kernel32:KERNEL32.dll
 0002:00000300       __imp_GetModuleFileNameA   000000018001f300     kernel32:KERNEL32.dll
 0002:00000308       __imp_GetModuleHandleExW   000000018001f308     kernel32:KERNEL32.dll
 0002:00000310       __imp_TerminateProcess     000000018001f310     kernel32:KERNEL32.dll
 0002:00000318       __imp_ExitProcess          000000018001f318     kernel32:KERNEL32.dll
 0002:00000320       __imp_LoadLibraryExW       000000018001f320     kernel32:KERNEL32.dll
 0002:00000328       __imp_TlsFree              000000018001f328     kernel32:KERNEL32.dll
 0002:00000330       __imp_TlsSetValue          000000018001f330     kernel32:KERNEL32.dll
 0002:00000338       __imp_TlsGetValue          000000018001f338     kernel32:KERNEL32.dll
 0002:00000340       __imp_TlsAlloc             000000018001f340     kernel32:KERNEL32.dll
 0002:00000348       __imp_InitializeCriticalSectionAndSpinCount 000000018001f348     kernel32:KERNEL32.dll
 0002:00000350       __imp_InterlockedFlushSList 000000018001f350     kernel32:KERNEL32.dll
 0002:00000358       __imp_WriteConsoleInputW   000000018001f358     kernel32:KERNEL32.dll
 0002:00000360       __imp_WideCharToMultiByte  000000018001f360     kernel32:KERNEL32.dll
 0002:00000368       __imp_lstrcpyW             000000018001f368     kernel32:KERNEL32.dll
 0002:00000370       __imp_LocalFree            000000018001f370     kernel32:KERNEL32.dll
 0002:00000378       __imp_VirtualProtect       000000018001f378     kernel32:KERNEL32.dll
 0002:00000380       __imp_GetStdHandle         000000018001f380     kernel32:KERNEL32.dll
 0002:00000388       __imp_GetModuleFileNameW   000000018001f388     kernel32:KERNEL32.dll
 0002:00000390       __imp_UnmapViewOfFile      000000018001f390     kernel32:KERNEL32.dll
 0002:00000398       __imp_MapViewOfFile        000000018001f398     kernel32:KERNEL32.dll
 0002:000003a0       __imp_OpenFileMappingW     000000018001f3a0     kernel32:KERNEL32.dll
 0002:000003a8       __imp_CreateFileMappingW   000000018001f3a8     kernel32:KERNEL32.dll
 0002:000003b0       __imp_GetTickCount         000000018001f3b0     kernel32:KERNEL32.dll
 0002:000003b8       __imp_GetCurrentThreadId   000000018001f3b8     kernel32:KERNEL32.dll
 0002:000003c0       __imp_GetCurrentProcessId  000000018001f3c0     kernel32:KERNEL32.dll
 0002:000003c8       __imp_Sleep                000000018001f3c8     kernel32:KERNEL32.dll
 0002:000003d0       __imp_WaitForSingleObject  000000018001f3d0     kernel32:KERNEL32.dll
 0002:000003d8       __imp_WaitNamedPipeW       000000018001f3d8     kernel32:KERNEL32.dll
 0002:000003e0       __imp_TransactNamedPipe    000000018001f3e0     kernel32:KERNEL32.dll
 0002:000003e8       __imp_SetNamedPipeHandleState 000000018001f3e8     kernel32:KERNEL32.dll
 0002:000003f0       __imp_GetLastError         000000018001f3f0     kernel32:KERNEL32.dll
 0002:000003f8       __imp_SetLastError         000000018001f3f8     kernel32:KERNEL32.dll
 0002:00000400       __imp_CloseHandle          000000018001f400     kernel32:KERNEL32.dll
 0002:00000408       __imp_IsDebuggerPresent    000000018001f408     kernel32:KERNEL32.dll
 0002:00000410       __imp_WriteFile            000000018001f410     kernel32:KERNEL32.dll
 0002:00000418       __imp_ReadFile             000000018001f418     kernel32:KERNEL32.dll
 0002:00000420       __imp_CreateFileW          000000018001f420     kernel32:KERNEL32.dll
[...]
 0004:000013bc       $pdata$?setmbcp_internal@@YAHH_NQEAU__acrt_ptd@@QEAPEAU__crt_multibyte_data@@@Z 00000001800583bc     libucrt:mbctype.obj
 0004:000013c8       $pdata$?update_thread_multibyte_data_internal@@YAPEAU__crt_multibyte_data@@QEAU__acrt_ptd@@QEAU1@@Z 00000001800583c8     libucrt:mbctype.obj
 0004:000013d4       $pdata$__acrt_initialize_multibyte 00000001800583d4     libucrt:mbctype.obj
 0004:000013e0       $pdata$__acrt_update_thread_multibyte_data 00000001800583e0     libucrt:mbctype.obj
 0004:000013ec       $pdata$_setmbcp_nolock     00000001800583ec     libucrt:mbctype.obj
 0004:000013f8       $pdata$?x_ismbbtype_l@@YAHPEAU__crt_locale_pointers@@IHH@Z 00000001800583f8     libucrt:ismbbyte.obj
 0004:00001404       $pdata$__acrt_initialize_command_line 0000000180058404     libucrt:argv_data.obj
 0004:00001410       $pdata$__dcrt_get_narrow_environment_from_os 0000000180058410     libucrt:get_environment_from_os.obj
 0004:0000141c       $pdata$_recalloc_base      000000018005841c     libucrt:recalloc.obj
 0004:00001428       $pdata$__acrt_initialize_heap 0000000180058428     libucrt:heap_handle.obj
 0004:00001434       $pdata$?initialize_inherited_file_handles_nolock@@YAXXZ 0000000180058434     libucrt:ioinit.obj
 0004:00001440       $pdata$?initialize_stdio_handles_nolock@@YAXXZ 0000000180058440     libucrt:ioinit.obj
 0004:0000144c       $pdata$__acrt_initialize_lowio 000000018005844c     libucrt:ioinit.obj
 0004:00001458       $pdata$__acrt_uninitialize_lowio 0000000180058458     libucrt:ioinit.obj
 0004:00001464       $pdata$__acrt_execute_initializers 0000000180058464     libucrt:shared_initialization.obj
 0004:00001470       $pdata$__acrt_execute_uninitializers 0000000180058470     libucrt:shared_initialization.obj
 0004:0000147c       $pdata$_callnewh           000000018005847c     libucrt:new_handler.obj
 0004:00001488       $pdata$_query_new_handler  0000000180058488     libucrt:new_handler.obj
 0004:00001494       $pdata$??$?RV<lambda_c36588078e9f5dfd39652860aa6b3aaf>@@AEAV<lambda_ec61778202f4f5fc7e7711acc23c3bca>@@V<lambda_dc9d2797ccde5d239b4a0efae8ebd7db>@@@?$__crt_seh_guarded_call@P6AXH@Z@@QEAAP6AXH@Z$$QEAV<lambda_c36588078e9f5dfd39652860aa6b3aaf>@@AEAV<lambda_ec61778202f4f5fc7e7711acc23c3bca>@@$$QEAV<lambda_dc9d2797ccde5d239b4a0efae8ebd7db>@@@Z 0000000180058494     libucrt:signal.obj
 0004:000014a0       $pdata$__acrt_get_sigabrt_handler 00000001800584a0     libucrt:signal.obj
 0004:000014ac       $pdata$raise               00000001800584ac     libucrt:signal.obj
 0004:000014b8       $pdata$__acrt_invoke_user_matherr 00000001800584b8     libucrt:matherr.obj
 0004:000014c4       $pdata$_mbtowc_l           00000001800584c4     libucrt:mbtowc.obj
 0004:000014d0       $pdata$_fileno             00000001800584d0     libucrt:fileno.obj
 0004:000014dc       $pdata$__acrt_initialize_stdio 00000001800584dc     libucrt:_file.obj
 0004:000014e8       $pdata$__acrt_uninitialize_stdio 00000001800584e8     libucrt:_file.obj
 0004:000014f4       $pdata$_isleadbyte_l       00000001800584f4     libucrt:_wctype.obj
 0004:00001500       $pdata$__acrt_GetStringTypeA 0000000180058500     libucrt:getstringtypea.obj
 0004:0000150c       $pdata$__acrt_free_locale  000000018005850c     libucrt:locale_refcounting.obj
 0004:00001518       $pdata$__acrt_locale_free_lc_time_if_unreferenced 0000000180058518     libucrt:locale_refcounting.obj
 0004:00001524       $pdata$__acrt_release_locale_ref 0000000180058524     libucrt:locale_refcounting.obj
 0004:00001530       $pdata$__acrt_update_thread_locale_data 0000000180058530     libucrt:locale_refcounting.obj
 0004:0000153c       $pdata$_updatetlocinfoEx_nolock 000000018005853c     libucrt:locale_refcounting.obj
 0004:00001548       $pdata$__acrt_locale_free_monetary 0000000180058548     libucrt:initmon.obj
 0004:00001554       $pdata$__acrt_locale_free_numeric 0000000180058554     libucrt:initnum.obj
 0004:00001560       $pdata$?free_crt_array_internal@@YAXQEAPEBX_K@Z 0000000180058560     libucrt:inittime.obj
 0004:0000156c       $pdata$__acrt_locale_free_time 000000018005856c     libucrt:inittime.obj
 0004:00001578       $pdata$?GetTableIndexFromLocaleName@@YAHPEB_W@Z 0000000180058578     libucrt:lcidtoname_downlevel.obj
 0004:00001584       $pdata$__acrt_DownlevelLocaleNameToLCID 0000000180058584     libucrt:lcidtoname_downlevel.obj
 0004:00001590       $pdata$?shortsort@@YAXPEAD0_KP6AHPEBX2@Z@Z 0000000180058590     libucrt:qsort.obj
 0004:0000159c       $pdata$2$?shortsort@@YAXPEAD0_KP6AHPEBX2@Z@Z 000000018005859c     libucrt:qsort.obj
 0004:000015a8       $pdata$3$?shortsort@@YAXPEAD0_KP6AHPEBX2@Z@Z 00000001800585a8     libucrt:qsort.obj
 0004:000015b4       $pdata$qsort               00000001800585b4     libucrt:qsort.obj
 0004:000015c0       $pdata$4$qsort             00000001800585c0     libucrt:qsort.obj
 0004:000015cc       $pdata$5$qsort             00000001800585cc     libucrt:qsort.obj
 0004:000015d8       $pdata$strncpy_s           00000001800585d8     libucrt:strncpy_s.obj
 0004:000015e4       $pdata$strpbrk             00000001800585e4     libucrt:strpbrk.obj
 0004:000015f0       $pdata$_mbsdec_l           00000001800585f0     libucrt:mbsdec.obj
 0004:000015fc       $pdata$?initialize_multibyte@@YAHXZ 00000001800585fc     libucrt:multibyte_initializer.obj
 0004:00001608       $pdata$?__acrt_LCMapStringA_stat@@YAHPEAU__crt_locale_pointers@@PEB_WKPEBDHPEADHHH@Z 0000000180058608     libucrt:lcmapstringa.obj
 0004:00001614       $pdata$__acrt_LCMapStringA 0000000180058614     libucrt:lcmapstringa.obj
 0004:00001620       $pdata$_msize              0000000180058620     libucrt:msize.obj
 0004:0000162c       $pdata$_realloc_base       000000018005862c     libucrt:realloc_base.obj
 0004:00001638       $pdata$__acrt_lowio_create_handle_array 0000000180058638     libucrt:osfinfo.obj
 0004:00001644       $pdata$__acrt_lowio_destroy_handle_array 0000000180058644     libucrt:osfinfo.obj
 0004:00001650       $pdata$__acrt_lowio_ensure_fh_exists 0000000180058650     libucrt:osfinfo.obj
 0004:0000165c       $pdata$_free_osfhnd        000000018005865c     libucrt:osfinfo.obj
 0004:00001668       $pdata$_get_osfhandle      0000000180058668     libucrt:osfinfo.obj
 0004:00001674       $pdata$_isatty             0000000180058674     libucrt:isatty.obj
 0004:00001680       $pdata$__acrt_stdio_flush_nolock 0000000180058680     libucrt:fflush.obj
 0004:0000168c       $pdata$_fflush_nolock      000000018005868c     libucrt:fflush.obj
 0004:00001698       $pdata$common_flush_all    0000000180058698     libucrt:fflush.obj
 0004:000016a4       $pdata$_fcloseall          00000001800586a4     libucrt:closeall.obj
 0004:000016b0       $pdata$__acrt_stdio_free_buffer_nolock 00000001800586b0     libucrt:_freebuf.obj
 0004:000016bc       $pdata$??$?RV<lambda_b521505b218e5242e90febf6bfebc422>@@AEAV<lambda_6978c1fb23f02e42e1d9e99668cc68aa>@@V<lambda_314360699dd331753a4119843814e9a7>@@@?$__crt_seh_guarded_call@H@@QEAAH$$QEAV<lambda_b521505b218e5242e90febf6bfebc422>@@AEAV<lambda_6978c1fb23f02e42e1d9e99668cc68aa>@@$$QEAV<lambda_314360699dd331753a4119843814e9a7>@@@Z 00000001800586bc     libucrt:commit.obj
 0004:000016c8       $pdata$_commit             00000001800586c8     libucrt:commit.obj
 0004:000016d4       $pdata$?write_double_translated_ansi_nolock@@YA?AUwrite_result@?A0x17268360@@HQEBDI@Z 00000001800586d4     libucrt:write.obj
 0004:000016e0       $pdata$?write_text_ansi_nolock@@YA?AUwrite_result@?A0x17268360@@HQEBDI@Z 00000001800586e0     libucrt:write.obj
 0004:000016ec       $pdata$?write_text_utf16le_nolock@@YA?AUwrite_result@?A0x17268360@@HQEBDI@Z 00000001800586ec     libucrt:write.obj
 0004:000016f8       $pdata$?write_text_utf8_nolock@@YA?AUwrite_result@?A0x17268360@@HQEBDI@Z 00000001800586f8     libucrt:write.obj
 0004:00001704       $pdata$_write              0000000180058704     libucrt:write.obj
 0004:00001710       $pdata$_write_nolock       0000000180058710     libucrt:write.obj
 0004:00001728       $pdata$??$common_lseek_nolock@_J@@YA_JH_JH@Z 0000000180058728     libucrt:lseek.obj
 0004:00001734       $pdata$_fclose_nolock      0000000180058734     libucrt:fclose.obj
 0004:00001740       $pdata$fclose              0000000180058740     libucrt:fclose.obj
 0004:0000174c       $pdata$_putwch_nolock      000000018005874c     libucrt:putwch.obj
 0004:00001758       $pdata$_call_matherr       0000000180058758     libucrt:libm_error.obj
 0004:00001764       $pdata$_exception_enabled  0000000180058764     libucrt:libm_error.obj
 0004:00001770       $pdata$_handle_error       0000000180058770     libucrt:libm_error.obj
 0004:0000177c       $pdata$__acrt_initialize_fma3 000000018005877c     libucrt:fma3_available.obj
 0004:00001788       $pdata$_log10_special      0000000180058788     libucrt:log_special.obj
 0004:00001794       $pdata$_log_special_common 0000000180058794     libucrt:log_special.obj
 0004:000017a0       $pdata$??$?RV<lambda_bfedae4ebbf01fab1bb6dcc6a9e276e0>@@AEAV<lambda_2fe9b910cf3cbf4a0ab98a02ba45b3ec>@@V<lambda_237c231691f317818eb88cc1d5d642d6>@@@?$__crt_seh_guarded_call@H@@QEAAH$$QEAV<lambda_bfedae4ebbf01fab1bb6dcc6a9e276e0>@@AEAV<lambda_2fe9b910cf3cbf4a0ab98a02ba45b3ec>@@$$QEAV<lambda_237c231691f317818eb88cc1d5d642d6>@@@Z 00000001800587a0     libucrt:close.obj
 0004:000017ac       $pdata$_close              00000001800587ac     libucrt:close.obj
 0004:000017b8       $pdata$_close_nolock       00000001800587b8     libucrt:close.obj
 0004:000017c4       $pdata$__dcrt_lowio_initialize_console_output 00000001800587c4     libucrt:initcon.obj
 0004:000017d0       $pdata$__dcrt_terminate_console_output 00000001800587d0     libucrt:initcon.obj
 0004:000017e8       $pdata$_raise_exc          00000001800587e8     libucrt:fpexcept.obj
 0004:000017f4       $pdata$_raise_exc_ex       00000001800587f4     libucrt:fpexcept.obj
 0004:00001800       $pdata$_set_errno_from_matherr 0000000180058800     libucrt:fpexcept.obj
 0004:0000180c       $pdata$_clrfp              000000018005880c     libucrt:fpctrl.obj
 0004:00001818       $pdata$_ctrlfp             0000000180058818     libucrt:fpctrl.obj
 0004:00001824       $pdata$_set_statfp         0000000180058824     libucrt:fpctrl.obj
 0004:00001830       $pdata$_statfp             0000000180058830     libucrt:fpctrl.obj
 0004:0000183c       $pdata$_IsNonwritableInCurrentImage 000000018005883c     LIBCMT:pesect.obj
 0004:00001848       $pdata$__GSHandlerCheck    0000000180058848     LIBCMT:_gshandler_.obj
 0004:00001854       $pdata$__GSHandlerCheckCommon 0000000180058854     LIBCMT:_gshandler_.obj
 0004:0000186c       $pdata$__raise_securityfailure 000000018005886c     LIBCMT:gs_report.obj
 0004:00001878       $pdata$__report_gsfailure  0000000180058878     LIBCMT:gs_report.obj
 0004:00001884       $pdata$__report_rangecheckfailure 0000000180058884     LIBCMT:gs_report.obj
 0004:00001890       $pdata$__report_securityfailure 0000000180058890     LIBCMT:gs_report.obj
 0004:0000189c       $pdata$capture_current_context 000000018005889c     LIBCMT:gs_report.obj
 0004:000018a8       $pdata$capture_previous_context 00000001800588a8     LIBCMT:gs_report.obj
 0004:000018cc       $pdata$?fin$0@?0??dllmain_crt_process_attach@@YAHQEAUHINSTANCE__@@QEAX@Z@4HA 00000001800588cc     LIBCMT:dll_dllmain.obj
 0004:000018d8       $pdata$?fin$0@?0??dllmain_crt_process_detach@@YAH_N@Z@4HA 00000001800588d8     LIBCMT:dll_dllmain.obj
 0004:000018e4       $pdata$?filt$0@?0??dllmain_dispatch@@YAHQEAUHINSTANCE__@@KQEAX@Z@4HA 00000001800588e4     LIBCMT:dll_dllmain.obj
 0004:000018f0       $pdata$__scrt_is_nonwritable_in_current_image$filt$0 00000001800588f0     LIBCMT:utility.obj
 0004:000018fc       $pdata$?filt$0@?0??common_exit@@YAXHW4_crt_exit_cleanup_mode@@W4_crt_exit_return_mode@@@Z@4HA 00000001800588fc     libucrt:exit.obj
 0004:00001908       $pdata$?fin$1@?0??common_exit@@YAXHW4_crt_exit_cleanup_mode@@W4_crt_exit_return_mode@@@Z@4HA 0000000180058908     libucrt:exit.obj
 0004:00001914       $pdata$?fin$0@?0???$?RV<lambda_e24bbb7b643b32fcea6fa61b31d4c984>@@AEAV<lambda_275893d493268fdec8709772e3fcec0e>@@V<lambda_9d71df4d7cf3f480f8d633942495c3b0>@@@?$__crt_seh_guarded_call@H@@QEAAH$$QEAV<lambda_e24bbb7b643b32fcea6fa61b31d4c984>@@AEAV<lambda_275893d493268fdec8709772e3fcec0e>@@$$QEAV<lambda_9d71df4d7cf3f480f8d633942495c3b0>@@@Z@4HA 0000000180058914     libucrt:onexit.obj
 0004:00001920       $pdata$?fin$0@?0???$?RV<lambda_5e887d1dcbef67a5eb4283622ba103bf>@@AEAV<lambda_4466841279450cc726390878d4a41900>@@V<lambda_341c25c0346d94847f1f3c463c57e077>@@@?$__crt_seh_guarded_call@X@@QEAAX$$QEAV<lambda_5e887d1dcbef67a5eb4283622ba103bf>@@AEAV<lambda_4466841279450cc726390878d4a41900>@@$$QEAV<lambda_341c25c0346d94847f1f3c463c57e077>@@@Z@4HA 0000000180058920     libucrt:per_thread_data.obj
 0004:00001920       $pdata$?fin$0@?0???$?RV<lambda_72d1df2b273a38828b1ce30cbf4cdab5>@@AEAV<lambda_876a65b173b8412d3a47c70a915b0cf4>@@V<lambda_41932305e351933ebe8f8be3ed8bb5dc>@@@?$__crt_seh_guarded_call@X@@QEAAX$$QEAV<lambda_72d1df2b273a38828b1ce30cbf4cdab5>@@AEAV<lambda_876a65b173b8412d3a47c70a915b0cf4>@@$$QEAV<lambda_41932305e351933ebe8f8be3ed8bb5dc>@@@Z@4HA 0000000180058920     libucrt:per_thread_data.obj
 0004:00001920       $pdata$?fin$0@?0???$?RV<lambda_46352004c1216016012b18bd6f87e700>@@AEAV<lambda_3bd07e1a1191394380780325891bf33f>@@V<lambda_334532d3f185bcaa59b5be82d7d22bff>@@@?$__crt_seh_guarded_call@X@@QEAAX$$QEAV<lambda_46352004c1216016012b18bd6f87e700>@@AEAV<lambda_3bd07e1a1191394380780325891bf33f>@@$$QEAV<lambda_334532d3f185bcaa59b5be82d7d22bff>@@@Z@4HA 0000000180058920     libucrt:per_thread_data.obj
 0004:00001920       $pdata$?fin$0@?0???$?RV<lambda_b8c45f8f788dd370798f47cfe8ac3a86>@@AEAV<lambda_4e60a939b0d047cfe11ddc22648dfba9>@@V<lambda_332c3edc96d0294ec56c57d38c1cdfd5>@@@?$__crt_seh_guarded_call@H@@QEAAH$$QEAV<lambda_b8c45f8f788dd370798f47cfe8ac3a86>@@AEAV<lambda_4e60a939b0d047cfe11ddc22648dfba9>@@$$QEAV<lambda_332c3edc96d0294ec56c57d38c1cdfd5>@@@Z@4HA 0000000180058920     libucrt:onexit.obj
 0004:00001920       $pdata$?fin$0@?0???$?RV<lambda_c36588078e9f5dfd39652860aa6b3aaf>@@AEAV<lambda_ec61778202f4f5fc7e7711acc23c3bca>@@V<lambda_dc9d2797ccde5d239b4a0efae8ebd7db>@@@?$__crt_seh_guarded_call@P6AXH@Z@@QEAAP6AXH@Z$$QEAV<lambda_c36588078e9f5dfd39652860aa6b3aaf>@@AEAV<lambda_ec61778202f4f5fc7e7711acc23c3bca>@@$$QEAV<lambda_dc9d2797ccde5d239b4a0efae8ebd7db>@@@Z@4HA 0000000180058920     libucrt:signal.obj
 0004:00001920       $pdata$?fin$0@?0???$?RV<lambda_efb9b808e93e29b6b799d3875462c817>@@AEAV<lambda_2c5d36f8a66580c563e29092409944b2>@@V<lambda_31e551fca1567ef2425714047646aa90>@@@?$__crt_seh_guarded_call@X@@QEAAX$$QEAV<lambda_efb9b808e93e29b6b799d3875462c817>@@AEAV<lambda_2c5d36f8a66580c563e29092409944b2>@@$$QEAV<lambda_31e551fca1567ef2425714047646aa90>@@@Z@4HA 0000000180058920     libucrt:mbctype.obj
 0004:00001920       $pdata$?fin$0@?0???$?RV<lambda_fb3a7dec4e47f37f22dae91bb15c9095>@@AEAV<lambda_698284760c8add0bfb0756c19673e34b>@@V<lambda_dfb8eca1e75fef3034a8fb18dd509707>@@@?$__crt_seh_guarded_call@X@@QEAAX$$QEAV<lambda_fb3a7dec4e47f37f22dae91bb15c9095>@@AEAV<lambda_698284760c8add0bfb0756c19673e34b>@@$$QEAV<lambda_dfb8eca1e75fef3034a8fb18dd509707>@@@Z@4HA 0000000180058920     libucrt:per_thread_data.obj
 0004:0000192c       $pdata$?fin$0@?0???$?RV<lambda_9431c60049192bb82166e0947f95a2e9>@@AEAV<lambda_85fa512c59a4d94d4a89f575eefd92a6>@@V<lambda_487febba6ca58d9ce348204d67e1dba3>@@@?$__crt_seh_guarded_call@X@@QEAAX$$QEAV<lambda_9431c60049192bb82166e0947f95a2e9>@@AEAV<lambda_85fa512c59a4d94d4a89f575eefd92a6>@@$$QEAV<lambda_487febba6ca58d9ce348204d67e1dba3>@@@Z@4HA 000000018005892c     libucrt:wsetlocale.obj
 0004:00001938       $pdata$?fin$0@?0??update_thread_multibyte_data_internal@@YAPEAU__crt_multibyte_data@@QEAU__acrt_ptd@@QEAU1@@Z@4HA 0000000180058938     libucrt:mbctype.obj
 0004:00001944       $pdata$__acrt_lowio_ensure_fh_exists$fin$0 0000000180058944     libucrt:osfinfo.obj
 0004:00001944       $pdata$__acrt_initialize_lowio$fin$0 0000000180058944     libucrt:ioinit.obj
 0004:00001950       $pdata$_query_new_handler$fin$0 0000000180058950     libucrt:new_handler.obj
 0004:0000195c       $pdata$raise$fin$0         000000018005895c     libucrt:signal.obj
 0004:00001968       $pdata$__acrt_update_thread_locale_data$fin$0 0000000180058968     libucrt:locale_refcounting.obj
 0004:00001974       $pdata$common_flush_all$fin$0 0000000180058974     libucrt:fflush.obj
 0004:00001980       $pdata$common_flush_all$fin$1 0000000180058980     libucrt:fflush.obj
 0004:0000198c       $pdata$_fcloseall$fin$0    000000018005898c     libucrt:closeall.obj
 0004:00001998       $pdata$?fin$0@?0???$?RV<lambda_bfedae4ebbf01fab1bb6dcc6a9e276e0>@@AEAV<lambda_2fe9b910cf3cbf4a0ab98a02ba45b3ec>@@V<lambda_237c231691f317818eb88cc1d5d642d6>@@@?$__crt_seh_guarded_call@H@@QEAAH$$QEAV<lambda_bfedae4ebbf01fab1bb6dcc6a9e276e0>@@AEAV<lambda_2fe9b910cf3cbf4a0ab98a02ba45b3ec>@@$$QEAV<lambda_237c231691f317818eb88cc1d5d642d6>@@@Z@4HA 0000000180058998     libucrt:close.obj
 0004:00001998       $pdata$?fin$0@?0???$?RV<lambda_b521505b218e5242e90febf6bfebc422>@@AEAV<lambda_6978c1fb23f02e42e1d9e99668cc68aa>@@V<lambda_314360699dd331753a4119843814e9a7>@@@?$__crt_seh_guarded_call@H@@QEAAH$$QEAV<lambda_b521505b218e5242e90febf6bfebc422>@@AEAV<lambda_6978c1fb23f02e42e1d9e99668cc68aa>@@$$QEAV<lambda_314360699dd331753a4119843814e9a7>@@@Z@4HA 0000000180058998     libucrt:commit.obj
 0004:000019a4       $pdata$_write$fin$0        00000001800589a4     libucrt:write.obj
 0004:000019b0       $pdata$fclose$fin$0        00000001800589b0     libucrt:fclose.obj
 0004:000019bc       $pdata$_ctrlfp$filt$0      00000001800589bc     libucrt:fpctrl.obj
 0004:000019c8       $pdata$_IsNonwritableInCurrentImage$filt$0 00000001800589c8     LIBCMT:pesect.obj
 0005:00000000       __guard_fids__             0000000180059000     libucrt:initialization.obj
 0005:00000060       __guard_fids___acrt_initialize_ptd 0000000180059060     libucrt:per_thread_data.obj
 0005:00000064       __guard_fids_??$expand_argument_wildcards@D@@YAHQEAD0AEAV?$argument_list@D@?A0x5f5c8891@@@Z 0000000180059064     libucrt:argv_wildcards.obj
 0005:00000068       __guard_fids__             0000000180059068     libucrt:locale_initializer.obj
 0005:0000006c       __guard_fids__             000000018005906c     libucrt:multibyte_initializer.obj
 0005:00000070       __guard_fids__             0000000180059070     libucrt:stdio_initializer.obj
 0005:00000074       __guard_fids__             0000000180059074     libucrt:stdio_initializer.obj
 0005:00000078       __guard_fids__             0000000180059078     libucrt:fma3_initializer.obj
 0005:0000007c       __guard_fids__             000000018005907c     libucrt:console_output_initializer.obj
 0005:00000080       __guard_fids_?dllmain_crt_process_attach@@YAHQEAUHINSTANCE__@@QEAX@Z 0000000180059080     LIBCMT:dll_dllmain.obj
 0005:00000088       __guard_fids_?dllmain_dispatch@@YAHQEAUHINSTANCE__@@KQEAX@Z 0000000180059088     LIBCMT:dll_dllmain.obj
 0005:0000008c       __guard_fids__             000000018005908c     LIBCMT:guard_support.obj
 0005:00000090       __guard_fids__             0000000180059090     libvcruntime:telemetry.obj
 0005:00000094       __guard_fids_?TraceLoggingRegister@__vcrt_trace_logging_provider@@YAJPEBU_TlgProvider_t@1@PEBU_GUID@@P6AX1KE_K2PEAU_EVENT_FILTER_DESCRIPTOR@@PEAX@Z4@Z 0000000180059094     libvcruntime:telemetry.obj
 0005:00000098       __guard_fids___vcrt_initialize_ptd 0000000180059098     libvcruntime:per_thread_data.obj
 0006:000000f0       $R000000                   000000018005a0f0     ConEmuTh.res
 0006:000003d8       $R0002E8                   000000018005a3d8     ConEmuTh.res
 0006:00001480       $R001390                   000000018005b480     ConEmuTh.res
