 ConEmuTh.x64

 Timestamp is 574b609f (Mon May 30 00:35:27 2016)

 Preferred load address is 0000000180000000

 Start         Length     Name                   Class
 0001:00000000 000001e0H .text                   CODE
 0001:000001e0 0001ccd0H .text$mn                CODE
 0001:0001ceb0 00000020H .text$mn$00             CODE
 0001:0001ced0 00000270H .text$x                 CODE
 0002:00000000 00000658H .idata$5                DATA
 0002:00000658 00000010H .00cfg                  DATA
 0002:00000668 00000008H .CRT$XCA                DATA
 0002:00000670 00000008H .CRT$XCZ                DATA
 0002:00000678 00000008H .CRT$XIA                DATA
 0002:00000680 00000018H .CRT$XIC                DATA
 0002:00000698 00000008H .CRT$XIZ                DATA
 0002:000006a0 00000008H .CRT$XPA                DATA
 0002:000006a8 00000010H .CRT$XPX                DATA
 0002:000006b8 00000008H .CRT$XPXA               DATA
 0002:000006c0 00000008H .CRT$XPZ                DATA
 0002:000006c8 00000008H .CRT$XTA                DATA
 0002:000006d0 00000010H .CRT$XTZ                DATA
 0002:000006e0 00008498H .rdata                  DATA
 0002:00008b78 00000000H .rdata$r                DATA
 0002:00008b78 00000010H .rdata$zETW0            DATA
 0002:00008b88 00000077H .rdata$zETW1            DATA
 0002:00008bff 0000002cH .rdata$zETW2            DATA
 0002:00008c2b 00000001H .rdata$zETW9            DATA
 0002:00008c2c 00000314H .rdata$zzzdbg           DATA
 0002:00008f40 00000008H .rtc$IAA                DATA
 0002:00008f48 00000008H .rtc$IZZ                DATA
 0002:00008f50 00000008H .rtc$TAA                DATA
 0002:00008f58 00000008H .rtc$TZZ                DATA
 0002:00008f60 000012d0H .xdata                  DATA
 0002:0000a230 0000016cH .edata                  DATA
 0002:0000a39c 0000008cH .idata$2                DATA
 0002:0000a428 00000018H .idata$3                DATA
 0002:0000a440 00000658H .idata$4                DATA
 0002:0000aa98 00000df6H .idata$6                DATA
 0003:00000000 00000a00H .data                   DATA
 0003:000009f8 00000000H .data$r                 DATA
 0003:00000a00 0002b128H .bss                    DATA
 0004:00000000 000019a4H .pdata                  DATA
 0005:00000000 00000080H .gfids$x                DATA
 0005:00000080 0000001cH .gfids$y                DATA
 0006:00000000 000000f0H .rsrc$01                DATA
 0006:000000f0 000013d8H .rsrc$02                DATA

  Address         Publics by Value              Rva+Base               Lib:Object

 0000:00000000       __dynamic_value_reloc_table 0000000000000000     <absolute>
 0000:00000000       __guard_iat_count          0000000000000000     <absolute>
 0000:00000000       __guard_iat_table          0000000000000000     <absolute>
 0000:00000000       __guard_longjmp_table      0000000000000000     <absolute>
 0000:00000000       __guard_longjmp_count      0000000000000000     <absolute>
 0000:00000000       __guard_fids_count         0000000000000000     <absolute>
 0000:00000000       ___safe_se_handler_table   0000000000000000     <absolute>
 0000:00000000       ___safe_se_handler_count   0000000000000000     <absolute>
 0000:00000000       __guard_fids_table         0000000000000000     <absolute>
 0000:00000100       __guard_flags              0000000000000100     <absolute>
 0000:00000000       __ImageBase                0000000180000000     <linker-defined>
 0001:00000000       ?TraceLoggingRegister@__vcrt_trace_logging_provider@@YAJPEBU_TlgProvider_t@1@PEBU_GUID@@P6AX1KE_K2PEAU_EVENT_FILTER_DESCRIPTOR@@PEAX@Z4@Z 0000000180001000 f i libvcruntime:telemetry.obj
 0001:0000007c       ?_TlgEnableCallback@__vcrt_trace_logging_provider@@YAXPEBU_GUID@@KE_K1PEAU_EVENT_FILTER_DESCRIPTOR@@PEAX@Z 000000018000107c f i libvcruntime:telemetry.obj
 0001:00000140       ?_TlgWrite@__vcrt_trace_logging_provider@@YAJPEBU_TlgProvider_t@1@PEFBXPEBU_GUID@@2IPEAU_EVENT_DATA_DESCRIPTOR@@@Z 0000000180001140 f i libvcruntime:telemetry.obj
 0001:000001e0       ??0CEStr@@QEAA@PEB_W00000000@Z 00000001800011e0 f   CEStr.obj
 0001:00000288       ??1CEStr@@QEAA@XZ          0000000180001288 f   CEStr.obj
 0001:000002d4       ??BCEStr@@QEBAPEB_WXZ      00000001800012d4 f   CEStr.obj
 0001:000002d8       ?AttachInt@CEStr@@AEAAPEB_WAEAPEA_W@Z 00000001800012d8 f   CEStr.obj
 0001:0000035c       ?Empty@CEStr@@QEAAXXZ      000000018000135c f   CEStr.obj
 0001:0000037c       ?GetBuffer@CEStr@@QEAAPEA_W_J@Z 000000018000137c f   CEStr.obj
 0001:00000430       ?GetLen@CEStr@@QEBA_JXZ    0000000180001430 f   CEStr.obj
 0001:00000458       ?GetMaxCount@CEStr@@QEAA_JXZ 0000000180001458 f   CEStr.obj
 0001:00000484       ?SavePathVar@CEStr@@QEAAXPEB_W@Z 0000000180001484 f   CEStr.obj
 0001:000004bc       ?Set@CEStr@@QEAAPEB_WPEB_W_J@Z 00000001800014bc f   CEStr.obj
 0001:000005b0       ?StringCchCopyNW@@YAJPEA_W_KPEB_W1@Z 00000001800015b0 f i CEStr.obj
 0001:00000634       ?PointToExt@@YAPEB_WPEB_W@Z 0000000180001634 f   CmdLine.obj
 0001:00000658       ?PointToName@@YAPEB_WPEB_W@Z 0000000180001658 f   CmdLine.obj
 0001:000006b4       ?Unquote@@YAPEB_WPEA_W_N@Z 00000001800016b4 f   CmdLine.obj
 0001:0000071c       ?CommonShutdown@@YAXXZ     000000018000171c f   Common.obj
 0001:0000072c       ?ExecuteCmd@@YAPEAUCESERVER_REQ@@PEB_WPEAU1@KPEAUHWND__@@HKH@Z 000000018000172c f   ConEmuCheck.obj
 0001:0000091c       ?ExecuteFreeResult@@YAXAEAPEAUCESERVER_REQ@@@Z 000000018000191c f   ConEmuCheck.obj
 0001:0000093c       ?ExecuteGuiCmd@@YAPEAUCESERVER_REQ@@PEAUHWND__@@PEAU1@0H@Z 000000018000193c f   ConEmuCheck.obj
 0001:000009e8       ?ExecuteNewCmd@@YAPEAUCESERVER_REQ@@K_K@Z 00000001800019e8 f   ConEmuCheck.obj
 0001:00000a4c       ?ExecuteOpenPipe@@YAPEAXPEB_WAEAY0CAI@_W0KKHPEAXH@Z 0000000180001a4c f   ConEmuCheck.obj
 0001:00000bfc       ?ExecutePrepareCmd@@YAXPEAUCESERVER_REQ@@K_K@Z 0000000180001bfc f   ConEmuCheck.obj
 0001:00000c38       ?ExecutePrepareCmd@@YAXPEAUCESERVER_REQ_HDR@@K_K@Z 0000000180001c38 f   ConEmuCheck.obj
 0001:00000ca8       ?ModuleName@@YAPEB_WPEB_W@Z 0000000180001ca8 f   ConEmuCheck.obj
 0001:00000d48       ?StringCchCopyW@@YAJPEA_W_KPEB_W@Z 0000000180001d48 f i ConEmuCheck.obj
 0001:00000dc0       ExitFARW                   0000000180001dc0 f   ConEmuTh.obj
 0001:00000dc0       ?ExitFARW3@@YAXPEAX@Z      0000000180001dc0 f   ConEmuTh.obj
 0001:00000df8       ProcessSynchroEventW       0000000180001df8 f   ConEmuTh.obj
 0001:00000e00       ??_G?$MFileMapping@Utag_DetectedDialog@@@@QEAAPEAXI@Z 0000000180001e00 f i ConEmuTh.obj
 0001:00000fd8       ?CheckConEmu@@YAHH@Z       0000000180001fd8 f   ConEmuTh.obj
 0001:000010e0       ?CheckPanelSettings@@YAHH@Z 00000001800020e0 f   ConEmuTh.obj
 0001:00001118       ?CheckVarsInitialized@@YAXXZ 0000000180002118 f   ConEmuTh.obj
 0001:00001260       ?CheckWindows@@YA_NXZ      0000000180002260 f   ConEmuTh.obj
 0001:00001300       ?EntryPoint@@YAXH_J_N@Z    0000000180002300 f   ConEmuTh.obj
 0001:000014c4       ?ExecuteInMainThread@@YAXPEAUConEmuThSynchroArg@@@Z 00000001800024c4 f   ConEmuTh.obj
 0001:00001548       ?ExitPlugin@@YAXXZ         0000000180002548 f   ConEmuTh.obj
 0001:00001680       ?FreeItem@CePluginPanelItem@@QEAAXXZ 0000000180002680 f   ConEmuTh.obj
 0001:000016a0       ?FreeUserData@CePluginPanelItem@@QEAAXXZ 00000001800026a0 f   ConEmuTh.obj
 0001:000016f4       ?GetActivePanel@@YAPEAUCeFullPanelInfo@@XZ 00000001800026f4 f   ConEmuTh.obj
 0001:00001738       ?GetFarRect@@YAHPEAU_SMALL_RECT@@@Z 0000000180002738 f   ConEmuTh.obj
 0001:000017a8       ?GetFocusedThumbnails@@YAPEAUCeFullPanelInfo@@XZ 00000001800027a8 f   ConEmuTh.obj
 0001:00001804       ?GetMainThreadId@@YAKXZ    0000000180002804 f   ConEmuTh.obj
 0001:0000189c       ?GetMsgW@@YAPEB_WH@Z       000000018000289c f   ConEmuTh.obj
 0001:000018d8       ?GetPluginInfoWcmn@@YAXPEAX@Z 00000001800028d8 f   ConEmuTh.obj
 0001:000018fc       ?InitName@?$MFileMapping@UPanelViewSetMapping@@@@QEAAPEB_WPEB_WKK@Z 00000001800028fc f i ConEmuTh.obj
 0001:000018fc       ?InitName@?$MFileMapping@Utag_DetectedDialog@@@@QEAAPEB_WPEB_WKK@Z 00000001800028fc f i ConEmuTh.obj
 0001:00001994       ?InternalOpenCreate@?$MFileMapping@UPanelViewSetMapping@@@@IEAAPEAUPanelViewSetMapping@@HHH@Z 0000000180002994 f i ConEmuTh.obj
 0001:00001b40       ?InternalOpenCreate@?$MFileMapping@Utag_DetectedDialog@@@@IEAAPEAUtag_DetectedDialog@@HHH@Z 0000000180002b40 f i ConEmuTh.obj
 0001:00001cec       ?IsThumbnailsActive@@YAPEAUCeFullPanelInfo@@H@Z 0000000180002cec f   ConEmuTh.obj
 0001:00001ed8       ?LoadFarVersion@@YAHXZ     0000000180002ed8 f   ConEmuTh.obj
 0001:000021ec       ?LoadPanelItemInfo@@YAXPEAUCeFullPanelInfo@@_J@Z 00000001800031ec f   ConEmuTh.obj
 0001:00002224       ?LoadThSet@@YAHK@Z         0000000180003224 f   ConEmuTh.obj
 0001:00002440       ?OnPostPeekConsole@@YAHPEAXPEAU_INPUT_RECORD@@KPEAKPEAH@Z 0000000180003440 f   ConEmuTh.obj
 0001:00002480       ?OnPostReadConsole@@YAHPEAXPEAU_INPUT_RECORD@@KPEAKPEAH@Z 0000000180003480 f   ConEmuTh.obj
 0001:000024c4       ?OnPrePeekConsole@@YAHPEAXPEAU_INPUT_RECORD@@KPEAKPEAH@Z 00000001800034c4 f   ConEmuTh.obj
 0001:00002588       ?OnPreReadConsole@@YAHPEAXPEAU_INPUT_RECORD@@KPEAKPEAH@Z 0000000180003588 f   ConEmuTh.obj
 0001:000025a4       ?OnPreWriteConsoleOutput@@YAHPEAXPEBU_CHAR_INFO@@U_COORD@@2PEAU_SMALL_RECT@@@Z 00000001800035a4 f   ConEmuTh.obj
 0001:00002708       ?OnReadyForPanelsReload@@YAXXZ 0000000180003708 f   ConEmuTh.obj
 0001:00002870       ?OpenPluginWcmn@@YAPEAXH_J_N@Z 0000000180003870 f   ConEmuTh.obj
 0001:000028dc       ?OpenW@@YAPEAXPEBUOpenInfo@@@Z 00000001800038dc f   ConEmuTh.obj
 0001:0000290c       ?PostMacro@@YAXPEA_W@Z     000000018000390c f   ConEmuTh.obj
 0001:00002a84       ?ProcessConsoleInput@@YAHHPEAU_INPUT_RECORD@@KPEAK@Z 0000000180003a84 f   ConEmuTh.obj
 0001:00002d98       ?ProcessSynchroEventCommon@@YAHHPEAX@Z 0000000180003d98 f   ConEmuTh.obj
 0001:00002f04       ?ReloadPanelsInfo@@YAXXZ   0000000180003f04 f   ConEmuTh.obj
 0001:00003094       ?ReloadResourcesW@@YAXXZ   0000000180004094 f   ConEmuTh.obj
 0001:00003130       ?ResetUngetBuffer@@YAXXZ   0000000180004130 f   ConEmuTh.obj
 0001:00003140       ?SavePanelViewState@@YAXHK@Z 0000000180004140 f   ConEmuTh.obj
 0001:00003180       ?SettingsLoad@@YAHPEB_WPEAK@Z 0000000180004180 f   ConEmuTh.obj
 0001:000031b8       ?SettingsLoadOther@@YAXPEB_W@Z 00000001800041b8 f   ConEmuTh.obj
 0001:00003314       ?SettingsLoadReg@@YAHPEB_W0PEAK@Z 0000000180004314 f   ConEmuTh.obj
 0001:000033b4       ?SettingsSave@@YAXPEB_WPEAK@Z 00000001800043b4 f   ConEmuTh.obj
 0001:000033ec       ?SettingsSaveReg@@YAXPEB_W0PEAK@Z 00000001800043ec f   ConEmuTh.obj
 0001:00003474       ?ShowLastError@@YAHXZ      0000000180004474 f   ConEmuTh.obj
 0001:000034e8       ?ShowMessage@@YAHHH@Z      00000001800044e8 f   ConEmuTh.obj
 0001:00003520       ?ShowPluginMenu@@YAHXZ     0000000180004520 f   ConEmuTh.obj
 0001:00003558       ?StartPlugin@@YAXH@Z       0000000180004558 f   ConEmuTh.obj
 0001:000036c4       ?StringCchCatW@@YAJPEA_W_KPEB_W@Z 00000001800046c4 f i ConEmuTh.obj
 0001:00003788       ?UpdateEnvVar@@YAXH@Z      0000000180004788 f   ConEmuTh.obj
 0001:000037b8       ?isPreloadByDefault@@YA_NXZ 00000001800047b8 f   ConEmuTh.obj
 0001:000037e0       DllMain                    00000001800047e0 f   ConEmuTh.obj
 0001:000038ac       GetMinFarVersionW          00000001800048ac f   ConEmuTh.obj
 0001:000038b4       SetStartupInfoW            00000001800048b4 f   ConEmuTh.obj
 0001:00003914       ?CheckFarPanelsW1900@@YA_NXZ 0000000180004914 f   ConEmuTh1900.obj
 0001:00003970       ?CheckPanelSettingsW1900@@YAHH@Z 0000000180004970 f   ConEmuTh1900.obj
 0001:00003a20       ?Color2BgIndex@Far3Color@@SAXKHAEAGPEBK@Z 0000000180004a20 f i ConEmuTh1900.obj
 0001:00003b34       ?Color2FgIndex@Far3Color@@SAXKAEAGPEBK@Z 0000000180004b34 f i ConEmuTh1900.obj
 0001:00003c24       ?ExecuteInMainThreadW1900@@YAXPEAUConEmuThSynchroArg@@@Z 0000000180004c24 f   ConEmuTh1900.obj
 0001:00003c50       ?ExitFARW1900@@YAXXZ       0000000180004c50 f   ConEmuTh1900.obj
 0001:00003c8c       ?FarColor_3_2@@YAEAEBUFarColor@@@Z 0000000180004c8c f i ConEmuTh1900.obj
 0001:00003d38       ?GetFarRectW1900@@YAXPEAU_SMALL_RECT@@@Z 0000000180004d38 f   ConEmuTh1900.obj
 0001:00003dcc       ?GetMsgW1900@@YAPEB_WH@Z   0000000180004dcc f   ConEmuTh1900.obj
 0001:00003df8       ?GetPluginInfoW1900@@YAXPEAX@Z 0000000180004df8 f   ConEmuTh1900.obj
 0001:00003f98       ?LoadPanelInfoW1900@@YAHH@Z 0000000180004f98 f   ConEmuTh1900.obj
 0001:000043f4       ?LoadPanelItemInfoW1900@@YAXPEAUCeFullPanelInfo@@_J@Z 00000001800053f4 f   ConEmuTh1900.obj
 0001:00004628       ?OpenW1900@@YAPEAXPEBX@Z   0000000180005628 f   ConEmuTh1900.obj
 0001:00004688       ?PostMacroW1900@@YAXPEA_W@Z 0000000180005688 f   ConEmuTh1900.obj
 0001:00004708       ?ReloadPanelsInfoW1900@@YAXXZ 0000000180005708 f   ConEmuTh1900.obj
 0001:0000472c       ?SetCurrentPanelItemW1900@@YAXH_J0@Z 000000018000572c f   ConEmuTh1900.obj
 0001:00004854       ?SetStartupInfoW1900@@YAXPEAX@Z 0000000180005854 f   ConEmuTh1900.obj
 0001:0000498c       ?SettingsLoadW1900@@YAHPEB_WPEAK@Z 000000018000598c f   ConEmuTh1900.obj
 0001:00004a58       ?SettingsSaveW1900@@YAXPEB_WPEAK@Z 0000000180005a58 f   ConEmuTh1900.obj
 0001:00004b30       ?ShowMessageW1900@@YAHHH@Z 0000000180005b30 f   ConEmuTh1900.obj
 0001:00004b78       ?ShowMessageW1900@@YAHPEB_WH@Z 0000000180005b78 f   ConEmuTh1900.obj
 0001:00004be4       ?ShowPluginMenuW1900@@YAHXZ 0000000180005be4 f   ConEmuTh1900.obj
 0001:00004ddc       ?CheckFarPanelsW2800@@YA_NXZ 0000000180005ddc f   ConEmuTh2800.obj
 0001:00004e50       ?CheckPanelSettingsW2800@@YAHH@Z 0000000180005e50 f   ConEmuTh2800.obj
 0001:00004f00       ?ExecuteInMainThreadW2800@@YAXPEAUConEmuThSynchroArg@@@Z 0000000180005f00 f   ConEmuTh2800.obj
 0001:00004f2c       ?ExitFARW2800@@YAXXZ       0000000180005f2c f   ConEmuTh2800.obj
 0001:00004f68       ?FreePanelItemUserData2800@@YAXPEAX_KP6A_JXZ@Z 0000000180005f68 f   ConEmuTh2800.obj
 0001:00004f9c       ?GetFarRectW2800@@YAXPEAU_SMALL_RECT@@@Z 0000000180005f9c f   ConEmuTh2800.obj
 0001:00005038       ?GetMsgW2800@@YAPEB_WH@Z   0000000180006038 f   ConEmuTh2800.obj
 0001:00005064       ?GetPluginInfoW2800@@YAXPEAX@Z 0000000180006064 f   ConEmuTh2800.obj
 0001:00005204       ?LoadPanelInfoW2800@@YAHH@Z 0000000180006204 f   ConEmuTh2800.obj
 0001:00005660       ?LoadPanelItemInfoW2800@@YAXPEAUCeFullPanelInfo@@_J@Z 0000000180006660 f   ConEmuTh2800.obj
 0001:000058c4       ?OpenW2800@@YAPEAXPEBX@Z   00000001800068c4 f   ConEmuTh2800.obj
 0001:00005984       ?PostMacroW2800@@YAXPEA_W@Z 0000000180006984 f   ConEmuTh2800.obj
 0001:00005a08       ?ProcessSynchroEventW3@@YA_JPEAX@Z 0000000180006a08 f   ConEmuTh2800.obj
 0001:00005a20       ?ReloadPanelsInfoW2800@@YAXXZ 0000000180006a20 f   ConEmuTh2800.obj
 0001:00005a44       ?SetCurrentPanelItemW2800@@YAXH_J0@Z 0000000180006a44 f   ConEmuTh2800.obj
 0001:00005b70       ?SetCurrentPanelItemW2800Int@@YAXH_J0@Z 0000000180006b70 f   ConEmuTh2800.obj
 0001:00005c98       ?SetStartupInfoW2800@@YAXPEAX@Z 0000000180006c98 f   ConEmuTh2800.obj
 0001:00005dd0       ?SettingsLoadW2800@@YAHPEB_WPEAK@Z 0000000180006dd0 f   ConEmuTh2800.obj
 0001:00005ea4       ?SettingsSaveW2800@@YAXPEB_WPEAK@Z 0000000180006ea4 f   ConEmuTh2800.obj
 0001:00005f84       ?ShowMessageW2800@@YAHHH@Z 0000000180006f84 f   ConEmuTh2800.obj
 0001:00005fd0       ?ShowMessageW2800@@YAHPEB_WH@Z 0000000180006fd0 f   ConEmuTh2800.obj
 0001:00006040       ?ShowPluginMenuW2800@@YAHXZ 0000000180007040 f   ConEmuTh2800.obj
 0001:0000624c       GetGlobalInfoW             000000018000724c f   ConEmuTh2800.obj
 0001:000062e4       ?CheckFarPanelsW995@@YA_NXZ 00000001800072e4 f   ConEmuTh995.obj
 0001:00006340       ?CheckPanelSettingsW995@@YAHH@Z 0000000180007340 f   ConEmuTh995.obj
 0001:000063bc       ?ExecuteInMainThreadW995@@YAXPEAUConEmuThSynchroArg@@@Z 00000001800073bc f   ConEmuTh995.obj
 0001:000063e4       ?ExitFARW995@@YAXXZ        00000001800073e4 f   ConEmuTh995.obj
 0001:00006438       ?GetFarRectW995@@YAXPEAU_SMALL_RECT@@@Z 0000000180007438 f   ConEmuTh995.obj
 0001:00006478       ?GetMsgW995@@YAPEB_WH@Z    0000000180007478 f   ConEmuTh995.obj
 0001:000064a0       ?GetPluginInfoW995@@YAXPEAX@Z 00000001800074a0 f   ConEmuTh995.obj
 0001:00006574       ?LoadPanelInfo995@@YAHH@Z  0000000180007574 f   ConEmuTh995.obj
 0001:00006878       ?LoadPanelItemInfoW995@@YAXPEAUCeFullPanelInfo@@_J@Z 0000000180007878 f   ConEmuTh995.obj
 0001:00006a04       ?PostMacroW995@@YAXPEA_W@Z 0000000180007a04 f   ConEmuTh995.obj
 0001:00006a68       ?ReloadPanelsInfoW995@@YAXXZ 0000000180007a68 f   ConEmuTh995.obj
 0001:00006a8c       ?SetCurrentPanelItemW995@@YAXH_J0@Z 0000000180007a8c f   ConEmuTh995.obj
 0001:00006b98       ?SetStartupInfoW995@@YAXPEAX@Z 0000000180007b98 f   ConEmuTh995.obj
 0001:00006d38       ?SettingsLoadOtherW995@@YAXXZ 0000000180007d38 f   ConEmuTh995.obj
 0001:00006d44       ?SettingsLoadW995@@YAHPEB_WPEAK@Z 0000000180007d44 f   ConEmuTh995.obj
 0001:00006d58       ?SettingsSaveW995@@YAXPEB_WPEAK@Z 0000000180007d58 f   ConEmuTh995.obj
 0001:00006d6c       ?ShowMessageW995@@YAHHH@Z  0000000180007d6c f   ConEmuTh995.obj
 0001:00006db0       ?ShowMessageW995@@YAHPEB_WH@Z 0000000180007db0 f   ConEmuTh995.obj
 0001:00006df0       ?ShowPluginMenuW995@@YAHXZ 0000000180007df0 f   ConEmuTh995.obj
 0001:00006f80       OpenPluginW                0000000180007f80 f   ConEmuTh995.obj
 0001:00006fa0       ?CheckFarPanelsA@@YA_NXZ   0000000180007fa0 f   ConEmuThA.obj
 0001:00007008       ?CheckPanelSettingsA@@YAHH@Z 0000000180008008 f   ConEmuThA.obj
 0001:00007090       ?GetMsgA@@YAPEB_WHPEA_W@Z  0000000180008090 f   ConEmuThA.obj
 0001:0000718c       ?LoadPanelInfoA@@YAHH@Z    000000018000818c f   ConEmuThA.obj
 0001:00007548       ?PostMacroA@@YAXPEAD@Z     0000000180008548 f   ConEmuThA.obj
 0001:000075a8       ?ReloadPanelsInfoA@@YAXXZ  00000001800085a8 f   ConEmuThA.obj
 0001:000075cc       ?ReloadResourcesA@@YAXXZ   00000001800085cc f   ConEmuThA.obj
 0001:00007688       ?SetCurrentPanelItemA@@YAXH_J0@Z 0000000180008688 f   ConEmuThA.obj
 0001:000077a8       ?SettingsLoadA@@YAHPEB_WPEAK@Z 00000001800087a8 f   ConEmuThA.obj
 0001:000077bc       ?SettingsLoadOtherA@@YAXXZ 00000001800087bc f   ConEmuThA.obj
 0001:000077c8       ?SettingsSaveA@@YAXPEB_WPEAK@Z 00000001800087c8 f   ConEmuThA.obj
 0001:000077dc       ?ShowMessageA@@YAHHH@Z     00000001800087dc f   ConEmuThA.obj
 0001:0000782c       ?ShowMessageA@@YAHPEBDH@Z  000000018000882c f   ConEmuThA.obj
 0001:00007870       ?ShowPluginMenuA@@YAHXZ    0000000180008870 f   ConEmuThA.obj
 0001:00007a48       ExitFAR                    0000000180008a48 f   ConEmuThA.obj
 0001:00007aa4       GetMinFarVersion           0000000180008aa4 f   ConEmuThA.obj
 0001:00007adc       GetPluginInfo              0000000180008adc f   ConEmuThA.obj
 0001:00007b5c       OpenPlugin                 0000000180008b5c f   ConEmuThA.obj
 0001:00007b98       SetStartupInfo             0000000180008b98 f   ConEmuThA.obj
 0001:00007d60       ?BisItem2CeItem@CeFullPanelInfo@@QEAAH_JH_KKKHH@Z 0000000180008d60 f   Display.obj
 0001:00007e00       ?CalcTopPanelItem@CeFullPanelInfo@@QEAA_J_J0@Z 0000000180008e00 f   Display.obj
 0001:00007ed4       ?Close@CeFullPanelInfo@@QEAAXXZ 0000000180008ed4 f   Display.obj
 0001:00007f18       ?CreateView@CeFullPanelInfo@@QEAAPEAUHWND__@@XZ 0000000180008f18 f   Display.obj
 0001:000082a4       ?DisplayReloadPanel@CeFullPanelInfo@@QEAAXXZ 00000001800092a4 f   Display.obj
 0001:000082e0       ?DisplayThread@CeFullPanelInfo@@SAKPEAX@Z 00000001800092e0 f   Display.obj
 0001:00008400       ?DisplayWndProc@CeFullPanelInfo@@SA_JPEAUHWND__@@I_K_J@Z 0000000180009400 f   Display.obj
 0001:00008948       ?DrawItemText@CeFullPanelInfo@@QEAAHPEAUHDC__@@PEAUtagRECT@@1PEAUCePluginPanelItem@@PEB_WPEAUHBRUSH__@@H@Z 0000000180009948 f   Display.obj
 0001:00008f54       ?FarItem2CeItem@CeFullPanelInfo@@QEAAH_JPEB_W1KU_FILETIME@@_KHPEAX3P6A_JXZ3K@Z 0000000180009f54 f   Display.obj
 0001:000092b4       ?FinalRelease@CeFullPanelInfo@@QEAAXXZ 000000018000a2b4 f   Display.obj
 0001:000093c8       ?GetConCoordFromIndex@CeFullPanelInfo@@QEAAH_JAEAU_COORD@@@Z 000000018000a3c8 f   Display.obj
 0001:00009478       ?GetIndexFromWndCoord@CeFullPanelInfo@@QEAAHHHAEA_J@Z 000000018000a478 f   Display.obj
 0001:00009510       ?GetItemColors@CeFullPanelInfo@@QEAAPEAUHBRUSH__@@_JPEAUCePluginPanelItem@@PEAUCePluginPanelItemColor@@HAEAK3@Z 000000018000a510 f   Display.obj
 0001:00009580       ?Invalidate@CeFullPanelInfo@@QEAAXXZ 000000018000a580 f   Display.obj
 0001:000095d4       ?InvalidateAll@CeFullPanelInfo@@SAXXZ 000000018000a5d4 f   Display.obj
 0001:00009624       ?LoadItemColors@CeFullPanelInfo@@QEAAX_JPEAUCePluginPanelItem@@PEAUCePluginPanelItemColor@@HH@Z 000000018000a624 f   Display.obj
 0001:000098a0       ?OnSettingsChanged@CeFullPanelInfo@@QEAAHH@Z 000000018000a8a0 f   Display.obj
 0001:000099d4       ?Paint@CeFullPanelInfo@@QEAAXPEAUHWND__@@AEAUtagPAINTSTRUCT@@AEAUtagRECT@@@Z 000000018000a9d4 f   Display.obj
 0001:0000a2d8       ?PaintItem@CeFullPanelInfo@@QEAAHPEAUHDC__@@_JHHPEAUCePluginPanelItem@@PEAUCePluginPanelItemColor@@HHPEAUHBRUSH__@@4K@Z 000000018000b2d8 f   Display.obj
 0001:0000a7dc       ?ReallocItems@CeFullPanelInfo@@QEAAH_J@Z 000000018000b7dc f   Display.obj
 0001:0000a944       ?RegisterPanelView@CeFullPanelInfo@@QEAAHXZ 000000018000b944 f   Display.obj
 0001:0000ac08       ?RequestSetPos@CeFullPanelInfo@@QEAAX_J0H@Z 000000018000bc08 f   Display.obj
 0001:0000acec       ?UnregisterPanelView@CeFullPanelInfo@@QEAAH_N@Z 000000018000bcec f   Display.obj
 0001:0000ae04       ?Init@HkFunc@@QEAA_NPEB_WPEAUHINSTANCE__@@@Z 000000018000be04 f   HkFunc.obj
 0001:0000aea4       ??$SafeDelete@UMSectionSimple@@@@YAXAEAPEAUMSectionSimple@@@Z 000000018000bea4 f i ImgCache.obj
 0001:0000aeec       ??0?$CQueueProcessor@PEAUIMAGE_CACHE_INFO@@@@QEAA@XZ 000000018000beec f i ImgCache.obj
 0001:0000af60       ??0CImgCache@@QEAA@PEAUHINSTANCE__@@@Z 000000018000bf60 f   ImgCache.obj
 0001:0000b09c       ??1?$CQueueProcessor@PEAUIMAGE_CACHE_INFO@@@@UEAA@XZ 000000018000c09c f i ImgCache.obj
 0001:0000b150       ??1CImgCache@@QEAA@XZ      000000018000c150 f   ImgCache.obj
 0001:0000b208       ??_ECImgLoader@@UEAAPEAXI@Z 000000018000c208 f i ImgCache.obj
 0001:0000b208       ??_G?$CQueueProcessor@PEAUIMAGE_CACHE_INFO@@@@UEAAPEAXI@Z 000000018000c208 f i ImgCache.obj
 0001:0000b208       ??_GCImgLoader@@UEAAPEAXI@Z 000000018000c208 f i ImgCache.obj
 0001:0000b208       ??_E?$CQueueProcessor@PEAUIMAGE_CACHE_INFO@@@@UEAAPEAXI@Z 000000018000c208 f i ImgCache.obj
 0001:0000b23c       ?CheckDrawDibCreated@CImgCache@@IEAAHXZ 000000018000c23c f   ImgCache.obj
 0001:0000b390       ?CheckHighPriority@?$CQueueProcessor@PEAUIMAGE_CACHE_INFO@@@@MEAA_NAEBQEAUIMAGE_CACHE_INFO@@@Z 000000018000c390 f i ImgCache.obj
 0001:0000b390       __acrt_uninitialize_command_line 000000018000c390 f i libucrt:argv_data.obj
 0001:0000b390       ?CheckHighPriority@CImgLoader@@UEAA_NAEAPEBUIMAGE_CACHE_INFO@@@Z 000000018000c390 f i ImgCache.obj
 0001:0000b390       ?Filter@?$MToolHelp@UtagPROCESSENTRY32W@@$1?Process32FirstW@@YAHPEAXPEAU1@@Z$1?Process32NextW@@YAH01@Z@@MEAA_NPEAUtagPROCESSENTRY32W@@@Z 000000018000c390 f i MProcess.obj
 0001:0000b394       ?CheckLoadDibCreated@CImgCache@@IEAAHXZ 000000018000c394 f   ImgCache.obj
 0001:0000b4e8       ?CheckThread@?$CQueueProcessor@PEAUIMAGE_CACHE_INFO@@@@IEAAJXZ 000000018000c4e8 f i ImgCache.obj
 0001:0000b5a8       ?ClearQueue@?$CQueueProcessor@PEAUIMAGE_CACHE_INFO@@@@AEAAXXZ 000000018000c5a8 f i ImgCache.obj
 0001:0000b628       ?CopyBits@CImgCache@@IEAAXU_COORD@@PEAEK01@Z 000000018000c628 f   ImgCache.obj
 0001:0000b6b0       ?CopyItem@?$CQueueProcessor@PEAUIMAGE_CACHE_INFO@@@@MEAAXPEBQEAUIMAGE_CACHE_INFO@@PEAPEAU2@@Z 000000018000c6b0 f i ImgCache.obj
 0001:0000b6d0       ?FindInCache@CImgCache@@IEAAHPEAUCePluginPanelItem@@PEAHI@Z 000000018000c6d0 f   ImgCache.obj
 0001:0000b8dc       ?FindOrCreate@?$CQueueProcessor@PEAUIMAGE_CACHE_INFO@@@@AEAAPEAUProcessingItem@1@AEBQEAUIMAGE_CACHE_INFO@@_J_NW4ProcessingPriority@@@Z 000000018000c8dc f i ImgCache.obj
 0001:0000bb24       ?FreeModules@CImgCache@@IEAAXXZ 000000018000cb24 f   ImgCache.obj
 0001:0000bbe8       ?Init@CImgCache@@QEAAXK@Z  000000018000cbe8 f   ImgCache.obj
 0001:0000bc48       ?InitializeQueue@?$CQueueProcessor@PEAUIMAGE_CACHE_INFO@@@@AEAAXH@Z 000000018000cc48 f i ImgCache.obj
 0001:0000bcec       ?IsEqual@?$CQueueProcessor@PEAUIMAGE_CACHE_INFO@@@@MEAA_NAEBQEAUIMAGE_CACHE_INFO@@_J01@Z 000000018000ccec f i ImgCache.obj
 0001:0000bd0c       ?IsEqual@CImgLoader@@UEAA_NAEAPEBUIMAGE_CACHE_INFO@@_JAEAPEAU2@1@Z 000000018000cd0c f i ImgCache.obj
 0001:0000bd24       ?IsStopRequested@?$CQueueProcessor@PEAUIMAGE_CACHE_INFO@@@@UEAA_NAEBQEAUIMAGE_CACHE_INFO@@@Z 000000018000cd24 f i ImgCache.obj
 0001:0000bd34       ?IsTerminationRequested@CImgLoader@@UEAA_NXZ 000000018000cd34 f i ImgCache.obj
 0001:0000bd34       ?IsTerminationRequested@?$CQueueProcessor@PEAUIMAGE_CACHE_INFO@@@@MEAA_NXZ 000000018000cd34 f i ImgCache.obj
 0001:0000bd38       ?LoadModules@CImgCache@@IEAAXXZ 000000018000cd38 f   ImgCache.obj
 0001:0000bff4       ?LoadShellIcon@CImgCache@@QEAAHPEAUIMAGE_CACHE_INFO@@H@Z 000000018000cff4 f   ImgCache.obj
 0001:0000c314       ?LoadThumbnail@CImgCache@@QEAAHPEAUIMAGE_CACHE_INFO@@@Z 000000018000d314 f   ImgCache.obj
 0001:0000ca10       ?OnThreadStarted@?$CQueueProcessor@PEAUIMAGE_CACHE_INFO@@@@MEAAJXZ 000000018000da10 f i ImgCache.obj
 0001:0000ca14       ?OnThreadStarted@CImgLoader@@UEAAJXZ 000000018000da14 f i ImgCache.obj
 0001:0000ca28       ?OnThreadStopped@CImgLoader@@UEAAXXZ 000000018000da28 f i ImgCache.obj
 0001:0000ca30       ?PaintItem@CImgCache@@QEAAHPEAUHDC__@@HHHPEAUCePluginPanelItem@@PEAPEB_WPEAH@Z 000000018000da30 f   ImgCache.obj
 0001:0000cf40       ?ProcessItem@?$CQueueProcessor@PEAUIMAGE_CACHE_INFO@@@@IEAAJPEAUProcessingItem@1@@Z 000000018000df40 f i ImgCache.obj
 0001:0000cf6c       ?ProcessItem@?$CQueueProcessor@PEAUIMAGE_CACHE_INFO@@@@MEAAJAEAPEAUIMAGE_CACHE_INFO@@_J@Z 000000018000df6c f i ImgCache.obj
 0001:0000cf74       ?ProcessItem@CImgLoader@@UEAAJAEAPEAUIMAGE_CACHE_INFO@@_J@Z 000000018000df74 f i ImgCache.obj
 0001:0000cfcc       ?ProcessingStep@?$CQueueProcessor@PEAUIMAGE_CACHE_INFO@@@@IEAA_NXZ 000000018000dfcc f i ImgCache.obj
 0001:0000d1d4       ?ProcessingThread@?$CQueueProcessor@PEAUIMAGE_CACHE_INFO@@@@KAKPEAX@Z 000000018000e1d4 f i ImgCache.obj
 0001:0000d204       ?RequestItem@CImgCache@@QEAAHPEAUCePluginPanelItem@@I@Z 000000018000e204 f   ImgCache.obj
 0001:0000d304       ?Reset@CImgCache@@QEAAXXZ  000000018000e304 f   ImgCache.obj
 0001:0000d4dc       ?SetCacheLocation@CImgCache@@QEAAXPEB_W@Z 000000018000e4dc f   ImgCache.obj
 0001:0000d55c       ??2@YAPEAX_K@Z             000000018000e55c f   Memory.obj
 0001:0000d590       ??3@YAXPEAX@Z              000000018000e590 f   Memory.obj
 0001:0000d590       ??_V@YAXPEAX@Z             000000018000e590 f   Memory.obj
 0001:0000d598       ?HeapDeinitialize@@YAXXZ   000000018000e598 f   Memory.obj
 0001:0000d5bc       ?HeapInitialize@@YA_NXZ    000000018000e5bc f   Memory.obj
 0001:0000d5f4       ?xf_calloc@@YAPEAX_K0@Z    000000018000e5f4 f   Memory.obj
 0001:0000d610       ?xf_free@@YAXPEAX@Z        000000018000e610 f   Memory.obj
 0001:0000d638       ?xf_malloc@@YAPEAX_K@Z     000000018000e638 f   Memory.obj
 0001:0000d638       ??_U@YAPEAX_K@Z            000000018000e638 f   Memory.obj
 0001:0000d64c       ?xf_realloc@@YAPEAXPEAX_K@Z 000000018000e64c f   Memory.obj
 0001:0000d680       ??1?$MToolHelp@UtagPROCESSENTRY32W@@$1?Process32FirstW@@YAHPEAXPEAU1@@Z$1?Process32NextW@@YAH01@Z@@UEAA@XZ 000000018000e680 f i MProcess.obj
 0001:0000d718       ??_GMToolHelpProcess@@UEAAPEAXI@Z 000000018000e718 f i MProcess.obj
 0001:0000d718       ??_E?$MToolHelp@UtagPROCESSENTRY32W@@$1?Process32FirstW@@YAHPEAXPEAU1@@Z$1?Process32NextW@@YAH01@Z@@UEAAPEAXI@Z 000000018000e718 f i MProcess.obj
 0001:0000d718       ??_EMToolHelpProcess@@UEAAPEAXI@Z 000000018000e718 f i MProcess.obj
 0001:0000d718       ??_G?$MToolHelp@UtagPROCESSENTRY32W@@$1?Process32FirstW@@YAHPEAXPEAU1@@Z$1?Process32NextW@@YAH01@Z@@UEAAPEAXI@Z 000000018000e718 f i MProcess.obj
 0001:0000d74c       ?Find@?$MToolHelp@UtagPROCESSENTRY32W@@$1?Process32FirstW@@YAHPEAXPEAU1@@Z$1?Process32NextW@@YAH01@Z@@QEAA_NP6A_NPEAUtagPROCESSENTRY32W@@_J@Z10@Z 000000018000e74c f i MProcess.obj
 0001:0000d818       ?Open@?$MToolHelp@UtagPROCESSENTRY32W@@$1?Process32FirstW@@YAHPEAXPEAU1@@Z$1?Process32NextW@@YAH01@Z@@QEAA_NXZ 000000018000e818 f i MProcess.obj
 0001:0000d8ac       ?addsize@?$MArray@UtagPROCESSENTRY32W@@@@QEAAX_J@Z 000000018000e8ac f i MProcess.obj
 0001:0000d944       ?getNext@?$MToolHelp@UtagPROCESSENTRY32W@@$1?Process32FirstW@@YAHPEAXPEAU1@@Z$1?Process32NextW@@YAH01@Z@@IEAA_NXZ 000000018000e944 f i MProcess.obj
 0001:0000d9e4       ?isTerminalMode@@YA_NXZ    000000018000e9e4 f   MProcess.obj
 0001:0000db48       ?push_back@?$MArray@UtagPROCESSENTRY32W@@@@QEAA_JAEBUtagPROCESSENTRY32W@@@Z 000000018000eb48 f i MProcess.obj
 0001:0000dbbc       ??0MSection@@QEAA@XZ       000000018000ebbc f   MSection.obj
 0001:0000dc44       ??0MSectionLock@@QEAA@XZ   000000018000ec44 f   MSection.obj
 0001:0000dc54       ??1MSection@@QEAA@XZ       000000018000ec54 f   MSection.obj
 0001:0000dcc8       ??1MSectionLock@@QEAA@XZ   000000018000ecc8 f   MSection.obj
 0001:0000dcec       ?AddRef@MSection@@IEAAXK@Z 000000018000ecec f   MSection.obj
 0001:0000dd80       ?Lock@MSection@@IEAAHHK@Z  000000018000ed80 f   MSection.obj
 0001:0000de80       ?Lock@MSectionLock@@QEAAHPEAVMSection@@HK@Z 000000018000ee80 f   MSection.obj
 0001:0000ded4       ?MyEnterCriticalSection@MSection@@IEAA_NK@Z 000000018000eed4 f   MSection.obj
 0001:0000e004       ?ReleaseRef@MSection@@IEAAHK@Z 000000018000f004 f   MSection.obj
 0001:0000e0a8       ?Unlock@MSection@@IEAAXH@Z 000000018000f0a8 f   MSection.obj
 0001:0000e100       ?Unlock@MSectionLock@@QEAAXXZ 000000018000f100 f   MSection.obj
 0001:0000e12c       ?WaitUnlocked@MSection@@IEAAXKK@Z 000000018000f12c f   MSection.obj
 0001:0000e1c0       ??0MSectionLockSimple@@QEAA@XZ 000000018000f1c0 f   MSectionSimple.obj
 0001:0000e1cc       ??0MSectionSimple@@QEAA@_N@Z 000000018000f1cc f   MSectionSimple.obj
 0001:0000e204       ??1MSectionLockSimple@@QEAA@XZ 000000018000f204 f   MSectionSimple.obj
 0001:0000e218       ??1MSectionSimple@@QEAA@XZ 000000018000f218 f   MSectionSimple.obj
 0001:0000e218       ?Close@MSectionSimple@@QEAAXXZ 000000018000f218 f   MSectionSimple.obj
 0001:0000e238       ?Enter@MSectionSimple@@QEAAXXZ 000000018000f238 f   MSectionSimple.obj
 0001:0000e240       ?Init@MSectionSimple@@QEAAXXZ 000000018000f240 f   MSectionSimple.obj
 0001:0000e260       ?Leave@MSectionSimple@@QEAAXXZ 000000018000f260 f   MSectionSimple.obj
 0001:0000e268       ?Lock@MSectionLockSimple@@QEAAHPEAUMSectionSimple@@K@Z 000000018000f268 f   MSectionSimple.obj
 0001:0000e300       ?RecreateAndLock@MSectionSimple@@QEAA_NXZ 000000018000f300 f   MSectionSimple.obj
 0001:0000e370       ?TryEnter@MSectionSimple@@QEAA_NXZ 000000018000f370 f   MSectionSimple.obj
 0001:0000e398       ?Unlock@MSectionLockSimple@@QEAAXXZ 000000018000f398 f   MSectionSimple.obj
 0001:0000e3c0       ??_GMNullDesc@@QEAAPEAXI@Z 000000018000f3c0 f i MSecurity.obj
 0001:0000e438       ?LoadAdvApi@MNullDesc@@IEAAHXZ 000000018000f438 f i MSecurity.obj
 0001:0000e5d0       ?LocalSecurity@@YAPEAU_SECURITY_ATTRIBUTES@@XZ 000000018000f5d0 f   MSecurity.obj
 0001:0000e62c       ?LocalSecurity@MNullDesc@@QEAAPEAU_SECURITY_ATTRIBUTES@@XZ 000000018000f62c f i MSecurity.obj
 0001:0000e798       ?ShutdownSecurity@@YAXXZ   000000018000f798 f   MSecurity.obj
 0001:0000e7c0       ?lstrdup@@YAPEA_WPEB_W_K@Z 000000018000f7c0 f   MStrDup.obj
 0001:0000e834       ?lstrmerge@@YAPEA_WPEB_W00000000@Z 000000018000f834 f   MStrDup.obj
 0001:0000e948       ?msprintf@@YAPEB_WPEA_W_KPEB_WZZ 000000018000f948 f   MStrSafe.obj
 0001:0000ed84       ??0CRgnDetect@@QEAA@XZ     000000018000fd84 f   RgnDetect.obj
 0001:0000ee48       ??1CRgnDetect@@QEAA@XZ     000000018000fe48 f   RgnDetect.obj
 0001:0000eea4       ?DetectDialog@CRgnDetect@@IEAA_NPEA_WPEAUtag_CharAttr@@HHHHPEAH2@Z 000000018000fea4 f   RgnDetect.obj
 0001:0000f24c       ?ExpandDialogFrame@CRgnDetect@@IEAA_NPEA_WPEAUtag_CharAttr@@HHAEAH2HH22@Z 000000018001024c f   RgnDetect.obj
 0001:0000f520       ?FindByBackground@CRgnDetect@@IEAA_NPEA_WPEAUtag_CharAttr@@HHAEAH222AEA_N@Z 0000000180010520 f   RgnDetect.obj
 0001:0000f624       ?FindDialog_Any@CRgnDetect@@IEAA_NPEA_WPEAUtag_CharAttr@@HHAEAH222AEA_N@Z 0000000180010624 f   RgnDetect.obj
 0001:0000f8d4       ?FindDialog_Inner@CRgnDetect@@IEAA_NPEA_WPEAUtag_CharAttr@@HHAEAH2@Z 00000001800108d4 f   RgnDetect.obj
 0001:0000fa20       ?FindDialog_Left@CRgnDetect@@IEAA_NPEA_WPEAUtag_CharAttr@@HHAEAH222AEA_N@Z 0000000180010a20 f   RgnDetect.obj
 0001:0000fc10       ?FindDialog_Right@CRgnDetect@@IEAA_NPEA_WPEAUtag_CharAttr@@HHAEAH222AEA_N@Z 0000000180010c10 f   RgnDetect.obj
 0001:0000fd78       ?FindDialog_TopLeft@CRgnDetect@@IEAA_NPEA_WPEAUtag_CharAttr@@HHAEAH222AEA_N@Z 0000000180010d78 f   RgnDetect.obj
 0001:0000fe84       ?FindDialog_TopRight@CRgnDetect@@IEAA_NPEA_WPEAUtag_CharAttr@@HHAEAH222AEA_N@Z 0000000180010e84 f   RgnDetect.obj
 0001:0000ff9c       ?FindFrameBottom_ByLeft@CRgnDetect@@IEAA_NPEA_WPEAUtag_CharAttr@@HHAEAH22@Z 0000000180010f9c f   RgnDetect.obj
 0001:00010030       ?FindFrameBottom_ByRight@CRgnDetect@@IEAA_NPEA_WPEAUtag_CharAttr@@HHAEAH22@Z 0000000180011030 f   RgnDetect.obj
 0001:000100e4       ?FindFrameLeft_ByBottom@CRgnDetect@@IEAA_NPEA_WPEAUtag_CharAttr@@HHAEAH22@Z 00000001800110e4 f   RgnDetect.obj
 0001:000101b0       ?FindFrameLeft_ByTop@CRgnDetect@@IEAA_NPEA_WPEAUtag_CharAttr@@HHAEAH22@Z 00000001800111b0 f   RgnDetect.obj
 0001:0001031c       ?FindFrameRight_ByBottom@CRgnDetect@@IEAA_NPEA_WPEAUtag_CharAttr@@HHAEAH22@Z 000000018001131c f   RgnDetect.obj
 0001:00010400       ?FindFrameRight_ByTop@CRgnDetect@@IEAA_NPEA_WPEAUtag_CharAttr@@HHAEAH22@Z 0000000180011400 f   RgnDetect.obj
 0001:00010538       ?FindFrameTop_ByLeft@CRgnDetect@@IEAA_NPEA_WPEAUtag_CharAttr@@HHAEAH22@Z 0000000180011538 f   RgnDetect.obj
 0001:000105cc       ?FindFrameTop_ByRight@CRgnDetect@@IEAA_NPEA_WPEAUtag_CharAttr@@HHAEAH22@Z 00000001800115cc f   RgnDetect.obj
 0001:00010688       ?FindFrame_TopLeft@CRgnDetect@@IEAA_NPEA_WPEAUtag_CharAttr@@HHAEAH222@Z 0000000180011688 f   RgnDetect.obj
 0001:0001078c       ?GetCharAttr@CRgnDetect@@QEAAHHHAEA_WAEAUtag_CharAttr@@@Z 000000018001178c f   RgnDetect.obj
 0001:00010808       ?GetDetectedDialogsPtr@CRgnDetect@@QEBAPEBUtag_DetectedDialog@@XZ 0000000180011808 f   RgnDetect.obj
 0001:00010810       ?GetFlags@CRgnDetect@@QEBAKXZ 0000000180011810 f   RgnDetect.obj
 0001:00010818       ?InitializeSBI@CRgnDetect@@QEAAHPEBK@Z 0000000180011818 f   RgnDetect.obj
 0001:00010bfc       ?MarkDialog@CRgnDetect@@IEAAHPEA_WPEAUtag_CharAttr@@HHHHHHI_NK@Z 0000000180011bfc f   RgnDetect.obj
 0001:00011504       ?OnWindowSizeChanged@CRgnDetect@@QEAAXXZ 0000000180012504 f   RgnDetect.obj
 0001:0001150c       ?OnWriteConsoleOutput@CRgnDetect@@QEAAXPEBU_CHAR_INFO@@U_COORD@@1PEAU_SMALL_RECT@@PEBK@Z 000000018001250c f   RgnDetect.obj
 0001:0001177c       ?PrepareTransparent@CRgnDetect@@QEAAXPEBUCEFAR_INFO_MAPPING@@PEBK@Z 000000018001277c f   RgnDetect.obj
 0001:00011850       ?PrepareTransparent@CRgnDetect@@QEAAXPEBUCEFAR_INFO_MAPPING@@PEBKPEBU_CONSOLE_SCREEN_BUFFER_INFO@@PEA_WPEAUtag_CharAttr@@HH@Z 0000000180012850 f   RgnDetect.obj
 0001:00012024       ?SetFarRect@CRgnDetect@@QEAAXPEAU_SMALL_RECT@@@Z 0000000180013024 f   RgnDetect.obj
 0001:000120a4       ?TextHeight@CRgnDetect@@QEAAHXZ 00000001800130a4 f   RgnDetect.obj
 0001:000120d0       ?TextWidth@CRgnDetect@@QEAAHXZ 00000001800130d0 f   RgnDetect.obj
 0001:000120fc       ?SearchAppPaths@@YA_NPEB_WAEAUCEStr@@_NPEAU1@@Z 00000001800130fc f   WFiles.obj
 0001:000124d0       ?ExpandEnvStr@@YAPEA_WPEB_W@Z 00000001800134d0 f   WObjects.obj
 0001:00012578       ?FileExists@@YA_NPEB_WPEAK@Z 0000000180013578 f   WObjects.obj
 0001:000126ec       ?GetEnvVar@@YAPEA_WPEB_W@Z 00000001800136ec f   WObjects.obj
 0001:00012790       ?IsWindows64@@YA_NXZ       0000000180013790 f   WObjects.obj
 0001:000127b4       ?SetThreadName@@YAXKPEAD@Z 00000001800137b4 f   WThreads.obj
 0001:000127ec       ?apiCreateThread@@YAPEAXP6AKPEAX@Z0PEAKPEBDH@Z 00000001800137ec f   WThreads.obj
 0001:0001293c       ?apiTerminateThreadEx@@YAHPEAXKPEBDH@Z 000000018001393c f   WThreads.obj
 0001:00012a48       ?apiThreadHelper@@YAKPEAX@Z 0000000180013a48 f   WThreads.obj
 0001:00012c30       ?apiShowWindow@@YA_NPEAUHWND__@@H@Z 0000000180013c30 f   WUser.obj
 0001:00012c44       CreateToolhelp32Snapshot   0000000180013c44 f   kernel32:KERNEL32.dll
 0001:00012c4a       Thread32First              0000000180013c4a f   kernel32:KERNEL32.dll
 0001:00012c50       Thread32Next               0000000180013c50 f   kernel32:KERNEL32.dll
 0001:00012c56       Process32FirstW            0000000180013c56 f   kernel32:KERNEL32.dll
 0001:00012c5c       Process32NextW             0000000180013c5c f   kernel32:KERNEL32.dll
 0001:00012c62       GetFileVersionInfoSizeW    0000000180013c62 f   version:VERSION.dll
 0001:00012c68       GetFileVersionInfoW        0000000180013c68 f   version:VERSION.dll
 0001:00012c6e       VerQueryValueW             0000000180013c6e f   version:VERSION.dll
 0001:00012c74       ??3@YAXPEAX_K@Z            0000000180013c74 f   LIBCMT:delete_scalar_size.obj
 0001:00012fec       _DllMainCRTStartup         0000000180013fec f   LIBCMT:dll_dllmain.obj
 0001:0001302c       __scrt_acquire_startup_lock 000000018001402c f   LIBCMT:utility.obj
 0001:00013068       __scrt_dllmain_after_initialize_c 0000000180014068 f   LIBCMT:utility.obj
 0001:0001309c       __scrt_dllmain_before_initialize_c 000000018001409c f   LIBCMT:utility.obj
 0001:000130b4       __scrt_dllmain_crt_thread_attach 00000001800140b4 f   LIBCMT:utility.obj
 0001:000130dc       __scrt_dllmain_crt_thread_detach 00000001800140dc f   LIBCMT:utility.obj
 0001:000130f4       __scrt_dllmain_exception_filter 00000001800140f4 f   LIBCMT:utility.obj
 0001:00013158       __scrt_dllmain_uninitialize_c 0000000180014158 f   LIBCMT:utility.obj
 0001:00013188       __scrt_dllmain_uninitialize_critical 0000000180014188 f   LIBCMT:utility.obj
 0001:0001319c       __scrt_initialize_crt      000000018001419c f   LIBCMT:utility.obj
 0001:000131e8       __scrt_initialize_onexit_tables 00000001800141e8 f   LIBCMT:utility.obj
 0001:000132b4       __scrt_is_nonwritable_in_current_image 00000001800142b4 f   LIBCMT:utility.obj
 0001:00013350       __scrt_release_startup_lock 0000000180014350 f   LIBCMT:utility.obj
 0001:00013374       __scrt_uninitialize_crt    0000000180014374 f   LIBCMT:utility.obj
 0001:000133a0       _onexit                    00000001800143a0 f   LIBCMT:utility.obj
 0001:000133f0       atexit                     00000001800143f0 f   LIBCMT:utility.obj
 0001:00013408       __security_init_cookie     0000000180014408 f   LIBCMT:gs_support.obj
 0001:000134b4       ?__scrt_initialize_type_info@@YAXXZ 00000001800144b4 f   LIBCMT:tncleanup.obj
 0001:000134c4       ?__scrt_uninitialize_type_info@@YAXXZ 00000001800144c4 f   LIBCMT:tncleanup.obj
 0001:000134d0       __local_stdio_printf_options 00000001800144d0 f i LIBCMT:default_local_stdio_options.obj
 0001:000134d8       __local_stdio_scanf_options 00000001800144d8 f i LIBCMT:default_local_stdio_options.obj
 0001:000134e0       __scrt_initialize_default_local_stdio_options 00000001800144e0 f   LIBCMT:default_local_stdio_options.obj
 0001:000134fc       __scrt_get_dyn_tls_init_callback 00000001800144fc f   LIBCMT:dyn_tls_init.obj
 0001:00013504       __crt_debugger_hook        0000000180014504 f   LIBCMT:utility_desktop.obj
 0001:0001350c       __scrt_fastfail            000000018001450c f   LIBCMT:utility_desktop.obj
 0001:00013654       _RTC_Initialize            0000000180014654 f   LIBCMT:_initsect_.obj
 0001:000136a0       _RTC_Terminate             00000001800146a0 f   LIBCMT:_initsect_.obj
 0001:000136ec       _guard_check_icall         00000001800146ec f i LIBCMT:checkcfg.obj
 0001:000136f4       __isa_available_init       00000001800146f4 f   LIBCMT:_cpu_disp_.obj
 0001:000138b8       _get_startup_argv_mode     00000001800148b8 f   LIBCMT:argv_mode.obj
 0001:000138c0       __scrt_is_ucrt_dll_in_use  00000001800148c0 f   LIBCMT:ucrt_detection.obj
 0001:000138e0       memmove                    00000001800148e0 f   libvcruntime:memcpy.obj
 0001:000138e0       memcpy                     00000001800148e0 f   libvcruntime:memcpy.obj
 0001:00013d18       strrchr                    0000000180014d18 f   libvcruntime:strrchr.obj
 0001:00013e5c       wcschr                     0000000180014e5c f   libvcruntime:wcschr.obj
 0001:00013ee8       wcsrchr                    0000000180014ee8 f   libvcruntime:wcsrchr.obj
 0001:00013fb0       memset                     0000000180014fb0 f   libvcruntime:memset.obj
 0001:00014160       memcmp                     0000000180015160 f   libvcruntime:memcmp.obj
 0001:00014228       __C_specific_handler       0000000180015228 f   libvcruntime:_chandler_.obj
 0001:00014424       strchr                     0000000180015424 f   libvcruntime:strchr.obj
 0001:000144b4       __telemetry_main_invoke_trigger 00000001800154b4 f   libvcruntime:telemetry.obj
 0001:000145cc       __telemetry_main_return_trigger 00000001800155cc f   libvcruntime:telemetry.obj
 0001:000146e4       __vcrt_initialize_telemetry_provider 00000001800156e4 f   libvcruntime:telemetry.obj
 0001:000146f8       __vcrt_uninitialize_telemetry_provider 00000001800156f8 f   libvcruntime:telemetry.obj
 0001:00014718       __vcrt_initialize          0000000180015718 f   libvcruntime:initialization.obj
 0001:00014750       __vcrt_thread_attach       0000000180015750 f   libvcruntime:initialization.obj
 0001:00014764       __vcrt_thread_detach       0000000180015764 f   libvcruntime:initialization.obj
 0001:00014778       __vcrt_uninitialize        0000000180015778 f   libvcruntime:initialization.obj
 0001:000147a4       __vcrt_uninitialize_critical 00000001800157a4 f   libvcruntime:initialization.obj
 0001:000147b4       __std_type_info_destroy_list 00000001800157b4 f   libvcruntime:std_type_info.obj
 0001:000147f0       _local_unwind              00000001800157f0 f   libvcruntime:_jmpuwind_.obj
 0001:00014820       _NLG_Notify                0000000180015820 f   libvcruntime:_jmpuwind_.obj
 0001:00014840       __NLG_Dispatch2            0000000180015840 f   libvcruntime:_jmpuwind_.obj
 0001:00014850       __NLG_Return2              0000000180015850 f   libvcruntime:_jmpuwind_.obj
 0001:00014854       ?FreeItem@?$CQueueProcessor@PEAUIMAGE_CACHE_INFO@@@@MEAAXAEBQEAUIMAGE_CACHE_INFO@@@Z 0000000180015854 f   ImgCache.obj
 0001:00014854       ?OnItemFailed@?$CQueueProcessor@PEAUIMAGE_CACHE_INFO@@@@MEAAXAEAPEAUIMAGE_CACHE_INFO@@_J@Z 0000000180015854 f   ImgCache.obj
 0001:00014854       ?OnItemReady@?$CQueueProcessor@PEAUIMAGE_CACHE_INFO@@@@MEAAXAEAPEAUIMAGE_CACHE_INFO@@_J@Z 0000000180015854 f   ImgCache.obj
 0001:00014854       ?SettingsLoadOtherW2800@@YAXXZ 0000000180015854 f   ConEmuTh2800.obj
 0001:00014854       _guard_check_icall_nop     0000000180015854 f   LIBCMT:guard_support.obj
 0001:00014854       ?SettingsLoadOtherW1900@@YAXXZ 0000000180015854 f   ConEmuTh1900.obj
 0001:00014854       ?ApplyChanges@?$CQueueProcessor@PEAUIMAGE_CACHE_INFO@@@@MEAAXAEAPEAUIMAGE_CACHE_INFO@@AEBQEAU2@@Z 0000000180015854 f   ImgCache.obj
 0001:00014854       __except_validate_context_record 0000000180015854 f   libvcruntime:jbcxrval.obj
 0001:00014854       ?LoadPanelItemInfoA@@YAXPEAUCeFullPanelInfo@@_J@Z 0000000180015854 f   ConEmuThA.obj
 0001:00014854       ?OnThreadStopped@?$CQueueProcessor@PEAUIMAGE_CACHE_INFO@@@@MEAAXXZ 0000000180015854 f   ImgCache.obj
 0001:00014a20       __vcrt_EventRegister       0000000180015a20 f   libvcruntime:winapi_downlevel.obj
 0001:00014aa4       __vcrt_EventSetInformation 0000000180015aa4 f   libvcruntime:winapi_downlevel.obj
 0001:00014b28       __vcrt_EventUnregister     0000000180015b28 f   libvcruntime:winapi_downlevel.obj
 0001:00014b7c       __vcrt_EventWriteTransfer  0000000180015b7c f   libvcruntime:winapi_downlevel.obj
 0001:00014c14       __vcrt_FlsAlloc            0000000180015c14 f   libvcruntime:winapi_downlevel.obj
 0001:00014c68       __vcrt_FlsFree             0000000180015c68 f   libvcruntime:winapi_downlevel.obj
 0001:00014cbc       __vcrt_FlsGetValue         0000000180015cbc f   libvcruntime:winapi_downlevel.obj
 0001:00014d10       __vcrt_FlsSetValue         0000000180015d10 f   libvcruntime:winapi_downlevel.obj
 0001:00014d78       __vcrt_InitializeCriticalSectionEx 0000000180015d78 f   libvcruntime:winapi_downlevel.obj
 0001:00014df0       __vcrt_initialize_winapi_thunks 0000000180015df0 f   libvcruntime:winapi_downlevel.obj
 0001:00014e28       __vcrt_uninitialize_winapi_thunks 0000000180015e28 f   libvcruntime:winapi_downlevel.obj
 0001:00014e68       __vcrt_freefls             0000000180015e68 f   libvcruntime:per_thread_data.obj
 0001:00014e88       __vcrt_freeptd             0000000180015e88 f   libvcruntime:per_thread_data.obj
 0001:00014ed8       __vcrt_getptd_noexit       0000000180015ed8 f   libvcruntime:per_thread_data.obj
 0001:00014f90       __vcrt_initialize_ptd      0000000180015f90 f   libvcruntime:per_thread_data.obj
 0001:00014fd0       __vcrt_uninitialize_ptd    0000000180015fd0 f   libvcruntime:per_thread_data.obj
 0001:00014ff4       __vcrt_initialize_locks    0000000180015ff4 f   libvcruntime:locks.obj
 0001:0001503c       __vcrt_uninitialize_locks  000000018001603c f   libvcruntime:locks.obj
 0001:00015074       __vcrt_initialize_pure_virtual_call_handler 0000000180016074 f   libvcruntime:purevirt_data.obj
 0001:00015098       wcspbrk                    0000000180016098 f   libucrt:wcspbrk.obj
 0001:000150d0       ??0_LocaleUpdate@@QEAA@QEAU__crt_locale_pointers@@@Z 00000001800160d0 f i libucrt:strtox.obj
 0001:00015160       _initterm                  0000000180016160 f   libucrt:initterm.obj
 0001:000151d8       _initterm_e                00000001800161d8 f   libucrt:initterm.obj
 0001:00015224       _seh_filter_dll            0000000180016224 f   libucrt:exception_filter.obj
 0001:00015238       _seh_filter_exe            0000000180016238 f   libucrt:exception_filter.obj
 0001:000155f8       __acrt_initialize_thread_local_exit_callback 00000001800165f8 f   libucrt:exit.obj
 0001:00015600       _cexit                     0000000180016600 f   libucrt:exit.obj
 0001:00015610       _exit                      0000000180016610 f   libucrt:exit.obj
 0001:0001561c       _is_c_termination_complete 000000018001661c f   libucrt:exit.obj
 0001:000157e0       __acrt_allocate_buffer_for_argv 00000001800167e0 f   libucrt:argv_parsing.obj
 0001:00015844       _configure_narrow_argv     0000000180016844 f   libucrt:argv_parsing.obj
 0001:00015ba0       __dcrt_uninitialize_environments_nolock 0000000180016ba0 f   libucrt:environment_initialization.obj
 0001:00015bd8       _initialize_narrow_environment 0000000180016bd8 f   libucrt:environment_initialization.obj
 0001:00015be0       ??$?RV<lambda_b8c45f8f788dd370798f47cfe8ac3a86>@@AEAV<lambda_4e60a939b0d047cfe11ddc22648dfba9>@@V<lambda_332c3edc96d0294ec56c57d38c1cdfd5>@@@?$__crt_seh_guarded_call@H@@QEAAH$$QEAV<lambda_b8c45f8f788dd370798f47cfe8ac3a86>@@AEAV<lambda_4e60a939b0d047cfe11ddc22648dfba9>@@$$QEAV<lambda_332c3edc96d0294ec56c57d38c1cdfd5>@@@Z 0000000180016be0 f i libucrt:onexit.obj
 0001:00015c1c       ??$?RV<lambda_e24bbb7b643b32fcea6fa61b31d4c984>@@AEAV<lambda_275893d493268fdec8709772e3fcec0e>@@V<lambda_9d71df4d7cf3f480f8d633942495c3b0>@@@?$__crt_seh_guarded_call@H@@QEAAH$$QEAV<lambda_e24bbb7b643b32fcea6fa61b31d4c984>@@AEAV<lambda_275893d493268fdec8709772e3fcec0e>@@$$QEAV<lambda_9d71df4d7cf3f480f8d633942495c3b0>@@@Z 0000000180016c1c f i libucrt:onexit.obj
 0001:00015f98       _crt_atexit                0000000180016f98 f   libucrt:onexit.obj
 0001:00015fa8       _execute_onexit_table      0000000180016fa8 f   libucrt:onexit.obj
 0001:00015fe4       _initialize_onexit_table   0000000180016fe4 f   libucrt:onexit.obj
 0001:00016024       _register_onexit_function  0000000180017024 f   libucrt:onexit.obj
 0001:0001617c       ??$uninitialize@V<lambda_30a498feb8538b5c3153c22026e33470>@@@?$dual_state_global@PEAU__crt_multibyte_data@@@__crt_state_management@@QEAAX$$QEAV<lambda_30a498feb8538b5c3153c22026e33470>@@@Z 000000018001717c f i libucrt:initialization.obj
 0001:000161fc       __acrt_initialize          00000001800171fc f   libucrt:initialization.obj
 0001:00016210       __acrt_thread_attach       0000000180017210 f   libucrt:initialization.obj
 0001:00016224       __acrt_thread_detach       0000000180017224 f   libucrt:initialization.obj
 0001:00016234       __acrt_uninitialize        0000000180017234 f   libucrt:initialization.obj
 0001:00016248       __acrt_uninitialize_critical 0000000180017248 f   libucrt:initialization.obj
 0001:00016258       terminate                  0000000180017258 f   libucrt:terminate.obj
 0001:00016280       _free_base                 0000000180017280 f   libucrt:free_base.obj
 0001:000162c0       _malloc_base               00000001800172c0 f   libucrt:malloc_base.obj
 0001:00016320       strcpy_s                   0000000180017320 f   libucrt:strcpy_s.obj
 0001:00016380       abort                      0000000180017380 f   libucrt:abort.obj
 0001:000163d8       _calloc_base               00000001800173d8 f   libucrt:calloc_base.obj
 0001:00016450       __acrt_call_reportfault    0000000180017450 f   libucrt:invalid_parameter.obj
 0001:000165ac       __acrt_initialize_invalid_parameter_handler 00000001800175ac f   libucrt:invalid_parameter.obj
 0001:000165b4       _invalid_parameter         00000001800175b4 f   libucrt:invalid_parameter.obj
 0001:0001665c       _invalid_parameter_noinfo  000000018001765c f   libucrt:invalid_parameter.obj
 0001:0001667c       _invoke_watson             000000018001767c f   libucrt:invalid_parameter.obj
 0001:000166c4       __acrt_errno_from_os_error 00000001800176c4 f   libucrt:errno.obj
 0001:0001670c       __acrt_errno_map_os_error  000000018001770c f   libucrt:errno.obj
 0001:0001675c       __doserrno                 000000018001775c f   libucrt:errno.obj
 0001:0001677c       _errno                     000000018001777c f   libucrt:errno.obj
 0001:0001679c       __pctype_func              000000018001779c f   libucrt:ctype.obj
 0001:000167cc       ??$?RV<lambda_46352004c1216016012b18bd6f87e700>@@AEAV<lambda_3bd07e1a1191394380780325891bf33f>@@V<lambda_334532d3f185bcaa59b5be82d7d22bff>@@@?$__crt_seh_guarded_call@X@@QEAAX$$QEAV<lambda_46352004c1216016012b18bd6f87e700>@@AEAV<lambda_3bd07e1a1191394380780325891bf33f>@@$$QEAV<lambda_334532d3f185bcaa59b5be82d7d22bff>@@@Z 00000001800177cc f i libucrt:per_thread_data.obj
 0001:0001682c       ??$?RV<lambda_5e887d1dcbef67a5eb4283622ba103bf>@@AEAV<lambda_4466841279450cc726390878d4a41900>@@V<lambda_341c25c0346d94847f1f3c463c57e077>@@@?$__crt_seh_guarded_call@X@@QEAAX$$QEAV<lambda_5e887d1dcbef67a5eb4283622ba103bf>@@AEAV<lambda_4466841279450cc726390878d4a41900>@@$$QEAV<lambda_341c25c0346d94847f1f3c463c57e077>@@@Z 000000018001782c f i libucrt:per_thread_data.obj
 0001:00016874       ??$?RV<lambda_72d1df2b273a38828b1ce30cbf4cdab5>@@AEAV<lambda_876a65b173b8412d3a47c70a915b0cf4>@@V<lambda_41932305e351933ebe8f8be3ed8bb5dc>@@@?$__crt_seh_guarded_call@X@@QEAAX$$QEAV<lambda_72d1df2b273a38828b1ce30cbf4cdab5>@@AEAV<lambda_876a65b173b8412d3a47c70a915b0cf4>@@$$QEAV<lambda_41932305e351933ebe8f8be3ed8bb5dc>@@@Z 0000000180017874 f i libucrt:per_thread_data.obj
 0001:000168b4       ??$?RV<lambda_fb3a7dec4e47f37f22dae91bb15c9095>@@AEAV<lambda_698284760c8add0bfb0756c19673e34b>@@V<lambda_dfb8eca1e75fef3034a8fb18dd509707>@@@?$__crt_seh_guarded_call@X@@QEAAX$$QEAV<lambda_fb3a7dec4e47f37f22dae91bb15c9095>@@AEAV<lambda_698284760c8add0bfb0756c19673e34b>@@$$QEAV<lambda_dfb8eca1e75fef3034a8fb18dd509707>@@@Z 00000001800178b4 f i libucrt:per_thread_data.obj
 0001:00016b44       __acrt_freeptd             0000000180017b44 f   libucrt:per_thread_data.obj
 0001:00016b88       __acrt_getptd              0000000180017b88 f   libucrt:per_thread_data.obj
 0001:00016c1c       __acrt_getptd_head         0000000180017c1c f   libucrt:per_thread_data.obj
 0001:00016c90       __acrt_getptd_noexit       0000000180017c90 f   libucrt:per_thread_data.obj
 0001:00016d30       __acrt_initialize_ptd      0000000180017d30 f   libucrt:per_thread_data.obj
 0001:00016d6c       __acrt_uninitialize_ptd    0000000180017d6c f   libucrt:per_thread_data.obj
 0001:00016d90       __acrt_update_locale_info  0000000180017d90 f   libucrt:locale_update.obj
 0001:00016dc4       __acrt_update_multibyte_info 0000000180017dc4 f   libucrt:locale_update.obj
 0001:00016df8       ??$?RV<lambda_9431c60049192bb82166e0947f95a2e9>@@AEAV<lambda_85fa512c59a4d94d4a89f575eefd92a6>@@V<lambda_487febba6ca58d9ce348204d67e1dba3>@@@?$__crt_seh_guarded_call@X@@QEAAX$$QEAV<lambda_9431c60049192bb82166e0947f95a2e9>@@AEAV<lambda_85fa512c59a4d94d4a89f575eefd92a6>@@$$QEAV<lambda_487febba6ca58d9ce348204d67e1dba3>@@@Z 0000000180017df8 f i libucrt:wsetlocale.obj
 0001:00016e68       __acrt_set_locale_changed  0000000180017e68 f   libucrt:wsetlocale.obj
 0001:00016e74       __acrt_uninitialize_locale 0000000180017e74 f   libucrt:wsetlocale.obj
 0001:00016ea4       __acrt_initialize_locks    0000000180017ea4 f   libucrt:locks.obj
 0001:00016eec       __acrt_lock                0000000180017eec f   libucrt:locks.obj
 0001:00016f08       __acrt_uninitialize_locks  0000000180017f08 f   libucrt:locks.obj
 0001:00016f40       __acrt_unlock              0000000180017f40 f   libucrt:locks.obj
 0001:000170fc       __acrt_FlsAlloc            00000001800180fc f   libucrt:winapi_thunks.obj
 0001:00017154       __acrt_FlsFree             0000000180018154 f   libucrt:winapi_thunks.obj
 0001:000171ac       __acrt_FlsGetValue         00000001800181ac f   libucrt:winapi_thunks.obj
 0001:00017204       __acrt_FlsSetValue         0000000180018204 f   libucrt:winapi_thunks.obj
 0001:0001726c       __acrt_InitializeCriticalSectionEx 000000018001826c f   libucrt:winapi_thunks.obj
 0001:000172e4       __acrt_LCMapStringEx       00000001800182e4 f   libucrt:winapi_thunks.obj
 0001:000173d4       __acrt_LocaleNameToLCID    00000001800183d4 f   libucrt:winapi_thunks.obj
 0001:0001743c       __acrt_initialize_winapi_thunks 000000018001843c f   libucrt:winapi_thunks.obj
 0001:00017474       __acrt_is_packaged_app     0000000180018474 f   libucrt:winapi_thunks.obj
 0001:000174fc       __acrt_uninitialize_winapi_thunks 00000001800184fc f   libucrt:winapi_thunks.obj
 0001:00017a1c       ?expand_if_necessary@?$argument_list@D@?A0x5f5c8891@@AEAAHXZ 0000000180018a1c f i libucrt:argv_wildcards.obj
 0001:00017ae4       __acrt_expand_narrow_argv_wildcards 0000000180018ae4 f   libucrt:argv_wildcards.obj
 0001:00017aec       ??$?RV<lambda_efb9b808e93e29b6b799d3875462c817>@@AEAV<lambda_2c5d36f8a66580c563e29092409944b2>@@V<lambda_31e551fca1567ef2425714047646aa90>@@@?$__crt_seh_guarded_call@X@@QEAAX$$QEAV<lambda_efb9b808e93e29b6b799d3875462c817>@@AEAV<lambda_2c5d36f8a66580c563e29092409944b2>@@$$QEAV<lambda_31e551fca1567ef2425714047646aa90>@@@Z 0000000180018aec f i libucrt:mbctype.obj
 0001:00018234       __acrt_initialize_multibyte 0000000180019234 f   libucrt:mbctype.obj
 0001:00018294       __acrt_update_thread_multibyte_data 0000000180019294 f   libucrt:mbctype.obj
 0001:000182b0       _setmbcp_nolock            00000001800192b0 f   libucrt:mbctype.obj
 0001:000185d0       _ismbblead                 00000001800195d0 f   libucrt:ismbbyte.obj
 0001:000185e4       __acrt_initialize_command_line 00000001800195e4 f   libucrt:argv_data.obj
 0001:0001860c       __dcrt_get_narrow_environment_from_os 000000018001960c f   libucrt:get_environment_from_os.obj
 0001:00018710       _recalloc                  0000000180019710 f   libucrt:recalloc.obj
 0001:00018718       _recalloc_base             0000000180019718 f   libucrt:recalloc.obj
 0001:000187b0       __acrt_initialize_heap     00000001800197b0 f   libucrt:heap_handle.obj
 0001:000187cc       __acrt_uninitialize_heap   00000001800197cc f   libucrt:heap_handle.obj
 0001:000189c0       __acrt_initialize_lowio    00000001800199c0 f   libucrt:ioinit.obj
 0001:000189fc       __acrt_uninitialize_lowio  00000001800199fc f   libucrt:ioinit.obj
 0001:00018a3c       __acrt_execute_initializers 0000000180019a3c f   libucrt:shared_initialization.obj
 0001:00018ad0       __acrt_execute_uninitializers 0000000180019ad0 f   libucrt:shared_initialization.obj
 0001:00018b20       __acrt_initialize_new_handler 0000000180019b20 f   libucrt:new_handler.obj
 0001:00018b28       _callnewh                  0000000180019b28 f   libucrt:new_handler.obj
 0001:00018b68       _query_new_handler         0000000180019b68 f   libucrt:new_handler.obj
 0001:00018b9c       ??$?RV<lambda_c36588078e9f5dfd39652860aa6b3aaf>@@AEAV<lambda_ec61778202f4f5fc7e7711acc23c3bca>@@V<lambda_dc9d2797ccde5d239b4a0efae8ebd7db>@@@?$__crt_seh_guarded_call@P6AXH@Z@@QEAAP6AXH@Z$$QEAV<lambda_c36588078e9f5dfd39652860aa6b3aaf>@@AEAV<lambda_ec61778202f4f5fc7e7711acc23c3bca>@@$$QEAV<lambda_dc9d2797ccde5d239b4a0efae8ebd7db>@@@Z 0000000180019b9c f i libucrt:signal.obj
 0001:00018be4       __acrt_get_sigabrt_handler 0000000180019be4 f   libucrt:signal.obj
 0001:00018c14       __acrt_initialize_signal_handlers 0000000180019c14 f   libucrt:signal.obj
 0001:00018c34       raise                      0000000180019c34 f   libucrt:signal.obj
 0001:00018ed0       __acrt_has_user_matherr    0000000180019ed0 f   libucrt:matherr.obj
 0001:00018ef0       __acrt_initialize_user_matherr 0000000180019ef0 f   libucrt:matherr.obj
 0001:00018ef8       __acrt_invoke_user_matherr 0000000180019ef8 f   libucrt:matherr.obj
 0001:00018f40       _query_new_mode            0000000180019f40 f   libucrt:new_mode.obj
 0001:00018f48       _mbtowc_l                  0000000180019f48 f   libucrt:mbtowc.obj
 0001:00019090       mbtowc                     000000018001a090 f   libucrt:mbtowc.obj
 0001:00019098       _fileno                    000000018001a098 f   libucrt:fileno.obj
 0001:000190c0       __acrt_initialize_stdio    000000018001a0c0 f   libucrt:_file.obj
 0001:000191e0       __acrt_uninitialize_stdio  000000018001a1e0 f   libucrt:_file.obj
 0001:0001923c       _lock_file                 000000018001a23c f   libucrt:_file.obj
 0001:00019248       _unlock_file               000000018001a248 f   libucrt:_file.obj
 0001:00019254       _isleadbyte_l              000000018001a254 f i libucrt:_wctype.obj
 0001:00019294       __acrt_GetStringTypeA      000000018001a294 f   libucrt:getstringtypea.obj
 0001:00019448       __acrt_add_locale_ref      000000018001a448 f   libucrt:locale_refcounting.obj
 0001:000194d4       __acrt_free_locale         000000018001a4d4 f   libucrt:locale_refcounting.obj
 0001:0001964c       __acrt_locale_add_lc_time_reference 000000018001a64c f   libucrt:locale_refcounting.obj
 0001:00019674       __acrt_locale_free_lc_time_if_unreferenced 000000018001a674 f   libucrt:locale_refcounting.obj
 0001:000196ac       __acrt_locale_release_lc_time_reference 000000018001a6ac f   libucrt:locale_refcounting.obj
 0001:000196d4       __acrt_release_locale_ref  000000018001a6d4 f   libucrt:locale_refcounting.obj
 0001:0001977c       __acrt_update_thread_locale_data 000000018001a77c f   libucrt:locale_refcounting.obj
 0001:000197ec       _updatetlocinfoEx_nolock   000000018001a7ec f   libucrt:locale_refcounting.obj
 0001:00019854       __acrt_locale_free_monetary 000000018001a854 f   libucrt:initmon.obj
 0001:00019960       __acrt_locale_free_numeric 000000018001a960 f   libucrt:initnum.obj
 0001:00019a24       __acrt_locale_free_time    000000018001aa24 f   libucrt:inittime.obj
 0001:00019bf4       __acrt_DownlevelLocaleNameToLCID 000000018001abf4 f   libucrt:lcidtoname_downlevel.obj
 0001:00019d00       qsort                      000000018001ad00 f   libucrt:qsort.obj
 0001:0001a034       strncpy_s                  000000018001b034 f   libucrt:strncpy_s.obj
 0001:0001a108       strpbrk                    000000018001b108 f   libucrt:strpbrk.obj
 0001:0001a1a8       _mbsdec                    000000018001b1a8 f   libucrt:mbsdec.obj
 0001:0001a1b0       _mbsdec_l                  000000018001b1b0 f   libucrt:mbsdec.obj
 0001:0001a5bc       __acrt_LCMapStringA        000000018001b5bc f   libucrt:lcmapstringa.obj
 0001:0001a654       _msize                     000000018001b654 f   libucrt:msize.obj
 0001:0001a690       _realloc_base              000000018001b690 f   libucrt:realloc_base.obj
 0001:0001a714       __acrt_lowio_create_handle_array 000000018001b714 f   libucrt:osfinfo.obj
 0001:0001a7ac       __acrt_lowio_destroy_handle_array 000000018001b7ac f   libucrt:osfinfo.obj
 0001:0001a7fc       __acrt_lowio_ensure_fh_exists 000000018001b7fc f   libucrt:osfinfo.obj
 0001:0001a8b4       __acrt_lowio_lock_fh       000000018001b8b4 f   libucrt:osfinfo.obj
 0001:0001a8d8       __acrt_lowio_unlock_fh     000000018001b8d8 f   libucrt:osfinfo.obj
 0001:0001a8fc       _free_osfhnd               000000018001b8fc f   libucrt:osfinfo.obj
 0001:0001a9b8       _get_osfhandle             000000018001b9b8 f   libucrt:osfinfo.obj
 0001:0001aa30       _isatty                    000000018001ba30 f   libucrt:isatty.obj
 0001:0001aa90       __acrt_stdio_flush_nolock  000000018001ba90 f   libucrt:fflush.obj
 0001:0001ab08       _fflush_nolock             000000018001bb08 f   libucrt:fflush.obj
 0001:0001ab54       _flushall                  000000018001bb54 f   libucrt:fflush.obj
 0001:0001ac44       _fcloseall                 000000018001bc44 f   libucrt:closeall.obj
 0001:0001acf8       __acrt_stdio_free_buffer_nolock 000000018001bcf8 f   libucrt:_freebuf.obj
 0001:0001ad38       __strncnt                  000000018001bd38 f   libucrt:strncnt.obj
 0001:0001ad50       _query_app_type            000000018001bd50 f   libucrt:report_runtime_error.obj
 0001:0001ad58       ??$?RV<lambda_b521505b218e5242e90febf6bfebc422>@@AEAV<lambda_6978c1fb23f02e42e1d9e99668cc68aa>@@V<lambda_314360699dd331753a4119843814e9a7>@@@?$__crt_seh_guarded_call@H@@QEAAH$$QEAV<lambda_b521505b218e5242e90febf6bfebc422>@@AEAV<lambda_6978c1fb23f02e42e1d9e99668cc68aa>@@$$QEAV<lambda_314360699dd331753a4119843814e9a7>@@@Z 000000018001bd58 f i libucrt:commit.obj
 0001:0001ade4       _commit                    000000018001bde4 f   libucrt:commit.obj
 0001:0001b418       _write                     000000018001c418 f   libucrt:write.obj
 0001:0001b504       _write_nolock              000000018001c504 f   libucrt:write.obj
 0001:0001b7f0       log10                      000000018001c7f0 f   libucrt:log10.obj
 0001:0001be38       _lseeki64_nolock           000000018001ce38 f   libucrt:lseek.obj
 0001:0001be40       _fclose_nolock             000000018001ce40 f   libucrt:fclose.obj
 0001:0001bec4       fclose                     000000018001cec4 f   libucrt:fclose.obj
 0001:0001bf30       _putwch_nolock             000000018001cf30 f   libucrt:putwch.obj
 0001:0001c0b0       _handle_error              000000018001d0b0 f   libucrt:libm_error.obj
 0001:0001c1e0       __acrt_initialize_fma3     000000018001d1e0 f   libucrt:fma3_available.obj
 0001:0001c250       _log10_special             000000018001d250 f   libucrt:log_special.obj
 0001:0001c308       ??$?RV<lambda_bfedae4ebbf01fab1bb6dcc6a9e276e0>@@AEAV<lambda_2fe9b910cf3cbf4a0ab98a02ba45b3ec>@@V<lambda_237c231691f317818eb88cc1d5d642d6>@@@?$__crt_seh_guarded_call@H@@QEAAH$$QEAV<lambda_bfedae4ebbf01fab1bb6dcc6a9e276e0>@@AEAV<lambda_2fe9b910cf3cbf4a0ab98a02ba45b3ec>@@$$QEAV<lambda_237c231691f317818eb88cc1d5d642d6>@@@Z 000000018001d308 f i libucrt:close.obj
 0001:0001c37c       _close                     000000018001d37c f   libucrt:close.obj
 0001:0001c420       _close_nolock              000000018001d420 f   libucrt:close.obj
 0001:0001c4dc       ?__acrt_stdio_free_stream@@YAXV__crt_stdio_stream@@@Z 000000018001d4dc f   libucrt:stream.obj
 0001:0001c520       __dcrt_lowio_initialize_console_output 000000018001d520 f   libucrt:initcon.obj
 0001:0001c55c       __dcrt_terminate_console_output 000000018001d55c f   libucrt:initcon.obj
 0001:0001c590       _get_fpsr                  000000018001d590 f   libucrt:fpsr.obj
 0001:0001c5a0       _set_fpsr                  000000018001d5a0 f   libucrt:fpsr.obj
 0001:0001c5aa       _fclrf                     000000018001d5aa f   libucrt:fpsr.obj
 0001:0001c5be       _frnd                      000000018001d5be f   libucrt:fpsr.obj
 0001:0001c5e0       _raise_exc                 000000018001d5e0 f   libucrt:fpexcept.obj
 0001:0001c608       _raise_exc_ex              000000018001d608 f   libucrt:fpexcept.obj
 0001:0001c910       _set_errno_from_matherr    000000018001d910 f   libucrt:fpexcept.obj
 0001:0001c940       _clrfp                     000000018001d940 f   libucrt:fpctrl.obj
 0001:0001c960       _ctrlfp                    000000018001d960 f   libucrt:fpctrl.obj
 0001:0001c9dc       _set_statfp                000000018001d9dc f   libucrt:fpctrl.obj
 0001:0001c9fc       _statfp                    000000018001d9fc f   libucrt:fpctrl.obj
 0001:0001ca0e       IsProcessorFeaturePresent  000000018001da0e f   kernel32:KERNEL32.dll
 0001:0001ca14       RtlUnwindEx                000000018001da14 f   kernel32:KERNEL32.dll
 0001:0001ca1a       SystemFunction036          000000018001da1a f   advapi32:ADVAPI32.dll
 0001:0001ca20       _FindPESection             000000018001da20 f   LIBCMT:pesect.obj
 0001:0001ca70       _IsNonwritableInCurrentImage 000000018001da70 f   LIBCMT:pesect.obj
 0001:0001cac0       _ValidateImageBase         000000018001dac0 f   LIBCMT:pesect.obj
 0001:0001caf0       __GSHandlerCheck           000000018001daf0 f   LIBCMT:_gshandler_.obj
 0001:0001cb10       __GSHandlerCheckCommon     000000018001db10 f   LIBCMT:_gshandler_.obj
 0001:0001cb80       __security_check_cookie    000000018001db80 f   LIBCMT:_amdsecgs_.obj
 0001:0001cba4       __raise_securityfailure    000000018001dba4 f   LIBCMT:gs_report.obj
 0001:0001cbd8       __report_gsfailure         000000018001dbd8 f   LIBCMT:gs_report.obj
 0001:0001ccac       __report_rangecheckfailure 000000018001dcac f   LIBCMT:gs_report.obj
 0001:0001ccc0       __report_securityfailure   000000018001dcc0 f   LIBCMT:gs_report.obj
 0001:0001ce50       __chkstk                   000000018001de50 f   LIBCMT:_chkstk_.obj
 0001:0001ce50       _alloca_probe              000000018001de50 f   LIBCMT:_chkstk_.obj
 0001:0001cec0       _guard_dispatch_icall_nop  000000018001dec0 f   LIBCMT:_guard_dispatch_.obj
 0002:00000000       __imp_SystemFunction036    000000018001f000     advapi32:ADVAPI32.dll
 0002:00000008       __imp_RegSetValueExW       000000018001f008     advapi32:ADVAPI32.dll
 0002:00000010       __imp_RegQueryValueExW     000000018001f010     advapi32:ADVAPI32.dll
 0002:00000018       __imp_RegOpenKeyExW        000000018001f018     advapi32:ADVAPI32.dll
 0002:00000020       __imp_RegCreateKeyExW      000000018001f020     advapi32:ADVAPI32.dll
 0002:00000028       __imp_RegCloseKey          000000018001f028     advapi32:ADVAPI32.dll
 0002:00000030       \177ADVAPI32_NULL_THUNK_DATA 000000018001f030     advapi32:ADVAPI32.dll
 0002:00000038       __imp_GetObjectW           000000018001f038     gdi32:GDI32.dll
 0002:00000040       __imp_CreateDIBSection     000000018001f040     gdi32:GDI32.dll
 0002:00000048       __imp_GdiAlphaBlend        000000018001f048     gdi32:GDI32.dll
 0002:00000050       __imp_SetStretchBltMode    000000018001f050     gdi32:GDI32.dll
 0002:00000058       __imp_StretchBlt           000000018001f058     gdi32:GDI32.dll
 0002:00000060       __imp_MoveToEx             000000018001f060     gdi32:GDI32.dll
 0002:00000068       __imp_SetTextColor         000000018001f068     gdi32:GDI32.dll
 0002:00000070       __imp_SetBkColor           000000018001f070     gdi32:GDI32.dll
 0002:00000078       __imp_SelectObject         000000018001f078     gdi32:GDI32.dll
 0002:00000080       __imp_Rectangle            000000018001f080     gdi32:GDI32.dll
 0002:00000088       __imp_LineTo               000000018001f088     gdi32:GDI32.dll
 0002:00000090       __imp_GetStockObject       000000018001f090     gdi32:GDI32.dll
 0002:00000098       __imp_DeleteObject         000000018001f098     gdi32:GDI32.dll
 0002:000000a0       __imp_DeleteDC             000000018001f0a0     gdi32:GDI32.dll
 0002:000000a8       __imp_CreateSolidBrush     000000018001f0a8     gdi32:GDI32.dll
 0002:000000b0       __imp_CreatePen            000000018001f0b0     gdi32:GDI32.dll
 0002:000000b8       __imp_CreateFontW          000000018001f0b8     gdi32:GDI32.dll
 0002:000000c0       __imp_CreateCompatibleDC   000000018001f0c0     gdi32:GDI32.dll
 0002:000000c8       __imp_CreateCompatibleBitmap 000000018001f0c8     gdi32:GDI32.dll
 0002:000000d0       __imp_BitBlt               000000018001f0d0     gdi32:GDI32.dll
 0002:000000d8       __imp_GdiFlush             000000018001f0d8     gdi32:GDI32.dll
 0002:000000e0       \177GDI32_NULL_THUNK_DATA  000000018001f0e0     gdi32:GDI32.dll
 0002:000000e8       __imp_CreateToolhelp32Snapshot 000000018001f0e8     kernel32:KERNEL32.dll
 0002:000000f0       __imp_Thread32First        000000018001f0f0     kernel32:KERNEL32.dll
 0002:000000f8       __imp_Thread32Next         000000018001f0f8     kernel32:KERNEL32.dll
 0002:00000100       __imp_lstrcpynA            000000018001f100     kernel32:KERNEL32.dll
 0002:00000108       __imp_lstrlenA             000000018001f108     kernel32:KERNEL32.dll
 0002:00000110       __imp_MultiByteToWideChar  000000018001f110     kernel32:KERNEL32.dll
 0002:00000118       __imp_SetEvent             000000018001f118     kernel32:KERNEL32.dll
 0002:00000120       __imp_CreateEventW         000000018001f120     kernel32:KERNEL32.dll
 0002:00000128       __imp_WaitForMultipleObjects 000000018001f128     kernel32:KERNEL32.dll
 0002:00000130       __imp_GetExitCodeThread    000000018001f130     kernel32:KERNEL32.dll
 0002:00000138       __imp_LocalAlloc           000000018001f138     kernel32:KERNEL32.dll
 0002:00000140       __imp_FileTimeToSystemTime 000000018001f140     kernel32:KERNEL32.dll
 0002:00000148       __imp_FindClose            000000018001f148     kernel32:KERNEL32.dll
 0002:00000150       __imp_FindFirstFileW       000000018001f150     kernel32:KERNEL32.dll
 0002:00000158       __imp_FindNextFileW        000000018001f158     kernel32:KERNEL32.dll
 0002:00000160       __imp_GetTempPathW         000000018001f160     kernel32:KERNEL32.dll
 0002:00000168       __imp_ResetEvent           000000018001f168     kernel32:KERNEL32.dll
 0002:00000170       __imp_FreeLibrary          000000018001f170     kernel32:KERNEL32.dll
 0002:00000178       __imp_LoadLibraryW         000000018001f178     kernel32:KERNEL32.dll
 0002:00000180       __imp_IsBadReadPtr         000000018001f180     kernel32:KERNEL32.dll
 0002:00000188       __imp_HeapCreate           000000018001f188     kernel32:KERNEL32.dll
 0002:00000190       __imp_HeapDestroy          000000018001f190     kernel32:KERNEL32.dll
 0002:00000198       __imp_HeapAlloc            000000018001f198     kernel32:KERNEL32.dll
 0002:000001a0       __imp_HeapReAlloc          000000018001f1a0     kernel32:KERNEL32.dll
 0002:000001a8       __imp_HeapFree             000000018001f1a8     kernel32:KERNEL32.dll
 0002:000001b0       __imp_Process32FirstW      000000018001f1b0     kernel32:KERNEL32.dll
 0002:000001b8       __imp_Process32NextW       000000018001f1b8     kernel32:KERNEL32.dll
 0002:000001c0       __imp_OpenThread           000000018001f1c0     kernel32:KERNEL32.dll
 0002:000001c8       __imp_InitializeCriticalSection 000000018001f1c8     kernel32:KERNEL32.dll
 0002:000001d0       __imp_EnterCriticalSection 000000018001f1d0     kernel32:KERNEL32.dll
 0002:000001d8       __imp_LeaveCriticalSection 000000018001f1d8     kernel32:KERNEL32.dll
 0002:000001e0       __imp_TryEnterCriticalSection 000000018001f1e0     kernel32:KERNEL32.dll
 0002:000001e8       __imp_DeleteCriticalSection 000000018001f1e8     kernel32:KERNEL32.dll
 0002:000001f0       __imp_VerSetConditionMask  000000018001f1f0     kernel32:KERNEL32.dll
 0002:000001f8       __imp_VerifyVersionInfoW   000000018001f1f8     kernel32:KERNEL32.dll
 0002:00000200       __imp_ReadConsoleOutputW   000000018001f200     kernel32:KERNEL32.dll
 0002:00000208       __imp_GetConsoleScreenBufferInfo 000000018001f208     kernel32:KERNEL32.dll
 0002:00000210       __imp_GetFileInformationByHandle 000000018001f210     kernel32:KERNEL32.dll
 0002:00000218       __imp_GetEnvironmentVariableW 000000018001f218     kernel32:KERNEL32.dll
 0002:00000220       __imp_ExpandEnvironmentStringsW 000000018001f220     kernel32:KERNEL32.dll
 0002:00000228       __imp_RaiseException       000000018001f228     kernel32:KERNEL32.dll
 0002:00000230       __imp_ReadConsoleInputW    000000018001f230     kernel32:KERNEL32.dll
 0002:00000238       __imp_TerminateThread      000000018001f238     kernel32:KERNEL32.dll
 0002:00000240       __imp_ResumeThread         000000018001f240     kernel32:KERNEL32.dll
 0002:00000248       __imp_GetCurrentProcess    000000018001f248     kernel32:KERNEL32.dll
 0002:00000250       __imp_WriteConsoleW        000000018001f250     kernel32:KERNEL32.dll
 0002:00000258       __imp_SetFilePointerEx     000000018001f258     kernel32:KERNEL32.dll
 0002:00000260       __imp_GetConsoleMode       000000018001f260     kernel32:KERNEL32.dll
 0002:00000268       __imp_GetConsoleCP         000000018001f268     kernel32:KERNEL32.dll
 0002:00000270       __imp_FlushFileBuffers     000000018001f270     kernel32:KERNEL32.dll
 0002:00000278       __imp_SetStdHandle         000000018001f278     kernel32:KERNEL32.dll
 0002:00000280       __imp_HeapSize             000000018001f280     kernel32:KERNEL32.dll
 0002:00000288       __imp_GetFileType          000000018001f288     kernel32:KERNEL32.dll
 0002:00000290       __imp_GetProcessHeap       000000018001f290     kernel32:KERNEL32.dll
 0002:00000298       __imp_FreeEnvironmentStringsW 000000018001f298     kernel32:KERNEL32.dll
 0002:000002a0       __imp_GetEnvironmentStringsW 000000018001f2a0     kernel32:KERNEL32.dll
 0002:000002a8       __imp_GetCommandLineW      000000018001f2a8     kernel32:KERNEL32.dll
 0002:000002b0       __imp_GetCommandLineA      000000018001f2b0     kernel32:KERNEL32.dll
 0002:000002b8       __imp_GetCPInfo            000000018001f2b8     kernel32:KERNEL32.dll
 0002:000002c0       __imp_GetOEMCP             000000018001f2c0     kernel32:KERNEL32.dll
 0002:000002c8       __imp_IsValidCodePage      000000018001f2c8     kernel32:KERNEL32.dll
 0002:000002d0       __imp_FindNextFileA        000000018001f2d0     kernel32:KERNEL32.dll
 0002:000002d8       __imp_FindFirstFileExA     000000018001f2d8     kernel32:KERNEL32.dll
 0002:000002e0       __imp_SetEnvironmentVariableW 000000018001f2e0     kernel32:KERNEL32.dll
 0002:000002e8       __imp_LCMapStringW         000000018001f2e8     kernel32:KERNEL32.dll
 0002:000002f0       __imp_GetACP               000000018001f2f0     kernel32:KERNEL32.dll
 0002:000002f8       __imp_GetStringTypeW       000000018001f2f8     kernel32:KERNEL32.dll
 0002:00000300       __imp_GetModuleFileNameA   000000018001f300     kernel32:KERNEL32.dll
 0002:00000308       __imp_GetModuleHandleExW   000000018001f308     kernel32:KERNEL32.dll
 0002:00000310       __imp_TerminateProcess     000000018001f310     kernel32:KERNEL32.dll
 0002:00000318       __imp_ExitProcess          000000018001f318     kernel32:KERNEL32.dll
 0002:00000320       __imp_LoadLibraryExW       000000018001f320     kernel32:KERNEL32.dll
 0002:00000328       __imp_TlsFree              000000018001f328     kernel32:KERNEL32.dll
 0002:00000330       __imp_TlsSetValue          000000018001f330     kernel32:KERNEL32.dll
 0002:00000338       __imp_TlsGetValue          000000018001f338     kernel32:KERNEL32.dll
 0002:00000340       __imp_TlsAlloc             000000018001f340     kernel32:KERNEL32.dll
 0002:00000348       __imp_InitializeCriticalSectionAndSpinCount 000000018001f348     kernel32:KERNEL32.dll
 0002:00000350       __imp_InterlockedFlushSList 000000018001f350     kernel32:KERNEL32.dll
 0002:00000358       __imp_WriteConsoleInputW   000000018001f358     kernel32:KERNEL32.dll
 0002:00000360       __imp_WideCharToMultiByte  000000018001f360     kernel32:KERNEL32.dll
 0002:00000368       __imp_lstrcpyW             000000018001f368     kernel32:KERNEL32.dll
 0002:00000370       __imp_LocalFree            000000018001f370     kernel32:KERNEL32.dll
 0002:00000378       __imp_VirtualProtect       000000018001f378     kernel32:KERNEL32.dll
 0002:00000380       __imp_GetStdHandle         000000018001f380     kernel32:KERNEL32.dll
 0002:00000388       __imp_GetModuleFileNameW   000000018001f388     kernel32:KERNEL32.dll
 0002:00000390       __imp_UnmapViewOfFile      000000018001f390     kernel32:KERNEL32.dll
 0002:00000398       __imp_MapViewOfFile        000000018001f398     kernel32:KERNEL32.dll
 0002:000003a0       __imp_OpenFileMappingW     000000018001f3a0     kernel32:KERNEL32.dll
 0002:000003a8       __imp_CreateFileMappingW   000000018001f3a8     kernel32:KERNEL32.dll
 0002:000003b0       __imp_GetTickCount         000000018001f3b0     kernel32:KERNEL32.dll
 0002:000003b8       __imp_GetCurrentThreadId   000000018001f3b8     kernel32:KERNEL32.dll
 0002:000003c0       __imp_GetCurrentProcessId  000000018001f3c0     kernel32:KERNEL32.dll
 0002:000003c8       __imp_Sleep                000000018001f3c8     kernel32:KERNEL32.dll
 0002:000003d0       __imp_WaitForSingleObject  000000018001f3d0     kernel32:KERNEL32.dll
 0002:000003d8       __imp_WaitNamedPipeW       000000018001f3d8     kernel32:KERNEL32.dll
 0002:000003e0       __imp_TransactNamedPipe    000000018001f3e0     kernel32:KERNEL32.dll
 0002:000003e8       __imp_SetNamedPipeHandleState 000000018001f3e8     kernel32:KERNEL32.dll
 0002:000003f0       __imp_GetLastError         000000018001f3f0     kernel32:KERNEL32.dll
 0002:000003f8       __imp_SetLastError         000000018001f3f8     kernel32:KERNEL32.dll
 0002:00000400       __imp_CloseHandle          000000018001f400     kernel32:KERNEL32.dll
 0002:00000408       __imp_IsDebuggerPresent    000000018001f408     kernel32:KERNEL32.dll
 0002:00000410       __imp_WriteFile            000000018001f410     kernel32:KERNEL32.dll
 0002:00000418       __imp_ReadFile             000000018001f418     kernel32:KERNEL32.dll
 0002:00000420       __imp_CreateFileW          000000018001f420     kernel32:KERNEL32.dll
 0002:00000428       __imp_GetProcAddress       000000018001f428     kernel32:KERNEL32.dll
 0002:00000430       __imp_GetModuleHandleW     000000018001f430     kernel32:KERNEL32.dll
[...]
 0004:0000138c       $pdata$?setmbcp_internal@@YAHH_NQEAU__acrt_ptd@@QEAPEAU__crt_multibyte_data@@@Z 000000018005838c     libucrt:mbctype.obj
 0004:00001398       $pdata$?update_thread_multibyte_data_internal@@YAPEAU__crt_multibyte_data@@QEAU__acrt_ptd@@QEAU1@@Z 0000000180058398     libucrt:mbctype.obj
 0004:000013a4       $pdata$__acrt_initialize_multibyte 00000001800583a4     libucrt:mbctype.obj
 0004:000013b0       $pdata$__acrt_update_thread_multibyte_data 00000001800583b0     libucrt:mbctype.obj
 0004:000013bc       $pdata$_setmbcp_nolock     00000001800583bc     libucrt:mbctype.obj
 0004:000013c8       $pdata$?x_ismbbtype_l@@YAHPEAU__crt_locale_pointers@@IHH@Z 00000001800583c8     libucrt:ismbbyte.obj
 0004:000013d4       $pdata$__acrt_initialize_command_line 00000001800583d4     libucrt:argv_data.obj
 0004:000013e0       $pdata$__dcrt_get_narrow_environment_from_os 00000001800583e0     libucrt:get_environment_from_os.obj
 0004:000013ec       $pdata$_recalloc_base      00000001800583ec     libucrt:recalloc.obj
 0004:000013f8       $pdata$__acrt_initialize_heap 00000001800583f8     libucrt:heap_handle.obj
 0004:00001404       $pdata$?initialize_inherited_file_handles_nolock@@YAXXZ 0000000180058404     libucrt:ioinit.obj
 0004:00001410       $pdata$?initialize_stdio_handles_nolock@@YAXXZ 0000000180058410     libucrt:ioinit.obj
 0004:0000141c       $pdata$__acrt_initialize_lowio 000000018005841c     libucrt:ioinit.obj
 0004:00001428       $pdata$__acrt_uninitialize_lowio 0000000180058428     libucrt:ioinit.obj
 0004:00001434       $pdata$__acrt_execute_initializers 0000000180058434     libucrt:shared_initialization.obj
 0004:00001440       $pdata$__acrt_execute_uninitializers 0000000180058440     libucrt:shared_initialization.obj
 0004:0000144c       $pdata$_callnewh           000000018005844c     libucrt:new_handler.obj
 0004:00001458       $pdata$_query_new_handler  0000000180058458     libucrt:new_handler.obj
 0004:00001464       $pdata$??$?RV<lambda_c36588078e9f5dfd39652860aa6b3aaf>@@AEAV<lambda_ec61778202f4f5fc7e7711acc23c3bca>@@V<lambda_dc9d2797ccde5d239b4a0efae8ebd7db>@@@?$__crt_seh_guarded_call@P6AXH@Z@@QEAAP6AXH@Z$$QEAV<lambda_c36588078e9f5dfd39652860aa6b3aaf>@@AEAV<lambda_ec61778202f4f5fc7e7711acc23c3bca>@@$$QEAV<lambda_dc9d2797ccde5d239b4a0efae8ebd7db>@@@Z 0000000180058464     libucrt:signal.obj
 0004:00001470       $pdata$__acrt_get_sigabrt_handler 0000000180058470     libucrt:signal.obj
 0004:0000147c       $pdata$raise               000000018005847c     libucrt:signal.obj
 0004:00001488       $pdata$__acrt_invoke_user_matherr 0000000180058488     libucrt:matherr.obj
 0004:00001494       $pdata$_mbtowc_l           0000000180058494     libucrt:mbtowc.obj
 0004:000014a0       $pdata$_fileno             00000001800584a0     libucrt:fileno.obj
 0004:000014ac       $pdata$__acrt_initialize_stdio 00000001800584ac     libucrt:_file.obj
 0004:000014b8       $pdata$__acrt_uninitialize_stdio 00000001800584b8     libucrt:_file.obj
 0004:000014c4       $pdata$_isleadbyte_l       00000001800584c4     libucrt:_wctype.obj
 0004:000014d0       $pdata$__acrt_GetStringTypeA 00000001800584d0     libucrt:getstringtypea.obj
 0004:000014dc       $pdata$__acrt_free_locale  00000001800584dc     libucrt:locale_refcounting.obj
 0004:000014e8       $pdata$__acrt_locale_free_lc_time_if_unreferenced 00000001800584e8     libucrt:locale_refcounting.obj
 0004:000014f4       $pdata$__acrt_release_locale_ref 00000001800584f4     libucrt:locale_refcounting.obj
 0004:00001500       $pdata$__acrt_update_thread_locale_data 0000000180058500     libucrt:locale_refcounting.obj
 0004:0000150c       $pdata$_updatetlocinfoEx_nolock 000000018005850c     libucrt:locale_refcounting.obj
 0004:00001518       $pdata$__acrt_locale_free_monetary 0000000180058518     libucrt:initmon.obj
 0004:00001524       $pdata$__acrt_locale_free_numeric 0000000180058524     libucrt:initnum.obj
 0004:00001530       $pdata$?free_crt_array_internal@@YAXQEAPEBX_K@Z 0000000180058530     libucrt:inittime.obj
 0004:0000153c       $pdata$__acrt_locale_free_time 000000018005853c     libucrt:inittime.obj
 0004:00001548       $pdata$?GetTableIndexFromLocaleName@@YAHPEB_W@Z 0000000180058548     libucrt:lcidtoname_downlevel.obj
 0004:00001554       $pdata$__acrt_DownlevelLocaleNameToLCID 0000000180058554     libucrt:lcidtoname_downlevel.obj
 0004:00001560       $pdata$?shortsort@@YAXPEAD0_KP6AHPEBX2@Z@Z 0000000180058560     libucrt:qsort.obj
 0004:0000156c       $pdata$2$?shortsort@@YAXPEAD0_KP6AHPEBX2@Z@Z 000000018005856c     libucrt:qsort.obj
 0004:00001578       $pdata$3$?shortsort@@YAXPEAD0_KP6AHPEBX2@Z@Z 0000000180058578     libucrt:qsort.obj
 0004:00001584       $pdata$qsort               0000000180058584     libucrt:qsort.obj
 0004:00001590       $pdata$4$qsort             0000000180058590     libucrt:qsort.obj
 0004:0000159c       $pdata$5$qsort             000000018005859c     libucrt:qsort.obj
 0004:000015a8       $pdata$strncpy_s           00000001800585a8     libucrt:strncpy_s.obj
 0004:000015b4       $pdata$strpbrk             00000001800585b4     libucrt:strpbrk.obj
 0004:000015c0       $pdata$_mbsdec_l           00000001800585c0     libucrt:mbsdec.obj
 0004:000015cc       $pdata$?initialize_multibyte@@YAHXZ 00000001800585cc     libucrt:multibyte_initializer.obj
 0004:000015d8       $pdata$?__acrt_LCMapStringA_stat@@YAHPEAU__crt_locale_pointers@@PEB_WKPEBDHPEADHHH@Z 00000001800585d8     libucrt:lcmapstringa.obj
 0004:000015e4       $pdata$__acrt_LCMapStringA 00000001800585e4     libucrt:lcmapstringa.obj
 0004:000015f0       $pdata$_msize              00000001800585f0     libucrt:msize.obj
 0004:000015fc       $pdata$_realloc_base       00000001800585fc     libucrt:realloc_base.obj
 0004:00001608       $pdata$__acrt_lowio_create_handle_array 0000000180058608     libucrt:osfinfo.obj
 0004:00001614       $pdata$__acrt_lowio_destroy_handle_array 0000000180058614     libucrt:osfinfo.obj
 0004:00001620       $pdata$__acrt_lowio_ensure_fh_exists 0000000180058620     libucrt:osfinfo.obj
 0004:0000162c       $pdata$_free_osfhnd        000000018005862c     libucrt:osfinfo.obj
 0004:00001638       $pdata$_get_osfhandle      0000000180058638     libucrt:osfinfo.obj
 0004:00001644       $pdata$_isatty             0000000180058644     libucrt:isatty.obj
 0004:00001650       $pdata$__acrt_stdio_flush_nolock 0000000180058650     libucrt:fflush.obj
 0004:0000165c       $pdata$_fflush_nolock      000000018005865c     libucrt:fflush.obj
 0004:00001668       $pdata$common_flush_all    0000000180058668     libucrt:fflush.obj
 0004:00001674       $pdata$_fcloseall          0000000180058674     libucrt:closeall.obj
 0004:00001680       $pdata$__acrt_stdio_free_buffer_nolock 0000000180058680     libucrt:_freebuf.obj
 0004:0000168c       $pdata$??$?RV<lambda_b521505b218e5242e90febf6bfebc422>@@AEAV<lambda_6978c1fb23f02e42e1d9e99668cc68aa>@@V<lambda_314360699dd331753a4119843814e9a7>@@@?$__crt_seh_guarded_call@H@@QEAAH$$QEAV<lambda_b521505b218e5242e90febf6bfebc422>@@AEAV<lambda_6978c1fb23f02e42e1d9e99668cc68aa>@@$$QEAV<lambda_314360699dd331753a4119843814e9a7>@@@Z 000000018005868c     libucrt:commit.obj
 0004:00001698       $pdata$_commit             0000000180058698     libucrt:commit.obj
 0004:000016a4       $pdata$?write_double_translated_ansi_nolock@@YA?AUwrite_result@?A0x17268360@@HQEBDI@Z 00000001800586a4     libucrt:write.obj
 0004:000016b0       $pdata$?write_text_ansi_nolock@@YA?AUwrite_result@?A0x17268360@@HQEBDI@Z 00000001800586b0     libucrt:write.obj
 0004:000016bc       $pdata$?write_text_utf16le_nolock@@YA?AUwrite_result@?A0x17268360@@HQEBDI@Z 00000001800586bc     libucrt:write.obj
 0004:000016c8       $pdata$?write_text_utf8_nolock@@YA?AUwrite_result@?A0x17268360@@HQEBDI@Z 00000001800586c8     libucrt:write.obj
 0004:000016d4       $pdata$_write              00000001800586d4     libucrt:write.obj
 0004:000016e0       $pdata$_write_nolock       00000001800586e0     libucrt:write.obj
 0004:000016f8       $pdata$??$common_lseek_nolock@_J@@YA_JH_JH@Z 00000001800586f8     libucrt:lseek.obj
 0004:00001704       $pdata$_fclose_nolock      0000000180058704     libucrt:fclose.obj
 0004:00001710       $pdata$fclose              0000000180058710     libucrt:fclose.obj
 0004:0000171c       $pdata$_putwch_nolock      000000018005871c     libucrt:putwch.obj
 0004:00001728       $pdata$_call_matherr       0000000180058728     libucrt:libm_error.obj
 0004:00001734       $pdata$_exception_enabled  0000000180058734     libucrt:libm_error.obj
 0004:00001740       $pdata$_handle_error       0000000180058740     libucrt:libm_error.obj
 0004:0000174c       $pdata$__acrt_initialize_fma3 000000018005874c     libucrt:fma3_available.obj
 0004:00001758       $pdata$_log10_special      0000000180058758     libucrt:log_special.obj
 0004:00001764       $pdata$_log_special_common 0000000180058764     libucrt:log_special.obj
 0004:00001770       $pdata$??$?RV<lambda_bfedae4ebbf01fab1bb6dcc6a9e276e0>@@AEAV<lambda_2fe9b910cf3cbf4a0ab98a02ba45b3ec>@@V<lambda_237c231691f317818eb88cc1d5d642d6>@@@?$__crt_seh_guarded_call@H@@QEAAH$$QEAV<lambda_bfedae4ebbf01fab1bb6dcc6a9e276e0>@@AEAV<lambda_2fe9b910cf3cbf4a0ab98a02ba45b3ec>@@$$QEAV<lambda_237c231691f317818eb88cc1d5d642d6>@@@Z 0000000180058770     libucrt:close.obj
 0004:0000177c       $pdata$_close              000000018005877c     libucrt:close.obj
 0004:00001788       $pdata$_close_nolock       0000000180058788     libucrt:close.obj
 0004:00001794       $pdata$__dcrt_lowio_initialize_console_output 0000000180058794     libucrt:initcon.obj
 0004:000017a0       $pdata$__dcrt_terminate_console_output 00000001800587a0     libucrt:initcon.obj
 0004:000017b8       $pdata$_raise_exc          00000001800587b8     libucrt:fpexcept.obj
 0004:000017c4       $pdata$_raise_exc_ex       00000001800587c4     libucrt:fpexcept.obj
 0004:000017d0       $pdata$_set_errno_from_matherr 00000001800587d0     libucrt:fpexcept.obj
 0004:000017dc       $pdata$_clrfp              00000001800587dc     libucrt:fpctrl.obj
 0004:000017e8       $pdata$_ctrlfp             00000001800587e8     libucrt:fpctrl.obj
 0004:000017f4       $pdata$_set_statfp         00000001800587f4     libucrt:fpctrl.obj
 0004:00001800       $pdata$_statfp             0000000180058800     libucrt:fpctrl.obj
 0004:0000180c       $pdata$_IsNonwritableInCurrentImage 000000018005880c     LIBCMT:pesect.obj
 0004:00001818       $pdata$__GSHandlerCheck    0000000180058818     LIBCMT:_gshandler_.obj
 0004:00001824       $pdata$__GSHandlerCheckCommon 0000000180058824     LIBCMT:_gshandler_.obj
 0004:0000183c       $pdata$__raise_securityfailure 000000018005883c     LIBCMT:gs_report.obj
 0004:00001848       $pdata$__report_gsfailure  0000000180058848     LIBCMT:gs_report.obj
 0004:00001854       $pdata$__report_rangecheckfailure 0000000180058854     LIBCMT:gs_report.obj
 0004:00001860       $pdata$__report_securityfailure 0000000180058860     LIBCMT:gs_report.obj
 0004:0000186c       $pdata$capture_current_context 000000018005886c     LIBCMT:gs_report.obj
 0004:00001878       $pdata$capture_previous_context 0000000180058878     LIBCMT:gs_report.obj
 0004:0000189c       $pdata$?fin$0@?0??dllmain_crt_process_attach@@YAHQEAUHINSTANCE__@@QEAX@Z@4HA 000000018005889c     LIBCMT:dll_dllmain.obj
 0004:000018a8       $pdata$?fin$0@?0??dllmain_crt_process_detach@@YAH_N@Z@4HA 00000001800588a8     LIBCMT:dll_dllmain.obj
 0004:000018b4       $pdata$?filt$0@?0??dllmain_dispatch@@YAHQEAUHINSTANCE__@@KQEAX@Z@4HA 00000001800588b4     LIBCMT:dll_dllmain.obj
 0004:000018c0       $pdata$__scrt_is_nonwritable_in_current_image$filt$0 00000001800588c0     LIBCMT:utility.obj
 0004:000018cc       $pdata$?filt$0@?0??common_exit@@YAXHW4_crt_exit_cleanup_mode@@W4_crt_exit_return_mode@@@Z@4HA 00000001800588cc     libucrt:exit.obj
 0004:000018d8       $pdata$?fin$1@?0??common_exit@@YAXHW4_crt_exit_cleanup_mode@@W4_crt_exit_return_mode@@@Z@4HA 00000001800588d8     libucrt:exit.obj
 0004:000018e4       $pdata$?fin$0@?0???$?RV<lambda_e24bbb7b643b32fcea6fa61b31d4c984>@@AEAV<lambda_275893d493268fdec8709772e3fcec0e>@@V<lambda_9d71df4d7cf3f480f8d633942495c3b0>@@@?$__crt_seh_guarded_call@H@@QEAAH$$QEAV<lambda_e24bbb7b643b32fcea6fa61b31d4c984>@@AEAV<lambda_275893d493268fdec8709772e3fcec0e>@@$$QEAV<lambda_9d71df4d7cf3f480f8d633942495c3b0>@@@Z@4HA 00000001800588e4     libucrt:onexit.obj
 0004:000018f0       $pdata$?fin$0@?0???$?RV<lambda_9431c60049192bb82166e0947f95a2e9>@@AEAV<lambda_85fa512c59a4d94d4a89f575eefd92a6>@@V<lambda_487febba6ca58d9ce348204d67e1dba3>@@@?$__crt_seh_guarded_call@X@@QEAAX$$QEAV<lambda_9431c60049192bb82166e0947f95a2e9>@@AEAV<lambda_85fa512c59a4d94d4a89f575eefd92a6>@@$$QEAV<lambda_487febba6ca58d9ce348204d67e1dba3>@@@Z@4HA 00000001800588f0     libucrt:wsetlocale.obj
 0004:000018fc       $pdata$?fin$0@?0???$?RV<lambda_72d1df2b273a38828b1ce30cbf4cdab5>@@AEAV<lambda_876a65b173b8412d3a47c70a915b0cf4>@@V<lambda_41932305e351933ebe8f8be3ed8bb5dc>@@@?$__crt_seh_guarded_call@X@@QEAAX$$QEAV<lambda_72d1df2b273a38828b1ce30cbf4cdab5>@@AEAV<lambda_876a65b173b8412d3a47c70a915b0cf4>@@$$QEAV<lambda_41932305e351933ebe8f8be3ed8bb5dc>@@@Z@4HA 00000001800588fc     libucrt:per_thread_data.obj
 0004:000018fc       $pdata$?fin$0@?0???$?RV<lambda_46352004c1216016012b18bd6f87e700>@@AEAV<lambda_3bd07e1a1191394380780325891bf33f>@@V<lambda_334532d3f185bcaa59b5be82d7d22bff>@@@?$__crt_seh_guarded_call@X@@QEAAX$$QEAV<lambda_46352004c1216016012b18bd6f87e700>@@AEAV<lambda_3bd07e1a1191394380780325891bf33f>@@$$QEAV<lambda_334532d3f185bcaa59b5be82d7d22bff>@@@Z@4HA 00000001800588fc     libucrt:per_thread_data.obj
 0004:000018fc       $pdata$?fin$0@?0???$?RV<lambda_b8c45f8f788dd370798f47cfe8ac3a86>@@AEAV<lambda_4e60a939b0d047cfe11ddc22648dfba9>@@V<lambda_332c3edc96d0294ec56c57d38c1cdfd5>@@@?$__crt_seh_guarded_call@H@@QEAAH$$QEAV<lambda_b8c45f8f788dd370798f47cfe8ac3a86>@@AEAV<lambda_4e60a939b0d047cfe11ddc22648dfba9>@@$$QEAV<lambda_332c3edc96d0294ec56c57d38c1cdfd5>@@@Z@4HA 00000001800588fc     libucrt:onexit.obj
 0004:000018fc       $pdata$?fin$0@?0???$?RV<lambda_c36588078e9f5dfd39652860aa6b3aaf>@@AEAV<lambda_ec61778202f4f5fc7e7711acc23c3bca>@@V<lambda_dc9d2797ccde5d239b4a0efae8ebd7db>@@@?$__crt_seh_guarded_call@P6AXH@Z@@QEAAP6AXH@Z$$QEAV<lambda_c36588078e9f5dfd39652860aa6b3aaf>@@AEAV<lambda_ec61778202f4f5fc7e7711acc23c3bca>@@$$QEAV<lambda_dc9d2797ccde5d239b4a0efae8ebd7db>@@@Z@4HA 00000001800588fc     libucrt:signal.obj
 0004:000018fc       $pdata$?fin$0@?0???$?RV<lambda_efb9b808e93e29b6b799d3875462c817>@@AEAV<lambda_2c5d36f8a66580c563e29092409944b2>@@V<lambda_31e551fca1567ef2425714047646aa90>@@@?$__crt_seh_guarded_call@X@@QEAAX$$QEAV<lambda_efb9b808e93e29b6b799d3875462c817>@@AEAV<lambda_2c5d36f8a66580c563e29092409944b2>@@$$QEAV<lambda_31e551fca1567ef2425714047646aa90>@@@Z@4HA 00000001800588fc     libucrt:mbctype.obj
 0004:000018fc       $pdata$?fin$0@?0???$?RV<lambda_5e887d1dcbef67a5eb4283622ba103bf>@@AEAV<lambda_4466841279450cc726390878d4a41900>@@V<lambda_341c25c0346d94847f1f3c463c57e077>@@@?$__crt_seh_guarded_call@X@@QEAAX$$QEAV<lambda_5e887d1dcbef67a5eb4283622ba103bf>@@AEAV<lambda_4466841279450cc726390878d4a41900>@@$$QEAV<lambda_341c25c0346d94847f1f3c463c57e077>@@@Z@4HA 00000001800588fc     libucrt:per_thread_data.obj
 0004:000018fc       $pdata$?fin$0@?0???$?RV<lambda_fb3a7dec4e47f37f22dae91bb15c9095>@@AEAV<lambda_698284760c8add0bfb0756c19673e34b>@@V<lambda_dfb8eca1e75fef3034a8fb18dd509707>@@@?$__crt_seh_guarded_call@X@@QEAAX$$QEAV<lambda_fb3a7dec4e47f37f22dae91bb15c9095>@@AEAV<lambda_698284760c8add0bfb0756c19673e34b>@@$$QEAV<lambda_dfb8eca1e75fef3034a8fb18dd509707>@@@Z@4HA 00000001800588fc     libucrt:per_thread_data.obj
 0004:00001908       $pdata$?fin$0@?0??update_thread_multibyte_data_internal@@YAPEAU__crt_multibyte_data@@QEAU__acrt_ptd@@QEAU1@@Z@4HA 0000000180058908     libucrt:mbctype.obj
 0004:00001914       $pdata$__acrt_lowio_ensure_fh_exists$fin$0 0000000180058914     libucrt:osfinfo.obj
 0004:00001914       $pdata$__acrt_initialize_lowio$fin$0 0000000180058914     libucrt:ioinit.obj
 0004:00001920       $pdata$_query_new_handler$fin$0 0000000180058920     libucrt:new_handler.obj
 0004:0000192c       $pdata$raise$fin$0         000000018005892c     libucrt:signal.obj
 0004:00001938       $pdata$__acrt_update_thread_locale_data$fin$0 0000000180058938     libucrt:locale_refcounting.obj
 0004:00001944       $pdata$common_flush_all$fin$0 0000000180058944     libucrt:fflush.obj
 0004:00001950       $pdata$common_flush_all$fin$1 0000000180058950     libucrt:fflush.obj
 0004:0000195c       $pdata$_fcloseall$fin$0    000000018005895c     libucrt:closeall.obj
 0004:00001968       $pdata$?fin$0@?0???$?RV<lambda_bfedae4ebbf01fab1bb6dcc6a9e276e0>@@AEAV<lambda_2fe9b910cf3cbf4a0ab98a02ba45b3ec>@@V<lambda_237c231691f317818eb88cc1d5d642d6>@@@?$__crt_seh_guarded_call@H@@QEAAH$$QEAV<lambda_bfedae4ebbf01fab1bb6dcc6a9e276e0>@@AEAV<lambda_2fe9b910cf3cbf4a0ab98a02ba45b3ec>@@$$QEAV<lambda_237c231691f317818eb88cc1d5d642d6>@@@Z@4HA 0000000180058968     libucrt:close.obj
 0004:00001968       $pdata$?fin$0@?0???$?RV<lambda_b521505b218e5242e90febf6bfebc422>@@AEAV<lambda_6978c1fb23f02e42e1d9e99668cc68aa>@@V<lambda_314360699dd331753a4119843814e9a7>@@@?$__crt_seh_guarded_call@H@@QEAAH$$QEAV<lambda_b521505b218e5242e90febf6bfebc422>@@AEAV<lambda_6978c1fb23f02e42e1d9e99668cc68aa>@@$$QEAV<lambda_314360699dd331753a4119843814e9a7>@@@Z@4HA 0000000180058968     libucrt:commit.obj
 0004:00001974       $pdata$_write$fin$0        0000000180058974     libucrt:write.obj
 0004:00001980       $pdata$fclose$fin$0        0000000180058980     libucrt:fclose.obj
 0004:0000198c       $pdata$_ctrlfp$filt$0      000000018005898c     libucrt:fpctrl.obj
 0004:00001998       $pdata$_IsNonwritableInCurrentImage$filt$0 0000000180058998     LIBCMT:pesect.obj
 0005:00000000       __guard_fids__             0000000180059000     libucrt:initialization.obj
 0005:00000060       __guard_fids___acrt_initialize_ptd 0000000180059060     libucrt:per_thread_data.obj
 0005:00000064       __guard_fids_??$expand_argument_wildcards@D@@YAHQEAD0AEAV?$argument_list@D@?A0x5f5c8891@@@Z 0000000180059064     libucrt:argv_wildcards.obj
 0005:00000068       __guard_fids__             0000000180059068     libucrt:locale_initializer.obj
 0005:0000006c       __guard_fids__             000000018005906c     libucrt:multibyte_initializer.obj
 0005:00000070       __guard_fids__             0000000180059070     libucrt:stdio_initializer.obj
 0005:00000074       __guard_fids__             0000000180059074     libucrt:stdio_initializer.obj
 0005:00000078       __guard_fids__             0000000180059078     libucrt:fma3_initializer.obj
 0005:0000007c       __guard_fids__             000000018005907c     libucrt:console_output_initializer.obj
 0005:00000080       __guard_fids_?dllmain_crt_process_attach@@YAHQEAUHINSTANCE__@@QEAX@Z 0000000180059080     LIBCMT:dll_dllmain.obj
 0005:00000088       __guard_fids_?dllmain_dispatch@@YAHQEAUHINSTANCE__@@KQEAX@Z 0000000180059088     LIBCMT:dll_dllmain.obj
 0005:0000008c       __guard_fids__             000000018005908c     LIBCMT:guard_support.obj
 0005:00000090       __guard_fids__             0000000180059090     libvcruntime:telemetry.obj
 0005:00000094       __guard_fids_?TraceLoggingRegister@__vcrt_trace_logging_provider@@YAJPEBU_TlgProvider_t@1@PEBU_GUID@@P6AX1KE_K2PEAU_EVENT_FILTER_DESCRIPTOR@@PEAX@Z4@Z 0000000180059094     libvcruntime:telemetry.obj
 0005:00000098       __guard_fids___vcrt_initialize_ptd 0000000180059098     libvcruntime:per_thread_data.obj
 0006:000000f0       $R000000                   000000018005a0f0     ConEmuTh.res
 0006:00000408       $R000318                   000000018005a408     ConEmuTh.res
 0006:000014b0       $R0013C0                   000000018005b4b0     ConEmuTh.res
