 ConEmuTh.x64

 Timestamp is 5712d5e9 (Sun Apr 17 03:16:41 2016)

 Preferred load address is 0000000180000000

 Start         Length     Name                   Class
 0001:00000000 000001dbH .text                   CODE
 0001:000001e0 0001bae1H .text$mn                CODE
 0001:0001bcd0 00000012H .text$mn$00             CODE
 0001:0001bcf0 00000260H .text$x                 CODE
 0002:00000000 00000640H .idata$5                DATA
 0002:00000640 00000010H .00cfg                  DATA
 0002:00000650 00000008H .CRT$XCA                DATA
 0002:00000658 00000008H .CRT$XCZ                DATA
 0002:00000660 00000008H .CRT$XIA                DATA
 0002:00000668 00000018H .CRT$XIC                DATA
 0002:00000680 00000008H .CRT$XIZ                DATA
 0002:00000688 00000008H .CRT$XPA                DATA
 0002:00000690 00000010H .CRT$XPX                DATA
 0002:000006a0 00000008H .CRT$XPXA               DATA
 0002:000006a8 00000008H .CRT$XPZ                DATA
 0002:000006b0 00000008H .CRT$XTA                DATA
 0002:000006b8 00000008H .CRT$XTZ                DATA
 0002:000006c0 000084d4H .rdata                  DATA
 0002:00008b98 00000000H .rdata$r                DATA
 0002:00008b98 00000010H .rdata$zETW0            DATA
 0002:00008ba8 00000077H .rdata$zETW1            DATA
 0002:00008c1f 0000002cH .rdata$zETW2            DATA
 0002:00008c4b 00000001H .rdata$zETW9            DATA
 0002:00008c4c 00000314H .rdata$zzzdbg           DATA
 0002:00008f60 00000008H .rtc$IAA                DATA
 0002:00008f68 00000008H .rtc$IZZ                DATA
 0002:00008f70 00000008H .rtc$TAA                DATA
 0002:00008f78 00000008H .rtc$TZZ                DATA
 0002:00008f80 00001190H .xdata                  DATA
 0002:0000a110 0000016cH .edata                  DATA
 0002:0000a27c 0000008cH .idata$2                DATA
 0002:0000a308 00000014H .idata$3                DATA
 0002:0000a320 00000640H .idata$4                DATA
 0002:0000a960 00000dbcH .idata$6                DATA
 0003:00000000 000009f4H .data                   DATA
 0003:000009f8 00000000H .data$r                 DATA
 0003:00000a00 0002b018H .bss                    DATA
 0004:00000000 0000186cH .pdata                  DATA
 0005:00000000 0000007cH .gfids$x                DATA
 0005:0000007c 0000001cH .gfids$y                DATA
 0006:00000000 000000e8H .rsrc$01                DATA
 0006:000000f0 000013a8H .rsrc$02                DATA

  Address         Publics by Value              Rva+Base               Lib:Object

 0000:00000000       __guard_iat_table          0000000000000000     <absolute>
 0000:00000000       __guard_iat_count          0000000000000000     <absolute>
 0000:00000000       __guard_longjmp_table      0000000000000000     <absolute>
 0000:00000000       __guard_longjmp_count      0000000000000000     <absolute>
 0000:00000000       __guard_fids_count         0000000000000000     <absolute>
 0000:00000000       ___safe_se_handler_table   0000000000000000     <absolute>
 0000:00000000       ___safe_se_handler_count   0000000000000000     <absolute>
 0000:00000000       __guard_fids_table         0000000000000000     <absolute>
 0000:00000100       __guard_flags              0000000000000100     <absolute>
 0000:00000000       __ImageBase                0000000180000000     <linker-defined>
 0001:00000000       ?TraceLoggingRegister@__vcrt_trace_logging_provider@@YAJPEBU_TlgProvider_t@1@PEBU_GUID@@P6AX1KE_K2PEAU_EVENT_FILTER_DESCRIPTOR@@PEAX@Z4@Z 0000000180001000 f i libvcruntime:telemetry.obj
 0001:0000007c       ?_TlgEnableCallback@__vcrt_trace_logging_provider@@YAXPEBU_GUID@@KE_K1PEAU_EVENT_FILTER_DESCRIPTOR@@PEAX@Z 000000018000107c f i libvcruntime:telemetry.obj
 0001:00000140       ?_TlgWrite@__vcrt_trace_logging_provider@@YAJPEBU_TlgProvider_t@1@PEFBXPEBU_GUID@@2IPEAU_EVENT_DATA_DESCRIPTOR@@@Z 0000000180001140 f i libvcruntime:telemetry.obj
 0001:000001e0       ??0CEStr@@QEAA@PEB_W00000000@Z 00000001800011e0 f   CEStr.obj
 0001:00000288       ??1CEStr@@QEAA@XZ          0000000180001288 f   CEStr.obj
 0001:000002d4       ??BCEStr@@QEBAPEB_WXZ      00000001800012d4 f   CEStr.obj
 0001:000002d8       ?AttachInt@CEStr@@AEAAPEB_WAEAPEA_W@Z 00000001800012d8 f   CEStr.obj
 0001:0000035c       ?Empty@CEStr@@QEAAXXZ      000000018000135c f   CEStr.obj
 0001:0000037c       ?GetBuffer@CEStr@@QEAAPEA_W_J@Z 000000018000137c f   CEStr.obj
 0001:00000430       ?GetLen@CEStr@@QEBA_JXZ    0000000180001430 f   CEStr.obj
 0001:00000458       ?GetMaxCount@CEStr@@QEAA_JXZ 0000000180001458 f   CEStr.obj
 0001:00000484       ?SavePathVar@CEStr@@QEAAXPEB_W@Z 0000000180001484 f   CEStr.obj
 0001:000004bc       ?Set@CEStr@@QEAAPEB_WPEB_W_J@Z 00000001800014bc f   CEStr.obj
 0001:000005b0       ?StringCchCopyNW@@YAJPEA_W_KPEB_W1@Z 00000001800015b0 f i CEStr.obj
 0001:00000634       ?PointToExt@@YAPEB_WPEB_W@Z 0000000180001634 f   CmdLine.obj
 0001:00000658       ?PointToName@@YAPEB_WPEB_W@Z 0000000180001658 f   CmdLine.obj
 0001:000006b4       ?Unquote@@YAPEB_WPEA_W_N@Z 00000001800016b4 f   CmdLine.obj
 0001:0000071c       ?CommonShutdown@@YAXXZ     000000018000171c f   Common.obj
 0001:0000072c       ?ExecuteCmd@@YAPEAUCESERVER_REQ@@PEB_WPEAU1@KPEAUHWND__@@HKH@Z 000000018000172c f   ConEmuCheck.obj
 0001:0000091c       ?ExecuteFreeResult@@YAXAEAPEAUCESERVER_REQ@@@Z 000000018000191c f   ConEmuCheck.obj
 0001:0000093c       ?ExecuteGuiCmd@@YAPEAUCESERVER_REQ@@PEAUHWND__@@PEAU1@0H@Z 000000018000193c f   ConEmuCheck.obj
 0001:000009e8       ?ExecuteNewCmd@@YAPEAUCESERVER_REQ@@K_K@Z 00000001800019e8 f   ConEmuCheck.obj
 0001:00000a4c       ?ExecuteOpenPipe@@YAPEAXPEB_WAEAY0CAI@_W0KKHPEAXH@Z 0000000180001a4c f   ConEmuCheck.obj
 0001:00000bfc       ?ExecutePrepareCmd@@YAXPEAUCESERVER_REQ@@K_K@Z 0000000180001bfc f   ConEmuCheck.obj
 0001:00000c38       ?ExecutePrepareCmd@@YAXPEAUCESERVER_REQ_HDR@@K_K@Z 0000000180001c38 f   ConEmuCheck.obj
 0001:00000ca8       ?ModuleName@@YAPEB_WPEB_W@Z 0000000180001ca8 f   ConEmuCheck.obj
 0001:00000d48       ?StringCchCopyW@@YAJPEA_W_KPEB_W@Z 0000000180001d48 f i ConEmuCheck.obj
 0001:00000dc0       ProcessSynchroEventW       0000000180001dc0 f   ConEmuTh.obj
 0001:00000dc8       ?ExitFARW3@@YAXPEAX@Z      0000000180001dc8 f   ConEmuTh.obj
 0001:00000dc8       ExitFARW                   0000000180001dc8 f   ConEmuTh.obj
 0001:00000e00       ??_G?$MFileMapping@Utag_DetectedDialog@@@@QEAAPEAXI@Z 0000000180001e00 f i ConEmuTh.obj
 0001:00000fd8       ?CheckConEmu@@YAHH@Z       0000000180001fd8 f   ConEmuTh.obj
 0001:000010e0       ?CheckPanelSettings@@YAHH@Z 00000001800020e0 f   ConEmuTh.obj
 0001:00001118       ?CheckVarsInitialized@@YAXXZ 0000000180002118 f   ConEmuTh.obj
 0001:00001260       ?CheckWindows@@YA_NXZ      0000000180002260 f   ConEmuTh.obj
 0001:00001300       ?EntryPoint@@YAXH_J_N@Z    0000000180002300 f   ConEmuTh.obj
 0001:000014c4       ?ExecuteInMainThread@@YAXPEAUConEmuThSynchroArg@@@Z 00000001800024c4 f   ConEmuTh.obj
 0001:00001548       ?ExitPlugin@@YAXXZ         0000000180002548 f   ConEmuTh.obj
 0001:00001680       ?FreeItem@CePluginPanelItem@@QEAAXXZ 0000000180002680 f   ConEmuTh.obj
 0001:000016a0       ?FreeUserData@CePluginPanelItem@@QEAAXXZ 00000001800026a0 f   ConEmuTh.obj
 0001:000016f4       ?GetActivePanel@@YAPEAUCeFullPanelInfo@@XZ 00000001800026f4 f   ConEmuTh.obj
 0001:00001738       ?GetFarRect@@YAHPEAU_SMALL_RECT@@@Z 0000000180002738 f   ConEmuTh.obj
 0001:000017a8       ?GetFocusedThumbnails@@YAPEAUCeFullPanelInfo@@XZ 00000001800027a8 f   ConEmuTh.obj
 0001:00001804       ?GetMainThreadId@@YAKXZ    0000000180002804 f   ConEmuTh.obj
 0001:0000189c       ?GetMsgW@@YAPEB_WH@Z       000000018000289c f   ConEmuTh.obj
 0001:000018d8       ?GetPluginInfoWcmn@@YAXPEAX@Z 00000001800028d8 f   ConEmuTh.obj
 0001:000018fc       ?InitName@?$MFileMapping@Utag_DetectedDialog@@@@QEAAPEB_WPEB_WKK@Z 00000001800028fc f i ConEmuTh.obj
 0001:000018fc       ?InitName@?$MFileMapping@UPanelViewSetMapping@@@@QEAAPEB_WPEB_WKK@Z 00000001800028fc f i ConEmuTh.obj
 0001:00001994       ?InternalOpenCreate@?$MFileMapping@UPanelViewSetMapping@@@@IEAAPEAUPanelViewSetMapping@@HHH@Z 0000000180002994 f i ConEmuTh.obj
 0001:00001b40       ?InternalOpenCreate@?$MFileMapping@Utag_DetectedDialog@@@@IEAAPEAUtag_DetectedDialog@@HHH@Z 0000000180002b40 f i ConEmuTh.obj
 0001:00001cec       ?IsThumbnailsActive@@YAPEAUCeFullPanelInfo@@H@Z 0000000180002cec f   ConEmuTh.obj
 0001:00001ed8       ?LoadFarVersion@@YAHXZ     0000000180002ed8 f   ConEmuTh.obj
 0001:000021ec       ?LoadPanelItemInfo@@YAXPEAUCeFullPanelInfo@@_J@Z 00000001800031ec f   ConEmuTh.obj
 0001:00002224       ?LoadThSet@@YAHK@Z         0000000180003224 f   ConEmuTh.obj
 0001:00002440       ?OnPostPeekConsole@@YAHPEAXPEAU_INPUT_RECORD@@KPEAKPEAH@Z 0000000180003440 f   ConEmuTh.obj
 0001:00002480       ?OnPostReadConsole@@YAHPEAXPEAU_INPUT_RECORD@@KPEAKPEAH@Z 0000000180003480 f   ConEmuTh.obj
 0001:000024c4       ?OnPrePeekConsole@@YAHPEAXPEAU_INPUT_RECORD@@KPEAKPEAH@Z 00000001800034c4 f   ConEmuTh.obj
 0001:00002588       ?OnPreReadConsole@@YAHPEAXPEAU_INPUT_RECORD@@KPEAKPEAH@Z 0000000180003588 f   ConEmuTh.obj
 0001:000025a4       ?OnPreWriteConsoleOutput@@YAHPEAXPEBU_CHAR_INFO@@U_COORD@@2PEAU_SMALL_RECT@@@Z 00000001800035a4 f   ConEmuTh.obj
 0001:00002708       ?OnReadyForPanelsReload@@YAXXZ 0000000180003708 f   ConEmuTh.obj
 0001:00002870       ?OpenPluginWcmn@@YAPEAXH_J_N@Z 0000000180003870 f   ConEmuTh.obj
 0001:000028dc       ?OpenW@@YAPEAXPEBUOpenInfo@@@Z 00000001800038dc f   ConEmuTh.obj
 0001:0000290c       ?PostMacro@@YAXPEA_W@Z     000000018000390c f   ConEmuTh.obj
 0001:00002a84       ?ProcessConsoleInput@@YAHHPEAU_INPUT_RECORD@@KPEAK@Z 0000000180003a84 f   ConEmuTh.obj
 0001:00002d98       ?ProcessSynchroEventCommon@@YAHHPEAX@Z 0000000180003d98 f   ConEmuTh.obj
 0001:00002f04       ?ReloadPanelsInfo@@YAXXZ   0000000180003f04 f   ConEmuTh.obj
 0001:00003094       ?ReloadResourcesW@@YAXXZ   0000000180004094 f   ConEmuTh.obj
 0001:00003130       ?ResetUngetBuffer@@YAXXZ   0000000180004130 f   ConEmuTh.obj
 0001:00003140       ?SavePanelViewState@@YAXHK@Z 0000000180004140 f   ConEmuTh.obj
 0001:00003180       ?SettingsLoad@@YAHPEB_WPEAK@Z 0000000180004180 f   ConEmuTh.obj
 0001:000031b8       ?SettingsLoadOther@@YAXPEB_W@Z 00000001800041b8 f   ConEmuTh.obj
 0001:00003310       ?SettingsLoadReg@@YAHPEB_W0PEAK@Z 0000000180004310 f   ConEmuTh.obj
 0001:000033b0       ?SettingsSave@@YAXPEB_WPEAK@Z 00000001800043b0 f   ConEmuTh.obj
 0001:000033e8       ?SettingsSaveReg@@YAXPEB_W0PEAK@Z 00000001800043e8 f   ConEmuTh.obj
 0001:00003470       ?ShowLastError@@YAHXZ      0000000180004470 f   ConEmuTh.obj
 0001:000034e4       ?ShowMessage@@YAHHH@Z      00000001800044e4 f   ConEmuTh.obj
 0001:0000351c       ?ShowPluginMenu@@YAHXZ     000000018000451c f   ConEmuTh.obj
 0001:00003554       ?StartPlugin@@YAXH@Z       0000000180004554 f   ConEmuTh.obj
 0001:000036c0       ?StringCchCatW@@YAJPEA_W_KPEB_W@Z 00000001800046c0 f i ConEmuTh.obj
 0001:00003784       ?UpdateEnvVar@@YAXH@Z      0000000180004784 f   ConEmuTh.obj
 0001:000037b4       ?isPreloadByDefault@@YA_NXZ 00000001800047b4 f   ConEmuTh.obj
 0001:000037dc       DllMain                    00000001800047dc f   ConEmuTh.obj
 0001:000038a8       GetMinFarVersionW          00000001800048a8 f   ConEmuTh.obj
 0001:000038b0       SetStartupInfoW            00000001800048b0 f   ConEmuTh.obj
 0001:00003910       ?CheckFarPanelsW1900@@YA_NXZ 0000000180004910 f   ConEmuTh1900.obj
 0001:0000396c       ?CheckPanelSettingsW1900@@YAHH@Z 000000018000496c f   ConEmuTh1900.obj
 0001:00003a1c       ?Color2BgIndex@Far3Color@@SAXKHAEAGPEBK@Z 0000000180004a1c f i ConEmuTh1900.obj
 0001:00003b30       ?Color2FgIndex@Far3Color@@SAXKAEAGPEBK@Z 0000000180004b30 f i ConEmuTh1900.obj
 0001:00003c20       ?ExecuteInMainThreadW1900@@YAXPEAUConEmuThSynchroArg@@@Z 0000000180004c20 f   ConEmuTh1900.obj
 0001:00003c4c       ?ExitFARW1900@@YAXXZ       0000000180004c4c f   ConEmuTh1900.obj
 0001:00003c88       ?FarColor_3_2@@YAEAEBUFarColor@@@Z 0000000180004c88 f i ConEmuTh1900.obj
 0001:00003d34       ?GetFarRectW1900@@YAXPEAU_SMALL_RECT@@@Z 0000000180004d34 f   ConEmuTh1900.obj
 0001:00003dc8       ?GetMsgW1900@@YAPEB_WH@Z   0000000180004dc8 f   ConEmuTh1900.obj
 0001:00003df4       ?GetPluginInfoW1900@@YAXPEAX@Z 0000000180004df4 f   ConEmuTh1900.obj
 0001:00003f94       ?LoadPanelInfoW1900@@YAHH@Z 0000000180004f94 f   ConEmuTh1900.obj
 0001:000043f0       ?LoadPanelItemInfoW1900@@YAXPEAUCeFullPanelInfo@@_J@Z 00000001800053f0 f   ConEmuTh1900.obj
 0001:00004624       ?OpenW1900@@YAPEAXPEBX@Z   0000000180005624 f   ConEmuTh1900.obj
 0001:00004684       ?PostMacroW1900@@YAXPEA_W@Z 0000000180005684 f   ConEmuTh1900.obj
 0001:00004704       ?ReloadPanelsInfoW1900@@YAXXZ 0000000180005704 f   ConEmuTh1900.obj
 0001:00004728       ?SetCurrentPanelItemW1900@@YAXH_J0@Z 0000000180005728 f   ConEmuTh1900.obj
 0001:00004850       ?SetStartupInfoW1900@@YAXPEAX@Z 0000000180005850 f   ConEmuTh1900.obj
 0001:00004988       ?SettingsLoadW1900@@YAHPEB_WPEAK@Z 0000000180005988 f   ConEmuTh1900.obj
 0001:00004a54       ?SettingsSaveW1900@@YAXPEB_WPEAK@Z 0000000180005a54 f   ConEmuTh1900.obj
 0001:00004b2c       ?ShowMessageW1900@@YAHHH@Z 0000000180005b2c f   ConEmuTh1900.obj
 0001:00004b74       ?ShowMessageW1900@@YAHPEB_WH@Z 0000000180005b74 f   ConEmuTh1900.obj
 0001:00004be0       ?ShowPluginMenuW1900@@YAHXZ 0000000180005be0 f   ConEmuTh1900.obj
 0001:00004dd8       ?CheckFarPanelsW2800@@YA_NXZ 0000000180005dd8 f   ConEmuTh2800.obj
 0001:00004e4c       ?CheckPanelSettingsW2800@@YAHH@Z 0000000180005e4c f   ConEmuTh2800.obj
 0001:00004efc       ?ExecuteInMainThreadW2800@@YAXPEAUConEmuThSynchroArg@@@Z 0000000180005efc f   ConEmuTh2800.obj
 0001:00004f28       ?ExitFARW2800@@YAXXZ       0000000180005f28 f   ConEmuTh2800.obj
 0001:00004f64       ?FreePanelItemUserData2800@@YAXPEAX_KP6A_JXZ@Z 0000000180005f64 f   ConEmuTh2800.obj
 0001:00004f98       ?GetFarRectW2800@@YAXPEAU_SMALL_RECT@@@Z 0000000180005f98 f   ConEmuTh2800.obj
 0001:00005034       ?GetMsgW2800@@YAPEB_WH@Z   0000000180006034 f   ConEmuTh2800.obj
 0001:00005060       ?GetPluginInfoW2800@@YAXPEAX@Z 0000000180006060 f   ConEmuTh2800.obj
 0001:00005200       ?LoadPanelInfoW2800@@YAHH@Z 0000000180006200 f   ConEmuTh2800.obj
 0001:0000565c       ?LoadPanelItemInfoW2800@@YAXPEAUCeFullPanelInfo@@_J@Z 000000018000665c f   ConEmuTh2800.obj
 0001:000058c0       ?OpenW2800@@YAPEAXPEBX@Z   00000001800068c0 f   ConEmuTh2800.obj
 0001:00005980       ?PostMacroW2800@@YAXPEA_W@Z 0000000180006980 f   ConEmuTh2800.obj
 0001:00005a04       ?ProcessSynchroEventW3@@YA_JPEAX@Z 0000000180006a04 f   ConEmuTh2800.obj
 0001:00005a1c       ?ReloadPanelsInfoW2800@@YAXXZ 0000000180006a1c f   ConEmuTh2800.obj
 0001:00005a40       ?SetCurrentPanelItemW2800@@YAXH_J0@Z 0000000180006a40 f   ConEmuTh2800.obj
 0001:00005b6c       ?SetCurrentPanelItemW2800Int@@YAXH_J0@Z 0000000180006b6c f   ConEmuTh2800.obj
 0001:00005c94       ?SetStartupInfoW2800@@YAXPEAX@Z 0000000180006c94 f   ConEmuTh2800.obj
 0001:00005dcc       ?SettingsLoadW2800@@YAHPEB_WPEAK@Z 0000000180006dcc f   ConEmuTh2800.obj
 0001:00005ea0       ?SettingsSaveW2800@@YAXPEB_WPEAK@Z 0000000180006ea0 f   ConEmuTh2800.obj
 0001:00005f80       ?ShowMessageW2800@@YAHHH@Z 0000000180006f80 f   ConEmuTh2800.obj
 0001:00005fcc       ?ShowMessageW2800@@YAHPEB_WH@Z 0000000180006fcc f   ConEmuTh2800.obj
 0001:0000603c       ?ShowPluginMenuW2800@@YAHXZ 000000018000703c f   ConEmuTh2800.obj
 0001:00006248       GetGlobalInfoW             0000000180007248 f   ConEmuTh2800.obj
 0001:000062dc       ?CheckFarPanelsW995@@YA_NXZ 00000001800072dc f   ConEmuTh995.obj
 0001:00006338       ?CheckPanelSettingsW995@@YAHH@Z 0000000180007338 f   ConEmuTh995.obj
 0001:000063b4       ?ExecuteInMainThreadW995@@YAXPEAUConEmuThSynchroArg@@@Z 00000001800073b4 f   ConEmuTh995.obj
 0001:000063dc       ?ExitFARW995@@YAXXZ        00000001800073dc f   ConEmuTh995.obj
 0001:00006430       ?GetFarRectW995@@YAXPEAU_SMALL_RECT@@@Z 0000000180007430 f   ConEmuTh995.obj
 0001:00006470       ?GetMsgW995@@YAPEB_WH@Z    0000000180007470 f   ConEmuTh995.obj
 0001:00006498       ?GetPluginInfoW995@@YAXPEAX@Z 0000000180007498 f   ConEmuTh995.obj
 0001:0000656c       ?LoadPanelInfo995@@YAHH@Z  000000018000756c f   ConEmuTh995.obj
 0001:00006870       ?LoadPanelItemInfoW995@@YAXPEAUCeFullPanelInfo@@_J@Z 0000000180007870 f   ConEmuTh995.obj
 0001:000069fc       ?PostMacroW995@@YAXPEA_W@Z 00000001800079fc f   ConEmuTh995.obj
 0001:00006a60       ?ReloadPanelsInfoW995@@YAXXZ 0000000180007a60 f   ConEmuTh995.obj
 0001:00006a84       ?SetCurrentPanelItemW995@@YAXH_J0@Z 0000000180007a84 f   ConEmuTh995.obj
 0001:00006b90       ?SetStartupInfoW995@@YAXPEAX@Z 0000000180007b90 f   ConEmuTh995.obj
 0001:00006d30       ?SettingsLoadOtherW995@@YAXXZ 0000000180007d30 f   ConEmuTh995.obj
 0001:00006d3c       ?SettingsLoadW995@@YAHPEB_WPEAK@Z 0000000180007d3c f   ConEmuTh995.obj
 0001:00006d50       ?SettingsSaveW995@@YAXPEB_WPEAK@Z 0000000180007d50 f   ConEmuTh995.obj
 0001:00006d64       ?ShowMessageW995@@YAHHH@Z  0000000180007d64 f   ConEmuTh995.obj
 0001:00006da8       ?ShowMessageW995@@YAHPEB_WH@Z 0000000180007da8 f   ConEmuTh995.obj
 0001:00006de8       ?ShowPluginMenuW995@@YAHXZ 0000000180007de8 f   ConEmuTh995.obj
 0001:00006f78       OpenPluginW                0000000180007f78 f   ConEmuTh995.obj
 0001:00006f98       ?CheckFarPanelsA@@YA_NXZ   0000000180007f98 f   ConEmuThA.obj
 0001:00007000       ?CheckPanelSettingsA@@YAHH@Z 0000000180008000 f   ConEmuThA.obj
 0001:00007088       ?GetMsgA@@YAPEB_WHPEA_W@Z  0000000180008088 f   ConEmuThA.obj
 0001:00007184       ?LoadPanelInfoA@@YAHH@Z    0000000180008184 f   ConEmuThA.obj
 0001:00007540       ?PostMacroA@@YAXPEAD@Z     0000000180008540 f   ConEmuThA.obj
 0001:000075a0       ?ReloadPanelsInfoA@@YAXXZ  00000001800085a0 f   ConEmuThA.obj
 0001:000075c4       ?ReloadResourcesA@@YAXXZ   00000001800085c4 f   ConEmuThA.obj
 0001:00007680       ?SetCurrentPanelItemA@@YAXH_J0@Z 0000000180008680 f   ConEmuThA.obj
 0001:000077a0       ?SettingsLoadA@@YAHPEB_WPEAK@Z 00000001800087a0 f   ConEmuThA.obj
 0001:000077b4       ?SettingsLoadOtherA@@YAXXZ 00000001800087b4 f   ConEmuThA.obj
 0001:000077c0       ?SettingsSaveA@@YAXPEB_WPEAK@Z 00000001800087c0 f   ConEmuThA.obj
 0001:000077d4       ?ShowMessageA@@YAHHH@Z     00000001800087d4 f   ConEmuThA.obj
 0001:00007824       ?ShowMessageA@@YAHPEBDH@Z  0000000180008824 f   ConEmuThA.obj
 0001:00007868       ?ShowPluginMenuA@@YAHXZ    0000000180008868 f   ConEmuThA.obj
 0001:00007a40       ExitFAR                    0000000180008a40 f   ConEmuThA.obj
 0001:00007a9c       GetMinFarVersion           0000000180008a9c f   ConEmuThA.obj
 0001:00007ad4       GetPluginInfo              0000000180008ad4 f   ConEmuThA.obj
 0001:00007b54       OpenPlugin                 0000000180008b54 f   ConEmuThA.obj
 0001:00007b90       SetStartupInfo             0000000180008b90 f   ConEmuThA.obj
 0001:00007d58       ?BisItem2CeItem@CeFullPanelInfo@@QEAAH_JH_KKKHH@Z 0000000180008d58 f   Display.obj
 0001:00007df8       ?CalcTopPanelItem@CeFullPanelInfo@@QEAA_J_J0@Z 0000000180008df8 f   Display.obj
 0001:00007ecc       ?Close@CeFullPanelInfo@@QEAAXXZ 0000000180008ecc f   Display.obj
 0001:00007f10       ?CreateView@CeFullPanelInfo@@QEAAPEAUHWND__@@XZ 0000000180008f10 f   Display.obj
 0001:0000829c       ?DisplayReloadPanel@CeFullPanelInfo@@QEAAXXZ 000000018000929c f   Display.obj
 0001:000082d8       ?DisplayThread@CeFullPanelInfo@@SAKPEAX@Z 00000001800092d8 f   Display.obj
 0001:000083f8       ?DisplayWndProc@CeFullPanelInfo@@SA_JPEAUHWND__@@I_K_J@Z 00000001800093f8 f   Display.obj
 0001:00008940       ?DrawItemText@CeFullPanelInfo@@QEAAHPEAUHDC__@@PEAUtagRECT@@1PEAUCePluginPanelItem@@PEB_WPEAUHBRUSH__@@H@Z 0000000180009940 f   Display.obj
 0001:00008f4c       ?FarItem2CeItem@CeFullPanelInfo@@QEAAH_JPEB_W1KU_FILETIME@@_KHPEAX3P6A_JXZ3K@Z 0000000180009f4c f   Display.obj
 0001:000092ac       ?FinalRelease@CeFullPanelInfo@@QEAAXXZ 000000018000a2ac f   Display.obj
 0001:000093c0       ?GetConCoordFromIndex@CeFullPanelInfo@@QEAAH_JAEAU_COORD@@@Z 000000018000a3c0 f   Display.obj
 0001:00009470       ?GetIndexFromWndCoord@CeFullPanelInfo@@QEAAHHHAEA_J@Z 000000018000a470 f   Display.obj
 0001:00009508       ?GetItemColors@CeFullPanelInfo@@QEAAPEAUHBRUSH__@@_JPEAUCePluginPanelItem@@PEAUCePluginPanelItemColor@@HAEAK3@Z 000000018000a508 f   Display.obj
 0001:00009578       ?Invalidate@CeFullPanelInfo@@QEAAXXZ 000000018000a578 f   Display.obj
 0001:000095cc       ?InvalidateAll@CeFullPanelInfo@@SAXXZ 000000018000a5cc f   Display.obj
 0001:0000961c       ?LoadItemColors@CeFullPanelInfo@@QEAAX_JPEAUCePluginPanelItem@@PEAUCePluginPanelItemColor@@HH@Z 000000018000a61c f   Display.obj
 0001:00009898       ?OnSettingsChanged@CeFullPanelInfo@@QEAAHH@Z 000000018000a898 f   Display.obj
 0001:000099cc       ?Paint@CeFullPanelInfo@@QEAAXPEAUHWND__@@AEAUtagPAINTSTRUCT@@AEAUtagRECT@@@Z 000000018000a9cc f   Display.obj
 0001:0000a2d0       ?PaintItem@CeFullPanelInfo@@QEAAHPEAUHDC__@@_JHHPEAUCePluginPanelItem@@PEAUCePluginPanelItemColor@@HHPEAUHBRUSH__@@4K@Z 000000018000b2d0 f   Display.obj
 0001:0000a7d4       ?ReallocItems@CeFullPanelInfo@@QEAAH_J@Z 000000018000b7d4 f   Display.obj
 0001:0000a93c       ?RegisterPanelView@CeFullPanelInfo@@QEAAHXZ 000000018000b93c f   Display.obj
 0001:0000ac00       ?RequestSetPos@CeFullPanelInfo@@QEAAX_J0H@Z 000000018000bc00 f   Display.obj
 0001:0000ace4       ?UnregisterPanelView@CeFullPanelInfo@@QEAAH_N@Z 000000018000bce4 f   Display.obj
 0001:0000adfc       ?Init@HkFunc@@QEAA_NPEB_WPEAUHINSTANCE__@@@Z 000000018000bdfc f   HkFunc.obj
 0001:0000ae9c       ??$SafeDelete@UMSectionSimple@@@@YAXAEAPEAUMSectionSimple@@@Z 000000018000be9c f i ImgCache.obj
 0001:0000aed8       ??0?$CQueueProcessor@PEAUIMAGE_CACHE_INFO@@@@QEAA@XZ 000000018000bed8 f i ImgCache.obj
 0001:0000af4c       ??0CImgCache@@QEAA@PEAUHINSTANCE__@@@Z 000000018000bf4c f   ImgCache.obj
 0001:0000b088       ??1?$CQueueProcessor@PEAUIMAGE_CACHE_INFO@@@@UEAA@XZ 000000018000c088 f i ImgCache.obj
 0001:0000b13c       ??1CImgCache@@QEAA@XZ      000000018000c13c f   ImgCache.obj
 0001:0000b1f4       ??_E?$CQueueProcessor@PEAUIMAGE_CACHE_INFO@@@@UEAAPEAXI@Z 000000018000c1f4 f i ImgCache.obj
 0001:0000b1f4       ??_ECImgLoader@@UEAAPEAXI@Z 000000018000c1f4 f i ImgCache.obj
 0001:0000b1f4       ??_G?$CQueueProcessor@PEAUIMAGE_CACHE_INFO@@@@UEAAPEAXI@Z 000000018000c1f4 f i ImgCache.obj
 0001:0000b1f4       ??_GCImgLoader@@UEAAPEAXI@Z 000000018000c1f4 f i ImgCache.obj
 0001:0000b228       ?CheckDrawDibCreated@CImgCache@@IEAAHXZ 000000018000c228 f   ImgCache.obj
 0001:0000b37c       ?CheckLoadDibCreated@CImgCache@@IEAAHXZ 000000018000c37c f   ImgCache.obj
 0001:0000b4d0       ?CheckThread@?$CQueueProcessor@PEAUIMAGE_CACHE_INFO@@@@IEAAJXZ 000000018000c4d0 f i ImgCache.obj
 0001:0000b590       ?ClearQueue@?$CQueueProcessor@PEAUIMAGE_CACHE_INFO@@@@AEAAXXZ 000000018000c590 f i ImgCache.obj
 0001:0000b610       ?CopyBits@CImgCache@@IEAAXU_COORD@@PEAEK01@Z 000000018000c610 f   ImgCache.obj
 0001:0000b698       ?CopyItem@?$CQueueProcessor@PEAUIMAGE_CACHE_INFO@@@@MEAAXPEBQEAUIMAGE_CACHE_INFO@@PEAPEAU2@@Z 000000018000c698 f i ImgCache.obj
 0001:0000b6b8       ?FindInCache@CImgCache@@IEAAHPEAUCePluginPanelItem@@PEAHI@Z 000000018000c6b8 f   ImgCache.obj
 0001:0000b8c4       ?FindOrCreate@?$CQueueProcessor@PEAUIMAGE_CACHE_INFO@@@@AEAAPEAUProcessingItem@1@AEBQEAUIMAGE_CACHE_INFO@@_J_NW4ProcessingPriority@@@Z 000000018000c8c4 f i ImgCache.obj
 0001:0000bb0c       ?FreeModules@CImgCache@@IEAAXXZ 000000018000cb0c f   ImgCache.obj
 0001:0000bbd0       ?Init@CImgCache@@QEAAXK@Z  000000018000cbd0 f   ImgCache.obj
 0001:0000bc30       ?InitializeQueue@?$CQueueProcessor@PEAUIMAGE_CACHE_INFO@@@@AEAAXH@Z 000000018000cc30 f i ImgCache.obj
 0001:0000bcd4       ?IsEqual@?$CQueueProcessor@PEAUIMAGE_CACHE_INFO@@@@MEAA_NAEBQEAUIMAGE_CACHE_INFO@@_J01@Z 000000018000ccd4 f i ImgCache.obj
 0001:0000bcf4       ?IsEqual@CImgLoader@@UEAA_NAEAPEBUIMAGE_CACHE_INFO@@_JAEAPEAU2@1@Z 000000018000ccf4 f i ImgCache.obj
 0001:0000bd0c       ?IsStopRequested@?$CQueueProcessor@PEAUIMAGE_CACHE_INFO@@@@UEAA_NAEBQEAUIMAGE_CACHE_INFO@@@Z 000000018000cd0c f i ImgCache.obj
 0001:0000bd1c       ?IsTerminationRequested@?$CQueueProcessor@PEAUIMAGE_CACHE_INFO@@@@MEAA_NXZ 000000018000cd1c f i ImgCache.obj
 0001:0000bd1c       ?IsTerminationRequested@CImgLoader@@UEAA_NXZ 000000018000cd1c f i ImgCache.obj
 0001:0000bd20       ?LoadModules@CImgCache@@IEAAXXZ 000000018000cd20 f   ImgCache.obj
 0001:0000bfdc       ?LoadShellIcon@CImgCache@@QEAAHPEAUIMAGE_CACHE_INFO@@H@Z 000000018000cfdc f   ImgCache.obj
 0001:0000c2fc       ?LoadThumbnail@CImgCache@@QEAAHPEAUIMAGE_CACHE_INFO@@@Z 000000018000d2fc f   ImgCache.obj
 0001:0000c9f8       ?OnThreadStarted@?$CQueueProcessor@PEAUIMAGE_CACHE_INFO@@@@MEAAJXZ 000000018000d9f8 f i ImgCache.obj
 0001:0000c9fc       ?OnThreadStarted@CImgLoader@@UEAAJXZ 000000018000d9fc f i ImgCache.obj
 0001:0000ca10       ?OnThreadStopped@CImgLoader@@UEAAXXZ 000000018000da10 f i ImgCache.obj
 0001:0000ca18       ?PaintItem@CImgCache@@QEAAHPEAUHDC__@@HHHPEAUCePluginPanelItem@@PEAPEB_WPEAH@Z 000000018000da18 f   ImgCache.obj
 0001:0000cf28       ?ProcessItem@?$CQueueProcessor@PEAUIMAGE_CACHE_INFO@@@@IEAAJPEAUProcessingItem@1@@Z 000000018000df28 f i ImgCache.obj
 0001:0000cf54       ?ProcessItem@?$CQueueProcessor@PEAUIMAGE_CACHE_INFO@@@@MEAAJAEAPEAUIMAGE_CACHE_INFO@@_J@Z 000000018000df54 f i ImgCache.obj
 0001:0000cf5c       ?ProcessItem@CImgLoader@@UEAAJAEAPEAUIMAGE_CACHE_INFO@@_J@Z 000000018000df5c f i ImgCache.obj
 0001:0000cfb4       ?ProcessingStep@?$CQueueProcessor@PEAUIMAGE_CACHE_INFO@@@@IEAA_NXZ 000000018000dfb4 f i ImgCache.obj
 0001:0000d1bc       ?ProcessingThread@?$CQueueProcessor@PEAUIMAGE_CACHE_INFO@@@@KAKPEAX@Z 000000018000e1bc f i ImgCache.obj
 0001:0000d1ec       ?RequestItem@CImgCache@@QEAAHPEAUCePluginPanelItem@@I@Z 000000018000e1ec f   ImgCache.obj
 0001:0000d2ec       ?Reset@CImgCache@@QEAAXXZ  000000018000e2ec f   ImgCache.obj
 0001:0000d4c4       ?SetCacheLocation@CImgCache@@QEAAXPEB_W@Z 000000018000e4c4 f   ImgCache.obj
 0001:0000d53c       ??2@YAPEAX_K@Z             000000018000e53c f   Memory.obj
 0001:0000d53c       ?xf_malloc@@YAPEAX_K@Z     000000018000e53c f   Memory.obj
 0001:0000d53c       ??_U@YAPEAX_K@Z            000000018000e53c f   Memory.obj
 0001:0000d550       ??_V@YAXPEAX@Z             000000018000e550 f   Memory.obj
 0001:0000d550       ??3@YAXPEAX@Z              000000018000e550 f   Memory.obj
 0001:0000d558       ?HeapDeinitialize@@YAXXZ   000000018000e558 f   Memory.obj
 0001:0000d57c       ?HeapInitialize@@YA_NXZ    000000018000e57c f   Memory.obj
 0001:0000d5b4       ?xf_calloc@@YAPEAX_K0@Z    000000018000e5b4 f   Memory.obj
 0001:0000d5d0       ?xf_free@@YAXPEAX@Z        000000018000e5d0 f   Memory.obj
 0001:0000d5f8       ?xf_realloc@@YAPEAXPEAX_K@Z 000000018000e5f8 f   Memory.obj
 0001:0000d62c       ??1?$MToolHelp@UtagPROCESSENTRY32W@@$1?Process32FirstW@@YAHPEAXPEAU1@@Z$1?Process32NextW@@YAH01@Z@@UEAA@XZ 000000018000e62c f i MProcess.obj
 0001:0000d6c8       ??_G?$MToolHelp@UtagPROCESSENTRY32W@@$1?Process32FirstW@@YAHPEAXPEAU1@@Z$1?Process32NextW@@YAH01@Z@@UEAAPEAXI@Z 000000018000e6c8 f i MProcess.obj
 0001:0000d6c8       ??_GMToolHelpProcess@@UEAAPEAXI@Z 000000018000e6c8 f i MProcess.obj
 0001:0000d6c8       ??_E?$MToolHelp@UtagPROCESSENTRY32W@@$1?Process32FirstW@@YAHPEAXPEAU1@@Z$1?Process32NextW@@YAH01@Z@@UEAAPEAXI@Z 000000018000e6c8 f i MProcess.obj
 0001:0000d6c8       ??_EMToolHelpProcess@@UEAAPEAXI@Z 000000018000e6c8 f i MProcess.obj
 0001:0000d6fc       ?Find@?$MToolHelp@UtagPROCESSENTRY32W@@$1?Process32FirstW@@YAHPEAXPEAU1@@Z$1?Process32NextW@@YAH01@Z@@QEAA_NP6A_NPEAUtagPROCESSENTRY32W@@_J@Z10@Z 000000018000e6fc f i MProcess.obj
 0001:0000d7c8       ?Open@?$MToolHelp@UtagPROCESSENTRY32W@@$1?Process32FirstW@@YAHPEAXPEAU1@@Z$1?Process32NextW@@YAH01@Z@@QEAA_NXZ 000000018000e7c8 f i MProcess.obj
 0001:0000d85c       ?addsize@?$MArray@UtagPROCESSENTRY32W@@@@QEAAX_J@Z 000000018000e85c f i MProcess.obj
 0001:0000d8f4       ?getNext@?$MToolHelp@UtagPROCESSENTRY32W@@$1?Process32FirstW@@YAHPEAXPEAU1@@Z$1?Process32NextW@@YAH01@Z@@IEAA_NXZ 000000018000e8f4 f i MProcess.obj
 0001:0000d994       ?isTerminalMode@@YA_NXZ    000000018000e994 f   MProcess.obj
 0001:0000dafc       ?push_back@?$MArray@UtagPROCESSENTRY32W@@@@QEAA_JAEBUtagPROCESSENTRY32W@@@Z 000000018000eafc f i MProcess.obj
 0001:0000db70       ??0MSection@@QEAA@XZ       000000018000eb70 f   MSection.obj
 0001:0000dbf8       ??0MSectionLock@@QEAA@XZ   000000018000ebf8 f   MSection.obj
 0001:0000dc08       ??1MSection@@QEAA@XZ       000000018000ec08 f   MSection.obj
 0001:0000dc7c       ??1MSectionLock@@QEAA@XZ   000000018000ec7c f   MSection.obj
 0001:0000dca0       ?AddRef@MSection@@IEAAXK@Z 000000018000eca0 f   MSection.obj
 0001:0000dd34       ?Lock@MSection@@IEAAHHK@Z  000000018000ed34 f   MSection.obj
 0001:0000de34       ?Lock@MSectionLock@@QEAAHPEAVMSection@@HK@Z 000000018000ee34 f   MSection.obj
 0001:0000de88       ?MyEnterCriticalSection@MSection@@IEAA_NK@Z 000000018000ee88 f   MSection.obj
 0001:0000dfb8       ?ReleaseRef@MSection@@IEAAHK@Z 000000018000efb8 f   MSection.obj
 0001:0000e05c       ?Unlock@MSection@@IEAAXH@Z 000000018000f05c f   MSection.obj
 0001:0000e0b4       ?Unlock@MSectionLock@@QEAAXXZ 000000018000f0b4 f   MSection.obj
 0001:0000e0e0       ?WaitUnlocked@MSection@@IEAAXKK@Z 000000018000f0e0 f   MSection.obj
 0001:0000e174       ??0MSectionLockSimple@@QEAA@XZ 000000018000f174 f   MSectionSimple.obj
 0001:0000e180       ??0MSectionSimple@@QEAA@_N@Z 000000018000f180 f   MSectionSimple.obj
 0001:0000e1b8       ??1MSectionLockSimple@@QEAA@XZ 000000018000f1b8 f   MSectionSimple.obj
 0001:0000e1cc       ?Close@MSectionSimple@@QEAAXXZ 000000018000f1cc f   MSectionSimple.obj
 0001:0000e1cc       ??1MSectionSimple@@QEAA@XZ 000000018000f1cc f   MSectionSimple.obj
 0001:0000e1ec       ?Enter@MSectionSimple@@QEAAXXZ 000000018000f1ec f   MSectionSimple.obj
 0001:0000e1f4       ?Init@MSectionSimple@@QEAAXXZ 000000018000f1f4 f   MSectionSimple.obj
 0001:0000e214       ?Leave@MSectionSimple@@QEAAXXZ 000000018000f214 f   MSectionSimple.obj
 0001:0000e21c       ?Lock@MSectionLockSimple@@QEAAHPEAUMSectionSimple@@K@Z 000000018000f21c f   MSectionSimple.obj
 0001:0000e2b4       ?RecreateAndLock@MSectionSimple@@QEAA_NXZ 000000018000f2b4 f   MSectionSimple.obj
 0001:0000e324       ?TryEnter@MSectionSimple@@QEAA_NXZ 000000018000f324 f   MSectionSimple.obj
 0001:0000e34c       ?Unlock@MSectionLockSimple@@QEAAXXZ 000000018000f34c f   MSectionSimple.obj
 0001:0000e374       ??_GMNullDesc@@QEAAPEAXI@Z 000000018000f374 f i MSecurity.obj
 0001:0000e3ec       ?LoadAdvApi@MNullDesc@@IEAAHXZ 000000018000f3ec f i MSecurity.obj
 0001:0000e584       ?LocalSecurity@@YAPEAU_SECURITY_ATTRIBUTES@@XZ 000000018000f584 f   MSecurity.obj
 0001:0000e5e0       ?LocalSecurity@MNullDesc@@QEAAPEAU_SECURITY_ATTRIBUTES@@XZ 000000018000f5e0 f i MSecurity.obj
 0001:0000e74c       ?ShutdownSecurity@@YAXXZ   000000018000f74c f   MSecurity.obj
 0001:0000e774       ?lstrdup@@YAPEA_WPEB_W_K@Z 000000018000f774 f   MStrDup.obj
 0001:0000e7e8       ?lstrmerge@@YAPEA_WPEB_W00000000@Z 000000018000f7e8 f   MStrDup.obj
 0001:0000e8fc       ?msprintf@@YAPEB_WPEA_W_KPEB_WZZ 000000018000f8fc f   MStrSafe.obj
 0001:0000ed38       ??0CRgnDetect@@QEAA@XZ     000000018000fd38 f   RgnDetect.obj
 0001:0000edfc       ??1CRgnDetect@@QEAA@XZ     000000018000fdfc f   RgnDetect.obj
 0001:0000ee58       ?DetectDialog@CRgnDetect@@IEAA_NPEA_WPEAUtag_CharAttr@@HHHHPEAH2@Z 000000018000fe58 f   RgnDetect.obj
 0001:0000f208       ?ExpandDialogFrame@CRgnDetect@@IEAA_NPEA_WPEAUtag_CharAttr@@HHAEAH2HH22@Z 0000000180010208 f   RgnDetect.obj
 0001:0000f4c0       ?FindByBackground@CRgnDetect@@IEAA_NPEA_WPEAUtag_CharAttr@@HHAEAH222AEA_N@Z 00000001800104c0 f   RgnDetect.obj
 0001:0000f5ec       ?FindDialog_Any@CRgnDetect@@IEAA_NPEA_WPEAUtag_CharAttr@@HHAEAH222AEA_N@Z 00000001800105ec f   RgnDetect.obj
 0001:0000f898       ?FindDialog_Inner@CRgnDetect@@IEAA_NPEA_WPEAUtag_CharAttr@@HHAEAH2@Z 0000000180010898 f   RgnDetect.obj
 0001:0000fa10       ?FindDialog_Left@CRgnDetect@@IEAA_NPEA_WPEAUtag_CharAttr@@HHAEAH222AEA_N@Z 0000000180010a10 f   RgnDetect.obj
 0001:0000fc10       ?FindDialog_Right@CRgnDetect@@IEAA_NPEA_WPEAUtag_CharAttr@@HHAEAH222AEA_N@Z 0000000180010c10 f   RgnDetect.obj
 0001:0000fd78       ?FindDialog_TopLeft@CRgnDetect@@IEAA_NPEA_WPEAUtag_CharAttr@@HHAEAH222AEA_N@Z 0000000180010d78 f   RgnDetect.obj
 0001:0000fe84       ?FindDialog_TopRight@CRgnDetect@@IEAA_NPEA_WPEAUtag_CharAttr@@HHAEAH222AEA_N@Z 0000000180010e84 f   RgnDetect.obj
 0001:0000ff9c       ?FindFrameBottom_ByLeft@CRgnDetect@@IEAA_NPEA_WPEAUtag_CharAttr@@HHAEAH22@Z 0000000180010f9c f   RgnDetect.obj
 0001:00010044       ?FindFrameBottom_ByRight@CRgnDetect@@IEAA_NPEA_WPEAUtag_CharAttr@@HHAEAH22@Z 0000000180011044 f   RgnDetect.obj
 0001:00010110       ?FindFrameLeft_ByBottom@CRgnDetect@@IEAA_NPEA_WPEAUtag_CharAttr@@HHAEAH22@Z 0000000180011110 f   RgnDetect.obj
 0001:000101d8       ?FindFrameLeft_ByTop@CRgnDetect@@IEAA_NPEA_WPEAUtag_CharAttr@@HHAEAH22@Z 00000001800111d8 f   RgnDetect.obj
 0001:0001035c       ?FindFrameRight_ByBottom@CRgnDetect@@IEAA_NPEA_WPEAUtag_CharAttr@@HHAEAH22@Z 000000018001135c f   RgnDetect.obj
 0001:00010428       ?FindFrameRight_ByTop@CRgnDetect@@IEAA_NPEA_WPEAUtag_CharAttr@@HHAEAH22@Z 0000000180011428 f   RgnDetect.obj
 0001:00010568       ?FindFrameTop_ByLeft@CRgnDetect@@IEAA_NPEA_WPEAUtag_CharAttr@@HHAEAH22@Z 0000000180011568 f   RgnDetect.obj
 0001:00010610       ?FindFrameTop_ByRight@CRgnDetect@@IEAA_NPEA_WPEAUtag_CharAttr@@HHAEAH22@Z 0000000180011610 f   RgnDetect.obj
 0001:000106e0       ?FindFrame_TopLeft@CRgnDetect@@IEAA_NPEA_WPEAUtag_CharAttr@@HHAEAH222@Z 00000001800116e0 f   RgnDetect.obj
 0001:000107e4       ?GetCharAttr@CRgnDetect@@QEAAHHHAEA_WAEAUtag_CharAttr@@@Z 00000001800117e4 f   RgnDetect.obj
 0001:00010868       ?GetDetectedDialogsPtr@CRgnDetect@@QEBAPEBUtag_DetectedDialog@@XZ 0000000180011868 f   RgnDetect.obj
 0001:00010870       ?GetFlags@CRgnDetect@@QEBAKXZ 0000000180011870 f   RgnDetect.obj
 0001:00010878       ?InitializeSBI@CRgnDetect@@QEAAHPEBK@Z 0000000180011878 f   RgnDetect.obj
 0001:00010c60       ?MarkDialog@CRgnDetect@@IEAAHPEA_WPEAUtag_CharAttr@@HHHHHHI_NK@Z 0000000180011c60 f   RgnDetect.obj
 0001:00011548       ?OnWindowSizeChanged@CRgnDetect@@QEAAXXZ 0000000180012548 f   RgnDetect.obj
 0001:00011550       ?OnWriteConsoleOutput@CRgnDetect@@QEAAXPEBU_CHAR_INFO@@U_COORD@@1PEAU_SMALL_RECT@@PEBK@Z 0000000180012550 f   RgnDetect.obj
 0001:000117e8       ?PrepareTransparent@CRgnDetect@@QEAAXPEBUCEFAR_INFO_MAPPING@@PEBK@Z 00000001800127e8 f   RgnDetect.obj
 0001:000118bc       ?PrepareTransparent@CRgnDetect@@QEAAXPEBUCEFAR_INFO_MAPPING@@PEBKPEBU_CONSOLE_SCREEN_BUFFER_INFO@@PEA_WPEAUtag_CharAttr@@HH@Z 00000001800128bc f   RgnDetect.obj
 0001:00012090       ?SetFarRect@CRgnDetect@@QEAAXPEAU_SMALL_RECT@@@Z 0000000180013090 f   RgnDetect.obj
 0001:00012110       ?TextHeight@CRgnDetect@@QEAAHXZ 0000000180013110 f   RgnDetect.obj
 0001:0001213c       ?TextWidth@CRgnDetect@@QEAAHXZ 000000018001313c f   RgnDetect.obj
 0001:00012168       ?SearchAppPaths@@YA_NPEB_WAEAUCEStr@@_NPEAU1@@Z 0000000180013168 f   WFiles.obj
 0001:0001253c       ?ExpandEnvStr@@YAPEA_WPEB_W@Z 000000018001353c f   WObjects.obj
 0001:000125e4       ?FileExists@@YA_NPEB_WPEAK@Z 00000001800135e4 f   WObjects.obj
 0001:00012758       ?GetEnvVar@@YAPEA_WPEB_W@Z 0000000180013758 f   WObjects.obj
 0001:000127fc       ?IsWindows64@@YA_NXZ       00000001800137fc f   WObjects.obj
 0001:00012820       ?SetThreadName@@YAXKPEAD@Z 0000000180013820 f   WThreads.obj
 0001:00012858       ?apiCreateThread@@YAPEAXP6AKPEAX@Z0PEAKPEBDH@Z 0000000180013858 f   WThreads.obj
 0001:000129a8       ?apiTerminateThreadEx@@YAHPEAXKPEBDH@Z 00000001800139a8 f   WThreads.obj
 0001:00012ab4       ?apiThreadHelper@@YAKPEAX@Z 0000000180013ab4 f   WThreads.obj
 0001:00012c9c       ?apiShowWindow@@YA_NPEAUHWND__@@H@Z 0000000180013c9c f   WUser.obj
 0001:00012cb0       CreateToolhelp32Snapshot   0000000180013cb0 f   kernel32:KERNEL32.dll
 0001:00012cb6       Thread32First              0000000180013cb6 f   kernel32:KERNEL32.dll
 0001:00012cbc       Thread32Next               0000000180013cbc f   kernel32:KERNEL32.dll
 0001:00012cc2       Process32FirstW            0000000180013cc2 f   kernel32:KERNEL32.dll
 0001:00012cc8       Process32NextW             0000000180013cc8 f   kernel32:KERNEL32.dll
 0001:00012cce       GetFileVersionInfoSizeW    0000000180013cce f   version:VERSION.dll
 0001:00012cd4       GetFileVersionInfoW        0000000180013cd4 f   version:VERSION.dll
 0001:00012cda       VerQueryValueW             0000000180013cda f   version:VERSION.dll
 0001:00012ce0       ??3@YAXPEAX_K@Z            0000000180013ce0 f   LIBCMT:delete_scalar_size.obj
 0001:00013044       _DllMainCRTStartup         0000000180014044 f   LIBCMT:dll_dllmain.obj
 0001:00013084       __scrt_acquire_startup_lock 0000000180014084 f   LIBCMT:utility.obj
 0001:000130c0       __scrt_dllmain_after_initialize_c 00000001800140c0 f   LIBCMT:utility.obj
 0001:000130e0       __scrt_dllmain_before_initialize_c 00000001800140e0 f   LIBCMT:utility.obj
 0001:000130f8       __scrt_dllmain_crt_thread_attach 00000001800140f8 f   LIBCMT:utility.obj
 0001:00013120       __scrt_dllmain_crt_thread_detach 0000000180014120 f   LIBCMT:utility.obj
 0001:00013138       __scrt_dllmain_exception_filter 0000000180014138 f   LIBCMT:utility.obj
 0001:0001319c       __scrt_dllmain_uninitialize_c 000000018001419c f   LIBCMT:utility.obj
 0001:000131cc       __scrt_dllmain_uninitialize_critical 00000001800141cc f   LIBCMT:utility.obj
 0001:000131e0       __scrt_initialize_crt      00000001800141e0 f   LIBCMT:utility.obj
 0001:0001322c       __scrt_initialize_onexit_tables 000000018001422c f   LIBCMT:utility.obj
 0001:000132f8       __scrt_is_nonwritable_in_current_image 00000001800142f8 f   LIBCMT:utility.obj
 0001:00013394       __scrt_release_startup_lock 0000000180014394 f   LIBCMT:utility.obj
 0001:000133b8       __scrt_uninitialize_crt    00000001800143b8 f   LIBCMT:utility.obj
 0001:000133e4       _onexit                    00000001800143e4 f   LIBCMT:utility.obj
 0001:00013434       atexit                     0000000180014434 f   LIBCMT:utility.obj
 0001:0001344c       __security_init_cookie     000000018001444c f   LIBCMT:gs_support.obj
 0001:000134f8       ?__scrt_initialize_type_info@@YAXXZ 00000001800144f8 f   LIBCMT:tncleanup.obj
 0001:00013508       ?__scrt_uninitialize_type_info@@YAXXZ 0000000180014508 f   LIBCMT:tncleanup.obj
 0001:00013514       __local_stdio_printf_options 0000000180014514 f i LIBCMT:default_local_stdio_options.obj
 0001:0001351c       __local_stdio_scanf_options 000000018001451c f i LIBCMT:default_local_stdio_options.obj
 0001:00013524       __scrt_initialize_default_local_stdio_options 0000000180014524 f   LIBCMT:default_local_stdio_options.obj
 0001:00013540       __scrt_get_dyn_tls_init_callback 0000000180014540 f   LIBCMT:dyn_tls_init.obj
 0001:00013548       __crt_debugger_hook        0000000180014548 f   LIBCMT:utility_desktop.obj
 0001:00013550       __scrt_fastfail            0000000180014550 f   LIBCMT:utility_desktop.obj
 0001:00013698       _RTC_Initialize            0000000180014698 f   LIBCMT:_initsect_.obj
 0001:000136e4       _RTC_Terminate             00000001800146e4 f   LIBCMT:_initsect_.obj
 0001:00013730       _guard_check_icall         0000000180014730 f i LIBCMT:checkcfg.obj
 0001:00013738       __isa_available_init       0000000180014738 f   LIBCMT:_cpu_disp_.obj
 0001:000138fc       __scrt_is_ucrt_dll_in_use  00000001800148fc f   LIBCMT:ucrt_detection.obj
 0001:00013920       memcpy                     0000000180014920 f   libvcruntime:memcpy.obj
 0001:00013920       memmove                    0000000180014920 f   libvcruntime:memcpy.obj
 0001:00013d58       strrchr                    0000000180014d58 f   libvcruntime:strrchr.obj
 0001:00013e9c       wcschr                     0000000180014e9c f   libvcruntime:wcschr.obj
 0001:00013f28       wcsrchr                    0000000180014f28 f   libvcruntime:wcsrchr.obj
 0001:00013ff0       memset                     0000000180014ff0 f   libvcruntime:memset.obj
 0001:000141a0       memcmp                     00000001800151a0 f   libvcruntime:memcmp.obj
 0001:00014268       __C_specific_handler       0000000180015268 f   libvcruntime:_chandler_.obj
 0001:00014458       strchr                     0000000180015458 f   libvcruntime:strchr.obj
 0001:000144e8       __telemetry_main_invoke_trigger 00000001800154e8 f   libvcruntime:telemetry.obj
 0001:00014600       __telemetry_main_return_trigger 0000000180015600 f   libvcruntime:telemetry.obj
 0001:00014718       __vcrt_initialize_telemetry_provider 0000000180015718 f   libvcruntime:telemetry.obj
 0001:0001472c       __vcrt_uninitialize_telemetry_provider 000000018001572c f   libvcruntime:telemetry.obj
 0001:0001474c       __vcrt_initialize          000000018001574c f   libvcruntime:initialization.obj
 0001:00014784       __vcrt_thread_attach       0000000180015784 f   libvcruntime:initialization.obj
 0001:00014798       __vcrt_thread_detach       0000000180015798 f   libvcruntime:initialization.obj
 0001:000147ac       __vcrt_uninitialize        00000001800157ac f   libvcruntime:initialization.obj
 0001:000147d8       __vcrt_uninitialize_critical 00000001800157d8 f   libvcruntime:initialization.obj
 0001:000147e8       __std_type_info_destroy_list 00000001800157e8 f   libvcruntime:std_type_info.obj
 0001:00014830       _local_unwind              0000000180015830 f   libvcruntime:_jmpuwind_.obj
 0001:00014860       _NLG_Notify                0000000180015860 f   libvcruntime:_jmpuwind_.obj
 0001:00014880       __NLG_Dispatch2            0000000180015880 f   libvcruntime:_jmpuwind_.obj
 0001:00014890       __NLG_Return2              0000000180015890 f   libvcruntime:_jmpuwind_.obj
 0001:00014894       ?LoadPanelItemInfoA@@YAXPEAUCeFullPanelInfo@@_J@Z 0000000180015894 f   ConEmuThA.obj
 0001:00014894       __except_validate_context_record 0000000180015894 f   libvcruntime:jbcxrval.obj
 0001:00014894       ?SettingsLoadOtherW2800@@YAXXZ 0000000180015894 f   ConEmuTh2800.obj
 0001:00014894       ?OnThreadStopped@?$CQueueProcessor@PEAUIMAGE_CACHE_INFO@@@@MEAAXXZ 0000000180015894 f   ImgCache.obj
 0001:00014894       ?OnItemFailed@?$CQueueProcessor@PEAUIMAGE_CACHE_INFO@@@@MEAAXAEAPEAUIMAGE_CACHE_INFO@@_J@Z 0000000180015894 f   ImgCache.obj
 0001:00014894       ?OnItemReady@?$CQueueProcessor@PEAUIMAGE_CACHE_INFO@@@@MEAAXAEAPEAUIMAGE_CACHE_INFO@@_J@Z 0000000180015894 f   ImgCache.obj
 0001:00014894       ?ApplyChanges@?$CQueueProcessor@PEAUIMAGE_CACHE_INFO@@@@MEAAXAEAPEAUIMAGE_CACHE_INFO@@AEBQEAU2@@Z 0000000180015894 f   ImgCache.obj
 0001:00014894       ?FreeItem@?$CQueueProcessor@PEAUIMAGE_CACHE_INFO@@@@MEAAXAEBQEAUIMAGE_CACHE_INFO@@@Z 0000000180015894 f   ImgCache.obj
 0001:00014894       _guard_check_icall_nop     0000000180015894 f   LIBCMT:guard_support.obj
 0001:00014894       ?SettingsLoadOtherW1900@@YAXXZ 0000000180015894 f   ConEmuTh1900.obj
 0001:00014a60       __vcrt_EventRegister       0000000180015a60 f   libvcruntime:winapi_downlevel.obj
 0001:00014ae4       __vcrt_EventSetInformation 0000000180015ae4 f   libvcruntime:winapi_downlevel.obj
 0001:00014b68       __vcrt_EventUnregister     0000000180015b68 f   libvcruntime:winapi_downlevel.obj
 0001:00014bbc       __vcrt_EventWriteTransfer  0000000180015bbc f   libvcruntime:winapi_downlevel.obj
 0001:00014c54       __vcrt_FlsAlloc            0000000180015c54 f   libvcruntime:winapi_downlevel.obj
 0001:00014ca8       __vcrt_FlsFree             0000000180015ca8 f   libvcruntime:winapi_downlevel.obj
 0001:00014cfc       __vcrt_FlsGetValue         0000000180015cfc f   libvcruntime:winapi_downlevel.obj
 0001:00014d50       __vcrt_FlsSetValue         0000000180015d50 f   libvcruntime:winapi_downlevel.obj
 0001:00014db8       __vcrt_InitializeCriticalSectionEx 0000000180015db8 f   libvcruntime:winapi_downlevel.obj
 0001:00014e30       __vcrt_initialize_winapi_thunks 0000000180015e30 f   libvcruntime:winapi_downlevel.obj
 0001:00014e68       __vcrt_uninitialize_winapi_thunks 0000000180015e68 f   libvcruntime:winapi_downlevel.obj
 0001:00014ea8       __vcrt_freefls             0000000180015ea8 f   libvcruntime:per_thread_data.obj
 0001:00014ec8       __vcrt_freeptd             0000000180015ec8 f   libvcruntime:per_thread_data.obj
 0001:00014f18       __vcrt_getptd_noexit       0000000180015f18 f   libvcruntime:per_thread_data.obj
 0001:00014fc0       __vcrt_initialize_ptd      0000000180015fc0 f   libvcruntime:per_thread_data.obj
 0001:00015000       __vcrt_uninitialize_ptd    0000000180016000 f   libvcruntime:per_thread_data.obj
 0001:00015024       __vcrt_initialize_locks    0000000180016024 f   libvcruntime:locks.obj
 0001:0001506c       __vcrt_uninitialize_locks  000000018001606c f   libvcruntime:locks.obj
 0001:000150a4       __vcrt_initialize_pure_virtual_call_handler 00000001800160a4 f   libvcruntime:purevirt_data.obj
 0001:000150c8       wcspbrk                    00000001800160c8 f   libucrt:wcspbrk.obj
 0001:00015100       ??0_LocaleUpdate@@QEAA@QEAU__crt_locale_pointers@@@Z 0000000180016100 f i libucrt:strtox.obj
 0001:00015190       _initterm                  0000000180016190 f   libucrt:initterm.obj
 0001:00015208       _initterm_e                0000000180016208 f   libucrt:initterm.obj
 0001:00015254       _seh_filter_dll            0000000180016254 f   libucrt:exception_filter.obj
 0001:00015268       _seh_filter_exe            0000000180016268 f   libucrt:exception_filter.obj
 0001:00015628       __acrt_initialize_thread_local_exit_callback 0000000180016628 f   libucrt:exit.obj
 0001:00015630       _cexit                     0000000180016630 f   libucrt:exit.obj
 0001:00015640       _exit                      0000000180016640 f   libucrt:exit.obj
 0001:0001564c       _is_c_termination_complete 000000018001664c f   libucrt:exit.obj
 0001:00015838       __dcrt_uninitialize_environments_nolock 0000000180016838 f   libucrt:environment_initialization.obj
 0001:00015870       _initialize_narrow_environment 0000000180016870 f   libucrt:environment_initialization.obj
 0001:00015878       ??$?RV<lambda_b8c45f8f788dd370798f47cfe8ac3a86>@@AEAV<lambda_4e60a939b0d047cfe11ddc22648dfba9>@@V<lambda_332c3edc96d0294ec56c57d38c1cdfd5>@@@?$__crt_seh_guarded_call@H@@QEAAH$$QEAV<lambda_b8c45f8f788dd370798f47cfe8ac3a86>@@AEAV<lambda_4e60a939b0d047cfe11ddc22648dfba9>@@$$QEAV<lambda_332c3edc96d0294ec56c57d38c1cdfd5>@@@Z 0000000180016878 f i libucrt:onexit.obj
 0001:000158b4       ??$?RV<lambda_e24bbb7b643b32fcea6fa61b31d4c984>@@AEAV<lambda_275893d493268fdec8709772e3fcec0e>@@V<lambda_9d71df4d7cf3f480f8d633942495c3b0>@@@?$__crt_seh_guarded_call@H@@QEAAH$$QEAV<lambda_e24bbb7b643b32fcea6fa61b31d4c984>@@AEAV<lambda_275893d493268fdec8709772e3fcec0e>@@$$QEAV<lambda_9d71df4d7cf3f480f8d633942495c3b0>@@@Z 00000001800168b4 f i libucrt:onexit.obj
 0001:00015c30       _crt_atexit                0000000180016c30 f   libucrt:onexit.obj
 0001:00015c40       _execute_onexit_table      0000000180016c40 f   libucrt:onexit.obj
 0001:00015c7c       _initialize_onexit_table   0000000180016c7c f   libucrt:onexit.obj
 0001:00015cbc       _register_onexit_function  0000000180016cbc f   libucrt:onexit.obj
 0001:00015d4c       ?CheckHighPriority@CImgLoader@@UEAA_NAEAPEBUIMAGE_CACHE_INFO@@@Z 0000000180016d4c f   ImgCache.obj
 0001:00015d4c       __acrt_uninitialize_command_line 0000000180016d4c f   libucrt:argv_data.obj
 0001:00015d4c       ?CheckHighPriority@?$CQueueProcessor@PEAUIMAGE_CACHE_INFO@@@@MEAA_NAEBQEAUIMAGE_CACHE_INFO@@@Z 0000000180016d4c f   ImgCache.obj
 0001:00015d4c       ?Filter@?$MToolHelp@UtagPROCESSENTRY32W@@$1?Process32FirstW@@YAHPEAXPEAU1@@Z$1?Process32NextW@@YAH01@Z@@MEAA_NPEAUtagPROCESSENTRY32W@@@Z 0000000180016d4c f   MProcess.obj
 0001:00015e3c       __acrt_initialize          0000000180016e3c f   libucrt:initialization.obj
 0001:00015e50       __acrt_thread_attach       0000000180016e50 f   libucrt:initialization.obj
 0001:00015e64       __acrt_thread_detach       0000000180016e64 f   libucrt:initialization.obj
 0001:00015e74       __acrt_uninitialize        0000000180016e74 f   libucrt:initialization.obj
 0001:00015e88       __acrt_uninitialize_critical 0000000180016e88 f   libucrt:initialization.obj
 0001:00015e98       terminate                  0000000180016e98 f   libucrt:terminate.obj
 0001:00015ec0       _free_base                 0000000180016ec0 f   libucrt:free_base.obj
 0001:00015f00       _malloc_base               0000000180016f00 f   libucrt:malloc_base.obj
 0001:00015f60       strcpy_s                   0000000180016f60 f   libucrt:strcpy_s.obj
 0001:00015fc0       abort                      0000000180016fc0 f   libucrt:abort.obj
 0001:00016018       _calloc_base               0000000180017018 f   libucrt:calloc_base.obj
 0001:00016090       __acrt_call_reportfault    0000000180017090 f   libucrt:invalid_parameter.obj
 0001:000161ec       __acrt_initialize_invalid_parameter_handler 00000001800171ec f   libucrt:invalid_parameter.obj
 0001:000161f4       _invalid_parameter         00000001800171f4 f   libucrt:invalid_parameter.obj
 0001:0001629c       _invalid_parameter_noinfo  000000018001729c f   libucrt:invalid_parameter.obj
 0001:000162bc       _invoke_watson             00000001800172bc f   libucrt:invalid_parameter.obj
 0001:00016304       __acrt_errno_from_os_error 0000000180017304 f   libucrt:errno.obj
 0001:0001634c       __acrt_errno_map_os_error  000000018001734c f   libucrt:errno.obj
 0001:0001639c       __doserrno                 000000018001739c f   libucrt:errno.obj
 0001:000163bc       _errno                     00000001800173bc f   libucrt:errno.obj
 0001:000163dc       __pctype_func              00000001800173dc f   libucrt:ctype.obj
 0001:0001640c       ??$?RV<lambda_46352004c1216016012b18bd6f87e700>@@AEAV<lambda_3bd07e1a1191394380780325891bf33f>@@V<lambda_334532d3f185bcaa59b5be82d7d22bff>@@@?$__crt_seh_guarded_call@X@@QEAAX$$QEAV<lambda_46352004c1216016012b18bd6f87e700>@@AEAV<lambda_3bd07e1a1191394380780325891bf33f>@@$$QEAV<lambda_334532d3f185bcaa59b5be82d7d22bff>@@@Z 000000018001740c f i libucrt:per_thread_data.obj
 0001:0001646c       ??$?RV<lambda_5e887d1dcbef67a5eb4283622ba103bf>@@AEAV<lambda_4466841279450cc726390878d4a41900>@@V<lambda_341c25c0346d94847f1f3c463c57e077>@@@?$__crt_seh_guarded_call@X@@QEAAX$$QEAV<lambda_5e887d1dcbef67a5eb4283622ba103bf>@@AEAV<lambda_4466841279450cc726390878d4a41900>@@$$QEAV<lambda_341c25c0346d94847f1f3c463c57e077>@@@Z 000000018001746c f i libucrt:per_thread_data.obj
 0001:000164b4       ??$?RV<lambda_72d1df2b273a38828b1ce30cbf4cdab5>@@AEAV<lambda_876a65b173b8412d3a47c70a915b0cf4>@@V<lambda_41932305e351933ebe8f8be3ed8bb5dc>@@@?$__crt_seh_guarded_call@X@@QEAAX$$QEAV<lambda_72d1df2b273a38828b1ce30cbf4cdab5>@@AEAV<lambda_876a65b173b8412d3a47c70a915b0cf4>@@$$QEAV<lambda_41932305e351933ebe8f8be3ed8bb5dc>@@@Z 00000001800174b4 f i libucrt:per_thread_data.obj
 0001:000164f4       ??$?RV<lambda_fb3a7dec4e47f37f22dae91bb15c9095>@@AEAV<lambda_698284760c8add0bfb0756c19673e34b>@@V<lambda_dfb8eca1e75fef3034a8fb18dd509707>@@@?$__crt_seh_guarded_call@X@@QEAAX$$QEAV<lambda_fb3a7dec4e47f37f22dae91bb15c9095>@@AEAV<lambda_698284760c8add0bfb0756c19673e34b>@@$$QEAV<lambda_dfb8eca1e75fef3034a8fb18dd509707>@@@Z 00000001800174f4 f i libucrt:per_thread_data.obj
 0001:00016784       __acrt_freeptd             0000000180017784 f   libucrt:per_thread_data.obj
 0001:000167c8       __acrt_getptd              00000001800177c8 f   libucrt:per_thread_data.obj
 0001:0001685c       __acrt_getptd_noexit       000000018001785c f   libucrt:per_thread_data.obj
 0001:000168fc       __acrt_initialize_ptd      00000001800178fc f   libucrt:per_thread_data.obj
 0001:00016938       __acrt_uninitialize_ptd    0000000180017938 f   libucrt:per_thread_data.obj
 0001:0001695c       __acrt_update_locale_info  000000018001795c f   libucrt:locale_update.obj
 0001:00016990       __acrt_update_multibyte_info 0000000180017990 f   libucrt:locale_update.obj
 0001:000169c4       __acrt_set_locale_changed  00000001800179c4 f   libucrt:wsetlocale.obj
 0001:000169d0       __acrt_uninitialize_locale 00000001800179d0 f   libucrt:wsetlocale.obj
 0001:00016a18       __acrt_initialize_locks    0000000180017a18 f   libucrt:locks.obj
 0001:00016a60       __acrt_lock                0000000180017a60 f   libucrt:locks.obj
 0001:00016a7c       __acrt_uninitialize_locks  0000000180017a7c f   libucrt:locks.obj
 0001:00016ab4       __acrt_unlock              0000000180017ab4 f   libucrt:locks.obj
 0001:00016c70       __acrt_FlsAlloc            0000000180017c70 f   libucrt:winapi_thunks.obj
 0001:00016cc8       __acrt_FlsFree             0000000180017cc8 f   libucrt:winapi_thunks.obj
 0001:00016d20       __acrt_FlsGetValue         0000000180017d20 f   libucrt:winapi_thunks.obj
 0001:00016d78       __acrt_FlsSetValue         0000000180017d78 f   libucrt:winapi_thunks.obj
 0001:00016de0       __acrt_InitializeCriticalSectionEx 0000000180017de0 f   libucrt:winapi_thunks.obj
 0001:00016e58       __acrt_LCMapStringEx       0000000180017e58 f   libucrt:winapi_thunks.obj
 0001:00016f48       __acrt_LocaleNameToLCID    0000000180017f48 f   libucrt:winapi_thunks.obj
 0001:00016fb0       __acrt_initialize_winapi_thunks 0000000180017fb0 f   libucrt:winapi_thunks.obj
 0001:00016fe8       __acrt_is_packaged_app     0000000180017fe8 f   libucrt:winapi_thunks.obj
 0001:00017070       __acrt_uninitialize_winapi_thunks 0000000180018070 f   libucrt:winapi_thunks.obj
 0001:000170b4       ??$?RV<lambda_99476a1ad63dd22509b5d3e65b0ffc95>@@AEAV<lambda_ad1ced32f4ac17aa236e5ef05d6b3b7c>@@V<lambda_f7424dd8d45958661754dc4f2697e9c3>@@@?$__crt_seh_guarded_call@X@@QEAAX$$QEAV<lambda_99476a1ad63dd22509b5d3e65b0ffc95>@@AEAV<lambda_ad1ced32f4ac17aa236e5ef05d6b3b7c>@@$$QEAV<lambda_f7424dd8d45958661754dc4f2697e9c3>@@@Z 00000001800180b4 f i libucrt:mbctype.obj
 0001:000177b0       __acrt_initialize_multibyte 00000001800187b0 f   libucrt:mbctype.obj
 0001:000177d8       __acrt_update_thread_multibyte_data 00000001800187d8 f   libucrt:mbctype.obj
 0001:00017898       _setmbcp_nolock            0000000180018898 f   libucrt:mbctype.obj
 0001:00017b40       __dcrt_get_narrow_environment_from_os 0000000180018b40 f   libucrt:get_environment_from_os.obj
 0001:00017c44       _recalloc                  0000000180018c44 f   libucrt:recalloc.obj
 0001:00017c4c       _recalloc_base             0000000180018c4c f   libucrt:recalloc.obj
 0001:00017ce4       __acrt_initialize_heap     0000000180018ce4 f   libucrt:heap_handle.obj
 0001:00017d00       __acrt_uninitialize_heap   0000000180018d00 f   libucrt:heap_handle.obj
 0001:00017ef4       __acrt_initialize_lowio    0000000180018ef4 f   libucrt:ioinit.obj
 0001:00017f30       __acrt_uninitialize_lowio  0000000180018f30 f   libucrt:ioinit.obj
 0001:00017f70       __acrt_initialize_command_line 0000000180018f70 f   libucrt:argv_data.obj
 0001:00017f98       __acrt_execute_initializers 0000000180018f98 f   libucrt:shared_initialization.obj
 0001:0001802c       __acrt_execute_uninitializers 000000018001902c f   libucrt:shared_initialization.obj
 0001:0001807c       __acrt_initialize_new_handler 000000018001907c f   libucrt:new_handler.obj
 0001:00018084       _callnewh                  0000000180019084 f   libucrt:new_handler.obj
 0001:000180c4       _query_new_handler         00000001800190c4 f   libucrt:new_handler.obj
 0001:000180f8       ??$?RV<lambda_c36588078e9f5dfd39652860aa6b3aaf>@@AEAV<lambda_ec61778202f4f5fc7e7711acc23c3bca>@@V<lambda_dc9d2797ccde5d239b4a0efae8ebd7db>@@@?$__crt_seh_guarded_call@P6AXH@Z@@QEAAP6AXH@Z$$QEAV<lambda_c36588078e9f5dfd39652860aa6b3aaf>@@AEAV<lambda_ec61778202f4f5fc7e7711acc23c3bca>@@$$QEAV<lambda_dc9d2797ccde5d239b4a0efae8ebd7db>@@@Z 00000001800190f8 f i libucrt:signal.obj
 0001:00018140       __acrt_get_sigabrt_handler 0000000180019140 f   libucrt:signal.obj
 0001:00018170       __acrt_initialize_signal_handlers 0000000180019170 f   libucrt:signal.obj
 0001:00018190       raise                      0000000180019190 f   libucrt:signal.obj
 0001:0001842c       __acrt_has_user_matherr    000000018001942c f   libucrt:matherr.obj
 0001:0001844c       __acrt_initialize_user_matherr 000000018001944c f   libucrt:matherr.obj
 0001:00018454       __acrt_invoke_user_matherr 0000000180019454 f   libucrt:matherr.obj
 0001:0001849c       _query_new_mode            000000018001949c f   libucrt:new_mode.obj
 0001:000184a4       _mbtowc_l                  00000001800194a4 f   libucrt:mbtowc.obj
 0001:000185ec       mbtowc                     00000001800195ec f   libucrt:mbtowc.obj
 0001:000185f4       _fileno                    00000001800195f4 f   libucrt:fileno.obj
 0001:0001861c       __acrt_initialize_stdio    000000018001961c f   libucrt:_file.obj
 0001:0001873c       __acrt_uninitialize_stdio  000000018001973c f   libucrt:_file.obj
 0001:00018798       _lock_file                 0000000180019798 f   libucrt:_file.obj
 0001:000187a4       _unlock_file               00000001800197a4 f   libucrt:_file.obj
 0001:000187b0       _isleadbyte_l              00000001800197b0 f i libucrt:_wctype.obj
 0001:000187f0       __acrt_GetStringTypeA      00000001800197f0 f   libucrt:getstringtypea.obj
 0001:000189a4       __acrt_add_locale_ref      00000001800199a4 f   libucrt:locale_refcounting.obj
 0001:00018a30       __acrt_free_locale         0000000180019a30 f   libucrt:locale_refcounting.obj
 0001:00018ba8       __acrt_locale_add_lc_time_reference 0000000180019ba8 f   libucrt:locale_refcounting.obj
 0001:00018bd0       __acrt_locale_free_lc_time_if_unreferenced 0000000180019bd0 f   libucrt:locale_refcounting.obj
 0001:00018c08       __acrt_locale_release_lc_time_reference 0000000180019c08 f   libucrt:locale_refcounting.obj
 0001:00018c30       __acrt_release_locale_ref  0000000180019c30 f   libucrt:locale_refcounting.obj
 0001:00018cd8       __acrt_update_thread_locale_data 0000000180019cd8 f   libucrt:locale_refcounting.obj
 0001:00018d48       _updatetlocinfoEx_nolock   0000000180019d48 f   libucrt:locale_refcounting.obj
 0001:00018db0       __acrt_locale_free_monetary 0000000180019db0 f   libucrt:initmon.obj
 0001:00018ebc       __acrt_locale_free_numeric 0000000180019ebc f   libucrt:initnum.obj
 0001:00018f80       __acrt_locale_free_time    0000000180019f80 f   libucrt:inittime.obj
 0001:00019150       __acrt_DownlevelLocaleNameToLCID 000000018001a150 f   libucrt:lcidtoname_downlevel.obj
 0001:000194f8       __acrt_LCMapStringA        000000018001a4f8 f   libucrt:lcmapstringa.obj
 0001:00019590       _msize                     000000018001a590 f   libucrt:msize.obj
 0001:000195cc       _realloc_base              000000018001a5cc f   libucrt:realloc_base.obj
 0001:00019650       __acrt_lowio_create_handle_array 000000018001a650 f   libucrt:osfinfo.obj
 0001:000196e8       __acrt_lowio_destroy_handle_array 000000018001a6e8 f   libucrt:osfinfo.obj
 0001:00019738       __acrt_lowio_ensure_fh_exists 000000018001a738 f   libucrt:osfinfo.obj
 0001:000197f0       __acrt_lowio_lock_fh       000000018001a7f0 f   libucrt:osfinfo.obj
 0001:00019814       __acrt_lowio_unlock_fh     000000018001a814 f   libucrt:osfinfo.obj
 0001:00019838       _free_osfhnd               000000018001a838 f   libucrt:osfinfo.obj
 0001:000198f4       _get_osfhandle             000000018001a8f4 f   libucrt:osfinfo.obj
 0001:0001996c       _isatty                    000000018001a96c f   libucrt:isatty.obj
 0001:000199cc       __acrt_stdio_flush_nolock  000000018001a9cc f   libucrt:fflush.obj
 0001:00019a44       _fflush_nolock             000000018001aa44 f   libucrt:fflush.obj
 0001:00019a90       _flushall                  000000018001aa90 f   libucrt:fflush.obj
 0001:00019b80       _fcloseall                 000000018001ab80 f   libucrt:closeall.obj
 0001:00019c34       __acrt_stdio_free_buffer_nolock 000000018001ac34 f   libucrt:_freebuf.obj
 0001:00019c74       __strncnt                  000000018001ac74 f   libucrt:strncnt.obj
 0001:00019c8c       _query_app_type            000000018001ac8c f   libucrt:report_runtime_error.obj
 0001:00019c94       ??$?RV<lambda_b521505b218e5242e90febf6bfebc422>@@AEAV<lambda_6978c1fb23f02e42e1d9e99668cc68aa>@@V<lambda_314360699dd331753a4119843814e9a7>@@@?$__crt_seh_guarded_call@H@@QEAAH$$QEAV<lambda_b521505b218e5242e90febf6bfebc422>@@AEAV<lambda_6978c1fb23f02e42e1d9e99668cc68aa>@@$$QEAV<lambda_314360699dd331753a4119843814e9a7>@@@Z 000000018001ac94 f i libucrt:commit.obj
 0001:00019d20       _commit                    000000018001ad20 f   libucrt:commit.obj
 0001:0001a354       _write                     000000018001b354 f   libucrt:write.obj
 0001:0001a440       _write_nolock              000000018001b440 f   libucrt:write.obj
 0001:0001a730       log10                      000000018001b730 f   libucrt:log10.obj
 0001:0001ad78       _lseeki64_nolock           000000018001bd78 f   libucrt:lseek.obj
 0001:0001ad80       _fclose_nolock             000000018001bd80 f   libucrt:fclose.obj
 0001:0001ae04       fclose                     000000018001be04 f   libucrt:fclose.obj
 0001:0001ae70       _putwch_nolock             000000018001be70 f   libucrt:putwch.obj
 0001:0001aff0       _handle_error              000000018001bff0 f   libucrt:libm_error.obj
 0001:0001b120       __acrt_initialize_fma3     000000018001c120 f   libucrt:fma3_available.obj
 0001:0001b190       _log10_special             000000018001c190 f   libucrt:log_special.obj
 0001:0001b248       ??$?RV<lambda_bfedae4ebbf01fab1bb6dcc6a9e276e0>@@AEAV<lambda_2fe9b910cf3cbf4a0ab98a02ba45b3ec>@@V<lambda_237c231691f317818eb88cc1d5d642d6>@@@?$__crt_seh_guarded_call@H@@QEAAH$$QEAV<lambda_bfedae4ebbf01fab1bb6dcc6a9e276e0>@@AEAV<lambda_2fe9b910cf3cbf4a0ab98a02ba45b3ec>@@$$QEAV<lambda_237c231691f317818eb88cc1d5d642d6>@@@Z 000000018001c248 f i libucrt:close.obj
 0001:0001b2bc       _close                     000000018001c2bc f   libucrt:close.obj
 0001:0001b360       _close_nolock              000000018001c360 f   libucrt:close.obj
 0001:0001b41c       ?__acrt_stdio_free_stream@@YAXV__crt_stdio_stream@@@Z 000000018001c41c f   libucrt:stream.obj
 0001:0001b460       __dcrt_lowio_initialize_console_output 000000018001c460 f   libucrt:initcon.obj
 0001:0001b49c       __dcrt_terminate_console_output 000000018001c49c f   libucrt:initcon.obj
 0001:0001b4d0       _get_fpsr                  000000018001c4d0 f   libucrt:fpsr.obj
 0001:0001b4e0       _set_fpsr                  000000018001c4e0 f   libucrt:fpsr.obj
 0001:0001b4ea       _fclrf                     000000018001c4ea f   libucrt:fpsr.obj
 0001:0001b4fe       _frnd                      000000018001c4fe f   libucrt:fpsr.obj
 0001:0001b520       _raise_exc                 000000018001c520 f   libucrt:fpexcept.obj
 0001:0001b548       _raise_exc_ex              000000018001c548 f   libucrt:fpexcept.obj
 0001:0001b850       _set_errno_from_matherr    000000018001c850 f   libucrt:fpexcept.obj
 0001:0001b880       _clrfp                     000000018001c880 f   libucrt:fpctrl.obj
 0001:0001b8a0       _ctrlfp                    000000018001c8a0 f   libucrt:fpctrl.obj
 0001:0001b91c       _set_statfp                000000018001c91c f   libucrt:fpctrl.obj
 0001:0001b93c       _statfp                    000000018001c93c f   libucrt:fpctrl.obj
 0001:0001b94e       IsProcessorFeaturePresent  000000018001c94e f   kernel32:KERNEL32.dll
 0001:0001b954       RtlUnwindEx                000000018001c954 f   kernel32:KERNEL32.dll
 0001:0001b95a       SystemFunction036          000000018001c95a f   advapi32:ADVAPI32.dll
 0001:0001b960       _FindPESection             000000018001c960 f   LIBCMT:pesect.obj
 0001:0001b9b0       _IsNonwritableInCurrentImage 000000018001c9b0 f   LIBCMT:pesect.obj
 0001:0001ba00       _ValidateImageBase         000000018001ca00 f   LIBCMT:pesect.obj
 0001:0001ba30       __GSHandlerCheck           000000018001ca30 f   LIBCMT:_gshandler_.obj
 0001:0001ba50       __GSHandlerCheckCommon     000000018001ca50 f   LIBCMT:_gshandler_.obj
 0001:0001bac0       __security_check_cookie    000000018001cac0 f   LIBCMT:_amdsecgs_.obj
 0001:0001bae4       __raise_securityfailure    000000018001cae4 f   LIBCMT:gs_report.obj
 0001:0001bb18       __report_gsfailure         000000018001cb18 f   LIBCMT:gs_report.obj
 0001:0001bc70       _alloca_probe              000000018001cc70 f   LIBCMT:_chkstk_.obj
 0001:0001bc70       __chkstk                   000000018001cc70 f   LIBCMT:_chkstk_.obj
 0001:0001bce0       _guard_dispatch_icall_nop  000000018001cce0 f   LIBCMT:_guard_dispatch_.obj
 0002:00000000       __imp_SystemFunction036    000000018001d000     advapi32:ADVAPI32.dll
 0002:00000008       __imp_RegSetValueExW       000000018001d008     advapi32:ADVAPI32.dll
 0002:00000010       __imp_RegQueryValueExW     000000018001d010     advapi32:ADVAPI32.dll
 0002:00000018       __imp_RegOpenKeyExW        000000018001d018     advapi32:ADVAPI32.dll
 0002:00000020       __imp_RegCreateKeyExW      000000018001d020     advapi32:ADVAPI32.dll
 0002:00000028       __imp_RegCloseKey          000000018001d028     advapi32:ADVAPI32.dll
 0002:00000030       \177ADVAPI32_NULL_THUNK_DATA 000000018001d030     advapi32:ADVAPI32.dll
 0002:00000038       __imp_GetObjectW           000000018001d038     gdi32:GDI32.dll
 0002:00000040       __imp_CreateDIBSection     000000018001d040     gdi32:GDI32.dll
 0002:00000048       __imp_GdiAlphaBlend        000000018001d048     gdi32:GDI32.dll
 0002:00000050       __imp_SetStretchBltMode    000000018001d050     gdi32:GDI32.dll
 0002:00000058       __imp_StretchBlt           000000018001d058     gdi32:GDI32.dll
 0002:00000060       __imp_MoveToEx             000000018001d060     gdi32:GDI32.dll
 0002:00000068       __imp_SetTextColor         000000018001d068     gdi32:GDI32.dll
 0002:00000070       __imp_SetBkColor           000000018001d070     gdi32:GDI32.dll
 0002:00000078       __imp_SelectObject         000000018001d078     gdi32:GDI32.dll
 0002:00000080       __imp_Rectangle            000000018001d080     gdi32:GDI32.dll
 0002:00000088       __imp_LineTo               000000018001d088     gdi32:GDI32.dll
 0002:00000090       __imp_GetStockObject       000000018001d090     gdi32:GDI32.dll
 0002:00000098       __imp_DeleteObject         000000018001d098     gdi32:GDI32.dll
 0002:000000a0       __imp_DeleteDC             000000018001d0a0     gdi32:GDI32.dll
 0002:000000a8       __imp_CreateSolidBrush     000000018001d0a8     gdi32:GDI32.dll
 0002:000000b0       __imp_CreatePen            000000018001d0b0     gdi32:GDI32.dll
 0002:000000b8       __imp_CreateFontW          000000018001d0b8     gdi32:GDI32.dll
 0002:000000c0       __imp_CreateCompatibleDC   000000018001d0c0     gdi32:GDI32.dll
 0002:000000c8       __imp_CreateCompatibleBitmap 000000018001d0c8     gdi32:GDI32.dll
 0002:000000d0       __imp_BitBlt               000000018001d0d0     gdi32:GDI32.dll
 0002:000000d8       __imp_GdiFlush             000000018001d0d8     gdi32:GDI32.dll
 0002:000000e0       \177GDI32_NULL_THUNK_DATA  000000018001d0e0     gdi32:GDI32.dll
 0002:000000e8       __imp_CreateToolhelp32Snapshot 000000018001d0e8     kernel32:KERNEL32.dll
 0002:000000f0       __imp_Thread32First        000000018001d0f0     kernel32:KERNEL32.dll
 0002:000000f8       __imp_Thread32Next         000000018001d0f8     kernel32:KERNEL32.dll
 0002:00000100       __imp_lstrcpynA            000000018001d100     kernel32:KERNEL32.dll
 0002:00000108       __imp_lstrlenA             000000018001d108     kernel32:KERNEL32.dll
 0002:00000110       __imp_MultiByteToWideChar  000000018001d110     kernel32:KERNEL32.dll
 0002:00000118       __imp_SetEvent             000000018001d118     kernel32:KERNEL32.dll
 0002:00000120       __imp_CreateEventW         000000018001d120     kernel32:KERNEL32.dll
 0002:00000128       __imp_GetExitCodeThread    000000018001d128     kernel32:KERNEL32.dll
 0002:00000130       __imp_LocalAlloc           000000018001d130     kernel32:KERNEL32.dll
 0002:00000138       __imp_WaitForMultipleObjects 000000018001d138     kernel32:KERNEL32.dll
 0002:00000140       __imp_FileTimeToSystemTime 000000018001d140     kernel32:KERNEL32.dll
 0002:00000148       __imp_FindClose            000000018001d148     kernel32:KERNEL32.dll
 0002:00000150       __imp_FindFirstFileW       000000018001d150     kernel32:KERNEL32.dll
 0002:00000158       __imp_FindNextFileW        000000018001d158     kernel32:KERNEL32.dll
 0002:00000160       __imp_GetTempPathW         000000018001d160     kernel32:KERNEL32.dll
 0002:00000168       __imp_ResetEvent           000000018001d168     kernel32:KERNEL32.dll
 0002:00000170       __imp_FreeLibrary          000000018001d170     kernel32:KERNEL32.dll
 0002:00000178       __imp_LoadLibraryW         000000018001d178     kernel32:KERNEL32.dll
 0002:00000180       __imp_IsBadReadPtr         000000018001d180     kernel32:KERNEL32.dll
 0002:00000188       __imp_HeapCreate           000000018001d188     kernel32:KERNEL32.dll
 0002:00000190       __imp_HeapDestroy          000000018001d190     kernel32:KERNEL32.dll
 0002:00000198       __imp_HeapAlloc            000000018001d198     kernel32:KERNEL32.dll
 0002:000001a0       __imp_HeapReAlloc          000000018001d1a0     kernel32:KERNEL32.dll
 0002:000001a8       __imp_HeapFree             000000018001d1a8     kernel32:KERNEL32.dll
 0002:000001b0       __imp_Process32FirstW      000000018001d1b0     kernel32:KERNEL32.dll
 0002:000001b8       __imp_Process32NextW       000000018001d1b8     kernel32:KERNEL32.dll
 0002:000001c0       __imp_OpenThread           000000018001d1c0     kernel32:KERNEL32.dll
 0002:000001c8       __imp_InitializeCriticalSection 000000018001d1c8     kernel32:KERNEL32.dll
 0002:000001d0       __imp_EnterCriticalSection 000000018001d1d0     kernel32:KERNEL32.dll
 0002:000001d8       __imp_LeaveCriticalSection 000000018001d1d8     kernel32:KERNEL32.dll
 0002:000001e0       __imp_TryEnterCriticalSection 000000018001d1e0     kernel32:KERNEL32.dll
 0002:000001e8       __imp_DeleteCriticalSection 000000018001d1e8     kernel32:KERNEL32.dll
 0002:000001f0       __imp_VerSetConditionMask  000000018001d1f0     kernel32:KERNEL32.dll
 0002:000001f8       __imp_VerifyVersionInfoW   000000018001d1f8     kernel32:KERNEL32.dll
 0002:00000200       __imp_ReadConsoleOutputW   000000018001d200     kernel32:KERNEL32.dll
 0002:00000208       __imp_GetConsoleScreenBufferInfo 000000018001d208     kernel32:KERNEL32.dll
 0002:00000210       __imp_GetFileInformationByHandle 000000018001d210     kernel32:KERNEL32.dll
 0002:00000218       __imp_GetEnvironmentVariableW 000000018001d218     kernel32:KERNEL32.dll
 0002:00000220       __imp_ExpandEnvironmentStringsW 000000018001d220     kernel32:KERNEL32.dll
 0002:00000228       __imp_ReadConsoleInputW    000000018001d228     kernel32:KERNEL32.dll
 0002:00000230       __imp_CreateThread         000000018001d230     kernel32:KERNEL32.dll
 0002:00000238       __imp_TerminateThread      000000018001d238     kernel32:KERNEL32.dll
 0002:00000240       __imp_ResumeThread         000000018001d240     kernel32:KERNEL32.dll
 0002:00000248       __imp_GetCurrentProcess    000000018001d248     kernel32:KERNEL32.dll
 0002:00000250       __imp_WriteConsoleW        000000018001d250     kernel32:KERNEL32.dll
 0002:00000258       __imp_SetFilePointerEx     000000018001d258     kernel32:KERNEL32.dll
 0002:00000260       __imp_GetConsoleMode       000000018001d260     kernel32:KERNEL32.dll
 0002:00000268       __imp_GetConsoleCP         000000018001d268     kernel32:KERNEL32.dll
 0002:00000270       __imp_FlushFileBuffers     000000018001d270     kernel32:KERNEL32.dll
 0002:00000278       __imp_SetStdHandle         000000018001d278     kernel32:KERNEL32.dll
 0002:00000280       __imp_HeapSize             000000018001d280     kernel32:KERNEL32.dll
 0002:00000288       __imp_GetCommandLineW      000000018001d288     kernel32:KERNEL32.dll
 0002:00000290       __imp_GetCommandLineA      000000018001d290     kernel32:KERNEL32.dll
 0002:00000298       __imp_GetFileType          000000018001d298     kernel32:KERNEL32.dll
 0002:000002a0       __imp_GetProcessHeap       000000018001d2a0     kernel32:KERNEL32.dll
 0002:000002a8       __imp_FreeEnvironmentStringsW 000000018001d2a8     kernel32:KERNEL32.dll
 0002:000002b0       __imp_GetEnvironmentStringsW 000000018001d2b0     kernel32:KERNEL32.dll
 0002:000002b8       __imp_GetCPInfo            000000018001d2b8     kernel32:KERNEL32.dll
 0002:000002c0       __imp_GetOEMCP             000000018001d2c0     kernel32:KERNEL32.dll
 0002:000002c8       __imp_IsValidCodePage      000000018001d2c8     kernel32:KERNEL32.dll
 0002:000002d0       __imp_SetEnvironmentVariableW 000000018001d2d0     kernel32:KERNEL32.dll
 0002:000002d8       __imp_LCMapStringW         000000018001d2d8     kernel32:KERNEL32.dll
 0002:000002e0       __imp_GetACP               000000018001d2e0     kernel32:KERNEL32.dll
 0002:000002e8       __imp_GetStringTypeW       000000018001d2e8     kernel32:KERNEL32.dll
 0002:000002f0       __imp_GetModuleHandleExW   000000018001d2f0     kernel32:KERNEL32.dll
 0002:000002f8       __imp_TerminateProcess     000000018001d2f8     kernel32:KERNEL32.dll
 0002:00000300       __imp_ExitProcess          000000018001d300     kernel32:KERNEL32.dll
 0002:00000308       __imp_LoadLibraryExW       000000018001d308     kernel32:KERNEL32.dll
 0002:00000310       __imp_TlsFree              000000018001d310     kernel32:KERNEL32.dll
 0002:00000318       __imp_TlsSetValue          000000018001d318     kernel32:KERNEL32.dll
 0002:00000320       __imp_TlsGetValue          000000018001d320     kernel32:KERNEL32.dll
 0002:00000328       __imp_TlsAlloc             000000018001d328     kernel32:KERNEL32.dll
 0002:00000330       __imp_InitializeCriticalSectionAndSpinCount 000000018001d330     kernel32:KERNEL32.dll
 0002:00000338       __imp_InterlockedFlushSList 000000018001d338     kernel32:KERNEL32.dll
 0002:00000340       __imp_RtlUnwindEx          000000018001d340     kernel32:KERNEL32.dll
 0002:00000348       __imp_IsProcessorFeaturePresent 000000018001d348     kernel32:KERNEL32.dll
 0002:00000350       __imp_GetStartupInfoW      000000018001d350     kernel32:KERNEL32.dll
 0002:00000358       __imp_WriteConsoleInputW   000000018001d358     kernel32:KERNEL32.dll
 0002:00000360       __imp_WideCharToMultiByte  000000018001d360     kernel32:KERNEL32.dll
 0002:00000368       __imp_lstrcpyW             000000018001d368     kernel32:KERNEL32.dll
 0002:00000370       __imp_LocalFree            000000018001d370     kernel32:KERNEL32.dll
 0002:00000378       __imp_VirtualProtect       000000018001d378     kernel32:KERNEL32.dll
 0002:00000380       __imp_GetStdHandle         000000018001d380     kernel32:KERNEL32.dll
 0002:00000388       __imp_GetModuleFileNameW   000000018001d388     kernel32:KERNEL32.dll
 0002:00000390       __imp_UnmapViewOfFile      000000018001d390     kernel32:KERNEL32.dll
 0002:00000398       __imp_MapViewOfFile        000000018001d398     kernel32:KERNEL32.dll
 0002:000003a0       __imp_OpenFileMappingW     000000018001d3a0     kernel32:KERNEL32.dll
 0002:000003a8       __imp_CreateFileMappingW   000000018001d3a8     kernel32:KERNEL32.dll
 0002:000003b0       __imp_GetTickCount         000000018001d3b0     kernel32:KERNEL32.dll
 0002:000003b8       __imp_GetCurrentThreadId   000000018001d3b8     kernel32:KERNEL32.dll
 0002:000003c0       __imp_GetCurrentProcessId  000000018001d3c0     kernel32:KERNEL32.dll
 0002:000003c8       __imp_Sleep                000000018001d3c8     kernel32:KERNEL32.dll
 0002:000003d0       __imp_WaitForSingleObject  000000018001d3d0     kernel32:KERNEL32.dll
 0002:000003d8       __imp_WaitNamedPipeW       000000018001d3d8     kernel32:KERNEL32.dll
 0002:000003e0       __imp_TransactNamedPipe    000000018001d3e0     kernel32:KERNEL32.dll
 0002:000003e8       __imp_SetNamedPipeHandleState 000000018001d3e8     kernel32:KERNEL32.dll
 0002:000003f0       __imp_GetLastError         000000018001d3f0     kernel32:KERNEL32.dll
 0002:000003f8       __imp_SetLastError         000000018001d3f8     kernel32:KERNEL32.dll
 0002:00000400       __imp_CloseHandle          000000018001d400     kernel32:KERNEL32.dll
 0002:00000408       __imp_IsDebuggerPresent    000000018001d408     kernel32:KERNEL32.dll
 0002:00000410       __imp_WriteFile            000000018001d410     kernel32:KERNEL32.dll
 0002:00000418       __imp_ReadFile             000000018001d418     kernel32:KERNEL32.dll
 0002:00000420       __imp_CreateFileW          000000018001d420     kernel32:KERNEL32.dll
 0002:00000428       __imp_GetProcAddress       000000018001d428     kernel32:KERNEL32.dll
 0002:00000430       __imp_GetModuleHandleW     000000018001d430     kernel32:KERNEL32.dll
 0002:00000438       __imp_lstrlenW             000000018001d438     kernel32:KERNEL32.dll
 0002:00000440       __imp_lstrcpynW            000000018001d440     kernel32:KERNEL32.dll
 0002:00000448       __imp_lstrcmpiW            000000018001d448     kernel32:KERNEL32.dll
 0002:00000450       __imp_lstrcmpW             000000018001d450     kernel32:KERNEL32.dll
 0002:00000458       __imp_RaiseException       000000018001d458     kernel32:KERNEL32.dll
 0002:00000460       __imp_SetUnhandledExceptionFilter 000000018001d460     kernel32:KERNEL32.dll
 0002:00000468       __imp_UnhandledExceptionFilter 000000018001d468     kernel32:KERNEL32.dll
 0002:00000470       __imp_RtlVirtualUnwind     000000018001d470     kernel32:KERNEL32.dll
 0002:00000478       __imp_RtlLookupFunctionEntry 000000018001d478     kernel32:KERNEL32.dll
 0002:00000480       __imp_RtlCaptureContext    000000018001d480     kernel32:KERNEL32.dll
 0002:00000488       __imp_InitializeSListHead  000000018001d488     kernel32:KERNEL32.dll
 0002:00000490       __imp_GetSystemTimeAsFileTime 000000018001d490     kernel32:KERNEL32.dll
 0002:00000498       __imp_QueryPerformanceCounter 000000018001d498     kernel32:KERNEL32.dll
 0002:000004a0       \177KERNEL32_NULL_THUNK_DATA 000000018001d4a0     kernel32:KERNEL32.dll
 0002:000004a8       __imp_SHGetFileInfoW       000000018001d4a8     shell32:SHELL32.dll
 0002:000004b0       \177SHELL32_NULL_THUNK_DATA 000000018001d4b0     shell32:SHELL32.dll
 0002:000004b8       __imp_MapVirtualKeyW       000000018001d4b8     user32:USER32.dll
 0002:000004c0       __imp_IsWindow             000000018001d4c0     user32:USER32.dll
 0002:000004c8       __imp_MessageBoxW          000000018001d4c8     user32:USER32.dll
 0002:000004d0       __imp_GetWindowLongPtrW    000000018001d4d0     user32:USER32.dll
 0002:000004d8       __imp_DrawTextW            000000018001d4d8     user32:USER32.dll
 0002:000004e0       __imp_ShowWindow           000000018001d4e0     user32:USER32.dll
[...]
 0004:00001248       $pdata$?try_get_function@@YAPEAXW4function_id@?A0x63058377@@QEBDQEBW4module_id@2@2@Z 0000000180056248     libucrt:winapi_thunks.obj
 0004:00001254       $pdata$__acrt_FlsAlloc     0000000180056254     libucrt:winapi_thunks.obj
 0004:00001260       $pdata$__acrt_FlsFree      0000000180056260     libucrt:winapi_thunks.obj
 0004:0000126c       $pdata$__acrt_FlsGetValue  000000018005626c     libucrt:winapi_thunks.obj
 0004:00001278       $pdata$__acrt_FlsSetValue  0000000180056278     libucrt:winapi_thunks.obj
 0004:00001284       $pdata$__acrt_InitializeCriticalSectionEx 0000000180056284     libucrt:winapi_thunks.obj
 0004:00001290       $pdata$__acrt_LCMapStringEx 0000000180056290     libucrt:winapi_thunks.obj
 0004:0000129c       $pdata$__acrt_LocaleNameToLCID 000000018005629c     libucrt:winapi_thunks.obj
 0004:000012a8       $pdata$__acrt_initialize_winapi_thunks 00000001800562a8     libucrt:winapi_thunks.obj
 0004:000012b4       $pdata$__acrt_is_packaged_app 00000001800562b4     libucrt:winapi_thunks.obj
 0004:000012c0       $pdata$__acrt_uninitialize_winapi_thunks 00000001800562c0     libucrt:winapi_thunks.obj
 0004:000012cc       $pdata$??$?RV<lambda_99476a1ad63dd22509b5d3e65b0ffc95>@@AEAV<lambda_ad1ced32f4ac17aa236e5ef05d6b3b7c>@@V<lambda_f7424dd8d45958661754dc4f2697e9c3>@@@?$__crt_seh_guarded_call@X@@QEAAX$$QEAV<lambda_99476a1ad63dd22509b5d3e65b0ffc95>@@AEAV<lambda_ad1ced32f4ac17aa236e5ef05d6b3b7c>@@$$QEAV<lambda_f7424dd8d45958661754dc4f2697e9c3>@@@Z 00000001800562cc     libucrt:mbctype.obj
 0004:000012d8       $pdata$??R<lambda_ad1ced32f4ac17aa236e5ef05d6b3b7c>@@QEBAXXZ 00000001800562d8     libucrt:mbctype.obj
 0004:000012e4       $pdata$?getSystemCP@@YAHH@Z 00000001800562e4     libucrt:mbctype.obj
 0004:000012f0       $pdata$?setSBCS@@YAXPEAU__crt_multibyte_data@@@Z 00000001800562f0     libucrt:mbctype.obj
 0004:000012fc       $pdata$?setSBUpLow@@YAXPEAU__crt_multibyte_data@@@Z 00000001800562fc     libucrt:mbctype.obj
 0004:00001308       $pdata$?setmbcp_internal@@YAHH_N@Z 0000000180056308     libucrt:mbctype.obj
 0004:00001314       $pdata$__acrt_initialize_multibyte 0000000180056314     libucrt:mbctype.obj
 0004:00001320       $pdata$__acrt_update_thread_multibyte_data 0000000180056320     libucrt:mbctype.obj
 0004:0000132c       $pdata$_setmbcp_nolock     000000018005632c     libucrt:mbctype.obj
 0004:00001338       $pdata$__dcrt_get_narrow_environment_from_os 0000000180056338     libucrt:get_environment_from_os.obj
 0004:00001344       $pdata$_recalloc_base      0000000180056344     libucrt:recalloc.obj
 0004:00001350       $pdata$__acrt_initialize_heap 0000000180056350     libucrt:heap_handle.obj
 0004:0000135c       $pdata$?initialize_inherited_file_handles_nolock@@YAXXZ 000000018005635c     libucrt:ioinit.obj
 0004:00001368       $pdata$?initialize_stdio_handles_nolock@@YAXXZ 0000000180056368     libucrt:ioinit.obj
 0004:00001374       $pdata$__acrt_initialize_lowio 0000000180056374     libucrt:ioinit.obj
 0004:00001380       $pdata$__acrt_uninitialize_lowio 0000000180056380     libucrt:ioinit.obj
 0004:0000138c       $pdata$__acrt_initialize_command_line 000000018005638c     libucrt:argv_data.obj
 0004:00001398       $pdata$__acrt_execute_initializers 0000000180056398     libucrt:shared_initialization.obj
 0004:000013a4       $pdata$__acrt_execute_uninitializers 00000001800563a4     libucrt:shared_initialization.obj
 0004:000013b0       $pdata$_callnewh           00000001800563b0     libucrt:new_handler.obj
 0004:000013bc       $pdata$_query_new_handler  00000001800563bc     libucrt:new_handler.obj
 0004:000013c8       $pdata$??$?RV<lambda_c36588078e9f5dfd39652860aa6b3aaf>@@AEAV<lambda_ec61778202f4f5fc7e7711acc23c3bca>@@V<lambda_dc9d2797ccde5d239b4a0efae8ebd7db>@@@?$__crt_seh_guarded_call@P6AXH@Z@@QEAAP6AXH@Z$$QEAV<lambda_c36588078e9f5dfd39652860aa6b3aaf>@@AEAV<lambda_ec61778202f4f5fc7e7711acc23c3bca>@@$$QEAV<lambda_dc9d2797ccde5d239b4a0efae8ebd7db>@@@Z 00000001800563c8     libucrt:signal.obj
 0004:000013d4       $pdata$__acrt_get_sigabrt_handler 00000001800563d4     libucrt:signal.obj
 0004:000013e0       $pdata$raise               00000001800563e0     libucrt:signal.obj
 0004:000013ec       $pdata$__acrt_invoke_user_matherr 00000001800563ec     libucrt:matherr.obj
 0004:000013f8       $pdata$_mbtowc_l           00000001800563f8     libucrt:mbtowc.obj
 0004:00001404       $pdata$_fileno             0000000180056404     libucrt:fileno.obj
 0004:00001410       $pdata$__acrt_initialize_stdio 0000000180056410     libucrt:_file.obj
 0004:0000141c       $pdata$__acrt_uninitialize_stdio 000000018005641c     libucrt:_file.obj
 0004:00001428       $pdata$_isleadbyte_l       0000000180056428     libucrt:_wctype.obj
 0004:00001434       $pdata$__acrt_GetStringTypeA 0000000180056434     libucrt:getstringtypea.obj
 0004:00001440       $pdata$__acrt_free_locale  0000000180056440     libucrt:locale_refcounting.obj
 0004:0000144c       $pdata$__acrt_locale_free_lc_time_if_unreferenced 000000018005644c     libucrt:locale_refcounting.obj
 0004:00001458       $pdata$__acrt_release_locale_ref 0000000180056458     libucrt:locale_refcounting.obj
 0004:00001464       $pdata$__acrt_update_thread_locale_data 0000000180056464     libucrt:locale_refcounting.obj
 0004:00001470       $pdata$_updatetlocinfoEx_nolock 0000000180056470     libucrt:locale_refcounting.obj
 0004:0000147c       $pdata$__acrt_locale_free_monetary 000000018005647c     libucrt:initmon.obj
 0004:00001488       $pdata$__acrt_locale_free_numeric 0000000180056488     libucrt:initnum.obj
 0004:00001494       $pdata$?free_crt_array_internal@@YAXQEAPEBX_K@Z 0000000180056494     libucrt:inittime.obj
 0004:000014a0       $pdata$__acrt_locale_free_time 00000001800564a0     libucrt:inittime.obj
 0004:000014ac       $pdata$?GetTableIndexFromLocaleName@@YAHPEB_W@Z 00000001800564ac     libucrt:lcidtoname_downlevel.obj
 0004:000014b8       $pdata$__acrt_DownlevelLocaleNameToLCID 00000001800564b8     libucrt:lcidtoname_downlevel.obj
 0004:000014c4       $pdata$?initialize_multibyte@@YAHXZ 00000001800564c4     libucrt:multibyte_initializer.obj
 0004:000014d0       $pdata$?__acrt_LCMapStringA_stat@@YAHPEAU__crt_locale_pointers@@PEB_WKPEBDHPEADHHH@Z 00000001800564d0     libucrt:lcmapstringa.obj
 0004:000014dc       $pdata$__acrt_LCMapStringA 00000001800564dc     libucrt:lcmapstringa.obj
 0004:000014e8       $pdata$_msize              00000001800564e8     libucrt:msize.obj
 0004:000014f4       $pdata$_realloc_base       00000001800564f4     libucrt:realloc_base.obj
 0004:00001500       $pdata$__acrt_lowio_create_handle_array 0000000180056500     libucrt:osfinfo.obj
 0004:0000150c       $pdata$__acrt_lowio_destroy_handle_array 000000018005650c     libucrt:osfinfo.obj
 0004:00001518       $pdata$__acrt_lowio_ensure_fh_exists 0000000180056518     libucrt:osfinfo.obj
 0004:00001524       $pdata$_free_osfhnd        0000000180056524     libucrt:osfinfo.obj
 0004:00001530       $pdata$_get_osfhandle      0000000180056530     libucrt:osfinfo.obj
 0004:0000153c       $pdata$_isatty             000000018005653c     libucrt:isatty.obj
 0004:00001548       $pdata$__acrt_stdio_flush_nolock 0000000180056548     libucrt:fflush.obj
 0004:00001554       $pdata$_fflush_nolock      0000000180056554     libucrt:fflush.obj
 0004:00001560       $pdata$common_flush_all    0000000180056560     libucrt:fflush.obj
 0004:0000156c       $pdata$_fcloseall          000000018005656c     libucrt:closeall.obj
 0004:00001578       $pdata$__acrt_stdio_free_buffer_nolock 0000000180056578     libucrt:_freebuf.obj
 0004:00001584       $pdata$??$?RV<lambda_b521505b218e5242e90febf6bfebc422>@@AEAV<lambda_6978c1fb23f02e42e1d9e99668cc68aa>@@V<lambda_314360699dd331753a4119843814e9a7>@@@?$__crt_seh_guarded_call@H@@QEAAH$$QEAV<lambda_b521505b218e5242e90febf6bfebc422>@@AEAV<lambda_6978c1fb23f02e42e1d9e99668cc68aa>@@$$QEAV<lambda_314360699dd331753a4119843814e9a7>@@@Z 0000000180056584     libucrt:commit.obj
 0004:00001590       $pdata$_commit             0000000180056590     libucrt:commit.obj
 0004:0000159c       $pdata$?write_double_translated_ansi_nolock@@YA?AUwrite_result@?A0x9c548279@@HQEBDI@Z 000000018005659c     libucrt:write.obj
 0004:000015a8       $pdata$?write_text_ansi_nolock@@YA?AUwrite_result@?A0x9c548279@@HQEBDI@Z 00000001800565a8     libucrt:write.obj
 0004:000015b4       $pdata$?write_text_utf16le_nolock@@YA?AUwrite_result@?A0x9c548279@@HQEBDI@Z 00000001800565b4     libucrt:write.obj
 0004:000015c0       $pdata$?write_text_utf8_nolock@@YA?AUwrite_result@?A0x9c548279@@HQEBDI@Z 00000001800565c0     libucrt:write.obj
 0004:000015cc       $pdata$_write              00000001800565cc     libucrt:write.obj
 0004:000015d8       $pdata$_write_nolock       00000001800565d8     libucrt:write.obj
 0004:000015f0       $pdata$??$common_lseek_nolock@_J@@YA_JH_JH@Z 00000001800565f0     libucrt:lseek.obj
 0004:000015fc       $pdata$_fclose_nolock      00000001800565fc     libucrt:fclose.obj
 0004:00001608       $pdata$fclose              0000000180056608     libucrt:fclose.obj
 0004:00001614       $pdata$_putwch_nolock      0000000180056614     libucrt:putwch.obj
 0004:00001620       $pdata$_call_matherr       0000000180056620     libucrt:libm_error.obj
 0004:0000162c       $pdata$_exception_enabled  000000018005662c     libucrt:libm_error.obj
 0004:00001638       $pdata$_handle_error       0000000180056638     libucrt:libm_error.obj
 0004:00001644       $pdata$__acrt_initialize_fma3 0000000180056644     libucrt:fma3_available.obj
 0004:00001650       $pdata$_log10_special      0000000180056650     libucrt:log_special.obj
 0004:0000165c       $pdata$_log_special_common 000000018005665c     libucrt:log_special.obj
 0004:00001668       $pdata$??$?RV<lambda_bfedae4ebbf01fab1bb6dcc6a9e276e0>@@AEAV<lambda_2fe9b910cf3cbf4a0ab98a02ba45b3ec>@@V<lambda_237c231691f317818eb88cc1d5d642d6>@@@?$__crt_seh_guarded_call@H@@QEAAH$$QEAV<lambda_bfedae4ebbf01fab1bb6dcc6a9e276e0>@@AEAV<lambda_2fe9b910cf3cbf4a0ab98a02ba45b3ec>@@$$QEAV<lambda_237c231691f317818eb88cc1d5d642d6>@@@Z 0000000180056668     libucrt:close.obj
 0004:00001674       $pdata$_close              0000000180056674     libucrt:close.obj
 0004:00001680       $pdata$_close_nolock       0000000180056680     libucrt:close.obj
 0004:0000168c       $pdata$__dcrt_lowio_initialize_console_output 000000018005668c     libucrt:initcon.obj
 0004:00001698       $pdata$__dcrt_terminate_console_output 0000000180056698     libucrt:initcon.obj
 0004:000016b0       $pdata$_raise_exc          00000001800566b0     libucrt:fpexcept.obj
 0004:000016bc       $pdata$_raise_exc_ex       00000001800566bc     libucrt:fpexcept.obj
 0004:000016c8       $pdata$_set_errno_from_matherr 00000001800566c8     libucrt:fpexcept.obj
 0004:000016d4       $pdata$_clrfp              00000001800566d4     libucrt:fpctrl.obj
 0004:000016e0       $pdata$_ctrlfp             00000001800566e0     libucrt:fpctrl.obj
 0004:000016ec       $pdata$_set_statfp         00000001800566ec     libucrt:fpctrl.obj
 0004:000016f8       $pdata$_statfp             00000001800566f8     libucrt:fpctrl.obj
 0004:00001704       $pdata$_IsNonwritableInCurrentImage 0000000180056704     LIBCMT:pesect.obj
 0004:00001710       $pdata$__GSHandlerCheck    0000000180056710     LIBCMT:_gshandler_.obj
 0004:0000171c       $pdata$__GSHandlerCheckCommon 000000018005671c     LIBCMT:_gshandler_.obj
 0004:00001734       $pdata$__raise_securityfailure 0000000180056734     LIBCMT:gs_report.obj
 0004:00001740       $pdata$__report_gsfailure  0000000180056740     LIBCMT:gs_report.obj
 0004:0000174c       $pdata$capture_previous_context 000000018005674c     LIBCMT:gs_report.obj
 0004:00001770       $pdata$?fin$0@?0??dllmain_crt_process_attach@@YAHQEAUHINSTANCE__@@QEAX@Z@4HA 0000000180056770     LIBCMT:dll_dllmain.obj
 0004:0000177c       $pdata$?fin$0@?0??dllmain_crt_process_detach@@YAH_N@Z@4HA 000000018005677c     LIBCMT:dll_dllmain.obj
 0004:00001788       $pdata$?filt$0@?0??dllmain_dispatch@@YAHQEAUHINSTANCE__@@KQEAX@Z@4HA 0000000180056788     LIBCMT:dll_dllmain.obj
 0004:00001794       $pdata$__scrt_is_nonwritable_in_current_image$filt$0 0000000180056794     LIBCMT:utility.obj
 0004:000017a0       $pdata$?filt$0@?0??common_exit@@YAXHW4_crt_exit_cleanup_mode@@W4_crt_exit_return_mode@@@Z@4HA 00000001800567a0     libucrt:exit.obj
 0004:000017ac       $pdata$?fin$1@?0??common_exit@@YAXHW4_crt_exit_cleanup_mode@@W4_crt_exit_return_mode@@@Z@4HA 00000001800567ac     libucrt:exit.obj
 0004:000017b8       $pdata$?fin$0@?0???$?RV<lambda_e24bbb7b643b32fcea6fa61b31d4c984>@@AEAV<lambda_275893d493268fdec8709772e3fcec0e>@@V<lambda_9d71df4d7cf3f480f8d633942495c3b0>@@@?$__crt_seh_guarded_call@H@@QEAAH$$QEAV<lambda_e24bbb7b643b32fcea6fa61b31d4c984>@@AEAV<lambda_275893d493268fdec8709772e3fcec0e>@@$$QEAV<lambda_9d71df4d7cf3f480f8d633942495c3b0>@@@Z@4HA 00000001800567b8     libucrt:onexit.obj
 0004:000017c4       $pdata$?fin$0@?0???$?RV<lambda_72d1df2b273a38828b1ce30cbf4cdab5>@@AEAV<lambda_876a65b173b8412d3a47c70a915b0cf4>@@V<lambda_41932305e351933ebe8f8be3ed8bb5dc>@@@?$__crt_seh_guarded_call@X@@QEAAX$$QEAV<lambda_72d1df2b273a38828b1ce30cbf4cdab5>@@AEAV<lambda_876a65b173b8412d3a47c70a915b0cf4>@@$$QEAV<lambda_41932305e351933ebe8f8be3ed8bb5dc>@@@Z@4HA 00000001800567c4     libucrt:per_thread_data.obj
 0004:000017c4       $pdata$?fin$0@?0???$?RV<lambda_5e887d1dcbef67a5eb4283622ba103bf>@@AEAV<lambda_4466841279450cc726390878d4a41900>@@V<lambda_341c25c0346d94847f1f3c463c57e077>@@@?$__crt_seh_guarded_call@X@@QEAAX$$QEAV<lambda_5e887d1dcbef67a5eb4283622ba103bf>@@AEAV<lambda_4466841279450cc726390878d4a41900>@@$$QEAV<lambda_341c25c0346d94847f1f3c463c57e077>@@@Z@4HA 00000001800567c4     libucrt:per_thread_data.obj
 0004:000017c4       $pdata$?fin$0@?0???$?RV<lambda_46352004c1216016012b18bd6f87e700>@@AEAV<lambda_3bd07e1a1191394380780325891bf33f>@@V<lambda_334532d3f185bcaa59b5be82d7d22bff>@@@?$__crt_seh_guarded_call@X@@QEAAX$$QEAV<lambda_46352004c1216016012b18bd6f87e700>@@AEAV<lambda_3bd07e1a1191394380780325891bf33f>@@$$QEAV<lambda_334532d3f185bcaa59b5be82d7d22bff>@@@Z@4HA 00000001800567c4     libucrt:per_thread_data.obj
 0004:000017c4       $pdata$?fin$0@?0???$?RV<lambda_c36588078e9f5dfd39652860aa6b3aaf>@@AEAV<lambda_ec61778202f4f5fc7e7711acc23c3bca>@@V<lambda_dc9d2797ccde5d239b4a0efae8ebd7db>@@@?$__crt_seh_guarded_call@P6AXH@Z@@QEAAP6AXH@Z$$QEAV<lambda_c36588078e9f5dfd39652860aa6b3aaf>@@AEAV<lambda_ec61778202f4f5fc7e7711acc23c3bca>@@$$QEAV<lambda_dc9d2797ccde5d239b4a0efae8ebd7db>@@@Z@4HA 00000001800567c4     libucrt:signal.obj
 0004:000017c4       $pdata$?fin$0@?0???$?RV<lambda_99476a1ad63dd22509b5d3e65b0ffc95>@@AEAV<lambda_ad1ced32f4ac17aa236e5ef05d6b3b7c>@@V<lambda_f7424dd8d45958661754dc4f2697e9c3>@@@?$__crt_seh_guarded_call@X@@QEAAX$$QEAV<lambda_99476a1ad63dd22509b5d3e65b0ffc95>@@AEAV<lambda_ad1ced32f4ac17aa236e5ef05d6b3b7c>@@$$QEAV<lambda_f7424dd8d45958661754dc4f2697e9c3>@@@Z@4HA 00000001800567c4     libucrt:mbctype.obj
 0004:000017c4       $pdata$?fin$0@?0???$?RV<lambda_fb3a7dec4e47f37f22dae91bb15c9095>@@AEAV<lambda_698284760c8add0bfb0756c19673e34b>@@V<lambda_dfb8eca1e75fef3034a8fb18dd509707>@@@?$__crt_seh_guarded_call@X@@QEAAX$$QEAV<lambda_fb3a7dec4e47f37f22dae91bb15c9095>@@AEAV<lambda_698284760c8add0bfb0756c19673e34b>@@$$QEAV<lambda_dfb8eca1e75fef3034a8fb18dd509707>@@@Z@4HA 00000001800567c4     libucrt:per_thread_data.obj
 0004:000017c4       $pdata$?fin$0@?0???$?RV<lambda_b8c45f8f788dd370798f47cfe8ac3a86>@@AEAV<lambda_4e60a939b0d047cfe11ddc22648dfba9>@@V<lambda_332c3edc96d0294ec56c57d38c1cdfd5>@@@?$__crt_seh_guarded_call@H@@QEAAH$$QEAV<lambda_b8c45f8f788dd370798f47cfe8ac3a86>@@AEAV<lambda_4e60a939b0d047cfe11ddc22648dfba9>@@$$QEAV<lambda_332c3edc96d0294ec56c57d38c1cdfd5>@@@Z@4HA 00000001800567c4     libucrt:onexit.obj
 0004:000017d0       $pdata$__acrt_update_thread_locale_data$fin$0 00000001800567d0     libucrt:locale_refcounting.obj
 0004:000017d0       $pdata$__acrt_uninitialize_locale$fin$0 00000001800567d0     libucrt:wsetlocale.obj
 0004:000017dc       $pdata$__acrt_update_thread_multibyte_data$fin$0 00000001800567dc     libucrt:mbctype.obj
 0004:000017e8       $pdata$_query_new_handler$fin$0 00000001800567e8     libucrt:new_handler.obj
 0004:000017f4       $pdata$raise$fin$0         00000001800567f4     libucrt:signal.obj
 0004:00001800       $pdata$__acrt_lowio_ensure_fh_exists$fin$0 0000000180056800     libucrt:osfinfo.obj
 0004:00001800       $pdata$__acrt_initialize_lowio$fin$0 0000000180056800     libucrt:ioinit.obj
 0004:0000180c       $pdata$common_flush_all$fin$0 000000018005680c     libucrt:fflush.obj
 0004:00001818       $pdata$common_flush_all$fin$1 0000000180056818     libucrt:fflush.obj
 0004:00001824       $pdata$_fcloseall$fin$0    0000000180056824     libucrt:closeall.obj
 0004:00001830       $pdata$?fin$0@?0???$?RV<lambda_b521505b218e5242e90febf6bfebc422>@@AEAV<lambda_6978c1fb23f02e42e1d9e99668cc68aa>@@V<lambda_314360699dd331753a4119843814e9a7>@@@?$__crt_seh_guarded_call@H@@QEAAH$$QEAV<lambda_b521505b218e5242e90febf6bfebc422>@@AEAV<lambda_6978c1fb23f02e42e1d9e99668cc68aa>@@$$QEAV<lambda_314360699dd331753a4119843814e9a7>@@@Z@4HA 0000000180056830     libucrt:commit.obj
 0004:00001830       $pdata$?fin$0@?0???$?RV<lambda_bfedae4ebbf01fab1bb6dcc6a9e276e0>@@AEAV<lambda_2fe9b910cf3cbf4a0ab98a02ba45b3ec>@@V<lambda_237c231691f317818eb88cc1d5d642d6>@@@?$__crt_seh_guarded_call@H@@QEAAH$$QEAV<lambda_bfedae4ebbf01fab1bb6dcc6a9e276e0>@@AEAV<lambda_2fe9b910cf3cbf4a0ab98a02ba45b3ec>@@$$QEAV<lambda_237c231691f317818eb88cc1d5d642d6>@@@Z@4HA 0000000180056830     libucrt:close.obj
 0004:0000183c       $pdata$_write$fin$0        000000018005683c     libucrt:write.obj
 0004:00001848       $pdata$fclose$fin$0        0000000180056848     libucrt:fclose.obj
 0004:00001854       $pdata$_ctrlfp$filt$0      0000000180056854     libucrt:fpctrl.obj
 0004:00001860       $pdata$_IsNonwritableInCurrentImage$filt$0 0000000180056860     LIBCMT:pesect.obj
 0005:00000000       __guard_fids__             0000000180057000     libucrt:initialization.obj
 0005:00000060       __guard_fids___acrt_initialize_ptd 0000000180057060     libucrt:per_thread_data.obj
 0005:00000064       __guard_fids__             0000000180057064     libucrt:locale_initializer.obj
 0005:00000068       __guard_fids__             0000000180057068     libucrt:multibyte_initializer.obj
 0005:0000006c       __guard_fids__             000000018005706c     libucrt:stdio_initializer.obj
 0005:00000070       __guard_fids__             0000000180057070     libucrt:stdio_initializer.obj
 0005:00000074       __guard_fids__             0000000180057074     libucrt:fma3_initializer.obj
 0005:00000078       __guard_fids__             0000000180057078     libucrt:console_output_initializer.obj
 0005:0000007c       __guard_fids_?dllmain_crt_process_attach@@YAHQEAUHINSTANCE__@@QEAX@Z 000000018005707c     LIBCMT:dll_dllmain.obj
 0005:00000084       __guard_fids_?dllmain_dispatch@@YAHQEAUHINSTANCE__@@KQEAX@Z 0000000180057084     LIBCMT:dll_dllmain.obj
 0005:00000088       __guard_fids__             0000000180057088     LIBCMT:guard_support.obj
 0005:0000008c       __guard_fids__             000000018005708c     libvcruntime:telemetry.obj
 0005:00000090       __guard_fids_?TraceLoggingRegister@__vcrt_trace_logging_provider@@YAJPEBU_TlgProvider_t@1@PEBU_GUID@@P6AX1KE_K2PEAU_EVENT_FILTER_DESCRIPTOR@@PEAX@Z4@Z 0000000180057090     libvcruntime:telemetry.obj
 0005:00000094       __guard_fids___vcrt_initialize_ptd 0000000180057094     libvcruntime:per_thread_data.obj
 0006:000000f0       $R000000                   00000001800580f0     ConEmuTh.res
 0006:000003d8       $R0002E8                   00000001800583d8     ConEmuTh.res
 0006:00001480       $R001390                   0000000180059480     ConEmuTh.res
