 EMenu

 Timestamp is 56219f4c (Sat Oct 17 04:07:24 2015)

 Preferred load address is 10000000

 Start         Length     Name                   Class
 0001:00000000 000001a8H .idata$5                CODE
 0001:000001a8 00000004H .CRT$XCA                CODE
 0001:000001ac 00000004H .CRT$XCZ                CODE
 0001:000001b0 00000004H .CRT$XIA                CODE
 0001:000001b4 0000000cH .CRT$XIC                CODE
 0001:000001c0 00000004H .CRT$XIZ                CODE
 0001:000001c4 00000004H .CRT$XPA                CODE
 0001:000001c8 00000004H .CRT$XPZ                CODE
 0001:000001cc 00000004H .CRT$XTA                CODE
 0001:000001d0 00000004H .CRT$XTZ                CODE
 0001:000001e0 00002410H .rdata                  CODE
 0001:000025f0 000000dcH .rdata$r                CODE
 0001:000026d0 00000010H .rdata$sxdata           CODE
 0001:000026e0 00000004H .rtc$IAA                CODE
 0001:000026e4 00000004H .rtc$IZZ                CODE
 0001:000026e8 00000004H .rtc$TAA                CODE
 0001:000026ec 00000004H .rtc$TZZ                CODE
 0001:000026f0 0000ae98H .text                   CODE
 0001:0000d588 00000014H .text$yd                CODE
 0001:0000d5a0 0000024cH .xdata$x                CODE
 0001:0000d7ec 00000050H .idata$2                CODE
 0001:0000d83c 00000014H .idata$3                CODE
 0001:0000d850 000001a8H .idata$4                CODE
 0001:0000d9f8 0000075aH .idata$6                CODE
 0001:0000e160 000000b6H .edata                  CODE
 0002:00000000 00000bb0H .data                   DATA
 0002:00000bc0 000016e4H .bss                    DATA
 0003:00000000 000000a0H .rsrc$01                DATA
 0003:000000a0 000003a0H .rsrc$02                DATA

  Address         Publics by Value              Rva+Base       Lib:Object

 0000:00000000       __except_list              00000000     <absolute>
 0000:00000004       ___safe_se_handler_count   00000004     <absolute>
 0000:00000000       ___ImageBase               10000000     <linker-defined>
 0001:00000000       __imp__lstrcpynW@12        10001000     kernel32:KERNEL32.dll
 0001:00000004       __imp__lstrcatW@8          10001004     kernel32:KERNEL32.dll
 0001:00000008       __imp__lstrlenW@4          10001008     kernel32:KERNEL32.dll
 0001:0000000c       __imp__lstrcmpW@8          1000100c     kernel32:KERNEL32.dll
 0001:00000010       __imp__CompareStringW@24   10001010     kernel32:KERNEL32.dll
 0001:00000014       __imp__lstrcpyW@8          10001014     kernel32:KERNEL32.dll
 0001:00000018       __imp__MultiByteToWideChar@24 10001018     kernel32:KERNEL32.dll
 0001:0000001c       __imp__lstrlenA@4          1000101c     kernel32:KERNEL32.dll
 0001:00000020       __imp__CloseHandle@4       10001020     kernel32:KERNEL32.dll
 0001:00000024       __imp__WaitForSingleObject@8 10001024     kernel32:KERNEL32.dll
 0001:00000028       __imp__SetEvent@4          10001028     kernel32:KERNEL32.dll
 0001:0000002c       __imp__TerminateThread@8   1000102c     kernel32:KERNEL32.dll
 0001:00000030       __imp__WaitForMultipleObjects@16 10001030     kernel32:KERNEL32.dll
 0001:00000034       __imp__CreateThread@24     10001034     kernel32:KERNEL32.dll
 0001:00000038       __imp__GetExitCodeThread@8 10001038     kernel32:KERNEL32.dll
 0001:0000003c       __imp__CreateEventW@16     1000103c     kernel32:KERNEL32.dll
 0001:00000040       __imp__VerifyVersionInfoW@16 10001040     kernel32:KERNEL32.dll
 0001:00000044       __imp__VerSetConditionMask@16 10001044     kernel32:KERNEL32.dll
 0001:00000048       __imp__GetModuleHandleW@4  10001048     kernel32:KERNEL32.dll
 0001:0000004c       __imp__GetFileAttributesW@4 1000104c     kernel32:KERNEL32.dll
 0001:00000050       __imp__lstrcmpA@8          10001050     kernel32:KERNEL32.dll
 0001:00000054       __imp__ExpandEnvironmentStringsW@12 10001054     kernel32:KERNEL32.dll
 0001:00000058       __imp__SetLastError@4      10001058     kernel32:KERNEL32.dll
 0001:0000005c       __imp__GetProcAddress@8    1000105c     kernel32:KERNEL32.dll
 0001:00000060       __imp__GetStringTypeW@16   10001060     kernel32:KERNEL32.dll
 0001:00000064       __imp__LCMapStringW@24     10001064     kernel32:KERNEL32.dll
 0001:00000068       __imp__HeapReAlloc@16      10001068     kernel32:KERNEL32.dll
 0001:0000006c       __imp__IsValidCodePage@4   1000106c     kernel32:KERNEL32.dll
 0001:00000070       __imp__GetOEMCP@0          10001070     kernel32:KERNEL32.dll
 0001:00000074       __imp__GetACP@0            10001074     kernel32:KERNEL32.dll
 0001:00000078       __imp__GetCPInfo@8         10001078     kernel32:KERNEL32.dll
 0001:0000007c       __imp__LoadLibraryW@4      1000107c     kernel32:KERNEL32.dll
 0001:00000080       __imp__GetCurrentProcess@0 10001080     kernel32:KERNEL32.dll
 0001:00000084       __imp__TerminateProcess@8  10001084     kernel32:KERNEL32.dll
 0001:00000088       __imp__IsDebuggerPresent@0 10001088     kernel32:KERNEL32.dll
 0001:0000008c       __imp__SetUnhandledExceptionFilter@4 1000108c     kernel32:KERNEL32.dll
 0001:00000090       __imp__UnhandledExceptionFilter@4 10001090     kernel32:KERNEL32.dll
 0001:00000094       __imp__EnterCriticalSection@4 10001094     kernel32:KERNEL32.dll
 0001:00000098       __imp__LeaveCriticalSection@4 10001098     kernel32:KERNEL32.dll
 0001:0000009c       __imp__HeapSize@12         1000109c     kernel32:KERNEL32.dll
 0001:000000a0       __imp__GetSystemTimeAsFileTime@4 100010a0     kernel32:KERNEL32.dll
 0001:000000a4       __imp__GetCurrentProcessId@0 100010a4     kernel32:KERNEL32.dll
 0001:000000a8       __imp__GetTickCount@0      100010a8     kernel32:KERNEL32.dll
 0001:000000ac       __imp__QueryPerformanceCounter@4 100010ac     kernel32:KERNEL32.dll
 0001:000000b0       __imp__GetEnvironmentStringsW@0 100010b0     kernel32:KERNEL32.dll
 0001:000000b4       __imp__WideCharToMultiByte@32 100010b4     kernel32:KERNEL32.dll
 0001:000000b8       __imp__GetLastError@0      100010b8     kernel32:KERNEL32.dll
 0001:000000bc       __imp__HeapFree@12         100010bc     kernel32:KERNEL32.dll
 0001:000000c0       __imp__HeapAlloc@12        100010c0     kernel32:KERNEL32.dll
 0001:000000c4       __imp__GetCurrentThreadId@0 100010c4     kernel32:KERNEL32.dll
 0001:000000c8       __imp__GetCommandLineA@0   100010c8     kernel32:KERNEL32.dll
 0001:000000cc       __imp__RaiseException@16   100010cc     kernel32:KERNEL32.dll
 0001:000000d0       __imp__IsProcessorFeaturePresent@4 100010d0     kernel32:KERNEL32.dll
 0001:000000d4       __imp__RtlUnwind@16        100010d4     kernel32:KERNEL32.dll
 0001:000000d8       __imp__VirtualQuery@12     100010d8     kernel32:KERNEL32.dll
 0001:000000dc       __imp__HeapCreate@12       100010dc     kernel32:KERNEL32.dll
 0001:000000e0       __imp__HeapDestroy@4       100010e0     kernel32:KERNEL32.dll
 0001:000000e4       __imp__ExitProcess@4       100010e4     kernel32:KERNEL32.dll
 0001:000000e8       __imp__WriteFile@20        100010e8     kernel32:KERNEL32.dll
 0001:000000ec       __imp__GetStdHandle@4      100010ec     kernel32:KERNEL32.dll
 0001:000000f0       __imp__GetModuleFileNameW@12 100010f0     kernel32:KERNEL32.dll
 0001:000000f4       __imp__TlsAlloc@0          100010f4     kernel32:KERNEL32.dll
 0001:000000f8       __imp__TlsGetValue@4       100010f8     kernel32:KERNEL32.dll
 0001:000000fc       __imp__TlsSetValue@8       100010fc     kernel32:KERNEL32.dll
 0001:00000100       __imp__TlsFree@4           10001100     kernel32:KERNEL32.dll
 0001:00000104       __imp__InterlockedIncrement@4 10001104     kernel32:KERNEL32.dll
 0001:00000108       __imp__InterlockedDecrement@4 10001108     kernel32:KERNEL32.dll
 0001:0000010c       __imp__Sleep@4             1000110c     kernel32:KERNEL32.dll
 0001:00000110       __imp__SetHandleCount@4    10001110     kernel32:KERNEL32.dll
 0001:00000114       __imp__InitializeCriticalSectionAndSpinCount@8 10001114     kernel32:KERNEL32.dll
 0001:00000118       __imp__GetFileType@4       10001118     kernel32:KERNEL32.dll
 0001:0000011c       __imp__GetStartupInfoW@4   1000111c     kernel32:KERNEL32.dll
 0001:00000120       __imp__DeleteCriticalSection@4 10001120     kernel32:KERNEL32.dll
 0001:00000124       __imp__GetModuleFileNameA@12 10001124     kernel32:KERNEL32.dll
 0001:00000128       __imp__FreeEnvironmentStringsW@4 10001128     kernel32:KERNEL32.dll
 0001:0000012c       \177KERNEL32_NULL_THUNK_DATA 1000112c     kernel32:KERNEL32.dll
 0001:00000130       __imp__SHGetSpecialFolderLocation@12 10001130     shell32:SHELL32.dll
 0001:00000134       __imp__SHGetDesktopFolder@4 10001134     shell32:SHELL32.dll
 0001:00000138       __imp__SHGetMalloc@4       10001138     shell32:SHELL32.dll
 0001:0000013c       \177SHELL32_NULL_THUNK_DATA 1000113c     shell32:SHELL32.dll
 0001:00000140       __imp__ScreenToClient@8    10001140     user32:USER32.dll
 0001:00000144       __imp__GetClientRect@8     10001144     user32:USER32.dll
 0001:00000148       __imp__wsprintfW           10001148     user32:USER32.dll
 0001:0000014c       __imp__GetKeyState@4       1000114c     user32:USER32.dll
 0001:00000150       __imp__GetMenuItemInfoW@16 10001150     user32:USER32.dll
 0001:00000154       __imp__GetMenuStringW@20   10001154     user32:USER32.dll
 0001:00000158       __imp__LoadStringW@16      10001158     user32:USER32.dll
 0001:0000015c       __imp__GetWindowRect@8     1000115c     user32:USER32.dll
 0001:00000160       __imp__CreateDialogParamW@20 10001160     user32:USER32.dll
 0001:00000164       __imp__SetWindowPos@28     10001164     user32:USER32.dll
 0001:00000168       __imp__TrackPopupMenu@28   10001168     user32:USER32.dll
 0001:0000016c       __imp__DestroyWindow@4     1000116c     user32:USER32.dll
 0001:00000170       __imp__GetMenuItemCount@4  10001170     user32:USER32.dll
 0001:00000174       __imp__DestroyMenu@4       10001174     user32:USER32.dll
 0001:00000178       __imp__CreatePopupMenu@0   10001178     user32:USER32.dll
 0001:0000017c       __imp__GetMessageW@16      1000117c     user32:USER32.dll
 0001:00000180       __imp__PeekMessageW@20     10001180     user32:USER32.dll
 0001:00000184       __imp__DispatchMessageW@4  10001184     user32:USER32.dll
 0001:00000188       __imp__ReplyMessage@4      10001188     user32:USER32.dll
 0001:0000018c       __imp__GetWindowLongW@8    1000118c     user32:USER32.dll
 0001:00000190       __imp__SetWindowLongW@12   10001190     user32:USER32.dll
 0001:00000194       __imp__GetCursorPos@4      10001194     user32:USER32.dll
 0001:00000198       \177USER32_NULL_THUNK_DATA 10001198     user32:USER32.dll
 0001:0000019c       __imp__OleFlushClipboard@0 1000119c     ole32:ole32.dll
 0001:000001a0       __imp__OleInitialize@4     100011a0     ole32:ole32.dll
 0001:000001a4       \177ole32_NULL_THUNK_DATA  100011a4     ole32:ole32.dll
 0001:000001a8       ___xc_a                    100011a8     LIBCMT:crt0init.obj
 0001:000001ac       ___xc_z                    100011ac     LIBCMT:crt0init.obj
 0001:000001b0       ___xi_a                    100011b0     LIBCMT:crt0init.obj
 0001:000001c0       ___xi_z                    100011c0     LIBCMT:crt0init.obj
 0001:000001c4       ___xp_a                    100011c4     LIBCMT:crt0init.obj
 0001:000001c8       ___xp_z                    100011c8     LIBCMT:crt0init.obj
 0001:000001cc       ___xt_a                    100011cc     LIBCMT:crt0init.obj
 0001:000001d0       ___xt_z                    100011d0     LIBCMT:crt0init.obj
 0001:000001e0       _MainGuid                  100011e0     EMenu.obj
 0001:000001f0       _MenuGuid                  100011f0     EMenu.obj
 0001:00000200       _DialogGuid                10001200     EMenu.obj
 0001:00000210       _GuiTextMenuGuid           10001210     EMenu.obj
 0001:00000220       ??_C@_1DE@BGKMIKPD@?$AAE?$AAu?$AAg?$AAe?$AAn?$AAe?$AA?5?$AAR?$AAo?$AAs?$AAh?$AAa?$AAl?$AA?5?$AA?$CG?$AA?5?$AAF?$AAa?$AAr?$AA?5?$AAG?$AAr?$AAo?$AAu?$AAp?$AA?$AA@ 10001220     EMenu.obj
 0001:00000254       ??_C@_1DK@JMMNGKID@?$AAE?$AAM?$AAe?$AAn?$AAu?$AA?5?$AAP?$AAl?$AAu?$AAg?$AAi?$AAn?$AA?5?$AAf?$AAo?$AAr?$AA?5?$AAF?$AAa?$AAr?$AA?5?$AAM?$AAa?$AAn?$AAa?$AAg?$AAe?$AAr?$AA?$AA@ 10001254     EMenu.obj
 0001:00000290       ??_C@_1M@LBLKOFDL@?$AAE?$AAM?$AAe?$AAn?$AAu?$AA?$AA@ 10001290     EMenu.obj
 0001:0000029c       ??_C@_17CIEOGNAD@?$AA?5?$AA?5?$CF?$LK?$AA?$AA@ 1000129c     FarMenu.obj
 0001:000002a8       ??_C@_13HOIJIPNN@?$AA?5?$AA?$AA@ 100012a8     FarMenu.obj
 0001:000002ac       ??_C@_1M@IAIJHCCH@?$AAC?$AAl?$AAo?$AAs?$AAe?$AA?$AA@ 100012ac     Plugin.obj
 0001:000002b8       ??_C@_1O@MEJAHLJN@?$AAE?$AAr?$AAr?$AAo?$AAr?$AA2?$AA?$AA@ 100012b8     Plugin.obj
 0001:000002c8       ??_C@_1O@NGCFNEHD@?$AAE?$AAr?$AAr?$AAo?$AAr?$AA1?$AA?$AA@ 100012c8     Plugin.obj
 0001:000002d8       ??_C@_1O@GOJJLDBG@?$AAE?$AAr?$AAr?$AAo?$AAr?$AA0?$AA?$AA@ 100012d8     Plugin.obj
 0001:000002e8       ??_C@_1O@MCPHAIFL@?$AAM?$AAy?$AAC?$AAo?$AAm?$AAp?$AA?$AA@ 100012e8     Plugin.obj
 0001:000002f8       ??_C@_1BI@GILJGMBA@?$AAC?$AAo?$AAn?$AAt?$AAe?$AAx?$AAt?$AAM?$AAe?$AAn?$AAu?$AA?$AA@ 100012f8     Plugin.obj
 0001:00000310       ??_C@_1BO@CLHFIDDE@?$AAC?$AAh?$AAo?$AAo?$AAs?$AAe?$AAM?$AAe?$AAn?$AAu?$AAT?$AAy?$AAp?$AAe?$AA?$AA@ 10001310     Plugin.obj
 0001:00000330       ??_C@_1O@BJPKKLLM@?$AAC?$AAo?$AAn?$AAf?$AAi?$AAg?$AA?$AA@ 10001330     Plugin.obj
 0001:00000340       ??_C@_19JPHCGFBO@?$AAM?$AAa?$AAi?$AAn?$AA?$AA@ 10001340     Plugin.obj
 0001:0000034c       ??_C@_15DDHGOCBH@?$AA?4?$AA?4?$AA?$AA@ 1000134c     Plugin.obj
 0001:00000354       ??_7?$DialogBuilderBase@UFarDialogItem@@@@6B@ 10001354     Plugin.obj
 0001:00000378       __GUID_000214f4_0000_0000_c000_000000000046 10001378     Plugin.obj
 0001:00000388       __GUID_bcfce0a0_ec17_11d0_8d10_00a0c90f2719 10001388     Plugin.obj
 0001:00000398       ??_7PluginDialogBuilder@@6B@ 10001398     Plugin.obj
 0001:000003bc       ??_7?$DialogItemBinding@UFarDialogItem@@@@6B@ 100013bc     Plugin.obj
 0001:000003c4       ??_7PluginCheckBoxBinding@@6B@ 100013c4     Plugin.obj
 0001:000003cc       ??_7PluginRadioButtonBinding@@6B@ 100013cc     Plugin.obj
 0001:000003d4       ??_C@_15EFLNJKHH@?$AA?$CF?$AAu?$AA?$AA@ 100013d4     Plugin.obj
 0001:000003dc       ??_7PluginIntEditFieldBinding@@6B@ 100013dc     Plugin.obj
 0001:000003e4       ??_7PluginUIntEditFieldBinding@@6B@ 100013e4     Plugin.obj
 0001:000003ec       ??_C@_1O@EOCFEDGM@?$AAG?$AAu?$AAi?$AAP?$AAo?$AAs?$AA?$AA@ 100013ec     Plugin.obj
 0001:000003fc       ??_C@_1BM@JNPKPLGJ@?$AAD?$AAi?$AAf?$AAf?$AAe?$AAr?$AAe?$AAn?$AAt?$AAO?$AAn?$AAl?$AAy?$AA?$AA@ 100013fc     Plugin.obj
 0001:00000418       ??_C@_1BC@JAMHBCOF@?$AAH?$AAe?$AAl?$AAp?$AAt?$AAe?$AAx?$AAt?$AA?$AA@ 10001418     Plugin.obj
 0001:0000042c       ??_C@_1O@EFKGCNCH@?$AAS?$AAi?$AAl?$AAe?$AAn?$AAt?$AA?$AA@ 1000142c     Plugin.obj
 0001:0000043c       ??_C@_1BO@ELNGBDOB@?$AAC?$AAl?$AAe?$AAa?$AAr?$AAS?$AAe?$AAl?$AAe?$AAc?$AAt?$AAi?$AAo?$AAn?$AA?$AA@ 1000143c     Plugin.obj
 0001:0000045c       ??_C@_1BI@FNELDPIH@?$AAD?$AAe?$AAl?$AAU?$AAs?$AAi?$AAn?$AAg?$AAF?$AAa?$AAr?$AA?$AA@ 1000145c     Plugin.obj
 0001:00000474       ??_C@_1O@HAPBPKPP@?$AAU?$AAs?$AAe?$AAG?$AAU?$AAI?$AA?$AA@ 10001474     Plugin.obj
 0001:00000484       ??_C@_1BO@BLHAFJIH@?$AAW?$AAa?$AAi?$AAt?$AAT?$AAo?$AAC?$AAo?$AAn?$AAt?$AAi?$AAn?$AAu?$AAe?$AA?$AA@ 10001484     Plugin.obj
 0001:000004a8       ??_C@_1FE@DFGJMLLI@?$AAr?$AAc?$AAl?$AAk?$AA?3?$AAr?$AAc?$AAl?$AAk?$AA_?$AAt?$AAx?$AAt?$AA?3?$AAr?$AAc?$AAl?$AAk?$AA_?$AAg?$AAu?$AAi?$AA?3?$AAr?$AAc?$AAl?$AAk?$AA_?$AAc?$AAm?$AAd?$AA?3@ 100014a8     Plugin.obj
 0001:000004fc       ??_C@_11LOCGONAA@?$AA?$AA@ 100014fc     Plugin.obj
 0001:00000500       ??_C@_13DIBMAFH@?$AA?$CJ?$AA?$AA@ 10001500     Plugin.obj
 0001:00000504       ??_C@_15CMBHNMLL@?$AA?5?$AA?$CI?$AA?$AA@ 10001504     Plugin.obj
 0001:0000050c       ??_C@_13EHOOFIKC@?$AA?$HN?$AA?$AA@ 1000150c     Plugin.obj
 0001:00000510       ??_C@_1BI@BNFKGMFK@?$AAs?$AAh?$AAe?$AAl?$AAl?$AA3?$AA2?$AA?4?$AAd?$AAl?$AAl?$AA?$AA@ 10001510     Plugin.obj
 0001:00000528       ??_C@_13GCIFAHHO@?$AA?$HL?$AA?$AA@ 10001528     Plugin.obj
 0001:0000052c       ??_C@_1BO@PGPCBEEA@?$AAK?$AAe?$AAy?$AAs?$AA?8?$AAS?$AAh?$AAi?$AAf?$AAt?$AAD?$AAe?$AAl?$AA?8?$AA?$AA@ 1000152c     Plugin.obj
 0001:0000054c       ??_C@_1BK@NGCLJGHJ@?$AAK?$AAe?$AAy?$AAs?$AA?8?$AAA?$AAl?$AAt?$AAD?$AAe?$AAl?$AA?8?$AA?$AA@ 1000154c     Plugin.obj
 0001:00000568       ??_C@_1BC@BMPELNKI@?$AAK?$AAe?$AAy?$AAs?$AA?8?$AAF?$AA8?$AA?8?$AA?$AA@ 10001568     Plugin.obj
 0001:0000057c       ??_C@_06FOBLBEIN@delete?$AA@ 1000157c     Plugin.obj
 0001:00000584       ??_C@_1BC@CGPONMNI@?$AAK?$AAe?$AAy?$AAs?$AA?8?$AAF?$AA6?$AA?8?$AA?$AA@ 10001584     Plugin.obj
 0001:00000598       ??_C@_06LMEAOBLB@rename?$AA@ 10001598     Plugin.obj
 0001:000005a0       ??_C@_15JOGBDECP@?$AA?0?$AA?5?$AA?$AA@ 100015a0     Plugin.obj
 0001:000005a8       ??_C@_1M@MDEFCCAF@?$AA?$CF?$AAu?$AA?5?$AA?$CF?$AAs?$AA?$AA@ 100015a8     Plugin.obj
 0001:000005b4       ??_C@_13FPGAJAPJ@?$AA?2?$AA?$AA@ 100015b4     Plugin.obj
 0001:000005b8       ??_C@_1BG@CJEHAOD@?$AAr?$AAc?$AAl?$AAk?$AA_?$AAi?$AAt?$AAe?$AAm?$AA?3?$AA?$AA@ 100015b8     Plugin.obj
 0001:000005d0       ??_C@_1BE@JGMPCMJC@?$AAr?$AAc?$AAl?$AAk?$AA_?$AAc?$AAm?$AAd?$AA?3?$AA?$AA@ 100015d0     Plugin.obj
 0001:000005e4       ??_C@_1BE@IMOELFKI@?$AAr?$AAc?$AAl?$AAk?$AA_?$AAg?$AAu?$AAi?$AA?3?$AA?$AA@ 100015e4     Plugin.obj
 0001:000005f8       ??_C@_1BE@GEDAILNH@?$AAr?$AAc?$AAl?$AAk?$AA_?$AAt?$AAx?$AAt?$AA?3?$AA?$AA@ 100015f8     Plugin.obj
 0001:0000060c       ??_C@_1M@MGKMLCA@?$AAr?$AAc?$AAl?$AAk?$AA?3?$AA?$AA@ 1000160c     Plugin.obj
 0001:00000620       __imp__EncodePointer@4     10001620     vc_crt_fix.obj
 0001:00000624       __imp__DecodePointer@4     10001624     vc_crt_fix.obj
 0001:00000628       __imp__GetModuleHandleExW@12 10001628     vc_crt_fix.obj
 0001:00000640       ??_C@_0O@NLDKAIKN@EncodePointer?$AA@ 10001640     vc_crt_fix_impl.obj
 0001:00000650       ??_C@_0O@KBPMFGHI@DecodePointer?$AA@ 10001650     vc_crt_fix_impl.obj
 0001:00000660       ??_C@_0BD@GIGEJCNH@GetModuleHandleExW?$AA@ 10001660     vc_crt_fix_impl.obj
 0001:00000674       _IID_IContextMenu          10001674     shell32:shguid.obj
 0001:00000684       _IID_IShellFolder          10001684     shell32:shguid.obj
 0001:00000694       _IID_IDropTarget           10001694     uuid:oleidl_i.obj
 0001:000006a4       _IID_IDataObject           100016a4     uuid:objidl_i.obj
 0001:000006b8       ??_7bad_alloc@std@@6B@     100016b8     LIBCMT:new.obj
 0001:000006c0       ??_C@_0P@GHFPNOJB@bad?5allocation?$AA@ 100016c0     LIBCMT:new.obj
 0001:000006d0       __pDefaultRawDllMain       100016d0     LIBCMT:dllcrt0.obj
 0001:000006d0       __pRawDllMain              100016d0     LIBCMT:dllcrt0.obj
 0001:000006d8       ??_7exception@std@@6B@     100016d8     LIBCMT:stdexcpt.obj
 0001:000006e0       ??_C@_0BC@EOODALEL@Unknown?5exception?$AA@ 100016e0     LIBCMT:stdexcpt.obj
 0001:000006f8       ??_7type_info@@6B@         100016f8     LIBCMT:typinfo.obj
 0001:0000071c       ??_C@_0P@MIGLKIOC@CorExitProcess?$AA@ 1000171c     LIBCMT:crt0dat.obj
 0001:0000072c       ??_C@_1BI@BGOHAHKC@?$AAm?$AAs?$AAc?$AAo?$AAr?$AAe?$AAe?$AA?4?$AAd?$AAl?$AAl?$AA?$AA@ 1000172c     LIBCMT:crt0dat.obj
 0001:00000744       ??_C@_1BO@BKOMIGKJ@?$AAr?$AAu?$AAn?$AAt?$AAi?$AAm?$AAe?$AA?5?$AAe?$AAr?$AAr?$AAo?$AAr?$AA?5?$AA?$AA@ 10001744     LIBCMT:crt0msg.obj
 0001:00000764       ??_C@_15JNBOKNOG@?$AA?$AN?$AA?6?$AA?$AA@ 10001764     LIBCMT:crt0msg.obj
 0001:0000076c       ??_C@_1BM@JBBEPPHI@?$AAT?$AAL?$AAO?$AAS?$AAS?$AA?5?$AAe?$AAr?$AAr?$AAo?$AAr?$AA?$AN?$AA?6?$AA?$AA@ 1000176c     LIBCMT:crt0msg.obj
 0001:00000788       ??_C@_1BK@KMOMNAAI@?$AAS?$AAI?$AAN?$AAG?$AA?5?$AAe?$AAr?$AAr?$AAo?$AAr?$AA?$AN?$AA?6?$AA?$AA@ 10001788     LIBCMT:crt0msg.obj
 0001:000007a4       ??_C@_1BO@BFCDCGC@?$AAD?$AAO?$AAM?$AAA?$AAI?$AAN?$AA?5?$AAe?$AAr?$AAr?$AAo?$AAr?$AA?$AN?$AA?6?$AA?$AA@ 100017a4     LIBCMT:crt0msg.obj
 0001:000007c8       ??_C@_1BOO@KGEDBGAJ@?$AAR?$AA6?$AA0?$AA3?$AA3?$AA?$AN?$AA?6?$AA?9?$AA?5?$AAA?$AAt?$AAt?$AAe?$AAm?$AAp?$AAt?$AA?5?$AAt?$AAo?$AA?5?$AAu?$AAs?$AAe?$AA?5?$AAM?$AAS?$AAI?$AAL?$AA?5?$AAc?$AAo?$AAd@ 100017c8     LIBCMT:crt0msg.obj
 0001:000009b8       ??_C@_1GG@GOPILAJP@?$AAR?$AA6?$AA0?$AA3?$AA2?$AA?$AN?$AA?6?$AA?9?$AA?5?$AAn?$AAo?$AAt?$AA?5?$AAe?$AAn?$AAo?$AAu?$AAg?$AAh?$AA?5?$AAs?$AAp?$AAa?$AAc?$AAe?$AA?5?$AAf?$AAo?$AAr?$AA?5?$AAl?$AAo@ 100019b8     LIBCMT:crt0msg.obj
 0001:00000a20       ??_C@_1MG@ENCOOIDF@?$AAR?$AA6?$AA0?$AA3?$AA1?$AA?$AN?$AA?6?$AA?9?$AA?5?$AAA?$AAt?$AAt?$AAe?$AAm?$AAp?$AAt?$AA?5?$AAt?$AAo?$AA?5?$AAi?$AAn?$AAi?$AAt?$AAi?$AAa?$AAl?$AAi?$AAz?$AAe?$AA?5?$AAt@ 10001a20     LIBCMT:crt0msg.obj
 0001:00000ae8       ??_C@_1DO@BMFCDCD@?$AAR?$AA6?$AA0?$AA3?$AA0?$AA?$AN?$AA?6?$AA?9?$AA?5?$AAC?$AAR?$AAT?$AA?5?$AAn?$AAo?$AAt?$AA?5?$AAi?$AAn?$AAi?$AAt?$AAi?$AAa?$AAl?$AAi?$AAz?$AAe?$AAd?$AA?$AN?$AA?6?$AA?$AA@ 10001ae8     LIBCMT:crt0msg.obj
 0001:00000b28       ??_C@_1EK@HHFLMAOL@?$AAR?$AA6?$AA0?$AA2?$AA8?$AA?$AN?$AA?6?$AA?9?$AA?5?$AAu?$AAn?$AAa?$AAb?$AAl?$AAe?$AA?5?$AAt?$AAo?$AA?5?$AAi?$AAn?$AAi?$AAt?$AAi?$AAa?$AAl?$AAi?$AAz?$AAe?$AA?5?$AAh?$AAe@ 10001b28     LIBCMT:crt0msg.obj
 0001:00000b78       ??_C@_1GK@MFGOKLAG@?$AAR?$AA6?$AA0?$AA2?$AA7?$AA?$AN?$AA?6?$AA?9?$AA?5?$AAn?$AAo?$AAt?$AA?5?$AAe?$AAn?$AAo?$AAu?$AAg?$AAh?$AA?5?$AAs?$AAp?$AAa?$AAc?$AAe?$AA?5?$AAf?$AAo?$AAr?$AA?5?$AAl?$AAo@ 10001b78     LIBCMT:crt0msg.obj
 0001:00000be8       ??_C@_1GK@MCAAGJMO@?$AAR?$AA6?$AA0?$AA2?$AA6?$AA?$AN?$AA?6?$AA?9?$AA?5?$AAn?$AAo?$AAt?$AA?5?$AAe?$AAn?$AAo?$AAu?$AAg?$AAh?$AA?5?$AAs?$AAp?$AAa?$AAc?$AAe?$AA?5?$AAf?$AAo?$AAr?$AA?5?$AAs?$AAt@ 10001be8     LIBCMT:crt0msg.obj
 0001:00000c58       ??_C@_1EM@MAADIHMB@?$AAR?$AA6?$AA0?$AA2?$AA5?$AA?$AN?$AA?6?$AA?9?$AA?5?$AAp?$AAu?$AAr?$AAe?$AA?5?$AAv?$AAi?$AAr?$AAt?$AAu?$AAa?$AAl?$AA?5?$AAf?$AAu?$AAn?$AAc?$AAt?$AAi?$AAo?$AAn?$AA?5?$AAc@ 10001c58     LIBCMT:crt0msg.obj
 0001:00000ca8       ??_C@_1GK@FHCKBEFA@?$AAR?$AA6?$AA0?$AA2?$AA4?$AA?$AN?$AA?6?$AA?9?$AA?5?$AAn?$AAo?$AAt?$AA?5?$AAe?$AAn?$AAo?$AAu?$AAg?$AAh?$AA?5?$AAs?$AAp?$AAa?$AAc?$AAe?$AA?5?$AAf?$AAo?$AAr?$AA?5?$AA_?$AAo@ 10001ca8     LIBCMT:crt0msg.obj
 0001:00000d18       ??_C@_1FC@ECHBIFBC@?$AAR?$AA6?$AA0?$AA1?$AA9?$AA?$AN?$AA?6?$AA?9?$AA?5?$AAu?$AAn?$AAa?$AAb?$AAl?$AAe?$AA?5?$AAt?$AAo?$AA?5?$AAo?$AAp?$AAe?$AAn?$AA?5?$AAc?$AAo?$AAn?$AAs?$AAo?$AAl?$AAe?$AA?5@ 10001d18     LIBCMT:crt0msg.obj
 0001:00000d70       ??_C@_1EC@JIBHAOPH@?$AAR?$AA6?$AA0?$AA1?$AA8?$AA?$AN?$AA?6?$AA?9?$AA?5?$AAu?$AAn?$AAe?$AAx?$AAp?$AAe?$AAc?$AAt?$AAe?$AAd?$AA?5?$AAh?$AAe?$AAa?$AAp?$AA?5?$AAe?$AAr?$AAr?$AAo?$AAr?$AA?$AN?$AA?6@ 10001d70     LIBCMT:crt0msg.obj
 0001:00000db8       ??_C@_1FK@BEOGODMC@?$AAR?$AA6?$AA0?$AA1?$AA7?$AA?$AN?$AA?6?$AA?9?$AA?5?$AAu?$AAn?$AAe?$AAx?$AAp?$AAe?$AAc?$AAt?$AAe?$AAd?$AA?5?$AAm?$AAu?$AAl?$AAt?$AAi?$AAt?$AAh?$AAr?$AAe?$AAa?$AAd?$AA?5@ 10001db8     LIBCMT:crt0msg.obj
 0001:00000e18       ??_C@_1FI@LOGNIKDM@?$AAR?$AA6?$AA0?$AA1?$AA6?$AA?$AN?$AA?6?$AA?9?$AA?5?$AAn?$AAo?$AAt?$AA?5?$AAe?$AAn?$AAo?$AAu?$AAg?$AAh?$AA?5?$AAs?$AAp?$AAa?$AAc?$AAe?$AA?5?$AAf?$AAo?$AAr?$AA?5?$AAt?$AAh@ 10001e18     LIBCMT:crt0msg.obj
 0001:00000e70       ??_C@_1EG@BEHAGFJD@?$AAR?$AA6?$AA0?$AA1?$AA0?$AA?$AN?$AA?6?$AA?9?$AA?5?$AAa?$AAb?$AAo?$AAr?$AAt?$AA?$CI?$AA?$CJ?$AA?5?$AAh?$AAa?$AAs?$AA?5?$AAb?$AAe?$AAe?$AAn?$AA?5?$AAc?$AAa?$AAl?$AAl?$AAe?$AAd@ 10001e70     LIBCMT:crt0msg.obj
 0001:00000eb8       ??_C@_1FI@HONFMGBI@?$AAR?$AA6?$AA0?$AA0?$AA9?$AA?$AN?$AA?6?$AA?9?$AA?5?$AAn?$AAo?$AAt?$AA?5?$AAe?$AAn?$AAo?$AAu?$AAg?$AAh?$AA?5?$AAs?$AAp?$AAa?$AAc?$AAe?$AA?5?$AAf?$AAo?$AAr?$AA?5?$AAe?$AAn@ 10001eb8     LIBCMT:crt0msg.obj
 0001:00000f10       ??_C@_1FE@LLNEDJMD@?$AAR?$AA6?$AA0?$AA0?$AA8?$AA?$AN?$AA?6?$AA?9?$AA?5?$AAn?$AAo?$AAt?$AA?5?$AAe?$AAn?$AAo?$AAu?$AAg?$AAh?$AA?5?$AAs?$AAp?$AAa?$AAc?$AAe?$AA?5?$AAf?$AAo?$AAr?$AA?5?$AAa?$AAr@ 10001f10     LIBCMT:crt0msg.obj
 0001:00000f68       ??_C@_1FK@PGACCAFB@?$AAR?$AA6?$AA0?$AA0?$AA2?$AA?$AN?$AA?6?$AA?9?$AA?5?$AAf?$AAl?$AAo?$AAa?$AAt?$AAi?$AAn?$AAg?$AA?5?$AAp?$AAo?$AAi?$AAn?$AAt?$AA?5?$AAs?$AAu?$AAp?$AAp?$AAo?$AAr?$AAt?$AA?5@ 10001f68     LIBCMT:crt0msg.obj
 0001:00001078       ??_C@_1EK@MBDPDCGA@?$AAM?$AAi?$AAc?$AAr?$AAo?$AAs?$AAo?$AAf?$AAt?$AA?5?$AAV?$AAi?$AAs?$AAu?$AAa?$AAl?$AA?5?$AAC?$AA?$CL?$AA?$CL?$AA?5?$AAR?$AAu?$AAn?$AAt?$AAi?$AAm?$AAe?$AA?5?$AAL?$AAi?$AAb@ 10002078     LIBCMT:crt0msg.obj
 0001:000010c4       ??_C@_15IABLJNFO@?$AA?6?$AA?6?$AA?$AA@ 100020c4     LIBCMT:crt0msg.obj
 0001:000010cc       ??_C@_17LGKOMLJ@?$AA?4?$AA?4?$AA?4?$AA?$AA@ 100020cc     LIBCMT:crt0msg.obj
 0001:000010d4       ??_C@_1CO@EAEJAADC@?$AA?$DM?$AAp?$AAr?$AAo?$AAg?$AAr?$AAa?$AAm?$AA?5?$AAn?$AAa?$AAm?$AAe?$AA?5?$AAu?$AAn?$AAk?$AAn?$AAo?$AAw?$AAn?$AA?$DO?$AA?$AA@ 100020d4     LIBCMT:crt0msg.obj
 0001:00001104       ??_C@_1DE@JNGNBFGO@?$AAR?$AAu?$AAn?$AAt?$AAi?$AAm?$AAe?$AA?5?$AAE?$AAr?$AAr?$AAo?$AAr?$AA?$CB?$AA?6?$AA?6?$AAP?$AAr?$AAo?$AAg?$AAr?$AAa?$AAm?$AA?3?$AA?5?$AA?$AA@ 10002104     LIBCMT:crt0msg.obj
 0001:00001138       ??_C@_1BK@DBDEIDLH@?$AAK?$AAE?$AAR?$AAN?$AAE?$AAL?$AA3?$AA2?$AA?4?$AAD?$AAL?$AAL?$AA?$AA@ 10002138     LIBCMT:tidtable.obj
 0001:00001154       ??_C@_07PEJMOBNF@FlsFree?$AA@ 10002154     LIBCMT:tidtable.obj
 0001:0000115c       ??_C@_0M@JCPCPOEF@FlsSetValue?$AA@ 1000215c     LIBCMT:tidtable.obj
 0001:00001168       ??_C@_0M@GDNOONDI@FlsGetValue?$AA@ 10002168     LIBCMT:tidtable.obj
 0001:00001174       ??_C@_08KNHFBNJ@FlsAlloc?$AA@ 10002174     LIBCMT:tidtable.obj
 0001:00001180       __XcptActTab               10002180     LIBCMT:winxfltr.obj
 0001:00001210       __First_FPE_Indx           10002210     LIBCMT:winxfltr.obj
 0001:00001214       __Num_FPE                  10002214     LIBCMT:winxfltr.obj
 0001:00001218       __XcptActTabSize           10002218     LIBCMT:winxfltr.obj
 0001:0000121c       __XcptActTabCount          1000221c     LIBCMT:winxfltr.obj
 0001:00001220       ??_C@_0BI@DFKBFLJE@GetProcessWindowStation?$AA@ 10002220     LIBCMT:crtmboxw.obj
 0001:00001238       ??_C@_0BK@DEKFELLI@GetUserObjectInformationW?$AA@ 10002238     LIBCMT:crtmboxw.obj
 0001:00001254       ??_C@_0BD@HHGDFDBJ@GetLastActivePopup?$AA@ 10002254     LIBCMT:crtmboxw.obj
 0001:00001268       ??_C@_0BA@HNOPNCHB@GetActiveWindow?$AA@ 10002268     LIBCMT:crtmboxw.obj
 0001:00001278       ??_C@_0M@DLDCCGNP@MessageBoxW?$AA@ 10002278     LIBCMT:crtmboxw.obj
 0001:00001284       ??_C@_1BG@GOEBHBDC@?$AAU?$AAS?$AAE?$AAR?$AA3?$AA2?$AA?4?$AAD?$AAL?$AAL?$AA?$AA@ 10002284     LIBCMT:crtmboxw.obj
 0001:0000129c       ??_C@_1BC@GDGBMEMK@?$AAH?$AAH?$AA?3?$AAm?$AAm?$AA?3?$AAs?$AAs?$AA?$AA@ 1000229c     LIBCMT:nlsdata2.obj
 0001:000012b0       ??_C@_1CI@KNAKOEBC@?$AAd?$AAd?$AAd?$AAd?$AA?0?$AA?5?$AAM?$AAM?$AAM?$AAM?$AA?5?$AAd?$AAd?$AA?0?$AA?5?$AAy?$AAy?$AAy?$AAy?$AA?$AA@ 100022b0     LIBCMT:nlsdata2.obj
 0001:000012d8       ??_C@_1BC@IEBCMHCM@?$AAM?$AAM?$AA?1?$AAd?$AAd?$AA?1?$AAy?$AAy?$AA?$AA@ 100022d8     LIBCMT:nlsdata2.obj
 0001:000012ec       ??_C@_15CLMNNGEL@?$AAP?$AAM?$AA?$AA@ 100022ec     LIBCMT:nlsdata2.obj
 0001:000012f4       ??_C@_15ODEHAHHF@?$AAA?$AAM?$AA?$AA@ 100022f4     LIBCMT:nlsdata2.obj
 0001:000012fc       ??_C@_1BC@FEMKIFH@?$AAD?$AAe?$AAc?$AAe?$AAm?$AAb?$AAe?$AAr?$AA?$AA@ 100022fc     LIBCMT:nlsdata2.obj
 0001:00001310       ??_C@_1BC@BGLIFPF@?$AAN?$AAo?$AAv?$AAe?$AAm?$AAb?$AAe?$AAr?$AA?$AA@ 10002310     LIBCMT:nlsdata2.obj
 0001:00001324       ??_C@_1BA@EPANDLNG@?$AAO?$AAc?$AAt?$AAo?$AAb?$AAe?$AAr?$AA?$AA@ 10002324     LIBCMT:nlsdata2.obj
 0001:00001334       ??_C@_1BE@DKAAMBJL@?$AAS?$AAe?$AAp?$AAt?$AAe?$AAm?$AAb?$AAe?$AAr?$AA?$AA@ 10002334     LIBCMT:nlsdata2.obj
 0001:00001348       ??_C@_1O@PAHLKOAC@?$AAA?$AAu?$AAg?$AAu?$AAs?$AAt?$AA?$AA@ 10002348     LIBCMT:nlsdata2.obj
 0001:00001358       ??_C@_19BIFMLPCD@?$AAJ?$AAu?$AAl?$AAy?$AA?$AA@ 10002358     LIBCMT:nlsdata2.obj
 0001:00001364       ??_C@_19EPFLPGAP@?$AAJ?$AAu?$AAn?$AAe?$AA?$AA@ 10002364     LIBCMT:nlsdata2.obj
 0001:00001370       ??_C@_1M@GJNLMHFD@?$AAA?$AAp?$AAr?$AAi?$AAl?$AA?$AA@ 10002370     LIBCMT:nlsdata2.obj
 0001:0000137c       ??_C@_1M@IKEENEDF@?$AAM?$AAa?$AAr?$AAc?$AAh?$AA?$AA@ 1000237c     LIBCMT:nlsdata2.obj
 0001:00001388       ??_C@_1BC@JGDDFFAM@?$AAF?$AAe?$AAb?$AAr?$AAu?$AAa?$AAr?$AAy?$AA?$AA@ 10002388     LIBCMT:nlsdata2.obj
 0001:0000139c       ??_C@_1BA@EFMEIEBA@?$AAJ?$AAa?$AAn?$AAu?$AAa?$AAr?$AAy?$AA?$AA@ 1000239c     LIBCMT:nlsdata2.obj
 0001:000013ac       ??_C@_17EGKACKIF@?$AAD?$AAe?$AAc?$AA?$AA@ 100023ac     LIBCMT:nlsdata2.obj
 0001:000013b4       ??_C@_17BBDMLCIG@?$AAN?$AAo?$AAv?$AA?$AA@ 100023b4     LIBCMT:nlsdata2.obj
 0001:000013bc       ??_C@_17FNLKOI@?$AAO?$AAc?$AAt?$AA?$AA@ 100023bc     LIBCMT:nlsdata2.obj
 0001:000013c4       ??_C@_17HCHCOKMG@?$AAS?$AAe?$AAp?$AA?$AA@ 100023c4     LIBCMT:nlsdata2.obj
 0001:000013cc       ??_C@_17ICPELBCN@?$AAA?$AAu?$AAg?$AA?$AA@ 100023cc     LIBCMT:nlsdata2.obj
 0001:000013d4       ??_C@_17IJPCKHK@?$AAJ?$AAu?$AAl?$AA?$AA@ 100023d4     LIBCMT:nlsdata2.obj
 0001:000013dc       ??_C@_17KCJGOCPB@?$AAJ?$AAu?$AAn?$AA?$AA@ 100023dc     LIBCMT:nlsdata2.obj
 0001:000013e4       ??_C@_17PNNKMEED@?$AAM?$AAa?$AAy?$AA?$AA@ 100023e4     LIBCMT:nlsdata2.obj
 0001:000013ec       ??_C@_17LFPOIHDD@?$AAA?$AAp?$AAr?$AA?$AA@ 100023ec     LIBCMT:nlsdata2.obj
 0001:000013f4       ??_C@_17CKNLEDEC@?$AAM?$AAa?$AAr?$AA?$AA@ 100023f4     LIBCMT:nlsdata2.obj
 0001:000013fc       ??_C@_17LMDJEKJN@?$AAF?$AAe?$AAb?$AA?$AA@ 100023fc     LIBCMT:nlsdata2.obj
 0001:00001404       ??_C@_17DKNBKCHM@?$AAJ?$AAa?$AAn?$AA?$AA@ 10002404     LIBCMT:nlsdata2.obj
 0001:0000140c       ??_C@_1BC@ENMNNPAJ@?$AAS?$AAa?$AAt?$AAu?$AAr?$AAd?$AAa?$AAy?$AA?$AA@ 1000240c     LIBCMT:nlsdata2.obj
 0001:00001420       ??_C@_1O@PDICJHAG@?$AAF?$AAr?$AAi?$AAd?$AAa?$AAy?$AA?$AA@ 10002420     LIBCMT:nlsdata2.obj
 0001:00001430       ??_C@_1BC@HHMNLIHE@?$AAT?$AAh?$AAu?$AAr?$AAs?$AAd?$AAa?$AAy?$AA?$AA@ 10002430     LIBCMT:nlsdata2.obj
 0001:00001444       ??_C@_1BE@EBOGMDOH@?$AAW?$AAe?$AAd?$AAn?$AAe?$AAs?$AAd?$AAa?$AAy?$AA?$AA@ 10002444     LIBCMT:nlsdata2.obj
 0001:00001458       ??_C@_1BA@ENFBFFEK@?$AAT?$AAu?$AAe?$AAs?$AAd?$AAa?$AAy?$AA?$AA@ 10002458     LIBCMT:nlsdata2.obj
 0001:00001468       ??_C@_1O@MMNBFLIA@?$AAM?$AAo?$AAn?$AAd?$AAa?$AAy?$AA?$AA@ 10002468     LIBCMT:nlsdata2.obj
 0001:00001478       ??_C@_1O@IHNHDHPB@?$AAS?$AAu?$AAn?$AAd?$AAa?$AAy?$AA?$AA@ 10002478     LIBCMT:nlsdata2.obj
 0001:00001488       ??_C@_17GGIBDPIH@?$AAS?$AAa?$AAt?$AA?$AA@ 10002488     LIBCMT:nlsdata2.obj
 0001:00001490       ??_C@_17HFOLPPLP@?$AAF?$AAr?$AAi?$AA?$AA@ 10002490     LIBCMT:nlsdata2.obj
 0001:00001498       ??_C@_17PDPHAADD@?$AAT?$AAh?$AAu?$AA?$AA@ 10002498     LIBCMT:nlsdata2.obj
 0001:000014a0       ??_C@_17CJEDCEPE@?$AAW?$AAe?$AAd?$AA?$AA@ 100024a0     LIBCMT:nlsdata2.obj
 0001:000014a8       ??_C@_17BMKGEGOJ@?$AAT?$AAu?$AAe?$AA?$AA@ 100024a8     LIBCMT:nlsdata2.obj
 0001:000014b0       ??_C@_17KBOMKBF@?$AAM?$AAo?$AAn?$AA?$AA@ 100024b0     LIBCMT:nlsdata2.obj
 0001:000014b8       ??_C@_17MBGCMIPB@?$AAS?$AAu?$AAn?$AA?$AA@ 100024b8     LIBCMT:nlsdata2.obj
 0001:000014c0       ??_C@_08JCCMCCIL@HH?3mm?3ss?$AA@ 100024c0     LIBCMT:nlsdata2.obj
 0001:000014cc       ??_C@_0BE@CKGJFCPC@dddd?0?5MMMM?5dd?0?5yyyy?$AA@ 100024cc     LIBCMT:nlsdata2.obj
 0001:000014e0       ??_C@_08BPBNCDIB@MM?1dd?1yy?$AA@ 100024e0     LIBCMT:nlsdata2.obj
 0001:000014ec       ??_C@_02CJNFDJBF@PM?$AA@   100024ec     LIBCMT:nlsdata2.obj
 0001:000014f0       ??_C@_02DEDBPAFC@AM?$AA@   100024f0     LIBCMT:nlsdata2.obj
 0001:000014f4       ??_C@_08EDHMEBNP@December?$AA@ 100024f4     LIBCMT:nlsdata2.obj
 0001:00001500       ??_C@_08HCHEGEOA@November?$AA@ 10002500     LIBCMT:nlsdata2.obj
 0001:0000150c       ??_C@_07JJNFCEND@October?$AA@ 1000250c     LIBCMT:nlsdata2.obj
 0001:00001514       ??_C@_09BHHEALKD@September?$AA@ 10002514     LIBCMT:nlsdata2.obj
 0001:00001520       ??_C@_06LBBHFDDG@August?$AA@ 10002520     LIBCMT:nlsdata2.obj
 0001:00001528       ??_C@_04MIEPOIFP@July?$AA@ 10002528     LIBCMT:nlsdata2.obj
 0001:00001530       ??_C@_04CNLMGBGM@June?$AA@ 10002530     LIBCMT:nlsdata2.obj
 0001:00001538       ??_C@_05DMJDNLEJ@April?$AA@ 10002538     LIBCMT:nlsdata2.obj
 0001:00001540       ??_C@_05HPCKOFNC@March?$AA@ 10002540     LIBCMT:nlsdata2.obj
 0001:00001548       ??_C@_08GNJGEPFN@February?$AA@ 10002548     LIBCMT:nlsdata2.obj
 0001:00001554       ??_C@_07CGJPFGJA@January?$AA@ 10002554     LIBCMT:nlsdata2.obj
 0001:0000155c       ??_C@_03MKABNOCG@Dec?$AA@  1000255c     LIBCMT:nlsdata2.obj
 0001:00001560       ??_C@_03JPJOFNIA@Nov?$AA@  10002560     LIBCMT:nlsdata2.obj
 0001:00001564       ??_C@_03BMAOKBAD@Oct?$AA@  10002564     LIBCMT:nlsdata2.obj
 0001:00001568       ??_C@_03GGCAPAJC@Sep?$AA@  10002568     LIBCMT:nlsdata2.obj
 0001:0000156c       ??_C@_03IFJFEIGA@Aug?$AA@  1000256c     LIBCMT:nlsdata2.obj
 0001:00001570       ??_C@_03LBGABGKK@Jul?$AA@  10002570     LIBCMT:nlsdata2.obj
 0001:00001574       ??_C@_03IDFGHECI@Jun?$AA@  10002574     LIBCMT:nlsdata2.obj
 0001:00001578       ??_C@_03CNMDKL@May?$AA@    10002578     LIBCMT:nlsdata2.obj
 0001:0000157c       ??_C@_03LEOLGMJP@Apr?$AA@  1000257c     LIBCMT:nlsdata2.obj
 0001:00001580       ??_C@_03ODNJBKGA@Mar?$AA@  10002580     LIBCMT:nlsdata2.obj
 0001:00001584       ??_C@_03HJBDCHOM@Feb?$AA@  10002584     LIBCMT:nlsdata2.obj
 0001:00001588       ??_C@_03JIHJHPIE@Jan?$AA@  10002588     LIBCMT:nlsdata2.obj
 0001:0000158c       ??_C@_08INBOOONO@Saturday?$AA@ 1000258c     LIBCMT:nlsdata2.obj
 0001:00001598       ??_C@_06JECMNKMI@Friday?$AA@ 10002598     LIBCMT:nlsdata2.obj
 0001:000015a0       ??_C@_08HACCIKIA@Thursday?$AA@ 100025a0     LIBCMT:nlsdata2.obj
 0001:000015ac       ??_C@_09DLIGFAKA@Wednesday?$AA@ 100025ac     LIBCMT:nlsdata2.obj
 0001:000015b8       ??_C@_07BAAGCFCM@Tuesday?$AA@ 100025b8     LIBCMT:nlsdata2.obj
 0001:000015c0       ??_C@_06JLEDEDGH@Monday?$AA@ 100025c0     LIBCMT:nlsdata2.obj
 0001:000015c8       ??_C@_06OOPIFAJ@Sunday?$AA@ 100025c8     LIBCMT:nlsdata2.obj
 0001:000015d0       ??_C@_03FEFJNEK@Sat?$AA@   100025d0     LIBCMT:nlsdata2.obj
 0001:000015d4       ??_C@_03IDIOELNC@Fri?$AA@  100025d4     LIBCMT:nlsdata2.obj
 0001:000015d8       ??_C@_03IOFIKPDN@Thu?$AA@  100025d8     LIBCMT:nlsdata2.obj
 0001:000015dc       ??_C@_03MHOMLAJA@Wed?$AA@  100025dc     LIBCMT:nlsdata2.obj
 0001:000015e0       ??_C@_03NAGEINEP@Tue?$AA@  100025e0     LIBCMT:nlsdata2.obj
 0001:000015e4       ??_C@_03PDAGKDH@Mon?$AA@   100025e4     LIBCMT:nlsdata2.obj
 0001:000015e8       ??_C@_03KOEHGMDN@Sun?$AA@  100025e8     LIBCMT:nlsdata2.obj
 0001:000015ec       ??_C@_0BK@CFCOFLF@?5Complete?5Object?5Locator?8?$AA@ 100025ec     LIBCMT:undname.obj
 0001:00001608       ??_C@_0BN@MECKDCOJ@?5Class?5Hierarchy?5Descriptor?8?$AA@ 10002608     LIBCMT:undname.obj
 0001:00001628       ??_C@_0BD@LGICGFMM@?5Base?5Class?5Array?8?$AA@ 10002628     LIBCMT:undname.obj
 0001:0000163c       ??_C@_0BM@LDKODKLH@?5Base?5Class?5Descriptor?5at?5?$CI?$AA@ 1000263c     LIBCMT:undname.obj
 0001:00001658       ??_C@_0BC@DAFEJGAK@?5Type?5Descriptor?8?$AA@ 10002658     LIBCMT:undname.obj
 0001:0000166c       ??_C@_0BM@PMGGMLDN@?$GAlocal?5static?5thread?5guard?8?$AA@ 1000266c     LIBCMT:undname.obj
 0001:00001688       ??_C@_0CL@FGIJHLCE@?$GAmanaged?5vector?5copy?5constructor@ 10002688     LIBCMT:undname.obj
 0001:000016b4       ??_C@_0CJ@GJELGAMM@?$GAvector?5vbase?5copy?5constructor?5i@ 100026b4     LIBCMT:undname.obj
 0001:000016e0       ??_C@_0CD@CGAJBKEJ@?$GAvector?5copy?5constructor?5iterato@ 100026e0     LIBCMT:undname.obj
 0001:00001704       ??_C@_0CB@PDBIFEP@?$GAdynamic?5atexit?5destructor?5for?5?8@ 10002704     LIBCMT:undname.obj
 0001:00001728       ??_C@_0BL@CLIPGLGB@?$GAdynamic?5initializer?5for?5?8?$AA@ 10002728     LIBCMT:undname.obj
 0001:00001744       ??_C@_0CM@FCBBDIGB@?$GAeh?5vector?5vbase?5copy?5constructo@ 10002744     LIBCMT:undname.obj
 0001:00001770       ??_C@_0CG@HLDDJMAG@?$GAeh?5vector?5copy?5constructor?5iter@ 10002770     LIBCMT:undname.obj
 0001:00001798       ??_C@_0CF@IMGKMJNO@?$GAmanaged?5vector?5destructor?5itera@ 10002798     LIBCMT:undname.obj
 0001:000017c0       ??_C@_0CG@CFDHKGGD@?$GAmanaged?5vector?5constructor?5iter@ 100027c0     LIBCMT:undname.obj
 0001:000017e8       ??_C@_0BN@CKNJLHMB@?$GAplacement?5delete?$FL?$FN?5closure?8?$AA@ 100027e8     LIBCMT:undname.obj
 0001:00001808       ??_C@_0BL@CNOONJFP@?$GAplacement?5delete?5closure?8?$AA@ 10002808     LIBCMT:undname.obj
 0001:00001824       ??_C@_0P@HJKNJFNN@?$GAomni?5callsig?8?$AA@ 10002824     LIBCMT:undname.obj
 0001:00001834       ??_C@_09LBNFPBCA@?5delete?$FL?$FN?$AA@ 10002834     LIBCMT:undname.obj
 0001:00001840       ??_C@_06FHBGPFGH@?5new?$FL?$FN?$AA@ 10002840     LIBCMT:undname.obj
 0001:00001848       ??_C@_0CE@IIHCMGGL@?$GAlocal?5vftable?5constructor?5closu@ 10002848     LIBCMT:undname.obj
 0001:0000186c       ??_C@_0BA@KKLDJDLB@?$GAlocal?5vftable?8?$AA@ 1000286c     LIBCMT:undname.obj
 0001:0000187c       ??_C@_05KHLCHHI@?$GARTTI?$AA@ 1000287c     LIBCMT:undname.obj
 0001:00001884       ??_C@_03KLGMFNMG@?$GAEH?$AA@ 10002884     LIBCMT:undname.obj
 0001:00001888       ??_C@_0BA@KBCDOMBN@?$GAudt?5returning?8?$AA@ 10002888     LIBCMT:undname.obj
 0001:00001898       ??_C@_0BL@LLKPOHJI@?$GAcopy?5constructor?5closure?8?$AA@ 10002898     LIBCMT:undname.obj
 0001:000018b4       ??_C@_0CH@OOJPLCPH@?$GAeh?5vector?5vbase?5constructor?5ite@ 100028b4     LIBCMT:undname.obj
 0001:000018dc       ??_C@_0CA@GCEOPDGL@?$GAeh?5vector?5destructor?5iterator?8?$AA@ 100028dc     LIBCMT:undname.obj
 0001:000018fc       ??_C@_0CB@JONCMFFK@?$GAeh?5vector?5constructor?5iterator?8@ 100028fc     LIBCMT:undname.obj
 0001:00001920       ??_C@_0BL@NILFHHPC@?$GAvirtual?5displacement?5map?8?$AA@ 10002920     LIBCMT:undname.obj
 0001:0000193c       ??_C@_0CE@IKBNEHA@?$GAvector?5vbase?5constructor?5iterat@ 1000293c     LIBCMT:undname.obj
 0001:00001960       ??_C@_0BN@LFPFMEDL@?$GAvector?5destructor?5iterator?8?$AA@ 10002960     LIBCMT:undname.obj
 0001:00001980       ??_C@_0BO@PFGOCPJJ@?$GAvector?5constructor?5iterator?8?$AA@ 10002980     LIBCMT:undname.obj
 0001:000019a0       ??_C@_0BN@IMDCHIKM@?$GAscalar?5deleting?5destructor?8?$AA@ 100029a0     LIBCMT:undname.obj
 0001:000019c0       ??_C@_0BO@OBMKPJIG@?$GAdefault?5constructor?5closure?8?$AA@ 100029c0     LIBCMT:undname.obj
 0001:000019e0       ??_C@_0BN@DEGPLNFK@?$GAvector?5deleting?5destructor?8?$AA@ 100029e0     LIBCMT:undname.obj
 0001:00001a00       ??_C@_0BD@JDLKDPAB@?$GAvbase?5destructor?8?$AA@ 10002a00     LIBCMT:undname.obj
 0001:00001a14       ??_C@_08OBABFOLI@?$GAstring?8?$AA@ 10002a14     LIBCMT:undname.obj
 0001:00001a20       ??_C@_0BF@KDPPACIK@?$GAlocal?5static?5guard?8?$AA@ 10002a20     LIBCMT:undname.obj
 0001:00001a38       ??_C@_08LLFFHHDJ@?$GAtypeof?8?$AA@ 10002a38     LIBCMT:undname.obj
 0001:00001a44       ??_C@_07FEEIOKP@?$GAvcall?8?$AA@ 10002a44     LIBCMT:undname.obj
 0001:00001a4c       ??_C@_09BLBHBJP@?$GAvbtable?8?$AA@ 10002a4c     LIBCMT:undname.obj
 0001:00001a58       ??_C@_09IFPLHPGF@?$GAvftable?8?$AA@ 10002a58     LIBCMT:undname.obj
 0001:00001a64       ??_C@_02MHEGNOJ@?$FO?$DN?$AA@ 10002a64     LIBCMT:undname.obj
 0001:00001a68       ??_C@_02DHLNPPGH@?$HM?$DN?$AA@ 10002a68     LIBCMT:undname.obj
 0001:00001a6c       ??_C@_02FGJGFEAB@?$CG?$DN?$AA@ 10002a6c     LIBCMT:undname.obj
 0001:00001a70       ??_C@_03CDNPDDLA@?$DM?$DM?$DN?$AA@ 10002a70     LIBCMT:undname.obj
 0001:00001a74       ??_C@_03IKFCCPFF@?$DO?$DO?$DN?$AA@ 10002a74     LIBCMT:undname.obj
 0001:00001a78       ??_C@_02FENAOKFI@?$CF?$DN?$AA@ 10002a78     LIBCMT:undname.obj
 0001:00001a7c       ??_C@_02FJEHGPIO@?1?$DN?$AA@ 10002a7c     LIBCMT:undname.obj
 0001:00001a80       ??_C@_02FKMDLLOA@?9?$DN?$AA@ 10002a80     LIBCMT:undname.obj
 0001:00001a84       ??_C@_02FOEOMHFC@?$CL?$DN?$AA@ 10002a84     LIBCMT:undname.obj
 0001:00001a88       ??_C@_02FPIMKNGF@?$CK?$DN?$AA@ 10002a88     LIBCMT:undname.obj
 0001:00001a8c       ??_C@_02NONPIBCD@?$HM?$HM?$AA@ 10002a8c     LIBCMT:undname.obj
 0001:00001a90       ??_C@_02PPKAJPJL@?$CG?$CG?$AA@ 10002a90     LIBCMT:undname.obj
 0001:00001a94       ??_C@_01DNKMNLPK@?$HM?$AA@ 10002a94     LIBCMT:undname.obj
 0001:00001a98       ??_C@_01JKBOJNNK@?$FO?$AA@ 10002a98     LIBCMT:undname.obj
 0001:00001a9c       ??_C@_01PJKLJHI@?$HO?$AA@  10002a9c     LIBCMT:undname.obj
 0001:00001aa0       ??_C@_02HCKGKOFO@?$CI?$CJ?$AA@ 10002aa0     LIBCMT:undname.obj
 0001:00001aa4       ??_C@_01IHBHIGKO@?0?$AA@   10002aa4     LIBCMT:undname.obj
 0001:00001aa8       ??_C@_02EEKDKGMJ@?$DO?$DN?$AA@ 10002aa8     LIBCMT:undname.obj
 0001:00001aac       ??_C@_01PPODPGHN@?$DO?$AA@ 10002aac     LIBCMT:undname.obj
 0001:00001ab0       ??_C@_02EHCHHCKH@?$DM?$DN?$AA@ 10002ab0     LIBCMT:undname.obj
 0001:00001ab4       ??_C@_01MNNFJEPP@?$DM?$AA@ 10002ab4     LIBCMT:undname.obj
 0001:00001ab8       ??_C@_01FGNFDNOH@?$CF?$AA@ 10002ab8     LIBCMT:undname.obj
 0001:00001abc       ??_C@_01KMDKNFGN@?1?$AA@   10002abc     LIBCMT:undname.obj
 0001:00001ac0       ??_C@_03MNHNFDLC@?9?$DO?$CK?$AA@ 10002ac0     LIBCMT:undname.obj
 0001:00001ac4       ??_C@_01HNPIGOCE@?$CG?$AA@ 10002ac4     LIBCMT:undname.obj
 0001:00001ac8       ??_C@_01MIFGBAGJ@?$CL?$AA@ 10002ac8     LIBCMT:undname.obj
 0001:00001acc       ??_C@_01JOAMLHOP@?9?$AA@   10002acc     LIBCMT:undname.obj
 0001:00001ad0       ??_C@_02BAABKJLB@?9?9?$AA@ 10002ad0     LIBCMT:undname.obj
 0001:00001ad4       ??_C@_02ECNGHCIF@?$CL?$CL?$AA@ 10002ad4     LIBCMT:undname.obj
 0001:00001ad8       ??_C@_01NBENCBCI@?$CK?$AA@ 10002ad8     LIBCMT:undname.obj
 0001:00001adc       ??_C@_02HBOOOICD@?9?$DO?$AA@ 10002adc     LIBCMT:undname.obj
 0001:00001ae0       ??_C@_08LHJFAFGD@operator?$AA@ 10002ae0     LIBCMT:undname.obj
 0001:00001aec       ??_C@_02GPECMEKF@?$FL?$FN?$AA@ 10002aec     LIBCMT:undname.obj
 0001:00001af0       ??_C@_02FDNJECIE@?$CB?$DN?$AA@ 10002af0     LIBCMT:undname.obj
 0001:00001af4       ??_C@_02EGOFBIJA@?$DN?$DN?$AA@ 10002af4     LIBCMT:undname.obj
 0001:00001af8       ??_C@_01DCLJPIOD@?$CB?$AA@ 10002af8     LIBCMT:undname.obj
 0001:00001afc       ??_C@_02FODMEDOG@?$DM?$DM?$AA@ 10002afc     LIBCMT:undname.obj
 0001:00001b00       ??_C@_02GPIOPFAK@?$DO?$DO?$AA@ 10002b00     LIBCMT:undname.obj
 0001:00001b04       ??_C@_01NEMOKFLO@?$DN?$AA@ 10002b04     LIBCMT:undname.obj
 0001:00001b08       ??_C@_07FPCDHGMM@?5delete?$AA@ 10002b08     LIBCMT:undname.obj
 0001:00001b10       ??_C@_04NIHEBCM@?5new?$AA@ 10002b10     LIBCMT:undname.obj
 0001:00001b15       ??_C@_00CNPNBAHC@?$AA@     10002b15     LIBCMT:undname.obj
 0001:00001b18       ??_C@_0M@GFIIJFMG@__unaligned?$AA@ 10002b18     LIBCMT:undname.obj
 0001:00001b24       ??_C@_0L@PILCLIHE@__restrict?$AA@ 10002b24     LIBCMT:undname.obj
 0001:00001b30       ??_C@_07JOMMBBKO@__ptr64?$AA@ 10002b30     LIBCMT:undname.obj
 0001:00001b38       ??_C@_06GHPCKEAG@__eabi?$AA@ 10002b38     LIBCMT:undname.obj
 0001:00001b40       ??_C@_09HIJEGCPM@__clrcall?$AA@ 10002b40     LIBCMT:undname.obj
 0001:00001b4c       ??_C@_0L@JMKHOMEK@__fastcall?$AA@ 10002b4c     LIBCMT:undname.obj
 0001:00001b58       ??_C@_0L@NPHFGOKO@__thiscall?$AA@ 10002b58     LIBCMT:undname.obj
 0001:00001b64       ??_C@_09IFJBGAPI@__stdcall?$AA@ 10002b64     LIBCMT:undname.obj
 0001:00001b70       ??_C@_08GHMPAG@__pascal?$AA@ 10002b70     LIBCMT:undname.obj
 0001:00001b7c       ??_C@_07KOLFKCDI@__cdecl?$AA@ 10002b7c     LIBCMT:undname.obj
 0001:00001b84       ??_C@_08EHJDFFNH@__based?$CI?$AA@ 10002b84     LIBCMT:undname.obj
 0001:00001d20       ___newctype                10002d20     LIBCMT:ctype.obj
 0001:00002020       __wctype                   10003020     LIBCMT:ctype.obj
 0001:00002228       ___newclmap                10003228     LIBCMT:ctype.obj
 0001:000023a8       ___newcumap                100033a8     LIBCMT:ctype.obj
 0001:000025a8       __load_config_used         100035a8     LIBCMT:loadcfg.obj
 0001:000025f0       ??_R4bad_alloc@std@@6B@    100035f0     LIBCMT:new.obj
 0001:00002604       ??_R3bad_alloc@std@@8      10003604     LIBCMT:new.obj
 0001:00002614       ??_R2bad_alloc@std@@8      10003614     LIBCMT:new.obj
 0001:00002620       ??_R1A@?0A@EA@bad_alloc@std@@8 10003620     LIBCMT:new.obj
 0001:0000263c       ??_R1A@?0A@EA@exception@std@@8 1000363c     LIBCMT:new.obj
 0001:00002658       ??_R3exception@std@@8      10003658     LIBCMT:new.obj
 0001:00002668       ??_R2exception@std@@8      10003668     LIBCMT:new.obj
 0001:00002670       ??_R4exception@std@@6B@    10003670     LIBCMT:stdexcpt.obj
 0001:00002684       ??_R4type_info@@6B@        10003684     LIBCMT:typinfo.obj
 0001:00002698       ??_R3type_info@@8          10003698     LIBCMT:typinfo.obj
 0001:000026a8       ??_R2type_info@@8          100036a8     LIBCMT:typinfo.obj
 0001:000026b0       ??_R1A@?0A@EA@type_info@@8 100036b0     LIBCMT:typinfo.obj
 0001:000026d0       ___safe_se_handler_table   100036d0     <linker-defined>
 0001:000026e0       ___rtc_iaa                 100036e0     LIBCMT:_initsect_.obj
 0001:000026e4       ___rtc_izz                 100036e4     LIBCMT:_initsect_.obj
 0001:000026e8       ___rtc_taa                 100036e8     LIBCMT:_initsect_.obj
 0001:000026ec       ___rtc_tzz                 100036ec     LIBCMT:_initsect_.obj
 0001:000026f0       __alloca_probe             100036f0     chkstk.obj
 0001:000026f0       __chkstk                   100036f0 f   chkstk.obj
 0001:00002720       _GetGlobalInfoW@4          10003720 f   EMenu.obj
 0001:000027a0       _SetStartupInfoW@4         100037a0 f   EMenu.obj
 0001:000027e0       _GetPluginInfoW@4          100037e0 f   EMenu.obj
 0001:000027f0       _OpenW@4                   100037f0 f   EMenu.obj
 0001:00002810       _ConfigureW@4              10003810 f   EMenu.obj
 0001:00002820       _ExitFARW@4                10003820 f   EMenu.obj
 0001:00002850       ??0auto_sz@@QAE@XZ         10003850 f   auto_sz.obj
 0001:00002860       ??Bauto_sz@@QAEPA_WXZ      10003860 f   auto_sz.obj
 0001:00002860       ??Bauto_sz@@QAEPB_WXZ      10003860 f   auto_sz.obj
 0001:00002870       ??Aauto_sz@@QAE_WH@Z       10003870 f   auto_sz.obj
 0001:00002880       ?Realloc@auto_sz@@QAEXI@Z  10003880 f   auto_sz.obj
 0001:00002920       ??Yauto_sz@@QAEAAV0@PB_W@Z 10003920 f   auto_sz.obj
 0001:00002960       ?Len@auto_sz@@QBEIXZ       10003960 f   auto_sz.obj
 0001:00002970       ?Trunc@auto_sz@@QAEXI@Z    10003970 f   auto_sz.obj
 0001:00002990       ??9auto_sz@@QAE_NPB_W@Z    10003990 f   auto_sz.obj
 0001:000029b0       ?CompareExcluding@auto_sz@@QAE_NPB_W_W@Z 100039b0 f   auto_sz.obj
 0001:00002a10       ?RemoveTrailing@auto_sz@@QAEX_W@Z 10003a10 f   auto_sz.obj
 0001:00002a50       ?IsEmpty@auto_sz@@QAE_NXZ  10003a50 f   auto_sz.obj
 0001:00002a70       ??0auto_sz@@QAE@PB_WI@Z    10003a70 f   auto_sz.obj
 0001:00002aa0       ??1auto_sz@@QAE@XZ         10003aa0 f   auto_sz.obj
 0001:00002ad0       ??4auto_sz@@QAEAAV0@PB_W@Z 10003ad0 f   auto_sz.obj
 0001:00002b40       ??4auto_sz@@QAEAAV0@ABV0@@Z 10003b40 f   auto_sz.obj
 0001:00002b70       ??0auto_sz@@QAE@PB_W@Z     10003b70 f   auto_sz.obj
 0001:00002b90       ??0auto_sz@@QAE@ABU_STRRET@@PBU_ITEMIDLIST@@@Z 10003b90 f   auto_sz.obj
 0001:00002c10       ??0CFarMenu@@QAE@PB_WPBU_GUID@@I@Z 10003c10 f   FarMenu.obj
 0001:00002ca0       ??1CFarMenu@@QAE@XZ        10003ca0 f   FarMenu.obj
 0001:00002d00       ?InsertItem@CFarMenu@@QAEIIPB_W_NW4ECheck@1@1@Z 10003d00 f   FarMenu.obj
 0001:00002e40       ?AddArrows@CFarMenu@@IAEXXZ 10003e40 f   FarMenu.obj
 0001:00002fc0       ??ACFarMenu@@QAEPB_WI@Z    10003fc0 f   FarMenu.obj
 0001:00002fe0       ?GetCursorXY@CFarMenu@@QAEXPAH0@Z 10003fe0 f   FarMenu.obj
 0001:000030c0       ?Show@CFarMenu@@QAEHPB_WH_N@Z 100040c0 f   FarMenu.obj
 0001:000032f0       ?AddItem@CFarMenu@@QAEIPB_W_NW4ECheck@1@1@Z 100042f0 f   FarMenu.obj
 0001:00003310       ?AddSeparator@CFarMenu@@QAEXXZ 10004310 f   FarMenu.obj
 0001:000033a0       ?MenuDlgProc@@YGHPAUHWND__@@IIJ@Z 100043a0 f   MenuDlg.obj
 0001:00003560       ?ShowMenu@OleThread@@YAHAAVCFarMenu@@PB_WH_N@Z 10004560 f   OleThread.obj
 0001:000035c0       ?Stop@OleThread@@YAXXZ     100045c0 f   OleThread.obj
 0001:000035e0       ?Startup@OleThread@@YAXXZ  100045e0 f   OleThread.obj
 0001:000036a0       ?ThreadProc@OleThread@@YGKPAX@Z 100046a0 f   OleThread.obj
 0001:000037f0       ?EnsureThreadStarted@OleThread@@YA_NXZ 100047f0 f   OleThread.obj
 0001:00003920       ?OpenPlugin@OleThread@@YA?AW4EDoMenu@CPlugin@@HH@Z 10004920 f   OleThread.obj
 0001:000039e0       ?Cleanup@OleThread@@YAXXZ  100049e0 f   OleThread.obj
 0001:00003ac0       ??0CPidl@@QAE@PAUIMalloc@@@Z 10004ac0 f   Pidl.obj
 0001:00003ae0       ??1CPidl@@QAE@XZ           10004ae0 f   Pidl.obj
 0001:00003b20       ??BCPidl@@QAEPAU_ITEMIDLIST@@XZ 10004b20 f   Pidl.obj
 0001:00003b30       ?EnsureSpace@CPidl@@QAEXXZ 10004b30 f   Pidl.obj
 0001:00003b80       ??ICPidl@@QAEPAPAU_ITEMIDLIST@@XZ 10004b80 f   Pidl.obj
 0001:00003b80       ?GetArray@CPidl@@QAEPAPBU_ITEMIDLIST@@XZ 10004b80 f   Pidl.obj
 0001:00003ba0       ?Insert@CPidl@@QAEXIPAU_ITEMIDLIST@@@Z 10004ba0 f   Pidl.obj
 0001:00003c30       ?GetAt@CPidl@@QAEPAU_ITEMIDLIST@@I@Z 10004c30 f   Pidl.obj
 0001:00003c50       ?Count@CPidl@@QAEIXZ       10004c50 f   Pidl.obj
 0001:00003c60       ?Add@CPidl@@QAEXPAU_ITEMIDLIST@@@Z 10004c60 f   Pidl.obj
 0001:00003c80       ?GetLangString@PluginDialogBuilder@@MAEPB_WH@Z 10004c80 f i Plugin.obj
 0001:00003ca0       ?_com_issue_error@@YGXJ@Z  10004ca0 f   Plugin.obj
 0001:00003cb0       ?IsWindowsVersionOrGreater@@YA_NGGG@Z 10004cb0 f i Plugin.obj
 0001:00003d60       ??1CPlugin@@QAE@XZ         10004d60 f   Plugin.obj
 0001:00003d70       ?ReadRegValues@CPlugin@@IAEXXZ 10004d70 f   Plugin.obj
 0001:00004070       ?Message@CPlugin@@IAEHKPB_WPBQB_WHH@Z 10005070 f   Plugin.obj
 0001:000040b0       ?CfgDlgProc@CPlugin@@IAEXPAXHH0@Z 100050b0 f   Plugin.obj
 0001:00004180       ?ExitFAR@CPlugin@@QAEXXZ   10005180 f   Plugin.obj
 0001:00004190       ?OpenPlugin@CPlugin@@QAEPAXHH@Z 10005190 f   Plugin.obj
 0001:00004320       ?ParseParams@CPlugin@@IAEIPA_WPAPB_W@Z 10005320 f   Plugin.obj
 0001:000043c0       ?GetFilesFromPanel@CPlugin@@IAE_NPAPAPB_WPAI1PAVauto_sz@@@Z 100053c0 f   Plugin.obj
 0001:00004760       ?ShowGuiMenu@CPlugin@@IAE_NPAUHMENU__@@PAUIContextMenu@@PAUIContextMenu2@@PAUIContextMenu3@@PAH@Z 10005760 f   Plugin.obj
 0001:00004890       ?GetAdditionalString@CPlugin@@IAE_NPAUIContextMenu@@IW4EAdditionalStr@1@PAVauto_sz@@@Z 10005890 f   Plugin.obj
 0001:00004980       ?TextWidth@?$DialogBuilderBase@UFarDialogItem@@@@MAEHABUFarDialogItem@@@Z 10005980 f i Plugin.obj
 0001:00004990       ?DoShowDialog@?$DialogBuilderBase@UFarDialogItem@@@@MAEHXZ 10005990 f i Plugin.obj
 0001:000049a0       ?GetLangString@?$DialogBuilderBase@UFarDialogItem@@@@MAEPB_WH@Z 100059a0 f i Plugin.obj
 0001:000049a0       ?CreateRadioButtonBinding@?$DialogBuilderBase@UFarDialogItem@@@@MAEPAU?$DialogItemBinding@UFarDialogItem@@@@PAH@Z 100059a0 f i Plugin.obj
 0001:000049b0       ??1?$DialogBuilderBase@UFarDialogItem@@@@MAE@XZ 100059b0 f i Plugin.obj
 0001:00004a00       ?AddIntEditField@?$DialogBuilderBase@UFarDialogItem@@@@UAEPAUFarDialogItem@@PAHH@Z 10005a00 f i Plugin.obj
 0001:00004a00       ?CreateCheckBoxBinding@?$DialogBuilderBase@UFarDialogItem@@@@MAEPAU?$DialogItemBinding@UFarDialogItem@@@@PAHH@Z 10005a00 f i Plugin.obj
 0001:00004a00       ?AddUIntEditField@?$DialogBuilderBase@UFarDialogItem@@@@UAEPAUFarDialogItem@@PAIH@Z 10005a00 f i Plugin.obj
 0001:00004a10       ??_G?$DialogBuilderBase@UFarDialogItem@@@@MAEPAXI@Z 10005a10 f i Plugin.obj
 0001:00004a10       ??_E?$DialogBuilderBase@UFarDialogItem@@@@MAEPAXI@Z 10005a10 f i Plugin.obj
 0001:00004a30       ?ReallocDialogItems@?$DialogBuilderBase@UFarDialogItem@@@@IAEXXZ 10005a30 f i Plugin.obj
 0001:00004b00       ?UpdateSecondColumnPosition@?$DialogBuilderBase@UFarDialogItem@@@@IAEXXZ 10005b00 f i Plugin.obj
 0001:00004b60       ?SaveValues@?$DialogBuilderBase@UFarDialogItem@@@@IAEXXZ 10005b60 f i Plugin.obj
 0001:00004bb0       ?MaxTextWidth@?$DialogBuilderBase@UFarDialogItem@@@@IAEHXZ 10005bb0 f i Plugin.obj
 0001:00004c70       ??1CHMenu@@QAE@XZ          10005c70 f i Plugin.obj
 0001:00004c90       ?InitDialogItem@PluginDialogBuilder@@MAEXPAUFarDialogItem@@PB_W@Z 10005c90 f i Plugin.obj
 0001:00004cb0       ?TextWidth@PluginDialogBuilder@@MAEHABUFarDialogItem@@@Z 10005cb0 f i Plugin.obj
 0001:00004cd0       ?DoShowDialog@PluginDialogBuilder@@MAEHXZ 10005cd0 f i Plugin.obj
 0001:00004d30       ?InitDialogItem@?$DialogBuilderBase@UFarDialogItem@@@@MAEXPAUFarDialogItem@@PB_W@Z 10005d30 f i Plugin.obj
 0001:00004d30       ?SaveValue@?$DialogItemBinding@UFarDialogItem@@@@UAEXPAUFarDialogItem@@H@Z 10005d30 f i Plugin.obj
 0001:00004d40       ?SaveValue@PluginCheckBoxBinding@@UAEXPAUFarDialogItem@@H@Z 10005d40 f i Plugin.obj
 0001:00004d80       ?SaveValue@PluginRadioButtonBinding@@UAEXPAUFarDialogItem@@H@Z 10005d80 f i Plugin.obj
 0001:00004db0       ??0PluginIntEditFieldBinding@@QAE@ABUPluginStartupInfo@@PAPAXHPAHH@Z 10005db0 f i Plugin.obj
 0001:00004e50       ?SaveValue@PluginIntEditFieldBinding@@UAEXPAUFarDialogItem@@H@Z 10005e50 f i Plugin.obj
 0001:00004e80       ??0PluginUIntEditFieldBinding@@QAE@ABUPluginStartupInfo@@PAPAXHPAIH@Z 10005e80 f i Plugin.obj
 0001:00004f20       ?SaveValue@PluginUIntEditFieldBinding@@UAEXPAUFarDialogItem@@H@Z 10005f20 f i Plugin.obj
 0001:00004f50       ?CreateCheckBoxBinding@PluginDialogBuilder@@MAEPAU?$DialogItemBinding@UFarDialogItem@@@@PAHH@Z 10005f50 f i Plugin.obj
 0001:00004fa0       ?CreateRadioButtonBinding@PluginDialogBuilder@@MAEPAU?$DialogItemBinding@UFarDialogItem@@@@PAH@Z 10005fa0 f i Plugin.obj
 0001:00004ff0       ??_EPluginDialogBuilder@@UAEPAXI@Z 10005ff0 f i Plugin.obj
 0001:00004ff0       ??_GPluginDialogBuilder@@UAEPAXI@Z 10005ff0 f i Plugin.obj
 0001:00005030       ??0CPlugin@@QAE@PBUPluginStartupInfo@@@Z 10006030 f   Plugin.obj
 0001:00005100       ?GetPluginInfo@CPlugin@@QAEXPAUPluginInfo@@@Z 10006100 f   Plugin.obj
 0001:00005160       ?CfgDlgProcStatic@CPlugin@@KGHPAXHH0@Z 10006160 f   Plugin.obj
 0001:000051b0       ?GetFilesFromParams@CPlugin@@IAE_NPA_WPAPAPB_WPAI2PAVauto_sz@@_N@Z 100061b0 f   Plugin.obj
 0001:00005330       ?AddCheckbox@?$DialogBuilderBase@UFarDialogItem@@@@QAEPAUFarDialogItem@@HPAHH_N@Z 10006330 f i Plugin.obj
 0001:00005460       ?AddRadioButtons@?$DialogBuilderBase@UFarDialogItem@@@@QAEXPAHHQBH_N@Z 10006460 f i Plugin.obj
 0001:000055c0       ?AddButtons@?$DialogBuilderBase@UFarDialogItem@@@@QAEXHPBHHH@Z 100065c0 f i Plugin.obj
 0001:00005720       ?UpdateBorderSize@?$DialogBuilderBase@UFarDialogItem@@@@IAEXXZ 10006720 f i Plugin.obj
 0001:000057d0       ?AddSeparator@?$DialogBuilderBase@UFarDialogItem@@@@QAEXPB_W@Z 100067d0 f i Plugin.obj
 0001:00005840       ??_GPluginRadioButtonBinding@@UAEPAXI@Z 10006840 f i Plugin.obj
 0001:00005840       ??_G?$DialogItemBinding@UFarDialogItem@@@@UAEPAXI@Z 10006840 f i Plugin.obj
 0001:00005840       ??_GPluginIntEditFieldBinding@@UAEPAXI@Z 10006840 f i Plugin.obj
 0001:00005840       ??_E?$DialogItemBinding@UFarDialogItem@@@@UAEPAXI@Z 10006840 f i Plugin.obj
 0001:00005840       ??_EPluginUIntEditFieldBinding@@UAEPAXI@Z 10006840 f i Plugin.obj
 0001:00005840       ??_GPluginUIntEditFieldBinding@@UAEPAXI@Z 10006840 f i Plugin.obj
 0001:00005840       ??_EPluginRadioButtonBinding@@UAEPAXI@Z 10006840 f i Plugin.obj
 0001:00005840       ??_EPluginCheckBoxBinding@@UAEPAXI@Z 10006840 f i Plugin.obj
 0001:00005840       ??_EPluginIntEditFieldBinding@@UAEPAXI@Z 10006840 f i Plugin.obj
 0001:00005840       ??_GPluginCheckBoxBinding@@UAEPAXI@Z 10006840 f i Plugin.obj
 0001:00005860       ??0PluginDialogBuilder@@QAE@ABUPluginStartupInfo@@ABU_GUID@@1HPB_WP6GHPAXHH3@Z3_K@Z 10006860 f i Plugin.obj
 0001:00005970       ?AddIntEditField@PluginDialogBuilder@@UAEPAUFarDialogItem@@PAHH@Z 10006970 f i Plugin.obj
 0001:00005a30       ?AddUIntEditField@PluginDialogBuilder@@UAEPAUFarDialogItem@@PAIH@Z 10006a30 f i Plugin.obj
 0001:00005af0       ?ShowFolder@CPlugin@@IAE_NPAUIShellFolder@@PBU_ITEMIDLIST@@PAHPB_WPAPAUIDropTarget@@@Z 10006af0 f   Plugin.obj
 0001:00005dd0       ??$_QueryInterface@V?$_com_ptr_t@V?$_com_IIID@UIContextMenu@@$1?_GUID_000214e4_0000_0000_c000_000000000046@@3U__s_GUID@@B@@@@@?$_com_ptr_t@V?$_com_IIID@UIContextMenu2@@$1?_GUID_000214f4_0000_0000_c000_000000000046@@3U__s_GUID@@B@@@@AAEJV?$_com_ptr_t@V?$_com_IIID@UIContextMenu@@$1?_GUID_000214e4_0000_0000_c000_000000000046@@3U__s_GUID@@B@@@@@Z 10006dd0 f i Plugin.obj
 0001:00005e50       ??$_QueryInterface@V?$_com_ptr_t@V?$_com_IIID@UIContextMenu@@$1?_GUID_000214e4_0000_0000_c000_000000000046@@3U__s_GUID@@B@@@@@?$_com_ptr_t@V?$_com_IIID@UIContextMenu3@@$1?_GUID_bcfce0a0_ec17_11d0_8d10_00a0c90f2719@@3U__s_GUID@@B@@@@AAEJV?$_com_ptr_t@V?$_com_IIID@UIContextMenu@@$1?_GUID_000214e4_0000_0000_c000_000000000046@@3U__s_GUID@@B@@@@@Z 10006e50 f i Plugin.obj
 0001:00005ed0       ?ShowTextMenu@CPlugin@@IAE_NPAUHMENU__@@PAUIContextMenu@@PAUIContextMenu2@@PAUIContextMenu3@@PAHPB_WPAUIShellFolder@@PAPBU_ITEMIDLIST@@I@Z 10006ed0 f   Plugin.obj
 0001:00006670       ?Configure@CPlugin@@QAEHXZ 10007670 f   Plugin.obj
 0001:00006c90       ?DoMenu@CPlugin@@IAE?AW4EDoMenu@1@PAUIShellFolder@@PAPBU_ITEMIDLIST@@QAPB_WIIPB_WW4EAutoItem@1@@Z 10007c90 f   Plugin.obj
 0001:000075c0       ?SelectDrive@CPlugin@@IAE?AW4EDoMenu@1@XZ 100085c0 f   Plugin.obj
 0001:000079b0       ?MenuForPanelOrCmdLine@CPlugin@@IAE?AW4EDoMenu@1@PA_WW4EAutoItem@1@@Z 100089b0 f   Plugin.obj
 0001:00007d90       ?DoMenu@CPlugin@@IAE?AW4EDoMenu@1@PA_WW4CallMode@1@@Z 10008d90 f   Plugin.obj
 0001:00008020       ?OpenPluginBkg@CPlugin@@QAE?AW4EDoMenu@1@HH@Z 10009020 f   Plugin.obj
 0001:00008190       _EncodePointerWrapper@4    10009190 f   vc_crt_fix_impl.obj
 0001:000081e0       _DecodePointerWrapper@4    100091e0 f   vc_crt_fix_impl.obj
 0001:00008230       _GetModuleHandleExWWrapper@12 10009230 f   vc_crt_fix_impl.obj
 0001:00008273       ??_U@YAPAXI@Z              10009273 f   libcpmt:newaop.obj
 0001:0000827e       ??1bad_alloc@std@@UAE@XZ   1000927e f i LIBCMT:new.obj
 0001:00008289       ??_Ebad_alloc@std@@UAEPAXI@Z 10009289 f i LIBCMT:new.obj
 0001:00008289       ??_Gbad_alloc@std@@UAEPAXI@Z 10009289 f i LIBCMT:new.obj
 0001:000082b0       ??0bad_alloc@std@@QAE@ABV01@@Z 100092b0 f i LIBCMT:new.obj
 0001:000082cd       ??2@YAPAXI@Z               100092cd f   LIBCMT:new.obj
 0001:0000834d       ??3@YAXPAX@Z               1000934d f   LIBCMT:delete.obj
 0001:00008358       ??_V@YAXPAX@Z              10009358 f   LIBCMT:delete2.obj
 0001:00008370       _memmove                   10009370 f   LIBCMT:memmove.obj
 0001:000086e0       _memcpy                    100096e0 f   LIBCMT:memcpy.obj
 0001:00008a50       _memset                    10009a50 f   LIBCMT:memset.obj
 0001:00008ad8       __except_handler3          10009ad8 f   LIBCMT:exsup3.obj
 0001:00008bd6       __seh_longjmp_unwind@4     10009bd6 f   LIBCMT:exsup3.obj
 0001:00008bf1       _free                      10009bf1 f   LIBCMT:free.obj
 0001:00008c2b       _wcsncmp                   10009c2b f   LIBCMT:wcsncmp.obj
 0001:00008c64       _malloc                    10009c64 f   LIBCMT:malloc.obj
 0001:00008cf8       __CRT_INIT@12              10009cf8 f   LIBCMT:dllcrt0.obj
 0001:00008f52       __DllMainCRTStartup@12     10009f52 f   LIBCMT:dllcrt0.obj
 0001:00008f75       ??0exception@std@@QAE@ABQBDH@Z 10009f75 f   LIBCMT:stdexcpt.obj
 0001:00008f92       ?what@exception@std@@UBEPBDXZ 10009f92 f   LIBCMT:stdexcpt.obj
 0001:00008f9f       ?_Copy_str@exception@std@@AAEXPBD@Z 10009f9f f   LIBCMT:stdexcpt.obj
 0001:00008fdf       ?_Tidy@exception@std@@AAEXXZ 10009fdf f   LIBCMT:stdexcpt.obj
 0001:00008ffd       ??4exception@std@@QAEAAV01@ABV01@@Z 10009ffd f   LIBCMT:stdexcpt.obj
 0001:00009032       ??1exception@std@@UAE@XZ   1000a032 f   LIBCMT:stdexcpt.obj
 0001:0000903d       ??_Eexception@std@@UAEPAXI@Z 1000a03d f i LIBCMT:stdexcpt.obj
 0001:0000903d       ??_Gexception@std@@UAEPAXI@Z 1000a03d f i LIBCMT:stdexcpt.obj
 0001:00009064       ??0exception@std@@QAE@ABV01@@Z 1000a064 f   LIBCMT:stdexcpt.obj
 0001:00009089       ??1type_info@@UAE@XZ       1000a089 f   LIBCMT:typinfo.obj
 0001:00009099       ??_Etype_info@@UAEPAXI@Z   1000a099 f i LIBCMT:typinfo.obj
 0001:00009099       ??_Gtype_info@@UAEPAXI@Z   1000a099 f i LIBCMT:typinfo.obj
 0001:00009170       ___onexitinit              1000a170 f   LIBCMT:onexit.obj
 0001:000091a1       __onexit                   1000a1a1 f   LIBCMT:onexit.obj
 0001:000091dd       _atexit                    1000a1dd f   LIBCMT:onexit.obj
 0001:000091f4       __initp_heap_handler       1000a1f4 f   LIBCMT:handler.obj
 0001:00009203       __callnewh                 1000a203 f   LIBCMT:handler.obj
 0001:0000922b       __CxxThrowException@8      1000a22b f   LIBCMT:throw.obj
 0001:00009277       __VEC_memcpy               1000a277 f   LIBCMT:p4_memcpy.obj
 0001:0000937a       ___sse2_available_init     1000a37a f   LIBCMT:cpu_disp.obj
 0001:0000938a       __VEC_memzero              1000a38a f   LIBCMT:p4_memset.obj
 0001:00009444       _CallDestructExceptionObject 1000a444 f   LIBCMT:calldtor.obj
 0001:00009480       __global_unwind2           1000a480 f   LIBCMT:exsup.obj
 0001:000094e5       __local_unwind2            1000a4e5 f   LIBCMT:exsup.obj
 0001:00009569       __abnormal_termination     1000a569 f   LIBCMT:exsup.obj
 0001:0000958c       __NLG_Notify1              1000a58c f   LIBCMT:exsup.obj
 0001:00009595       __NLG_Notify               1000a595 f   LIBCMT:exsup.obj
 0001:000095ac       __NLG_Dispatch             1000a5ac     LIBCMT:exsup.obj
 0001:000095ac       __NLG_Dispatch2            1000a5ac     LIBCMT:exsup.obj
 0001:000095b4       __NLG_Call                 1000a5b4 f   LIBCMT:exsup.obj
 0001:000095b6       __NLG_Return2              1000a5b6     LIBCMT:exsup.obj
 0001:00009680       __ValidateEH3RN            1000a680 f   LIBCMT:eh3valid.obj
 0001:000099c6       __get_errno_from_oserr     1000a9c6 f   LIBCMT:dosmap.obj
 0001:00009a08       __errno                    1000aa08 f   LIBCMT:dosmap.obj
 0001:00009a1b       __heap_init                1000aa1b f   LIBCMT:heapinit.obj
 0001:00009a39       __heap_term                1000aa39 f   LIBCMT:heapinit.obj
 0001:00009a4d       ___crtCorExitProcess       1000aa4d f   LIBCMT:crt0dat.obj
 0001:00009a78       ___crtExitProcess          1000aa78 f   LIBCMT:crt0dat.obj
 0001:00009a90       __lockexit                 1000aa90 f   LIBCMT:crt0dat.obj
 0001:00009a99       __unlockexit               1000aa99 f   LIBCMT:crt0dat.obj
 0001:00009aa2       __init_pointers            1000aaa2 f   LIBCMT:crt0dat.obj
 0001:00009ad5       __initterm_e               1000aad5 f   LIBCMT:crt0dat.obj
 0001:00009af9       __cinit                    1000aaf9 f   LIBCMT:crt0dat.obj
 0001:00009cd0       __exit                     1000acd0 f   LIBCMT:crt0dat.obj
 0001:00009ce6       __cexit                    1000ace6 f   LIBCMT:crt0dat.obj
 0001:00009cf5       __amsg_exit                1000acf5 f   LIBCMT:crt0dat.obj
 0001:00009d13       __GET_RTERRMSG             1000ad13 f   LIBCMT:crt0msg.obj
 0001:00009d39       __NMSG_WRITE               1000ad39 f   LIBCMT:crt0msg.obj
 0001:00009ee8       __FF_MSGBANNER             1000aee8 f   LIBCMT:crt0msg.obj
 0001:00009f21       __encoded_null             1000af21 f   LIBCMT:tidtable.obj
 0001:00009f2a       ___crtTlsAlloc@4           1000af2a f   LIBCMT:tidtable.obj
 0001:00009f33       ___set_flsgetvalue         1000af33 f   LIBCMT:tidtable.obj
 0001:00009f67       __mtterm                   1000af67 f   LIBCMT:tidtable.obj
 0001:00009fa4       __initptd                  1000afa4 f   LIBCMT:tidtable.obj
 0001:0000a058       __getptd_noexit            1000b058 f   LIBCMT:tidtable.obj
 0001:0000a0d1       __getptd                   1000b0d1 f   LIBCMT:tidtable.obj
 0001:0000a0eb       __freefls@4                1000b0eb f   LIBCMT:tidtable.obj
 0001:0000a21a       __freeptd                  1000b21a f   LIBCMT:tidtable.obj
 0001:0000a288       __mtinit                   1000b288 f   LIBCMT:tidtable.obj
 0001:0000a403       __malloc_crt               1000b403 f   LIBCMT:crtheap.obj
 0001:0000a448       __calloc_crt               1000b448 f   LIBCMT:crtheap.obj
 0001:0000a494       __realloc_crt              1000b494 f   LIBCMT:crtheap.obj
 0001:0000a4e2       __ioinit                   1000b4e2 f   LIBCMT:ioinit.obj
 0001:0000a727       __ioterm                   1000b727 f   LIBCMT:ioinit.obj
 0001:0000a77a       __setenvp                  1000b77a f   LIBCMT:stdenvp.obj
 0001:0000a9f0       __setargv                  1000b9f0 f   LIBCMT:stdargv.obj
 0001:0000aaab       ___crtGetEnvironmentStringsA 1000baab f   LIBCMT:a_env.obj
 0001:0000ab42       __RTC_Initialize           1000bb42 f   LIBCMT:_initsect_.obj
 0001:0000ab68       __RTC_Terminate            1000bb68 f   LIBCMT:_initsect_.obj
 0001:0000ab90       __SEH_prolog4              1000bb90 f   LIBCMT:sehprolg4.obj
 0001:0000abd5       __SEH_epilog4              1000bbd5 f   LIBCMT:sehprolg4.obj
 0001:0000abf0       __except_handler4          1000bbf0 f   LIBCMT:chandler4.obj
 0001:0000ad7f       __XcptFilter               1000bd7f f   LIBCMT:winxfltr.obj
 0001:0000aec9       ___CppXcptFilter           1000bec9 f   LIBCMT:winxfltr.obj
 0001:0000aee9       _DllMain@12                1000bee9 f   LIBCMT:dllmain.obj
 0001:0000aeef       ___security_init_cookie    1000beef f   LIBCMT:gs_support.obj
 0001:0000af8a       _strcpy_s                  1000bf8a f   LIBCMT:strcpy_s.obj
 0001:0000aff0       _strlen                    1000bff0 f   LIBCMT:strlen.obj
 0001:0000b07b       ?_Type_info_dtor@type_info@@CAXPAV1@@Z 1000c07b f   LIBCMT:typname.obj
 0001:0000b0f0       _strcmp                    1000c0f0 f   LIBCMT:strcmp.obj
 0001:0000b178       __msize                    1000c178 f   LIBCMT:msize.obj
 0001:0000b1ab       __mtinitlocks              1000c1ab f   LIBCMT:mlock.obj
 0001:0000b1f5       __mtdeletelocks            1000c1f5 f   LIBCMT:mlock.obj
 0001:0000b24c       __unlock                   1000c24c f   LIBCMT:mlock.obj
 0001:0000b263       __mtinitlocknum            1000c263 f   LIBCMT:mlock.obj
 0001:0000b325       __lock                     1000c325 f   LIBCMT:mlock.obj
 0001:0000b360       __ValidateImageBase        1000c360 f   LIBCMT:pesect.obj
 0001:0000b3a0       __FindPESection            1000c3a0 f   LIBCMT:pesect.obj
 0001:0000b3f0       __IsNonwritableInCurrentImage 1000c3f0 f   LIBCMT:pesect.obj
 0001:0000b4ac       @__security_check_cookie@4 1000c4ac f   LIBCMT:secchk.obj
 0001:0000b4bb       __initp_misc_invarg        1000c4bb f   LIBCMT:invarg.obj
 0001:0000b4ca       __call_reportfault         1000c4ca f   LIBCMT:invarg.obj
 0001:0000b5f3       __invoke_watson            1000c5f3 f   LIBCMT:invarg.obj
 0001:0000b618       __invalid_parameter        1000c618 f   LIBCMT:invarg.obj
 0001:0000b645       __invalid_parameter_noinfo 1000c645 f   LIBCMT:invarg.obj
 0001:0000b655       ?terminate@@YAXXZ          1000c655 f   LIBCMT:hooks.obj
 0001:0000b68e       __initp_eh_hooks           1000c68e f   LIBCMT:hooks.obj
 0001:0000b69f       __initp_misc_winsig        1000c69f f   LIBCMT:winsig.obj
 0001:0000b6f4       ___get_sigabrt             1000c6f4 f   LIBCMT:winsig.obj
 0001:0000b701       _raise                     1000c701 f   LIBCMT:winsig.obj
 0001:0000b8a4       __initp_misc_rand_s        1000c8a4 f   LIBCMT:rand_s.obj
 0001:0000b8b3       __initp_misc_purevirt      1000c8b3 f   LIBCMT:inithelp.obj
 0001:0000b8c2       __initp_misc_cfltcvt_tab   1000c8c2 f   LIBCMT:cmiscdat.obj
 0001:0000b8e5       ___crtMessageBoxW          1000c8e5 f   LIBCMT:crtmboxw.obj
 0001:0000ba51       _wcscat_s                  1000ca51 f   LIBCMT:wcscat_s.obj
 0001:0000bac6       _wcsncpy_s                 1000cac6 f   LIBCMT:wcsncpy_s.obj
 0001:0000bb93       _wcslen                    1000cb93 f   LIBCMT:wcslen.obj
 0001:0000bbae       _wcscpy_s                  1000cbae f   LIBCMT:wcscpy_s.obj
 0001:0000bc11       __set_error_mode           1000cc11 f   LIBCMT:errmode.obj
 0001:0000bc50       ___addlocaleref            1000cc50 f   LIBCMT:localref.obj
 0001:0000bcdf       ___removelocaleref         1000ccdf f   LIBCMT:localref.obj
 0001:0000bd78       ___freetlocinfo            1000cd78 f   LIBCMT:localref.obj
 0001:0000bec3       __updatetlocinfoEx_nolock  1000cec3 f   LIBCMT:localref.obj
 0001:0000bf10       ___updatetlocinfo          1000cf10 f   LIBCMT:localref.obj
 0001:0000c1ac       ___updatetmbcinfo          1000d1ac f   LIBCMT:mbctype.obj
 0001:0000c250       ??0_LocaleUpdate@@QAE@PAUlocaleinfo_struct@@@Z 1000d250 f i LIBCMT:mbctype.obj
 0001:0000c353       __setmbcp_nolock           1000d353 f   LIBCMT:mbctype.obj
 0001:0000c53c       __setmbcp                  1000d53c f   LIBCMT:mbctype.obj
 0001:0000c6d6       ___initmbctable            1000d6d6 f   LIBCMT:mbctype.obj
 0001:0000c6f4       __calloc_impl              1000d6f4 f   LIBCMT:calloc_impl.obj
 0001:0000c776       _realloc                   1000d776 f   LIBCMT:realloc.obj
 0001:0000c876       __ismbblead                1000d876 f   LIBCMT:ismbbyte.obj
 0001:0000c890       __local_unwind4            1000d890 f   LIBCMT:exsup4.obj
 0001:0000c966       __seh_longjmp_unwind4@4    1000d966 f   LIBCMT:exsup4.obj
 0001:0000c982       @_EH4_CallFilterFunc@8     1000d982 f   LIBCMT:exsup4.obj
 0001:0000c999       @_EH4_TransferToHandler@8  1000d999 f   LIBCMT:exsup4.obj
 0001:0000c9b2       @_EH4_GlobalUnwind2@8      1000d9b2 f   LIBCMT:exsup4.obj
 0001:0000c9cb       @_EH4_LocalUnwind@16       1000d9cb f   LIBCMT:exsup4.obj
 0001:0000c9e2       ___report_gsfailure        1000d9e2 f   LIBCMT:gs_report.obj
 0001:0000cae8       __crt_debugger_hook        1000dae8 f   LIBCMT:dbghook.obj
 0001:0000caf0       _abort                     1000daf0 f   LIBCMT:abort.obj
 0001:0000cb23       __freea                    1000db23 f i LIBCMT:a_loc.obj
 0001:0000cb43       __fptrap                   1000db43 f   LIBCMT:crt0fp.obj
 0001:0000cb4c       ___free_lc_time            1000db4c f   LIBCMT:inittime.obj
 0001:0000cec3       ___free_lconv_num          1000dec3 f   LIBCMT:initnum.obj
 0001:0000cf2c       ___free_lconv_mon          1000df2c f   LIBCMT:initmon.obj
 0001:0000d211       ___crtLCMapStringA         1000e211 f   LIBCMT:a_map.obj
 0001:0000d33e       ___crtGetStringTypeA       1000e33e f   LIBCMT:a_str.obj
 0001:0000d380       __aulldvrm                 1000e380 f   LIBCMT:ulldvrm.obj
 0001:0000d420       __alloca_probe_16          1000e420 f   LIBCMT:alloca16.obj
 0001:0000d436       __alloca_probe_8           1000e436     LIBCMT:alloca16.obj
 0001:0000d450       __allmul                   1000e450 f   LIBCMT:llmul.obj
 0001:0000d490       _strcspn                   1000e490 f   LIBCMT:strcspn.obj
 0001:0000d4e0       _strpbrk                   1000e4e0 f   LIBCMT:strpbrk.obj
 0001:0000d520       ___ascii_strnicmp          1000e520 f   LIBCMT:_strnicm.obj
 0001:0000d582       _RtlUnwind@16              1000e582 f   kernel32:KERNEL32.dll
 0001:0000d5ac       __TI2?AVbad_alloc@std@@    1000e5ac     LIBCMT:new.obj
 0001:0000d5bc       __CTA2?AVbad_alloc@std@@   1000e5bc     LIBCMT:new.obj
 0001:0000d5c8       __CT??_R0?AVbad_alloc@std@@@8??0bad_alloc@std@@QAE@ABV01@@Z12 1000e5c8     LIBCMT:new.obj
 0001:0000d5e4       __CT??_R0?AVexception@std@@@8??0exception@std@@QAE@ABV01@@Z12 1000e5e4     LIBCMT:new.obj
 0001:0000d7ec       __IMPORT_DESCRIPTOR_KERNEL32 1000e7ec     kernel32:KERNEL32.dll
 0001:0000d800       __IMPORT_DESCRIPTOR_USER32 1000e800     user32:USER32.dll
 0001:0000d814       __IMPORT_DESCRIPTOR_SHELL32 1000e814     shell32:SHELL32.dll
 0001:0000d828       __IMPORT_DESCRIPTOR_ole32  1000e828     ole32:ole32.dll
 0001:0000d83c       __NULL_IMPORT_DESCRIPTOR   1000e83c     kernel32:KERNEL32.dll
 0002:00000000       ?g_szTopicMain@@3PB_WB     10010000     Plugin.obj
 0002:00000004       ?g_szTopicConfig@@3PB_WB   10010004     Plugin.obj
 0002:00000008       ?g_szTopicChooseMenuType@@3PB_WB 10010008     Plugin.obj
 0002:0000000c       ?g_szTopicContextMenu@@3PB_WB 1001000c     Plugin.obj
 0002:00000010       ?g_szTopicMyComp@@3PB_WB   10010010     Plugin.obj
 0002:00000014       ?g_szTopicError0@@3PB_WB   10010014     Plugin.obj
 0002:00000018       ?g_szTopicError1@@3PB_WB   10010018     Plugin.obj
 0002:0000001c       ?g_szTopicError2@@3PB_WB   1001001c     Plugin.obj
 0002:00000020       ?g_szTopicClose@@3PB_WB    10010020     Plugin.obj
 0002:00000030       ??_R0?AVbad_alloc@std@@@8  10010030     LIBCMT:new.obj
 0002:0000004c       ??_R0?AVexception@std@@@8  1001004c     LIBCMT:new.obj
 0002:00000070       ??_R0?AVtype_info@@@8      10010070     LIBCMT:typinfo.obj
 0002:00000090       __NLG_Destination          10010090     LIBCMT:exsup.obj
 0002:00000210       ___flsindex                10010210     LIBCMT:tidtable.obj
 0002:00000214       ___getvalueindex           10010214     LIBCMT:tidtable.obj
 0002:00000218       ___badioinfo               10010218     LIBCMT:ioinit.obj
 0002:00000380       ___security_cookie         10010380     LIBCMT:gs_cookie.obj
 0002:00000384       ___security_cookie_complement 10010384     LIBCMT:gs_cookie.obj
 0002:00000388       __cfltcvt_tab              10010388     LIBCMT:cmiscdat.obj
 0002:000003b0       ___clocalestr              100103b0     LIBCMT:nlsdata2.obj
 0002:000003b8       ___lc_time_c               100103b8     LIBCMT:nlsdata2.obj
 0002:00000520       ___initiallocinfo          10010520     LIBCMT:nlsdata2.obj
 0002:000005f8       ___ptlocinfo               100105f8     LIBCMT:nlsdata2.obj
 0002:00000600       ___initialmbcinfo          10010600     LIBCMT:mbctype.obj
 0002:00000820       __mbctype                  10010820     LIBCMT:mbctype.obj
 0002:00000928       __mbcasemap                10010928     LIBCMT:mbctype.obj
 0002:00000a28       ___ptmbcinfo               10010a28     LIBCMT:mbctype.obj
 0002:00000b20       ___abort_behavior          10010b20     LIBCMT:abort.obj
 0002:00000b28       ___lconv_static_decimal    10010b28     LIBCMT:lconv.obj
 0002:00000b2c       ___lconv_static_W_decimal  10010b2c     LIBCMT:lconv.obj
 0002:00000b30       ___lconv_c                 10010b30     LIBCMT:lconv.obj
 0002:00000b80       ___lconv                   10010b80     LIBCMT:lconv.obj
 0002:00000b84       ___globallocalestatus      10010b84     LIBCMT:glstatus.obj
 0002:00000b88       __pctype                   10010b88     LIBCMT:ctype.obj
 0002:00000b8c       __pwctype                  10010b8c     LIBCMT:ctype.obj
 0002:00000ba0       ___mb_cur_max              10010ba0     LIBCMT:nlsdata1.obj
 0002:00000ba4       ___decimal_point           10010ba4     LIBCMT:nlsdata1.obj
 0002:00000ba8       ___decimal_point_length    10010ba8     LIBCMT:nlsdata1.obj
 0002:00000bc0       ?thePlug@@3PAVCPlugin@@A   10010bc0     EMenu.obj
 0002:00000bc4       ?Res@ShowMenuArgs@OleThread@@3HA 10010bc4     OleThread.obj
 0002:00000bc8       ?szTitle@ShowMenuArgs@OleThread@@3PB_WB 10010bc8     OleThread.obj
 0002:00000bcc       ?bAtCursorPos@ShowMenuArgs@OleThread@@3_NA 10010bcc     OleThread.obj
 0002:00000bd0       ?nSelItem@ShowMenuArgs@OleThread@@3HA 10010bd0     OleThread.obj
 0002:00000bd4       ?Menu@ShowMenuArgs@OleThread@@3PAVCFarMenu@@A 10010bd4     OleThread.obj
 0002:00000bd8       ?nItem@OpenPluginArgs@OleThread@@3HA 10010bd8     OleThread.obj
 0002:00000bdc       ?enRes@OpenPluginArgs@OleThread@@3W4EDoMenu@CPlugin@@A 10010bdc     OleThread.obj
 0002:00000be0       ?nOpenFrom@OpenPluginArgs@OleThread@@3HA 10010be0     OleThread.obj
 0002:00000be4       ?hTerminator@OleThread@@3PAVCThreadTerminator@1@A 10010be4     OleThread.obj
 0002:00000be8       ?hNeedInvoke@OleThread@@3PAVCHandle@@A 10010be8     OleThread.obj
 0002:00000bec       ?hInvokeDone@OleThread@@3PAVCHandle@@A 10010bec     OleThread.obj
 0002:00000bf0       ?hStop@OleThread@@3PAVCHandle@@A 10010bf0     OleThread.obj
 0002:00000bf4       ?hShowMenu@OleThread@@3PAVCHandle@@A 10010bf4     OleThread.obj
 0002:00000bf8       ?hMenuDone@OleThread@@3PAVCHandle@@A 10010bf8     OleThread.obj
 0002:00000bfc       ?hThread@OleThread@@3PAXA  10010bfc     OleThread.obj
 0002:00001434       __aenvptr                  10011434     LIBCMT:dllcrt0.obj
 0002:00001438       __wenvptr                  10011438     LIBCMT:dllcrt0.obj
 0002:0000143c       ___error_mode              1001143c     LIBCMT:dllcrt0.obj
 0002:00001440       ___app_type                10011440     LIBCMT:dllcrt0.obj
 0002:00001444       ?_pnhHeap@@3P6AHI@ZA       10011444     LIBCMT:handler.obj
 0002:000014d0       __crtheap                  100114d0     LIBCMT:heapinit.obj
 0002:000014d4       __umaskval                 100114d4     LIBCMT:crt0dat.obj
 0002:000014d8       ___argc                    100114d8     LIBCMT:crt0dat.obj
 0002:000014dc       ___argv                    100114dc     LIBCMT:crt0dat.obj
 0002:000014e0       ___wargv                   100114e0     LIBCMT:crt0dat.obj
 0002:000014e4       __environ                  100114e4     LIBCMT:crt0dat.obj
 0002:000014e8       ___initenv                 100114e8     LIBCMT:crt0dat.obj
 0002:000014ec       __wenviron                 100114ec     LIBCMT:crt0dat.obj
 0002:000014f0       ___winitenv                100114f0     LIBCMT:crt0dat.obj
 0002:000014f4       __pgmptr                   100114f4     LIBCMT:crt0dat.obj
 0002:000014f8       __wpgmptr                  100114f8     LIBCMT:crt0dat.obj
 0002:000014fc       __exitflag                 100114fc     LIBCMT:crt0dat.obj
 0002:00001500       __C_Termination_Done       10011500     LIBCMT:crt0dat.obj
 0002:00001504       __C_Exit_Done              10011504     LIBCMT:crt0dat.obj
 0002:00001b30       __newmode                  10011b30     LIBCMT:_newmode.obj
 0002:00001b34       _gpFlsAlloc                10011b34     LIBCMT:tidtable.obj
 0002:00001b38       _gpFlsGetValue             10011b38     LIBCMT:tidtable.obj
 0002:00001b3c       _gpFlsSetValue             10011b3c     LIBCMT:tidtable.obj
 0002:00001b40       _gpFlsFree                 10011b40     LIBCMT:tidtable.obj
 0002:00001b44       __maxwait                  10011b44     LIBCMT:crtheap.obj
 0002:00001da8       ___pInvalidArgHandler      10011da8     LIBCMT:invarg.obj
 0002:00001dac       ?__pInconsistency@@3P6AXXZA 10011dac     LIBCMT:hooks.obj
 0002:00001dc8       ___pPurecall               10011dc8     LIBCMT:inithelp.obj
 0002:00001de4       ___mbulinfo                10011de4     LIBCMT:mbctype.obj
 0002:00001df0       ___mbcodepage              10011df0     LIBCMT:mbctype.obj
 0002:00001df4       ___ismbcodepage            10011df4     LIBCMT:mbctype.obj
 0002:00001df8       ___mblcid                  10011df8     LIBCMT:mbctype.obj
 0002:00001e10       ?pArgList@UnDecorator@@0PAVReplicator@@A 10011e10     LIBCMT:undname.obj
 0002:00001e14       ?pZNameList@UnDecorator@@0PAVReplicator@@A 10011e14     LIBCMT:undname.obj
 0002:00001e18       ?pTemplateArgList@UnDecorator@@0PAVReplicator@@A 10011e18     LIBCMT:undname.obj
 0002:00001e1c       ?gName@UnDecorator@@0PBDB  10011e1c     LIBCMT:undname.obj
 0002:00001e20       ?name@UnDecorator@@0PBDB   10011e20     LIBCMT:undname.obj
 0002:00001e24       ?outputString@UnDecorator@@0PADA 10011e24     LIBCMT:undname.obj
 0002:00001e28       ?maxStringLength@UnDecorator@@0HA 10011e28     LIBCMT:undname.obj
 0002:00001e2c       ?disableFlags@UnDecorator@@0KA 10011e2c     LIBCMT:undname.obj
 0002:00001e30       ?m_pGetParameter@UnDecorator@@0P6APADJ@ZA 10011e30     LIBCMT:undname.obj
 0002:00001e34       ?fExplicitTemplateParams@UnDecorator@@0_NA 10011e34     LIBCMT:undname.obj
 0002:00001e35       ?fGetTemplateArgumentList@UnDecorator@@0_NA 10011e35     LIBCMT:undname.obj
 0002:0000215c       ___lconv_static_null       1001215c     LIBCMT:lconv.obj
 0002:00002160       ___lconv_static_W_null     10012160     LIBCMT:lconv.obj
 0002:00002164       ___locale_changed          10012164     LIBCMT:setlocal.obj
 0002:00002168       __debugger_hook_dummy      10012168     <common>
 0002:0000216c       __nhandle                  1001216c     <common>
 0002:00002180       ___pioinfo                 10012180     <common>
 0002:00002280       ___env_initialized         10012280     <common>
 0002:00002284       ___onexitend               10012284     <common>
 0002:00002288       ___onexitbegin             10012288     <common>
 0002:0000228c       ___mbctype_initialized     1001228c     <common>
 0002:00002290       __FPinit                   10012290     <common>
 0002:00002294       ___dyn_tls_init_callback   10012294     <common>
 0002:00002298       __pDestructExceptionObject 10012298     <common>
 0002:0000229c       ___sse2_available          1001229c     <common>
 0002:000022a0       __acmdln                   100122a0     <common>

 entry point at        0001:00008f52

 Static symbols

 0001:00008140       ?DecodePointer@implementation@?1??DecodePointerWrapper@@9@4@SGPAXPAX@Z 10009140 f   vc_crt_fix_impl.obj
 0001:00008140       ?EncodePointer@implementation@?1??EncodePointerWrapper@@9@4@SGPAXPAX@Z 10009140 f   vc_crt_fix_impl.obj
 0001:00008150       ?GetModuleHandleExW@implementation@?1??GetModuleHandleExWWrapper@@9@12@SGHKPB_WPAPAUHINSTANCE__@@@Z 10009150 f   vc_crt_fix_impl.obj
 0001:00008e5c       ___DllMainCRTStartup       10009e5c f   LIBCMT:dllcrt0.obj
 0001:000090ba       __onexit_nolock            1000a0ba f   LIBCMT:onexit.obj
 0001:000094a0       __unwind_handler           1000a4a0 f   LIBCMT:exsup.obj
 0001:000095c0       _ValidateScopeTableHandlers 1000a5c0 f   LIBCMT:eh3valid.obj
 0001:00009b90       _doexit                    1000ab90 f   LIBCMT:crt0dat.obj
 0001:0000a856       _parse_cmdline             1000b856 f   LIBCMT:stdargv.obj
 0001:0000b6bd       _siglookup                 1000c6bd f   LIBCMT:winsig.obj
 0001:0000bf89       ?CPtoLCID@@YAHH@Z          1000cf89 f   LIBCMT:mbctype.obj
 0001:0000bfb8       ?setSBCS@@YAXPAUthreadmbcinfostruct@@@Z 1000cfb8 f   LIBCMT:mbctype.obj
 0001:0000c01c       ?setSBUpLow@@YAXPAUthreadmbcinfostruct@@@Z 1000d01c f   LIBCMT:mbctype.obj
 0001:0000c2d7       ?getSystemCP@@YAHH@Z       1000d2d7 f   LIBCMT:mbctype.obj
 0001:0000c823       ?x_ismbbtype_l@@YAHPAUlocaleinfo_struct@@IHH@Z 1000d823 f   LIBCMT:ismbbyte.obj
 0001:0000c920       __unwind_handler4          1000d920 f   LIBCMT:exsup4.obj
 0001:0000d02a       ?__crtLCMapStringA_stat@@YAHPAUlocaleinfo_struct@@KKPBDHPADHHH@Z 1000e02a f   LIBCMT:a_map.obj
 0001:0000d257       ?__crtGetStringTypeA_stat@@YAHPAUlocaleinfo_struct@@KPBDHPAGHHH@Z 1000e257 f   LIBCMT:a_str.obj
 0001:0000d588       ??__Fnomem@?5???2@YAPAXI@Z@YAXXZ 1000e588 f   LIBCMT:new.obj
