 ConEmuTh.x64

 Timestamp is 56940aa6 (Mon Jan 11 23:03:50 2016)

 Preferred load address is 0000000180000000

 Start         Length     Name                   Class
 0001:00000000 00018b1cH .text                   CODE
 0001:00018b20 0000005eH .text$00                CODE
 0001:00018b80 0000013cH .text$x                 CODE
 0002:00000000 00000628H .idata$5                DATA
 0002:00000628 00000008H .CRT$XCA                DATA
 0002:00000630 00000008H .CRT$XCZ                DATA
 0002:00000638 00000008H .CRT$XIA                DATA
 0002:00000640 00000010H .CRT$XIC                DATA
 0002:00000650 00000008H .CRT$XIZ                DATA
 0002:00000658 00000008H .CRT$XPA                DATA
 0002:00000660 00000008H .CRT$XPZ                DATA
 0002:00000668 00000008H .CRT$XTA                DATA
 0002:00000670 00000008H .CRT$XTZ                DATA
 0002:00000680 0000268bH .rdata                  DATA
 0002:00002d10 00000008H .rtc$IAA                DATA
 0002:00002d18 00000008H .rtc$IZZ                DATA
 0002:00002d20 00000008H .rtc$TAA                DATA
 0002:00002d28 00000008H .rtc$TZZ                DATA
 0002:00002d30 00000dc4H .xdata                  DATA
 0002:00003af4 0000008cH .idata$2                DATA
 0002:00003b80 00000014H .idata$3                DATA
 0002:00003b98 00000628H .idata$4                DATA
 0002:000041c0 00000d7cH .idata$6                DATA
 0002:00004f40 0000016cH .edata                  DATA
 0003:00000000 000010ecH .data                   DATA
 0003:00001100 0002afc0H .bss                    DATA
 0004:00000000 00001194H .pdata                  DATA
 0005:00000000 000000e8H .rsrc$01                DATA
 0005:000000f0 000013a8H .rsrc$02                DATA

  Address         Publics by Value              Rva+Base               Lib:Object

 0000:00000000       ___safe_se_handler_count   0000000000000000     <absolute>
 0000:00000000       ___safe_se_handler_table   0000000000000000     <absolute>
 0000:00000000       __ImageBase                0000000180000000     <linker-defined>
 0001:00000000       ??BCEStr@@QEBAPEB_WXZ      0000000180001000 f   CEStr.obj
 0001:00000004       ?GetMaxCount@CEStr@@QEAA_JXZ 0000000180001004 f   CEStr.obj
 0001:00000034       ?GetBuffer@CEStr@@QEAAPEA_W_J@Z 0000000180001034 f   CEStr.obj
 0001:000000ec       ?Empty@CEStr@@QEAAXXZ      00000001800010ec f   CEStr.obj
 0001:0000010c       ?StringCchCopyNW@@YAJPEA_W_KPEB_W1@Z 000000018000110c f i CEStr.obj
 0001:00000184       ??0CEStr@@QEAA@XZ          0000000180001184 f   CEStr.obj
 0001:000001a4       ??1CEStr@@QEAA@XZ          00000001800011a4 f   CEStr.obj
 0001:000001f0       ?AttachInt@CEStr@@AEAAPEB_WAEAPEA_W@Z 00000001800011f0 f   CEStr.obj
 0001:00000268       ?Set@CEStr@@QEAAPEB_WPEB_W_J@Z 0000000180001268 f   CEStr.obj
 0001:00000314       ?SavePathVar@CEStr@@QEAAXPEB_W@Z 0000000180001314 f   CEStr.obj
 0001:0000034c       ?Attach@CEStr@@QEAAPEB_WPEA_W@Z 000000018000134c f   CEStr.obj
 0001:00000364       ?PointToName@@YAPEB_WPEB_W@Z 0000000180001364 f   CmdLine.obj
 0001:000003c0       ?PointToExt@@YAPEB_WPEB_W@Z 00000001800013c0 f   CmdLine.obj
 0001:000003e0       ?Unquote@@YAPEB_WPEA_W_N@Z 00000001800013e0 f   CmdLine.obj
 0001:0000044c       ?CommonShutdown@@YAXXZ     000000018000144c f   Common.obj
 0001:00000474       ?ExecutePrepareCmd@@YAXPEAUCESERVER_REQ_HDR@@K_K@Z 0000000180001474 f   ConEmuCheck.obj
 0001:000004e4       ?ExecuteFreeResult@@YAXAEAPEAUCESERVER_REQ@@@Z 00000001800014e4 f   ConEmuCheck.obj
 0001:00000504       ?StringCchCopyW@@YAJPEA_W_KPEB_W@Z 0000000180001504 f i ConEmuCheck.obj
 0001:00000570       ?ExecutePrepareCmd@@YAXPEAUCESERVER_REQ@@K_K@Z 0000000180001570 f   ConEmuCheck.obj
 0001:000005ac       ?ExecuteNewCmd@@YAPEAUCESERVER_REQ@@K_K@Z 00000001800015ac f   ConEmuCheck.obj
 0001:00000610       ??$wcscpy_c@$0CA@@@YAHAEAY0CA@_WPEB_W@Z 0000000180001610 f i ConEmuCheck.obj
 0001:0000065c       ??$wcscpy_c@$0CAI@@@YAHAEAY0CAI@_WPEB_W@Z 000000018000165c f i ConEmuCheck.obj
 0001:000006a8       ?ModuleName@@YAPEB_WPEB_W@Z 00000001800016a8 f   ConEmuCheck.obj
 0001:00000744       ?ExecuteOpenPipe@@YAPEAXPEB_WAEAY0CAI@_W0KKHPEAXH@Z 0000000180001744 f   ConEmuCheck.obj
 0001:000008f8       ?ExecuteCmd@@YAPEAUCESERVER_REQ@@PEB_WPEAU1@KPEAUHWND__@@HKH@Z 00000001800018f8 f   ConEmuCheck.obj
 0001:00000aec       ?ExecuteGuiCmd@@YAPEAUCESERVER_REQ@@PEAUHWND__@@PEAU1@0H@Z 0000000180001aec f   ConEmuCheck.obj
 0001:00000b98       GetMinFarVersionW          0000000180001b98 f   ConEmuTh.obj
 0001:00000ba0       ?GetPluginInfoWcmn@@YAXPEAX@Z 0000000180001ba0 f   ConEmuTh.obj
 0001:00000bd0       ?GetMainThreadId@@YAKXZ    0000000180001bd0 f   ConEmuTh.obj
 0001:00000dcc       ?OpenW@@YAPEAXPEBUOpenInfo@@@Z 0000000180001dcc f   ConEmuTh.obj
 0001:00000dfc       ?ShowMessage@@YAHHH@Z      0000000180001dfc f   ConEmuTh.obj
 0001:00000e48       ?GetMsgW@@YAPEB_WH@Z       0000000180001e48 f   ConEmuTh.obj
 0001:00000e94       ?PostMacro@@YAXPEA_W@Z     0000000180001e94 f   ConEmuTh.obj
 0001:00001024       ?ShowPluginMenu@@YAHXZ     0000000180002024 f   ConEmuTh.obj
 0001:00001070       ?CheckPanelSettings@@YAHH@Z 0000000180002070 f   ConEmuTh.obj
 0001:000010bc       ?LoadPanelItemInfo@@YAXPEAUCeFullPanelInfo@@_J@Z 00000001800020bc f   ConEmuTh.obj
 0001:00001108       ?GetActivePanel@@YAPEAUCeFullPanelInfo@@XZ 0000000180002108 f   ConEmuTh.obj
 0001:0000114c       ?ResetUngetBuffer@@YAXXZ   000000018000214c f   ConEmuTh.obj
 0001:0000115c       ?OnPreReadConsole@@YAHPEAXPEAU_INPUT_RECORD@@KPEAKPEAH@Z 000000018000215c f   ConEmuTh.obj
 0001:00001178       ?ShowLastError@@YAHXZ      0000000180002178 f   ConEmuTh.obj
 0001:000011f4       ?GetFocusedThumbnails@@YAPEAUCeFullPanelInfo@@XZ 00000001800021f4 f   ConEmuTh.obj
 0001:00001250       ?CheckWindows@@YA_NXZ      0000000180002250 f   ConEmuTh.obj
 0001:000012f0       ?CheckVarsInitialized@@YAXXZ 00000001800022f0 f   ConEmuTh.obj
 0001:0000143c       ?ExecuteInMainThread@@YAXPEAUConEmuThSynchroArg@@@Z 000000018000243c f   ConEmuTh.obj
 0001:000014c0       ?GetFarRect@@YAHPEAU_SMALL_RECT@@@Z 00000001800024c0 f   ConEmuTh.obj
 0001:0000153c       ?SettingsLoad@@YAHPEB_WPEAK@Z 000000018000253c f   ConEmuTh.obj
 0001:00001588       ?SettingsLoadReg@@YAHPEB_W0PEAK@Z 0000000180002588 f   ConEmuTh.obj
 0001:00001628       ?SettingsSave@@YAXPEB_WPEAK@Z 0000000180002628 f   ConEmuTh.obj
 0001:00001674       ?SettingsSaveReg@@YAXPEB_W0PEAK@Z 0000000180002674 f   ConEmuTh.obj
 0001:000016fc       ?SavePanelViewState@@YAXHK@Z 00000001800026fc f   ConEmuTh.obj
 0001:0000173c       ?isPreloadByDefault@@YA_NXZ 000000018000273c f   ConEmuTh.obj
 0001:00001764       ?FreeUserData@CePluginPanelItem@@QEAAXXZ 0000000180002764 f   ConEmuTh.obj
 0001:000017b8       ?FreeItem@CePluginPanelItem@@QEAAXXZ 00000001800027b8 f   ConEmuTh.obj
 0001:000017d8       ?StringCchCatW@@YAJPEA_W_KPEB_W@Z 00000001800027d8 f i ConEmuTh.obj
 0001:00001a98       ?LoadFarVersion@@YAHXZ     0000000180002a98 f   ConEmuTh.obj
 0001:00001bb4       ?ReloadResourcesW@@YAXXZ   0000000180002bb4 f   ConEmuTh.obj
 0001:00001c50       ?ReloadPanelsInfo@@YAXXZ   0000000180002c50 f   ConEmuTh.obj
 0001:00001e14       ?OnPreWriteConsoleOutput@@YAHPEAXPEBU_CHAR_INFO@@U_COORD@@2PEAU_SMALL_RECT@@@Z 0000000180002e14 f   ConEmuTh.obj
 0001:00001f90       ?IsThumbnailsActive@@YAPEAUCeFullPanelInfo@@H@Z 0000000180002f90 f   ConEmuTh.obj
 0001:0000217c       ?SettingsLoadOther@@YAXPEB_W@Z 000000018000317c f   ConEmuTh.obj
 0001:000022dc       DllMain                    00000001800032dc f   ConEmuTh.obj
 0001:000023ac       ?ProcessConsoleInput@@YAHHPEAU_INPUT_RECORD@@KPEAK@Z 00000001800033ac f   ConEmuTh.obj
 0001:000026d4       ?UpdateEnvVar@@YAXH@Z      00000001800036d4 f   ConEmuTh.obj
 0001:00002704       ?InitName@?$MFileMapping@UPanelViewSetMapping@@@@QEAAPEB_WPEB_WKK@Z 0000000180003704 f i ConEmuTh.obj
 0001:00002704       ?InitName@?$MFileMapping@Utag_DetectedDialog@@@@QEAAPEB_WPEB_WKK@Z 0000000180003704 f i ConEmuTh.obj
 0001:0000279c       ?InternalOpenCreate@?$MFileMapping@Utag_DetectedDialog@@@@IEAAPEAUtag_DetectedDialog@@HHH@Z 000000018000379c f i ConEmuTh.obj
 0001:0000294c       ?InternalOpenCreate@?$MFileMapping@UPanelViewSetMapping@@@@IEAAPEAUPanelViewSetMapping@@HHH@Z 000000018000394c f i ConEmuTh.obj
 0001:00002afc       ?OnPostPeekConsole@@YAHPEAXPEAU_INPUT_RECORD@@KPEAKPEAH@Z 0000000180003afc f   ConEmuTh.obj
 0001:00002b3c       ?OnPostReadConsole@@YAHPEAXPEAU_INPUT_RECORD@@KPEAKPEAH@Z 0000000180003b3c f   ConEmuTh.obj
 0001:00002b80       ?ExitPlugin@@YAXXZ         0000000180003b80 f   ConEmuTh.obj
 0001:00002cec       ?ExitFARW3@@YAXPEAX@Z      0000000180003cec f   ConEmuTh.obj
 0001:00002cec       ExitFARW                   0000000180003cec f   ConEmuTh.obj
 0001:00002d28       ?OnReadyForPanelsReload@@YAXXZ 0000000180003d28 f   ConEmuTh.obj
 0001:00002e98       ?ProcessSynchroEventCommon@@YAHHPEAX@Z 0000000180003e98 f   ConEmuTh.obj
 0001:00003004       ProcessSynchroEventW       0000000180004004 f   ConEmuTh.obj
 0001:0000300c       ?LoadThSet@@YAHK@Z         000000018000400c f   ConEmuTh.obj
 0001:00003228       ?CheckConEmu@@YAHH@Z       0000000180004228 f   ConEmuTh.obj
 0001:00003330       ?StartPlugin@@YAXH@Z       0000000180004330 f   ConEmuTh.obj
 0001:00003494       ?OnPrePeekConsole@@YAHPEAXPEAU_INPUT_RECORD@@KPEAKPEAH@Z 0000000180004494 f   ConEmuTh.obj
 0001:00003558       ?EntryPoint@@YAXH_J_N@Z    0000000180004558 f   ConEmuTh.obj
 0001:0000372c       SetStartupInfoW            000000018000472c f   ConEmuTh.obj
 0001:0000378c       ?OpenPluginWcmn@@YAPEAXH_J_N@Z 000000018000478c f   ConEmuTh.obj
 0001:000037f8       ?Color2FgIndex@Far3Color@@SAXKAEAGPEBK@Z 00000001800047f8 f i ConEmuTh1900.obj
 0001:000038e8       ?Color2BgIndex@Far3Color@@SAXKHAEAGPEBK@Z 00000001800048e8 f i ConEmuTh1900.obj
 0001:000039fc       ?FarColor_3_2@@YAEAEBUFarColor@@@Z 00000001800049fc f i ConEmuTh1900.obj
 0001:00003aa8       ?GetPluginInfoW1900@@YAXPEAX@Z 0000000180004aa8 f   ConEmuTh1900.obj
 0001:00003b18       ?SetStartupInfoW1900@@YAXPEAX@Z 0000000180004b18 f   ConEmuTh1900.obj
 0001:00003c54       ?OpenW1900@@YAPEAXPEBX@Z   0000000180004c54 f   ConEmuTh1900.obj
 0001:00003cc0       ?ExitFARW1900@@YAXXZ       0000000180004cc0 f   ConEmuTh1900.obj
 0001:00003cfc       ?ShowMessageW1900@@YAHPEB_WH@Z 0000000180004cfc f   ConEmuTh1900.obj
 0001:00003d8c       ?ShowMessageW1900@@YAHHH@Z 0000000180004d8c f   ConEmuTh1900.obj
 0001:00003dd0       ?GetMsgW1900@@YAPEB_WH@Z   0000000180004dd0 f   ConEmuTh1900.obj
 0001:00003e04       ?PostMacroW1900@@YAXPEA_W@Z 0000000180004e04 f   ConEmuTh1900.obj
 0001:00003e90       ?ShowPluginMenuW1900@@YAHXZ 0000000180004e90 f   ConEmuTh1900.obj
 0001:0000410c       ?LoadPanelItemInfoW1900@@YAXPEAUCeFullPanelInfo@@_J@Z 000000018000510c f   ConEmuTh1900.obj
 0001:000044d0       ?LoadPanelInfoW1900@@YAHH@Z 00000001800054d0 f   ConEmuTh1900.obj
 0001:00004934       ?ReloadPanelsInfoW1900@@YAXXZ 0000000180005934 f   ConEmuTh1900.obj
 0001:00004958       ?SetCurrentPanelItemW1900@@YAXH_J0@Z 0000000180005958 f   ConEmuTh1900.obj
 0001:00004a8c       ?CheckPanelSettingsW1900@@YAHH@Z 0000000180005a8c f   ConEmuTh1900.obj
 0001:00004b5c       ?ExecuteInMainThreadW1900@@YAXPEAUConEmuThSynchroArg@@@Z 0000000180005b5c f   ConEmuTh1900.obj
 0001:00004b88       ?GetFarRectW1900@@YAXPEAU_SMALL_RECT@@@Z 0000000180005b88 f   ConEmuTh1900.obj
 0001:00004bd8       ?CheckFarPanelsW1900@@YA_NXZ 0000000180005bd8 f   ConEmuTh1900.obj
 0001:00004c34       ?SettingsLoadW1900@@YAHPEB_WPEAK@Z 0000000180005c34 f   ConEmuTh1900.obj
 0001:00004d00       ?SettingsSaveW1900@@YAXPEB_WPEAK@Z 0000000180005d00 f   ConEmuTh1900.obj
 0001:00004de0       GetGlobalInfoW             0000000180005de0 f   ConEmuTh2800.obj
 0001:00004e98       ?GetPluginInfoW2800@@YAXPEAX@Z 0000000180005e98 f   ConEmuTh2800.obj
 0001:00004f08       ?SetStartupInfoW2800@@YAXPEAX@Z 0000000180005f08 f   ConEmuTh2800.obj
 0001:00005044       ?ProcessSynchroEventW3@@YA_JPEAX@Z 0000000180006044 f   ConEmuTh2800.obj
 0001:0000505c       ?ExitFARW2800@@YAXXZ       000000018000605c f   ConEmuTh2800.obj
 0001:00005098       ?ShowMessageW2800@@YAHPEB_WH@Z 0000000180006098 f   ConEmuTh2800.obj
 0001:00005128       ?ShowMessageW2800@@YAHHH@Z 0000000180006128 f   ConEmuTh2800.obj
 0001:0000516c       ?GetMsgW2800@@YAPEB_WH@Z   000000018000616c f   ConEmuTh2800.obj
 0001:000051a0       ?PostMacroW2800@@YAXPEA_W@Z 00000001800061a0 f   ConEmuTh2800.obj
 0001:00005230       ?ShowPluginMenuW2800@@YAHXZ 0000000180006230 f   ConEmuTh2800.obj
 0001:000054a0       ?FreePanelItemUserData2800@@YAXPEAX_KP6A_JXZ@Z 00000001800064a0 f   ConEmuTh2800.obj
 0001:000054d4       ?LoadPanelItemInfoW2800@@YAXPEAUCeFullPanelInfo@@_J@Z 00000001800064d4 f   ConEmuTh2800.obj
 0001:000058f8       ?LoadPanelInfoW2800@@YAHH@Z 00000001800068f8 f   ConEmuTh2800.obj
 0001:00005d60       ?ReloadPanelsInfoW2800@@YAXXZ 0000000180006d60 f   ConEmuTh2800.obj
 0001:00005d84       ?SetCurrentPanelItemW2800@@YAXH_J0@Z 0000000180006d84 f   ConEmuTh2800.obj
 0001:00005eb4       ?SetCurrentPanelItemW2800Int@@YAXH_J0@Z 0000000180006eb4 f   ConEmuTh2800.obj
 0001:00005fdc       ?CheckPanelSettingsW2800@@YAHH@Z 0000000180006fdc f   ConEmuTh2800.obj
 0001:000060ac       ?ExecuteInMainThreadW2800@@YAXPEAUConEmuThSynchroArg@@@Z 00000001800070ac f   ConEmuTh2800.obj
 0001:000060d8       ?GetFarRectW2800@@YAXPEAU_SMALL_RECT@@@Z 00000001800070d8 f   ConEmuTh2800.obj
 0001:00006128       ?CheckFarPanelsW2800@@YA_NXZ 0000000180007128 f   ConEmuTh2800.obj
 0001:0000619c       ?SettingsLoadW2800@@YAHPEB_WPEAK@Z 000000018000719c f   ConEmuTh2800.obj
 0001:0000626c       ?SettingsSaveW2800@@YAXPEB_WPEAK@Z 000000018000726c f   ConEmuTh2800.obj
 0001:00006354       ?OpenW2800@@YAPEAXPEBX@Z   0000000180007354 f   ConEmuTh2800.obj
 0001:00006414       ?GetPluginInfoW995@@YAXPEAX@Z 0000000180007414 f   ConEmuTh995.obj
 0001:0000648c       ?SetStartupInfoW995@@YAXPEAX@Z 000000018000748c f   ConEmuTh995.obj
 0001:0000662c       OpenPluginW                000000018000762c f   ConEmuTh995.obj
 0001:00006654       ?ExitFARW995@@YAXXZ        0000000180007654 f   ConEmuTh995.obj
 0001:000066a8       ?ShowMessageW995@@YAHPEB_WH@Z 00000001800076a8 f   ConEmuTh995.obj
 0001:000066e4       ?ShowMessageW995@@YAHHH@Z  00000001800076e4 f   ConEmuTh995.obj
 0001:00006724       ?GetMsgW995@@YAPEB_WH@Z    0000000180007724 f   ConEmuTh995.obj
 0001:00006754       ?PostMacroW995@@YAXPEA_W@Z 0000000180007754 f   ConEmuTh995.obj
 0001:000067bc       ?ShowPluginMenuW995@@YAHXZ 00000001800077bc f   ConEmuTh995.obj
 0001:00006978       ?LoadPanelItemInfoW995@@YAXPEAUCeFullPanelInfo@@_J@Z 0000000180007978 f   ConEmuTh995.obj
 0001:00006b68       ?LoadPanelInfo995@@YAHH@Z  0000000180007b68 f   ConEmuTh995.obj
 0001:00006e88       ?ReloadPanelsInfoW995@@YAXXZ 0000000180007e88 f   ConEmuTh995.obj
 0001:00006eac       ?SetCurrentPanelItemW995@@YAXH_J0@Z 0000000180007eac f   ConEmuTh995.obj
 0001:00006fb8       ?CheckPanelSettingsW995@@YAHH@Z 0000000180007fb8 f   ConEmuTh995.obj
 0001:00007034       ?ExecuteInMainThreadW995@@YAXPEAUConEmuThSynchroArg@@@Z 0000000180008034 f   ConEmuTh995.obj
 0001:0000705c       ?GetFarRectW995@@YAXPEAU_SMALL_RECT@@@Z 000000018000805c f   ConEmuTh995.obj
 0001:000070a8       ?CheckFarPanelsW995@@YA_NXZ 00000001800080a8 f   ConEmuTh995.obj
 0001:00007108       ?SettingsLoadW995@@YAHPEB_WPEAK@Z 0000000180008108 f   ConEmuTh995.obj
 0001:0000711c       ?SettingsSaveW995@@YAXPEB_WPEAK@Z 000000018000811c f   ConEmuTh995.obj
 0001:00007130       ?SettingsLoadOtherW995@@YAXXZ 0000000180008130 f   ConEmuTh995.obj
 0001:0000713c       GetMinFarVersion           000000018000813c f   ConEmuThA.obj
 0001:00007174       GetPluginInfo              0000000180008174 f   ConEmuThA.obj
 0001:000071f4       ExitFAR                    00000001800081f4 f   ConEmuThA.obj
 0001:00007250       ?ShowMessageA@@YAHPEBDH@Z  0000000180008250 f   ConEmuThA.obj
 0001:00007298       ?ShowMessageA@@YAHHH@Z     0000000180008298 f   ConEmuThA.obj
 0001:000072e4       ?PostMacroA@@YAXPEAD@Z     00000001800082e4 f   ConEmuThA.obj
 0001:0000734c       ?ShowPluginMenuA@@YAHXZ    000000018000834c f   ConEmuThA.obj
 0001:0000752c       ?GetMsgA@@YAPEB_WHPEA_W@Z  000000018000852c f   ConEmuThA.obj
 0001:00007628       ?LoadPanelInfoA@@YAHH@Z    0000000180008628 f   ConEmuThA.obj
 0001:00007a3c       ?ReloadPanelsInfoA@@YAXXZ  0000000180008a3c f   ConEmuThA.obj
 0001:00007a60       ?SetCurrentPanelItemA@@YAXH_J0@Z 0000000180008a60 f   ConEmuThA.obj
 0001:00007b80       ?CheckPanelSettingsA@@YAHH@Z 0000000180008b80 f   ConEmuThA.obj
 0001:00007c08       ?CheckFarPanelsA@@YA_NXZ   0000000180008c08 f   ConEmuThA.obj
 0001:00007c70       ?SettingsLoadA@@YAHPEB_WPEAK@Z 0000000180008c70 f   ConEmuThA.obj
 0001:00007c84       ?SettingsSaveA@@YAXPEB_WPEAK@Z 0000000180008c84 f   ConEmuThA.obj
 0001:00007c98       ?SettingsLoadOtherA@@YAXXZ 0000000180008c98 f   ConEmuThA.obj
 0001:00007ca4       ?ReloadResourcesA@@YAXXZ   0000000180008ca4 f   ConEmuThA.obj
 0001:00007d60       SetStartupInfo             0000000180008d60 f   ConEmuThA.obj
 0001:00007f28       OpenPlugin                 0000000180008f28 f   ConEmuThA.obj
 0001:00007f64       ?GetIndexFromWndCoord@CeFullPanelInfo@@QEAAHHHAEA_J@Z 0000000180008f64 f   Display.obj
 0001:00007ffc       ?GetConCoordFromIndex@CeFullPanelInfo@@QEAAH_JAEAU_COORD@@@Z 0000000180008ffc f   Display.obj
 0001:000080bc       ?LoadItemColors@CeFullPanelInfo@@QEAAX_JPEAUCePluginPanelItem@@PEAUCePluginPanelItemColor@@HH@Z 00000001800090bc f   Display.obj
 0001:00008338       ?GetItemColors@CeFullPanelInfo@@QEAAPEAUHBRUSH__@@_JPEAUCePluginPanelItem@@PEAUCePluginPanelItemColor@@HAEAK3@Z 0000000180009338 f   Display.obj
 0001:000083a8       ?CalcTopPanelItem@CeFullPanelInfo@@QEAA_J_J0@Z 00000001800093a8 f   Display.obj
 0001:0000847c       ?DisplayReloadPanel@CeFullPanelInfo@@QEAAXXZ 000000018000947c f   Display.obj
 0001:000084b8       ?UnregisterPanelView@CeFullPanelInfo@@QEAAH_N@Z 00000001800094b8 f   Display.obj
 0001:000085d4       ?RequestSetPos@CeFullPanelInfo@@QEAAX_J0H@Z 00000001800095d4 f   Display.obj
 0001:000086bc       ?ReallocItems@CeFullPanelInfo@@QEAAH_J@Z 00000001800096bc f   Display.obj
 0001:00008824       ?FarItem2CeItem@CeFullPanelInfo@@QEAAH_JPEB_W1KU_FILETIME@@_KHPEAX3P6A_JXZ3K@Z 0000000180009824 f   Display.obj
 0001:00008b84       ?BisItem2CeItem@CeFullPanelInfo@@QEAAH_JH_KKKHH@Z 0000000180009b84 f   Display.obj
 0001:00008c28       ?DrawItemText@CeFullPanelInfo@@QEAAHPEAUHDC__@@PEAUtagRECT@@1PEAUCePluginPanelItem@@PEB_WPEAUHBRUSH__@@H@Z 0000000180009c28 f   Display.obj
 0001:00009258       ?Close@CeFullPanelInfo@@QEAAXXZ 000000018000a258 f   Display.obj
 0001:000092a0       ?FinalRelease@CeFullPanelInfo@@QEAAXXZ 000000018000a2a0 f   Display.obj
 0001:000093b4       ?PaintItem@CeFullPanelInfo@@QEAAHPEAUHDC__@@_JHHPEAUCePluginPanelItem@@PEAUCePluginPanelItemColor@@HHPEAUHBRUSH__@@4K@Z 000000018000a3b4 f   Display.obj
 0001:00009924       ?Invalidate@CeFullPanelInfo@@QEAAXXZ 000000018000a924 f   Display.obj
 0001:00009978       ?Paint@CeFullPanelInfo@@QEAAXPEAUHWND__@@AEAUtagPAINTSTRUCT@@AEAUtagRECT@@@Z 000000018000a978 f   Display.obj
 0001:0000a3c0       ?OnSettingsChanged@CeFullPanelInfo@@QEAAHH@Z 000000018000b3c0 f   Display.obj
 0001:0000a484       ?DisplayWndProc@CeFullPanelInfo@@SA_JPEAUHWND__@@I_K_J@Z 000000018000b484 f   Display.obj
 0001:0000aa30       ?InvalidateAll@CeFullPanelInfo@@SAXXZ 000000018000ba30 f   Display.obj
 0001:0000aa80       ?RegisterPanelView@CeFullPanelInfo@@QEAAHXZ 000000018000ba80 f   Display.obj
 0001:0000ad50       ?CreateView@CeFullPanelInfo@@QEAAPEAUHWND__@@XZ 000000018000bd50 f   Display.obj
 0001:0000b0f8       ?DisplayThread@CeFullPanelInfo@@SAKPEAX@Z 000000018000c0f8 f   Display.obj
 0001:0000b218       ?Init@HkFunc@@QEAA_NPEB_WPEAUHINSTANCE__@@@Z 000000018000c218 f   HkFunc.obj
 0001:0000b2bc       ?LoadModules@CImgCache@@IEAAXXZ 000000018000c2bc f   ImgCache.obj
 0001:0000b580       ?FreeModules@CImgCache@@IEAAXXZ 000000018000c580 f   ImgCache.obj
 0001:0000b654       ?SetCacheLocation@CImgCache@@QEAAXPEB_W@Z 000000018000c654 f   ImgCache.obj
 0001:0000b6cc       ?CheckLoadDibCreated@CImgCache@@IEAAHXZ 000000018000c6cc f   ImgCache.obj
 0001:0000b82c       ?CheckDrawDibCreated@CImgCache@@IEAAHXZ 000000018000c82c f   ImgCache.obj
 0001:0000b98c       ?FindInCache@CImgCache@@IEAAHPEAUCePluginPanelItem@@PEAHI@Z 000000018000c98c f   ImgCache.obj
 0001:0000bb94       ?CopyBits@CImgCache@@IEAAXU_COORD@@PEAEK01@Z 000000018000cb94 f   ImgCache.obj
 0001:0000bc1c       ?LoadShellIcon@CImgCache@@QEAAHPEAUIMAGE_CACHE_INFO@@H@Z 000000018000cc1c f   ImgCache.obj
 0001:0000bf68       ?LoadThumbnail@CImgCache@@QEAAHPEAUIMAGE_CACHE_INFO@@@Z 000000018000cf68 f   ImgCache.obj
 0001:0000c680       ??0?$CQueueProcessor@PEAUIMAGE_CACHE_INFO@@@@QEAA@XZ 000000018000d680 f i ImgCache.obj
 0001:0000c6f4       ?IsStopRequested@?$CQueueProcessor@PEAUIMAGE_CACHE_INFO@@@@UEAA_NAEBQEAUIMAGE_CACHE_INFO@@@Z 000000018000d6f4 f i ImgCache.obj
 0001:0000c704       ?ProcessItem@?$CQueueProcessor@PEAUIMAGE_CACHE_INFO@@@@MEAAJAEAPEAUIMAGE_CACHE_INFO@@_J@Z 000000018000d704 f i ImgCache.obj
 0001:0000c70c       ?IsTerminationRequested@CImgLoader@@UEAA_NXZ 000000018000d70c f i ImgCache.obj
 0001:0000c70c       ?IsTerminationRequested@?$CQueueProcessor@PEAUIMAGE_CACHE_INFO@@@@MEAA_NXZ 000000018000d70c f i ImgCache.obj
 0001:0000c710       ?CopyItem@?$CQueueProcessor@PEAUIMAGE_CACHE_INFO@@@@MEAAXPEBQEAUIMAGE_CACHE_INFO@@PEAPEAU2@@Z 000000018000d710 f i ImgCache.obj
 0001:0000c730       ?FreeItem@?$CQueueProcessor@PEAUIMAGE_CACHE_INFO@@@@MEAAXAEBQEAUIMAGE_CACHE_INFO@@@Z 000000018000d730 f i ImgCache.obj
 0001:0000c730       ?SettingsLoadOtherW1900@@YAXXZ 000000018000d730 f i ConEmuTh1900.obj
 0001:0000c730       ?OnItemReady@?$CQueueProcessor@PEAUIMAGE_CACHE_INFO@@@@MEAAXAEAPEAUIMAGE_CACHE_INFO@@_J@Z 000000018000d730 f i ImgCache.obj
 0001:0000c730       ?ApplyChanges@?$CQueueProcessor@PEAUIMAGE_CACHE_INFO@@@@MEAAXAEAPEAUIMAGE_CACHE_INFO@@AEBQEAU2@@Z 000000018000d730 f i ImgCache.obj
 0001:0000c730       ?OnItemFailed@?$CQueueProcessor@PEAUIMAGE_CACHE_INFO@@@@MEAAXAEAPEAUIMAGE_CACHE_INFO@@_J@Z 000000018000d730 f i ImgCache.obj
 0001:0000c730       _initp_misc_winxfltr       000000018000d730 f i LIBCMT:winxfltr.obj
 0001:0000c730       ?SettingsLoadOtherW2800@@YAXXZ 000000018000d730 f i ConEmuTh2800.obj
 0001:0000c730       ?OnThreadStopped@?$CQueueProcessor@PEAUIMAGE_CACHE_INFO@@@@MEAAXXZ 000000018000d730 f i ImgCache.obj
 0001:0000c730       ?LoadPanelItemInfoA@@YAXPEAUCeFullPanelInfo@@_J@Z 000000018000d730 f i ConEmuThA.obj
 0001:0000c734       ?IsEqual@?$CQueueProcessor@PEAUIMAGE_CACHE_INFO@@@@MEAA_NAEBQEAUIMAGE_CACHE_INFO@@_J01@Z 000000018000d734 f i ImgCache.obj
 0001:0000c754       ?CheckHighPriority@CImgLoader@@UEAA_NAEAPEBUIMAGE_CACHE_INFO@@@Z 000000018000d754 f i ImgCache.obj
 0001:0000c754       ?CheckHighPriority@?$CQueueProcessor@PEAUIMAGE_CACHE_INFO@@@@MEAA_NAEBQEAUIMAGE_CACHE_INFO@@@Z 000000018000d754 f i ImgCache.obj
 0001:0000c758       ?ClearQueue@?$CQueueProcessor@PEAUIMAGE_CACHE_INFO@@@@AEAAXXZ 000000018000d758 f i ImgCache.obj
 0001:0000c7e0       ?InitializeQueue@?$CQueueProcessor@PEAUIMAGE_CACHE_INFO@@@@AEAAXH@Z 000000018000d7e0 f i ImgCache.obj
 0001:0000c884       ?ProcessItem@?$CQueueProcessor@PEAUIMAGE_CACHE_INFO@@@@IEAAJPEAUProcessingItem@1@@Z 000000018000d884 f i ImgCache.obj
 0001:0000c8b0       ??0CImgCache@@QEAA@PEAUHINSTANCE__@@@Z 000000018000d8b0 f   ImgCache.obj
 0001:0000c9ec       ?PaintItem@CImgCache@@QEAAHPEAUHDC__@@HHHPEAUCePluginPanelItem@@PEAPEB_WPEAH@Z 000000018000d9ec f   ImgCache.obj
 0001:0000cf50       ?FindOrCreate@?$CQueueProcessor@PEAUIMAGE_CACHE_INFO@@@@AEAAPEAUProcessingItem@1@AEBQEAUIMAGE_CACHE_INFO@@_J_NW4ProcessingPriority@@@Z 000000018000df50 f i ImgCache.obj
 0001:0000d1a0       ?ProcessingStep@?$CQueueProcessor@PEAUIMAGE_CACHE_INFO@@@@IEAA_NXZ 000000018000e1a0 f i ImgCache.obj
 0001:0000d3ac       ??$SafeDelete@UMSectionSimple@@@@YAXAEAPEAUMSectionSimple@@@Z 000000018000e3ac f i ImgCache.obj
 0001:0000d3dc       ?Reset@CImgCache@@QEAAXXZ  000000018000e3dc f   ImgCache.obj
 0001:0000d5b0       ?Init@CImgCache@@QEAAXK@Z  000000018000e5b0 f   ImgCache.obj
 0001:0000d610       ??1?$CQueueProcessor@PEAUIMAGE_CACHE_INFO@@@@UEAA@XZ 000000018000e610 f i ImgCache.obj
 0001:0000d6c4       ??_ECImgLoader@@UEAAPEAXI@Z 000000018000e6c4 f i ImgCache.obj
 0001:0000d6c4       ??_GCImgLoader@@UEAAPEAXI@Z 000000018000e6c4 f i ImgCache.obj
 0001:0000d6c4       ??_G?$CQueueProcessor@PEAUIMAGE_CACHE_INFO@@@@UEAAPEAXI@Z 000000018000e6c4 f i ImgCache.obj
 0001:0000d6c4       ??_E?$CQueueProcessor@PEAUIMAGE_CACHE_INFO@@@@UEAAPEAXI@Z 000000018000e6c4 f i ImgCache.obj
 0001:0000d6f4       ?ProcessingThread@?$CQueueProcessor@PEAUIMAGE_CACHE_INFO@@@@KAKPEAX@Z 000000018000e6f4 f i ImgCache.obj
 0001:0000d724       ??1CImgCache@@QEAA@XZ      000000018000e724 f   ImgCache.obj
 0001:0000d7dc       ?OnThreadStarted@CImgLoader@@UEAAJXZ 000000018000e7dc f i ImgCache.obj
 0001:0000d7f0       ?OnThreadStopped@CImgLoader@@UEAAXXZ 000000018000e7f0 f i ImgCache.obj
 0001:0000d7f8       ?IsEqual@CImgLoader@@UEAA_NAEAPEBUIMAGE_CACHE_INFO@@_JAEAPEAU2@1@Z 000000018000e7f8 f i ImgCache.obj
 0001:0000d810       ?ProcessItem@CImgLoader@@UEAAJAEAPEAUIMAGE_CACHE_INFO@@_J@Z 000000018000e810 f i ImgCache.obj
 0001:0000d868       ?CheckThread@?$CQueueProcessor@PEAUIMAGE_CACHE_INFO@@@@IEAAJXZ 000000018000e868 f i ImgCache.obj
 0001:0000d928       ?RequestItem@CImgCache@@QEAAHPEAUCePluginPanelItem@@I@Z 000000018000e928 f   ImgCache.obj
 0001:0000da24       ?HeapInitialize@@YA_NXZ    000000018000ea24 f   Memory.obj
 0001:0000da5c       ?HeapDeinitialize@@YAXXZ   000000018000ea5c f   Memory.obj
 0001:0000da80       ?xf_calloc@@YAPEAX_K0@Z    000000018000ea80 f   Memory.obj
 0001:0000da9c       ?xf_realloc@@YAPEAXPEAX_K@Z 000000018000ea9c f   Memory.obj
 0001:0000dad8       ?xf_free@@YAXPEAX@Z        000000018000ead8 f   Memory.obj
 0001:0000db00       ??_U@YAPEAX_K@Z            000000018000eb00 f   Memory.obj
 0001:0000db00       ?xf_malloc@@YAPEAX_K@Z     000000018000eb00 f   Memory.obj
 0001:0000db00       ??2@YAPEAX_K@Z             000000018000eb00 f   Memory.obj
 0001:0000db14       ??_V@YAXPEAX@Z             000000018000eb14 f   Memory.obj
 0001:0000db14       ??3@YAXPEAX@Z              000000018000eb14 f   Memory.obj
 0001:0000db1c       ?lstrdup@@YAPEA_WPEB_W_K@Z 000000018000eb1c f   Memory.obj
 0001:0000db98       ?lstrmerge@@YAPEA_WPEB_W0000@Z 000000018000eb98 f   Memory.obj
 0001:0000dc90       ??0MSection@@QEAA@XZ       000000018000ec90 f   MSection.obj
 0001:0000dd28       ??1MSection@@QEAA@XZ       000000018000ed28 f   MSection.obj
 0001:0000dda0       ?AddRef@MSection@@IEAAXK@Z 000000018000eda0 f   MSection.obj
 0001:0000de40       ?ReleaseRef@MSection@@IEAAHK@Z 000000018000ee40 f   MSection.obj
 0001:0000dee4       ?WaitUnlocked@MSection@@IEAAXKK@Z 000000018000eee4 f   MSection.obj
 0001:0000df78       ?MyEnterCriticalSection@MSection@@IEAA_NK@Z 000000018000ef78 f   MSection.obj
 0001:0000e0ac       ?Lock@MSection@@IEAAHHK@Z  000000018000f0ac f   MSection.obj
 0001:0000e1b0       ?Unlock@MSection@@IEAAXH@Z 000000018000f1b0 f   MSection.obj
 0001:0000e208       ??0MSectionLock@@QEAA@XZ   000000018000f208 f   MSection.obj
 0001:0000e218       ?Lock@MSectionLock@@QEAAHPEAVMSection@@HK@Z 000000018000f218 f   MSection.obj
 0001:0000e26c       ?Unlock@MSectionLock@@QEAAXXZ 000000018000f26c f   MSection.obj
 0001:0000e298       ??1MSectionLock@@QEAA@XZ   000000018000f298 f   MSection.obj
 0001:0000e2bc       ?Init@MSectionSimple@@QEAAXXZ 000000018000f2bc f   MSectionSimple.obj
 0001:0000e2dc       ?Enter@MSectionSimple@@QEAAXXZ 000000018000f2dc f   MSectionSimple.obj
 0001:0000e2e4       ?Leave@MSectionSimple@@QEAAXXZ 000000018000f2e4 f   MSectionSimple.obj
 0001:0000e2ec       ?TryEnter@MSectionSimple@@QEAA_NXZ 000000018000f2ec f   MSectionSimple.obj
 0001:0000e314       ?RecreateAndLock@MSectionSimple@@QEAA_NXZ 000000018000f314 f   MSectionSimple.obj
 0001:0000e384       ??0MSectionLockSimple@@QEAA@XZ 000000018000f384 f   MSectionSimple.obj
 0001:0000e390       ?Unlock@MSectionLockSimple@@QEAAXXZ 000000018000f390 f   MSectionSimple.obj
 0001:0000e3b8       ??0MSectionSimple@@QEAA@_N@Z 000000018000f3b8 f   MSectionSimple.obj
 0001:0000e3f0       ??1MSectionSimple@@QEAA@XZ 000000018000f3f0 f   MSectionSimple.obj
 0001:0000e3f0       ?Close@MSectionSimple@@QEAAXXZ 000000018000f3f0 f   MSectionSimple.obj
 0001:0000e410       ??1MSectionLockSimple@@QEAA@XZ 000000018000f410 f   MSectionSimple.obj
 0001:0000e424       ?Lock@MSectionLockSimple@@QEAAHPEAUMSectionSimple@@K@Z 000000018000f424 f   MSectionSimple.obj
 0001:0000e4bc       ??_GMNullDesc@@QEAAPEAXI@Z 000000018000f4bc f i MSecurity.obj
 0001:0000e530       ?LoadAdvApi@MNullDesc@@IEAAHXZ 000000018000f530 f i MSecurity.obj
 0001:0000e6c8       ?LocalSecurity@MNullDesc@@QEAAPEAU_SECURITY_ATTRIBUTES@@XZ 000000018000f6c8 f i MSecurity.obj
 0001:0000e87c       ?LocalSecurity@@YAPEAU_SECURITY_ATTRIBUTES@@XZ 000000018000f87c f   MSecurity.obj
 0001:0000e8dc       ?ShutdownSecurity@@YAXXZ   000000018000f8dc f   MSecurity.obj
 0001:0000e904       ?msprintf@@YAPEB_WPEA_W_KPEB_WZZ 000000018000f904 f   MStrSafe.obj
 0001:0000ecf0       ??0CRgnDetect@@QEAA@XZ     000000018000fcf0 f   RgnDetect.obj
 0001:0000edc8       ??1CRgnDetect@@QEAA@XZ     000000018000fdc8 f   RgnDetect.obj
 0001:0000ee24       ?GetDetectedDialogsPtr@CRgnDetect@@QEBAPEBUtag_DetectedDialog@@XZ 000000018000fe24 f   RgnDetect.obj
 0001:0000ee2c       ?GetFlags@CRgnDetect@@QEBAKXZ 000000018000fe2c f   RgnDetect.obj
 0001:0000ee34       ?FindFrameRight_ByBottom@CRgnDetect@@IEAA_NPEA_WPEAUtag_CharAttr@@HHAEAH22@Z 000000018000fe34 f   RgnDetect.obj
 0001:0000ef0c       ?FindFrameLeft_ByBottom@CRgnDetect@@IEAA_NPEA_WPEAUtag_CharAttr@@HHAEAH22@Z 000000018000ff0c f   RgnDetect.obj
 0001:0000efd8       ?FindFrameTop_ByLeft@CRgnDetect@@IEAA_NPEA_WPEAUtag_CharAttr@@HHAEAH22@Z 000000018000ffd8 f   RgnDetect.obj
 0001:0000f088       ?FindFrameTop_ByRight@CRgnDetect@@IEAA_NPEA_WPEAUtag_CharAttr@@HHAEAH22@Z 0000000180010088 f   RgnDetect.obj
 0001:0000f170       ?FindFrameBottom_ByRight@CRgnDetect@@IEAA_NPEA_WPEAUtag_CharAttr@@HHAEAH22@Z 0000000180010170 f   RgnDetect.obj
 0001:0000f24c       ?FindFrameBottom_ByLeft@CRgnDetect@@IEAA_NPEA_WPEAUtag_CharAttr@@HHAEAH22@Z 000000018001024c f   RgnDetect.obj
 0001:0000f300       ?FindDialog_Inner@CRgnDetect@@IEAA_NPEA_WPEAUtag_CharAttr@@HHAEAH2@Z 0000000180010300 f   RgnDetect.obj
 0001:0000f46c       ?FindFrame_TopLeft@CRgnDetect@@IEAA_NPEA_WPEAUtag_CharAttr@@HHAEAH222@Z 000000018001046c f   RgnDetect.obj
 0001:0000f56c       ?ExpandDialogFrame@CRgnDetect@@IEAA_NPEA_WPEAUtag_CharAttr@@HHAEAH2HH22@Z 000000018001056c f   RgnDetect.obj
 0001:0000f844       ?FindByBackground@CRgnDetect@@IEAA_NPEA_WPEAUtag_CharAttr@@HHAEAH222AEA_N@Z 0000000180010844 f   RgnDetect.obj
 0001:0000f960       ?MarkDialog@CRgnDetect@@IEAAHPEA_WPEAUtag_CharAttr@@HHHHHHI_NK@Z 0000000180010960 f   RgnDetect.obj
 0001:00010380       ?OnWindowSizeChanged@CRgnDetect@@QEAAXXZ 0000000180011380 f   RgnDetect.obj
 0001:00010388       ?OnWriteConsoleOutput@CRgnDetect@@QEAAXPEBU_CHAR_INFO@@U_COORD@@1PEAU_SMALL_RECT@@PEBK@Z 0000000180011388 f   RgnDetect.obj
 0001:00010634       ?SetFarRect@CRgnDetect@@QEAAXPEAU_SMALL_RECT@@@Z 0000000180011634 f   RgnDetect.obj
 0001:000106b8       ?TextWidth@CRgnDetect@@QEAAHXZ 00000001800116b8 f   RgnDetect.obj
 0001:000106e4       ?TextHeight@CRgnDetect@@QEAAHXZ 00000001800116e4 f   RgnDetect.obj
 0001:00010710       ?GetCharAttr@CRgnDetect@@QEAAHHHAEA_WAEAUtag_CharAttr@@@Z 0000000180011710 f   RgnDetect.obj
 0001:000107a0       ?FindFrameRight_ByTop@CRgnDetect@@IEAA_NPEA_WPEAUtag_CharAttr@@HHAEAH22@Z 00000001800117a0 f   RgnDetect.obj
 0001:000108dc       ?FindFrameLeft_ByTop@CRgnDetect@@IEAA_NPEA_WPEAUtag_CharAttr@@HHAEAH22@Z 00000001800118dc f   RgnDetect.obj
 0001:00010a44       ?FindDialog_TopLeft@CRgnDetect@@IEAA_NPEA_WPEAUtag_CharAttr@@HHAEAH222AEA_N@Z 0000000180011a44 f   RgnDetect.obj
 0001:00010b54       ?FindDialog_TopRight@CRgnDetect@@IEAA_NPEA_WPEAUtag_CharAttr@@HHAEAH222AEA_N@Z 0000000180011b54 f   RgnDetect.obj
 0001:00010c6c       ?FindDialog_Left@CRgnDetect@@IEAA_NPEA_WPEAUtag_CharAttr@@HHAEAH222AEA_N@Z 0000000180011c6c f   RgnDetect.obj
 0001:00010e7c       ?FindDialog_Right@CRgnDetect@@IEAA_NPEA_WPEAUtag_CharAttr@@HHAEAH222AEA_N@Z 0000000180011e7c f   RgnDetect.obj
 0001:00010fe4       ?FindDialog_Any@CRgnDetect@@IEAA_NPEA_WPEAUtag_CharAttr@@HHAEAH222AEA_N@Z 0000000180011fe4 f   RgnDetect.obj
 0001:00011278       ?DetectDialog@CRgnDetect@@IEAA_NPEA_WPEAUtag_CharAttr@@HHHHPEAH2@Z 0000000180012278 f   RgnDetect.obj
 0001:000116e8       ?InitializeSBI@CRgnDetect@@QEAAHPEBK@Z 00000001800126e8 f   RgnDetect.obj
 0001:00011b58       ?PrepareTransparent@CRgnDetect@@QEAAXPEBUCEFAR_INFO_MAPPING@@PEBKPEBU_CONSOLE_SCREEN_BUFFER_INFO@@PEA_WPEAUtag_CharAttr@@HH@Z 0000000180012b58 f   RgnDetect.obj
 0001:000123e0       ?PrepareTransparent@CRgnDetect@@QEAAXPEBUCEFAR_INFO_MAPPING@@PEBK@Z 00000001800133e0 f   RgnDetect.obj
 0001:000124b4       ?SearchAppPaths@@YA_NPEB_WAEAUCEStr@@_NPEAU1@@Z 00000001800134b4 f   WFiles.obj
 0001:000128b4       ?FileExists@@YA_NPEB_WPEAK@Z 00000001800138b4 f   WObjects.obj
 0001:00012a38       ?IsWindows64@@YA_NXZ       0000000180013a38 f   WObjects.obj
 0001:00012a5c       ?isTerminalMode@@YA_NXZ    0000000180013a5c f   WObjects.obj
 0001:00012c94       ?ExpandEnvStr@@YAPEA_WPEB_W@Z 0000000180013c94 f   WObjects.obj
 0001:00012d3c       ?GetEnvVar@@YAPEA_WPEB_W@Z 0000000180013d3c f   WObjects.obj
 0001:00012de0       ?apiTerminateThreadEx@@YAHPEAXKPEBDH@Z 0000000180013de0 f   WThreads.obj
 0001:00012ee8       ?SetThreadName@@YAXKPEAD@Z 0000000180013ee8 f   WThreads.obj
 0001:00012f20       ?apiThreadHelper@@YAKPEAX@Z 0000000180013f20 f   WThreads.obj
 0001:00013110       ?apiCreateThread@@YAPEAXP6AKPEAX@Z0PEAKPEBDH@Z 0000000180014110 f   WThreads.obj
 0001:0001325c       ?apiShowWindow@@YA_NPEAUHWND__@@H@Z 000000018001425c f   WUser.obj
 0001:00013270       Thread32Next               0000000180014270 f   kernel32:KERNEL32.dll
 0001:00013276       Thread32First              0000000180014276 f   kernel32:KERNEL32.dll
 0001:0001327c       CreateToolhelp32Snapshot   000000018001427c f   kernel32:KERNEL32.dll
 0001:00013282       Process32NextW             0000000180014282 f   kernel32:KERNEL32.dll
 0001:00013288       Process32FirstW            0000000180014288 f   kernel32:KERNEL32.dll
 0001:0001328e       VerQueryValueW             000000018001428e f   version:VERSION.dll
 0001:00013294       GetFileVersionInfoW        0000000180014294 f   version:VERSION.dll
 0001:0001329a       GetFileVersionInfoSizeW    000000018001429a f   version:VERSION.dll
 0001:000132a0       wcschr                     00000001800142a0 f   LIBCMT:wcschr.obj
 0001:000132c0       wcsrchr                    00000001800142c0 f   LIBCMT:wcsrchr.obj
 0001:000132ec       wcspbrk                    00000001800142ec f   LIBCMT:wcspbrk.obj
 0001:00013324       strrchr                    0000000180014324 f   LIBCMT:strrchr.obj
 0001:00013360       memset                     0000000180014360 f   LIBCMT:memset.obj
 0001:00013460       memmove                    0000000180014460     LIBCMT:memcpy.obj
 0001:00013460       memcpy                     0000000180014460 f   LIBCMT:memcpy.obj
 0001:000137b0       memcmp                     00000001800147b0 f   LIBCMT:memcmp.obj
 0001:00013878       __C_specific_handler       0000000180014878 f   LIBCMT:chandler.obj
 0001:00013a1c       ??0_LocaleUpdate@@QEAA@PEAUlocaleinfo_struct@@@Z 0000000180014a1c f i LIBCMT:wcstol.obj
 0001:00013ac8       strchr                     0000000180014ac8 f   LIBCMT:strchr.obj
 0001:00013ae4       _CRT_INIT                  0000000180014ae4 f   LIBCMT:dllcrt0.obj
 0001:00013d38       _DllMainCRTStartup         0000000180014d38 f   LIBCMT:dllcrt0.obj
 0001:00013d90       _local_unwind              0000000180014d90 f   LIBCMT:jmpuwind.obj
 0001:00013dc0       _NLG_Notify                0000000180014dc0 f   LIBCMT:jmpuwind.obj
 0001:00013de0       __NLG_Dispatch2            0000000180014de0 f   LIBCMT:jmpuwind.obj
 0001:00013df0       __NLG_Return2              0000000180014df0 f   LIBCMT:jmpuwind.obj
 0001:00013e00       _ValidateImageBase         0000000180014e00 f   LIBCMT:pesect.obj
 0001:00013e30       _FindPESection             0000000180014e30 f   LIBCMT:pesect.obj
 0001:00013e80       _IsNonwritableInCurrentImage 0000000180014e80 f   LIBCMT:pesect.obj
 0001:0001413c       __updatetmbcinfo           000000018001513c f   LIBCMT:mbctype.obj
 0001:00014288       _setmbcp_nolock            0000000180015288 f   LIBCMT:mbctype.obj
 0001:00014500       _setmbcp                   0000000180015500 f   LIBCMT:mbctype.obj
 0001:000146f8       __initmbctable             00000001800156f8 f   LIBCMT:mbctype.obj
 0001:00014720       __freetlocinfo             0000000180015720 f   LIBCMT:setlocal.obj
 0001:0001489c       __addlocaleref             000000018001589c f   LIBCMT:setlocal.obj
 0001:00014934       __removelocaleref          0000000180015934 f   LIBCMT:setlocal.obj
 0001:00014a34       __updatetlocinfo           0000000180015a34 f   LIBCMT:setlocal.obj
 0001:00014aac       _encode_pointer            0000000180015aac f   LIBCMT:tidtable.obj
 0001:00014ab4       _encoded_null              0000000180015ab4 f   LIBCMT:tidtable.obj
 0001:00014ac0       _decode_pointer            0000000180015ac0 f   LIBCMT:tidtable.obj
 0001:00014ac8       ?OnThreadStarted@?$CQueueProcessor@PEAUIMAGE_CACHE_INFO@@@@MEAAJXZ 0000000180015ac8 f   ImgCache.obj
 0001:00014ac8       __set_flsgetvalue          0000000180015ac8 f   LIBCMT:tidtable.obj
 0001:00014acc       _mtterm                    0000000180015acc f   LIBCMT:tidtable.obj
 0001:00014af4       _initptd                   0000000180015af4 f   LIBCMT:tidtable.obj
 0001:00014ba8       _getptd_noexit             0000000180015ba8 f   LIBCMT:tidtable.obj
 0001:00014c2c       _getptd                    0000000180015c2c f   LIBCMT:tidtable.obj
 0001:00014c50       _freefls                   0000000180015c50 f   LIBCMT:tidtable.obj
 0001:00014d88       _freeptd                   0000000180015d88 f   LIBCMT:tidtable.obj
 0001:00014dc8       _mtinit                    0000000180015dc8 f   LIBCMT:tidtable.obj
 0001:00014e4c       _initp_misc_invarg         0000000180015e4c f   LIBCMT:invarg.obj
 0001:00014e54       _invoke_watson             0000000180015e54 f   LIBCMT:invarg.obj
 0001:00014f7c       _invalid_parameter         0000000180015f7c f   LIBCMT:invarg.obj
 0001:00015004       _get_errno_from_oserr      0000000180016004 f   LIBCMT:dosmap.obj
 0001:0001504c       _errno                     000000018001604c f   LIBCMT:dosmap.obj
 0001:0001506c       free                       000000018001606c f   LIBCMT:free.obj
 0001:000150ac       _malloc_crt                00000001800160ac f   LIBCMT:crtheap.obj
 0001:00015118       _calloc_crt                0000000180016118 f   LIBCMT:crtheap.obj
 0001:0001519c       _realloc_crt               000000018001619c f   LIBCMT:crtheap.obj
 0001:00015224       _amsg_exit                 0000000180016224 f   LIBCMT:crt0dat.obj
 0001:00015254       __crtCorExitProcess        0000000180016254 f   LIBCMT:crt0dat.obj
 0001:00015290       __crtExitProcess           0000000180016290 f   LIBCMT:crt0dat.obj
 0001:000152a8       _lockexit                  00000001800162a8 f   LIBCMT:crt0dat.obj
 0001:000152b4       _unlockexit                00000001800162b4 f   LIBCMT:crt0dat.obj
 0001:000152f4       _initterm_e                00000001800162f4 f   LIBCMT:crt0dat.obj
 0001:00015330       _cinit                     0000000180016330 f   LIBCMT:crt0dat.obj
 0001:0001556c       _exit                      000000018001656c f   LIBCMT:crt0dat.obj
 0001:00015578       _cexit                     0000000180016578 f   LIBCMT:crt0dat.obj
 0001:00015588       _init_pointers             0000000180016588 f   LIBCMT:crt0dat.obj
 0001:000155f0       _ioinit                    00000001800165f0 f   LIBCMT:ioinit.obj
 0001:000158e0       _ioterm                    00000001800168e0 f   LIBCMT:ioinit.obj
 0001:0001594c       _setenvp                   000000018001694c f   LIBCMT:stdenvp.obj
 0001:00015c4c       _setargv                   0000000180016c4c f   LIBCMT:stdargv.obj
 0001:00015d44       __crtGetEnvironmentStringsA 0000000180016d44 f   LIBCMT:a_env.obj
 0001:00015ef8       _RTC_Initialize            0000000180016ef8 f   LIBCMT:_initsect_.obj
 0001:00015f30       _RTC_Terminate             0000000180016f30 f   LIBCMT:_initsect_.obj
 0001:00015f68       _heap_init                 0000000180016f68 f   LIBCMT:heapinit.obj
 0001:00015fb4       _heap_term                 0000000180016fb4 f   LIBCMT:heapinit.obj
 0001:00015fd4       _XcptFilter                0000000180016fd4 f   LIBCMT:winxfltr.obj
 0001:000161a4       __CppXcptFilter            00000001800171a4 f   LIBCMT:winxfltr.obj
 0001:000161c4       __security_init_cookie     00000001800171c4 f   LIBCMT:gs_support.obj
 0001:00016278       __GSHandlerCheckCommon     0000000180017278 f   LIBCMT:gshandler.obj
 0001:000162dc       __GSHandlerCheck           00000001800172dc f   LIBCMT:gshandler.obj
 0001:0001683c       __crtLCMapStringA          000000018001783c f   LIBCMT:a_map.obj
 0001:00016b40       __crtGetStringTypeA        0000000180017b40 f   LIBCMT:a_str.obj
 0001:00016be0       __security_check_cookie    0000000180017be0 f   LIBCMT:amdsecgs.obj
 0001:00016c00       _mtinitlocks               0000000180017c00 f   LIBCMT:mlock.obj
 0001:00016c8c       _mtdeletelocks             0000000180017c8c f   LIBCMT:mlock.obj
 0001:00016d10       _unlock                    0000000180017d10 f   LIBCMT:mlock.obj
 0001:00016d28       _mtinitlocknum             0000000180017d28 f   LIBCMT:mlock.obj
 0001:00016e10       _lock                      0000000180017e10 f   LIBCMT:mlock.obj
 0001:00016e54       __free_lc_time             0000000180017e54 f   LIBCMT:inittime.obj
 0001:00017040       __free_lconv_num           0000000180018040 f   LIBCMT:initnum.obj
 0001:00017088       __free_lconv_mon           0000000180018088 f   LIBCMT:initmon.obj
 0001:00017120       strcat_s                   0000000180018120 f   LIBCMT:strcat_s.obj
 0001:000171ac       strncpy_s                  00000001800181ac f   LIBCMT:strncpy_s.obj
 0001:00017284       strcpy_s                   0000000180018284 f   LIBCMT:strcpy_s.obj
 0001:00017310       strcmp                     0000000180018310 f   LIBCMT:strcmp.obj
 0001:000173d0       strlen                     00000001800183d0 f   LIBCMT:strlen.obj
 0001:00017490       strncmp                    0000000180018490 f   LIBCMT:strncmp.obj
 0001:00017548       __crt_debugger_hook        0000000180018548 f   LIBCMT:dbghook.obj
 0001:00017550       malloc                     0000000180018550 f   LIBCMT:malloc.obj
 0001:00017608       _calloc_impl               0000000180018608 f   LIBCMT:calloc_impl.obj
 0001:000176b8       realloc                    00000001800186b8 f   LIBCMT:realloc.obj
 0001:0001778c       _NMSG_WRITE                000000018001878c f   LIBCMT:crt0msg.obj
 0001:000179b4       _FF_MSGBANNER              00000001800189b4 f   LIBCMT:crt0msg.obj
 0001:000179f8       __onexitinit               00000001800189f8 f   LIBCMT:onexit.obj
 0001:00017a3c       _onexit                    0000000180018a3c f   LIBCMT:onexit.obj
 0001:00017b44       atexit                     0000000180018b44 f   LIBCMT:onexit.obj
 0001:00017b5c       _initp_misc_cfltcvt_tab    0000000180018b5c f   LIBCMT:cmiscdat.obj
 0001:00017b94       ?terminate@@YAXXZ          0000000180018b94 f   LIBCMT:hooks.obj
 0001:00017bb8       _initp_eh_hooks            0000000180018bb8 f   LIBCMT:hooks.obj
 0001:00017bd4       _initp_misc_winsig         0000000180018bd4 f   LIBCMT:winsig.obj
 0001:00017bf4       __get_sigabrt              0000000180018bf4 f   LIBCMT:winsig.obj
 0001:00017c00       raise                      0000000180018c00 f   LIBCMT:winsig.obj
 0001:00017e74       _initp_misc_rand_s         0000000180018e74 f   LIBCMT:rand_s.obj
 0001:00017e7c       _initp_misc_purevirt       0000000180018e7c f   LIBCMT:inithelp.obj
 0001:00017e84       _initp_misc_initcrit       0000000180018e84 f   LIBCMT:initcrit.obj
 0001:00017e8c       __crtInitCritSecAndSpinCount 0000000180018e8c f   LIBCMT:initcrit.obj
 0001:00017ec4       _initp_heap_handler        0000000180018ec4 f   LIBCMT:handler.obj
 0001:00017ecc       _callnewh                  0000000180018ecc f   LIBCMT:handler.obj
 0001:00017f7c       _ismbblead                 0000000180018f7c f   LIBCMT:ismbbyte.obj
 0001:00017f90       __ansicp                   0000000180018f90 f   LIBCMT:convrtcp.obj
 0001:00017fe4       __convertcp                0000000180018fe4 f   LIBCMT:convrtcp.obj
 0001:00018270       __report_gsfailure         0000000180019270 f   LIBCMT:gs_report.obj
 0001:000183bc       _isleadbyte_l              00000001800193bc f i LIBCMT:_wctype.obj
 0001:00018404       atol                       0000000180019404 f   LIBCMT:atox.obj
 0001:00018410       _msize                     0000000180019410 f   LIBCMT:msize.obj
 0001:00018458       __crtMessageBoxA           0000000180019458 f   LIBCMT:crtmbox.obj
 0001:0001864c       _set_error_mode            000000018001964c f   LIBCMT:errmode.obj
 0001:0001869c       _fptrap                    000000018001969c f   LIBCMT:crt0fp.obj
 0001:000186a8       abort                      00000001800196a8 f   LIBCMT:abort.obj
 0001:000189d0       strtol                     00000001800199d0 f   LIBCMT:strtol.obj
 0001:00018a00       _isctype_l                 0000000180019a00 f   LIBCMT:isctype.obj
 0001:00018b0a       RtlUnwindEx                0000000180019b0a f   kernel32:KERNEL32.dll
 0001:00018b10       RtlVirtualUnwind           0000000180019b10 f   kernel32:KERNEL32.dll
 0001:00018b16       RtlLookupFunctionEntry     0000000180019b16 f   kernel32:KERNEL32.dll
 0001:00018b30       _alloca_probe              0000000180019b30     LIBCMT:chkstk.obj
 0001:00018b30       __chkstk                   0000000180019b30 f   LIBCMT:chkstk.obj
 0002:00000000       __imp_RegCreateKeyExW      000000018001a000     advapi32:ADVAPI32.dll
 0002:00000008       __imp_RegSetValueExW       000000018001a008     advapi32:ADVAPI32.dll
 0002:00000010       __imp_RegOpenKeyExW        000000018001a010     advapi32:ADVAPI32.dll
 0002:00000018       __imp_RegQueryValueExW     000000018001a018     advapi32:ADVAPI32.dll
 0002:00000020       __imp_RegCloseKey          000000018001a020     advapi32:ADVAPI32.dll
 0002:00000028       \177ADVAPI32_NULL_THUNK_DATA 000000018001a028     advapi32:ADVAPI32.dll
 0002:00000030       __imp_GdiAlphaBlend        000000018001a030     gdi32:GDI32.dll
 0002:00000038       __imp_StretchBlt           000000018001a038     gdi32:GDI32.dll
 0002:00000040       __imp_GetObjectW           000000018001a040     gdi32:GDI32.dll
 0002:00000048       __imp_GdiFlush             000000018001a048     gdi32:GDI32.dll
 0002:00000050       __imp_CreateDIBSection     000000018001a050     gdi32:GDI32.dll
 0002:00000058       __imp_GetStockObject       000000018001a058     gdi32:GDI32.dll
 0002:00000060       __imp_CreateFontW          000000018001a060     gdi32:GDI32.dll
 0002:00000068       __imp_CreateCompatibleDC   000000018001a068     gdi32:GDI32.dll
 0002:00000070       __imp_CreateCompatibleBitmap 000000018001a070     gdi32:GDI32.dll
 0002:00000078       __imp_BitBlt               000000018001a078     gdi32:GDI32.dll
 0002:00000080       __imp_DeleteDC             000000018001a080     gdi32:GDI32.dll
 0002:00000088       __imp_SelectObject         000000018001a088     gdi32:GDI32.dll
 0002:00000090       __imp_Rectangle            000000018001a090     gdi32:GDI32.dll
 0002:00000098       __imp_SetTextColor         000000018001a098     gdi32:GDI32.dll
 0002:000000a0       __imp_SetBkColor           000000018001a0a0     gdi32:GDI32.dll
 0002:000000a8       __imp_CreatePen            000000018001a0a8     gdi32:GDI32.dll
 0002:000000b0       __imp_MoveToEx             000000018001a0b0     gdi32:GDI32.dll
 0002:000000b8       __imp_LineTo               000000018001a0b8     gdi32:GDI32.dll
 0002:000000c0       __imp_DeleteObject         000000018001a0c0     gdi32:GDI32.dll
 0002:000000c8       __imp_CreateSolidBrush     000000018001a0c8     gdi32:GDI32.dll
 0002:000000d0       __imp_SetStretchBltMode    000000018001a0d0     gdi32:GDI32.dll
 0002:000000d8       \177GDI32_NULL_THUNK_DATA  000000018001a0d8     gdi32:GDI32.dll
 0002:000000e0       __imp_GetStdHandle         000000018001a0e0     kernel32:KERNEL32.dll
 0002:000000e8       __imp_WideCharToMultiByte  000000018001a0e8     kernel32:KERNEL32.dll
 0002:000000f0       __imp_LocalFree            000000018001a0f0     kernel32:KERNEL32.dll
 0002:000000f8       __imp_lstrcpyW             000000018001a0f8     kernel32:KERNEL32.dll
 0002:00000100       __imp_ReadConsoleInputW    000000018001a100     kernel32:KERNEL32.dll
 0002:00000108       __imp_lstrcpynA            000000018001a108     kernel32:KERNEL32.dll
 0002:00000110       __imp_MultiByteToWideChar  000000018001a110     kernel32:KERNEL32.dll
 0002:00000118       __imp_lstrlenA             000000018001a118     kernel32:KERNEL32.dll
 0002:00000120       __imp_LocalAlloc           000000018001a120     kernel32:KERNEL32.dll
 0002:00000128       __imp_FileTimeToSystemTime 000000018001a128     kernel32:KERNEL32.dll
 0002:00000130       __imp_GetExitCodeThread    000000018001a130     kernel32:KERNEL32.dll
 0002:00000138       __imp_WaitForMultipleObjects 000000018001a138     kernel32:KERNEL32.dll
 0002:00000140       __imp_CreateEventW         000000018001a140     kernel32:KERNEL32.dll
 0002:00000148       __imp_SetEvent             000000018001a148     kernel32:KERNEL32.dll
 0002:00000150       __imp_FindClose            000000018001a150     kernel32:KERNEL32.dll
 0002:00000158       __imp_FindNextFileW        000000018001a158     kernel32:KERNEL32.dll
 0002:00000160       __imp_FreeLibrary          000000018001a160     kernel32:KERNEL32.dll
 0002:00000168       __imp_FindFirstFileW       000000018001a168     kernel32:KERNEL32.dll
 0002:00000170       __imp_GetTempPathW         000000018001a170     kernel32:KERNEL32.dll
 0002:00000178       __imp_IsBadReadPtr         000000018001a178     kernel32:KERNEL32.dll
 0002:00000180       __imp_ResetEvent           000000018001a180     kernel32:KERNEL32.dll
 0002:00000188       __imp_HeapCreate           000000018001a188     kernel32:KERNEL32.dll
 0002:00000190       __imp_HeapDestroy          000000018001a190     kernel32:KERNEL32.dll
 0002:00000198       __imp_HeapAlloc            000000018001a198     kernel32:KERNEL32.dll
 0002:000001a0       __imp_HeapReAlloc          000000018001a1a0     kernel32:KERNEL32.dll
 0002:000001a8       __imp_HeapFree             000000018001a1a8     kernel32:KERNEL32.dll
 0002:000001b0       __imp_OpenThread           000000018001a1b0     kernel32:KERNEL32.dll
 0002:000001b8       __imp_InitializeCriticalSection 000000018001a1b8     kernel32:KERNEL32.dll
 0002:000001c0       __imp_DeleteCriticalSection 000000018001a1c0     kernel32:KERNEL32.dll
 0002:000001c8       __imp_EnterCriticalSection 000000018001a1c8     kernel32:KERNEL32.dll
 0002:000001d0       __imp_LeaveCriticalSection 000000018001a1d0     kernel32:KERNEL32.dll
 0002:000001d8       __imp_TryEnterCriticalSection 000000018001a1d8     kernel32:KERNEL32.dll
 0002:000001e0       __imp_VerifyVersionInfoW   000000018001a1e0     kernel32:KERNEL32.dll
 0002:000001e8       __imp_VerSetConditionMask  000000018001a1e8     kernel32:KERNEL32.dll
 0002:000001f0       __imp_ReadConsoleOutputW   000000018001a1f0     kernel32:KERNEL32.dll
 0002:000001f8       __imp_GetConsoleScreenBufferInfo 000000018001a1f8     kernel32:KERNEL32.dll
 0002:00000200       __imp_GetFileInformationByHandle 000000018001a200     kernel32:KERNEL32.dll
 0002:00000208       __imp_Process32NextW       000000018001a208     kernel32:KERNEL32.dll
 0002:00000210       __imp_Process32FirstW      000000018001a210     kernel32:KERNEL32.dll
 0002:00000218       __imp_ExpandEnvironmentStringsW 000000018001a218     kernel32:KERNEL32.dll
 0002:00000220       __imp_GetEnvironmentVariableW 000000018001a220     kernel32:KERNEL32.dll
 0002:00000228       __imp_WriteConsoleInputW   000000018001a228     kernel32:KERNEL32.dll
 0002:00000230       __imp_TerminateThread      000000018001a230     kernel32:KERNEL32.dll
 0002:00000238       __imp_RaiseException       000000018001a238     kernel32:KERNEL32.dll
 0002:00000240       __imp_ResumeThread         000000018001a240     kernel32:KERNEL32.dll
 0002:00000248       __imp_CreateThread         000000018001a248     kernel32:KERNEL32.dll
 0002:00000250       __imp_GetCurrentProcess    000000018001a250     kernel32:KERNEL32.dll
 0002:00000258       __imp_HeapSize             000000018001a258     kernel32:KERNEL32.dll
 0002:00000260       __imp_InitializeCriticalSectionAndSpinCount 000000018001a260     kernel32:KERNEL32.dll
 0002:00000268       __imp_LoadLibraryA         000000018001a268     kernel32:KERNEL32.dll
 0002:00000270       __imp_GetLocaleInfoA       000000018001a270     kernel32:KERNEL32.dll
 0002:00000278       __imp_GetStringTypeW       000000018001a278     kernel32:KERNEL32.dll
 0002:00000280       __imp_GetStringTypeA       000000018001a280     kernel32:KERNEL32.dll
 0002:00000288       __imp_LCMapStringW         000000018001a288     kernel32:KERNEL32.dll
 0002:00000290       __imp_LCMapStringA         000000018001a290     kernel32:KERNEL32.dll
 0002:00000298       __imp_GetSystemTimeAsFileTime 000000018001a298     kernel32:KERNEL32.dll
 0002:000002a0       __imp_QueryPerformanceCounter 000000018001a2a0     kernel32:KERNEL32.dll
 0002:000002a8       __imp_HeapSetInformation   000000018001a2a8     kernel32:KERNEL32.dll
 0002:000002b0       __imp_GetEnvironmentStringsW 000000018001a2b0     kernel32:KERNEL32.dll
 0002:000002b8       __imp_FreeEnvironmentStringsW 000000018001a2b8     kernel32:KERNEL32.dll
 0002:000002c0       __imp_GetEnvironmentStrings 000000018001a2c0     kernel32:KERNEL32.dll
 0002:000002c8       __imp_FreeEnvironmentStringsA 000000018001a2c8     kernel32:KERNEL32.dll
 0002:000002d0       __imp_GetModuleFileNameA   000000018001a2d0     kernel32:KERNEL32.dll
 0002:000002d8       __imp_GetStartupInfoA      000000018001a2d8     kernel32:KERNEL32.dll
 0002:000002e0       __imp_GetFileType          000000018001a2e0     kernel32:KERNEL32.dll
 0002:000002e8       __imp_SetHandleCount       000000018001a2e8     kernel32:KERNEL32.dll
 0002:000002f0       __imp_ExitProcess          000000018001a2f0     kernel32:KERNEL32.dll
 0002:000002f8       __imp_RtlCaptureContext    000000018001a2f8     kernel32:KERNEL32.dll
 0002:00000300       __imp_RtlLookupFunctionEntry 000000018001a300     kernel32:KERNEL32.dll
 0002:00000308       __imp_RtlVirtualUnwind     000000018001a308     kernel32:KERNEL32.dll
 0002:00000310       __imp_SetUnhandledExceptionFilter 000000018001a310     kernel32:KERNEL32.dll
 0002:00000318       __imp_UnhandledExceptionFilter 000000018001a318     kernel32:KERNEL32.dll
 0002:00000320       __imp_TerminateProcess     000000018001a320     kernel32:KERNEL32.dll
 0002:00000328       __imp_FlsAlloc             000000018001a328     kernel32:KERNEL32.dll
 0002:00000330       __imp_FlsFree              000000018001a330     kernel32:KERNEL32.dll
 0002:00000338       __imp_FlsGetValue          000000018001a338     kernel32:KERNEL32.dll
 0002:00000340       __imp_DecodePointer        000000018001a340     kernel32:KERNEL32.dll
 0002:00000348       __imp_EncodePointer        000000018001a348     kernel32:KERNEL32.dll
 0002:00000350       __imp_IsValidCodePage      000000018001a350     kernel32:KERNEL32.dll
 0002:00000358       __imp_GetOEMCP             000000018001a358     kernel32:KERNEL32.dll
 0002:00000360       __imp_VirtualProtect       000000018001a360     kernel32:KERNEL32.dll
 0002:00000368       __imp_CreateToolhelp32Snapshot 000000018001a368     kernel32:KERNEL32.dll
 0002:00000370       __imp_Thread32First        000000018001a370     kernel32:KERNEL32.dll
 0002:00000378       __imp_Thread32Next         000000018001a378     kernel32:KERNEL32.dll
 0002:00000380       __imp_CreateFileMappingW   000000018001a380     kernel32:KERNEL32.dll
 0002:00000388       __imp_LoadLibraryW         000000018001a388     kernel32:KERNEL32.dll
 0002:00000390       __imp_WriteFile            000000018001a390     kernel32:KERNEL32.dll
 0002:00000398       __imp_TransactNamedPipe    000000018001a398     kernel32:KERNEL32.dll
 0002:000003a0       __imp_ReadFile             000000018001a3a0     kernel32:KERNEL32.dll
 0002:000003a8       __imp_CreateFileW          000000018001a3a8     kernel32:KERNEL32.dll
 0002:000003b0       __imp_WaitForSingleObject  000000018001a3b0     kernel32:KERNEL32.dll
 0002:000003b8       __imp_WaitNamedPipeW       000000018001a3b8     kernel32:KERNEL32.dll
 0002:000003c0       __imp_Sleep                000000018001a3c0     kernel32:KERNEL32.dll
 0002:000003c8       __imp_SetNamedPipeHandleState 000000018001a3c8     kernel32:KERNEL32.dll
 0002:000003d0       __imp_GetModuleFileNameW   000000018001a3d0     kernel32:KERNEL32.dll
 0002:000003d8       __imp_OpenFileMappingW     000000018001a3d8     kernel32:KERNEL32.dll
 0002:000003e0       __imp_MapViewOfFile        000000018001a3e0     kernel32:KERNEL32.dll
 0002:000003e8       __imp_UnmapViewOfFile      000000018001a3e8     kernel32:KERNEL32.dll
 0002:000003f0       __imp_CloseHandle          000000018001a3f0     kernel32:KERNEL32.dll
 0002:000003f8       __imp_SetLastError         000000018001a3f8     kernel32:KERNEL32.dll
 0002:00000400       __imp_GetCurrentThreadId   000000018001a400     kernel32:KERNEL32.dll
 0002:00000408       __imp_GetCurrentProcessId  000000018001a408     kernel32:KERNEL32.dll
 0002:00000410       __imp_GetTickCount         000000018001a410     kernel32:KERNEL32.dll
 0002:00000418       __imp_GetLastError         000000018001a418     kernel32:KERNEL32.dll
 0002:00000420       __imp_IsDebuggerPresent    000000018001a420     kernel32:KERNEL32.dll
 0002:00000428       __imp_lstrcmpiW            000000018001a428     kernel32:KERNEL32.dll
 0002:00000430       __imp_lstrcmpW             000000018001a430     kernel32:KERNEL32.dll
 0002:00000438       __imp_GetModuleHandleW     000000018001a438     kernel32:KERNEL32.dll
 0002:00000440       __imp_GetProcAddress       000000018001a440     kernel32:KERNEL32.dll
 0002:00000448       __imp_lstrcpynW            000000018001a448     kernel32:KERNEL32.dll
 0002:00000450       __imp_SetEnvironmentVariableW 000000018001a450     kernel32:KERNEL32.dll
 0002:00000458       __imp_lstrlenW             000000018001a458     kernel32:KERNEL32.dll
 0002:00000460       __imp_GetACP               000000018001a460     kernel32:KERNEL32.dll
 0002:00000468       __imp_GetCPInfo            000000018001a468     kernel32:KERNEL32.dll
 0002:00000470       __imp_GetCommandLineA      000000018001a470     kernel32:KERNEL32.dll
 0002:00000478       __imp_FlsSetValue          000000018001a478     kernel32:KERNEL32.dll
 0002:00000480       __imp_RtlUnwindEx          000000018001a480     kernel32:KERNEL32.dll
 0002:00000488       \177KERNEL32_NULL_THUNK_DATA 000000018001a488     kernel32:KERNEL32.dll
 0002:00000490       __imp_SHGetFileInfoW       000000018001a490     shell32:SHELL32.dll
 0002:00000498       \177SHELL32_NULL_THUNK_DATA 000000018001a498     shell32:SHELL32.dll
 0002:000004a0       __imp_IsWindow             000000018001a4a0     user32:USER32.dll
 0002:000004a8       __imp_GetWindowLongPtrW    000000018001a4a8     user32:USER32.dll
 0002:000004b0       __imp_GetClassNameW        000000018001a4b0     user32:USER32.dll
 0002:000004b8       __imp_MapVirtualKeyW       000000018001a4b8     user32:USER32.dll
 0002:000004c0       __imp_SetWindowLongW       000000018001a4c0     user32:USER32.dll
 0002:000004c8       __imp_ShowWindow           000000018001a4c8     user32:USER32.dll
 0002:000004d0       __imp_wsprintfA            000000018001a4d0     user32:USER32.dll
 0002:000004d8       __imp_LoadIconW            000000018001a4d8     user32:USER32.dll
 0002:000004e0       __imp_GetIconInfo          000000018001a4e0     user32:USER32.dll
 0002:000004e8       __imp_DrawIconEx           000000018001a4e8     user32:USER32.dll
 0002:000004f0       __imp_DestroyIcon          000000018001a4f0     user32:USER32.dll
 0002:000004f8       __imp_GetDC                000000018001a4f8     user32:USER32.dll
 0002:00000500       __imp_ReleaseDC            000000018001a500     user32:USER32.dll
 0002:00000508       __imp_RegisterWindowMessageW 000000018001a508     user32:USER32.dll
 0002:00000510       __imp_DispatchMessageW     000000018001a510     user32:USER32.dll
 0002:00000518       __imp_GetMessageW          000000018001a518     user32:USER32.dll
 0002:00000520       __imp_UnregisterClassW     000000018001a520     user32:USER32.dll
 0002:00000528       __imp_LoadCursorW          000000018001a528     user32:USER32.dll
 0002:00000530       __imp_RegisterClassW       000000018001a530     user32:USER32.dll
 0002:00000538       __imp_CreateWindowExW      000000018001a538     user32:USER32.dll
 0002:00000540       __imp_BeginPaint           000000018001a540     user32:USER32.dll
 0002:00000548       __imp_DefWindowProcW       000000018001a548     user32:USER32.dll
 0002:00000550       __imp_DestroyWindow        000000018001a550     user32:USER32.dll
 0002:00000558       __imp_PostThreadMessageW   000000018001a558     user32:USER32.dll
 0002:00000560       __imp_EndPaint             000000018001a560     user32:USER32.dll
 0002:00000568       __imp_SetWindowLongPtrW    000000018001a568     user32:USER32.dll
 0002:00000570       __imp_InvalidateRect       000000018001a570     user32:USER32.dll
 0002:00000578       __imp_DrawTextW            000000018001a578     user32:USER32.dll
 0002:00000580       __imp_FillRect             000000018001a580     user32:USER32.dll
 0002:00000588       __imp_ShowWindowAsync      000000018001a588     user32:USER32.dll
 0002:00000590       __imp_PostMessageW         000000018001a590     user32:USER32.dll
 0002:00000598       __imp_GetWindowThreadProcessId 000000018001a598     user32:USER32.dll
 0002:000005a0       __imp_MessageBoxW          000000018001a5a0     user32:USER32.dll
 0002:000005a8       __imp_IsWindowVisible      000000018001a5a8     user32:USER32.dll
 0002:000005b0       __imp_GetClientRect        000000018001a5b0     user32:USER32.dll
 0002:000005b8       __imp_MapWindowPoints      000000018001a5b8     user32:USER32.dll
 0002:000005c0       __imp_ChildWindowFromPointEx 000000018001a5c0     user32:USER32.dll
 0002:000005c8       __imp_WindowFromPoint      000000018001a5c8     user32:USER32.dll
 0002:000005d0       __imp_IntersectRect        000000018001a5d0     user32:USER32.dll
 0002:000005d8       __imp_wsprintfW            000000018001a5d8     user32:USER32.dll
 0002:000005e0       __imp_GetKeyState          000000018001a5e0     user32:USER32.dll
 0002:000005e8       \177USER32_NULL_THUNK_DATA 000000018001a5e8     user32:USER32.dll
 0002:000005f0       __imp_GetFileVersionInfoW  000000018001a5f0     version:VERSION.dll
 0002:000005f8       __imp_GetFileVersionInfoSizeW 000000018001a5f8     version:VERSION.dll
 0002:00000600       __imp_VerQueryValueW       000000018001a600     version:VERSION.dll
 0002:00000608       \177VERSION_NULL_THUNK_DATA 000000018001a608     version:VERSION.dll
 0002:00000610       __imp_CoInitialize         000000018001a610     ole32:ole32.dll
 0002:00000618       __imp_CoUninitialize       000000018001a618     ole32:ole32.dll
 0002:00000620       \177ole32_NULL_THUNK_DATA  000000018001a620     ole32:ole32.dll
 0002:00000628       __xc_a                     000000018001a628     LIBCMT:crt0init.obj
 0002:00000630       __xc_z                     000000018001a630     LIBCMT:crt0init.obj
 0002:00000638       __xi_a                     000000018001a638     LIBCMT:crt0init.obj
 0002:00000650       __xi_z                     000000018001a650     LIBCMT:crt0init.obj
 0002:00000658       __xp_a                     000000018001a658     LIBCMT:crt0init.obj
 0002:00000660       __xp_z                     000000018001a660     LIBCMT:crt0init.obj
 0002:00000668       __xt_a                     000000018001a668     LIBCMT:crt0init.obj
 0002:00000670       __xt_z                     000000018001a670     LIBCMT:crt0init.obj
 0002:00000680       ??_C@_19IJOJOJIB@?$AAP?$AAA?$AAT?$AAH?$AA?$AA@ 000000018001a680     CEStr.obj
 0002:00000690       ??_C@_1EHK@JMHPNAMN@?$AAA?$AAC?$AAT?$AAI?$AAV?$AAA?$AAT?$AAE?$AA?$AA?$AAA?$AAL?$AAI?$AAA?$AAS?$AA?$AA?$AAA?$AAS?$AAS?$AAO?$AAC?$AA?$AA?$AAA?$AAT?$AAT?$AAR?$AAI?$AAB?$AA?$AA?$AAB?$AAE?$AAE?$AAP@ 000000018001a690     CmdLine.obj
 0002:00000b0c       ??_C@_11LOCGONAA@?$AA?$AA@ 000000018001ab0c     CmdLine.obj
 0002:00000b10       ??_C@_13FPGAJAPJ@?$AA?2?$AA?$AA@ 000000018001ab10     CmdLine.obj
 0002:00000b18       ??_C@_19DOGDICKI@?$AA?4?$AAe?$AAx?$AAe?$AA?$AA@ 000000018001ab18     CmdLine.obj
 0002:00000b28       ??_C@_1BA@LEPJIIOK@?$AAU?$AAn?$AAk?$AAn?$AAo?$AAw?$AAn?$AA?$AA@ 000000018001ab28     ConEmuCheck.obj
 0002:00000b40       ??_C@_1EM@INHGIPLC@?$AA?$CF?$AAs?$AA?4?$AA?$CF?$AAu?$AA?3?$AA?5?$AAC?$AAr?$AAe?$AAa?$AAt?$AAe?$AAF?$AAi?$AAl?$AAe?$AA?$CI?$AA?$CF?$AAs?$AA?$CJ?$AA?5?$AAf?$AAa?$AAi?$AAl?$AAe?$AAd?$AA?0?$AA?5?$AAc?$AAo@ 000000018001ab40     ConEmuCheck.obj
 0002:00000b90       ??_C@_1DC@MJLCOFMA@?$AA?2?$AA?2?$AA?$CF?$AAs?$AA?2?$AAp?$AAi?$AAp?$AAe?$AA?2?$AAC?$AAo?$AAn?$AAE?$AAm?$AAu?$AAG?$AAu?$AAi?$AA?4?$AA?$CF?$AA0?$AA8?$AAX?$AA?$AA@ 000000018001ab90     ConEmuCheck.obj
 0002:00000bc4       ??_C@_13JOFGPIOO@?$AA?4?$AA?$AA@ 000000018001abc4     ConEmuCheck.obj
 0002:00000bd0       ??_C@_1FO@BGAPBIGG@?$AAC?$AAa?$AAn?$AA?8?$AAt?$AA?5?$AAm?$AAa?$AAp?$AA?5?$AAc?$AAo?$AAn?$AAs?$AAo?$AAl?$AAe?$AA?5?$AAi?$AAn?$AAf?$AAo?$AA?5?$AA?$CI?$AA?$CF?$AAs?$AA?$CJ?$AA?4?$AA?5?$AAE?$AAr?$AAr@ 000000018001abd0     ConEmuCheck.obj
 0002:00000c30       ??_C@_19EOHDNDII@?$AAR?$AAe?$AAa?$AAd?$AA?$AA@ 000000018001ac30     ConEmuCheck.obj
 0002:00000c40       ??_C@_1BE@HADLJAO@?$AAR?$AAe?$AAa?$AAd?$AAW?$AAr?$AAi?$AAt?$AAe?$AA?$AA@ 000000018001ac40     ConEmuCheck.obj
 0002:00000c60       ??_C@_1GM@LGOLGABE@?$AAC?$AAa?$AAn?$AA?8?$AAt?$AA?5?$AA?$CF?$AAs?$AA?5?$AAc?$AAo?$AAn?$AAs?$AAo?$AAl?$AAe?$AA?5?$AAd?$AAa?$AAt?$AAa?$AA?5?$AAf?$AAi?$AAl?$AAe?$AA?5?$AAm?$AAa?$AAp?$AAp?$AAi@ 000000018001ac60     ConEmuCheck.obj
 0002:00000cd0       ??_C@_19BDAJEHDN@?$AAo?$AAp?$AAe?$AAn?$AA?$AA@ 000000018001acd0     ConEmuCheck.obj
 0002:00000ce0       ??_C@_1O@KBENBEFG@?$AAc?$AAr?$AAe?$AAa?$AAt?$AAe?$AA?$AA@ 000000018001ace0     ConEmuCheck.obj
 0002:00000cf0       ??_C@_1GK@OGACKIKJ@?$AAI?$AAn?$AAt?$AAe?$AAr?$AAn?$AAa?$AAl?$AA?5?$AAe?$AAr?$AAr?$AAo?$AAr?$AA?4?$AA?5?$AAM?$AAa?$AAp?$AAp?$AAi?$AAn?$AAg?$AA?5?$AAf?$AAi?$AAl?$AAe?$AA?5?$AAn?$AAa?$AAm@ 000000018001acf0     ConEmuCheck.obj
 0002:00000d60       ??_C@_0BF@NLPJFAHE@ProcessSynchroEventW?$AA@ 000000018001ad60     ConEmuTh.obj
 0002:00000d78       ??_C@_08BCACMCCB@ExitFARW?$AA@ 000000018001ad78     ConEmuTh.obj
 0002:00000d88       ??_C@_1BO@KCLMEFLE@?$AAR?$AAi?$AAg?$AAh?$AAt?$AAP?$AAa?$AAn?$AAe?$AAl?$AAV?$AAi?$AAe?$AAw?$AA?$AA@ 000000018001ad88     ConEmuTh.obj
 0002:00000da8       ??_C@_1BM@HEIDIPPL@?$AAL?$AAe?$AAf?$AAt?$AAP?$AAa?$AAn?$AAe?$AAl?$AAV?$AAi?$AAe?$AAw?$AA?$AA@ 000000018001ada8     ConEmuTh.obj
 0002:00000dc8       ??_C@_1CA@GGFPMHLH@?$AA?6?$AAE?$AAr?$AAr?$AAC?$AAo?$AAd?$AAe?$AA?$DN?$AA0?$AAx?$AA?$CF?$AA0?$AA8?$AAX?$AA?$AA@ 000000018001adc8     ConEmuTh.obj
 0002:00000df0       ??_C@_1EG@IINOBDEG@?$AAI?$AAn?$AAv?$AAa?$AAl?$AAi?$AAd?$AA?5?$AAa?$AAs?$AAM?$AAo?$AAd?$AAu?$AAl?$AAe?$AAP?$AAa?$AAt?$AAh?$AA?5?$AAw?$AAa?$AAs?$AA?5?$AAs?$AAp?$AAe?$AAc?$AAi?$AAf?$AAi@ 000000018001adf0     ConEmuTh.obj
 0002:00000e40       ??_C@_1GC@CPPHDKJK@?$AAL?$AAo?$AAa?$AAd?$AAA?$AAp?$AAp?$AAV?$AAe?$AAr?$AAs?$AAi?$AAo?$AAn?$AA?4?$AAG?$AAe?$AAt?$AAF?$AAi?$AAl?$AAe?$AAV?$AAe?$AAr?$AAs?$AAi?$AAo?$AAn?$AAI?$AAn?$AAf@ 000000018001ae40     ConEmuTh.obj
 0002:00000eb0       ??_C@_1GC@BINFLBDC@?$AAL?$AAo?$AAa?$AAd?$AAA?$AAp?$AAp?$AAV?$AAe?$AAr?$AAs?$AAi?$AAo?$AAn?$AA?5?$AAf?$AAa?$AAi?$AAl?$AAe?$AAd?$AA?$CB?$AA?5?$AAC?$AAa?$AAn?$AA?8?$AAt?$AA?5?$AAa?$AAl?$AAl@ 000000018001aeb0     ConEmuTh.obj
 0002:00000f20       ??_C@_1FK@HILEEFML@?$AAL?$AAo?$AAa?$AAd?$AAA?$AAp?$AAp?$AAV?$AAe?$AAr?$AAs?$AAi?$AAo?$AAn?$AA?4?$AAG?$AAe?$AAt?$AAF?$AAi?$AAl?$AAe?$AAV?$AAe?$AAr?$AAs?$AAi?$AAo?$AAn?$AAI?$AAn?$AAf@ 000000018001af20     ConEmuTh.obj
 0002:00000f80       ??_C@_1FG@DPPGENBC@?$AAL?$AAo?$AAa?$AAd?$AAA?$AAp?$AAp?$AAV?$AAe?$AAr?$AAs?$AAi?$AAo?$AAn?$AA?4?$AAV?$AAe?$AAr?$AAQ?$AAu?$AAe?$AAr?$AAy?$AAV?$AAa?$AAl?$AAu?$AAe?$AA?$CI?$AA?$CC?$AA?2?$AA?$CC@ 000000018001af80     ConEmuTh.obj
 0002:00000fe0       ??_C@_1FG@LNADFPCE@?$AAL?$AAo?$AAa?$AAd?$AAF?$AAa?$AAr?$AAV?$AAe?$AAr?$AAs?$AAi?$AAo?$AAn?$AA?4?$AAG?$AAe?$AAt?$AAM?$AAo?$AAd?$AAu?$AAl?$AAe?$AAF?$AAi?$AAl?$AAe?$AAN?$AAa?$AAm?$AAe@ 000000018001afe0     ConEmuTh.obj
 0002:00001038       ??_C@_1DC@FOGHAECG@?$AAF?$AAa?$AAr?$AAM?$AAu?$AAl?$AAt?$AAi?$AAV?$AAi?$AAe?$AAw?$AAC?$AAo?$AAn?$AAt?$AAr?$AAo?$AAl?$AAC?$AAl?$AAa?$AAs?$AAs?$AA?$AA@ 000000018001b038     ConEmuTh.obj
 0002:00001070       ??_C@_1DG@DBEAEOKG@?$AAF?$AAa?$AAr?$AAP?$AAi?$AAc?$AAt?$AAu?$AAr?$AAe?$AAV?$AAi?$AAe?$AAw?$AAC?$AAo?$AAn?$AAt?$AAr?$AAo?$AAl?$AAC?$AAl?$AAa?$AAs?$AAs?$AA?$AA@ 000000018001b070     ConEmuTh.obj
 0002:000010a8       ??_C@_1BI@GILFJGEK@?$AAB?$AAu?$AAt?$AAt?$AAo?$AAn?$AAC?$AAo?$AAl?$AAo?$AAr?$AA?$AA@ 000000018001b0a8     ConEmuTh.obj
 0002:000010c0       ??_C@_1BK@NFAPLMGI@?$AAS?$AAe?$AAp?$AAa?$AAr?$AAa?$AAt?$AAe?$AAT?$AAa?$AAb?$AAs?$AA?$AA@ 000000018001b0c0     ConEmuTh.obj
 0002:000010e0       ??_C@_1CG@HOMCPCN@?$AA?2?$AAP?$AAl?$AAu?$AAg?$AAi?$AAn?$AAs?$AA?2?$AAP?$AAa?$AAn?$AAe?$AAl?$AAT?$AAa?$AAb?$AAs?$AA?$AA@ 000000018001b0e0     ConEmuTh.obj
 0002:00001108       ??_C@_1CC@MFEKNKAL@?$AAC?$AAo?$AAn?$AAE?$AAm?$AAu?$AAT?$AAh?$AA?4?$AAx?$AA6?$AA4?$AA?4?$AAd?$AAl?$AAl?$AA?$AA@ 000000018001b108     ConEmuTh.obj
 0002:00001130       ??_C@_1O@EMLLFJNI@?$AAA?$AAc?$AAt?$AAi?$AAv?$AAe?$AA?$AA@ 000000018001b130     ConEmuTh.obj
 0002:00001140       ??_C@_1BM@OLHABKH@?$AAF?$AAa?$AAr?$AAT?$AAh?$AAu?$AAm?$AAb?$AAn?$AAa?$AAi?$AAl?$AAs?$AA?$AA@ 000000018001b140     ConEmuTh.obj
 0002:00001160       ??_C@_0N@IGDGKHAB@ConEmuTh?4cpp?$AA@ 000000018001b160     ConEmuTh.obj
 0002:00001170       ??_C@_1DM@JLCDNDHD@?$AAC?$AAo?$AAn?$AAE?$AAm?$AAu?$AAP?$AAa?$AAn?$AAe?$AAl?$AAV?$AAi?$AAe?$AAw?$AAD?$AAl?$AAg?$AAs?$AAM?$AAa?$AAp?$AAp?$AAi?$AAn?$AAg?$AA?4?$AA?$CF?$AAu?$AA?$AA@ 000000018001b170     ConEmuTh.obj
 0002:000011b0       ??_C@_1BC@DJOGOIHN@?$AAC?$AAo?$AAn?$AAE?$AAm?$AAu?$AAT?$AAh?$AA?$AA@ 000000018001b1b0     ConEmuTh.obj
 0002:000011c8       ??_C@_1DM@OLPDHEPA@?$AAF?$AAa?$AAi?$AAl?$AAe?$AAd?$AA?5?$AAt?$AAo?$AA?5?$AAg?$AAe?$AAt?$AA?5?$AAC?$AAo?$AAn?$AAE?$AAm?$AAu?$AA?5?$AAp?$AAa?$AAl?$AAe?$AAt?$AAt?$AAe?$AA?$CB?$AA?$AA@ 000000018001b1c8     ConEmuTh.obj
 0002:00001208       ??_C@_1DA@BMIFHIMF@?$AAC?$AAo?$AAn?$AAE?$AAm?$AAu?$AAV?$AAi?$AAe?$AAw?$AAS?$AAe?$AAt?$AAM?$AAa?$AAp?$AAp?$AAi?$AAn?$AAg?$AA?4?$AA?$CF?$AAu?$AA?$AA@ 000000018001b208     ConEmuTh.obj
 0002:00001238       ??_C@_0M@FMNOKGGE@GetFarHWND2?$AA@ 000000018001b238     ConEmuTh.obj
 0002:00001248       ??_C@_0BC@MKJHPCEO@RegisterPanelView?$AA@ 000000018001b248     ConEmuTh.obj
 0002:00001260       ??_C@_1BO@ONHPLONP@?$AAC?$AAo?$AAn?$AAE?$AAm?$AAu?$AA?4?$AAx?$AA6?$AA4?$AA?4?$AAd?$AAl?$AAl?$AA?$AA@ 000000018001b260     ConEmuTh.obj
 0002:00001280       ??_C@_17JLFEDMMI@?$AA?$DP?$AA?$DP?$AA?$DP?$AA?$AA@ 000000018001b280     ConEmuTh1900.obj
 0002:00001288       ??_C@_1BC@IALIJCAM@?$AAS?$AAo?$AAr?$AAt?$AAM?$AAo?$AAd?$AAe?$AA?$AA@ 000000018001b288     ConEmuTh1900.obj
 0002:000012a0       ??_C@_1BG@MHMKAABO@?$AAS?$AAt?$AAa?$AAt?$AAu?$AAs?$AAL?$AAi?$AAn?$AAe?$AA?$AA@ 000000018001b2a0     ConEmuTh1900.obj
 0002:000012b8       ??_C@_1BK@MBFACEDG@?$AAC?$AAo?$AAl?$AAu?$AAm?$AAn?$AAT?$AAi?$AAt?$AAl?$AAe?$AAs?$AA?$AA@ 000000018001b2b8     ConEmuTh1900.obj
 0002:000012d8       ??_C@_1O@PDEOIOBG@?$AAK?$AAe?$AAy?$AAB?$AAa?$AAr?$AA?$AA@ 000000018001b2d8     ConEmuTh1900.obj
 0002:000012e8       ??_C@_1BI@EKLHEFDO@?$AAS?$AAh?$AAo?$AAw?$AAM?$AAe?$AAn?$AAu?$AAB?$AAa?$AAr?$AA?$AA@ 000000018001b2e8     ConEmuTh1900.obj
 0002:00001300       ??_C@_1DE@DJEAMLPH@?$AAC?$AAo?$AAn?$AAE?$AAm?$AAu?$AA?4?$AAM?$AAa?$AAx?$AAi?$AAm?$AAu?$AAs?$AA5?$AA?$EA?$AAg?$AAm?$AAa?$AAi?$AAl?$AA?4?$AAc?$AAo?$AAm?$AA?$AA@ 000000018001b300     ConEmuTh2800.obj
 0002:00001340       ??_C@_1EM@OOFEGLCO@?$AAT?$AAh?$AAu?$AAm?$AAb?$AAn?$AAa?$AAi?$AAl?$AAs?$AA?5?$AAa?$AAn?$AAd?$AA?5?$AAT?$AAi?$AAl?$AAe?$AAs?$AA?5?$AAi?$AAn?$AA?5?$AAC?$AAo?$AAn?$AAE?$AAm?$AAu?$AA?5?$AAw@ 000000018001b340     ConEmuTh2800.obj
 0002:00001390       ??_C@_1CG@DMGPLFKD@?$AAC?$AAo?$AAn?$AAE?$AAm?$AAu?$AA?5?$AAP?$AAa?$AAn?$AAe?$AAl?$AA?5?$AAV?$AAi?$AAe?$AAw?$AAs?$AA?$AA@ 000000018001b390     ConEmuTh2800.obj
 0002:000013b8       ??_C@_1BG@LBJCGLOJ@?$AAS?$AAe?$AAt?$AAC?$AAu?$AAr?$AAI?$AAt?$AAe?$AAm?$AA?$AA@ 000000018001b3b8     ConEmuTh2800.obj
 0002:000013d0       ??_C@_1HI@BNDPAPFP@?$AA?$CF?$AAs?$AA?5?$AA?$CF?$AAs?$AA?$CI?$AA?$CC?$AAb?$AAd?$AA4?$AA5?$AA4?$AAd?$AA4?$AA8?$AA?9?$AA4?$AA4?$AA8?$AAe?$AA?9?$AA4?$AA6?$AAc?$AAc?$AA?9?$AA9?$AA0?$AA9?$AAd?$AA?9?$AAb@ 000000018001b3d0     ConEmuTh2800.obj
 0002:00001448       ??_C@_1CA@GIGEMLLA@?$AAP?$AAl?$AAu?$AAg?$AAi?$AAn?$AA?4?$AAS?$AAy?$AAn?$AAc?$AAC?$AAa?$AAl?$AAl?$AA?$AA@ 000000018001b448     ConEmuTh2800.obj
 0002:00001470       ??_C@_1EI@PNMHLKGC@?$AAi?$AAf?$AA?5?$AAA?$AAr?$AAe?$AAa?$AA?4?$AAS?$AAe?$AAa?$AAr?$AAc?$AAh?$AA?5?$AAt?$AAh?$AAe?$AAn?$AA?5?$AAK?$AAe?$AAy?$AAs?$AA?$CI?$AA?$CC?$AAE?$AAs?$AAc?$AA?$CC?$AA?$CJ?$AA?5@ 000000018001b470     ConEmuTh2800.obj
 0002:000014b8       ??_C@_1BG@PKDGNNAF@?$AAc?$AAa?$AAl?$AAl?$AAp?$AAl?$AAu?$AAg?$AAi?$AAn?$AA?$AA@ 000000018001b4b8     ConEmuTh2800.obj
 0002:000014d0       ??_C@_1CM@IICFOBPI@?$AA$?$AAi?$AAf?$AA?5?$AA?$CI?$AAS?$AAe?$AAa?$AAr?$AAc?$AAh?$AA?$CJ?$AA?5?$AAE?$AAs?$AAc?$AA?5?$AA$?$AAe?$AAn?$AAd?$AA?$AA@ 000000018001b4d0     ConEmuTh2800.obj
 0002:00001500       ??_C@_1BE@LFJLOEAN@?$AAC?$AAo?$AAn?$AAE?$AAm?$AAu?$AAT?$AAh?$AA?2?$AA?$AA@ 000000018001b500     ConEmuTh995.obj
 0002:00001540       ??_C@_1EK@NOCLDABL@?$AAi?$AAf?$AA?5?$AA?$CF?$AAc?$AAP?$AAa?$AAn?$AAe?$AAl?$AA?4?$AAL?$AAe?$AAf?$AAt?$AA?5?$AAt?$AAh?$AAe?$AAn?$AA?5?$AAK?$AAe?$AAy?$AAs?$AA?$CI?$AA?$CC?$AAT?$AAa?$AAb?$AA?$CC?$AA?$CJ@ 000000018001b540     Display.obj
 0002:00001590       ??_C@_1DI@DLGGKEIH@?$AA$?$AAI?$AAf?$AA?5?$AA?$CI?$AA?$CF?$AAc?$AAP?$AAa?$AAn?$AAe?$AAl?$AA?4?$AAL?$AAe?$AAf?$AAt?$AA?$CJ?$AA?5?$AAT?$AAa?$AAb?$AA?5?$AA$?$AAE?$AAn?$AAd?$AA?$AA@ 000000018001b590     Display.obj
 0002:000015c8       ??_C@_1M@KOMOBEPM@?$AA?$CF?$AAi?$AA?5?$AA?$CF?$AAc?$AA?$AA@ 000000018001b5c8     Display.obj
 0002:000015d8       ??_C@_1BG@NLGHAGA@?$AA?$CF?$AAi?$AA?0?$AA?$CF?$AA0?$AA3?$AAi?$AA?5?$AA?$CF?$AAc?$AA?$AA@ 000000018001b5d8     Display.obj
 0002:000015f0       ??_C@_1O@NLGMKEDN@?$AAB?$AAK?$AAM?$AAG?$AAT?$AAP?$AA?$AA@ 000000018001b5f0     Display.obj
 0002:00001600       ??_C@_1CO@LEOKLKOD@?$AA?$CF?$AA0?$AA2?$AAi?$AA?4?$AA?$CF?$AA0?$AA2?$AAi?$AA?4?$AA?$CF?$AA0?$AA2?$AAi?$AA?5?$AA?$CF?$AAi?$AA?3?$AA?$CF?$AA0?$AA2?$AAi?$AA?$AA@ 000000018001b600     Display.obj
 0002:00001630       ??_C@_1CM@MJKKOLFD@?$AAC?$AAo?$AAn?$AAE?$AAm?$AAu?$AA?4?$AA?$CF?$AAs?$AAP?$AAa?$AAn?$AAe?$AAl?$AAV?$AAi?$AAe?$AAw?$AA?4?$AA?$CF?$AAi?$AA?$AA@ 000000018001b630     Display.obj
 0002:00001660       ??_C@_1M@KDEMMBOH@?$AAR?$AAi?$AAg?$AAh?$AAt?$AA?$AA@ 000000018001b660     Display.obj
 0002:00001670       ??_C@_19DKAIAFPE@?$AAL?$AAe?$AAf?$AAt?$AA?$AA@ 000000018001b670     Display.obj
 0002:00001680       ??_C@_0BG@FGMCOIHO@Thumbs?3?3DisplayThread?$AA@ 000000018001b680     Display.obj
 0002:00001698       ??_C@_1CI@GNBJKMME@?$AAC?$AAo?$AAn?$AAE?$AAm?$AAu?$AAT?$AAh?$AA?3?$AA?3?$AAM?$AAa?$AAp?$AAC?$AAo?$AAo?$AAr?$AAd?$AAs?$AA?$AA@ 000000018001b698     Display.obj
 0002:000016c0       ??_C@_1CG@OILEFJJN@?$AAC?$AAo?$AAn?$AAE?$AAm?$AAu?$AAT?$AAh?$AA?3?$AA?3?$AAS?$AAe?$AAt?$AAt?$AAi?$AAn?$AAg?$AAs?$AA?$AA@ 000000018001b6c0     Display.obj
 0002:000016e8       ??_C@_1BO@IPKBELC@?$AAC?$AAo?$AAn?$AAE?$AAm?$AAu?$AAT?$AAh?$AA?3?$AA?3?$AAF?$AAa?$AAd?$AAe?$AA?$AA@ 000000018001b6e8     Display.obj
 0002:00001708       ??_C@_0BD@HGJIAJJM@RequestTrampolines?$AA@ 000000018001b708     HkFunc.obj
 0002:00001720       ??_C@_1BO@MLCHEAGG@?$AAC?$AAo?$AAn?$AAE?$AAm?$AAu?$AAH?$AAk?$AA6?$AA4?$AA?4?$AAd?$AAl?$AAl?$AA?$AA@ 000000018001b720     HkFunc.obj
 0002:00001740       ??_C@_0L@DOHHADLD@CET_Cancel?$AA@ 000000018001b740     ImgCache.obj
 0002:00001750       ??_C@_08PFMFDMEL@CET_Free?$AA@ 000000018001b750     ImgCache.obj
 0002:00001760       ??_C@_08DBEDCDF@CET_Load?$AA@ 000000018001b760     ImgCache.obj
 0002:00001770       ??_C@_08CBCDAPII@CET_Done?$AA@ 000000018001b770     ImgCache.obj
 0002:00001780       ??_C@_08DHJJJJMJ@CET_Init?$AA@ 000000018001b780     ImgCache.obj
 0002:00001790       ??_C@_1M@KCMICNEG@?$AA?$CK?$AA?4?$AAt?$AA6?$AA4?$AA?$AA@ 000000018001b790     ImgCache.obj
 0002:000017a0       ??_C@_1BO@EOFABIPH@?$AAC?$AAo?$AAn?$AAE?$AAm?$AAu?$AAT?$AAh?$AA?4?$AAc?$AAa?$AAc?$AAh?$AAe?$AA?$AA@ 000000018001b7a0     ImgCache.obj
 0002:000017c0       ??_C@_15DDHGOCBH@?$AA?4?$AA?4?$AA?$AA@ 000000018001b7c0     ImgCache.obj
 0002:000017c8       ??_C@_19DDLLJDOO@?$AAF?$AAi?$AAl?$AAe?$AA?$AA@ 000000018001b7c8     ImgCache.obj
 0002:000017d8       ??_C@_0N@DDFPJHDO@_GetFileData?$AA@ 000000018001b7d8     ImgCache.obj
 0002:000017e8       ??_C@_1BE@DFPCIADA@?$AAP?$AAB?$AAF?$AAa?$AAr?$AA?4?$AAd?$AAl?$AAl?$AA?$AA@ 000000018001b7e8     ImgCache.obj
 0002:00001800       ??_C@_19EBFDIIDI@?$AA?4?$AAw?$AAm?$AAf?$AA?$AA@ 000000018001b800     ImgCache.obj
 0002:00001810       ??_C@_19HFLOJEOK@?$AA?4?$AAp?$AAn?$AAg?$AA?$AA@ 000000018001b810     ImgCache.obj
 0002:00001820       ??_C@_19GPGAIFNL@?$AA?4?$AAi?$AAc?$AAo?$AA?$AA@ 000000018001b820     ImgCache.obj
 0002:00001830       ??_C@_19KGHJPLAF@?$AA?4?$AAg?$AAi?$AAf?$AA?$AA@ 000000018001b830     ImgCache.obj
 0002:00001840       ??_C@_19HKLPDE@?$AA?4?$AAb?$AAm?$AAp?$AA?$AA@ 000000018001b840     ImgCache.obj
 0002:00001850       ??_7?$CQueueProcessor@PEAUIMAGE_CACHE_INFO@@@@6B@ 000000018001b850     ImgCache.obj
 0002:000018b8       ??_C@_0DL@DGFCHJEK@t?3?2vcproject?2maximus5?2conemu?2src@ 000000018001b8b8     ImgCache.obj
 0002:00001900       ??_7CImgLoader@@6B@        000000018001b900     ImgCache.obj
 0002:00001978       ??_C@_0BJ@KDNBOADC@Thumbs?3?3ProcessingThread?$AA@ 000000018001b978     ImgCache.obj
 0002:00001998       ??_C@_0BK@DNNLOFO@SetSecurityDescriptorDacl?$AA@ 000000018001b998     MSecurity.obj
[...]
 0002:00002c20       ??_C@_0BK@OFGJDLJJ@Runtime?5Error?$CB?6?6Program?3?5?$AA@ 000000018001cc20     LIBCMT:crt0msg.obj
 0002:00002c50       __dnames                   000000018001cc50     LIBCMT:timeset.obj
 0002:00002c68       __mnames                   000000018001cc68     LIBCMT:timeset.obj
 0002:00002c90       ??_C@_0BI@DFKBFLJE@GetProcessWindowStation?$AA@ 000000018001cc90     LIBCMT:crtmbox.obj
 0002:00002ca8       ??_C@_0BK@CIDNPOGP@GetUserObjectInformationA?$AA@ 000000018001cca8     LIBCMT:crtmbox.obj
 0002:00002cc8       ??_C@_0BD@HHGDFDBJ@GetLastActivePopup?$AA@ 000000018001ccc8     LIBCMT:crtmbox.obj
 0002:00002ce0       ??_C@_0BA@HNOPNCHB@GetActiveWindow?$AA@ 000000018001cce0     LIBCMT:crtmbox.obj
 0002:00002cf0       ??_C@_0M@CHKKJDAI@MessageBoxA?$AA@ 000000018001ccf0     LIBCMT:crtmbox.obj
 0002:00002d00       ??_C@_0L@NDEGIDAG@USER32?4DLL?$AA@ 000000018001cd00     LIBCMT:crtmbox.obj
 0002:00002d10       __rtc_iaa                  000000018001cd10     LIBCMT:_initsect_.obj
 0002:00002d18       __rtc_izz                  000000018001cd18     LIBCMT:_initsect_.obj
 0002:00002d20       __rtc_taa                  000000018001cd20     LIBCMT:_initsect_.obj
 0002:00002d28       __rtc_tzz                  000000018001cd28     LIBCMT:_initsect_.obj
 0002:00003af4       __IMPORT_DESCRIPTOR_KERNEL32 000000018001daf4     kernel32:KERNEL32.dll
 0002:00003b08       __IMPORT_DESCRIPTOR_USER32 000000018001db08     user32:USER32.dll
 0002:00003b1c       __IMPORT_DESCRIPTOR_GDI32  000000018001db1c     gdi32:GDI32.dll
 0002:00003b30       __IMPORT_DESCRIPTOR_ADVAPI32 000000018001db30     advapi32:ADVAPI32.dll
 0002:00003b44       __IMPORT_DESCRIPTOR_SHELL32 000000018001db44     shell32:SHELL32.dll
 0002:00003b58       __IMPORT_DESCRIPTOR_ole32  000000018001db58     ole32:ole32.dll
 0002:00003b6c       __IMPORT_DESCRIPTOR_VERSION 000000018001db6c     version:VERSION.dll
 0002:00003b80       __NULL_IMPORT_DESCRIPTOR   000000018001db80     kernel32:KERNEL32.dll
 0003:00000000       ?gsInternalCommands@@3PEB_WEB 0000000180020000     CmdLine.obj
 0003:00000010       ?gbPreloadByDefault@@3HA   0000000180020010     ConEmuTh.obj
 0003:00000018       ?gcrCurColors@@3PEAKEA     0000000180020018     ConEmuTh.obj
 0003:00000020       ?Far3Func@@3PAUExportFunc@@A 0000000180020020     ConEmuTh.obj
 0003:00000070       ?StdPalette@?1??GetStdPalette@Far3Color@@SAPEBKXZ@4PAKA 0000000180020070     ConEmuTh1900.obj
 0003:000000b0       ?guid_ConEmuTh@@3U_GUID@@A 00000001800200b0     ConEmuTh2800.obj
 0003:000000c0       ?guid_ConEmuThPluginMenu@@3U_GUID@@A 00000001800200c0     ConEmuTh2800.obj
 0003:000000d0       ?g_TerminatedThreadIdx@@3JA 00000001800200d0     WThreads.obj
 0003:000000e0       __initialmbcinfo           00000001800200e0     LIBCMT:mbctype.obj
 0003:00000300       _mbctype                   0000000180020300     LIBCMT:mbctype.obj
 0003:00000410       _mbcasemap                 0000000180020410     LIBCMT:mbctype.obj
 0003:00000510       __ptmbcinfo                0000000180020510     LIBCMT:mbctype.obj
 0003:00000618       __globallocalestatus       0000000180020618     LIBCMT:glstatus.obj
 0003:00000620       __clocalestr               0000000180020620     LIBCMT:nlsdata2.obj
 0003:00000630       __initiallocinfo           0000000180020630     LIBCMT:nlsdata2.obj
 0003:00000790       __ptlocinfo                0000000180020790     LIBCMT:nlsdata2.obj
 0003:00000798       __lc_clike                 0000000180020798     LIBCMT:nlsdata2.obj
 0003:000007a0       __initiallocalestructinfo  00000001800207a0     LIBCMT:nlsdata2.obj
 0003:000007b0       __flsindex                 00000001800207b0     LIBCMT:tidtable.obj
 0003:00000930       _aexit_rtn                 0000000180020930     LIBCMT:crt0dat.obj
 0003:00000940       __badioinfo                0000000180020940     LIBCMT:ioinit.obj
 0003:00000998       _amblksiz                  0000000180020998     LIBCMT:heapinit.obj
 0003:0000099c       _First_FPE_Indx            000000018002099c     LIBCMT:winxfltr.obj
 0003:000009a0       _Num_FPE                   00000001800209a0     LIBCMT:winxfltr.obj
 0003:000009a4       _XcptActTabSize            00000001800209a4     LIBCMT:winxfltr.obj
 0003:000009a8       _XcptActTabCount           00000001800209a8     LIBCMT:winxfltr.obj
 0003:000009b0       __security_cookie          00000001800209b0     LIBCMT:gs_cookie.obj
 0003:000009b8       __security_cookie_complement 00000001800209b8     LIBCMT:gs_cookie.obj
 0003:00000c00       _pctype                    0000000180020c00     LIBCMT:ctype.obj
 0003:00000c08       _pwctype                   0000000180020c08     LIBCMT:ctype.obj
 0003:00000c10       __lc_time_c                0000000180020c10     LIBCMT:strftime.obj
 0003:00000d78       __lc_time_curr             0000000180020d78     LIBCMT:strftime.obj
 0003:00000d80       __lconv_static_decimal     0000000180020d80     LIBCMT:lconv.obj
 0003:00000d90       __lconv_c                  0000000180020d90     LIBCMT:lconv.obj
 0003:00000de8       __lconv                    0000000180020de8     LIBCMT:lconv.obj
 0003:00000df0       __mb_cur_max               0000000180020df0     LIBCMT:nlsdata1.obj
 0003:00000df4       __decimal_point            0000000180020df4     LIBCMT:nlsdata1.obj
 0003:00000df8       __decimal_point_length     0000000180020df8     LIBCMT:nlsdata1.obj
 0003:00000f70       _cfltcvt_tab               0000000180020f70     LIBCMT:cmiscdat.obj
 0003:00000fc0       _timezone                  0000000180020fc0     LIBCMT:timeset.obj
 0003:00000fc4       _daylight                  0000000180020fc4     LIBCMT:timeset.obj
 0003:00000fc8       _dstbias                   0000000180020fc8     LIBCMT:timeset.obj
 0003:00001050       _tzname                    0000000180021050     LIBCMT:timeset.obj
 0003:0000107c       __abort_behavior           000000018002107c     LIBCMT:abort.obj
 0003:00001080       _lpdays                    0000000180021080     LIBCMT:days.obj
 0003:000010b8       _days                      00000001800210b8     LIBCMT:days.obj
 0003:00001100       ?gbInCommonShutdown@@3HA   0000000180021100     Common.obj
 0003:00001108       ?OnShutdownConsole@@3P6AXXZEA 0000000180021108     Common.obj
 0003:00001110       ?gpLocalSecurity@@3PEAU_SECURITY_ATTRIBUTES@@EA 0000000180021110     ConEmuCheck.obj
 0003:00001118       ?ghWorkingModule@@3_KA     0000000180021118     ConEmuCheck.obj
 0003:00001120       ?gfGetRealConsoleWindow@@3P6APEAUHWND__@@XZEA 0000000180021120     ConEmuCheck.obj
 0003:00001170       ?gsHardLink@@3PA_WA        0000000180021170     ConEmuTh.obj
 0003:000011f0       ?gsJunction@@3PA_WA        00000001800211f0     ConEmuTh.obj
 0003:00001270       ?gsSymLink@@3PA_WA         0000000180021270     ConEmuTh.obj
 0003:000012f0       ?gsTitleThumbs@@3PA_WA     00000001800212f0     ConEmuTh.obj
 0003:00001370       ?gsTitleTiles@@3PA_WA      0000000180021370     ConEmuTh.obj
 0003:000013f0       ?gsFolder@@3PA_WA          00000001800213f0     ConEmuTh.obj
 0003:00001470       ?gdwModes@@3PAKA           0000000180021470     ConEmuTh.obj
 0003:00001478       ?ghConEmuRoot@@3PEAUHWND__@@EA 0000000180021478     ConEmuTh.obj
 0003:00001480       ?gThSet@@3UPanelViewSetMapping@@A 0000000180021480     ConEmuTh.obj
 0003:00001698       ?ghConEmuWnd@@3PEAUHWND__@@EA 0000000180021698     ConEmuTh.obj
 0003:000016a0       ?ghPluginModule@@3PEAUHINSTANCE__@@EA 00000001800216a0     ConEmuTh.obj
 0003:000016a8       ?TerminalMode@@3HA         00000001800216a8     ConEmuTh.obj
 0003:000016ac       ?gnSelfPID@@3KA            00000001800216ac     ConEmuTh.obj
 0003:000016b0       ?gnMainThreadId@@3KA       00000001800216b0     ConEmuTh.obj
 0003:000016b4       ?gnMainThreadIdInitial@@3KA 00000001800216b4     ConEmuTh.obj
 0003:000016b8       ?ghDisplayThread@@3PEAXEA  00000001800216b8     ConEmuTh.obj
 0003:000016c0       ?gnDisplayThreadId@@3KA    00000001800216c0     ConEmuTh.obj
 0003:000016c4       ?gbFadeColors@@3_NA        00000001800216c4     ConEmuTh.obj
 0003:000016c5       ?gbFarPanelsReady@@3_NA    00000001800216c5     ConEmuTh.obj
 0003:000016c6       ?gbConsoleChangesSyncho@@3_NA 00000001800216c6     ConEmuTh.obj
 0003:000016c7       ?gbSynchoRedrawPanelRequested@@3_NA 00000001800216c7     ConEmuTh.obj
 0003:000016c8       ?gFarVersion@@3UFarVersion@@A 00000001800216c8     ConEmuTh.obj
 0003:000016d4       ?gnRgnDetectFlags@@3KA     00000001800216d4     ConEmuTh.obj
 0003:000016d8       ?gfRegisterPanelView@@3P6AHPEAUPanelViewInit@@@ZEA 00000001800216d8     ConEmuTh.obj
 0003:000016e0       ?gfGetFarHWND2@@3P6APEAUHWND__@@H@ZEA 00000001800216e0     ConEmuTh.obj
 0003:000016e8       ?gpRgnDetect@@3PEAVCRgnDetect@@EA 00000001800216e8     ConEmuTh.obj
 0003:000016f0       ?pviLeft@@3UCeFullPanelInfo@@A 00000001800216f0     ConEmuTh.obj
 0003:000019b0       ?pviRight@@3UCeFullPanelInfo@@A 00000001800219b0     ConEmuTh.obj
 0003:00001c70       ?gpImgCache@@3PEAVCImgCache@@EA 0000000180021c70     ConEmuTh.obj
 0003:00001c78       ?gFarPanelSettings@@3UCEFarPanelSettings@@A 0000000180021c78     ConEmuTh.obj
 0003:00001c7c       ?gFarInterfaceSettings@@3UCEFarInterfaceSettings@@A 0000000180021c7c     ConEmuTh.obj
 0003:00001c80       ?gFarInfo@@3UCEFAR_INFO_MAPPING@@A 0000000180021c80     ConEmuTh.obj
 0003:00021fb8       ?gnWaitForKeySeqTick@@3KA  0000000180041fb8     ConEmuTh.obj
 0003:00021fbc       ?wScanCodeUp@@3GA          0000000180041fbc     ConEmuTh.obj
 0003:00021fc0       ?gThPal@@3UCESERVER_PALETTE@@A 0000000180041fc0     ConEmuTh.obj
 0003:00022040       ?wScanCodeDown@@3GA        0000000180042040     ConEmuTh.obj
 0003:00022044       ?gnConsoleChanges@@3KA     0000000180042044     ConEmuTh.obj
 0003:00022048       ?gpLastSynchroArg@@3PEAUConEmuThSynchroArg@@EA 0000000180042048     ConEmuTh.obj
 0003:00022050       ?gpDbgDlg@@3PEAV?$MFileMapping@Utag_DetectedDialog@@@@EA 0000000180042050     ConEmuTh.obj
 0003:00022058       ?gbInfoW_OK@@3HA           0000000180042058     ConEmuTh.obj
 0003:00022060       ?InfoW1900@@3PEAUPluginStartupInfo@@EA 0000000180042060     ConEmuTh1900.obj
 0003:00022068       ?FSFW1900@@3PEAUFarStandardFunctions@@EA 0000000180042068     ConEmuTh1900.obj
 0003:00022070       ?LastIndex@?1??Color2FgIndex@Far3Color@@SAXKAEAGPEBK@Z@4HA 0000000180042070     ConEmuTh1900.obj
 0003:00022074       ?LastColor@?1??Color2FgIndex@Far3Color@@SAXKAEAGPEBK@Z@4KA 0000000180042074     ConEmuTh1900.obj
 0003:00022078       ?LastIndex@?1??Color2BgIndex@Far3Color@@SAXKHAEAGPEBK@Z@4HA 0000000180042078     ConEmuTh1900.obj
 0003:0002207c       ?LastColor@?1??Color2BgIndex@Far3Color@@SAXKHAEAGPEBK@Z@4KA 000000018004207c     ConEmuTh1900.obj
 0003:00022290       ?InfoW2800@@3PEAUPluginStartupInfo@@EA 0000000180042290     ConEmuTh2800.obj
 0003:00022298       ?FSFW2800@@3PEAUFarStandardFunctions@@EA 0000000180042298     ConEmuTh2800.obj
 0003:000224b0       ?InfoW995@@3PEAUPluginStartupInfo@@EA 00000001800424b0     ConEmuTh995.obj
 0003:000224b8       ?FSFW995@@3PEAUFarStandardFunctions@@EA 00000001800424b8     ConEmuTh995.obj
 0003:000226d0       ?InfoA@@3PEAUPluginStartupInfo@@EA 00000001800426d0     ConEmuThA.obj
 0003:000226d8       ?FSFA@@3PEAUFarStandardFunctions@@EA 00000001800426d8     ConEmuThA.obj
 0003:000227f8       ?ghCreateEvent@@3PEAXEA    00000001800427f8     Display.obj
 0003:00022800       ?gnCreateViewError@@3HA    0000000180042800     Display.obj
 0003:00022804       ?gnWin32Error@@3KA         0000000180042804     Display.obj
 0003:00022808       ?gbCancelAll@@3HA          0000000180042808     Display.obj
 0003:0002280c       ?gnConEmuFadeMsg@@3IA      000000018004280c     Display.obj
 0003:00022810       ?gnConEmuSettingsMsg@@3IA  0000000180042810     Display.obj
 0003:00022814       ?gnMapCoordMsg@@3IA        0000000180042814     Display.obj
 0003:00022818       ?hkFunc@@3UHkFunc@@A       0000000180042818     HkFunc.obj
 0003:00022820       ?ghUpIcon@@3PEAUHICON__@@EA 0000000180042820     ImgCache.obj
 0003:00022828       ?AssertMsgBox@@3P6AHPEB_WI0PEAUHWND__@@_N@ZEA 0000000180042828     MAssert.obj
 0003:00022830       ?ghHeap@@3PEAXEA           0000000180042830     Memory.obj
 0003:00022838       ?gNullDesc@@3PEAVMNullDesc@@EA 0000000180042838     MSecurity.obj
 0003:00022848       ?gfnSearchAppPaths@@3P6A_NPEB_WAEAUCEStr@@_NPEAU1@@ZEA 0000000180042848     WObjects.obj
 0003:0002b060       ?g_ThreadsIdx@@3JA         000000018004b060     WThreads.obj
 0003:0002b06c       __error_mode               000000018004b06c     LIBCMT:dllcrt0.obj
 0003:0002b070       _aenvptr                   000000018004b070     LIBCMT:dllcrt0.obj
 0003:0002b078       _wenvptr                   000000018004b078     LIBCMT:dllcrt0.obj
 0003:0002b080       __app_type                 000000018004b080     LIBCMT:dllcrt0.obj
 0003:0002b090       __mbulinfo                 000000018004b090     LIBCMT:mbctype.obj
 0003:0002b09c       __mbcodepage               000000018004b09c     LIBCMT:mbctype.obj
 0003:0002b0a0       __ismbcodepage             000000018004b0a0     LIBCMT:mbctype.obj
 0003:0002b0a4       __mblcid                   000000018004b0a4     LIBCMT:mbctype.obj
 0003:0002b0a8       __locale_changed           000000018004b0a8     LIBCMT:setlocal.obj
 0003:0002b0b0       __lc_handle                000000018004b0b0     LIBCMT:nlsdata2.obj
 0003:0002b0c8       __lc_codepage              000000018004b0c8     LIBCMT:nlsdata2.obj
 0003:0002b0cc       __lc_collate_cp            000000018004b0cc     LIBCMT:nlsdata2.obj
 0003:0002b0d0       __pInvalidArgHandler       000000018004b0d0     LIBCMT:invarg.obj
 0003:0002b0d8       _maxwait                   000000018004b0d8     LIBCMT:crtheap.obj
 0003:0002b0e0       _umaskval                  000000018004b0e0     LIBCMT:crt0dat.obj
 0003:0002b0e4       __argc                     000000018004b0e4     LIBCMT:crt0dat.obj
 0003:0002b0e8       __argv                     000000018004b0e8     LIBCMT:crt0dat.obj
 0003:0002b0f0       __wargv                    000000018004b0f0     LIBCMT:crt0dat.obj
 0003:0002b0f8       _environ                   000000018004b0f8     LIBCMT:crt0dat.obj
 0003:0002b100       __initenv                  000000018004b100     LIBCMT:crt0dat.obj
 0003:0002b108       _wenviron                  000000018004b108     LIBCMT:crt0dat.obj
 0003:0002b110       __winitenv                 000000018004b110     LIBCMT:crt0dat.obj
 0003:0002b118       _pgmptr                    000000018004b118     LIBCMT:crt0dat.obj
 0003:0002b120       _wpgmptr                   000000018004b120     LIBCMT:crt0dat.obj
 0003:0002b128       _exitflag                  000000018004b128     LIBCMT:crt0dat.obj
 0003:0002b12c       _C_Termination_Done        000000018004b12c     LIBCMT:crt0dat.obj
 0003:0002b130       _C_Exit_Done               000000018004b130     LIBCMT:crt0dat.obj
 0003:0002b250       _crtheap                   000000018004b250     LIBCMT:heapinit.obj
 0003:0002b490       __lconv_static_null        000000018004b490     LIBCMT:lconv.obj
 0003:0002b7b8       ?__pInconsistency@@3P6AXXZEA 000000018004b7b8     LIBCMT:hooks.obj
 0003:0002b7f8       __pPurecall                000000018004b7f8     LIBCMT:inithelp.obj
 0003:0002b808       ?_pnhHeap@@3P6AH_K@ZEA     000000018004b808     LIBCMT:handler.obj
 0003:0002be3c       _newmode                   000000018004be3c     LIBCMT:_newmode.obj
 0003:0002be68       _debugger_hook_dummy       000000018004be68     <common>
 0003:0002be6c       _nhandle                   000000018004be6c     <common>
 0003:0002be80       __pioinfo                  000000018004be80     <common>
 0003:0002c080       __env_initialized          000000018004c080     <common>
 0003:0002c088       __onexitend                000000018004c088     <common>
 0003:0002c090       __onexitbegin              000000018004c090     <common>
 0003:0002c098       __mbctype_initialized      000000018004c098     <common>
 0003:0002c0a0       _FPinit                    000000018004c0a0     <common>
 0003:0002c0a8       __dyn_tls_init_callback    000000018004c0a8     <common>
 0003:0002c0b0       _acmdln                    000000018004c0b0     <common>
 0003:0002c0b8       _pDestructExceptionObject  000000018004c0b8     <common>

 entry point at        0001:00013d38

 Static symbols

 0001:00000c68       ?ChangeExports@@YA_NPEBUExportFunc@@PEAUHINSTANCE__@@@Z 0000000180001c68 f   ConEmuTh.obj
 0001:000018a0       ?LoadModuleVersion@@YA_NPEB_WAEAUtagVS_FIXEDFILEINFO@@PEA_W_K@Z 00000001800028a0 f   ConEmuTh.obj
 0001:00004348       ?GetFarSetting@@YAHPEAX_KPEB_W@Z 0000000180005348 f   ConEmuTh1900.obj
 0001:00004398       ?LoadFarSettingsW1900@@YAXPEAUCEFarInterfaceSettings@@PEAUCEFarPanelSettings@@@Z 0000000180005398 f   ConEmuTh1900.obj
 0001:00005768       ?GetFarSetting@@YAHPEAX_KPEB_W@Z 0000000180006768 f   ConEmuTh2800.obj
 0001:000057c0       ?LoadFarSettingsW2800@@YAXPEAUCEFarInterfaceSettings@@PEAUCEFarPanelSettings@@@Z 00000001800067c0 f   ConEmuTh2800.obj
 0001:00006b0c       ?LoadFarSettingsW995@@YAXPEAUCEFarInterfaceSettings@@PEAUCEFarPanelSettings@@@Z 0000000180007b0c f   ConEmuTh995.obj
 0001:000075c8       ?LoadFarSettingsA@@YAXPEAUCEFarInterfaceSettings@@PEAUCEFarPanelSettings@@@Z 00000001800085c8 f   ConEmuThA.obj
 0001:00013c20       __DllMainCRTStartup        0000000180014c20 f   LIBCMT:dllcrt0.obj
 0001:00013ec4       ?setSBCS@@YAXPEAUthreadmbcinfostruct@@@Z 0000000180014ec4 f   LIBCMT:mbctype.obj
 0001:00013f58       ?setSBUpLow@@YAXPEAUthreadmbcinfostruct@@@Z 0000000180014f58 f   LIBCMT:mbctype.obj
 0001:000141f8       ?getSystemCP@@YAHH@Z       00000001800151f8 f   LIBCMT:mbctype.obj
 0001:000149dc       _updatetlocinfoEx_nolock   00000001800159dc f   LIBCMT:setlocal.obj
 0001:000152c0       _initterm                  00000001800162c0 f   LIBCMT:crt0dat.obj
 0001:000153e0       doexit                     00000001800163e0 f   LIBCMT:crt0dat.obj
 0001:00015a7c       parse_cmdline              0000000180016a7c f   LIBCMT:stdargv.obj
 0001:000162fc       ?__crtLCMapStringA_stat@@YAHPEAUlocaleinfo_struct@@KKPEBDHPEADHHH@Z 00000001800172fc f   LIBCMT:a_map.obj
 0001:000168d4       ?__crtGetStringTypeA_stat@@YAHPEAUlocaleinfo_struct@@KPEBDHPEAGHHH@Z 00000001800178d4 f   LIBCMT:a_str.obj
 0001:00017f00       ?x_ismbbtype_l@@YAHPEAUlocaleinfo_struct@@IHH@Z 0000000180018f00 f   LIBCMT:ismbbyte.obj
 0001:0001874c       ?strtoxl@@YAKPEAUlocaleinfo_struct@@PEBDPEAPEBDHH@Z 000000018001974c f   LIBCMT:strtol.obj
 0001:00018b80       __DllMainCRTStartup$filt$0 0000000180019b80 f   LIBCMT:dllcrt0.obj
 0001:00018ba0       _IsNonwritableInCurrentImage$filt$0 0000000180019ba0 f   LIBCMT:pesect.obj
 0001:00018bc1       _setmbcp$fin$0             0000000180019bc1 f   LIBCMT:mbctype.obj
 0001:00018bc1       __updatetmbcinfo$fin$0     0000000180019bc1 f   LIBCMT:mbctype.obj
 0001:00018bda       __updatetlocinfo$fin$0     0000000180019bda f   LIBCMT:setlocal.obj
 0001:00018bf3       _freefls$fin$1             0000000180019bf3 f   LIBCMT:tidtable.obj
 0001:00018bf3       _initptd$fin$1             0000000180019bf3 f   LIBCMT:tidtable.obj
 0001:00018c13       _freefls$fin$0             0000000180019c13 f   LIBCMT:tidtable.obj
 0001:00018c13       _initptd$fin$0             0000000180019c13 f   LIBCMT:tidtable.obj
 0001:00018c2c       doexit$fin$0               0000000180019c2c f   LIBCMT:crt0dat.obj
 0001:00018c4e       _mtinitlocknum$fin$0       0000000180019c4e f   LIBCMT:mlock.obj
 0001:00018c6a       _onexit$fin$0              0000000180019c6a f   LIBCMT:onexit.obj
 0001:00018c7e       raise$fin$0                0000000180019c7e f   LIBCMT:winsig.obj
 0001:00018c9a       __crtInitCritSecAndSpinCount$filt$0 0000000180019c9a f   LIBCMT:initcrit.obj
