 gdi+

 Timestamp is 56fb941e (Wed Mar 30 11:53:50 2016)

 Preferred load address is 0000000180000000

 Start         Length     Name                   Class
 0001:00000000 000002c4H .rdata                  CODE
 0001:000002c4 000001a4H .rdata$zzzdbg           CODE
 0001:00000470 000000abH .text                   CODE
 0001:0000051c 00001c19H .text$mn                CODE
 0001:00002138 00000194H .xdata                  CODE
 0001:000022d0 00000092H .edata                  CODE
 0002:00000000 00000004H .data                   DATA
 0002:00000010 000088a0H .bss                    DATA
 0003:00000000 00000138H .pdata                  DATA
 0004:00000000 00000168H .idata$5                DATA
 0004:00000168 00000050H .idata$2                DATA
 0004:000001b8 00000014H .idata$3                DATA
 0004:000001d0 00000168H .idata$4                DATA
 0004:00000338 000002a8H .idata$6                DATA
 0005:00000000 00000058H .rsrc$01                DATA
 0005:00000060 000002b8H .rsrc$02                DATA

  Address         Publics by Value              Rva+Base               Lib:Object

 0000:00000000       __guard_flags              0000000000000000     <absolute>
 0000:00000000       __guard_iat_count          0000000000000000     <absolute>
 0000:00000000       ___safe_se_handler_table   0000000000000000     <absolute>
 0000:00000000       __guard_fids_count         0000000000000000     <absolute>
 0000:00000000       __guard_iat_table          0000000000000000     <absolute>
 0000:00000000       __guard_fids_table         0000000000000000     <absolute>
 0000:00000000       __guard_longjmp_count      0000000000000000     <absolute>
 0000:00000000       __guard_longjmp_table      0000000000000000     <absolute>
 0000:00000000       ___safe_se_handler_count   0000000000000000     <absolute>
 0001:00000000       FrameDimensionTime         0000000180001000     gdip.obj
 0001:00000010       FrameDimensionPage         0000000180001010     gdip.obj
 0001:00000020       ??_C@_1BI@LOJECBFD@?$AAG?$AAd?$AAi?$AAP?$AAl?$AAu?$AAs?$AA?4?$AAd?$AAl?$AAl?$AA?$AA@ 0000000180001020     gdip.obj
 0001:00000038       ??_C@_0P@NIGHOHPH@GdiplusStartup?$AA@ 0000000180001038     gdip.obj
 0001:00000048       ??_C@_0BA@OMKIAPCJ@GdiplusShutdown?$AA@ 0000000180001048     gdip.obj
 0001:00000058       ??_C@_0BJ@IPKMAACN@GdipCreateBitmapFromFile?$AA@ 0000000180001058     gdip.obj
 0001:00000078       ??_C@_0BG@OPKFAGML@GdipGetImageThumbnail?$AA@ 0000000180001078     gdip.obj
 0001:00000090       ??_C@_0BC@DPLNHGNM@GdipGetImageWidth?$AA@ 0000000180001090     gdip.obj
 0001:000000a8       ??_C@_0BD@JIGBIPOH@GdipGetImageHeight?$AA@ 00000001800010a8     gdip.obj
 0001:000000c0       ??_C@_0BI@DDNLFBKI@GdipGetImagePixelFormat?$AA@ 00000001800010c0     gdip.obj
 0001:000000d8       ??_C@_0BB@MGCHKKMH@GdipDisposeImage?$AA@ 00000001800010d8     gdip.obj
 0001:000000f0       ??_C@_0BH@PCHOHMFI@GdipImageGetFrameCount?$AA@ 00000001800010f0     gdip.obj
 0001:00000108       ??_C@_0BL@FLMDGKNM@GdipImageSelectActiveFrame?$AA@ 0000000180001108     gdip.obj
 0001:00000128       ??_C@_0BI@PFDIBLKB@GdipGetPropertyItemSize?$AA@ 0000000180001128     gdip.obj
 0001:00000140       ??_C@_0BE@JLBHAGMH@GdipGetPropertyItem?$AA@ 0000000180001140     gdip.obj
 0001:00000158       ??_C@_0BE@HNMMICFD@GdipImageRotateFlip?$AA@ 0000000180001158     gdip.obj
 0001:00000170       ??_C@_0BG@BONHLFMI@GdipGetImageRawFormat?$AA@ 0000000180001170     gdip.obj
 0001:00000188       ??_C@_0BC@PACDIGJN@GdipCreateFromHDC?$AA@ 0000000180001188     gdip.obj
 0001:000001a0       ??_C@_0BD@MFGJCODH@GdipDeleteGraphics?$AA@ 00000001800011a0     gdip.obj
 0001:000001b8       ??_C@_0BH@MHAPNLKM@GdipDrawImageRectRectI?$AA@ 00000001800011b8     gdip.obj
 0001:000001d0       ??_C@_0BF@OBPAMLNN@gdip?3?3FreeThreadProc?$AA@ 00000001800011d0     gdip.obj
 0001:000001e8       ??_C@_08EMPFHFKE@gdip?4cpp?$AA@ 00000001800011e8     gdip.obj
 0001:000001f8       ??_C@_17CGDFOGLC@?$AAC?$AAE?$AAT?$AA?$AA@ 00000001800011f8     gdip.obj
 0001:00000200       ??_C@_19JJJNAIHN@?$AAJ?$AAP?$AAE?$AAG?$AA?$AA@ 0000000180001200     gdip.obj
 0001:00000210       ??_C@_19PNCGIGON@?$AAT?$AAI?$AAF?$AAF?$AA?$AA@ 0000000180001210     gdip.obj
 0001:00000220       ??_C@_19HEANOPFL@?$AAE?$AAX?$AAI?$AAF?$AA?$AA@ 0000000180001220     gdip.obj
 0001:00000230       ??_C@_1CA@KKEPPKFF@?$AA?$CF?$AAi?$AA?5?$AAx?$AA?5?$AA?$CF?$AAi?$AA?5?$AAx?$AA?5?$AA?$CF?$AAi?$AAb?$AAp?$AAp?$AA?$AA@ 0000000180001230     gdip.obj
 0001:00000250       ??_C@_1M@HKOFHKAI@?$AA?5?$AA?$FL?$AA?$CF?$AAi?$AA?$FN?$AA?$AA@ 0000000180001250     gdip.obj
 0001:0000025c       ??_C@_13HOIJIPNN@?$AA?5?$AA?$AA@ 000000018000125c     gdip.obj
 0001:00000260       ??_C@_05LCABBMOG@?$CFs?3?$CFi?$AA@ 0000000180001260     WThreads.obj
 0001:00000470       wcsrchr                    0000000180001470 f   libCRT64:strrchr.obj
 0001:000004a0       memset                     00000001800014a0 f   libCRT64:memset.obj
 0001:000004d0       strchr                     00000001800014d0 f   libCRT64:strchr.obj
 0001:000004f0       strrchr                    00000001800014f0 f   libCRT64:strrchr.obj
 0001:0000051c       ??0GdiplusStartupInput@Gdiplus@@QEAA@P6AXW4DebugEventLevel@1@PEAD@ZHH@Z 000000018000151c f i gdip.obj
 0001:00000534       ??_H@YAXPEAX_K1P6APEAX0@Z@Z 0000000180001534 f i gdip.obj
 0001:0000057c       ?CET_Cancel@@YAXPEAX@Z     000000018000157c f   gdip.obj
 0001:00000594       ?CET_Done@@YAXPEAUCET_Init@@@Z 0000000180001594 f   gdip.obj
 0001:000005bc       ?CET_Free@@YAXPEAUCET_LoadInfo@@@Z 00000001800015bc f   gdip.obj
 0001:00000660       ?CET_Init@@YAHPEAU0@@Z     0000000180001660 f   gdip.obj
 0001:000006f0       ?CET_Load@@YAHPEAUCET_LoadInfo@@@Z 00000001800016f0 f   gdip.obj
 0001:00000984       ?CalculateShowSize@GDIPlusImage@@QEAAXAEAH0000@Z 0000000180001984 f i gdip.obj
 0001:00000b1c       ?Close@GDIPlusData@@QEAAXXZ 0000000180001b1c f i gdip.obj
 0001:00000b6c       ?Close@GDIPlusDecoder@@QEAAXXZ 0000000180001b6c f i gdip.obj
 0001:00000c3c       ?Close@GDIPlusImage@@QEAAXXZ 0000000180001c3c f i gdip.obj
 0001:00000cbc       ?DrawImageAbortCallback@GDIPlusImage@@SAHPEAUGDIPlusDecoder@@@Z 0000000180001cbc f i gdip.obj
 0001:00000cc8       ?FreeThreadProc@GDIPlusDecoder@@SAKPEAX@Z 0000000180001cc8 f i gdip.obj
 0001:00000ce8       ?GetExifTagValueAsInt@GDIPlusImage@@QEAA_NKAEAH@Z 0000000180001ce8 f i gdip.obj
 0001:00000dc8       ?GetPageBits@GDIPlusImage@@QEAA_NPEAUCET_LoadInfo@@@Z 0000000180001dc8 f i gdip.obj
 0001:000012b8       ?Init@GDIPlusDecoder@@QEAA_NPEAUCET_Init@@@Z 00000001800022b8 f i gdip.obj
 0001:000015cc       ?Open@GDIPlusImage@@QEAA_N_NPEB_WPEBE_JU_COORD@@@Z 00000001800025cc f i gdip.obj
 0001:00001984       ?OpenBitmapFromFile@GDIPlusImage@@QEAAPEAVGpImage@Gdiplus@@PEB_WU_COORD@@@Z 0000000180002984 f i gdip.obj
 0001:000019e0       ?SelectPage@GDIPlusImage@@QEAA_NI@Z 00000001800029e0 f i gdip.obj
 0001:00001aa8       ?__empty_global_delete@@YAXPEAX@Z 0000000180002aa8 f i gdip.obj
 0001:00001aac       ?__empty_global_delete@@YAXPEAX_K@Z 0000000180002aac f i gdip.obj
 0001:00001ab0       ??2@YAPEAX_K@Z             0000000180002ab0 f   Memory.obj
 0001:00001ac4       ??3@YAXPEAX@Z              0000000180002ac4 f   Memory.obj
 0001:00001acc       ??_U@YAPEAX_K@Z            0000000180002acc f   Memory.obj
 0001:00001ae0       ??_V@YAXPEAX@Z             0000000180002ae0 f   Memory.obj
 0001:00001ae8       ?HeapDeinitialize@@YAXXZ   0000000180002ae8 f   Memory.obj
 0001:00001b0c       ?HeapInitialize@@YA_NXZ    0000000180002b0c f   Memory.obj
 0001:00001b44       ?xf_calloc@@YAPEAX_K0@Z    0000000180002b44 f   Memory.obj
 0001:00001b60       ?xf_free@@YAXPEAX@Z        0000000180002b60 f   Memory.obj
 0001:00001b88       ?xf_malloc@@YAPEAX_K@Z     0000000180002b88 f   Memory.obj
 0001:00001b9c       ?xf_realloc@@YAPEAXPEAX_K@Z 0000000180002b9c f   Memory.obj
 0001:00001bd0       ?xf_validate@@YA_NPEAX@Z   0000000180002bd0 f   Memory.obj
 0001:00001bf0       ??0ConEmuThreadStartArg@@QEAA@P6AKPEAX@Z0K@Z 0000000180002bf0 f i WThreads.obj
 0001:00001c08       ?apiCreateThread@@YAPEAXP6AKPEAX@Z0PEAKPEBDH@Z 0000000180002c08 f   WThreads.obj
 0001:00001d58       ?apiTerminateThreadEx@@YAHPEAXKPEBDH@Z 0000000180002d58 f   WThreads.obj
 0001:00001e64       ?apiThreadHelper@@YAKPEAX@Z 0000000180002e64 f   WThreads.obj
 0001:0000202c       ?wasTerminateThreadCalled@@YA_NXZ 000000018000302c f   WThreads.obj
 0001:00002038       CreateFileW                0000000180003038 f   kernel32:KERNEL32.dll
 0001:0000203e       DeleteFileW                000000018000303e f   kernel32:KERNEL32.dll
 0001:00002044       GetTempFileNameW           0000000180003044 f   kernel32:KERNEL32.dll
 0001:0000204a       WriteFile                  000000018000304a f   kernel32:KERNEL32.dll
 0001:00002050       GetTempPathW               0000000180003050 f   kernel32:KERNEL32.dll
 0001:00002056       CloseHandle                0000000180003056 f   kernel32:KERNEL32.dll
 0001:0000205c       GetLastError               000000018000305c f   kernel32:KERNEL32.dll
 0001:00002062       HeapAlloc                  0000000180003062 f   kernel32:KERNEL32.dll
 0001:00002068       HeapFree                   0000000180003068 f   kernel32:KERNEL32.dll
 0001:0000206e       GetProcessHeap             000000018000306e f   kernel32:KERNEL32.dll
 0001:00002074       WaitForSingleObject        0000000180003074 f   kernel32:KERNEL32.dll
 0001:0000207a       FreeLibrary                000000018000307a f   kernel32:KERNEL32.dll
 0001:00002080       GetProcAddress             0000000180003080 f   kernel32:KERNEL32.dll
 0001:00002086       lstrcpynW                  0000000180003086 f   kernel32:KERNEL32.dll
 0001:0000208c       lstrcpyW                   000000018000308c f   kernel32:KERNEL32.dll
 0001:00002092       lstrcatW                   0000000180003092 f   kernel32:KERNEL32.dll
 0001:00002098       lstrlenW                   0000000180003098 f   kernel32:KERNEL32.dll
 0001:0000209e       LoadLibraryW               000000018000309e f   kernel32:KERNEL32.dll
 0001:000020a4       HeapCreate                 00000001800030a4 f   kernel32:KERNEL32.dll
 0001:000020aa       HeapDestroy                00000001800030aa f   kernel32:KERNEL32.dll
 0001:000020b0       HeapReAlloc                00000001800030b0 f   kernel32:KERNEL32.dll
 0001:000020b6       HeapValidate               00000001800030b6 f   kernel32:KERNEL32.dll
 0001:000020bc       SetLastError               00000001800030bc f   kernel32:KERNEL32.dll
 0001:000020c2       CreateThread               00000001800030c2 f   kernel32:KERNEL32.dll
 0001:000020c8       GetCurrentThreadId         00000001800030c8 f   kernel32:KERNEL32.dll
 0001:000020ce       TerminateThread            00000001800030ce f   kernel32:KERNEL32.dll
 0001:000020d4       ResumeThread               00000001800030d4 f   kernel32:KERNEL32.dll
 0001:000020da       GetTickCount               00000001800030da f   kernel32:KERNEL32.dll
 0001:000020e0       lstrcpynA                  00000001800030e0 f   kernel32:KERNEL32.dll
 0001:000020e6       wsprintfW                  00000001800030e6 f   user32:USER32.dll
 0001:000020ec       CharLowerBuffW             00000001800030ec f   user32:USER32.dll
 0001:000020f2       FillRect                   00000001800030f2 f   user32:USER32.dll
 0001:000020f8       wsprintfA                  00000001800030f8 f   user32:USER32.dll
 0001:000020fe       CreateCompatibleDC         00000001800030fe f   gdi32:GDI32.dll
 0001:00002104       CreateSolidBrush           0000000180003104 f   gdi32:GDI32.dll
 0001:0000210a       DeleteDC                   000000018000310a f   gdi32:GDI32.dll
 0001:00002110       DeleteObject               0000000180003110 f   gdi32:GDI32.dll
 0001:00002116       SelectObject               0000000180003116 f   gdi32:GDI32.dll
 0001:0000211c       CreateDIBSection           000000018000311c f   gdi32:GDI32.dll
 0001:00002122       CoUninitialize             0000000180003122 f   ole32:ole32.dll
 0001:00002128       CoInitialize               0000000180003128 f   ole32:ole32.dll
 0001:00002130       ??3@YAXPEAX_K@Z            0000000180003130 f   LIBCMT:delete_scalar_size.obj
 0002:00000000       ?g_TerminatedThreadIdx@@3JA 0000000180004000     WThreads.obj
 0002:00000030       ?ghModule@@3PEAUHINSTANCE__@@EA 0000000180004030     gdip.obj
 0002:00000038       ?gnLastWin32Error@@3KA     0000000180004038     gdip.obj
 0002:00000088       ?AssertMsgBox@@3P6AHPEB_WI0PEAUHWND__@@_N@ZEA 0000000180004088     MAssert.obj
 0002:00000090       ?gfnHooksUnlockerProc@@3P6A_N_N@ZEA 0000000180004090     MAssert.obj
 0002:00000098       ?ghHeap@@3PEAXEA           0000000180004098     Memory.obj
 0002:000000a0       ?g_ThreadsIdx@@3JA         00000001800040a0     WThreads.obj
 0004:00000000       __imp_CreateSolidBrush     000000018000e000     gdi32:GDI32.dll
 0004:00000008       __imp_DeleteDC             000000018000e008     gdi32:GDI32.dll
 0004:00000010       __imp_DeleteObject         000000018000e010     gdi32:GDI32.dll
 0004:00000018       __imp_SelectObject         000000018000e018     gdi32:GDI32.dll
 0004:00000020       __imp_CreateDIBSection     000000018000e020     gdi32:GDI32.dll
 0004:00000028       __imp_CreateCompatibleDC   000000018000e028     gdi32:GDI32.dll
 0004:00000030       \177GDI32_NULL_THUNK_DATA  000000018000e030     gdi32:GDI32.dll
 0004:00000038       __imp_HeapAlloc            000000018000e038     kernel32:KERNEL32.dll
 0004:00000040       __imp_HeapFree             000000018000e040     kernel32:KERNEL32.dll
 0004:00000048       __imp_GetProcessHeap       000000018000e048     kernel32:KERNEL32.dll
 0004:00000050       __imp_WaitForSingleObject  000000018000e050     kernel32:KERNEL32.dll
 0004:00000058       __imp_FreeLibrary          000000018000e058     kernel32:KERNEL32.dll
 0004:00000060       __imp_GetProcAddress       000000018000e060     kernel32:KERNEL32.dll
 0004:00000068       __imp_lstrcpynW            000000018000e068     kernel32:KERNEL32.dll
 0004:00000070       __imp_lstrcpyW             000000018000e070     kernel32:KERNEL32.dll
 0004:00000078       __imp_lstrcatW             000000018000e078     kernel32:KERNEL32.dll
 0004:00000080       __imp_lstrlenW             000000018000e080     kernel32:KERNEL32.dll
 0004:00000088       __imp_LoadLibraryW         000000018000e088     kernel32:KERNEL32.dll
 0004:00000090       __imp_GetLastError         000000018000e090     kernel32:KERNEL32.dll
 0004:00000098       __imp_HeapDestroy          000000018000e098     kernel32:KERNEL32.dll
 0004:000000a0       __imp_HeapReAlloc          000000018000e0a0     kernel32:KERNEL32.dll
 0004:000000a8       __imp_HeapValidate         000000018000e0a8     kernel32:KERNEL32.dll
 0004:000000b0       __imp_SetLastError         000000018000e0b0     kernel32:KERNEL32.dll
 0004:000000b8       __imp_CreateThread         000000018000e0b8     kernel32:KERNEL32.dll
 0004:000000c0       __imp_GetCurrentThreadId   000000018000e0c0     kernel32:KERNEL32.dll
 0004:000000c8       __imp_TerminateThread      000000018000e0c8     kernel32:KERNEL32.dll
 0004:000000d0       __imp_ResumeThread         000000018000e0d0     kernel32:KERNEL32.dll
 0004:000000d8       __imp_GetTickCount         000000018000e0d8     kernel32:KERNEL32.dll
 0004:000000e0       __imp_lstrcpynA            000000018000e0e0     kernel32:KERNEL32.dll
 0004:000000e8       __imp_CloseHandle          000000018000e0e8     kernel32:KERNEL32.dll
 0004:000000f0       __imp_GetTempPathW         000000018000e0f0     kernel32:KERNEL32.dll
 0004:000000f8       __imp_WriteFile            000000018000e0f8     kernel32:KERNEL32.dll
 0004:00000100       __imp_GetTempFileNameW     000000018000e100     kernel32:KERNEL32.dll
 0004:00000108       __imp_DeleteFileW          000000018000e108     kernel32:KERNEL32.dll
 0004:00000110       __imp_HeapCreate           000000018000e110     kernel32:KERNEL32.dll
 0004:00000118       __imp_CreateFileW          000000018000e118     kernel32:KERNEL32.dll
 0004:00000120       \177KERNEL32_NULL_THUNK_DATA 000000018000e120     kernel32:KERNEL32.dll
 0004:00000128       __imp_wsprintfA            000000018000e128     user32:USER32.dll
 0004:00000130       __imp_FillRect             000000018000e130     user32:USER32.dll
 0004:00000138       __imp_CharLowerBuffW       000000018000e138     user32:USER32.dll
 0004:00000140       __imp_wsprintfW            000000018000e140     user32:USER32.dll
 0004:00000148       \177USER32_NULL_THUNK_DATA 000000018000e148     user32:USER32.dll
 0004:00000150       __imp_CoInitialize         000000018000e150     ole32:ole32.dll
 0004:00000158       __imp_CoUninitialize       000000018000e158     ole32:ole32.dll
 0004:00000160       \177ole32_NULL_THUNK_DATA  000000018000e160     ole32:ole32.dll
 0004:00000168       __IMPORT_DESCRIPTOR_KERNEL32 000000018000e168     kernel32:KERNEL32.dll
 0004:0000017c       __IMPORT_DESCRIPTOR_USER32 000000018000e17c     user32:USER32.dll
 0004:00000190       __IMPORT_DESCRIPTOR_GDI32  000000018000e190     gdi32:GDI32.dll
 0004:000001a4       __IMPORT_DESCRIPTOR_ole32  000000018000e1a4     ole32:ole32.dll
 0004:000001b8       __NULL_IMPORT_DESCRIPTOR   000000018000e1b8     kernel32:KERNEL32.dll

 entry point at        0000:00000000

 Static symbols

 0000:ffff0000       .debug$S                   0000000180000000     ole32:ole32.dll
 0000:ffff0000       .debug$S                   0000000180000000     kernel32:KERNEL32.dll
 0000:ffff0000       .debug$S                   0000000180000000     gdi+.exp
 0000:ffff0000       .debug$S                   0000000180000000     kernel32:KERNEL32.dll
 0000:ffff0000       .debug$S                   0000000180000000     kernel32:KERNEL32.dll
 0000:ffff0000       .debug$S                   0000000180000000     kernel32:KERNEL32.dll
 0000:ffff0000       .debug$S                   0000000180000000     kernel32:KERNEL32.dll
 0000:ffff0000       .debug$S                   0000000180000000     kernel32:KERNEL32.dll
 0000:ffff0000       .debug$S                   0000000180000000     kernel32:KERNEL32.dll
 0000:ffff0000       .debug$S                   0000000180000000     kernel32:KERNEL32.dll
 0000:ffff0000       .debug$S                   0000000180000000     kernel32:KERNEL32.dll
 0000:ffff0000       .debug$S                   0000000180000000     kernel32:KERNEL32.dll
 0000:ffff0000       .debug$S                   0000000180000000     kernel32:KERNEL32.dll
 0000:ffff0000       .debug$S                   0000000180000000     kernel32:KERNEL32.dll
 0000:ffff0000       .debug$S                   0000000180000000     ole32:ole32.dll
 0000:ffff0000       .debug$S                   0000000180000000     kernel32:KERNEL32.dll
 0000:ffff0000       .debug$S                   0000000180000000     gdi32:GDI32.dll
 0000:ffff0000       .debug$S                   0000000180000000     kernel32:KERNEL32.dll
 0000:ffff0000       .debug$S                   0000000180000000     gdi32:GDI32.dll
 0000:ffff0000       .debug$S                   0000000180000000     kernel32:KERNEL32.dll
 0000:ffff0000       .debug$S                   0000000180000000     kernel32:KERNEL32.dll
 0000:ffff0000       .debug$S                   0000000180000000     gdi32:GDI32.dll
 0000:ffff0000       .debug$S                   0000000180000000     kernel32:KERNEL32.dll
 0000:ffff0000       .debug$S                   0000000180000000     gdi32:GDI32.dll
 0000:ffff0000       .debug$S                   0000000180000000     kernel32:KERNEL32.dll
 0000:ffff0000       .debug$S                   0000000180000000     gdi32:GDI32.dll
 0000:ffff0000       .debug$S                   0000000180000000     kernel32:KERNEL32.dll
 0000:ffff0000       .debug$S                   0000000180000000     gdi32:GDI32.dll
 0000:ffff0000       .debug$S                   0000000180000000     kernel32:KERNEL32.dll
 0000:ffff0000       .debug$S                   0000000180000000     kernel32:KERNEL32.dll
 0000:ffff0000       .debug$S                   0000000180000000     kernel32:KERNEL32.dll
 0000:ffff0000       .debug$S                   0000000180000000     kernel32:KERNEL32.dll
 0000:ffff0000       .debug$S                   0000000180000000     kernel32:KERNEL32.dll
 0000:ffff0000       .debug$S                   0000000180000000     kernel32:KERNEL32.dll
 0000:ffff0000       .debug$S                   0000000180000000     kernel32:KERNEL32.dll
 0000:ffff0000       .debug$S                   0000000180000000     kernel32:KERNEL32.dll
 0000:ffff0000       .debug$S                   0000000180000000     kernel32:KERNEL32.dll
 0000:ffff0000       .debug$S                   0000000180000000     user32:USER32.dll
 0000:ffff0000       .debug$S                   0000000180000000     user32:USER32.dll
 0000:ffff0000       .debug$S                   0000000180000000     user32:USER32.dll
 0000:ffff0000       .debug$S                   0000000180000000     user32:USER32.dll
 0000:ffff0000       .debug$S                   0000000180000000     kernel32:KERNEL32.dll
 0001:00002138       $unwind$??_H@YAXPEAX_K1P6APEAX0@Z@Z 0000000180003138     gdip.obj
 0001:0000214c       $unwind$?Init@GDIPlusDecoder@@QEAA_NPEAUCET_Init@@@Z 000000018000314c     gdip.obj
 0001:00002164       $unwind$?FreeThreadProc@GDIPlusDecoder@@SAKPEAX@Z 0000000180003164     gdip.obj
 0001:0000216c       $unwind$?Close@GDIPlusDecoder@@QEAAXXZ 000000018000316c     gdip.obj
 0001:00002178       $unwind$?Close@GDIPlusData@@QEAAXXZ 0000000180003178     gdip.obj
 0001:00002180       $unwind$?OpenBitmapFromFile@GDIPlusImage@@QEAAPEAVGpImage@Gdiplus@@PEB_WU_COORD@@@Z 0000000180003180     gdip.obj
 0001:0000218c       $unwind$?Open@GDIPlusImage@@QEAA_N_NPEB_WPEBE_JU_COORD@@@Z 000000018000318c     gdip.obj
 0001:000021a8       $unwind$?SelectPage@GDIPlusImage@@QEAA_NI@Z 00000001800031a8     gdip.obj
 0001:000021b8       $unwind$?Close@GDIPlusImage@@QEAAXXZ 00000001800031b8     gdip.obj
 0001:000021c4       $unwind$?GetExifTagValueAsInt@GDIPlusImage@@QEAA_NKAEAH@Z 00000001800031c4     gdip.obj
 0001:000021d8       $unwind$?CalculateShowSize@GDIPlusImage@@QEAAXAEAH0000@Z 00000001800031d8     gdip.obj
 0001:000021f0       $unwind$?GetPageBits@GDIPlusImage@@QEAA_NPEAUCET_LoadInfo@@@Z 00000001800031f0     gdip.obj
 0001:0000220c       $unwind$?CET_Init@@YAHPEAU0@@Z 000000018000320c     gdip.obj
 0001:00002218       $unwind$?CET_Done@@YAXPEAUCET_Init@@@Z 0000000180003218     gdip.obj
 0001:00002220       $unwind$?CET_Load@@YAHPEAUCET_LoadInfo@@@Z 0000000180003220     gdip.obj
 0001:00002238       $unwind$?CET_Free@@YAXPEAUCET_LoadInfo@@@Z 0000000180003238     gdip.obj
 0001:00002240       $unwind$?HeapInitialize@@YA_NXZ 0000000180003240     Memory.obj
 0001:00002248       $unwind$?HeapDeinitialize@@YAXXZ 0000000180003248     Memory.obj
 0001:00002250       $unwind$?xf_free@@YAXPEAX@Z 0000000180003250     Memory.obj
 0001:00002258       $unwind$?xf_validate@@YA_NPEAX@Z 0000000180003258     Memory.obj
 0001:00002260       $unwind$?apiCreateThread@@YAPEAXP6AKPEAX@Z0PEAKPEBDH@Z 0000000180003260     WThreads.obj
 0001:00002278       $unwind$?apiTerminateThreadEx@@YAHPEAXKPEBDH@Z 0000000180003278     WThreads.obj
 0001:00002294       $unwind$?apiThreadHelper@@YAKPEAX@Z 0000000180003294     WThreads.obj
 0001:000022a0       $chain$1$memset            00000001800032a0     libCRT64:memset.obj
 0001:000022b0       $chain$0$memset            00000001800032b0     libCRT64:memset.obj
 0001:000022c4       $unwind$memset             00000001800032c4     libCRT64:memset.obj
 0001:000022d0       .edata                     00000001800032d0     gdi+.exp
 0001:000022f8       rgpv                       00000001800032f8     gdi+.exp
 0001:0000230c       rgszName                   000000018000330c     gdi+.exp
 0001:00002320       rgwOrd                     0000000180003320     gdi+.exp
 0001:0000232a       szName                     000000018000332a     gdi+.exp
 0001:00002333       $N00001                    0000000180003333     gdi+.exp
 0001:0000233e       $N00002                    000000018000333e     gdi+.exp
 0001:00002347       $N00003                    0000000180003347     gdi+.exp
 0001:00002350       $N00004                    0000000180003350     gdi+.exp
 0001:00002359       $N00005                    0000000180003359     gdi+.exp
 0002:00000010       ?GenericTypographicStringFormatBuffer@Gdiplus@@3PAEA 0000000180004010     gdip.obj
 0002:00000020       ?GenericDefaultStringFormatBuffer@Gdiplus@@3PAEA 0000000180004020     gdip.obj
 0002:00000040       ?GenericSansSerifFontFamily@Gdiplus@@3PEAVFontFamily@1@EA 0000000180004040     gdip.obj
 0002:00000048       ?GenericSerifFontFamily@Gdiplus@@3PEAVFontFamily@1@EA 0000000180004048     gdip.obj
 0002:00000050       ?GenericMonospaceFontFamily@Gdiplus@@3PEAVFontFamily@1@EA 0000000180004050     gdip.obj
 0002:00000058       ?GenericSansSerifFontFamilyBuffer@Gdiplus@@3PAEA 0000000180004058     gdip.obj
 0002:00000068       ?GenericSerifFontFamilyBuffer@Gdiplus@@3PAEA 0000000180004068     gdip.obj
 0002:00000078       ?GenericMonospaceFontFamilyBuffer@Gdiplus@@3PAEA 0000000180004078     gdip.obj
 0002:000000a8       ?gh_UnknownTerminatedThread@@3PEAXEA 00000001800040a8     WThreads.obj
 0002:000000b0       ?g_Threads@@3PAUConEmuThreadInfo@@A 00000001800040b0     WThreads.obj
 0003:00000000       $pdata$memset              000000018000d000     libCRT64:memset.obj
 0003:0000000c       $pdata$0$memset            000000018000d00c     libCRT64:memset.obj
 0003:00000018       $pdata$1$memset            000000018000d018     libCRT64:memset.obj
 0003:00000024       $pdata$??_H@YAXPEAX_K1P6APEAX0@Z@Z 000000018000d024     gdip.obj
 0003:00000030       $pdata$?CET_Done@@YAXPEAUCET_Init@@@Z 000000018000d030     gdip.obj
 0003:0000003c       $pdata$?CET_Free@@YAXPEAUCET_LoadInfo@@@Z 000000018000d03c     gdip.obj
 0003:00000048       $pdata$?CET_Init@@YAHPEAU0@@Z 000000018000d048     gdip.obj
 0003:00000054       $pdata$?CET_Load@@YAHPEAUCET_LoadInfo@@@Z 000000018000d054     gdip.obj
 0003:00000060       $pdata$?CalculateShowSize@GDIPlusImage@@QEAAXAEAH0000@Z 000000018000d060     gdip.obj
 0003:0000006c       $pdata$?Close@GDIPlusData@@QEAAXXZ 000000018000d06c     gdip.obj
 0003:00000078       $pdata$?Close@GDIPlusDecoder@@QEAAXXZ 000000018000d078     gdip.obj
 0003:00000084       $pdata$?Close@GDIPlusImage@@QEAAXXZ 000000018000d084     gdip.obj
 0003:00000090       $pdata$?FreeThreadProc@GDIPlusDecoder@@SAKPEAX@Z 000000018000d090     gdip.obj
 0003:0000009c       $pdata$?GetExifTagValueAsInt@GDIPlusImage@@QEAA_NKAEAH@Z 000000018000d09c     gdip.obj
 0003:000000a8       $pdata$?GetPageBits@GDIPlusImage@@QEAA_NPEAUCET_LoadInfo@@@Z 000000018000d0a8     gdip.obj
 0003:000000b4       $pdata$?Init@GDIPlusDecoder@@QEAA_NPEAUCET_Init@@@Z 000000018000d0b4     gdip.obj
 0003:000000c0       $pdata$?Open@GDIPlusImage@@QEAA_N_NPEB_WPEBE_JU_COORD@@@Z 000000018000d0c0     gdip.obj
 0003:000000cc       $pdata$?OpenBitmapFromFile@GDIPlusImage@@QEAAPEAVGpImage@Gdiplus@@PEB_WU_COORD@@@Z 000000018000d0cc     gdip.obj
 0003:000000d8       $pdata$?SelectPage@GDIPlusImage@@QEAA_NI@Z 000000018000d0d8     gdip.obj
 0003:000000e4       $pdata$?HeapDeinitialize@@YAXXZ 000000018000d0e4     Memory.obj
 0003:000000f0       $pdata$?HeapInitialize@@YA_NXZ 000000018000d0f0     Memory.obj
 0003:000000fc       $pdata$?xf_free@@YAXPEAX@Z 000000018000d0fc     Memory.obj
 0003:00000108       $pdata$?xf_validate@@YA_NPEAX@Z 000000018000d108     Memory.obj
 0003:00000114       $pdata$?apiCreateThread@@YAPEAXP6AKPEAX@Z0PEAKPEBDH@Z 000000018000d114     WThreads.obj
 0003:00000120       $pdata$?apiTerminateThreadEx@@YAHPEAXKPEBDH@Z 000000018000d120     WThreads.obj
 0003:0000012c       $pdata$?apiThreadHelper@@YAKPEAX@Z 000000018000d12c     WThreads.obj
 0004:000004f0       .idata$6                   000000018000e4f0     kernel32:KERNEL32.dll
 0004:00000534       .idata$6                   000000018000e534     user32:USER32.dll
 0004:000005aa       .idata$6                   000000018000e5aa     gdi32:GDI32.dll
 0004:000005d6       .idata$6                   000000018000e5d6     ole32:ole32.dll
 0005:00000060       $R000000                   000000018000f060     gdip.res
