 ico

 Timestamp is 56df5243 (Wed Mar 09 01:29:23 2016)

 Preferred load address is 0000000180000000

 Start         Length     Name                   Class
 0001:00000000 00000120H .idata$5                CODE
 0001:00000120 00000708H .rdata                  CODE
 0001:00000828 00000060H .rdata$debug            CODE
 0001:00000890 0000242cH .text                   CODE
 0001:00002cbc 000002b8H .xdata                  CODE
 0001:00002f74 00000050H .idata$2                CODE
 0001:00002fc4 00000014H .idata$3                CODE
 0001:00002fd8 00000120H .idata$4                CODE
 0001:000030f8 00000262H .idata$6                CODE
 0001:00003360 00000091H .edata                  CODE
 0002:00000000 00000004H .data                   DATA
 0002:00000010 00008894H .bss                    DATA
 0003:00000000 00000234H .pdata                  DATA
 0004:00000000 00000058H .rsrc$01                DATA
 0004:00000060 000002a0H .rsrc$02                DATA

  Address         Publics by Value              Rva+Base               Lib:Object

 0000:00000000       ___safe_se_handler_table   0000000000000000     <absolute>
 0000:00000000       ___safe_se_handler_count   0000000000000000     <absolute>
 0000:00000000       __ImageBase                0000000180000000     <linker-defined>
 0001:00000000       __imp_HeapFree             0000000180001000     kernel32:KERNEL32.dll
 0001:00000008       __imp_GetProcessHeap       0000000180001008     kernel32:KERNEL32.dll
 0001:00000010       __imp_HeapAlloc            0000000180001010     kernel32:KERNEL32.dll
 0001:00000018       __imp_HeapReAlloc          0000000180001018     kernel32:KERNEL32.dll
 0001:00000020       __imp_SystemTimeToFileTime 0000000180001020     kernel32:KERNEL32.dll
 0001:00000028       __imp_GetLocalTime         0000000180001028     kernel32:KERNEL32.dll
 0001:00000030       __imp_HeapCreate           0000000180001030     kernel32:KERNEL32.dll
 0001:00000038       __imp_HeapDestroy          0000000180001038     kernel32:KERNEL32.dll
 0001:00000040       __imp_HeapValidate         0000000180001040     kernel32:KERNEL32.dll
 0001:00000048       __imp_lstrcpynA            0000000180001048     kernel32:KERNEL32.dll
 0001:00000050       __imp_GetTickCount         0000000180001050     kernel32:KERNEL32.dll
 0001:00000058       __imp_GetCurrentThreadId   0000000180001058     kernel32:KERNEL32.dll
 0001:00000060       __imp_SetLastError         0000000180001060     kernel32:KERNEL32.dll
 0001:00000068       __imp_ResumeThread         0000000180001068     kernel32:KERNEL32.dll
 0001:00000070       __imp_GetLastError         0000000180001070     kernel32:KERNEL32.dll
 0001:00000078       __imp_CreateThread         0000000180001078     kernel32:KERNEL32.dll
 0001:00000080       __imp_TerminateThread      0000000180001080     kernel32:KERNEL32.dll
 0001:00000088       \177KERNEL32_NULL_THUNK_DATA 0000000180001088     kernel32:KERNEL32.dll
 0001:00000090       __imp_wsprintfW            0000000180001090     user32:USER32.dll
 0001:00000098       __imp_wsprintfA            0000000180001098     user32:USER32.dll
 0001:000000a0       \177USER32_NULL_THUNK_DATA 00000001800010a0     user32:USER32.dll
 0001:000000a8       __imp_GdipAlloc            00000001800010a8     gdiplus:gdiplus.dll
 0001:000000b0       __imp_GdipFree             00000001800010b0     gdiplus:gdiplus.dll
 0001:000000b8       __imp_GdipDisposeImage     00000001800010b8     gdiplus:gdiplus.dll
 0001:000000c0       __imp_GdipGetImagePixelFormat 00000001800010c0     gdiplus:gdiplus.dll
 0001:000000c8       __imp_GdipCreateBitmapFromStream 00000001800010c8     gdiplus:gdiplus.dll
 0001:000000d0       __imp_GdipCreateBitmapFromStreamICM 00000001800010d0     gdiplus:gdiplus.dll
 0001:000000d8       __imp_GdipBitmapLockBits   00000001800010d8     gdiplus:gdiplus.dll
 0001:000000e0       __imp_GdipBitmapUnlockBits 00000001800010e0     gdiplus:gdiplus.dll
 0001:000000e8       __imp_GdiplusShutdown      00000001800010e8     gdiplus:gdiplus.dll
 0001:000000f0       __imp_GdiplusStartup       00000001800010f0     gdiplus:gdiplus.dll
 0001:000000f8       __imp_GdipCloneImage       00000001800010f8     gdiplus:gdiplus.dll
 0001:00000100       \177gdiplus_NULL_THUNK_DATA 0000000180001100     gdiplus:gdiplus.dll
 0001:00000108       __imp_CoUninitialize       0000000180001108     ole32:ole32.dll
 0001:00000110       __imp_CoInitialize         0000000180001110     ole32:ole32.dll
 0001:00000118       \177ole32_NULL_THUNK_DATA  0000000180001118     ole32:ole32.dll
 0001:00000140       ??_7Image@Gdiplus@@6B@     0000000180001140     ico.obj
 0001:00000150       ??_7Bitmap@Gdiplus@@6B@    0000000180001150     ico.obj
 0001:00000160       ??_7MStream@@6B@           0000000180001160     ico.obj
 0001:000001d0       ??_C@_1BA@HKGHICED@?$AAI?$AAC?$AAO?$AA?4?$AAD?$AAI?$AAB?$AA?$AA@ 00000001800011d0     ico.obj
 0001:000001e0       ??_C@_1BA@KIENHNBI@?$AAI?$AAC?$AAO?$AA?4?$AAP?$AAN?$AAG?$AA?$AA@ 00000001800011e0     ico.obj
 0001:000001f0       ??_C@_1DE@JEFKLGFF@?$AA?$CF?$AAi?$AA?5?$AAx?$AA?5?$AA?$CF?$AAi?$AA?5?$AAx?$AA?5?$AA?$CF?$AAi?$AAb?$AAp?$AAp?$AA?5?$AA?$FL?$AA?$CF?$AAi?$AA?$FN?$AA?5?$AA?$CF?$AAs?$AA?$CF?$AAs?$AA?$AA@ 00000001800011f0     ico.obj
 0001:00000228       ??_C@_1O@PALLNO@?$AA?5?$AA?$FL?$AAP?$AAN?$AAG?$AA?$FN?$AA?$AA@ 0000000180001228     ico.obj
 0001:00000238       ??_C@_17IILLPF@?$AAC?$AAU?$AAR?$AA?$AA@ 0000000180001238     ico.obj
 0001:00000240       ??_C@_11LOCGONAA@?$AA?$AA@ 0000000180001240     ico.obj
 0001:00000248       ??_C@_17OGLEMJPJ@?$AAI?$AAC?$AAO?$AA?$AA@ 0000000180001248     ico.obj
 0001:00000250       ??_C@_05LCABBMOG@?$CFs?3?$CFi?$AA@ 0000000180001250     WThreads.obj
 0001:00000258       IID_IUnknown               0000000180001258     uuid:unknwn_i.obj
 0001:00000268       IID_AsyncIUnknown          0000000180001268     uuid:unknwn_i.obj
 0001:00000278       IID_IClassFactory          0000000180001278     uuid:unknwn_i.obj
 0001:00000288       IID_IMarshal               0000000180001288     uuid:objidl_i.obj
 0001:00000298       IID_IMarshal2              0000000180001298     uuid:objidl_i.obj
 0001:000002a8       IID_IMalloc                00000001800012a8     uuid:objidl_i.obj
 0001:000002b8       IID_IMallocSpy             00000001800012b8     uuid:objidl_i.obj
 0001:000002c8       IID_IStdMarshalInfo        00000001800012c8     uuid:objidl_i.obj
 0001:000002d8       IID_IExternalConnection    00000001800012d8     uuid:objidl_i.obj
 0001:000002e8       IID_IMultiQI               00000001800012e8     uuid:objidl_i.obj
 0001:000002f8       IID_AsyncIMultiQI          00000001800012f8     uuid:objidl_i.obj
 0001:00000308       IID_IInternalUnknown       0000000180001308     uuid:objidl_i.obj
 0001:00000318       IID_IEnumUnknown           0000000180001318     uuid:objidl_i.obj
 0001:00000328       IID_IBindCtx               0000000180001328     uuid:objidl_i.obj
 0001:00000338       IID_IEnumMoniker           0000000180001338     uuid:objidl_i.obj
 0001:00000348       IID_IRunnableObject        0000000180001348     uuid:objidl_i.obj
 0001:00000358       IID_IRunningObjectTable    0000000180001358     uuid:objidl_i.obj
 0001:00000368       IID_IPersist               0000000180001368     uuid:objidl_i.obj
 0001:00000378       IID_IPersistStream         0000000180001378     uuid:objidl_i.obj
 0001:00000388       IID_IMoniker               0000000180001388     uuid:objidl_i.obj
 0001:00000398       IID_IROTData               0000000180001398     uuid:objidl_i.obj
 0001:000003a8       IID_IEnumString            00000001800013a8     uuid:objidl_i.obj
 0001:000003b8       IID_ISequentialStream      00000001800013b8     uuid:objidl_i.obj
 0001:000003c8       IID_IStream                00000001800013c8     uuid:objidl_i.obj
 0001:000003d8       IID_IEnumSTATSTG           00000001800013d8     uuid:objidl_i.obj
 0001:000003e8       IID_IStorage               00000001800013e8     uuid:objidl_i.obj
 0001:000003f8       IID_IPersistFile           00000001800013f8     uuid:objidl_i.obj
 0001:00000408       IID_IPersistStorage        0000000180001408     uuid:objidl_i.obj
 0001:00000418       IID_ILockBytes             0000000180001418     uuid:objidl_i.obj
 0001:00000428       IID_IEnumFORMATETC         0000000180001428     uuid:objidl_i.obj
 0001:00000438       IID_IEnumSTATDATA          0000000180001438     uuid:objidl_i.obj
 0001:00000448       IID_IRootStorage           0000000180001448     uuid:objidl_i.obj
 0001:00000458       IID_IAdviseSink            0000000180001458     uuid:objidl_i.obj
 0001:00000468       IID_AsyncIAdviseSink       0000000180001468     uuid:objidl_i.obj
 0001:00000478       IID_IAdviseSink2           0000000180001478     uuid:objidl_i.obj
 0001:00000488       IID_AsyncIAdviseSink2      0000000180001488     uuid:objidl_i.obj
 0001:00000498       IID_IDataObject            0000000180001498     uuid:objidl_i.obj
 0001:000004a8       IID_IDataAdviseHolder      00000001800014a8     uuid:objidl_i.obj
 0001:000004b8       IID_IMessageFilter         00000001800014b8     uuid:objidl_i.obj
 0001:000004c8       IID_IRpcChannelBuffer      00000001800014c8     uuid:objidl_i.obj
 0001:000004d8       IID_IRpcChannelBuffer2     00000001800014d8     uuid:objidl_i.obj
 0001:000004e8       IID_IAsyncRpcChannelBuffer 00000001800014e8     uuid:objidl_i.obj
 0001:000004f8       IID_IRpcChannelBuffer3     00000001800014f8     uuid:objidl_i.obj
 0001:00000508       IID_IRpcSyntaxNegotiate    0000000180001508     uuid:objidl_i.obj
 0001:00000518       IID_IRpcProxyBuffer        0000000180001518     uuid:objidl_i.obj
 0001:00000528       IID_IRpcStubBuffer         0000000180001528     uuid:objidl_i.obj
 0001:00000538       IID_IPSFactoryBuffer       0000000180001538     uuid:objidl_i.obj
 0001:00000548       IID_IChannelHook           0000000180001548     uuid:objidl_i.obj
 0001:00000558       IID_IClientSecurity        0000000180001558     uuid:objidl_i.obj
 0001:00000568       IID_IServerSecurity        0000000180001568     uuid:objidl_i.obj
 0001:00000578       IID_IClassActivator        0000000180001578     uuid:objidl_i.obj
 0001:00000588       IID_IRpcOptions            0000000180001588     uuid:objidl_i.obj
 0001:00000598       IID_IGlobalOptions         0000000180001598     uuid:objidl_i.obj
 0001:000005a8       IID_IFillLockBytes         00000001800015a8     uuid:objidl_i.obj
 0001:000005b8       IID_IProgressNotify        00000001800015b8     uuid:objidl_i.obj
 0001:000005c8       IID_ILayoutStorage         00000001800015c8     uuid:objidl_i.obj
 0001:000005d8       IID_IBlockingLock          00000001800015d8     uuid:objidl_i.obj
 0001:000005e8       IID_ITimeAndNoticeControl  00000001800015e8     uuid:objidl_i.obj
 0001:000005f8       IID_IOplockStorage         00000001800015f8     uuid:objidl_i.obj
 0001:00000608       IID_ISurrogate             0000000180001608     uuid:objidl_i.obj
 0001:00000618       IID_IGlobalInterfaceTable  0000000180001618     uuid:objidl_i.obj
 0001:00000628       IID_IDirectWriterLock      0000000180001628     uuid:objidl_i.obj
 0001:00000638       IID_ISynchronize           0000000180001638     uuid:objidl_i.obj
 0001:00000648       IID_ISynchronizeHandle     0000000180001648     uuid:objidl_i.obj
 0001:00000658       IID_ISynchronizeEvent      0000000180001658     uuid:objidl_i.obj
 0001:00000668       IID_ISynchronizeContainer  0000000180001668     uuid:objidl_i.obj
 0001:00000678       IID_ISynchronizeMutex      0000000180001678     uuid:objidl_i.obj
 0001:00000688       IID_ICancelMethodCalls     0000000180001688     uuid:objidl_i.obj
 0001:00000698       IID_IAsyncManager          0000000180001698     uuid:objidl_i.obj
 0001:000006a8       IID_ICallFactory           00000001800016a8     uuid:objidl_i.obj
 0001:000006b8       IID_IRpcHelper             00000001800016b8     uuid:objidl_i.obj
 0001:000006c8       IID_IReleaseMarshalBuffers 00000001800016c8     uuid:objidl_i.obj
 0001:000006d8       IID_IWaitMultiple          00000001800016d8     uuid:objidl_i.obj
 0001:000006e8       IID_IUrlMon                00000001800016e8     uuid:objidl_i.obj
 0001:000006f8       IID_IForegroundTransfer    00000001800016f8     uuid:objidl_i.obj
 0001:00000708       IID_IAddrTrackingControl   0000000180001708     uuid:objidl_i.obj
 0001:00000718       IID_IAddrExclusionControl  0000000180001718     uuid:objidl_i.obj
 0001:00000728       IID_IPipeByte              0000000180001728     uuid:objidl_i.obj
 0001:00000738       IID_AsyncIPipeByte         0000000180001738     uuid:objidl_i.obj
 0001:00000748       IID_IPipeLong              0000000180001748     uuid:objidl_i.obj
 0001:00000758       IID_AsyncIPipeLong         0000000180001758     uuid:objidl_i.obj
 0001:00000768       IID_IPipeDouble            0000000180001768     uuid:objidl_i.obj
 0001:00000778       IID_AsyncIPipeDouble       0000000180001778     uuid:objidl_i.obj
 0001:00000788       IID_IThumbnailExtractor    0000000180001788     uuid:objidl_i.obj
 0001:00000798       IID_IDummyHICONIncluder    0000000180001798     uuid:objidl_i.obj
 0001:000007a8       IID_IEnumContextProps      00000001800017a8     uuid:objidl_i.obj
 0001:000007b8       IID_IContext               00000001800017b8     uuid:objidl_i.obj
 0001:000007c8       IID_IObjContext            00000001800017c8     uuid:objidl_i.obj
 0001:000007d8       IID_IProcessLock           00000001800017d8     uuid:objidl_i.obj
 0001:000007e8       IID_ISurrogateService      00000001800017e8     uuid:objidl_i.obj
 0001:000007f8       IID_IComThreadingInfo      00000001800017f8     uuid:objidl_i.obj
 0001:00000808       IID_IProcessInitControl    0000000180001808     uuid:objidl_i.obj
 0001:00000818       IID_IInitializeSpy         0000000180001818     uuid:objidl_i.obj
 0001:00000890       ??2GdiplusBase@Gdiplus@@SAPEAX_K@Z 0000000180001890 f i ico.obj
 0001:00000898       ??0Rect@Gdiplus@@QEAA@HHHH@Z 0000000180001898 f i ico.obj
 0001:000008b0       ??0GdiplusStartupInput@Gdiplus@@QEAA@P6AXW4DebugEventLevel@1@PEAD@ZHH@Z 00000001800018b0 f i ico.obj
 0001:000008c8       ??0Image@Gdiplus@@IEAA@XZ  00000001800018c8 f i ico.obj
 0001:000008d8       ??3GdiplusBase@Gdiplus@@SAXPEAX@Z 00000001800018d8 f i ico.obj
 0001:000008e0       ?SetStatus@Image@Gdiplus@@IEBA?AW4Status@2@W432@@Z 00000001800018e0 f i ico.obj
 0001:000008f0       ??1Image@Gdiplus@@UEAA@XZ  00000001800018f0 f i ico.obj
 0001:00000904       ?GetPixelFormat@Image@Gdiplus@@QEAAHXZ 0000000180001904 f i ico.obj
 0001:0000092c       ?SetNativeImage@Image@Gdiplus@@IEAAXPEAVGpImage@2@@Z 000000018000192c f i ico.obj
 0001:00000934       ??0Bitmap@Gdiplus@@QEAA@PEAUIStream@@H@Z 0000000180001934 f i ico.obj
 0001:00000980       ??1Bitmap@Gdiplus@@UEAA@XZ 0000000180001980 f i ico.obj
 0001:00000994       ?FromStream@Bitmap@Gdiplus@@SAPEAV12@PEAUIStream@@H@Z 0000000180001994 f i ico.obj
 0001:00000a08       ?LockBits@Bitmap@Gdiplus@@QEAA?AW4Status@2@PEBVRect@2@IHPEAVBitmapData@2@@Z 0000000180001a08 f i ico.obj
 0001:00000a38       ?UnlockBits@Bitmap@Gdiplus@@QEAA?AW4Status@2@PEAVBitmapData@2@@Z 0000000180001a38 f i ico.obj
 0001:00000a5c       ??_H@YAXPEAX_KHP6APEAX0@Z@Z 0000000180001a5c f i ico.obj
 0001:00000aa0       ??1MStream@@QEAA@XZ        0000000180001aa0 f i ico.obj
 0001:00000af8       IsEqualGUID                0000000180001af8 f i ico.obj
 0001:00000b24       ==                         0000000180001b24 f i ico.obj
 0001:00000b50       ?SetData@MStream@@QEAAXPEBXK@Z 0000000180001b50 f i ico.obj
 0001:00000bb8       ?QueryInterface@MStream@@UEAAJAEBU_GUID@@PEAPEAX@Z 0000000180001bb8 f i ico.obj
 0001:00000c58       ?AddRef@MStream@@UEAAKXZ   0000000180001c58 f i ico.obj
 0001:00000c68       ?Read@MStream@@UEAAJPEAXKPEAK@Z 0000000180001c68 f i ico.obj
 0001:00000cf0       ?Write@MStream@@UEAAJPEBXKPEAK@Z 0000000180001cf0 f i ico.obj
 0001:00000db8       ?Seek@MStream@@UEAAJT_LARGE_INTEGER@@KPEAT_ULARGE_INTEGER@@@Z 0000000180001db8 f i ico.obj
 0001:00000e28       ?SetSize@MStream@@UEAAJT_ULARGE_INTEGER@@@Z 0000000180001e28 f i ico.obj
 0001:00000edc       ?CopyTo@MStream@@UEAAJPEAUIStream@@T_ULARGE_INTEGER@@PEAT3@2@Z 0000000180001edc f i ico.obj
 0001:00000ee4       ?Commit@MStream@@UEAAJK@Z  0000000180001ee4 f i ico.obj
 0001:00000ef0       ?Revert@MStream@@UEAAJXZ   0000000180001ef0 f i ico.obj
 0001:00000ef8       ?LockRegion@MStream@@UEAAJT_ULARGE_INTEGER@@0K@Z 0000000180001ef8 f i ico.obj
 0001:00000f00       ?UnlockRegion@MStream@@UEAAJT_ULARGE_INTEGER@@0K@Z 0000000180001f00 f i ico.obj
 0001:00000f08       ?Stat@MStream@@UEAAJPEAUtagSTATSTG@@K@Z 0000000180001f08 f i ico.obj
 0001:00000f68       ?Clone@MStream@@UEAAJPEAPEAUIStream@@@Z 0000000180001f68 f i ico.obj
 0001:00000f70       ??_GMStream@@QEAAPEAXI@Z   0000000180001f70 f i ico.obj
 0001:00000fe4       ??0IUnknown@@QEAA@XZ       0000000180001fe4 f i ico.obj
 0001:00000fe8       ?LoadPageInfo@@YAKPEAUICONCONTEXT@@HAEAI111PEAPEB_W@Z 0000000180001fe8 f   ico.obj
 0001:0000116c       ?Decode1BPP@@YAPEAEIIPEAUtagRGBQUAD@@PEAE1AEAK@Z 000000018000216c f   ico.obj
 0001:00001280       ?Decode4BPP@@YAPEAEIIPEAUtagRGBQUAD@@PEAE1AEAK@Z 0000000180002280 f   ico.obj
 0001:000013bc       ?Decode8BPP@@YAPEAEAEAIIPEAUtagRGBQUAD@@PEAE2AEAK@Z 00000001800023bc f   ico.obj
 0001:000014e4       ?Decode24BPP@@YAPEAEAEAIIPEAE1AEAK@Z 00000001800024e4 f   ico.obj
 0001:000016e0       ?Decode32BPP@@YAPEAEAEAIIPEAE1AEAK@Z 00000001800026e0 f   ico.obj
 0001:000017ec       ?DecodeDummy@@YAPEAEIIAEAK@Z 00000001800027ec f   ico.obj
 0001:0000184c       ?Init@ICODecoder@@QEAAHPEAUCET_Init@@@Z 000000018000284c f i ico.obj
 0001:000018c0       ?Close@ICODecoder@@QEAAXXZ 00000001800028c0 f i ico.obj
 0001:00001908       ?Open@ICOImage@@QEAAH_NPEB_WPEBEKU_COORD@@@Z 0000000180002908 f i ico.obj
 0001:00001b28       ?Close@ICOImage@@QEAAXXZ   0000000180002b28 f i ico.obj
 0001:00001ba8       ?CET_Init@@YAHPEAU0@@Z     0000000180002ba8 f   ico.obj
 0001:00001c6c       ?CET_Done@@YAXPEAUCET_Init@@@Z 0000000180002c6c f   ico.obj
 0001:00001ccc       ?CET_Free@@YAXPEAUCET_LoadInfo@@@Z 0000000180002ccc f   ico.obj
 0001:00001d0c       ?CET_Cancel@@YAXPEAX@Z     0000000180002d0c f   ico.obj
 0001:00001d24       ??_GImage@Gdiplus@@UEAAPEAXI@Z 0000000180002d24 f i ico.obj
 0001:00001d24       ??_EImage@Gdiplus@@UEAAPEAXI@Z 0000000180002d24 f i ico.obj
 0001:00001d64       ??0Image@Gdiplus@@IEAA@PEAVGpImage@1@W4Status@1@@Z 0000000180002d64 f i ico.obj
 0001:00001d7c       ??_EBitmap@Gdiplus@@UEAAPEAXI@Z 0000000180002d7c f i ico.obj
 0001:00001d7c       ??_GBitmap@Gdiplus@@UEAAPEAXI@Z 0000000180002d7c f i ico.obj
 0001:00001dbc       ?Release@MStream@@UEAAKXZ  0000000180002dbc f i ico.obj
 0001:00001de8       ??0ISequentialStream@@QEAA@XZ 0000000180002de8 f i ico.obj
 0001:00001dec       ?Clone@Image@Gdiplus@@UEAAPEAV12@XZ 0000000180002dec f i ico.obj
 0001:00001e44       ??0IStream@@QEAA@XZ        0000000180002e44 f i ico.obj
 0001:00001e48       ??0MStream@@QEAA@XZ        0000000180002e48 f i ico.obj
 0001:00001e70       ?PageDecode@ICOImage@@QEAAHPEAUCET_LoadInfo@@@Z 0000000180002e70 f i ico.obj
 0001:000022a4       ?GetPageBits@ICOImage@@QEAAHPEAUCET_LoadInfo@@@Z 00000001800032a4 f i ico.obj
 0001:0000241c       ?CET_Load@@YAHPEAUCET_LoadInfo@@@Z 000000018000341c f   ico.obj
 0001:00002588       ?HeapInitialize@@YA_NXZ    0000000180003588 f   Memory.obj
 0001:000025c0       ?HeapDeinitialize@@YAXXZ   00000001800035c0 f   Memory.obj
 0001:000025e4       ?xf_malloc@@YAPEAX_K@Z     00000001800035e4 f   Memory.obj
 0001:000025f8       ?xf_calloc@@YAPEAX_K0@Z    00000001800035f8 f   Memory.obj
 0001:00002614       ?xf_realloc@@YAPEAXPEAX_K@Z 0000000180003614 f   Memory.obj
 0001:00002650       ?xf_free@@YAXPEAX@Z        0000000180003650 f   Memory.obj
 0001:00002678       ?xf_validate@@YA_NPEAX@Z   0000000180003678 f   Memory.obj
 0001:0000269c       ??2@YAPEAX_K@Z             000000018000369c f   Memory.obj
 0001:000026b0       ??_U@YAPEAX_K@Z            00000001800036b0 f   Memory.obj
 0001:000026c4       ??3@YAXPEAX@Z              00000001800036c4 f   Memory.obj
 0001:000026cc       ??_V@YAXPEAX@Z             00000001800036cc f   Memory.obj
 0001:000026d4       ??0ConEmuThreadStartArg@@QEAA@P6AKPEAX@Z0K@Z 00000001800036d4 f i WThreads.obj
 0001:000026ec       ?apiThreadHelper@@YAKPEAX@Z 00000001800036ec f   WThreads.obj
 0001:000028c0       ?apiCreateThread@@YAPEAXP6AKPEAX@Z0PEAKPEBDH@Z 00000001800038c0 f   WThreads.obj
 0001:00002a0c       ?apiTerminateThreadEx@@YAHPEAXKPEBDH@Z 0000000180003a0c f   WThreads.obj
 0001:00002b20       memmove                    0000000180003b20 f   libCRT64:memmove.obj
 0001:00002b80       memset                     0000000180003b80 f   libCRT64:memset.obj
 0001:00002bb0       strchr                     0000000180003bb0 f   libCRT64:strchr.obj
 0001:00002bd0       strrchr                    0000000180003bd0 f   libCRT64:strrchr.obj
 0001:00002bfc       HeapFree                   0000000180003bfc f   kernel32:KERNEL32.dll
 0001:00002c02       GetProcessHeap             0000000180003c02 f   kernel32:KERNEL32.dll
 0001:00002c08       HeapAlloc                  0000000180003c08 f   kernel32:KERNEL32.dll
 0001:00002c0e       HeapReAlloc                0000000180003c0e f   kernel32:KERNEL32.dll
 0001:00002c14       SystemTimeToFileTime       0000000180003c14 f   kernel32:KERNEL32.dll
 0001:00002c1a       GetLocalTime               0000000180003c1a f   kernel32:KERNEL32.dll
 0001:00002c20       HeapCreate                 0000000180003c20 f   kernel32:KERNEL32.dll
 0001:00002c26       HeapDestroy                0000000180003c26 f   kernel32:KERNEL32.dll
 0001:00002c2c       HeapValidate               0000000180003c2c f   kernel32:KERNEL32.dll
 0001:00002c32       lstrcpynA                  0000000180003c32 f   kernel32:KERNEL32.dll
 0001:00002c38       GetTickCount               0000000180003c38 f   kernel32:KERNEL32.dll
 0001:00002c3e       GetCurrentThreadId         0000000180003c3e f   kernel32:KERNEL32.dll
 0001:00002c44       SetLastError               0000000180003c44 f   kernel32:KERNEL32.dll
 0001:00002c4a       ResumeThread               0000000180003c4a f   kernel32:KERNEL32.dll
 0001:00002c50       GetLastError               0000000180003c50 f   kernel32:KERNEL32.dll
 0001:00002c56       CreateThread               0000000180003c56 f   kernel32:KERNEL32.dll
 0001:00002c5c       TerminateThread            0000000180003c5c f   kernel32:KERNEL32.dll
 0001:00002c62       wsprintfW                  0000000180003c62 f   user32:USER32.dll
 0001:00002c68       wsprintfA                  0000000180003c68 f   user32:USER32.dll
 0001:00002c6e       GdipAlloc                  0000000180003c6e f   gdiplus:gdiplus.dll
 0001:00002c74       GdipFree                   0000000180003c74 f   gdiplus:gdiplus.dll
 0001:00002c7a       GdipDisposeImage           0000000180003c7a f   gdiplus:gdiplus.dll
 0001:00002c80       GdipGetImagePixelFormat    0000000180003c80 f   gdiplus:gdiplus.dll
 0001:00002c86       GdipCreateBitmapFromStream 0000000180003c86 f   gdiplus:gdiplus.dll
 0001:00002c8c       GdipCreateBitmapFromStreamICM 0000000180003c8c f   gdiplus:gdiplus.dll
 0001:00002c92       GdipBitmapLockBits         0000000180003c92 f   gdiplus:gdiplus.dll
 0001:00002c98       GdipBitmapUnlockBits       0000000180003c98 f   gdiplus:gdiplus.dll
 0001:00002c9e       GdiplusShutdown            0000000180003c9e f   gdiplus:gdiplus.dll
 0001:00002ca4       GdiplusStartup             0000000180003ca4 f   gdiplus:gdiplus.dll
 0001:00002caa       GdipCloneImage             0000000180003caa f   gdiplus:gdiplus.dll
 0001:00002cb0       CoInitialize               0000000180003cb0 f   ole32:ole32.dll
 0001:00002cb6       CoUninitialize             0000000180003cb6 f   ole32:ole32.dll
 0001:00002f74       __IMPORT_DESCRIPTOR_KERNEL32 0000000180003f74     kernel32:KERNEL32.dll
 0001:00002f88       __IMPORT_DESCRIPTOR_USER32 0000000180003f88     user32:USER32.dll
 0001:00002f9c       __IMPORT_DESCRIPTOR_gdiplus 0000000180003f9c     gdiplus:gdiplus.dll
 0001:00002fb0       __IMPORT_DESCRIPTOR_ole32  0000000180003fb0     ole32:ole32.dll
 0001:00002fc4       __NULL_IMPORT_DESCRIPTOR   0000000180003fc4     kernel32:KERNEL32.dll
 0002:00000000       ?g_TerminatedThreadIdx@@3JA 0000000180005000     WThreads.obj
 0002:00000078       ?gnLastWin32Error@@3KA     0000000180005078     ico.obj
 0002:00000080       ?ghModule@@3PEAUHINSTANCE__@@EA 0000000180005080     ico.obj
 0002:00000088       ?AssertMsgBox@@3P6AHPEB_WI0PEAUHWND__@@_N@ZEA 0000000180005088     MAssert.obj
 0002:00000090       ?gfnHooksUnlockerProc@@3P6A_N_N@ZEA 0000000180005090     MAssert.obj
 0002:00000098       ?ghHeap@@3PEAXEA           0000000180005098     Memory.obj
 0002:000088a0       ?g_ThreadsIdx@@3JA         000000018000d8a0     WThreads.obj

 entry point at        0000:00000000

 Static symbols

