 luafar3

 Timestamp is 56453830 (Fri Nov 13 04:09:04 2015)

 Preferred load address is 0000000180000000

 Start         Length     Name                   Class
 0001:00000000 000006a8H .idata$5                CODE
 0001:000006a8 00000008H .CRT$XCA                CODE
 0001:000006b0 00000008H .CRT$XCZ                CODE
 0001:000006b8 00000008H .CRT$XIA                CODE
 0001:000006c0 00000018H .CRT$XIC                CODE
 0001:000006d8 00000008H .CRT$XIZ                CODE
 0001:000006e0 00000008H .CRT$XPA                CODE
 0001:000006e8 00000010H .CRT$XPX                CODE
 0001:000006f8 00000008H .CRT$XPXA               CODE
 0001:00000700 00000008H .CRT$XPZ                CODE
 0001:00000708 00000008H .CRT$XTA                CODE
 0001:00000710 00000008H .CRT$XTZ                CODE
 0001:00000720 00012618H .rdata                  CODE
 0001:00012d38 00000008H .rtc$IAA                CODE
 0001:00012d40 00000008H .rtc$IZZ                CODE
 0001:00012d48 00000008H .rtc$TAA                CODE
 0001:00012d50 00000008H .rtc$TZZ                CODE
 0001:00012d60 000378deH .text                   CODE
 0001:0004a640 00000455H .text$x                 CODE
 0001:0004aa98 00003188H .xdata                  CODE
 0001:0004dc20 00000064H .idata$2                CODE
 0001:0004dc84 00000014H .idata$3                CODE
 0001:0004dc98 000006a8H .idata$4                CODE
 0001:0004e340 00000e70H .idata$6                CODE
 0001:0004f1b0 00000482H .edata                  CODE
 0002:00000000 0000a34cH .data                   DATA
 0002:0000a360 00002324H .bss                    DATA
 0003:00000000 00003300H .pdata                  DATA
 0004:00000000 00000058H .rsrc$01                DATA
 0004:00000060 00000358H .rsrc$02                DATA

  Address         Publics by Value              Rva+Base               Lib:Object

 0000:00000000       ___safe_se_handler_count   0000000000000000     <absolute>
 0000:00000000       ___safe_se_handler_table   0000000000000000     <absolute>
 0000:00000000       __ImageBase                0000000180000000     <linker-defined>
 0001:00000000       __imp_RegEnumKeyExW        0000000180001000     advapi32:ADVAPI32.dll
 0001:00000008       __imp_RegQueryValueExW     0000000180001008     advapi32:ADVAPI32.dll
 0001:00000010       __imp_RegSetValueExW       0000000180001010     advapi32:ADVAPI32.dll
 0001:00000018       __imp_RegCloseKey          0000000180001018     advapi32:ADVAPI32.dll
 0001:00000020       __imp_RegOpenKeyExW        0000000180001020     advapi32:ADVAPI32.dll
 0001:00000028       __imp_RegCreateKeyExW      0000000180001028     advapi32:ADVAPI32.dll
 0001:00000030       __imp_RegDeleteKeyW        0000000180001030     advapi32:ADVAPI32.dll
 0001:00000038       __imp_RegEnumValueW        0000000180001038     advapi32:ADVAPI32.dll
 0001:00000040       \177ADVAPI32_NULL_THUNK_DATA 0000000180001040     advapi32:ADVAPI32.dll
 0001:00000048       __imp_GetEnvironmentVariableW 0000000180001048     kernel32:KERNEL32.dll
 0001:00000050       __imp_GetModuleFileNameW   0000000180001050     kernel32:KERNEL32.dll
 0001:00000058       __imp_FreeLibrary          0000000180001058     kernel32:KERNEL32.dll
 0001:00000060       __imp_LoadLibraryW         0000000180001060     kernel32:KERNEL32.dll
 0001:00000068       __imp_MultiByteToWideChar  0000000180001068     kernel32:KERNEL32.dll
 0001:00000070       __imp_WideCharToMultiByte  0000000180001070     kernel32:KERNEL32.dll
 0001:00000078       __imp_GetACP               0000000180001078     kernel32:KERNEL32.dll
 0001:00000080       __imp_GetOEMCP             0000000180001080     kernel32:KERNEL32.dll
 0001:00000088       __imp_GetDriveTypeW        0000000180001088     kernel32:KERNEL32.dll
 0001:00000090       __imp_SearchPathW          0000000180001090     kernel32:KERNEL32.dll
 0001:00000098       __imp_OutputDebugStringW   0000000180001098     kernel32:KERNEL32.dll
 0001:000000a0       __imp_FormatMessageW       00000001800010a0     kernel32:KERNEL32.dll
 0001:000000a8       __imp_GetLastError         00000001800010a8     kernel32:KERNEL32.dll
 0001:000000b0       __imp_EnumSystemCodePagesW 00000001800010b0     kernel32:KERNEL32.dll
 0001:000000b8       __imp_GetCPInfoExW         00000001800010b8     kernel32:KERNEL32.dll
 0001:000000c0       __imp_GetLogicalDriveStringsW 00000001800010c0     kernel32:KERNEL32.dll
 0001:000000c8       __imp_GlobalMemoryStatusEx 00000001800010c8     kernel32:KERNEL32.dll
 0001:000000d0       __imp_GetFileAttributesW   00000001800010d0     kernel32:KERNEL32.dll
 0001:000000d8       __imp_GetCurrentDirectoryW 00000001800010d8     kernel32:KERNEL32.dll
 0001:000000e0       __imp_SetCurrentDirectoryW 00000001800010e0     kernel32:KERNEL32.dll
 0001:000000e8       __imp_SetEnvironmentVariableW 00000001800010e8     kernel32:KERNEL32.dll
 0001:000000f0       __imp_ReadConsoleInputW    00000001800010f0     kernel32:KERNEL32.dll
 0001:000000f8       __imp_PeekConsoleInputW    00000001800010f8     kernel32:KERNEL32.dll
 0001:00000100       __imp_FindClose            0000000180001100     kernel32:KERNEL32.dll
 0001:00000108       __imp_FindFirstFileW       0000000180001108     kernel32:KERNEL32.dll
 0001:00000110       __imp_FileTimeToSystemTime 0000000180001110     kernel32:KERNEL32.dll
 0001:00000118       __imp_SystemTimeToFileTime 0000000180001118     kernel32:KERNEL32.dll
 0001:00000120       __imp_FileTimeToLocalFileTime 0000000180001120     kernel32:KERNEL32.dll
 0001:00000128       __imp_CompareStringW       0000000180001128     kernel32:KERNEL32.dll
 0001:00000130       __imp_CopyFileW            0000000180001130     kernel32:KERNEL32.dll
 0001:00000138       __imp_MoveFileExW          0000000180001138     kernel32:KERNEL32.dll
 0001:00000140       __imp_DeleteFileW          0000000180001140     kernel32:KERNEL32.dll
 0001:00000148       __imp_RemoveDirectoryW     0000000180001148     kernel32:KERNEL32.dll
 0001:00000150       __imp_CreateDirectoryW     0000000180001150     kernel32:KERNEL32.dll
 0001:00000158       __imp_SwitchToThread       0000000180001158     kernel32:KERNEL32.dll
 0001:00000160       __imp_CreateThread         0000000180001160     kernel32:KERNEL32.dll
 0001:00000168       __imp_GetSystemTimeAsFileTime 0000000180001168     kernel32:KERNEL32.dll
 0001:00000170       __imp_Sleep                0000000180001170     kernel32:KERNEL32.dll
 0001:00000178       __imp_GetStdHandle         0000000180001178     kernel32:KERNEL32.dll
 0001:00000180       __imp_GetConsoleScreenBufferInfo 0000000180001180     kernel32:KERNEL32.dll
 0001:00000188       __imp_GetModuleHandleA     0000000180001188     kernel32:KERNEL32.dll
 0001:00000190       __imp_SetFileAttributesW   0000000180001190     kernel32:KERNEL32.dll
 0001:00000198       __imp_GetProcAddress       0000000180001198     kernel32:KERNEL32.dll
 0001:000001a0       __imp_HeapSize             00000001800011a0     kernel32:KERNEL32.dll
 0001:000001a8       __imp_WriteConsoleW        00000001800011a8     kernel32:KERNEL32.dll
 0001:000001b0       __imp_GetProcessHeap       00000001800011b0     kernel32:KERNEL32.dll
 0001:000001b8       __imp_SetEndOfFile         00000001800011b8     kernel32:KERNEL32.dll
 0001:000001c0       __imp_LCMapStringW         00000001800011c0     kernel32:KERNEL32.dll
 0001:000001c8       __imp_HeapReAlloc          00000001800011c8     kernel32:KERNEL32.dll
 0001:000001d0       __imp_CreateFileW          00000001800011d0     kernel32:KERNEL32.dll
 0001:000001d8       __imp_SetStdHandle         00000001800011d8     kernel32:KERNEL32.dll
 0001:000001e0       __imp_GetTickCount         00000001800011e0     kernel32:KERNEL32.dll
 0001:000001e8       __imp_QueryPerformanceCounter 00000001800011e8     kernel32:KERNEL32.dll
 0001:000001f0       __imp_GetModuleFileNameA   00000001800011f0     kernel32:KERNEL32.dll
 0001:000001f8       __imp_GetEnvironmentStringsW 00000001800011f8     kernel32:KERNEL32.dll
 0001:00000200       __imp_FreeEnvironmentStringsW 0000000180001200     kernel32:KERNEL32.dll
 0001:00000208       __imp_FlushFileBuffers     0000000180001208     kernel32:KERNEL32.dll
 0001:00000210       __imp_GetConsoleMode       0000000180001210     kernel32:KERNEL32.dll
 0001:00000218       __imp_GetConsoleCP         0000000180001218     kernel32:KERNEL32.dll
 0001:00000220       __imp_CreateFileA          0000000180001220     kernel32:KERNEL32.dll
 0001:00000228       __imp_GetCurrentProcessId  0000000180001228     kernel32:KERNEL32.dll
 0001:00000230       __imp_WaitForSingleObject  0000000180001230     kernel32:KERNEL32.dll
 0001:00000238       __imp_GetExitCodeProcess   0000000180001238     kernel32:KERNEL32.dll
 0001:00000240       __imp_CreatePipe           0000000180001240     kernel32:KERNEL32.dll
 0001:00000248       __imp_IsValidCodePage      0000000180001248     kernel32:KERNEL32.dll
 0001:00000250       __imp_GetCPInfo            0000000180001250     kernel32:KERNEL32.dll
 0001:00000258       __imp_DeleteCriticalSection 0000000180001258     kernel32:KERNEL32.dll
 0001:00000260       __imp_GetStartupInfoW      0000000180001260     kernel32:KERNEL32.dll
 0001:00000268       __imp_GetFileType          0000000180001268     kernel32:KERNEL32.dll
 0001:00000270       __imp_SetHandleCount       0000000180001270     kernel32:KERNEL32.dll
 0001:00000278       __imp_SetFilePointer       0000000180001278     kernel32:KERNEL32.dll
 0001:00000280       __imp_FlsAlloc             0000000180001280     kernel32:KERNEL32.dll
 0001:00000288       __imp_SetLastError         0000000180001288     kernel32:KERNEL32.dll
 0001:00000290       __imp_FlsFree              0000000180001290     kernel32:KERNEL32.dll
 0001:00000298       __imp_FlsGetValue          0000000180001298     kernel32:KERNEL32.dll
 0001:000002a0       __imp_ReadFile             00000001800012a0     kernel32:KERNEL32.dll
 0001:000002a8       __imp_InitializeCriticalSectionAndSpinCount 00000001800012a8     kernel32:KERNEL32.dll
 0001:000002b0       __imp_WriteFile            00000001800012b0     kernel32:KERNEL32.dll
 0001:000002b8       __imp_ExitProcess          00000001800012b8     kernel32:KERNEL32.dll
 0001:000002c0       __imp_GetModuleHandleW     00000001800012c0     kernel32:KERNEL32.dll
 0001:000002c8       __imp_HeapDestroy          00000001800012c8     kernel32:KERNEL32.dll
 0001:000002d0       __imp_HeapCreate           00000001800012d0     kernel32:KERNEL32.dll
 0001:000002d8       __imp_GetVersion           00000001800012d8     kernel32:KERNEL32.dll
 0001:000002e0       __imp_HeapSetInformation   00000001800012e0     kernel32:KERNEL32.dll
 0001:000002e8       __imp_RtlUnwindEx          00000001800012e8     kernel32:KERNEL32.dll
 0001:000002f0       __imp_TerminateProcess     00000001800012f0     kernel32:KERNEL32.dll
 0001:000002f8       __imp_RtlCaptureContext    00000001800012f8     kernel32:KERNEL32.dll
 0001:00000300       __imp_RtlLookupFunctionEntry 0000000180001300     kernel32:KERNEL32.dll
 0001:00000308       __imp_RtlVirtualUnwind     0000000180001308     kernel32:KERNEL32.dll
 0001:00000310       __imp_IsDebuggerPresent    0000000180001310     kernel32:KERNEL32.dll
 0001:00000318       __imp_SetUnhandledExceptionFilter 0000000180001318     kernel32:KERNEL32.dll
 0001:00000320       __imp_UnhandledExceptionFilter 0000000180001320     kernel32:KERNEL32.dll
 0001:00000328       __imp_DecodePointer        0000000180001328     kernel32:KERNEL32.dll
 0001:00000330       __imp_EncodePointer        0000000180001330     kernel32:KERNEL32.dll
 0001:00000338       __imp_GetCommandLineA      0000000180001338     kernel32:KERNEL32.dll
 0001:00000340       __imp_FlsSetValue          0000000180001340     kernel32:KERNEL32.dll
 0001:00000348       __imp_GetCurrentThreadId   0000000180001348     kernel32:KERNEL32.dll
 0001:00000350       __imp_CreateProcessW       0000000180001350     kernel32:KERNEL32.dll
 0001:00000358       __imp_GetCurrentProcess    0000000180001358     kernel32:KERNEL32.dll
 0001:00000360       __imp_DuplicateHandle      0000000180001360     kernel32:KERNEL32.dll
 0001:00000368       __imp_CloseHandle          0000000180001368     kernel32:KERNEL32.dll
 0001:00000370       __imp_GetStringTypeW       0000000180001370     kernel32:KERNEL32.dll
 0001:00000378       __imp_LeaveCriticalSection 0000000180001378     kernel32:KERNEL32.dll
 0001:00000380       __imp_EnterCriticalSection 0000000180001380     kernel32:KERNEL32.dll
 0001:00000388       __imp_HeapAlloc            0000000180001388     kernel32:KERNEL32.dll
 0001:00000390       __imp_HeapFree             0000000180001390     kernel32:KERNEL32.dll
 0001:00000398       \177KERNEL32_NULL_THUNK_DATA 0000000180001398     kernel32:KERNEL32.dll
 0001:000003a0       __imp_UuidCreate           00000001800013a0     rpcrt4:RPCRT4.dll
 0001:000003a8       __imp_RpcStringFreeA       00000001800013a8     rpcrt4:RPCRT4.dll
 0001:000003b0       __imp_UuidToStringA        00000001800013b0     rpcrt4:RPCRT4.dll
 0001:000003b8       __imp_UuidFromStringA      00000001800013b8     rpcrt4:RPCRT4.dll
 0001:000003c0       \177RPCRT4_NULL_THUNK_DATA 00000001800013c0     rpcrt4:RPCRT4.dll
 0001:000003c8       __imp_ShellExecuteW        00000001800013c8     shell32:SHELL32.dll
 0001:000003d0       __imp_SHGetFolderPathW     00000001800013d0     shell32:SHELL32.dll
 0001:000003d8       \177SHELL32_NULL_THUNK_DATA 00000001800013d8     shell32:SHELL32.dll
 0001:000003e0       __imp_luaL_checkstack      00000001800013e0     lua51:lua51.dll
 0001:000003e8       __imp_lua_dump             00000001800013e8     lua51:lua51.dll
 0001:000003f0       __imp_lua_typename         00000001800013f0     lua51:lua51.dll
 0001:000003f8       __imp_lua_tocfunction      00000001800013f8     lua51:lua51.dll
 0001:00000400       __imp_luaL_checkoption     0000000180001400     lua51:lua51.dll
 0001:00000408       __imp_luaL_gsub            0000000180001408     lua51:lua51.dll
 0001:00000410       __imp_lua_iscfunction      0000000180001410     lua51:lua51.dll
 0001:00000418       __imp_luaL_findtable       0000000180001418     lua51:lua51.dll
 0001:00000420       __imp_lua_isuserdata       0000000180001420     lua51:lua51.dll
 0001:00000428       __imp_luaL_prepbuffer      0000000180001428     lua51:lua51.dll
 0001:00000430       __imp_lua_setallocf        0000000180001430     lua51:lua51.dll
 0001:00000438       __imp_luaL_checknumber     0000000180001438     lua51:lua51.dll
 0001:00000440       __imp_lua_getfenv          0000000180001440     lua51:lua51.dll
 0001:00000448       __imp_lua_setfenv          0000000180001448     lua51:lua51.dll
 0001:00000450       __imp_luaL_optnumber       0000000180001450     lua51:lua51.dll
 0001:00000458       __imp_lua_rawset           0000000180001458     lua51:lua51.dll
 0001:00000460       __imp_lua_getallocf        0000000180001460     lua51:lua51.dll
 0001:00000468       __imp_lua_next             0000000180001468     lua51:lua51.dll
 0001:00000470       __imp_luaL_typerror        0000000180001470     lua51:lua51.dll
 0001:00000478       __imp_luaopen_base         0000000180001478     lua51:lua51.dll
 0001:00000480       __imp_luaopen_table        0000000180001480     lua51:lua51.dll
 0001:00000488       __imp_luaopen_os           0000000180001488     lua51:lua51.dll
 0001:00000490       __imp_luaopen_string       0000000180001490     lua51:lua51.dll
 0001:00000498       __imp_luaopen_math         0000000180001498     lua51:lua51.dll
 0001:000004a0       __imp_luaopen_debug        00000001800014a0     lua51:lua51.dll
 0001:000004a8       __imp_luaL_checktype       00000001800014a8     lua51:lua51.dll
 0001:000004b0       __imp_lua_getstack         00000001800014b0     lua51:lua51.dll
 0001:000004b8       __imp_lua_getinfo          00000001800014b8     lua51:lua51.dll
 0001:000004c0       __imp_luaL_optinteger      00000001800014c0     lua51:lua51.dll
 0001:000004c8       __imp_lua_checkstack       00000001800014c8     lua51:lua51.dll
 0001:000004d0       __imp_luaL_error           00000001800014d0     lua51:lua51.dll
 0001:000004d8       __imp_luaL_checklstring    00000001800014d8     lua51:lua51.dll
 0001:000004e0       __imp_luaL_optlstring      00000001800014e0     lua51:lua51.dll
 0001:000004e8       __imp_lua_replace          00000001800014e8     lua51:lua51.dll
 0001:000004f0       __imp_luaL_checkudata      00000001800014f0     lua51:lua51.dll
 0001:000004f8       __imp_luaL_buffinit        00000001800014f8     lua51:lua51.dll
 0001:00000500       __imp_luaL_addlstring      0000000180001500     lua51:lua51.dll
 0001:00000508       __imp_luaL_pushresult      0000000180001508     lua51:lua51.dll
 0001:00000510       __imp_lua_settable         0000000180001510     lua51:lua51.dll
 0001:00000518       __imp_lua_concat           0000000180001518     lua51:lua51.dll
 0001:00000520       __imp_lua_load             0000000180001520     lua51:lua51.dll
 0001:00000528       __imp_lua_pushfstring      0000000180001528     lua51:lua51.dll
 0001:00000530       __imp_luaL_loadstring      0000000180001530     lua51:lua51.dll
 0001:00000538       __imp_lua_pushlstring      0000000180001538     lua51:lua51.dll
 0001:00000540       __imp_lua_pushlightuserdata 0000000180001540     lua51:lua51.dll
 0001:00000548       __imp_lua_isnumber         0000000180001548     lua51:lua51.dll
 0001:00000550       __imp_lua_tointeger        0000000180001550     lua51:lua51.dll
 0001:00000558       __imp_lua_toboolean        0000000180001558     lua51:lua51.dll
 0001:00000560       __imp_luaL_ref             0000000180001560     lua51:lua51.dll
 0001:00000568       __imp_luaL_unref           0000000180001568     lua51:lua51.dll
 0001:00000570       __imp_lua_gettable         0000000180001570     lua51:lua51.dll
 0001:00000578       __imp_lua_isstring         0000000180001578     lua51:lua51.dll
 0001:00000580       __imp_lua_objlen           0000000180001580     lua51:lua51.dll
 0001:00000588       __imp_lua_rawseti          0000000180001588     lua51:lua51.dll
 0001:00000590       __imp_lua_createtable      0000000180001590     lua51:lua51.dll
 0001:00000598       __imp_lua_setfield         0000000180001598     lua51:lua51.dll
 0001:000005a0       __imp_lua_rawgeti          00000001800015a0     lua51:lua51.dll
 0001:000005a8       __imp_lua_pushcclosure     00000001800015a8     lua51:lua51.dll
 0001:000005b0       __imp_lua_insert           00000001800015b0     lua51:lua51.dll
 0001:000005b8       __imp_lua_pcall            00000001800015b8     lua51:lua51.dll
 0001:000005c0       __imp_lua_remove           00000001800015c0     lua51:lua51.dll
 0001:000005c8       __imp_lua_gc               00000001800015c8     lua51:lua51.dll
 0001:000005d0       __imp_lua_pushvalue        00000001800015d0     lua51:lua51.dll
 0001:000005d8       __imp_lua_pushinteger      00000001800015d8     lua51:lua51.dll
 0001:000005e0       __imp_lua_call             00000001800015e0     lua51:lua51.dll
 0001:000005e8       __imp_luaL_newmetatable    00000001800015e8     lua51:lua51.dll
 0001:000005f0       __imp_luaL_register        00000001800015f0     lua51:lua51.dll
 0001:000005f8       __imp_lua_pushboolean      00000001800015f8     lua51:lua51.dll
 0001:00000600       __imp_lua_pushstring       0000000180001600     lua51:lua51.dll
 0001:00000608       __imp_lua_tolstring        0000000180001608     lua51:lua51.dll
 0001:00000610       __imp_lua_pushnil          0000000180001610     lua51:lua51.dll
 0001:00000618       __imp_luaL_checkinteger    0000000180001618     lua51:lua51.dll
 0001:00000620       __imp_lua_gettop           0000000180001620     lua51:lua51.dll
 0001:00000628       __imp_lua_tonumber         0000000180001628     lua51:lua51.dll
 0001:00000630       __imp_luaL_argerror        0000000180001630     lua51:lua51.dll
 0001:00000638       __imp_lua_type             0000000180001638     lua51:lua51.dll
 0001:00000640       __imp_lua_getmetatable     0000000180001640     lua51:lua51.dll
 0001:00000648       __imp_lua_rawequal         0000000180001648     lua51:lua51.dll
 0001:00000650       __imp_lua_settop           0000000180001650     lua51:lua51.dll
 0001:00000658       __imp_lua_touserdata       0000000180001658     lua51:lua51.dll
 0001:00000660       __imp_lua_pushnumber       0000000180001660     lua51:lua51.dll
 0001:00000668       __imp_lua_newuserdata      0000000180001668     lua51:lua51.dll
 0001:00000670       __imp_lua_getfield         0000000180001670     lua51:lua51.dll
 0001:00000678       __imp_lua_setmetatable     0000000180001678     lua51:lua51.dll
 0001:00000680       __imp_luaL_checkany        0000000180001680     lua51:lua51.dll
 0001:00000688       __imp_lua_error            0000000180001688     lua51:lua51.dll
 0001:00000690       __imp_lua_rawget           0000000180001690     lua51:lua51.dll
 0001:00000698       __imp_luaL_addvalue        0000000180001698     lua51:lua51.dll
 0001:000006a0       \177lua51_NULL_THUNK_DATA  00000001800016a0     lua51:lua51.dll
 0001:000006a8       __xc_a                     00000001800016a8     LIBCMT:crt0init.obj
 0001:000006b0       __xc_z                     00000001800016b0     LIBCMT:crt0init.obj
 0001:000006b8       __xi_a                     00000001800016b8     LIBCMT:crt0init.obj
 0001:000006d8       __xi_z                     00000001800016d8     LIBCMT:crt0init.obj
 0001:000006e0       __xp_a                     00000001800016e0     LIBCMT:crt0init.obj
 0001:00000700       __xp_z                     0000000180001700     LIBCMT:crt0init.obj
 0001:00000708       __xt_a                     0000000180001708     LIBCMT:crt0init.obj
 0001:00000710       __xt_z                     0000000180001710     LIBCMT:crt0init.obj
 0001:00000720       ??_C@_0L@HDFPAPPH@__tostring?$AA@ 0000000180001720     bit64.obj
 0001:0000072c       ??_C@_04EJLHOCKK@__le?$AA@ 000000018000172c     bit64.obj
 0001:00000734       ??_C@_04BKGOMBLK@__lt?$AA@ 0000000180001734     bit64.obj
 0001:0000073c       ??_C@_04GIMIAOHA@__eq?$AA@ 000000018000173c     bit64.obj
 0001:00000744       ??_C@_05MHFNBPAK@__unm?$AA@ 0000000180001744     bit64.obj
 0001:0000074c       ??_C@_05ICPALBAE@__mod?$AA@ 000000018000174c     bit64.obj
 0001:00000754       ??_C@_05IDIBPCOP@__div?$AA@ 0000000180001754     bit64.obj
 0001:0000075c       ??_C@_05FLJIBNKK@__mul?$AA@ 000000018000175c     bit64.obj
 0001:00000764       ??_C@_05HFNNBAII@__sub?$AA@ 0000000180001764     bit64.obj
 0001:0000076c       ??_C@_05MEHDOBFN@__add?$AA@ 000000018000176c     bit64.obj
 0001:00000774       ??_C@_04GPMDFGEJ@type?$AA@ 0000000180001774     bit64.obj
 0001:0000077c       ??_C@_02FJPJILEL@le?$AA@   000000018000177c     bit64.obj
 0001:00000780       ??_C@_02KCAKIFL@lt?$AA@    0000000180001780     bit64.obj
 0001:00000784       ??_C@_02HIIGGHJB@eq?$AA@   0000000180001784     bit64.obj
 0001:00000788       ??_C@_03FFONCNID@mod?$AA@  0000000180001788     bit64.obj
 0001:0000078c       ??_C@_03FEJMGOGI@div?$AA@  000000018000178c     bit64.obj
 0001:00000790       ??_C@_03IMIFIBCN@mul?$AA@  0000000180001790     bit64.obj
 0001:00000794       ??_C@_03KCMAIMAP@sub?$AA@  0000000180001794     bit64.obj
 0001:00000798       ??_C@_03BDGOHNNK@add?$AA@  0000000180001798     bit64.obj
 0001:0000079c       ??_C@_03CLCAEGCJ@new?$AA@  000000018000179c     bit64.obj
 0001:000007a0       ??_C@_07JILILBLL@arshift?$AA@ 00000001800017a0     bit64.obj
 0001:000007a8       ??_C@_06HMLHBBIJ@rshift?$AA@ 00000001800017a8     bit64.obj
 0001:000007b0       ??_C@_06ELFGPGBK@lshift?$AA@ 00000001800017b0     bit64.obj
 0001:000007b8       ??_C@_04CKCGDDNF@bxor?$AA@ 00000001800017b8     bit64.obj
 0001:000007c0       ??_C@_03BBBGIIAC@bor?$AA@  00000001800017c0     bit64.obj
 0001:000007c4       ??_C@_04BKGNPECA@band?$AA@ 00000001800017c4     bit64.obj
 0001:000007cc       ??_C@_04JAOJMBA@bnot?$AA@  00000001800017cc     bit64.obj
 0001:000007e0       metatable_name             00000001800017e0     bit64.obj
 0001:000009c0       ??_C@_09GPALILFO@bad?5int64?$AA@ 00000001800019c0     bit64.obj
 0001:000009d0       __mask@@NegDouble@         00000001800019d0     bit64.obj
 0001:000009e0       __real@433fffffffffffff    00000001800019e0     bit64.obj
 0001:000009e8       ??_C@_05LLAMLEHD@?$CFI64d?$AA@ 00000001800019e8     bit64.obj
 0001:000009f0       ??_C@_05OALCLICP@bit64?$AA@ 00000001800019f0     bit64.obj
 0001:00001228       COLLECTOR_FD               0000000180002228     exported.obj
 0001:00001240       COLLECTOR_OPI              0000000180002240     exported.obj
 0001:00001258       COLLECTOR_PI               0000000180002258     exported.obj
 0001:00001270       KEY_OBJECT                 0000000180002270     exported.obj
 0001:00001278       ??_C@_09GPFEECNC@traceback?$AA@ 0000000180002278     exported.obj
 0001:00001284       ??_C@_05GFCDIDHO@debug?$AA@ 0000000180002284     exported.obj
 0001:0000128c       ??_C@_06NKNNMLDJ@export?$AA@ 000000018000228c     exported.obj
 0001:00001298       ??_C@_07PCNKBAGB@OnError?$AA@ 0000000180002298     exported.obj
 0001:000012a0       ??_C@_08JNHPECBG@UserData?$AA@ 00000001800022a0     exported.obj
 0001:000012ac       ??_C@_11LOCGONAA@?$AA?$AA@ 00000001800022ac     exported.obj
 0001:000012ac       ??_C@_01LOCGONAA@?$AA?$AA@ 00000001800022ac     service.obj
 0001:000012b0       ??_C@_0BB@OKGMKOG@CustomColumnData?$AA@ 00000001800022b0     exported.obj
 0001:000012c4       ??_C@_05HDCNEILF@Owner?$AA@ 00000001800022c4     exported.obj
 0001:000012d0       ??_C@_0M@OHKMKKDH@Description?$AA@ 00000001800022d0     exported.obj
 0001:000012e0       ??_C@_0BC@COCBGKAE@AlternateFileName?$AA@ 00000001800022e0     exported.obj
 0001:000012f8       ??_C@_08FDCJCDOL@FileName?$AA@ 00000001800022f8     exported.obj
 0001:00001304       ??_C@_05MHNOECFO@CRC32?$AA@ 0000000180002304     exported.obj
 0001:00001310       ??_C@_0O@DLGJHFNH@NumberOfLinks?$AA@ 0000000180002310     exported.obj
 0001:00001320       ??_C@_05BOOEKJH@Flags?$AA@ 0000000180002320     exported.obj
 0001:00001328       ??_C@_0P@JBACEJLL@AllocationSize?$AA@ 0000000180002328     exported.obj
 0001:00001338       ??_C@_08BHIEONMC@FileSize?$AA@ 0000000180002338     exported.obj
 0001:00001348       ??_C@_0L@FCILKIIG@ChangeTime?$AA@ 0000000180002348     exported.obj
 0001:00001358       ??_C@_0O@FCFNCAHK@LastWriteTime?$AA@ 0000000180002358     exported.obj
 0001:00001368       ??_C@_0P@MFHPCDDH@LastAccessTime?$AA@ 0000000180002368     exported.obj
 0001:00001378       ??_C@_0N@NJMIGDDL@CreationTime?$AA@ 0000000180002378     exported.obj
 0001:00001388       ??_C@_0M@DFMHDHBL@GetFindData?$AA@ 0000000180002388     exported.obj
 0001:00001398       ??_C@_08CJLOJPNI@selected?$AA@ 0000000180002398     exported.obj
 0001:000013a8       ??_C@_0BC@IECOKJFL@GetFiles?4DestPath?$AA@ 00000001800023a8     exported.obj
 0001:000013c0       ??_C@_08FFPEEIHA@GetFiles?$AA@ 00000001800023c0     exported.obj
 0001:000013d0       ??_C@_1DC@PABHCCON@?$AAD?$AAe?$AAf?$AAa?$AAu?$AAl?$AAt?$AA?5?$AAs?$AAc?$AAr?$AAi?$AAp?$AAt?$AA?5?$AAn?$AAo?$AAt?$AA?5?$AAf?$AAo?$AAu?$AAn?$AAd?$AA?$AA@ 00000001800023d0     exported.obj
 0001:00001404       ??_C@_13BPINEIPE@?$AAr?$AA?$AA@ 0000000180002404     exported.obj
 0001:00001408       ??_C@_19BCNABNAK@?$AA?4?$AAl?$AAu?$AAa?$AA?$AA@ 0000000180002408     exported.obj
 0001:00001414       ??_C@_05LFOKGKBN@?$DMboot?$AA@ 0000000180002414     exported.obj
 0001:00001420       ??_C@_07GCEAJMEA@preload?$AA@ 0000000180002420     exported.obj
 0001:00001428       ??_C@_07KNEGBPNO@package?$AA@ 0000000180002428     exported.obj
 0001:00001430       ??_C@_15CBMDENPJ@?$AA?4?$AA?9?$AA?$AA@ 0000000180002430     exported.obj
 0001:00001438       ??_C@_0BE@HCPAIELH@ReloadDefaultScript?$AA@ 0000000180002438     exported.obj
 0001:0000144c       ??_C@_03JEOKDCFP@far?$AA@  000000018000244c     exported.obj
 0001:00001450       ??_C@_06EPIAKPGD@OpMode?$AA@ 0000000180002450     exported.obj
 0001:00001458       ??_C@_06LBMCOACO@Buffer?$AA@ 0000000180002458     exported.obj
 0001:00001460       ??_C@_0L@OCPPMCCK@StructSize?$AA@ 0000000180002460     exported.obj
 0001:00001470       ??_C@_07GDADDFBD@Analyse?$AA@ 0000000180002470     exported.obj
 0001:00001478       ??_C@_0N@IHDKLODA@ShortcutData?$AA@ 0000000180002478     exported.obj
 0001:00001488       ??_C@_08DGDJEKCP@LongText?$AA@ 0000000180002488     exported.obj
 0001:00001498       ??_C@_0BA@MFFHAKP@ControlKeyState?$AA@ 0000000180002498     exported.obj
 0001:000014a8       ??_C@_0P@PKDBPEJI@VirtualKeyCode?$AA@ 00000001800024a8     exported.obj
 0001:000014b8       ??_C@_06ONGFDHIA@KeyBar?$AA@ 00000001800024b8     exported.obj
 0001:000014c0       ??_C@_0P@KMACBLNK@StartSortOrder?$AA@ 00000001800024c0     exported.obj
 0001:000014d0       ??_C@_0O@NIFKFGBJ@StartSortMode?$AA@ 00000001800024d0     exported.obj
 0001:000014e0       ??_C@_0P@BEEDPJDK@StartPanelMode?$AA@ 00000001800024e0     exported.obj
 0001:000014f0       ??_C@_0N@EHCEJHEE@ColumnTitles?$AA@ 00000001800024f0     exported.obj
 0001:00001500       ??_C@_0BD@DNDIPKDK@StatusColumnWidths?$AA@ 0000000180002500     exported.obj
 0001:00001518       ??_C@_0BC@KELOOKNK@StatusColumnTypes?$AA@ 0000000180002518     exported.obj
 0001:00001530       ??_C@_0N@ILFJPGHI@ColumnWidths?$AA@ 0000000180002530     exported.obj
 0001:00001540       ??_C@_0M@KDJPJFOF@ColumnTypes?$AA@ 0000000180002540     exported.obj
 0001:00001550       ??_C@_0BB@LFNABPEF@PanelModesNumber?$AA@ 0000000180002550     exported.obj
 0001:00001568       ??_C@_0BA@BBOGKOKF@PanelModesArray?$AA@ 0000000180002568     exported.obj
 0001:00001578       ??_C@_0L@FPEHOFAI@DescrFiles?$AA@ 0000000180002578     exported.obj
 0001:00001584       ??_C@_04DICKPMGH@Data?$AA@ 0000000180002584     exported.obj
 0001:0000158c       ??_C@_04OJAHODMC@Text?$AA@ 000000018000258c     exported.obj
 0001:00001598       ??_C@_0BA@BLCGOCOG@InfoLinesNumber?$AA@ 0000000180002598     exported.obj
 0001:000015a8       ??_C@_09PMEOAIAA@InfoLines?$AA@ 00000001800025a8     exported.obj
 0001:000015b8       ??_C@_0L@CMHIOLLB@PanelTitle?$AA@ 00000001800025b8     exported.obj
 0001:000015c4       ??_C@_06PEPCFMNJ@Format?$AA@ 00000001800025c4     exported.obj
 0001:000015cc       ??_C@_06IBPEEEAJ@CurDir?$AA@ 00000001800025cc     exported.obj
 0001:000015d8       ??_C@_08PAJOMFPO@HostFile?$AA@ 00000001800025d8     exported.obj
 0001:000015e8       __real@43e0000000000000    00000001800025e8     exported.obj
 0001:000015f0       ??_C@_08KDMNIFGM@FreeSize?$AA@ 00000001800025f0     exported.obj
 0001:00001600       ??_C@_1EO@OOOCECGK@?$AAG?$AAe?$AAt?$AAO?$AAp?$AAe?$AAn?$AAP?$AAa?$AAn?$AAe?$AAl?$AAI?$AAn?$AAf?$AAo?$AA?5?$AAs?$AAh?$AAo?$AAu?$AAl?$AAd?$AA?5?$AAr?$AAe?$AAt?$AAu?$AAr?$AAn?$AA?5?$AAa@ 0000000180002600     exported.obj
 0001:00001650       ??_C@_05ELNJBDOO@reuse?$AA@ 0000000180002650     exported.obj
 0001:00001658       ??_C@_0BB@CKIGBGLB@GetOpenPanelInfo?$AA@ 0000000180002658     exported.obj
 0001:0000166c       ??_C@_05HIFJDKLD@array?$AA@ 000000018000266c     exported.obj
 0001:00001674       ??_C@_01EFFIKLCJ@n?$AA@    0000000180002674     exported.obj
 0001:00001676       ??_C@_00CNPNBAHC@?$AA@     0000000180002676     exported.obj
 0001:00001678       __real@bff0000000000000    0000000180002678     exported.obj
 0001:00001680       ??_C@_05LNOAKADA@panel?$AA@ 0000000180002680     exported.obj
 0001:00001688       ??_C@_06BNNOMDLO@Handle?$AA@ 0000000180002688     exported.obj
 0001:00001690       ??_C@_04OPJIDECA@hDlg?$AA@ 0000000180002690     exported.obj
 0001:00001698       ??_C@_04DNCDCIAE@Open?$AA@ 0000000180002698     exported.obj
 0001:000016a0       ??_C@_0L@JMPDJFBN@ClosePanel?$AA@ 00000001800026a0     exported.obj
 0001:000016b0       ??_C@_07MBOMJGGF@Compare?$AA@ 00000001800026b0     exported.obj
 0001:000016b8       ??_C@_09NANCCILE@Configure?$AA@ 00000001800026b8     exported.obj
 0001:000016c8       ??_C@_0M@MMKKMEFA@DeleteFiles?$AA@ 00000001800026c8     exported.obj
 0001:000016d8       ??_C@_0BD@PJNONGDB@MakeDirectory?4Name?$AA@ 00000001800026d8     exported.obj
 0001:000016f0       ??_C@_0O@GLLEDHJA@MakeDirectory?$AA@ 00000001800026f0     exported.obj
 0001:00001700       ??_C@_0BC@COPMJGBI@ProcessPanelEvent?$AA@ 0000000180002700     exported.obj
 0001:00001718       ??_C@_0BA@DPJAKFGC@ProcessHostFile?$AA@ 0000000180002718     exported.obj
 0001:00001728       ??_C@_0BC@HOBKGBBM@ProcessPanelInput?$AA@ 0000000180002728     exported.obj
 0001:00001740       ??_C@_08OBOOFGOD@PutFiles?$AA@ 0000000180002740     exported.obj
 0001:00001750       ??_C@_0N@KCFEBPAO@SetDirectory?$AA@ 0000000180002750     exported.obj
 0001:00001760       ??_C@_0M@PNOHHCCH@SetFindList?$AA@ 0000000180002760     exported.obj
 0001:00001770       ??_C@_07EACELFAO@ExitFAR?$AA@ 0000000180002770     exported.obj
 0001:00001778       ??_C@_0BE@GAFPNGIP@PluginConfigStrings?$AA@ 0000000180002778     exported.obj
 0001:00001790       ??_C@_0BC@ILBHAHCH@PluginConfigGuids?$AA@ 0000000180002790     exported.obj
 0001:000017a8       ??_C@_0BC@DJMJFBJC@PluginMenuStrings?$AA@ 00000001800027a8     exported.obj
 0001:000017c0       ??_C@_0BA@FOMPNLJF@PluginMenuGuids?$AA@ 00000001800027c0     exported.obj
 0001:000017d0       ??_C@_0BA@NLBDFPEO@DiskMenuStrings?$AA@ 00000001800027d0     exported.obj
 0001:000017e0       ??_C@_0O@PHBKMNMJ@DiskMenuGuids?$AA@ 00000001800027e0     exported.obj
 0001:000017f0       ??_C@_0O@GDMHGAFH@CommandPrefix?$AA@ 00000001800027f0     exported.obj
 0001:00001800       ??_C@_0O@OBCKADMD@GetPluginInfo?$AA@ 0000000180002800     exported.obj
 0001:00001810       ??_C@_0BD@DECJPBBK@ProcessEditorInput?$AA@ 0000000180002810     exported.obj
 0001:00001828       ??_C@_08DOHJINHB@CodePage?$AA@ 0000000180002828     exported.obj
 0001:00001838       ??_C@_07MOCFLHCN@FileEOL?$AA@ 0000000180002838     exported.obj
 0001:00001840       ??_C@_0N@EKPHGDMI@StringNumber?$AA@ 0000000180002840     exported.obj
 0001:00001850       ??_C@_04KOACHJEN@Type?$AA@ 0000000180002850     exported.obj
 0001:00001858       ??_C@_0BD@GEMPAGBO@ProcessEditorEvent?$AA@ 0000000180002858     exported.obj
 0001:00001870       ??_C@_0BD@GGKMLEJG@ProcessViewerEvent?$AA@ 0000000180002870     exported.obj
 0001:00001884       ??_C@_03MLMOILGK@Msg?$AA@  0000000180002884     exported.obj
 0001:00001888       ??_C@_06EDEGJMB@Param1?$AA@ 0000000180002888     exported.obj
 0001:00001890       ??_C@_06CPBJDKAC@Param2?$AA@ 0000000180002890     exported.obj
 0001:00001898       ??_C@_0BD@FNHBEIC@ProcessDialogEvent?$AA@ 0000000180002898     exported.obj
 0001:000018b0       ??_C@_0BE@LHJGGGHN@ProcessSynchroEvent?$AA@ 00000001800028b0     exported.obj
 0001:000018c8       ??_C@_0BB@PHIEFGHD@GetContentFields?$AA@ 00000001800028c8     exported.obj
 0001:000018e0       ??_C@_0P@DPJDPMPI@GetContentData?$AA@ 00000001800028e0     exported.obj
 0001:000018f0       ??_C@_06HHECMMLE@Author?$AA@ 00000001800028f0     exported.obj
 0001:000018f8       ??_C@_05PABKJLOM@Title?$AA@ 00000001800028f8     exported.obj
 0001:00001900       ??_C@_04MJHIICBJ@Guid?$AA@ 0000000180002900     exported.obj
 0001:00001908       ??_C@_07NGFJPNPN@Version?$AA@ 0000000180002908     exported.obj
 0001:00001910       ??_C@_0O@CALOEOI@MinFarVersion?$AA@ 0000000180002910     exported.obj
 0001:00001920       ??_C@_0O@GJMOPLGM@GetGlobalInfo?$AA@ 0000000180002920     exported.obj
 0001:00001930       ??_C@_1CA@IBKDMBNJ@?$AA_?$AAg?$AAl?$AAo?$AAb?$AAa?$AAl?$AAi?$AAn?$AAf?$AAo?$AA?4?$AAl?$AAu?$AAa?$AA?$AA@ 0000000180002930     exported.obj
 0001:00001950       ??_C@_0N@DDJEHLKE@?$DM_globalinfo?$AA@ 0000000180002950     exported.obj
 0001:00001960       __real@0000000000000000    0000000180002960     exported.obj
 0001:00001968       ??_C@_0BE@DONMOPMJ@ProcessConsoleInput?$AA@ 0000000180002968     exported.obj
 0001:00001980       ??_C@_0O@GABDOPO@MOUSE_WHEELED?$AA@ 0000000180002980     flags.obj
 0001:00001990       ??_C@_0N@EDCKBGJE@DOUBLE_CLICK?$AA@ 0000000180002990     flags.obj
 0001:000019a0       ??_C@_0M@KKBDEELB@MOUSE_MOVED?$AA@ 00000001800029a0     flags.obj
 0001:000019b0       ??_C@_0BN@CNMHAAPD@FROM_LEFT_4TH_BUTTON_PRESSED?$AA@ 00000001800029b0     flags.obj
 0001:000019d0       ??_C@_0BN@PMJNFPGM@FROM_LEFT_3RD_BUTTON_PRESSED?$AA@ 00000001800029d0     flags.obj
 0001:000019f0       ??_C@_0BN@BJCFPKCG@FROM_LEFT_2ND_BUTTON_PRESSED?$AA@ 00000001800029f0     flags.obj
 0001:00001a10       ??_C@_0BJ@JECFAJNJ@RIGHTMOST_BUTTON_PRESSED?$AA@ 0000000180002a10     flags.obj
 0001:00001a30       ??_C@_0BN@HACKHGAB@FROM_LEFT_1ST_BUTTON_PRESSED?$AA@ 0000000180002a30     flags.obj
 0001:00001a50       ??_C@_0O@LAHFNPLG@SCROLLLOCK_ON?$AA@ 0000000180002a50     flags.obj
 0001:00001a60       ??_C@_0L@IMGKKBIM@NUMLOCK_ON?$AA@ 0000000180002a60     flags.obj
 0001:00001a70       ??_C@_0O@OGDFJMBK@SHIFT_PRESSED?$AA@ 0000000180002a70     flags.obj
 0001:00001a80       ??_C@_0BC@FDNOAAAE@LEFT_CTRL_PRESSED?$AA@ 0000000180002a80     flags.obj
 0001:00001a98       ??_C@_0BD@NEHHNAHO@RIGHT_CTRL_PRESSED?$AA@ 0000000180002a98     flags.obj
 0001:00001ab0       ??_C@_0BB@MCADLJJO@LEFT_ALT_PRESSED?$AA@ 0000000180002ab0     flags.obj
 0001:00001ac8       ??_C@_0BC@GDHABBAP@RIGHT_ALT_PRESSED?$AA@ 0000000180002ac8     flags.obj
 0001:00001ae0       ??_C@_0N@EMEOEKDA@ENHANCED_KEY?$AA@ 0000000180002ae0     flags.obj
 0001:00001af0       ??_C@_0M@MKBGBFGO@CAPSLOCK_ON?$AA@ 0000000180002af0     flags.obj
 0001:00001b00       ??_C@_0M@LNGHCCGJ@FOCUS_EVENT?$AA@ 0000000180002b00     flags.obj
 0001:00001b10       ??_C@_0L@MPODFLFH@MENU_EVENT?$AA@ 0000000180002b10     flags.obj
 0001:00001b20       ??_C@_0BJ@OHDOHJKG@WINDOW_BUFFER_SIZE_EVENT?$AA@ 0000000180002b20     flags.obj
 0001:00001b40       ??_C@_0M@CPILDGOO@MOUSE_EVENT?$AA@ 0000000180002b40     flags.obj
 0001:00001b50       ??_C@_09JBABGNAE@KEY_EVENT?$AA@ 0000000180002b50     flags.obj
 0001:00001b60       ??_C@_0BK@CDKLKCHJ@ENABLE_WRAP_AT_EOL_OUTPUT?$AA@ 0000000180002b60     flags.obj
 0001:00001b80       ??_C@_0BI@MHKNPIFM@ENABLE_PROCESSED_OUTPUT?$AA@ 0000000180002b80     flags.obj
 0001:00001b98       ??_C@_0BF@PEBFEBKN@ENABLE_AUTO_POSITION?$AA@ 0000000180002b98     flags.obj
 0001:00001bb0       ??_C@_0BG@CBCHHIEH@ENABLE_EXTENDED_FLAGS?$AA@ 0000000180002bb0     flags.obj
 0001:00001bc8       ??_C@_0BH@BJKMFKAO@ENABLE_QUICK_EDIT_MODE?$AA@ 0000000180002bc8     flags.obj
 0001:00001be0       ??_C@_0BD@KJBPOMPN@ENABLE_INSERT_MODE?$AA@ 0000000180002be0     flags.obj
 0001:00001bf8       ??_C@_0BD@BJECBJPO@ENABLE_MOUSE_INPUT?$AA@ 0000000180002bf8     flags.obj
 0001:00001c10       ??_C@_0BE@BLAHACNB@ENABLE_WINDOW_INPUT?$AA@ 0000000180002c10     flags.obj
 0001:00001c28       ??_C@_0BH@EHINFMOF@ENABLE_PROCESSED_INPUT?$AA@ 0000000180002c28     flags.obj
 0001:00001c40       ??_C@_0BC@JPFKLHOC@ENABLE_ECHO_INPUT?$AA@ 0000000180002c40     flags.obj
 0001:00001c58       ??_C@_0BC@BBOPHMOM@ENABLE_LINE_INPUT?$AA@ 0000000180002c58     flags.obj
 0001:00001c70       ??_C@_0BE@BCNEFGKM@CTRL_SHUTDOWN_EVENT?$AA@ 0000000180002c70     flags.obj
 0001:00001c88       ??_C@_0BC@MCKCEPAL@CTRL_LOGOFF_EVENT?$AA@ 0000000180002c88     flags.obj
 0001:00001ca0       ??_C@_0BB@KMPDMOKK@CTRL_CLOSE_EVENT?$AA@ 0000000180002ca0     flags.obj
 0001:00001cb8       ??_C@_0BB@ELEIIFAE@CTRL_BREAK_EVENT?$AA@ 0000000180002cb8     flags.obj
 0001:00001cd0       ??_C@_0N@FEFOEFHG@CTRL_C_EVENT?$AA@ 0000000180002cd0     flags.obj
 0001:00001ce0       ??_C@_0BF@NIGKKPCF@BACKGROUND_INTENSITY?$AA@ 0000000180002ce0     flags.obj
 0001:00001cf8       ??_C@_0P@DANALJMC@BACKGROUND_RED?$AA@ 0000000180002cf8     flags.obj
 0001:00001d08       ??_C@_0BB@GKLNBMEL@BACKGROUND_GREEN?$AA@ 0000000180002d08     flags.obj
 0001:00001d20       ??_C@_0BA@PIFINJCK@BACKGROUND_BLUE?$AA@ 0000000180002d20     flags.obj
 0001:00001d30       ??_C@_0BF@OOGEJCC@FOREGROUND_INTENSITY?$AA@ 0000000180002d30     flags.obj
 0001:00001d48       ??_C@_0P@PBJHCFGA@FOREGROUND_RED?$AA@ 0000000180002d48     flags.obj
 0001:00001d58       ??_C@_0BB@PDFNMAI@FOREGROUND_GREEN?$AA@ 0000000180002d58     flags.obj
 0001:00001d70       ??_C@_0BA@MAEBFMHC@FOREGROUND_BLUE?$AA@ 0000000180002d70     flags.obj
 0001:00001d80       ??_C@_09HNBBLIGN@PCIF_NONE?$AA@ 0000000180002d80     flags.obj
 0001:00001d90       ??_C@_0O@PLFENGLI@PCIF_FROMMAIN?$AA@ 0000000180002d90     flags.obj
 0001:00001da0       ??_C@_09FMOOJHDF@FOSF_NONE?$AA@ 0000000180002da0     flags.obj
 0001:00001db0       ??_C@_0M@MIGJPBPE@FOSF_ACTIVE?$AA@ 0000000180002db0     flags.obj
 0001:00001dc0       ??_C@_08EGEBMPBD@OPM_NONE?$AA@ 0000000180002dc0     flags.obj
 0001:00001dd0       ??_C@_0N@HKCLLJDG@OPM_COMMANDS?$AA@ 0000000180002dd0     flags.obj
 0001:00001de0       ??_C@_08LCEGJCAC@OPM_PGDN?$AA@ 0000000180002de0     flags.obj
 0001:00001df0       ??_C@_0O@OPDAGBBE@OPM_QUICKVIEW?$AA@ 0000000180002df0     flags.obj
 0001:00001e00       ??_C@_09EBKAPHPA@OPM_DESCR?$AA@ 0000000180002e00     flags.obj
 0001:00001e10       ??_C@_0N@NDGKAFDM@OPM_TOPLEVEL?$AA@ 0000000180002e10     flags.obj
 0001:00001e20       ??_C@_08LAAGEMJG@OPM_EDIT?$AA@ 0000000180002e20     flags.obj
 0001:00001e30       ??_C@_08EHBLNDLO@OPM_VIEW?$AA@ 0000000180002e30     flags.obj
 0001:00001e40       ??_C@_08EKEBOKEP@OPM_FIND?$AA@ 0000000180002e40     flags.obj
 0001:00001e50       ??_C@_0L@GEHHKNBL@OPM_SILENT?$AA@ 0000000180002e50     flags.obj
 0001:00001e60       ??_C@_09DOPJBMLM@OPIF_NONE?$AA@ 0000000180002e60     flags.obj
 0001:00001e70       ??_C@_0O@FJPLJDBC@OPIF_SHORTCUT?$AA@ 0000000180002e70     flags.obj
 0001:00001e80       ??_C@_0BB@PFDFAFHG@OPIF_USEFREESIZE?$AA@ 0000000180002e80     flags.obj
 0001:00001e98       ??_C@_0O@JHHHMHIG@OPIF_USECRC32?$AA@ 0000000180002e98     flags.obj
 0001:00001ea8       ??_C@_0BJ@CALDMPLF@OPIF_USEATTRHIGHLIGHTING?$AA@ 0000000180002ea8     flags.obj
 0001:00001ec8       ??_C@_0BD@JIMJPFEP@OPIF_EXTERNALMKDIR?$AA@ 0000000180002ec8     flags.obj
 0001:00001ee0       ??_C@_0BE@LKEMICNM@OPIF_EXTERNALDELETE?$AA@ 0000000180002ee0     flags.obj
 0001:00001ef8       ??_C@_0BB@CFFPNDFK@OPIF_EXTERNALPUT?$AA@ 0000000180002ef8     flags.obj
 0001:00001f10       ??_C@_0BB@PELHBPAM@OPIF_EXTERNALGET?$AA@ 0000000180002f10     flags.obj
 0001:00001f28       ??_C@_0BE@GJEJHNKJ@OPIF_COMPAREFATTIME?$AA@ 0000000180002f28     flags.obj
 0001:00001f40       ??_C@_0BG@HGPMKHIE@OPIF_SHOWPRESERVECASE?$AA@ 0000000180002f40     flags.obj
 0001:00001f58       ??_C@_0BJ@NMIFAPJD@OPIF_SHOWRIGHTALIGNNAMES?$AA@ 0000000180002f58     flags.obj
 0001:00001f78       ??_C@_0BD@FPGMNAPD@OPIF_SHOWNAMESONLY?$AA@ 0000000180002f78     flags.obj
 0001:00001f90       ??_C@_0P@OFEDJCO@OPIF_REALNAMES?$AA@ 0000000180002f90     flags.obj
 0001:00001fa0       ??_C@_0BC@HOFHNJIG@OPIF_RAWSELECTION?$AA@ 0000000180002fa0     flags.obj
 0001:00001fb8       ??_C@_0N@JANKJMLP@OPIF_ADDDOTS?$AA@ 0000000180002fb8     flags.obj
 0001:00001fc8       ??_C@_0BJ@NGLIANCL@OPIF_DISABLEHIGHLIGHTING?$AA@ 0000000180002fc8     flags.obj
 0001:00001fe8       ??_C@_0BH@FHBKALPD@OPIF_DISABLESORTGROUPS?$AA@ 0000000180002fe8     flags.obj
 0001:00002000       ??_C@_0BD@PBMGDJEM@OPIF_DISABLEFILTER?$AA@ 0000000180003000     flags.obj
 0001:00002018       ??_C@_0BH@KOFCBJBO@PMFLAGS_CASECONVERSION?$AA@ 0000000180003018     flags.obj
 0001:00002030       ??_C@_0BI@BMHIBDMH@PMFLAGS_ALIGNEXTENSIONS?$AA@ 0000000180003030     flags.obj
 0001:00002048       ??_C@_0BH@GDAAKEMH@PMFLAGS_DETAILEDSTATUS?$AA@ 0000000180003048     flags.obj
 0001:00002060       ??_C@_0BD@KGHJOBGM@PMFLAGS_FULLSCREEN?$AA@ 0000000180003060     flags.obj
 0001:00002078       ??_C@_0BD@EGELEIIG@IPLFLAGS_SEPARATOR?$AA@ 0000000180003078     flags.obj
 0001:00002090       ??_C@_07MGEGJMPI@PF_NONE?$AA@ 0000000180003090     flags.obj
 0001:00002098       ??_C@_09GMFDAFKL@PF_DIALOG?$AA@ 0000000180003098     flags.obj
 0001:000020a8       ??_C@_0P@MBLBBCNK@PF_FULLCMDLINE?$AA@ 00000001800030a8     flags.obj
 0001:000020b8       ??_C@_09NEKIJNNA@PF_VIEWER?$AA@ 00000001800030b8     flags.obj
 0001:000020c8       ??_C@_09OENCMPGE@PF_EDITOR?$AA@ 00000001800030c8     flags.obj
 0001:000020d8       ??_C@_0BB@GCINAIGN@PF_DISABLEPANELS?$AA@ 00000001800030d8     flags.obj
 0001:000020f0       ??_C@_0L@NHEJGKCF@PF_PRELOAD?$AA@ 00000001800030f0     flags.obj
 0001:00002100       ??_C@_0BH@PEGBPJKE@FFFS_MINSIZEINDEX_MASK?$AA@ 0000000180003100     flags.obj
 0001:00002118       ??_C@_0BC@LLLANJJO@FFFS_MINSIZEINDEX?$AA@ 0000000180003118     flags.obj
 0001:00002130       ??_C@_0O@HFIGPFIH@FFFS_THOUSAND?$AA@ 0000000180003130     flags.obj
 0001:00002140       ??_C@_0O@FPIOAIMC@FFFS_ECONOMIC?$AA@ 0000000180003140     flags.obj
 0001:00002150       ??_C@_0BE@NPKCCEJ@FFFS_SHOWBYTESINDEX?$AA@ 0000000180003150     flags.obj
 0001:00002168       ??_C@_0P@JPMLNBKL@FFFS_FLOATSIZE?$AA@ 0000000180003168     flags.obj
 0001:00002178       ??_C@_0M@JDMKDBDH@FFFS_COMMAS?$AA@ 0000000180003178     flags.obj
 0001:00002188       ??_C@_08EBKEJHAL@MLF_NONE?$AA@ 0000000180003188     flags.obj
 0001:00002198       ??_C@_0P@EPFBLPAE@MLF_HOLDTARGET?$AA@ 0000000180003198     flags.obj
 0001:000021a8       ??_C@_0BF@LMAGFLHF@MLF_DONOTUPDATEPANEL?$AA@ 00000001800031a8     flags.obj
 0001:000021c0       ??_C@_0P@LJPBHEIE@MLF_SHOWERRMSG?$AA@ 00000001800031c0     flags.obj
 0001:000021d0       ??_C@_0BA@JCPHOEAE@FRS_SCANSYMLINK?$AA@ 00000001800031d0     flags.obj
 0001:000021e0       ??_C@_09GHEPLOHO@FRS_RECUR?$AA@ 00000001800031e0     flags.obj
 0001:000021f0       ??_C@_0N@PJEDCNNJ@FRS_RETUPDIR?$AA@ 00000001800031f0     flags.obj
 0001:00002200       ??_C@_09JCNLKBBK@XLAT_NONE?$AA@ 0000000180003200     flags.obj
 0001:00002210       ??_C@_0BH@IANKLOAC@XLAT_CONVERTALLCMDLINE?$AA@ 0000000180003210     flags.obj
 0001:00002228       ??_C@_0BH@KBFAFPNA@XLAT_USEKEYBLAYOUTNAME?$AA@ 0000000180003228     flags.obj
 0001:00002240       ??_C@_0BE@KOIJDNLA@XLAT_SWITCHKEYBBEEP?$AA@ 0000000180003240     flags.obj
 0001:00002258       ??_C@_0BG@GOMJDMCK@XLAT_SWITCHKEYBLAYOUT?$AA@ 0000000180003258     flags.obj
 0001:00002270       ??_C@_0BE@OPDBOAAE@PN_SHOWERRORMESSAGE?$AA@ 0000000180003270     flags.obj
 0001:00002288       ??_C@_0M@NOOLKEBH@PN_SKIPPATH?$AA@ 0000000180003288     flags.obj
 0001:00002298       ??_C@_0N@FEGPCCPJ@PN_CHECKMASK?$AA@ 0000000180003298     flags.obj
 0001:000022a8       ??_C@_0BA@BJCCEIOI@PN_GENERATENAME?$AA@ 00000001800032a8     flags.obj
 0001:000022b8       ??_C@_0P@KDEENAHJ@PN_CMPNAMELIST?$AA@ 00000001800032b8     flags.obj
 0001:000022c8       ??_C@_0L@HODJIPGA@PN_CMPNAME?$AA@ 00000001800032c8     flags.obj
 0001:000022d8       ??_C@_08OIOFCNLC@FPF_NONE?$AA@ 00000001800032d8     flags.obj
 0001:000022e8       ??_C@_08GKECKCCJ@FPF_ANSI?$AA@ 00000001800032e8     flags.obj
 0001:000022f8       ??_C@_0L@NMBLFMBN@FPF_LOADED?$AA@ 00000001800032f8     flags.obj
 0001:00002308       ??_C@_08HPFOCDKB@FIB_NONE?$AA@ 0000000180003308     flags.obj
 0001:00002318       ??_C@_0BB@DCODFLEL@FIB_EDITPATHEXEC?$AA@ 0000000180003318     flags.obj
 0001:00002330       ??_C@_0N@LBOCEEGH@FIB_EDITPATH?$AA@ 0000000180003330     flags.obj
 0001:00002340       ??_C@_0BA@COBBDHNL@FIB_NOAMPERSAND?$AA@ 0000000180003340     flags.obj
 0001:00002350       ??_C@_0M@KJOJJDIM@FIB_BUTTONS?$AA@ 0000000180003350     flags.obj
 0001:00002360       ??_C@_0BF@CEMIHIOK@FIB_NOUSELASTHISTORY?$AA@ 0000000180003360     flags.obj
 0001:00002378       ??_C@_0O@DOHEGELC@FIB_EXPANDENV?$AA@ 0000000180003378     flags.obj
 0001:00002388       ??_C@_0N@DLDJCGJI@FIB_PASSWORD?$AA@ 0000000180003388     flags.obj
 0001:00002398       ??_C@_0BA@KNNLMGCA@FIB_ENABLEEMPTY?$AA@ 0000000180003398     flags.obj
 0001:000023a8       ??_C@_0P@BAFEMBAJ@ECF_AUTODELETE?$AA@ 00000001800033a8     flags.obj
 0001:000023b8       ??_C@_0BD@DKGCCJNG@ECF_TABMARKCURRENT?$AA@ 00000001800033b8     flags.obj
 0001:000023d0       ??_C@_0BB@EDGIEBDF@ECF_TABMARKFIRST?$AA@ 00000001800033d0     flags.obj
 0001:000023e8       ??_C@_0N@GHBDMLON@VMF_WORDWRAP?$AA@ 00000001800033e8     flags.obj
 0001:000023f8       ??_C@_08FAPBJAKB@VMF_WRAP?$AA@ 00000001800033f8     flags.obj
 0001:00002408       ??_C@_0BA@JKDMJLJG@VSP_NORETNEWPOS?$AA@ 0000000180003408     flags.obj
 0001:00002418       ??_C@_0N@JGGGCNIP@VSP_RELATIVE?$AA@ 0000000180003418     flags.obj
 0001:00002428       ??_C@_0M@LHNGMHFO@VSP_PERCENT?$AA@ 0000000180003428     flags.obj
 0001:00002438       ??_C@_0N@GHEHKHJN@VSP_NOREDRAW?$AA@ 0000000180003438     flags.obj
 0001:00002448       ??_C@_0N@ILNDJNNO@VSMFL_REDRAW?$AA@ 0000000180003448     flags.obj
 0001:00002458       ??_C@_09FIOJMNJ@VOPT_NONE?$AA@ 0000000180003458     flags.obj
 0001:00002468       ??_C@_0BI@NCAHLEBN@VOPT_AUTODETECTCODEPAGE?$AA@ 0000000180003468     flags.obj
 0001:00002480       ??_C@_0BG@JMJAOELH@VOPT_SAVEFILEPOSITION?$AA@ 0000000180003480     flags.obj
 0001:00002498       ??_C@_09FPGEBDGO@WIF_MODAL?$AA@ 0000000180003498     flags.obj
 0001:000024a8       ??_C@_0M@ICPAPCOF@WIF_CURRENT?$AA@ 00000001800034a8     flags.obj
 0001:000024b8       ??_C@_0N@MLMCEKPH@WIF_MODIFIED?$AA@ 00000001800034b8     flags.obj
 0001:000024c8       ??_C@_0N@LCOHPDHN@FSETCLR_NONE?$AA@ 00000001800034c8     flags.obj
 0001:000024d8       ??_C@_0P@LMBMJIMF@FSETCLR_REDRAW?$AA@ 00000001800034d8     flags.obj
 0001:000024e8       ??_C@_0O@GKOLBMFK@AKMFLAGS_NONE?$AA@ 00000001800034e8     flags.obj
 0001:000024f8       ??_C@_0N@GIJCDFJI@KMFLAGS_NONE?$AA@ 00000001800034f8     flags.obj
 0001:00002508       ??_C@_0BD@JHNPMIGP@KMFLAGS_MOONSCRIPT?$AA@ 0000000180003508     flags.obj
 0001:00002520       ??_C@_0M@HFBACHCP@KMFLAGS_LUA?$AA@ 0000000180003520     flags.obj
 0001:00002530       ??_C@_0BB@NCECNBPK@KMFLAGS_LANGMASK?$AA@ 0000000180003530     flags.obj
 0001:00002548       ??_C@_0BF@PHHPAAOK@KMFLAGS_ENABLEOUTPUT?$AA@ 0000000180003548     flags.obj
 0001:00002560       ??_C@_0BM@BBOPLPKC@KMFLAGS_NOSENDKEYSTOPLUGINS?$AA@ 0000000180003560     flags.obj
 0001:00002580       ??_C@_0BE@GEGKIINM@KMFLAGS_SILENTCHECK?$AA@ 0000000180003580     flags.obj
 0001:00002598       ??_C@_0L@MAGMKNFN@FHELP_NONE?$AA@ 0000000180003598     flags.obj
 0001:000025a8       ??_C@_0BC@PNPOIHMG@FHELP_USECONTENTS?$AA@ 00000001800035a8     flags.obj
 0001:000025c0       ??_C@_0L@OOIMFPBD@FHELP_GUID?$AA@ 00000001800035c0     flags.obj
 0001:000025d0       ??_C@_0BB@IHFFPJJA@FHELP_CUSTOMPATH?$AA@ 00000001800035d0     flags.obj
 0001:000025e8       ??_C@_0BB@KNKDPNI@FHELP_CUSTOMFILE?$AA@ 00000001800035e8     flags.obj
 0001:00002600       ??_C@_0O@FLGGLFLC@FHELP_FARHELP?$AA@ 0000000180003600     flags.obj
 0001:00002610       ??_C@_0P@GANNLHEJ@FHELP_SELFHELP?$AA@ 0000000180003610     flags.obj
 0001:00002620       ??_C@_0BC@HHNGCBAM@FHELP_NOSHOWERROR?$AA@ 0000000180003620     flags.obj
 0001:00002638       ??_C@_07MBPCONNA@EN_NONE?$AA@ 0000000180003638     flags.obj
 0001:00002640       ??_C@_0BJ@MOLGCBMH@EF_OPENMODE_RELOADIFOPEN?$AA@ 0000000180003640     flags.obj
 0001:00002660       ??_C@_0BI@EJBKKDJ@EF_OPENMODE_BREAKIFOPEN?$AA@ 0000000180003660     flags.obj
 0001:00002678       ??_C@_0BI@KGOKGPEI@EF_OPENMODE_USEEXISTING?$AA@ 0000000180003678     flags.obj
 0001:00002690       ??_C@_0BG@BFKJJBAG@EF_OPENMODE_NEWIFOPEN?$AA@ 0000000180003690     flags.obj
 0001:000026a8       ??_C@_0BC@GAIDEJIA@EF_OPENMODE_QUERY?$AA@ 00000001800036a8     flags.obj
 0001:000026c0       ??_C@_0BB@NILAHAFO@EF_OPENMODE_MASK?$AA@ 00000001800036c0     flags.obj
 0001:000026d8       ??_C@_0BC@GFHJGKD@EF_DISABLESAVEPOS?$AA@ 00000001800036d8     flags.obj
 0001:000026f0       ??_C@_09IJMPFPLB@EF_LOCKED?$AA@ 00000001800036f0     flags.obj
 0001:00002700       ??_C@_0BJ@ILCPOFKL@EF_DELETEONLYFILEONCLOSE?$AA@ 0000000180003700     flags.obj
 0001:00002720       ??_C@_0BD@IHIGHGPL@EF_IMMEDIATERETURN?$AA@ 0000000180003720     flags.obj
 0001:00002738       ??_C@_0BB@KGPIDKFC@EF_DELETEONCLOSE?$AA@ 0000000180003738     flags.obj
 0001:00002750       ??_C@_0BC@PPEPEFFI@EF_DISABLEHISTORY?$AA@ 0000000180003750     flags.obj
 0001:00002768       ??_C@_0N@LKLNHALI@EF_ENABLE_F6?$AA@ 0000000180003768     flags.obj
 0001:00002778       ??_C@_0N@DBHFPBEO@EF_CREATENEW?$AA@ 0000000180003778     flags.obj
 0001:00002788       ??_C@_0M@PIFGAPFH@EF_NONMODAL?$AA@ 0000000180003788     flags.obj
 0001:00002798       ??_C@_07CJJFHP@VF_NONE?$AA@ 0000000180003798     flags.obj
 0001:000027a0       ??_C@_0BJ@OGNFHEJG@VF_DELETEONLYFILEONCLOSE?$AA@ 00000001800037a0     flags.obj
 0001:000027c0       ??_C@_0BD@DHJCMLFI@VF_IMMEDIATERETURN?$AA@ 00000001800037c0     flags.obj
 0001:000027d8       ??_C@_0BC@DLGKMECC@VF_DISABLEHISTORY?$AA@ 00000001800037d8     flags.obj
 0001:000027f0       ??_C@_0N@LDHALKKM@VF_ENABLE_F6?$AA@ 00000001800037f0     flags.obj
 0001:00002800       ??_C@_0BB@OCDDPIKL@VF_DELETEONCLOSE?$AA@ 0000000180003800     flags.obj
 0001:00002818       ??_C@_0M@IDNADAFL@VF_NONMODAL?$AA@ 0000000180003818     flags.obj
 0001:00002828       ??_C@_0M@NEMAHHGP@PFLAGS_NONE?$AA@ 0000000180003828     flags.obj
 0001:00002838       ??_C@_0BA@GHMDCHHI@PFLAGS_SHORTCUT?$AA@ 0000000180003838     flags.obj
 0001:00002848       ??_C@_0BI@EOCCAHFA@PFLAGS_ALTERNATIVENAMES?$AA@ 0000000180003848     flags.obj
 0001:00002860       ??_C@_0N@EOFAELOJ@PFLAGS_FOCUS?$AA@ 0000000180003860     flags.obj
 0001:00002870       ??_C@_0P@MLDEBNPK@PFLAGS_VISIBLE?$AA@ 0000000180003870     flags.obj
 0001:00002880       ??_C@_0O@DBPJGING@PFLAGS_PLUGIN?$AA@ 0000000180003880     flags.obj
 0001:00002890       ??_C@_0BJ@HJFOABKG@PFLAGS_CASESENSITIVESORT?$AA@ 0000000180003890     flags.obj
 0001:000028b0       ??_C@_0BA@KJEPHDOM@PFLAGS_USECRC32?$AA@ 00000001800038b0     flags.obj
 0001:000028c0       ??_C@_0BI@EHHAJLOH@PFLAGS_DIRECTORIESFIRST?$AA@ 00000001800038c0     flags.obj
 0001:000028d8       ??_C@_0BB@ILEHDKFJ@PFLAGS_PANELLEFT?$AA@ 00000001800038d8     flags.obj
 0001:000028f0       ??_C@_0BD@MOODMDAB@PFLAGS_NUMERICSORT?$AA@ 00000001800038f0     flags.obj
 0001:00002908       ??_C@_0BB@KDANIJNM@PFLAGS_REALNAMES?$AA@ 0000000180003908     flags.obj
 0001:00002920       ??_C@_0BF@LBBAIOCD@PFLAGS_SELECTEDFIRST?$AA@ 0000000180003920     flags.obj
 0001:00002938       ??_C@_0BF@KJNCJPKN@PFLAGS_USESORTGROUPS?$AA@ 0000000180003938     flags.obj
 0001:00002950       ??_C@_0BI@BFAFODJ@PFLAGS_REVERSESORTORDER?$AA@ 0000000180003950     flags.obj
 0001:00002968       ??_C@_0BB@BCAJEJEH@PFLAGS_HIGHLIGHT?$AA@ 0000000180003968     flags.obj
 0001:00002980       ??_C@_0BC@BONLDOOD@PFLAGS_SHOWHIDDEN?$AA@ 0000000180003980     flags.obj
 0001:00002998       ??_C@_09OIFMMGNJ@PPIF_NONE?$AA@ 0000000180003998     flags.obj
 0001:000029a8       ??_C@_0BC@LPBDBIOM@PPIF_PROCESSDESCR?$AA@ 00000001800039a8     flags.obj
 0001:000029c0       ??_C@_0O@JEAJLDHC@PPIF_SELECTED?$AA@ 00000001800039c0     flags.obj
 0001:000029d0       ??_C@_0L@DGFIEOMD@FMENU_NONE?$AA@ 00000001800039d0     flags.obj
 0001:000029e0       ??_C@_0BJ@FCEONOJC@FMENU_CHANGECONSOLETITLE?$AA@ 00000001800039e0     flags.obj
 0001:00002a00       ??_C@_0BL@OKAIKPMN@FMENU_REVERSEAUTOHIGHLIGHT?$AA@ 0000000180003a00     flags.obj
 0001:00002a20       ??_C@_0BE@IDAMFDEA@FMENU_AUTOHIGHLIGHT?$AA@ 0000000180003a20     flags.obj
 0001:00002a38       ??_C@_0P@HICDNKDJ@FMENU_WRAPMODE?$AA@ 0000000180003a38     flags.obj
 0001:00002a48       ??_C@_0BE@FALMPPJK@FMENU_SHOWAMPERSAND?$AA@ 0000000180003a48     flags.obj
 0001:00002a60       ??_C@_08JEEJJGP@MIF_NONE?$AA@ 0000000180003a60     flags.obj
 0001:00002a70       ??_C@_0L@DEJINBIP@MIF_HIDDEN?$AA@ 0000000180003a70     flags.obj
 0001:00002a80       ??_C@_0L@DLLNLLIG@MIF_GRAYED?$AA@ 0000000180003a80     flags.obj
 0001:00002a90       ??_C@_0M@OPPCPJOL@MIF_DISABLE?$AA@ 0000000180003a90     flags.obj
 0001:00002aa0       ??_C@_0O@DEIKOCPA@MIF_SEPARATOR?$AA@ 0000000180003aa0     flags.obj
 0001:00002ab0       ??_C@_0M@IHMNAMOE@MIF_CHECKED?$AA@ 0000000180003ab0     flags.obj
 0001:00002ac0       ??_C@_0N@JOOGIBAO@MIF_SELECTED?$AA@ 0000000180003ac0     flags.obj
 0001:00002ad0       ??_C@_09NNFHCBNL@FDLG_NONE?$AA@ 0000000180003ad0     flags.obj
 0001:00002ae0       ??_C@_0BG@GHNOOENB@FDLG_KEEPCONSOLETITLE?$AA@ 0000000180003ae0     flags.obj
 0001:00002af8       ??_C@_0BB@NPLEEAKK@FDLG_NODRAWPANEL?$AA@ 0000000180003af8     flags.obj
 0001:00002b10       ??_C@_0BC@ONGLDAJN@FDLG_NODRAWSHADOW?$AA@ 0000000180003b10     flags.obj
 0001:00002b28       ??_C@_0BB@DKMEBDJJ@FDLG_SMALLDIALOG?$AA@ 0000000180003b28     flags.obj
 0001:00002b40       ??_C@_0N@OLGDMHKL@FDLG_WARNING?$AA@ 0000000180003b40     flags.obj
 0001:00002b50       ??_C@_0L@EPACPANF@LINFO_NONE?$AA@ 0000000180003b50     flags.obj
 0001:00002b60       ??_C@_0BE@OHJCOKAE@LINFO_SHOWAMPERSAND?$AA@ 0000000180003b60     flags.obj
 0001:00002b78       ??_C@_0P@KLBMHNCG@LINFO_WRAPMODE?$AA@ 0000000180003b78     flags.obj
 0001:00002b88       ??_C@_0BH@BADLEILJ@LINFO_REVERSEHIGHLIGHT?$AA@ 0000000180003b88     flags.obj
 0001:00002ba0       ??_C@_0BE@DECCEGNO@LINFO_AUTOHIGHLIGHT?$AA@ 0000000180003ba0     flags.obj
 0001:00002bb8       ??_C@_0BA@OOIEKCFB@LINFO_SHOWNOBOX?$AA@ 0000000180003bb8     flags.obj
 0001:00002bc8       ??_C@_0M@FPOGKIGO@LIFIND_NONE?$AA@ 0000000180003bc8     flags.obj
 0001:00002bd8       ??_C@_0BC@BGAENNBJ@LIFIND_EXACTMATCH?$AA@ 0000000180003bd8     flags.obj
 0001:00002bf0       ??_C@_08BODPINCM@LIF_NONE?$AA@ 0000000180003bf0     flags.obj
 0001:00002c00       ??_C@_0BD@HEPCOIEH@LIF_DELETEUSERDATA?$AA@ 0000000180003c00     flags.obj
 0001:00002c18       ??_C@_0L@PFBGAOEP@LIF_HIDDEN?$AA@ 0000000180003c18     flags.obj
 0001:00002c28       ??_C@_0L@PKDDGEEG@LIF_GRAYED?$AA@ 0000000180003c28     flags.obj
 0001:00002c38       ??_C@_0M@HEFHLFIE@LIF_DISABLE?$AA@ 0000000180003c38     flags.obj
 0001:00002c48       ??_C@_0O@KJIFADIG@LIF_SEPARATOR?$AA@ 0000000180003c48     flags.obj
 0001:00002c58       ??_C@_0M@BMGIEAIL@LIF_CHECKED?$AA@ 0000000180003c58     flags.obj
 0001:00002c68       ??_C@_0N@EDHAFIIL@LIF_SELECTED?$AA@ 0000000180003c68     flags.obj
 0001:00002c78       ??_C@_08KFOHCPDE@DIF_NONE?$AA@ 0000000180003c78     flags.obj
 0001:00002c88       ??_C@_0N@LAEOODAD@DIF_WORDWRAP?$AA@ 0000000180003c88     flags.obj
 0001:00002c98       ??_C@_0O@KJADCBBN@DIF_RIGHTTEXT?$AA@ 0000000180003c98     flags.obj
 0001:00002ca8       ??_C@_09LCJIOEMN@DIF_FOCUS?$AA@ 0000000180003ca8     flags.obj
 0001:00002cb8       ??_C@_0BC@CHAAKEJO@DIF_DEFAULTBUTTON?$AA@ 0000000180003cb8     flags.obj
 0001:00002cd0       ??_C@_0M@HCFLMDHK@DIF_DISABLE?$AA@ 0000000180003cd0     flags.obj
 0001:00002ce0       ??_C@_0M@NLLDINIM@DIF_NOFOCUS?$AA@ 0000000180003ce0     flags.obj
 0001:00002cf0       ??_C@_0N@KOGKCAKJ@DIF_READONLY?$AA@ 0000000180003cf0     flags.obj
 0001:00002d00       ??_C@_0L@EPNFOPAK@DIF_HIDDEN?$AA@ 0000000180003d00     flags.obj
 0001:00002d10       ??_C@_0BB@GMKDKOOP@DIF_EDITPATHEXEC?$AA@ 0000000180003d10     flags.obj
 0001:00002d28       ??_C@_0BA@JNOKLHOL@DIF_LISTNOCLOSE?$AA@ 0000000180003d28     flags.obj
 0001:00002d38       ??_C@_0BG@MONEJILE@DIF_LISTAUTOHIGHLIGHT?$AA@ 0000000180003d38     flags.obj
 0001:00002d50       ??_C@_0BD@MFOKKGGF@DIF_NOAUTOCOMPLETE?$AA@ 0000000180003d50     flags.obj
 0001:00002d68       ??_C@_0BB@NPNALIGO@DIF_LISTWRAPMODE?$AA@ 0000000180003d68     flags.obj
 0001:00002d80       ??_C@_0N@GBGHICKO@DIF_EDITPATH?$AA@ 0000000180003d80     flags.obj
 0001:00002d90       ??_C@_0L@KKNJDNBK@DIF_3STATE?$AA@ 0000000180003d90     flags.obj
 0001:00002da0       ??_C@_0BC@JNLDMGBD@DIF_SELECTONENTRY?$AA@ 0000000180003da0     flags.obj
 0001:00002db8       ??_C@_0BK@LEFIBDOA@DIF_LISTTRACKMOUSEINFOCUS?$AA@ 0000000180003db8     flags.obj
 0001:00002dd8       ??_C@_0BD@LPDHCLJI@DIF_LISTTRACKMOUSE?$AA@ 0000000180003dd8     flags.obj
 0001:00002df0       ??_C@_0N@MOCGNIKC@DIF_MASKEDIT?$AA@ 0000000180003df0     flags.obj
 0001:00002e00       ??_C@_0BD@MNGIOLFF@DIF_USELASTHISTORY?$AA@ 0000000180003e00     flags.obj
 0001:00002e18       ??_C@_0BB@EIMEKEFP@DIF_DROPDOWNLIST?$AA@ 0000000180003e18     flags.obj
 0001:00002e30       ??_C@_0P@EEJEDBLH@DIF_EDITEXPAND?$AA@ 0000000180003e30     flags.obj
 0001:00002e40       ??_C@_0O@IKJBMPOF@DIF_SETSHIELD?$AA@ 0000000180003e40     flags.obj
 0001:00002e50       ??_C@_0BC@ODEMBOPK@DIF_SEPARATORUSER?$AA@ 0000000180003e50     flags.obj
 0001:00002e68       ??_C@_0P@KOJCCCGB@DIF_CENTERTEXT?$AA@ 0000000180003e68     flags.obj
 0001:00002e78       ??_C@_0P@EGFAEEDC@DIF_BTNNOCLOSE?$AA@ 0000000180003e78     flags.obj
 0001:00002e88       ??_C@_0M@IPFBMFDN@DIF_HISTORY?$AA@ 0000000180003e88     flags.obj
 0001:00002e98       ??_C@_0O@FFJNBMAD@DIF_LISTNOBOX?$AA@ 0000000180003e98     flags.obj
 0001:00002ea8       ??_C@_0BE@PFICAGJF@DIF_LISTNOAMPERSAND?$AA@ 0000000180003ea8     flags.obj
 0001:00002ec0       ??_C@_0L@NBPFNGLB@DIF_EDITOR?$AA@ 0000000180003ec0     flags.obj
 0001:00002ed0       ??_C@_0P@CGILDLOA@DIF_SEPARATOR2?$AA@ 0000000180003ed0     flags.obj
 0001:00002ee0       ??_C@_0O@JKNMBNLA@DIF_SEPARATOR?$AA@ 0000000180003ee0     flags.obj
 0001:00002ef0       ??_C@_0BF@JBCDBJCL@DIF_MANUALADDHISTORY?$AA@ 0000000180003ef0     flags.obj
 0001:00002f08       ??_C@_0P@MKFBJPOB@DIF_NOBRACKETS?$AA@ 0000000180003f08     flags.obj
 0001:00002f18       ??_C@_0BA@BLCOKAAO@DIF_CENTERGROUP?$AA@ 0000000180003f18     flags.obj
 0001:00002f28       ??_C@_0BC@PDKFKKEI@DIF_SHOWAMPERSAND?$AA@ 0000000180003f28     flags.obj
 0001:00002f40       ??_C@_0P@BGPBEDHH@DIF_MOVESELECT?$AA@ 0000000180003f40     flags.obj
 0001:00002f50       ??_C@_0N@GCKJNBCM@DIF_LEFTTEXT?$AA@ 0000000180003f50     flags.obj
 0001:00002f60       ??_C@_09IAEPIICA@DIF_GROUP?$AA@ 0000000180003f60     flags.obj
 0001:00002f70       ??_C@_0N@DHJCDIKM@DIF_BOXCOLOR?$AA@ 0000000180003f70     flags.obj
 0001:00002f80       ??_C@_09NEGPLEAH@FMSG_NONE?$AA@ 0000000180003f80     flags.obj
 0001:00002f90       ??_C@_0BE@OCLAIENB@FMSG_MB_RETRYCANCEL?$AA@ 0000000180003f90     flags.obj
 0001:00002fa8       ??_C@_0BE@IBNOLCGP@FMSG_MB_YESNOCANCEL?$AA@ 0000000180003fa8     flags.obj
 0001:00002fc0       ??_C@_0O@GPCAPHCL@FMSG_MB_YESNO?$AA@ 0000000180003fc0     flags.obj
 0001:00002fd0       ??_C@_0BJ@BKJADAHA@FMSG_MB_ABORTRETRYIGNORE?$AA@ 0000000180003fd0     flags.obj
 0001:00002ff0       ??_C@_0BB@JGAPGIEP@FMSG_MB_OKCANCEL?$AA@ 0000000180003ff0     flags.obj
 0001:00003008       ??_C@_0L@BGALGPOK@FMSG_MB_OK?$AA@ 0000000180004008     flags.obj
 0001:00003018       ??_C@_0O@FOIOKDHJ@FMSG_ALLINONE?$AA@ 0000000180004018     flags.obj
 0001:00003028       ??_C@_0P@KBEMNNEP@FMSG_LEFTALIGN?$AA@ 0000000180004028     flags.obj
 0001:00003038       ??_C@_0BE@FHOOILPH@FMSG_KEEPBACKGROUND?$AA@ 0000000180004038     flags.obj
 0001:00003050       ??_C@_0P@HHIGLJAP@FMSG_ERRORTYPE?$AA@ 0000000180004050     flags.obj
 0001:00003060       ??_C@_0N@ELMEMNDH@FMSG_WARNING?$AA@ 0000000180004060     flags.obj
 0001:00003070       ??_C@_08FKIDFHCM@CDF_NONE?$AA@ 0000000180004070     flags.obj
 0001:00003080       ??_C@_08BKNBBLHK@FCF_NONE?$AA@ 0000000180004080     flags.obj
 0001:00003090       ??_C@_0O@LGBGBIGB@FCF_STYLEMASK?$AA@ 0000000180004090     flags.obj
 0001:000030a0       ??_C@_0BB@NPEFGEGA@FCF_FG_UNDERLINE?$AA@ 00000001800040a0     flags.obj
 0001:000030b8       ??_C@_0O@FAPDECBF@FCF_FG_ITALIC?$AA@ 00000001800040b8     flags.obj
 0001:000030c8       ??_C@_0M@LFMGCKHG@FCF_FG_BOLD?$AA@ 00000001800040c8     flags.obj
 0001:000030d8       ??_C@_0BC@NKBLNNIA@FCF_EXTENDEDFLAGS?$AA@ 00000001800040d8     flags.obj
 0001:000030f0       ??_C@_0BB@PJFLJJLD@FCF_RAWATTR_MASK?$AA@ 00000001800040f0     flags.obj
 0001:00003108       ??_C@_0N@HMKJBHOA@FCF_4BITMASK?$AA@ 0000000180004108     flags.obj
 0001:00003118       ??_C@_0M@PJHNDJIE@FCF_BG_4BIT?$AA@ 0000000180004118     flags.obj
 0001:00003128       ??_C@_0M@HNDHDHHO@FCF_FG_4BIT?$AA@ 0000000180004128     flags.obj
 0001:00003138       ??_C@_0BE@PONEECEM@FE_CHANGESORTPARAMS?$AA@ 0000000180004138     flags.obj
 0001:00003150       ??_C@_0N@DGHFKMFL@FE_KILLFOCUS?$AA@ 0000000180004150     flags.obj
 0001:00003160       ??_C@_0M@FIECADDF@FE_GOTFOCUS?$AA@ 0000000180004160     flags.obj
 0001:00003170       ??_C@_0L@LELAIPLL@FE_COMMAND?$AA@ 0000000180004170     flags.obj
 0001:00003180       ??_C@_08MOMCCKPB@FE_BREAK?$AA@ 0000000180004180     flags.obj
 0001:00003190       ??_C@_08DENCGKED@FE_CLOSE?$AA@ 0000000180004190     flags.obj
 0001:000031a0       ??_C@_07CLNPDBLG@FE_IDLE?$AA@ 00000001800041a0     flags.obj
 0001:000031a8       ??_C@_09DENIDBMJ@FE_REDRAW?$AA@ 00000001800041a8     flags.obj
 0001:000031b8       ??_C@_0BC@PNCKAHJO@FE_CHANGEVIEWMODE?$AA@ 00000001800041b8     flags.obj
 0001:000031d0       ??_C@_0BA@GEAFHJNF@MPRT_HASNOMACRO?$AA@ 00000001800041d0     flags.obj
 0001:000031e0       ??_C@_0O@IEMNLPAB@MPRT_USERMENU?$AA@ 00000001800041e0     flags.obj
 0001:000031f0       ??_C@_0BD@HHINMPPI@MPRT_PLUGINCOMMAND?$AA@ 00000001800041f0     flags.obj
 0001:00003208       ??_C@_0BC@LEDOPMKI@MPRT_PLUGINCONFIG?$AA@ 0000000180004208     flags.obj
 0001:00003220       ??_C@_0BA@EJFFOAMM@MPRT_PLUGINMENU?$AA@ 0000000180004220     flags.obj
 0001:00003230       ??_C@_0BA@OBIDLEIM@MPRT_PLUGINCALL?$AA@ 0000000180004230     flags.obj
 0001:00003240       ??_C@_0L@GEHHCKFA@MPRT_PRINT?$AA@ 0000000180004240     flags.obj
 0001:00003250       ??_C@_09EJDAADCN@MPRT_KEYS?$AA@ 0000000180004250     flags.obj
 0001:00003260       ??_C@_0BA@BCBAEEOI@MPRT_ERRORPARSE?$AA@ 0000000180004260     flags.obj
 0001:00003270       ??_C@_0BB@PMCBIGCA@MPRT_ERRORFINISH?$AA@ 0000000180004270     flags.obj
 0001:00003288       ??_C@_0BC@IOECJI@MPRT_NORMALFINISH?$AA@ 0000000180004288     flags.obj
 0001:000032a0       ??_C@_0N@BHFJFHA@MCT_KEYMACRO?$AA@ 00000001800042a0     flags.obj
 0001:000032b0       ??_C@_0N@FOPIOCHO@MCT_ADDMACRO?$AA@ 00000001800042b0     flags.obj
 0001:000032c0       ??_C@_0BH@PKKJIOHM@MCT_GETCUSTOMSORTMODES?$AA@ 00000001800042c0     flags.obj
 0001:000032d8       ??_C@_0O@CDBDPKIC@MCT_PANELSORT?$AA@ 00000001800042d8     flags.obj
 0001:000032e8       ??_C@_0P@HOMHAEFB@MCT_EXECSTRING?$AA@ 00000001800042e8     flags.obj
 0001:000032f8       ??_C@_0BC@NALHIHJ@MCT_RUNSTARTMACRO?$AA@ 00000001800042f8     flags.obj
 0001:00003310       ??_C@_0N@OLCKOJMI@MCT_DELMACRO?$AA@ 0000000180004310     flags.obj
 0001:00003320       ??_C@_0BC@NFGGBILF@MCT_RECORDEDMACRO?$AA@ 0000000180004320     flags.obj
 0001:00003338       ??_C@_0N@IGJGAHKE@MCT_GETMACRO?$AA@ 0000000180004338     flags.obj
 0001:00003348       ??_C@_0BA@MOCJHMJK@MCT_WRITEMACROS?$AA@ 0000000180004348     flags.obj
 0001:00003358       ??_C@_0P@HMDDACMI@MCT_ENUMMACROS?$AA@ 0000000180004358     flags.obj
 0001:00003368       ??_C@_0P@GNPFPCF@MCT_LOADMACROS?$AA@ 0000000180004368     flags.obj
 0001:00003378       ??_C@_0P@GBMLNMMI@MCT_MACROPARSE?$AA@ 0000000180004378     flags.obj
 0001:00003388       ??_C@_0O@NEDDJIHC@OPEN_LUAMACRO?$AA@ 0000000180004388     flags.obj
 0001:00003398       ??_C@_0P@FOKOAMLC@OPEN_FROMMACRO?$AA@ 0000000180004398     flags.obj
 0001:000033a8       ??_C@_0BD@NFNGGFHI@OPEN_RIGHTDISKMENU?$AA@ 00000001800043a8     flags.obj
 0001:000033c0       ??_C@_0N@CBHPGAKB@OPEN_ANALYSE?$AA@ 00000001800043c0     flags.obj
 0001:000033d0       ??_C@_0M@LEBKLGKD@OPEN_DIALOG?$AA@ 00000001800043d0     flags.obj
 0001:000033e0       ??_C@_0P@LCDNLGDE@OPEN_FILEPANEL?$AA@ 00000001800043e0     flags.obj
 0001:000033f0       ??_C@_0M@MOBCONI@OPEN_VIEWER?$AA@ 00000001800043f0     flags.obj
 0001:00003400       ??_C@_0M@DMJLHMGM@OPEN_EDITOR?$AA@ 0000000180004400     flags.obj
 0001:00003410       ??_C@_0BB@JHCCMIPF@OPEN_COMMANDLINE?$AA@ 0000000180004410     flags.obj
 0001:00003428       ??_C@_0O@OGDCDPNG@OPEN_SHORTCUT?$AA@ 0000000180004428     flags.obj
 0001:00003438       ??_C@_0O@IEJHJCNB@OPEN_FINDLIST?$AA@ 0000000180004438     flags.obj
 0001:00003448       ??_C@_0BB@CEFDHHLF@OPEN_PLUGINSMENU?$AA@ 0000000180004448     flags.obj
 0001:00003460       ??_C@_0BC@OOKLINPG@OPEN_LEFTDISKMENU?$AA@ 0000000180004460     flags.obj
 0001:00003474       ??_C@_05MMFLPJEB@VS_RC?$AA@ 0000000180004474     flags.obj
 0001:00003480       ??_C@_07OKFPMINB@VS_BETA?$AA@ 0000000180004480     flags.obj
 0001:00003488       ??_C@_08BDGLHPMJ@VS_ALPHA?$AA@ 0000000180004488     flags.obj
 0001:00003498       ??_C@_0L@NCFOENCC@VS_RELEASE?$AA@ 0000000180004498     flags.obj
 0001:000034a8       ??_C@_0L@NPJNPCJM@CPM_NATIVE?$AA@ 00000001800044a8     flags.obj
 0001:000034b8       ??_C@_08LAEGFKJE@CPM_REAL?$AA@ 00000001800044b8     flags.obj
 0001:000034c8       ??_C@_08HNOHKPBK@CPM_FULL?$AA@ 00000001800044c8     flags.obj
 0001:000034d8       ??_C@_0N@PJENIJFN@LINK_SYMLINK?$AA@ 00000001800044d8     flags.obj
 0001:000034e8       ??_C@_0BA@GFPIOFMG@LINK_SYMLINKDIR?$AA@ 00000001800044e8     flags.obj
 0001:000034f8       ??_C@_0BB@JDBEPJDK@LINK_SYMLINKFILE?$AA@ 00000001800044f8     flags.obj
 0001:00003510       ??_C@_0O@FIAPLKLH@LINK_VOLMOUNT?$AA@ 0000000180004510     flags.obj
 0001:00003520       ??_C@_0O@OOAFIIDA@LINK_JUNCTION?$AA@ 0000000180004520     flags.obj
 0001:00003530       ??_C@_0O@KJFMBLFE@LINK_HARDLINK?$AA@ 0000000180004530     flags.obj
 0001:00003540       ??_C@_0L@IADFDBJB@FCT_COLUMN?$AA@ 0000000180004540     flags.obj
 0001:00003550       ??_C@_0L@CDAEILNM@FCT_STREAM?$AA@ 0000000180004550     flags.obj
 0001:00003560       ??_C@_07BPEFOPGM@FCT_ANY?$AA@ 0000000180004560     flags.obj
 0001:00003568       ??_C@_09EDBNDHCM@PSL_LOCAL?$AA@ 0000000180004568     flags.obj
 0001:00003578       ??_C@_0M@JCGHGLJF@PSL_ROAMING?$AA@ 0000000180004578     flags.obj
 0001:00003588       ??_C@_0BB@GBBEBNKE@FSSF_PANELLAYOUT?$AA@ 0000000180004588     flags.obj
 0001:000035a0       ??_C@_0P@OCDADNBF@FSSF_INTERFACE?$AA@ 00000001800045a0     flags.obj
 0001:000035b0       ??_C@_0M@CBDJLJIE@FSSF_DIALOG?$AA@ 00000001800045b0     flags.obj
 0001:000035c0       ??_C@_0M@KEMGKEOF@FSSF_SCREEN?$AA@ 00000001800045c0     flags.obj
 0001:000035d0       ??_C@_0M@KJLIHDEL@FSSF_EDITOR?$AA@ 00000001800045d0     flags.obj
 0001:000035e0       ??_C@_0L@LBFNJGFB@FSSF_PANEL?$AA@ 00000001800045e0     flags.obj
 0001:000035f0       ??_C@_0M@PIGDMPJB@FSSF_SYSTEM?$AA@ 00000001800045f0     flags.obj
 0001:00003600       ??_C@_0BD@PBIEGEHP@FSSF_CONFIRMATIONS?$AA@ 0000000180004600     flags.obj
 0001:00003618       ??_C@_0BG@OHMIIBBD@FSSF_FOLDERSHORTCUT_9?$AA@ 0000000180004618     flags.obj
 0001:00003630       ??_C@_0BG@PONDLAFC@FSSF_FOLDERSHORTCUT_8?$AA@ 0000000180004630     flags.obj
 0001:00003648       ??_C@_0BG@HJELKMJN@FSSF_FOLDERSHORTCUT_7?$AA@ 0000000180004648     flags.obj
 0001:00003660       ??_C@_0BG@GAFAJNNM@FSSF_FOLDERSHORTCUT_6?$AA@ 0000000180004660     flags.obj
 0001:00003678       ??_C@_0BG@ELHNMOBP@FSSF_FOLDERSHORTCUT_5?$AA@ 0000000180004678     flags.obj
 0001:00003690       ??_C@_0BG@FCGGPPFO@FSSF_FOLDERSHORTCUT_4?$AA@ 0000000180004690     flags.obj
 0001:000036a8       ??_C@_0BG@BNCHGJJJ@FSSF_FOLDERSHORTCUT_3?$AA@ 00000001800046a8     flags.obj
 0001:000036c0       ??_C@_0BG@EDMFINI@FSSF_FOLDERSHORTCUT_2?$AA@ 00000001800046c0     flags.obj
 0001:000036d8       ??_C@_0BG@CPBBALBL@FSSF_FOLDERSHORTCUT_1?$AA@ 00000001800046d8     flags.obj
 0001:000036f0       ??_C@_0BG@DGAKDKFK@FSSF_FOLDERSHORTCUT_0?$AA@ 00000001800046f0     flags.obj
 0001:00003708       ??_C@_0BG@IFGEMJIF@FSSF_HISTORY_EXTERNAL?$AA@ 0000000180004708     flags.obj
 0001:00003720       ??_C@_0BC@CODELNPP@FSSF_HISTORY_EDIT?$AA@ 0000000180004720     flags.obj
 0001:00003738       ??_C@_0BC@NJCJCCNH@FSSF_HISTORY_VIEW?$AA@ 0000000180004738     flags.obj
 0001:00003750       ??_C@_0BE@BLPOFODL@FSSF_HISTORY_FOLDER?$AA@ 0000000180004750     flags.obj
 0001:00003768       ??_C@_0BB@HDKCPBIO@FSSF_HISTORY_CMD?$AA@ 0000000180004768     flags.obj
 0001:00003780       ??_C@_09OBBBBFPE@FSSF_ROOT?$AA@ 0000000180004780     flags.obj
 0001:00003790       ??_C@_08EJJJCLIG@FST_DATA?$AA@ 0000000180004790     flags.obj
 0001:000037a0       ??_C@_0L@LPMPBKDL@FST_STRING?$AA@ 00000001800047a0     flags.obj
 0001:000037b0       ??_C@_09LFEEAJIC@FST_QWORD?$AA@ 00000001800047b0     flags.obj
 0001:000037c0       ??_C@_0L@GGGOEGKJ@FST_SUBKEY?$AA@ 00000001800047c0     flags.obj
 0001:000037d0       ??_C@_0M@OIOMMFOE@FST_UNKNOWN?$AA@ 00000001800047d0     flags.obj
 0001:000037e0       ??_C@_0L@LGPEDLLD@FFT_CUSTOM?$AA@ 00000001800047e0     flags.obj
 0001:000037f0       ??_C@_0L@EKPDMFDD@FFT_SELECT?$AA@ 00000001800047f0     flags.obj
 0001:00003800       ??_C@_08KKCPIPGP@FFT_COPY?$AA@ 0000000180004800     flags.obj
 0001:00003810       ??_C@_0N@GMEDAGNH@FFT_FINDFILE?$AA@ 0000000180004810     flags.obj
 0001:00003820       ??_C@_09BOODOHKD@FFT_PANEL?$AA@ 0000000180004820     flags.obj
 0001:00003830       ??_C@_0P@KKEMMPNI@PFM_MODULENAME?$AA@ 0000000180004830     flags.obj
 0001:00003840       ??_C@_08KBAMIIFB@PFM_GUID?$AA@ 0000000180004840     flags.obj
 0001:00003850       ??_C@_08HHHKLJPB@PLT_PATH?$AA@ 0000000180004850     flags.obj
 0001:00003860       ??_C@_0P@NMOJJPOB@ECTYPE_DELETED?$AA@ 0000000180004860     flags.obj
 0001:00003870       ??_C@_0N@MDEFMEEA@ECTYPE_ADDED?$AA@ 0000000180004870     flags.obj
 0001:00003880       ??_C@_0P@DOBJCNIG@ECTYPE_CHANGED?$AA@ 0000000180004880     flags.obj
 0001:00003890       ??_C@_0P@BECIAJAM@ECSTATE_LOCKED?$AA@ 0000000180004890     flags.obj
 0001:000038a0       ??_C@_0O@GBBGHDFM@ECSTATE_SAVED?$AA@ 00000001800048a0     flags.obj
 0001:000038b0       ??_C@_0BB@BNPDAPGB@ECSTATE_MODIFIED?$AA@ 00000001800048b0     flags.obj
 0001:000038c8       ??_C@_0N@EMEGNPLI@BTYPE_COLUMN?$AA@ 00000001800048c8     flags.obj
 0001:000038d8       ??_C@_0N@OPHHGFPF@BTYPE_STREAM?$AA@ 00000001800048d8     flags.obj
 0001:000038e8       ??_C@_0L@BJCBJJNB@BTYPE_NONE?$AA@ 00000001800048e8     flags.obj
 0001:000038f8       ??_C@_0BD@CLLAKGOA@EOPT_SHOWLINEBREAK?$AA@ 00000001800048f8     flags.obj
 0001:00003910       ??_C@_08HMMLONBH@EOPT_BOM?$AA@ 0000000180004910     flags.obj
 0001:00003920       ??_C@_0BE@DDKCDJDC@EOPT_SHOWWHITESPACE?$AA@ 0000000180004920     flags.obj
 0001:00003938       ??_C@_0BH@CJPAGGLC@EOPT_EXPANDONLYNEWTABS?$AA@ 0000000180004938     flags.obj
 0001:00003950       ??_C@_0BF@IMCOEIAL@EOPT_CURSORBEYONDEOL?$AA@ 0000000180004950     flags.obj
 0001:00003968       ??_C@_0BI@PFHCGCAI@EOPT_AUTODETECTCODEPAGE?$AA@ 0000000180004968     flags.obj
 0001:00003980       ??_C@_0BG@MBPADLG@EOPT_SAVEFILEPOSITION?$AA@ 0000000180004980     flags.obj
 0001:00003998       ??_C@_0BA@KPJEAKBD@EOPT_AUTOINDENT?$AA@ 0000000180004998     flags.obj
 0001:000039a8       ??_C@_0BG@PIIHHCAN@EOPT_DELREMOVESBLOCKS?$AA@ 00000001800049a8     flags.obj
 0001:000039c0       ??_C@_0BG@BOINMDEK@EOPT_PERSISTENTBLOCKS?$AA@ 00000001800049c0     flags.obj
 0001:000039d8       ??_C@_0BD@DKHPEOHH@EOPT_EXPANDALLTABS?$AA@ 00000001800049d8     flags.obj
 0001:000039f0       ??_C@_0P@OONGIIBL@EXPAND_NEWTABS?$AA@ 00000001800049f0     flags.obj
 0001:00003a00       ??_C@_0P@MLHPCNDM@EXPAND_ALLTABS?$AA@ 0000000180004a00     flags.obj
 0001:00003a10       ??_C@_0O@PKOIFEBO@EXPAND_NOTABS?$AA@ 0000000180004a10     flags.obj
 0001:00003a20       ??_C@_08DHMMFAHF@EUR_REDO?$AA@ 0000000180004a20     flags.obj
 0001:00003a30       ??_C@_08FCONALGE@EUR_UNDO?$AA@ 0000000180004a30     flags.obj
 0001:00003a40       ??_C@_07DDJDFJCN@EUR_END?$AA@ 0000000180004a40     flags.obj
 0001:00003a48       ??_C@_09FLEMPKKP@EUR_BEGIN?$AA@ 0000000180004a48     flags.obj
 0001:00003a58       ??_C@_0M@FICNFPPA@ESPT_SETBOM?$AA@ 0000000180004a58     flags.obj
 0001:00003a68       ??_C@_0BE@MACJBCFP@ESPT_SHOWWHITESPACE?$AA@ 0000000180004a68     flags.obj
 0001:00003a80       ??_C@_0BA@FGEHLJDF@ESPT_GETWORDDIV?$AA@ 0000000180004a80     flags.obj
 0001:00003a90       ??_C@_0BA@EIGIAOHM@ESPT_SETWORDDIV?$AA@ 0000000180004a90     flags.obj
 0001:00003aa0       ??_C@_0O@KCPDJCKC@ESPT_LOCKMODE?$AA@ 0000000180004aa0     flags.obj
 0001:00003ab0       ??_C@_0BG@HAPABMJH@ESPT_SAVEFILEPOSITION?$AA@ 0000000180004ab0     flags.obj
 0001:00003ac8       ??_C@_0O@PIAOJINE@ESPT_CODEPAGE?$AA@ 0000000180004ac8     flags.obj
 0001:00003ad8       ??_C@_0BC@OECOCGLJ@ESPT_CHARCODEBASE?$AA@ 0000000180004ad8     flags.obj
 0001:00003af0       ??_C@_0BF@LPNONOMF@ESPT_CURSORBEYONDEOL?$AA@ 0000000180004af0     flags.obj
 0001:00003b08       ??_C@_0BA@KOADDMLI@ESPT_AUTOINDENT?$AA@ 0000000180004b08     flags.obj
 0001:00003b18       ??_C@_0BA@GOKHPFCK@ESPT_EXPANDTABS?$AA@ 0000000180004b18     flags.obj
 0001:00003b28       ??_C@_0N@HKGMPMJE@ESPT_TABSIZE?$AA@ 0000000180004b28     flags.obj
 0001:00003b38       ??_C@_0BB@MNODJNPE@SE_COMMONSYNCHRO?$AA@ 0000000180004b38     flags.obj
 0001:00003b50       ??_C@_0O@ICBCOJCG@DE_DLGPROCEND?$AA@ 0000000180004b50     flags.obj
 0001:00003b60       ??_C@_0BC@BMFEJAMO@DE_DEFDLGPROCINIT?$AA@ 0000000180004b60     flags.obj
 0001:00003b78       ??_C@_0P@MBHAHBBG@DE_DLGPROCINIT?$AA@ 0000000180004b78     flags.obj
 0001:00003b88       ??_C@_09MIOGFFI@EE_CHANGE?$AA@ 0000000180004b88     flags.obj
 0001:00003b98       ??_C@_0N@ILLPMAJF@EE_KILLFOCUS?$AA@ 0000000180004b98     flags.obj
 0001:00003ba8       ??_C@_0M@CPNMNBMF@EE_GOTFOCUS?$AA@ 0000000180004ba8     flags.obj
 0001:00003bb8       ??_C@_08NFPFGIG@EE_CLOSE?$AA@ 0000000180004bb8     flags.obj
 0001:00003bc8       ??_C@_09NPOPIKMK@EE_REDRAW?$AA@ 0000000180004bc8     flags.obj
 0001:00003bd8       ??_C@_07KJGPGPOC@EE_SAVE?$AA@ 0000000180004bd8     flags.obj
 0001:00003be0       ??_C@_07BLBPFFLB@EE_READ?$AA@ 0000000180004be0     flags.obj
 0001:00003be8       ??_C@_0N@ICHCAKIB@VE_KILLFOCUS?$AA@ 0000000180004be8     flags.obj
 0001:00003bf8       ??_C@_0M@FEFKOOMJ@VE_GOTFOCUS?$AA@ 0000000180004bf8     flags.obj
 0001:00003c08       ??_C@_08JIBCCIDC@VE_CLOSE?$AA@ 0000000180004c08     flags.obj
 0001:00003c18       ??_C@_07OJCLGDHJ@VE_READ?$AA@ 0000000180004c18     flags.obj
 0001:00003c20       ??_C@_08BDDNDBMJ@VMT_DUMP?$AA@ 0000000180004c20     flags.obj
 0001:00003c30       ??_C@_07FLIHDEDA@VMT_HEX?$AA@ 0000000180004c30     flags.obj
 0001:00003c38       ??_C@_08FNEFFFEL@VMT_TEXT?$AA@ 0000000180004c38     flags.obj
 0001:00003c48       ??_C@_0O@INKALKJK@VSMT_WORDWRAP?$AA@ 0000000180004c48     flags.obj
 0001:00003c58       ??_C@_09FLKONCNO@VSMT_WRAP?$AA@ 0000000180004c58     flags.obj
 0001:00003c68       ??_C@_0O@MCNCFBLF@VSMT_VIEWMODE?$AA@ 0000000180004c68     flags.obj
 0001:00003c78       ??_C@_0M@GHGAPHPP@TBPS_PAUSED?$AA@ 0000000180004c78     flags.obj
 0001:00003c88       ??_C@_0L@DFDPCOFD@TBPS_ERROR?$AA@ 0000000180004c88     flags.obj
 0001:00003c98       ??_C@_0M@KHLNKPHE@TBPS_NORMAL?$AA@ 0000000180004c98     flags.obj
 0001:00003ca8       ??_C@_0BD@HMEHMDAL@TBPS_INDETERMINATE?$AA@ 0000000180004ca8     flags.obj
 0001:00003cc0       ??_C@_0BA@IPEAOBGN@TBPS_NOPROGRESS?$AA@ 0000000180004cc0     flags.obj
 0001:00003cd0       ??_C@_0L@BCEMNGOG@WTYPE_HELP?$AA@ 0000000180004cd0     flags.obj
 0001:00003ce0       ??_C@_0M@OMKLELFA@WTYPE_VMENU?$AA@ 0000000180004ce0     flags.obj
 0001:00003cf0       ??_C@_0N@PBFHKEGB@WTYPE_DIALOG?$AA@ 0000000180004cf0     flags.obj
 0001:00003d00       ??_C@_0N@HJNGGOKO@WTYPE_EDITOR?$AA@ 0000000180004d00     flags.obj
 0001:00003d10       ??_C@_0N@EJKMDMBK@WTYPE_VIEWER?$AA@ 0000000180004d10     flags.obj
 0001:00003d20       ??_C@_0N@FNCFCPIG@WTYPE_PANELS?$AA@ 0000000180004d20     flags.obj
 0001:00003d30       ??_C@_0O@DCGKMPOM@WTYPE_DESKTOP?$AA@ 0000000180004d30     flags.obj
 0001:00003d40       ??_C@_0L@PMDDFEBD@FMVT_PANEL?$AA@ 0000000180004d40     flags.obj
[...]
 0001:00028f60       far_UnloadPlugin           0000000180029f60 f   service.obj
 0001:00028fd0       far_FindPlugin             0000000180029fd0 f   service.obj
 0001:000290b0       PutPluginMenuItemToTable   000000018002a0b0 f   service.obj
 0001:000291d0       PutVersionInfoToTable      000000018002a1d0 f   service.obj
 0001:00029270       far_GetPluginInformation   000000018002a270 f   service.obj
 0001:00029500       far_GetPlugins             000000018002a500 f   service.obj
 0001:00029620       far_IsPluginLoaded         000000018002a620 f   service.obj
 0001:00029740       far_XLat                   000000018002a740 f   service.obj
 0001:00029840       far_FormatFileSize         000000018002a840 f   service.obj
 0001:00029970       far_FarClock               000000018002a970 f   service.obj
 0001:00029ad0       far_Timer                  000000018002aad0 f   service.obj
 0001:00029ca0       timer_Close                000000018002aca0 f   service.obj
 0001:00029cd0       timer_tostring             000000018002acd0 f   service.obj
 0001:00029d30       timer_index                000000018002ad30 f   service.obj
 0001:00029e70       timer_newindex             000000018002ae70 f   service.obj
 0001:00029ff0       far_CreateSettings         000000018002aff0 f   service.obj
 0001:0002a1e0       Settings_set               000000018002b1e0 f   service.obj
 0001:0002a3d0       Settings_get               000000018002b3d0 f   service.obj
 0001:0002a530       Settings_delete            000000018002b530 f   service.obj
 0001:0002a600       Settings_createsubkey      000000018002b600 f   service.obj
 0001:0002a740       Settings_opensubkey        000000018002b740 f   service.obj
 0001:0002a820       Settings_enum              000000018002b820 f   service.obj
 0001:0002ab40       Settings_free              000000018002bb40 f   service.obj
 0001:0002abe0       far_FreeSettings           000000018002bbe0 f   service.obj
 0001:0002ac80       Settings_tostring          000000018002bc80 f   service.obj
 0001:0002ace0       far_ColorDialog            000000018002bce0 f   service.obj
 0001:0002b120       CustomAllocator            000000018002c120 f   service.obj
 0001:0002b250       luaopen_far                000000018002c250 f   service.obj
 0001:0002b6b0       grab_one_utf8              000000018002c6b0 f   slnunico.obj
 0001:0002b760       utf8_enco                  000000018002c760 f   slnunico.obj
 0001:0002b870       utf8_deco                  000000018002c870 f   slnunico.obj
 0001:0002b950       utf8_graphext              000000018002c950 f   slnunico.obj
 0001:0002baa0       utf8_count                 000000018002caa0 f   slnunico.obj
 0001:0002bb80       unic_len                   000000018002cb80 f   slnunico.obj
 0001:0002bc20       unic_sub                   000000018002cc20 f   slnunico.obj
 0001:0002bda0       str_reverse                000000018002cda0 f   slnunico.obj
 0001:0002c0c0       unic_lower                 000000018002d0c0 f   slnunico.obj
 0001:0002c250       unic_upper                 000000018002d250 f   slnunico.obj
 0001:0002c3e0       str_rep                    000000018002d3e0 f   slnunico.obj
 0001:0002c470       unic_byte                  000000018002d470 f   slnunico.obj
 0001:0002c630       unic_char                  000000018002d630 f   slnunico.obj
 0001:0002c740       writer                     000000018002d740 f   slnunico.obj
 0001:0002c760       str_dump                   000000018002d760 f   slnunico.obj
 0001:0002c7e0       classend                   000000018002d7e0 f   slnunico.obj
 0001:0002c8c0       match_class                000000018002d8c0 f   slnunico.obj
 0001:0002caa0       singlematch                000000018002daa0 f   slnunico.obj
 0001:0002cd50       matchbalance               000000018002dd50 f   slnunico.obj
 0001:0002cdf0       max_expand                 000000018002ddf0 f   slnunico.obj
 0001:0002d090       min_expand                 000000018002e090 f   slnunico.obj
 0001:0002d110       start_capture              000000018002e110 f   slnunico.obj
 0001:0002d1a0       end_capture                000000018002e1a0 f   slnunico.obj
 0001:0002d250       match_capture              000000018002e250 f   slnunico.obj
 0001:0002d2f0       match                      000000018002e2f0 f   slnunico.obj
 0001:0002d4d0       lmemfind                   000000018002e4d0 f   slnunico.obj
 0001:0002d580       push_onecapture            000000018002e580 f   slnunico.obj
 0001:0002d640       push_captures              000000018002e640 f   slnunico.obj
 0001:0002d750       unic_find_aux              000000018002e750 f   slnunico.obj
 0001:0002da30       unic_find                  000000018002ea30 f   slnunico.obj
 0001:0002da40       unic_match                 000000018002ea40 f   slnunico.obj
 0001:0002da50       gmatch_aux                 000000018002ea50 f   slnunico.obj
 0001:0002db60       gmatch                     000000018002eb60 f   slnunico.obj
 0001:0002dc40       gfind_nodef                000000018002ec40 f   slnunico.obj
 0001:0002dc50       add_s                      000000018002ec50 f   slnunico.obj
 0001:0002dd50       add_value                  000000018002ed50 f   slnunico.obj
 0001:0002deb0       unic_gsub                  000000018002eeb0 f   slnunico.obj
 0001:0002e110       addquoted                  000000018002f110 f   slnunico.obj
 0001:0002e230       scanformat                 000000018002f230 f   slnunico.obj
 0001:0002e360       str_format                 000000018002f360 f   slnunico.obj
 0001:0002e6d0       utf8_valid                 000000018002f6d0 f   slnunico.obj
 0001:0002e980       pushresult                 000000018002f980 f   uliolib51.obj
 0001:0002ea50       fileerror                  000000018002fa50 f   uliolib51.obj
 0001:0002ead0       io_type                    000000018002fad0 f   uliolib51.obj
 0001:0002eba0       tofile                     000000018002fba0 f   uliolib51.obj
 0001:0002ec00       newfile                    000000018002fc00 f   uliolib51.obj
 0001:0002ec50       io_noclose                 000000018002fc50 f   uliolib51.obj
 0001:0002ec80       io_pclose                  000000018002fc80 f   uliolib51.obj
 0001:0002ed30       io_fclose                  000000018002fd30 f   uliolib51.obj
 0001:0002ede0       io_close                   000000018002fde0 f   uliolib51.obj
 0001:0002ee70       io_gc                      000000018002fe70 f   uliolib51.obj
 0001:0002eed0       io_tostring                000000018002fed0 f   uliolib51.obj
 0001:0002ef30       io_open                    000000018002ff30 f   uliolib51.obj
 0001:0002f060       io_popen                   0000000180030060 f   uliolib51.obj
 0001:0002f120       io_tmpfile                 0000000180030120 f   uliolib51.obj
 0001:0002f1d0       g_iofile                   00000001800301d0 f   uliolib51.obj
 0001:0002f2c0       io_input                   00000001800302c0 f   uliolib51.obj
 0001:0002f2e0       io_output                  00000001800302e0 f   uliolib51.obj
 0001:0002f300       read_line                  0000000180030300 f   uliolib51.obj
 0001:0002f3f0       read_chars                 00000001800303f0 f   uliolib51.obj
 0001:0002f490       g_read                     0000000180030490 f   uliolib51.obj
 0001:0002f690       io_read                    0000000180030690 f   uliolib51.obj
 0001:0002f700       f_read                     0000000180030700 f   uliolib51.obj
 0001:0002f760       io_readline                0000000180030760 f   uliolib51.obj
 0001:0002f860       g_write                    0000000180030860 f   uliolib51.obj
 0001:0002f970       io_write                   0000000180030970 f   uliolib51.obj
 0001:0002f9e0       f_write                    00000001800309e0 f   uliolib51.obj
 0001:0002fa40       f_seek                     0000000180030a40 f   uliolib51.obj
 0001:0002fb40       f_setvbuf                  0000000180030b40 f   uliolib51.obj
 0001:0002fc30       io_flush                   0000000180030c30 f   uliolib51.obj
 0001:0002fd00       f_flush                    0000000180030d00 f   uliolib51.obj
 0001:000300b0       f_lines                    00000001800310b0 f   uliolib51.obj
 0001:00030120       io_lines                   0000000180031120 f   uliolib51.obj
 0001:00030220       setprogdir                 0000000180031220 f   uloadlib51.obj
 0001:000302c0       ll_register                00000001800312c0 f   uloadlib51.obj
 0001:000303b0       gctm                       00000001800313b0 f   uloadlib51.obj
 0001:00030400       ll_loadfunc                0000000180031400 f   uloadlib51.obj
 0001:000304a0       ll_loadlib                 00000001800314a0 f   uloadlib51.obj
 0001:00030530       pushnexttemplate           0000000180031530 f   uloadlib51.obj
 0001:000305e0       findfile                   00000001800315e0 f   uloadlib51.obj
 0001:00030790       loaderror                  0000000180031790 f   uloadlib51.obj
 0001:00030800       loader_Lua                 0000000180031800 f   uloadlib51.obj
 0001:00030860       mkfuncname                 0000000180031860 f   uloadlib51.obj
 0001:000308d0       loader_C                   00000001800318d0 f   uloadlib51.obj
 0001:00030950       loader_Croot               0000000180031950 f   uloadlib51.obj
 0001:00030a20       loader_preload             0000000180031a20 f   uloadlib51.obj
 0001:00030ab0       ll_require                 0000000180031ab0 f   uloadlib51.obj
 0001:00030cf0       setfenv                    0000000180031cf0 f   uloadlib51.obj
 0001:00030d80       modinit                    0000000180031d80 f   uloadlib51.obj
 0001:00030e20       ll_module                  0000000180031e20 f   uloadlib51.obj
 0001:00030f80       ll_seeall                  0000000180031f80 f   uloadlib51.obj
 0001:00032910       ustring_OutputDebugString  0000000180033910 f   ustring.obj
 0001:00032b40       ustring_system             0000000180033b40 f   ustring.obj
 0001:00033e30       win_GetEnv                 0000000180034e30 f   win.obj
 0001:00033ef0       win_SetEnv                 0000000180034ef0 f   win.obj
 0001:00033f50       CheckHKey                  0000000180034f50 f   win.obj
 0001:00034030       win_SetRegKey              0000000180035030 f   win.obj
 0001:00034220       win_GetRegKey              0000000180035220 f   win.obj
 0001:000343d0       win_DeleteRegKey           00000001800353d0 f   win.obj
 0001:00034430       win_EnumRegKey             0000000180035430 f   win.obj
 0001:00034550       win_EnumRegValue           0000000180035550 f   win.obj
 0001:00034670       ExtractKey                 0000000180035670 f   win.obj
 0001:00034710       win_ExtractKey             0000000180035710 f   win.obj
 0001:00034770       PushWinFindData            0000000180035770 f   win.obj
 0001:00034840       win_GetFileInfo            0000000180035840 f   win.obj
 0001:000348b0       pushSystemTime             00000001800358b0 f   win.obj
 0001:00034980       win_GetSystemTimeAsFileTime 0000000180035980 f   win.obj
 0001:000349b0       win_FileTimeToSystemTime   00000001800359b0 f   win.obj
 0001:00034a20       win_SystemTimeToFileTime   0000000180035a20 f   win.obj
 0001:00034b40       win_FileTimeToLocalFileTime 0000000180035b40 f   win.obj
 0001:00034bb0       win_CompareString          0000000180035bb0 f   win.obj
 0001:00034d40       win_wcscmp                 0000000180035d40 f   win.obj
 0001:00034dc0       win_GetVirtualKeys         0000000180035dc0 f   win.obj
 0001:00034de0       win_GetConsoleScreenBufferInfo 0000000180035de0 f   win.obj
 0001:00034f20       win_CopyFile               0000000180035f20 f   win.obj
 0001:00034fc0       win_MoveFile               0000000180035fc0 f   win.obj
 0001:000350d0       win_DeleteFile             00000001800360d0 f   win.obj
 0001:00035120       mkdir                      0000000180036120 f   win.obj
 0001:00035320       win_CreateDir              0000000180036320 f   win.obj
 0001:00035440       win_RemoveDir              0000000180036440 f   win.obj
 0001:00035490       win_ShellExecute           0000000180036490 f   win.obj
 0001:00037998       idtab                      0000000180038998 f   LIBCMT:popen.obj
 0001:00038218       genfname                   0000000180039218 f   LIBCMT:tmpfile.obj
 0001:00039058       flsall                     000000018003a058 f   LIBCMT:fflush.obj
 0001:00039680       __DllMainCRTStartup        000000018003a680 f   LIBCMT:dllcrt0.obj
 0001:00039970       _cftoe2_l                  000000018003a970 f   LIBCMT:cvt.obj
 0001:0003a07c       _cftof2_l                  000000018003b07c f   LIBCMT:cvt.obj
 0001:0003a6a4       write_char                 000000018003b6a4 f   LIBCMT:output.obj
 0001:0003a6ec       write_multi_char           000000018003b6ec f   LIBCMT:output.obj
 0001:0003a740       write_string               000000018003b740 f   LIBCMT:output.obj
 0001:0003b7f8       _initterm                  000000018003c7f8 f   LIBCMT:crt0dat.obj
 0001:0003b918       doexit                     000000018003c918 f   LIBCMT:crt0dat.obj
 0001:0003dd94       ?setSBCS@@YAXPEAUthreadmbcinfostruct@@@Z 000000018003ed94 f   LIBCMT:mbctype.obj
 0001:0003de20       ?setSBUpLow@@YAXPEAUthreadmbcinfostruct@@@Z 000000018003ee20 f   LIBCMT:mbctype.obj
 0001:0003e0cc       ?getSystemCP@@YAHH@Z       000000018003f0cc f   LIBCMT:mbctype.obj
 0001:0003ece0       write_char                 000000018003fce0 f   LIBCMT:woutput.obj
 0001:0003ed18       write_multi_char           000000018003fd18 f   LIBCMT:woutput.obj
 0001:0003ed6c       write_string               000000018003fd6c f   LIBCMT:woutput.obj
 0001:000402ec       xtoa_s                     00000001800412ec f   LIBCMT:xtoas.obj
 0001:000403fc       ?strtoxl@@YAKPEAUlocaleinfo_struct@@PEBDPEAPEBDHH@Z 00000001800413fc f   LIBCMT:strtol.obj
 0001:000407ac       _tsopen_nolock             00000001800417ac f   LIBCMT:open.obj
 0001:0004105c       __check_float_string       000000018004205c f   LIBCMT:input.obj
 0001:000410f4       _inc                       00000001800420f4 f   LIBCMT:input.obj
 0001:00043194       wcomexecmd                 0000000180044194 f   LIBCMT:wspawnve.obj
 0001:000435e4       parse_cmdline              00000001800445e4 f   LIBCMT:stdargv.obj
 0001:00045384       _tsopen_nolock             0000000180046384 f   LIBCMT:wopen.obj
 0001:00046008       ?__crtLCMapStringA_stat@@YAHPEAUlocaleinfo_struct@@KKPEBDHPEADHHH@Z 0000000180047008 f   LIBCMT:a_map.obj
 0001:0004636c       ?__crtGetStringTypeA_stat@@YAHPEAUlocaleinfo_struct@@KPEBDHPEAGHHH@Z 000000018004736c f   LIBCMT:a_str.obj
 0001:00047fbc       ?x_ismbbtype_l@@YAHPEAUlocaleinfo_struct@@IHH@Z 0000000180048fbc f   LIBCMT:ismbbyte.obj
 0001:0004a394       ?_strupr_s_l_stat@@YAHPEAD_KPEAUlocaleinfo_struct@@@Z 000000018004b394 f   LIBCMT:strupr.obj
 0001:0004a640       _control87$filt$0          000000018004b640 f   LIBCMT:_ieee_.obj
 0001:0004a66c       fread_s$fin$0              000000018004b66c f   LIBCMT:fread.obj
 0001:0004a686       ungetc$fin$0               000000018004b686 f   LIBCMT:ungetc.obj
 0001:0004a6a0       _wfreopen_helper$fin$0     000000018004b6a0 f   LIBCMT:wfreopen.obj
 0001:0004a6ba       fprintf$fin$0              000000018004b6ba f   LIBCMT:fprintf.obj
 0001:0004a6ba       _wfsopen$fin$0             000000018004b6ba f   LIBCMT:fprintf.obj
 0001:0004a6d4       _pclose$fin$0              000000018004b6d4 f   LIBCMT:popen.obj
 0001:0004a6ef       _wpopen$fin$0              000000018004b6ef f   LIBCMT:wpopen.obj
 0001:0004a70a       _tmpfile_helper$fin$0      000000018004b70a f   LIBCMT:tmpfile.obj
 0001:0004a735       vfscanf$fin$0              000000018004b735 f   LIBCMT:fscanf.obj
 0001:0004a735       _wfdopen$fin$0             000000018004b735 f   LIBCMT:fscanf.obj
 0001:0004a735       fwrite$fin$0               000000018004b735 f   LIBCMT:fscanf.obj
 0001:0004a74f       fgets$fin$0                000000018004b74f f   LIBCMT:fgets.obj
 0001:0004a769       fclose$fin$0               000000018004b769 f   LIBCMT:fseek.obj
 0001:0004a769       fseek$fin$0                000000018004b769 f   LIBCMT:fseek.obj
 0001:0004a769       clearerr_s$fin$0           000000018004b769 f   LIBCMT:fseek.obj
 0001:0004a769       getc$fin$0                 000000018004b769 f   LIBCMT:fseek.obj
 0001:0004a769       rewind$fin$0               000000018004b769 f   LIBCMT:fseek.obj
 0001:0004a769       ftell$fin$0                000000018004b769 f   LIBCMT:fseek.obj
 0001:0004a769       fflush$fin$0               000000018004b769 f   LIBCMT:fseek.obj
 0001:0004a783       setvbuf$fin$0              000000018004b783 f   LIBCMT:setvbuf.obj
 0001:0004a79d       flsall$fin$0               000000018004b79d f   LIBCMT:fflush.obj
 0001:0004a79d       _rmtmp$fin$0               000000018004b79d f   LIBCMT:fflush.obj
 0001:0004a7cd       _rmtmp$fin$1               000000018004b7cd f   LIBCMT:fflush.obj
 0001:0004a7cd       flsall$fin$1               000000018004b7cd f   LIBCMT:fflush.obj
 0001:0004a7e8       _wgetenv$fin$0             000000018004b7e8 f   LIBCMT:wgetenv.obj
 0001:0004a803       _wdupenv_s$fin$0           000000018004b803 f   LIBCMT:wgetenv.obj
 0001:0004a81e       _CRT_INIT$fin$0            000000018004b81e f   LIBCMT:dllcrt0.obj
 0001:0004a844       __DllMainCRTStartup$filt$0 000000018004b844 f   LIBCMT:dllcrt0.obj
 0001:0004a862       doexit$fin$0               000000018004b862 f   LIBCMT:crt0dat.obj
 0001:0004a886       _getstream$fin$0           000000018004b886 f   LIBCMT:stream.obj
 0001:0004a886       _fcloseall$fin$0           000000018004b886 f   LIBCMT:stream.obj
 0001:0004a8a1       _lseek$fin$0               000000018004b8a1 f   LIBCMT:read.obj
 0001:0004a8a1       _read$fin$0                000000018004b8a1 f   LIBCMT:read.obj
 0001:0004a8a1       _write$fin$0               000000018004b8a1 f   LIBCMT:read.obj
 0001:0004a8a1       _lseeki64$fin$0            000000018004b8a1 f   LIBCMT:read.obj
 0001:0004a8ba       _freefls$fin$1             000000018004b8ba f   LIBCMT:tidtable.obj
 0001:0004a8ba       _initptd$fin$1             000000018004b8ba f   LIBCMT:tidtable.obj
 0001:0004a8da       _initptd$fin$0             000000018004b8da f   LIBCMT:tidtable.obj
 0001:0004a8da       _freefls$fin$0             000000018004b8da f   LIBCMT:tidtable.obj
 0001:0004a8f5       _mtinitlocknum$fin$0       000000018004b8f5 f   LIBCMT:mlock.obj
 0001:0004a913       __updatetmbcinfo$fin$0     000000018004b913 f   LIBCMT:mbctype.obj
 0001:0004a913       _setmbcp$fin$0             000000018004b913 f   LIBCMT:mbctype.obj
 0001:0004a92e       __updatetlocinfo$fin$0     000000018004b92e f   LIBCMT:localref.obj
 0001:0004a949       _pipe$fin$1                000000018004b949 f   LIBCMT:pipe.obj
 0001:0004a969       _pipe$fin$0                000000018004b969 f   LIBCMT:pipe.obj
 0001:0004a985       _commit$fin$0              000000018004b985 f   LIBCMT:commit.obj
 0001:0004a985       _close$fin$0               000000018004b985 f   LIBCMT:commit.obj
 0001:0004a9a0       _IsNonwritableInCurrentImage$filt$0 000000018004b9a0 f   LIBCMT:pesect.obj
 0001:0004a9c2       raise$fin$0                000000018004b9c2 f   LIBCMT:winsig.obj
 0001:0004a9e0       _onexit$fin$0              000000018004b9e0 f   LIBCMT:onexit.obj
 0001:0004a9f6       __lock_fhandle$fin$0       000000018004b9f6 f   LIBCMT:osfinfo.obj
 0001:0004aa11       _alloc_osfhnd$fin$0        000000018004ba11 f   LIBCMT:osfinfo.obj
 0001:0004aa31       _alloc_osfhnd$fin$1        000000018004ba31 f   LIBCMT:osfinfo.obj
 0001:0004aa4c       _wsopen_helper$fin$0       000000018004ba4c f   LIBCMT:wopen.obj
 0001:0004aa4c       _sopen_helper$fin$0        000000018004ba4c f   LIBCMT:wopen.obj
