 luafar3

 Timestamp is 56219fa5 (Sat Oct 17 04:08:53 2015)

 Preferred load address is 10000000

 Start         Length     Name                   Class
 0001:00000000 00000344H .idata$5                CODE
 0001:00000344 00000004H .CRT$XCA                CODE
 0001:00000348 00000004H .CRT$XCZ                CODE
 0001:0000034c 00000004H .CRT$XIA                CODE
 0001:00000350 00000010H .CRT$XIC                CODE
 0001:00000360 00000004H .CRT$XIZ                CODE
 0001:00000364 00000004H .CRT$XPA                CODE
 0001:00000368 00000008H .CRT$XPX                CODE
 0001:00000370 00000004H .CRT$XPXA               CODE
 0001:00000374 00000004H .CRT$XPZ                CODE
 0001:00000378 00000004H .CRT$XTA                CODE
 0001:0000037c 00000004H .CRT$XTZ                CODE
 0001:00000380 00010d88H .rdata                  CODE
 0001:00011110 0000000cH .rdata$sxdata           CODE
 0001:0001111c 00000004H .rtc$IAA                CODE
 0001:00011120 00000004H .rtc$IZZ                CODE
 0001:00011124 00000004H .rtc$TAA                CODE
 0001:00011128 00000004H .rtc$TZZ                CODE
 0001:00011130 0002fb2eH .text                   CODE
 0001:00040c60 0000068cH .xdata$x                CODE
 0001:000412ec 00000064H .idata$2                CODE
 0001:00041350 00000014H .idata$3                CODE
 0001:00041364 00000344H .idata$4                CODE
 0001:000416a8 00000e34H .idata$6                CODE
 0001:000424e0 00000482H .edata                  CODE
 0002:00000000 00008ef0H .data                   DATA
 0002:00008f00 00001e64H .bss                    DATA
 0003:00000000 00000058H .rsrc$01                DATA
 0003:00000060 00000358H .rsrc$02                DATA

  Address         Publics by Value              Rva+Base       Lib:Object

 0000:00000000       __except_list              00000000     <absolute>
 0000:00000003       ___safe_se_handler_count   00000003     <absolute>
 0000:00000000       ___ImageBase               10000000     <linker-defined>
 0001:00000000       __imp__RegEnumKeyExW@32    10001000     advapi32:ADVAPI32.dll
 0001:00000004       __imp__RegQueryValueExW@24 10001004     advapi32:ADVAPI32.dll
 0001:00000008       __imp__RegSetValueExW@24   10001008     advapi32:ADVAPI32.dll
 0001:0000000c       __imp__RegCloseKey@4       1000100c     advapi32:ADVAPI32.dll
 0001:00000010       __imp__RegOpenKeyExW@20    10001010     advapi32:ADVAPI32.dll
 0001:00000014       __imp__RegCreateKeyExW@36  10001014     advapi32:ADVAPI32.dll
 0001:00000018       __imp__RegDeleteKeyW@8     10001018     advapi32:ADVAPI32.dll
 0001:0000001c       __imp__RegEnumValueW@32    1000101c     advapi32:ADVAPI32.dll
 0001:00000020       \177ADVAPI32_NULL_THUNK_DATA 10001020     advapi32:ADVAPI32.dll
 0001:00000024       __imp__GetEnvironmentVariableW@12 10001024     kernel32:KERNEL32.dll
 0001:00000028       __imp__GetModuleFileNameW@12 10001028     kernel32:KERNEL32.dll
 0001:0000002c       __imp__FreeLibrary@4       1000102c     kernel32:KERNEL32.dll
 0001:00000030       __imp__LoadLibraryW@4      10001030     kernel32:KERNEL32.dll
 0001:00000034       __imp__MultiByteToWideChar@24 10001034     kernel32:KERNEL32.dll
 0001:00000038       __imp__WideCharToMultiByte@32 10001038     kernel32:KERNEL32.dll
 0001:0000003c       __imp__GetACP@0            1000103c     kernel32:KERNEL32.dll
 0001:00000040       __imp__GetOEMCP@0          10001040     kernel32:KERNEL32.dll
 0001:00000044       __imp__GetDriveTypeW@4     10001044     kernel32:KERNEL32.dll
 0001:00000048       __imp__SearchPathW@24      10001048     kernel32:KERNEL32.dll
 0001:0000004c       __imp__OutputDebugStringW@4 1000104c     kernel32:KERNEL32.dll
 0001:00000050       __imp__FormatMessageW@28   10001050     kernel32:KERNEL32.dll
 0001:00000054       __imp__GetLastError@0      10001054     kernel32:KERNEL32.dll
 0001:00000058       __imp__EnumSystemCodePagesW@8 10001058     kernel32:KERNEL32.dll
 0001:0000005c       __imp__GetCPInfoExW@12     1000105c     kernel32:KERNEL32.dll
 0001:00000060       __imp__GetLogicalDriveStringsW@8 10001060     kernel32:KERNEL32.dll
 0001:00000064       __imp__GlobalMemoryStatusEx@4 10001064     kernel32:KERNEL32.dll
 0001:00000068       __imp__SetFileAttributesW@8 10001068     kernel32:KERNEL32.dll
 0001:0000006c       __imp__GetFileAttributesW@4 1000106c     kernel32:KERNEL32.dll
 0001:00000070       __imp__SetCurrentDirectoryW@4 10001070     kernel32:KERNEL32.dll
 0001:00000074       __imp__SetEnvironmentVariableW@8 10001074     kernel32:KERNEL32.dll
 0001:00000078       __imp__ReadConsoleInputW@16 10001078     kernel32:KERNEL32.dll
 0001:0000007c       __imp__PeekConsoleInputW@16 1000107c     kernel32:KERNEL32.dll
 0001:00000080       __imp__FindClose@4         10001080     kernel32:KERNEL32.dll
 0001:00000084       __imp__FindFirstFileW@8    10001084     kernel32:KERNEL32.dll
 0001:00000088       __imp__FileTimeToSystemTime@8 10001088     kernel32:KERNEL32.dll
 0001:0000008c       __imp__SystemTimeToFileTime@8 1000108c     kernel32:KERNEL32.dll
 0001:00000090       __imp__FileTimeToLocalFileTime@8 10001090     kernel32:KERNEL32.dll
 0001:00000094       __imp__CompareStringW@24   10001094     kernel32:KERNEL32.dll
 0001:00000098       __imp__CopyFileW@12        10001098     kernel32:KERNEL32.dll
 0001:0000009c       __imp__MoveFileExW@12      1000109c     kernel32:KERNEL32.dll
 0001:000000a0       __imp__DeleteFileW@4       100010a0     kernel32:KERNEL32.dll
 0001:000000a4       __imp__RemoveDirectoryW@4  100010a4     kernel32:KERNEL32.dll
 0001:000000a8       __imp__CreateDirectoryW@8  100010a8     kernel32:KERNEL32.dll
 0001:000000ac       __imp__GetModuleHandleW@4  100010ac     kernel32:KERNEL32.dll
 0001:000000b0       __imp__SetLastError@4      100010b0     kernel32:KERNEL32.dll
 0001:000000b4       __imp__SwitchToThread@0    100010b4     kernel32:KERNEL32.dll
 0001:000000b8       __imp__CreateThread@24     100010b8     kernel32:KERNEL32.dll
 0001:000000bc       __imp__GetSystemTimeAsFileTime@4 100010bc     kernel32:KERNEL32.dll
 0001:000000c0       __imp__Sleep@4             100010c0     kernel32:KERNEL32.dll
 0001:000000c4       __imp__GetStdHandle@4      100010c4     kernel32:KERNEL32.dll
 0001:000000c8       __imp__GetConsoleScreenBufferInfo@8 100010c8     kernel32:KERNEL32.dll
 0001:000000cc       __imp__GetModuleHandleA@4  100010cc     kernel32:KERNEL32.dll
 0001:000000d0       __imp__GetCurrentDirectoryW@8 100010d0     kernel32:KERNEL32.dll
 0001:000000d4       __imp__GetProcAddress@8    100010d4     kernel32:KERNEL32.dll
 0001:000000d8       __imp__HeapSize@12         100010d8     kernel32:KERNEL32.dll
 0001:000000dc       __imp__WriteConsoleW@20    100010dc     kernel32:KERNEL32.dll
 0001:000000e0       __imp__GetProcessHeap@0    100010e0     kernel32:KERNEL32.dll
 0001:000000e4       __imp__SetEndOfFile@4      100010e4     kernel32:KERNEL32.dll
 0001:000000e8       __imp__LCMapStringW@24     100010e8     kernel32:KERNEL32.dll
 0001:000000ec       __imp__HeapReAlloc@16      100010ec     kernel32:KERNEL32.dll
 0001:000000f0       __imp__CreateFileW@28      100010f0     kernel32:KERNEL32.dll
 0001:000000f4       __imp__SetStdHandle@8      100010f4     kernel32:KERNEL32.dll
 0001:000000f8       __imp__GetTickCount@0      100010f8     kernel32:KERNEL32.dll
 0001:000000fc       __imp__QueryPerformanceCounter@4 100010fc     kernel32:KERNEL32.dll
 0001:00000100       __imp__GetModuleFileNameA@12 10001100     kernel32:KERNEL32.dll
 0001:00000104       __imp__GetEnvironmentStringsW@0 10001104     kernel32:KERNEL32.dll
 0001:00000108       __imp__FreeEnvironmentStringsW@4 10001108     kernel32:KERNEL32.dll
 0001:0000010c       __imp__FlushFileBuffers@4  1000110c     kernel32:KERNEL32.dll
 0001:00000110       __imp__GetConsoleMode@8    10001110     kernel32:KERNEL32.dll
 0001:00000114       __imp__GetConsoleCP@0      10001114     kernel32:KERNEL32.dll
 0001:00000118       __imp__CreateFileA@28      10001118     kernel32:KERNEL32.dll
 0001:0000011c       __imp__GetCurrentProcessId@0 1000111c     kernel32:KERNEL32.dll
 0001:00000120       __imp__WaitForSingleObject@8 10001120     kernel32:KERNEL32.dll
 0001:00000124       __imp__GetExitCodeProcess@8 10001124     kernel32:KERNEL32.dll
 0001:00000128       __imp__CreatePipe@16       10001128     kernel32:KERNEL32.dll
 0001:0000012c       __imp__IsValidCodePage@4   1000112c     kernel32:KERNEL32.dll
 0001:00000130       __imp__GetCPInfo@8         10001130     kernel32:KERNEL32.dll
 0001:00000134       __imp__DeleteCriticalSection@4 10001134     kernel32:KERNEL32.dll
 0001:00000138       __imp__GetStartupInfoW@4   10001138     kernel32:KERNEL32.dll
 0001:0000013c       __imp__GetFileType@4       1000113c     kernel32:KERNEL32.dll
 0001:00000140       __imp__SetHandleCount@4    10001140     kernel32:KERNEL32.dll
 0001:00000144       __imp__SetFilePointer@16   10001144     kernel32:KERNEL32.dll
 0001:00000148       __imp__InterlockedDecrement@4 10001148     kernel32:KERNEL32.dll
 0001:0000014c       __imp__InterlockedIncrement@4 1000114c     kernel32:KERNEL32.dll
 0001:00000150       __imp__TlsFree@4           10001150     kernel32:KERNEL32.dll
 0001:00000154       __imp__TlsSetValue@8       10001154     kernel32:KERNEL32.dll
 0001:00000158       __imp__TlsGetValue@4       10001158     kernel32:KERNEL32.dll
 0001:0000015c       __imp__TlsAlloc@0          1000115c     kernel32:KERNEL32.dll
 0001:00000160       __imp__ReadFile@20         10001160     kernel32:KERNEL32.dll
 0001:00000164       __imp__RtlUnwind@16        10001164     kernel32:KERNEL32.dll
 0001:00000168       __imp__InitializeCriticalSectionAndSpinCount@8 10001168     kernel32:KERNEL32.dll
 0001:0000016c       __imp__WriteFile@20        1000116c     kernel32:KERNEL32.dll
 0001:00000170       __imp__ExitProcess@4       10001170     kernel32:KERNEL32.dll
 0001:00000174       __imp__HeapDestroy@4       10001174     kernel32:KERNEL32.dll
 0001:00000178       __imp__HeapCreate@12       10001178     kernel32:KERNEL32.dll
 0001:0000017c       __imp__TerminateProcess@8  1000117c     kernel32:KERNEL32.dll
 0001:00000180       __imp__IsDebuggerPresent@0 10001180     kernel32:KERNEL32.dll
 0001:00000184       __imp__SetUnhandledExceptionFilter@4 10001184     kernel32:KERNEL32.dll
 0001:00000188       __imp__UnhandledExceptionFilter@4 10001188     kernel32:KERNEL32.dll
 0001:0000018c       __imp__IsProcessorFeaturePresent@4 1000118c     kernel32:KERNEL32.dll
 0001:00000190       __imp__GetCommandLineA@0   10001190     kernel32:KERNEL32.dll
 0001:00000194       __imp__GetCurrentThreadId@0 10001194     kernel32:KERNEL32.dll
 0001:00000198       __imp__CreateProcessW@40   10001198     kernel32:KERNEL32.dll
 0001:0000019c       __imp__GetCurrentProcess@0 1000119c     kernel32:KERNEL32.dll
 0001:000001a0       __imp__DuplicateHandle@28  100011a0     kernel32:KERNEL32.dll
 0001:000001a4       __imp__CloseHandle@4       100011a4     kernel32:KERNEL32.dll
 0001:000001a8       __imp__GetStringTypeW@16   100011a8     kernel32:KERNEL32.dll
 0001:000001ac       __imp__LeaveCriticalSection@4 100011ac     kernel32:KERNEL32.dll
 0001:000001b0       __imp__EnterCriticalSection@4 100011b0     kernel32:KERNEL32.dll
 0001:000001b4       __imp__HeapAlloc@12        100011b4     kernel32:KERNEL32.dll
 0001:000001b8       __imp__HeapFree@12         100011b8     kernel32:KERNEL32.dll
 0001:000001bc       \177KERNEL32_NULL_THUNK_DATA 100011bc     kernel32:KERNEL32.dll
 0001:000001c0       __imp__UuidCreate@4        100011c0     rpcrt4:RPCRT4.dll
 0001:000001c4       __imp__RpcStringFreeA@4    100011c4     rpcrt4:RPCRT4.dll
 0001:000001c8       __imp__UuidToStringA@8     100011c8     rpcrt4:RPCRT4.dll
 0001:000001cc       __imp__UuidFromStringA@8   100011cc     rpcrt4:RPCRT4.dll
 0001:000001d0       \177RPCRT4_NULL_THUNK_DATA 100011d0     rpcrt4:RPCRT4.dll
 0001:000001d4       __imp__ShellExecuteW@24    100011d4     shell32:SHELL32.dll
 0001:000001d8       __imp__SHGetFolderPathW@20 100011d8     shell32:SHELL32.dll
 0001:000001dc       \177SHELL32_NULL_THUNK_DATA 100011dc     shell32:SHELL32.dll
 0001:000001e0       __imp__lua_setfenv         100011e0     lua51:lua51.dll
 0001:000001e4       __imp__lua_getfenv         100011e4     lua51:lua51.dll
 0001:000001e8       __imp__luaL_checknumber    100011e8     lua51:lua51.dll
 0001:000001ec       __imp__lua_setallocf       100011ec     lua51:lua51.dll
 0001:000001f0       __imp__luaL_prepbuffer     100011f0     lua51:lua51.dll
 0001:000001f4       __imp__luaL_checkstack     100011f4     lua51:lua51.dll
 0001:000001f8       __imp__lua_dump            100011f8     lua51:lua51.dll
 0001:000001fc       __imp__lua_typename        100011fc     lua51:lua51.dll
 0001:00000200       __imp__lua_tocfunction     10001200     lua51:lua51.dll
 0001:00000204       __imp__luaL_checkoption    10001204     lua51:lua51.dll
 0001:00000208       __imp__luaL_gsub           10001208     lua51:lua51.dll
 0001:0000020c       __imp__lua_iscfunction     1000120c     lua51:lua51.dll
 0001:00000210       __imp__luaL_findtable      10001210     lua51:lua51.dll
 0001:00000214       __imp__lua_isuserdata      10001214     lua51:lua51.dll
 0001:00000218       __imp__lua_settable        10001218     lua51:lua51.dll
 0001:0000021c       __imp__luaL_checkany       1000121c     lua51:lua51.dll
 0001:00000220       __imp__lua_rawget          10001220     lua51:lua51.dll
 0001:00000224       __imp__luaL_optnumber      10001224     lua51:lua51.dll
 0001:00000228       __imp__lua_rawset          10001228     lua51:lua51.dll
 0001:0000022c       __imp__luaopen_base        1000122c     lua51:lua51.dll
 0001:00000230       __imp__luaopen_table       10001230     lua51:lua51.dll
 0001:00000234       __imp__luaopen_os          10001234     lua51:lua51.dll
 0001:00000238       __imp__luaopen_string      10001238     lua51:lua51.dll
 0001:0000023c       __imp__luaopen_math        1000123c     lua51:lua51.dll
 0001:00000240       __imp__luaopen_debug       10001240     lua51:lua51.dll
 0001:00000244       __imp__luaL_checktype      10001244     lua51:lua51.dll
 0001:00000248       __imp__lua_getstack        10001248     lua51:lua51.dll
 0001:0000024c       __imp__lua_getinfo         1000124c     lua51:lua51.dll
 0001:00000250       __imp__luaL_addvalue       10001250     lua51:lua51.dll
 0001:00000254       __imp__luaL_optinteger     10001254     lua51:lua51.dll
 0001:00000258       __imp__lua_checkstack      10001258     lua51:lua51.dll
 0001:0000025c       __imp__luaL_error          1000125c     lua51:lua51.dll
 0001:00000260       __imp__luaL_optlstring     10001260     lua51:lua51.dll
 0001:00000264       __imp__lua_replace         10001264     lua51:lua51.dll
 0001:00000268       __imp__luaL_checkudata     10001268     lua51:lua51.dll
 0001:0000026c       __imp__luaL_buffinit       1000126c     lua51:lua51.dll
 0001:00000270       __imp__luaL_addlstring     10001270     lua51:lua51.dll
 0001:00000274       __imp__luaL_pushresult     10001274     lua51:lua51.dll
 0001:00000278       __imp__lua_getallocf       10001278     lua51:lua51.dll
 0001:0000027c       __imp__lua_concat          1000127c     lua51:lua51.dll
 0001:00000280       __imp__lua_load            10001280     lua51:lua51.dll
 0001:00000284       __imp__lua_pushfstring     10001284     lua51:lua51.dll
 0001:00000288       __imp__luaL_loadstring     10001288     lua51:lua51.dll
 0001:0000028c       __imp__lua_pushlstring     1000128c     lua51:lua51.dll
 0001:00000290       __imp__lua_pushlightuserdata 10001290     lua51:lua51.dll
 0001:00000294       __imp__lua_isnumber        10001294     lua51:lua51.dll
 0001:00000298       __imp__lua_tointeger       10001298     lua51:lua51.dll
 0001:0000029c       __imp__lua_toboolean       1000129c     lua51:lua51.dll
 0001:000002a0       __imp__luaL_ref            100012a0     lua51:lua51.dll
 0001:000002a4       __imp__luaL_unref          100012a4     lua51:lua51.dll
 0001:000002a8       __imp__lua_gettable        100012a8     lua51:lua51.dll
 0001:000002ac       __imp__lua_isstring        100012ac     lua51:lua51.dll
 0001:000002b0       __imp__lua_objlen          100012b0     lua51:lua51.dll
 0001:000002b4       __imp__lua_rawseti         100012b4     lua51:lua51.dll
 0001:000002b8       __imp__lua_createtable     100012b8     lua51:lua51.dll
 0001:000002bc       __imp__lua_setfield        100012bc     lua51:lua51.dll
 0001:000002c0       __imp__lua_rawgeti         100012c0     lua51:lua51.dll
 0001:000002c4       __imp__lua_pushcclosure    100012c4     lua51:lua51.dll
 0001:000002c8       __imp__lua_insert          100012c8     lua51:lua51.dll
 0001:000002cc       __imp__lua_pcall           100012cc     lua51:lua51.dll
 0001:000002d0       __imp__lua_remove          100012d0     lua51:lua51.dll
 0001:000002d4       __imp__lua_gc              100012d4     lua51:lua51.dll
 0001:000002d8       __imp__lua_pushvalue       100012d8     lua51:lua51.dll
 0001:000002dc       __imp__lua_pushinteger     100012dc     lua51:lua51.dll
 0001:000002e0       __imp__lua_call            100012e0     lua51:lua51.dll
 0001:000002e4       __imp__luaL_newmetatable   100012e4     lua51:lua51.dll
 0001:000002e8       __imp__luaL_register       100012e8     lua51:lua51.dll
 0001:000002ec       __imp__lua_pushboolean     100012ec     lua51:lua51.dll
 0001:000002f0       __imp__lua_pushstring      100012f0     lua51:lua51.dll
 0001:000002f4       __imp__lua_tolstring       100012f4     lua51:lua51.dll
 0001:000002f8       __imp__lua_pushnil         100012f8     lua51:lua51.dll
 0001:000002fc       __imp__luaL_checkinteger   100012fc     lua51:lua51.dll
 0001:00000300       __imp__lua_gettop          10001300     lua51:lua51.dll
 0001:00000304       __imp__lua_tonumber        10001304     lua51:lua51.dll
 0001:00000308       __imp__luaL_argerror       10001308     lua51:lua51.dll
 0001:0000030c       __imp__lua_type            1000130c     lua51:lua51.dll
 0001:00000310       __imp__lua_getmetatable    10001310     lua51:lua51.dll
 0001:00000314       __imp__lua_rawequal        10001314     lua51:lua51.dll
 0001:00000318       __imp__lua_settop          10001318     lua51:lua51.dll
 0001:0000031c       __imp__lua_touserdata      1000131c     lua51:lua51.dll
 0001:00000320       __imp__lua_pushnumber      10001320     lua51:lua51.dll
 0001:00000324       __imp__lua_newuserdata     10001324     lua51:lua51.dll
 0001:00000328       __imp__lua_getfield        10001328     lua51:lua51.dll
 0001:0000032c       __imp__lua_setmetatable    1000132c     lua51:lua51.dll
 0001:00000330       __imp__lua_next            10001330     lua51:lua51.dll
 0001:00000334       __imp__lua_error           10001334     lua51:lua51.dll
 0001:00000338       __imp__luaL_typerror       10001338     lua51:lua51.dll
 0001:0000033c       __imp__luaL_checklstring   1000133c     lua51:lua51.dll
 0001:00000340       \177lua51_NULL_THUNK_DATA  10001340     lua51:lua51.dll
 0001:00000344       ___xc_a                    10001344     LIBCMT:crt0init.obj
 0001:00000348       ___xc_z                    10001348     LIBCMT:crt0init.obj
 0001:0000034c       ___xi_a                    1000134c     LIBCMT:crt0init.obj
 0001:00000360       ___xi_z                    10001360     LIBCMT:crt0init.obj
 0001:00000364       ___xp_a                    10001364     LIBCMT:crt0init.obj
 0001:00000374       ___xp_z                    10001374     LIBCMT:crt0init.obj
 0001:00000378       ___xt_a                    10001378     LIBCMT:crt0init.obj
 0001:0000037c       ___xt_z                    1000137c     LIBCMT:crt0init.obj
 0001:00000380       ??_C@_0L@HDFPAPPH@__tostring?$AA@ 10001380     bit64.obj
 0001:0000038c       ??_C@_04EJLHOCKK@__le?$AA@ 1000138c     bit64.obj
 0001:00000394       ??_C@_04BKGOMBLK@__lt?$AA@ 10001394     bit64.obj
 0001:0000039c       ??_C@_04GIMIAOHA@__eq?$AA@ 1000139c     bit64.obj
 0001:000003a4       ??_C@_05MHFNBPAK@__unm?$AA@ 100013a4     bit64.obj
 0001:000003ac       ??_C@_05ICPALBAE@__mod?$AA@ 100013ac     bit64.obj
 0001:000003b4       ??_C@_05IDIBPCOP@__div?$AA@ 100013b4     bit64.obj
 0001:000003bc       ??_C@_05FLJIBNKK@__mul?$AA@ 100013bc     bit64.obj
 0001:000003c4       ??_C@_05HFNNBAII@__sub?$AA@ 100013c4     bit64.obj
 0001:000003cc       ??_C@_05MEHDOBFN@__add?$AA@ 100013cc     bit64.obj
 0001:000003d4       ??_C@_04GPMDFGEJ@type?$AA@ 100013d4     bit64.obj
 0001:000003dc       ??_C@_02FJPJILEL@le?$AA@   100013dc     bit64.obj
 0001:000003e0       ??_C@_02KCAKIFL@lt?$AA@    100013e0     bit64.obj
 0001:000003e4       ??_C@_02HIIGGHJB@eq?$AA@   100013e4     bit64.obj
 0001:000003e8       ??_C@_03FFONCNID@mod?$AA@  100013e8     bit64.obj
 0001:000003ec       ??_C@_03FEJMGOGI@div?$AA@  100013ec     bit64.obj
 0001:000003f0       ??_C@_03IMIFIBCN@mul?$AA@  100013f0     bit64.obj
 0001:000003f4       ??_C@_03KCMAIMAP@sub?$AA@  100013f4     bit64.obj
 0001:000003f8       ??_C@_03BDGOHNNK@add?$AA@  100013f8     bit64.obj
 0001:000003fc       ??_C@_03CLCAEGCJ@new?$AA@  100013fc     bit64.obj
 0001:00000400       ??_C@_07JILILBLL@arshift?$AA@ 10001400     bit64.obj
 0001:00000408       ??_C@_06HMLHBBIJ@rshift?$AA@ 10001408     bit64.obj
 0001:00000410       ??_C@_06ELFGPGBK@lshift?$AA@ 10001410     bit64.obj
 0001:00000418       ??_C@_04CKCGDDNF@bxor?$AA@ 10001418     bit64.obj
 0001:00000420       ??_C@_03BBBGIIAC@bor?$AA@  10001420     bit64.obj
 0001:00000424       ??_C@_04BKGNPECA@band?$AA@ 10001424     bit64.obj
 0001:0000042c       ??_C@_04JAOJMBA@bnot?$AA@  1000142c     bit64.obj
 0001:00000438       _metatable_name            10001438     bit64.obj
 0001:00000530       ??_C@_09GPALILFO@bad?5int64?$AA@ 10001530     bit64.obj
 0001:00000540       __real@433fffffffffffff    10001540     bit64.obj
 0001:00000548       ??_C@_05LLAMLEHD@?$CFI64d?$AA@ 10001548     bit64.obj
 0001:00000550       ??_C@_05OALCLICP@bit64?$AA@ 10001550     bit64.obj
 0001:00000d80       _COLLECTOR_FD              10001d80     exported.obj
 0001:00000d94       _COLLECTOR_OPI             10001d94     exported.obj
 0001:00000dac       _COLLECTOR_PI              10001dac     exported.obj
 0001:00000dc4       _KEY_OBJECT                10001dc4     exported.obj
 0001:00000dcc       ??_C@_09GPFEECNC@traceback?$AA@ 10001dcc     exported.obj
 0001:00000dd8       ??_C@_05GFCDIDHO@debug?$AA@ 10001dd8     exported.obj
 0001:00000de0       ??_C@_06NKNNMLDJ@export?$AA@ 10001de0     exported.obj
 0001:00000de8       ??_C@_07PCNKBAGB@OnError?$AA@ 10001de8     exported.obj
 0001:00000df0       ??_C@_08JNHPECBG@UserData?$AA@ 10001df0     exported.obj
 0001:00000dfc       ??_C@_11LOCGONAA@?$AA?$AA@ 10001dfc     exported.obj
 0001:00000dfc       ??_C@_01LOCGONAA@?$AA?$AA@ 10001dfc     service.obj
 0001:00000e00       ??_C@_0BB@OKGMKOG@CustomColumnData?$AA@ 10001e00     exported.obj
 0001:00000e14       ??_C@_05HDCNEILF@Owner?$AA@ 10001e14     exported.obj
 0001:00000e1c       ??_C@_0M@OHKMKKDH@Description?$AA@ 10001e1c     exported.obj
 0001:00000e28       ??_C@_0BC@COCBGKAE@AlternateFileName?$AA@ 10001e28     exported.obj
 0001:00000e3c       ??_C@_08FDCJCDOL@FileName?$AA@ 10001e3c     exported.obj
 0001:00000e48       ??_C@_05MHNOECFO@CRC32?$AA@ 10001e48     exported.obj
 0001:00000e50       ??_C@_0O@DLGJHFNH@NumberOfLinks?$AA@ 10001e50     exported.obj
 0001:00000e60       ??_C@_05BOOEKJH@Flags?$AA@ 10001e60     exported.obj
 0001:00000e68       ??_C@_0P@JBACEJLL@AllocationSize?$AA@ 10001e68     exported.obj
 0001:00000e78       ??_C@_08BHIEONMC@FileSize?$AA@ 10001e78     exported.obj
 0001:00000e84       ??_C@_0L@FCILKIIG@ChangeTime?$AA@ 10001e84     exported.obj
 0001:00000e90       ??_C@_0O@FCFNCAHK@LastWriteTime?$AA@ 10001e90     exported.obj
 0001:00000ea0       ??_C@_0P@MFHPCDDH@LastAccessTime?$AA@ 10001ea0     exported.obj
 0001:00000eb0       ??_C@_0N@NJMIGDDL@CreationTime?$AA@ 10001eb0     exported.obj
 0001:00000ec0       ??_C@_0M@DFMHDHBL@GetFindData?$AA@ 10001ec0     exported.obj
 0001:00000ecc       ??_C@_08CJLOJPNI@selected?$AA@ 10001ecc     exported.obj
 0001:00000ed8       ??_C@_0BC@IECOKJFL@GetFiles?4DestPath?$AA@ 10001ed8     exported.obj
 0001:00000eec       ??_C@_08FFPEEIHA@GetFiles?$AA@ 10001eec     exported.obj
 0001:00000ef8       ??_C@_1DC@PABHCCON@?$AAD?$AAe?$AAf?$AAa?$AAu?$AAl?$AAt?$AA?5?$AAs?$AAc?$AAr?$AAi?$AAp?$AAt?$AA?5?$AAn?$AAo?$AAt?$AA?5?$AAf?$AAo?$AAu?$AAn?$AAd?$AA?$AA@ 10001ef8     exported.obj
 0001:00000f2c       ??_C@_13BPINEIPE@?$AAr?$AA?$AA@ 10001f2c     exported.obj
 0001:00000f30       ??_C@_19BCNABNAK@?$AA?4?$AAl?$AAu?$AAa?$AA?$AA@ 10001f30     exported.obj
 0001:00000f3c       ??_C@_05LFOKGKBN@?$DMboot?$AA@ 10001f3c     exported.obj
 0001:00000f44       ??_C@_07GCEAJMEA@preload?$AA@ 10001f44     exported.obj
 0001:00000f4c       ??_C@_07KNEGBPNO@package?$AA@ 10001f4c     exported.obj
 0001:00000f54       ??_C@_15CBMDENPJ@?$AA?4?$AA?9?$AA?$AA@ 10001f54     exported.obj
 0001:00000f5c       ??_C@_0BE@HCPAIELH@ReloadDefaultScript?$AA@ 10001f5c     exported.obj
 0001:00000f70       ??_C@_03JEOKDCFP@far?$AA@  10001f70     exported.obj
 0001:00000f74       ??_C@_06EPIAKPGD@OpMode?$AA@ 10001f74     exported.obj
 0001:00000f7c       ??_C@_06LBMCOACO@Buffer?$AA@ 10001f7c     exported.obj
 0001:00000f84       ??_C@_0L@OCPPMCCK@StructSize?$AA@ 10001f84     exported.obj
 0001:00000f90       ??_C@_07GDADDFBD@Analyse?$AA@ 10001f90     exported.obj
 0001:00000f98       ??_C@_0N@IHDKLODA@ShortcutData?$AA@ 10001f98     exported.obj
 0001:00000fa8       ??_C@_08DGDJEKCP@LongText?$AA@ 10001fa8     exported.obj
 0001:00000fb4       ??_C@_0BA@MFFHAKP@ControlKeyState?$AA@ 10001fb4     exported.obj
 0001:00000fc4       ??_C@_0P@PKDBPEJI@VirtualKeyCode?$AA@ 10001fc4     exported.obj
 0001:00000fd4       ??_C@_06ONGFDHIA@KeyBar?$AA@ 10001fd4     exported.obj
 0001:00000fdc       ??_C@_0P@KMACBLNK@StartSortOrder?$AA@ 10001fdc     exported.obj
 0001:00000fec       ??_C@_0O@NIFKFGBJ@StartSortMode?$AA@ 10001fec     exported.obj
 0001:00000ffc       ??_C@_0P@BEEDPJDK@StartPanelMode?$AA@ 10001ffc     exported.obj
 0001:0000100c       ??_C@_0N@EHCEJHEE@ColumnTitles?$AA@ 1000200c     exported.obj
 0001:0000101c       ??_C@_0BD@DNDIPKDK@StatusColumnWidths?$AA@ 1000201c     exported.obj
 0001:00001030       ??_C@_0BC@KELOOKNK@StatusColumnTypes?$AA@ 10002030     exported.obj
 0001:00001044       ??_C@_0N@ILFJPGHI@ColumnWidths?$AA@ 10002044     exported.obj
 0001:00001054       ??_C@_0M@KDJPJFOF@ColumnTypes?$AA@ 10002054     exported.obj
 0001:00001060       ??_C@_0BB@LFNABPEF@PanelModesNumber?$AA@ 10002060     exported.obj
 0001:00001074       ??_C@_0BA@BBOGKOKF@PanelModesArray?$AA@ 10002074     exported.obj
 0001:00001084       ??_C@_0L@FPEHOFAI@DescrFiles?$AA@ 10002084     exported.obj
 0001:00001090       ??_C@_04DICKPMGH@Data?$AA@ 10002090     exported.obj
 0001:00001098       ??_C@_04OJAHODMC@Text?$AA@ 10002098     exported.obj
 0001:000010a0       ??_C@_0BA@BLCGOCOG@InfoLinesNumber?$AA@ 100020a0     exported.obj
 0001:000010b0       ??_C@_09PMEOAIAA@InfoLines?$AA@ 100020b0     exported.obj
 0001:000010bc       ??_C@_0L@CMHIOLLB@PanelTitle?$AA@ 100020bc     exported.obj
 0001:000010c8       ??_C@_06PEPCFMNJ@Format?$AA@ 100020c8     exported.obj
 0001:000010d0       ??_C@_06IBPEEEAJ@CurDir?$AA@ 100020d0     exported.obj
 0001:000010d8       ??_C@_08PAJOMFPO@HostFile?$AA@ 100020d8     exported.obj
 0001:000010e4       ??_C@_08KDMNIFGM@FreeSize?$AA@ 100020e4     exported.obj
 0001:000010f0       ??_C@_1EO@OOOCECGK@?$AAG?$AAe?$AAt?$AAO?$AAp?$AAe?$AAn?$AAP?$AAa?$AAn?$AAe?$AAl?$AAI?$AAn?$AAf?$AAo?$AA?5?$AAs?$AAh?$AAo?$AAu?$AAl?$AAd?$AA?5?$AAr?$AAe?$AAt?$AAu?$AAr?$AAn?$AA?5?$AAa@ 100020f0     exported.obj
 0001:00001140       ??_C@_05ELNJBDOO@reuse?$AA@ 10002140     exported.obj
 0001:00001148       ??_C@_0BB@CKIGBGLB@GetOpenPanelInfo?$AA@ 10002148     exported.obj
 0001:0000115c       ??_C@_05HIFJDKLD@array?$AA@ 1000215c     exported.obj
 0001:00001164       ??_C@_01EFFIKLCJ@n?$AA@    10002164     exported.obj
 0001:00001166       ??_C@_00CNPNBAHC@?$AA@     10002166     exported.obj
 0001:00001168       __real@bff0000000000000    10002168     exported.obj
 0001:00001170       ??_C@_05LNOAKADA@panel?$AA@ 10002170     exported.obj
 0001:00001178       ??_C@_06BNNOMDLO@Handle?$AA@ 10002178     exported.obj
 0001:00001180       ??_C@_04OPJIDECA@hDlg?$AA@ 10002180     exported.obj
 0001:00001188       ??_C@_04DNCDCIAE@Open?$AA@ 10002188     exported.obj
 0001:00001190       ??_C@_0L@JMPDJFBN@ClosePanel?$AA@ 10002190     exported.obj
 0001:0000119c       ??_C@_07MBOMJGGF@Compare?$AA@ 1000219c     exported.obj
 0001:000011a4       ??_C@_09NANCCILE@Configure?$AA@ 100021a4     exported.obj
 0001:000011b0       ??_C@_0M@MMKKMEFA@DeleteFiles?$AA@ 100021b0     exported.obj
 0001:000011bc       ??_C@_0BD@PJNONGDB@MakeDirectory?4Name?$AA@ 100021bc     exported.obj
 0001:000011d0       ??_C@_0O@GLLEDHJA@MakeDirectory?$AA@ 100021d0     exported.obj
 0001:000011e0       ??_C@_0BC@COPMJGBI@ProcessPanelEvent?$AA@ 100021e0     exported.obj
 0001:000011f4       ??_C@_0BA@DPJAKFGC@ProcessHostFile?$AA@ 100021f4     exported.obj
 0001:00001204       ??_C@_0BC@HOBKGBBM@ProcessPanelInput?$AA@ 10002204     exported.obj
 0001:00001218       ??_C@_08OBOOFGOD@PutFiles?$AA@ 10002218     exported.obj
 0001:00001224       ??_C@_0N@KCFEBPAO@SetDirectory?$AA@ 10002224     exported.obj
 0001:00001234       ??_C@_0M@PNOHHCCH@SetFindList?$AA@ 10002234     exported.obj
 0001:00001240       ??_C@_07EACELFAO@ExitFAR?$AA@ 10002240     exported.obj
 0001:00001248       ??_C@_0BE@GAFPNGIP@PluginConfigStrings?$AA@ 10002248     exported.obj
 0001:0000125c       ??_C@_0BC@ILBHAHCH@PluginConfigGuids?$AA@ 1000225c     exported.obj
 0001:00001270       ??_C@_0BC@DJMJFBJC@PluginMenuStrings?$AA@ 10002270     exported.obj
 0001:00001284       ??_C@_0BA@FOMPNLJF@PluginMenuGuids?$AA@ 10002284     exported.obj
 0001:00001294       ??_C@_0BA@NLBDFPEO@DiskMenuStrings?$AA@ 10002294     exported.obj
 0001:000012a4       ??_C@_0O@PHBKMNMJ@DiskMenuGuids?$AA@ 100022a4     exported.obj
 0001:000012b4       ??_C@_0O@GDMHGAFH@CommandPrefix?$AA@ 100022b4     exported.obj
 0001:000012c4       ??_C@_0O@OBCKADMD@GetPluginInfo?$AA@ 100022c4     exported.obj
 0001:000012d4       ??_C@_0BD@DECJPBBK@ProcessEditorInput?$AA@ 100022d4     exported.obj
 0001:000012e8       ??_C@_08DOHJINHB@CodePage?$AA@ 100022e8     exported.obj
 0001:000012f4       ??_C@_07MOCFLHCN@FileEOL?$AA@ 100022f4     exported.obj
 0001:000012fc       ??_C@_0N@EKPHGDMI@StringNumber?$AA@ 100022fc     exported.obj
 0001:0000130c       ??_C@_04KOACHJEN@Type?$AA@ 1000230c     exported.obj
 0001:00001314       ??_C@_0BD@GEMPAGBO@ProcessEditorEvent?$AA@ 10002314     exported.obj
 0001:00001328       ??_C@_0BD@GGKMLEJG@ProcessViewerEvent?$AA@ 10002328     exported.obj
 0001:0000133c       ??_C@_03MLMOILGK@Msg?$AA@  1000233c     exported.obj
 0001:00001340       ??_C@_06EDEGJMB@Param1?$AA@ 10002340     exported.obj
 0001:00001348       ??_C@_06CPBJDKAC@Param2?$AA@ 10002348     exported.obj
 0001:00001350       ??_C@_0BD@FNHBEIC@ProcessDialogEvent?$AA@ 10002350     exported.obj
 0001:00001364       ??_C@_0BE@LHJGGGHN@ProcessSynchroEvent?$AA@ 10002364     exported.obj
 0001:00001378       ??_C@_0BB@PHIEFGHD@GetContentFields?$AA@ 10002378     exported.obj
 0001:0000138c       ??_C@_0P@DPJDPMPI@GetContentData?$AA@ 1000238c     exported.obj
 0001:0000139c       ??_C@_06HHECMMLE@Author?$AA@ 1000239c     exported.obj
 0001:000013a4       ??_C@_05PABKJLOM@Title?$AA@ 100023a4     exported.obj
 0001:000013ac       ??_C@_04MJHIICBJ@Guid?$AA@ 100023ac     exported.obj
 0001:000013b4       ??_C@_07NGFJPNPN@Version?$AA@ 100023b4     exported.obj
 0001:000013bc       ??_C@_0O@CALOEOI@MinFarVersion?$AA@ 100023bc     exported.obj
 0001:000013cc       ??_C@_0O@GJMOPLGM@GetGlobalInfo?$AA@ 100023cc     exported.obj
 0001:000013dc       ??_C@_1CA@IBKDMBNJ@?$AA_?$AAg?$AAl?$AAo?$AAb?$AAa?$AAl?$AAi?$AAn?$AAf?$AAo?$AA?4?$AAl?$AAu?$AAa?$AA?$AA@ 100023dc     exported.obj
 0001:000013fc       ??_C@_0N@DDJEHLKE@?$DM_globalinfo?$AA@ 100023fc     exported.obj
 0001:0000140c       ??_C@_0BE@DONMOPMJ@ProcessConsoleInput?$AA@ 1000240c     exported.obj
 0001:00001420       ??_C@_0O@GABDOPO@MOUSE_WHEELED?$AA@ 10002420     flags.obj
 0001:00001430       ??_C@_0N@EDCKBGJE@DOUBLE_CLICK?$AA@ 10002430     flags.obj
 0001:00001440       ??_C@_0M@KKBDEELB@MOUSE_MOVED?$AA@ 10002440     flags.obj
 0001:0000144c       ??_C@_0BN@CNMHAAPD@FROM_LEFT_4TH_BUTTON_PRESSED?$AA@ 1000244c     flags.obj
 0001:0000146c       ??_C@_0BN@PMJNFPGM@FROM_LEFT_3RD_BUTTON_PRESSED?$AA@ 1000246c     flags.obj
 0001:0000148c       ??_C@_0BN@BJCFPKCG@FROM_LEFT_2ND_BUTTON_PRESSED?$AA@ 1000248c     flags.obj
 0001:000014ac       ??_C@_0BJ@JECFAJNJ@RIGHTMOST_BUTTON_PRESSED?$AA@ 100024ac     flags.obj
 0001:000014c8       ??_C@_0BN@HACKHGAB@FROM_LEFT_1ST_BUTTON_PRESSED?$AA@ 100024c8     flags.obj
 0001:000014e8       ??_C@_0O@LAHFNPLG@SCROLLLOCK_ON?$AA@ 100024e8     flags.obj
 0001:000014f8       ??_C@_0L@IMGKKBIM@NUMLOCK_ON?$AA@ 100024f8     flags.obj
 0001:00001504       ??_C@_0O@OGDFJMBK@SHIFT_PRESSED?$AA@ 10002504     flags.obj
 0001:00001514       ??_C@_0BC@FDNOAAAE@LEFT_CTRL_PRESSED?$AA@ 10002514     flags.obj
 0001:00001528       ??_C@_0BD@NEHHNAHO@RIGHT_CTRL_PRESSED?$AA@ 10002528     flags.obj
 0001:0000153c       ??_C@_0BB@MCADLJJO@LEFT_ALT_PRESSED?$AA@ 1000253c     flags.obj
 0001:00001550       ??_C@_0BC@GDHABBAP@RIGHT_ALT_PRESSED?$AA@ 10002550     flags.obj
 0001:00001564       ??_C@_0N@EMEOEKDA@ENHANCED_KEY?$AA@ 10002564     flags.obj
 0001:00001574       ??_C@_0M@MKBGBFGO@CAPSLOCK_ON?$AA@ 10002574     flags.obj
 0001:00001580       ??_C@_0M@LNGHCCGJ@FOCUS_EVENT?$AA@ 10002580     flags.obj
 0001:0000158c       ??_C@_0L@MPODFLFH@MENU_EVENT?$AA@ 1000258c     flags.obj
 0001:00001598       ??_C@_0BJ@OHDOHJKG@WINDOW_BUFFER_SIZE_EVENT?$AA@ 10002598     flags.obj
 0001:000015b4       ??_C@_0M@CPILDGOO@MOUSE_EVENT?$AA@ 100025b4     flags.obj
 0001:000015c0       ??_C@_09JBABGNAE@KEY_EVENT?$AA@ 100025c0     flags.obj
 0001:000015cc       ??_C@_0BK@CDKLKCHJ@ENABLE_WRAP_AT_EOL_OUTPUT?$AA@ 100025cc     flags.obj
 0001:000015e8       ??_C@_0BI@MHKNPIFM@ENABLE_PROCESSED_OUTPUT?$AA@ 100025e8     flags.obj
 0001:00001600       ??_C@_0BF@PEBFEBKN@ENABLE_AUTO_POSITION?$AA@ 10002600     flags.obj
 0001:00001618       ??_C@_0BG@CBCHHIEH@ENABLE_EXTENDED_FLAGS?$AA@ 10002618     flags.obj
 0001:00001630       ??_C@_0BH@BJKMFKAO@ENABLE_QUICK_EDIT_MODE?$AA@ 10002630     flags.obj
 0001:00001648       ??_C@_0BD@KJBPOMPN@ENABLE_INSERT_MODE?$AA@ 10002648     flags.obj
 0001:0000165c       ??_C@_0BD@BJECBJPO@ENABLE_MOUSE_INPUT?$AA@ 1000265c     flags.obj
 0001:00001670       ??_C@_0BE@BLAHACNB@ENABLE_WINDOW_INPUT?$AA@ 10002670     flags.obj
 0001:00001684       ??_C@_0BH@EHINFMOF@ENABLE_PROCESSED_INPUT?$AA@ 10002684     flags.obj
 0001:0000169c       ??_C@_0BC@JPFKLHOC@ENABLE_ECHO_INPUT?$AA@ 1000269c     flags.obj
 0001:000016b0       ??_C@_0BC@BBOPHMOM@ENABLE_LINE_INPUT?$AA@ 100026b0     flags.obj
 0001:000016c4       ??_C@_0BE@BCNEFGKM@CTRL_SHUTDOWN_EVENT?$AA@ 100026c4     flags.obj
 0001:000016d8       ??_C@_0BC@MCKCEPAL@CTRL_LOGOFF_EVENT?$AA@ 100026d8     flags.obj
 0001:000016ec       ??_C@_0BB@KMPDMOKK@CTRL_CLOSE_EVENT?$AA@ 100026ec     flags.obj
 0001:00001700       ??_C@_0BB@ELEIIFAE@CTRL_BREAK_EVENT?$AA@ 10002700     flags.obj
 0001:00001714       ??_C@_0N@FEFOEFHG@CTRL_C_EVENT?$AA@ 10002714     flags.obj
 0001:00001724       ??_C@_0BF@NIGKKPCF@BACKGROUND_INTENSITY?$AA@ 10002724     flags.obj
 0001:0000173c       ??_C@_0P@DANALJMC@BACKGROUND_RED?$AA@ 1000273c     flags.obj
 0001:0000174c       ??_C@_0BB@GKLNBMEL@BACKGROUND_GREEN?$AA@ 1000274c     flags.obj
 0001:00001760       ??_C@_0BA@PIFINJCK@BACKGROUND_BLUE?$AA@ 10002760     flags.obj
 0001:00001770       ??_C@_0BF@OOGEJCC@FOREGROUND_INTENSITY?$AA@ 10002770     flags.obj
 0001:00001788       ??_C@_0P@PBJHCFGA@FOREGROUND_RED?$AA@ 10002788     flags.obj
 0001:00001798       ??_C@_0BB@PDFNMAI@FOREGROUND_GREEN?$AA@ 10002798     flags.obj
 0001:000017ac       ??_C@_0BA@MAEBFMHC@FOREGROUND_BLUE?$AA@ 100027ac     flags.obj
 0001:000017bc       ??_C@_09HNBBLIGN@PCIF_NONE?$AA@ 100027bc     flags.obj
 0001:000017c8       ??_C@_0O@PLFENGLI@PCIF_FROMMAIN?$AA@ 100027c8     flags.obj
 0001:000017d8       ??_C@_09FMOOJHDF@FOSF_NONE?$AA@ 100027d8     flags.obj
 0001:000017e4       ??_C@_0M@MIGJPBPE@FOSF_ACTIVE?$AA@ 100027e4     flags.obj
 0001:000017f0       ??_C@_08EGEBMPBD@OPM_NONE?$AA@ 100027f0     flags.obj
 0001:000017fc       ??_C@_0N@HKCLLJDG@OPM_COMMANDS?$AA@ 100027fc     flags.obj
 0001:0000180c       ??_C@_08LCEGJCAC@OPM_PGDN?$AA@ 1000280c     flags.obj
 0001:00001818       ??_C@_0O@OPDAGBBE@OPM_QUICKVIEW?$AA@ 10002818     flags.obj
 0001:00001828       ??_C@_09EBKAPHPA@OPM_DESCR?$AA@ 10002828     flags.obj
 0001:00001834       ??_C@_0N@NDGKAFDM@OPM_TOPLEVEL?$AA@ 10002834     flags.obj
 0001:00001844       ??_C@_08LAAGEMJG@OPM_EDIT?$AA@ 10002844     flags.obj
 0001:00001850       ??_C@_08EHBLNDLO@OPM_VIEW?$AA@ 10002850     flags.obj
 0001:0000185c       ??_C@_08EKEBOKEP@OPM_FIND?$AA@ 1000285c     flags.obj
 0001:00001868       ??_C@_0L@GEHHKNBL@OPM_SILENT?$AA@ 10002868     flags.obj
 0001:00001874       ??_C@_09DOPJBMLM@OPIF_NONE?$AA@ 10002874     flags.obj
 0001:00001880       ??_C@_0O@FJPLJDBC@OPIF_SHORTCUT?$AA@ 10002880     flags.obj
 0001:00001890       ??_C@_0BB@PFDFAFHG@OPIF_USEFREESIZE?$AA@ 10002890     flags.obj
 0001:000018a4       ??_C@_0O@JHHHMHIG@OPIF_USECRC32?$AA@ 100028a4     flags.obj
 0001:000018b4       ??_C@_0BJ@CALDMPLF@OPIF_USEATTRHIGHLIGHTING?$AA@ 100028b4     flags.obj
 0001:000018d0       ??_C@_0BD@JIMJPFEP@OPIF_EXTERNALMKDIR?$AA@ 100028d0     flags.obj
 0001:000018e4       ??_C@_0BE@LKEMICNM@OPIF_EXTERNALDELETE?$AA@ 100028e4     flags.obj
 0001:000018f8       ??_C@_0BB@CFFPNDFK@OPIF_EXTERNALPUT?$AA@ 100028f8     flags.obj
 0001:0000190c       ??_C@_0BB@PELHBPAM@OPIF_EXTERNALGET?$AA@ 1000290c     flags.obj
 0001:00001920       ??_C@_0BE@GJEJHNKJ@OPIF_COMPAREFATTIME?$AA@ 10002920     flags.obj
 0001:00001934       ??_C@_0BG@HGPMKHIE@OPIF_SHOWPRESERVECASE?$AA@ 10002934     flags.obj
 0001:0000194c       ??_C@_0BJ@NMIFAPJD@OPIF_SHOWRIGHTALIGNNAMES?$AA@ 1000294c     flags.obj
 0001:00001968       ??_C@_0BD@FPGMNAPD@OPIF_SHOWNAMESONLY?$AA@ 10002968     flags.obj
 0001:0000197c       ??_C@_0P@OFEDJCO@OPIF_REALNAMES?$AA@ 1000297c     flags.obj
 0001:0000198c       ??_C@_0BC@HOFHNJIG@OPIF_RAWSELECTION?$AA@ 1000298c     flags.obj
 0001:000019a0       ??_C@_0N@JANKJMLP@OPIF_ADDDOTS?$AA@ 100029a0     flags.obj
 0001:000019b0       ??_C@_0BJ@NGLIANCL@OPIF_DISABLEHIGHLIGHTING?$AA@ 100029b0     flags.obj
 0001:000019cc       ??_C@_0BH@FHBKALPD@OPIF_DISABLESORTGROUPS?$AA@ 100029cc     flags.obj
 0001:000019e4       ??_C@_0BD@PBMGDJEM@OPIF_DISABLEFILTER?$AA@ 100029e4     flags.obj
 0001:000019f8       ??_C@_0BH@KOFCBJBO@PMFLAGS_CASECONVERSION?$AA@ 100029f8     flags.obj
 0001:00001a10       ??_C@_0BI@BMHIBDMH@PMFLAGS_ALIGNEXTENSIONS?$AA@ 10002a10     flags.obj
 0001:00001a28       ??_C@_0BH@GDAAKEMH@PMFLAGS_DETAILEDSTATUS?$AA@ 10002a28     flags.obj
 0001:00001a40       ??_C@_0BD@KGHJOBGM@PMFLAGS_FULLSCREEN?$AA@ 10002a40     flags.obj
 0001:00001a54       ??_C@_0BD@EGELEIIG@IPLFLAGS_SEPARATOR?$AA@ 10002a54     flags.obj
 0001:00001a68       ??_C@_07MGEGJMPI@PF_NONE?$AA@ 10002a68     flags.obj
 0001:00001a70       ??_C@_09GMFDAFKL@PF_DIALOG?$AA@ 10002a70     flags.obj
 0001:00001a7c       ??_C@_0P@MBLBBCNK@PF_FULLCMDLINE?$AA@ 10002a7c     flags.obj
 0001:00001a8c       ??_C@_09NEKIJNNA@PF_VIEWER?$AA@ 10002a8c     flags.obj
 0001:00001a98       ??_C@_09OENCMPGE@PF_EDITOR?$AA@ 10002a98     flags.obj
 0001:00001aa4       ??_C@_0BB@GCINAIGN@PF_DISABLEPANELS?$AA@ 10002aa4     flags.obj
 0001:00001ab8       ??_C@_0L@NHEJGKCF@PF_PRELOAD?$AA@ 10002ab8     flags.obj
 0001:00001ac4       ??_C@_0BH@PEGBPJKE@FFFS_MINSIZEINDEX_MASK?$AA@ 10002ac4     flags.obj
 0001:00001adc       ??_C@_0BC@LLLANJJO@FFFS_MINSIZEINDEX?$AA@ 10002adc     flags.obj
 0001:00001af0       ??_C@_0O@HFIGPFIH@FFFS_THOUSAND?$AA@ 10002af0     flags.obj
 0001:00001b00       ??_C@_0O@FPIOAIMC@FFFS_ECONOMIC?$AA@ 10002b00     flags.obj
 0001:00001b10       ??_C@_0BE@NPKCCEJ@FFFS_SHOWBYTESINDEX?$AA@ 10002b10     flags.obj
 0001:00001b24       ??_C@_0P@JPMLNBKL@FFFS_FLOATSIZE?$AA@ 10002b24     flags.obj
 0001:00001b34       ??_C@_0M@JDMKDBDH@FFFS_COMMAS?$AA@ 10002b34     flags.obj
 0001:00001b40       ??_C@_08EBKEJHAL@MLF_NONE?$AA@ 10002b40     flags.obj
 0001:00001b4c       ??_C@_0P@EPFBLPAE@MLF_HOLDTARGET?$AA@ 10002b4c     flags.obj
 0001:00001b5c       ??_C@_0BF@LMAGFLHF@MLF_DONOTUPDATEPANEL?$AA@ 10002b5c     flags.obj
 0001:00001b74       ??_C@_0P@LJPBHEIE@MLF_SHOWERRMSG?$AA@ 10002b74     flags.obj
 0001:00001b84       ??_C@_0BA@JCPHOEAE@FRS_SCANSYMLINK?$AA@ 10002b84     flags.obj
 0001:00001b94       ??_C@_09GHEPLOHO@FRS_RECUR?$AA@ 10002b94     flags.obj
 0001:00001ba0       ??_C@_0N@PJEDCNNJ@FRS_RETUPDIR?$AA@ 10002ba0     flags.obj
 0001:00001bb0       ??_C@_09JCNLKBBK@XLAT_NONE?$AA@ 10002bb0     flags.obj
 0001:00001bbc       ??_C@_0BH@IANKLOAC@XLAT_CONVERTALLCMDLINE?$AA@ 10002bbc     flags.obj
 0001:00001bd4       ??_C@_0BH@KBFAFPNA@XLAT_USEKEYBLAYOUTNAME?$AA@ 10002bd4     flags.obj
 0001:00001bec       ??_C@_0BE@KOIJDNLA@XLAT_SWITCHKEYBBEEP?$AA@ 10002bec     flags.obj
 0001:00001c00       ??_C@_0BG@GOMJDMCK@XLAT_SWITCHKEYBLAYOUT?$AA@ 10002c00     flags.obj
 0001:00001c18       ??_C@_0BE@OPDBOAAE@PN_SHOWERRORMESSAGE?$AA@ 10002c18     flags.obj
 0001:00001c2c       ??_C@_0M@NOOLKEBH@PN_SKIPPATH?$AA@ 10002c2c     flags.obj
 0001:00001c38       ??_C@_0N@FEGPCCPJ@PN_CHECKMASK?$AA@ 10002c38     flags.obj
 0001:00001c48       ??_C@_0BA@BJCCEIOI@PN_GENERATENAME?$AA@ 10002c48     flags.obj
 0001:00001c58       ??_C@_0P@KDEENAHJ@PN_CMPNAMELIST?$AA@ 10002c58     flags.obj
 0001:00001c68       ??_C@_0L@HODJIPGA@PN_CMPNAME?$AA@ 10002c68     flags.obj
 0001:00001c74       ??_C@_08OIOFCNLC@FPF_NONE?$AA@ 10002c74     flags.obj
 0001:00001c80       ??_C@_08GKECKCCJ@FPF_ANSI?$AA@ 10002c80     flags.obj
 0001:00001c8c       ??_C@_0L@NMBLFMBN@FPF_LOADED?$AA@ 10002c8c     flags.obj
 0001:00001c98       ??_C@_08HPFOCDKB@FIB_NONE?$AA@ 10002c98     flags.obj
 0001:00001ca4       ??_C@_0BB@DCODFLEL@FIB_EDITPATHEXEC?$AA@ 10002ca4     flags.obj
 0001:00001cb8       ??_C@_0N@LBOCEEGH@FIB_EDITPATH?$AA@ 10002cb8     flags.obj
 0001:00001cc8       ??_C@_0BA@COBBDHNL@FIB_NOAMPERSAND?$AA@ 10002cc8     flags.obj
 0001:00001cd8       ??_C@_0M@KJOJJDIM@FIB_BUTTONS?$AA@ 10002cd8     flags.obj
 0001:00001ce4       ??_C@_0BF@CEMIHIOK@FIB_NOUSELASTHISTORY?$AA@ 10002ce4     flags.obj
 0001:00001cfc       ??_C@_0O@DOHEGELC@FIB_EXPANDENV?$AA@ 10002cfc     flags.obj
 0001:00001d0c       ??_C@_0N@DLDJCGJI@FIB_PASSWORD?$AA@ 10002d0c     flags.obj
 0001:00001d1c       ??_C@_0BA@KNNLMGCA@FIB_ENABLEEMPTY?$AA@ 10002d1c     flags.obj
 0001:00001d2c       ??_C@_0P@BAFEMBAJ@ECF_AUTODELETE?$AA@ 10002d2c     flags.obj
 0001:00001d3c       ??_C@_0BD@DKGCCJNG@ECF_TABMARKCURRENT?$AA@ 10002d3c     flags.obj
 0001:00001d50       ??_C@_0BB@EDGIEBDF@ECF_TABMARKFIRST?$AA@ 10002d50     flags.obj
 0001:00001d64       ??_C@_0N@GHBDMLON@VMF_WORDWRAP?$AA@ 10002d64     flags.obj
 0001:00001d74       ??_C@_08FAPBJAKB@VMF_WRAP?$AA@ 10002d74     flags.obj
 0001:00001d80       ??_C@_0BA@JKDMJLJG@VSP_NORETNEWPOS?$AA@ 10002d80     flags.obj
 0001:00001d90       ??_C@_0N@JGGGCNIP@VSP_RELATIVE?$AA@ 10002d90     flags.obj
 0001:00001da0       ??_C@_0M@LHNGMHFO@VSP_PERCENT?$AA@ 10002da0     flags.obj
 0001:00001dac       ??_C@_0N@GHEHKHJN@VSP_NOREDRAW?$AA@ 10002dac     flags.obj
 0001:00001dbc       ??_C@_0N@ILNDJNNO@VSMFL_REDRAW?$AA@ 10002dbc     flags.obj
 0001:00001dcc       ??_C@_09FIOJMNJ@VOPT_NONE?$AA@ 10002dcc     flags.obj
 0001:00001dd8       ??_C@_0BI@NCAHLEBN@VOPT_AUTODETECTCODEPAGE?$AA@ 10002dd8     flags.obj
 0001:00001df0       ??_C@_0BG@JMJAOELH@VOPT_SAVEFILEPOSITION?$AA@ 10002df0     flags.obj
 0001:00001e08       ??_C@_09FPGEBDGO@WIF_MODAL?$AA@ 10002e08     flags.obj
 0001:00001e14       ??_C@_0M@ICPAPCOF@WIF_CURRENT?$AA@ 10002e14     flags.obj
 0001:00001e20       ??_C@_0N@MLMCEKPH@WIF_MODIFIED?$AA@ 10002e20     flags.obj
 0001:00001e30       ??_C@_0N@LCOHPDHN@FSETCLR_NONE?$AA@ 10002e30     flags.obj
 0001:00001e40       ??_C@_0P@LMBMJIMF@FSETCLR_REDRAW?$AA@ 10002e40     flags.obj
 0001:00001e50       ??_C@_0O@GKOLBMFK@AKMFLAGS_NONE?$AA@ 10002e50     flags.obj
 0001:00001e60       ??_C@_0N@GIJCDFJI@KMFLAGS_NONE?$AA@ 10002e60     flags.obj
 0001:00001e70       ??_C@_0BD@JHNPMIGP@KMFLAGS_MOONSCRIPT?$AA@ 10002e70     flags.obj
 0001:00001e84       ??_C@_0M@HFBACHCP@KMFLAGS_LUA?$AA@ 10002e84     flags.obj
 0001:00001e90       ??_C@_0BB@NCECNBPK@KMFLAGS_LANGMASK?$AA@ 10002e90     flags.obj
 0001:00001ea4       ??_C@_0BF@PHHPAAOK@KMFLAGS_ENABLEOUTPUT?$AA@ 10002ea4     flags.obj
 0001:00001ebc       ??_C@_0BM@BBOPLPKC@KMFLAGS_NOSENDKEYSTOPLUGINS?$AA@ 10002ebc     flags.obj
 0001:00001ed8       ??_C@_0BE@GEGKIINM@KMFLAGS_SILENTCHECK?$AA@ 10002ed8     flags.obj
 0001:00001eec       ??_C@_0L@MAGMKNFN@FHELP_NONE?$AA@ 10002eec     flags.obj
 0001:00001ef8       ??_C@_0BC@PNPOIHMG@FHELP_USECONTENTS?$AA@ 10002ef8     flags.obj
 0001:00001f0c       ??_C@_0L@OOIMFPBD@FHELP_GUID?$AA@ 10002f0c     flags.obj
 0001:00001f18       ??_C@_0BB@IHFFPJJA@FHELP_CUSTOMPATH?$AA@ 10002f18     flags.obj
 0001:00001f2c       ??_C@_0BB@KNKDPNI@FHELP_CUSTOMFILE?$AA@ 10002f2c     flags.obj
 0001:00001f40       ??_C@_0O@FLGGLFLC@FHELP_FARHELP?$AA@ 10002f40     flags.obj
 0001:00001f50       ??_C@_0P@GANNLHEJ@FHELP_SELFHELP?$AA@ 10002f50     flags.obj
 0001:00001f60       ??_C@_0BC@HHNGCBAM@FHELP_NOSHOWERROR?$AA@ 10002f60     flags.obj
 0001:00001f74       ??_C@_07MBPCONNA@EN_NONE?$AA@ 10002f74     flags.obj
 0001:00001f7c       ??_C@_0BJ@MOLGCBMH@EF_OPENMODE_RELOADIFOPEN?$AA@ 10002f7c     flags.obj
 0001:00001f98       ??_C@_0BI@EJBKKDJ@EF_OPENMODE_BREAKIFOPEN?$AA@ 10002f98     flags.obj
 0001:00001fb0       ??_C@_0BI@KGOKGPEI@EF_OPENMODE_USEEXISTING?$AA@ 10002fb0     flags.obj
 0001:00001fc8       ??_C@_0BG@BFKJJBAG@EF_OPENMODE_NEWIFOPEN?$AA@ 10002fc8     flags.obj
 0001:00001fe0       ??_C@_0BC@GAIDEJIA@EF_OPENMODE_QUERY?$AA@ 10002fe0     flags.obj
 0001:00001ff4       ??_C@_0BB@NILAHAFO@EF_OPENMODE_MASK?$AA@ 10002ff4     flags.obj
 0001:00002008       ??_C@_0BC@GFHJGKD@EF_DISABLESAVEPOS?$AA@ 10003008     flags.obj
 0001:0000201c       ??_C@_09IJMPFPLB@EF_LOCKED?$AA@ 1000301c     flags.obj
 0001:00002028       ??_C@_0BJ@ILCPOFKL@EF_DELETEONLYFILEONCLOSE?$AA@ 10003028     flags.obj
 0001:00002044       ??_C@_0BD@IHIGHGPL@EF_IMMEDIATERETURN?$AA@ 10003044     flags.obj
 0001:00002058       ??_C@_0BB@KGPIDKFC@EF_DELETEONCLOSE?$AA@ 10003058     flags.obj
 0001:0000206c       ??_C@_0BC@PPEPEFFI@EF_DISABLEHISTORY?$AA@ 1000306c     flags.obj
 0001:00002080       ??_C@_0N@LKLNHALI@EF_ENABLE_F6?$AA@ 10003080     flags.obj
 0001:00002090       ??_C@_0N@DBHFPBEO@EF_CREATENEW?$AA@ 10003090     flags.obj
 0001:000020a0       ??_C@_0M@PIFGAPFH@EF_NONMODAL?$AA@ 100030a0     flags.obj
 0001:000020ac       ??_C@_07CJJFHP@VF_NONE?$AA@ 100030ac     flags.obj
 0001:000020b4       ??_C@_0BJ@OGNFHEJG@VF_DELETEONLYFILEONCLOSE?$AA@ 100030b4     flags.obj
 0001:000020d0       ??_C@_0BD@DHJCMLFI@VF_IMMEDIATERETURN?$AA@ 100030d0     flags.obj
 0001:000020e4       ??_C@_0BC@DLGKMECC@VF_DISABLEHISTORY?$AA@ 100030e4     flags.obj
 0001:000020f8       ??_C@_0N@LDHALKKM@VF_ENABLE_F6?$AA@ 100030f8     flags.obj
 0001:00002108       ??_C@_0BB@OCDDPIKL@VF_DELETEONCLOSE?$AA@ 10003108     flags.obj
 0001:0000211c       ??_C@_0M@IDNADAFL@VF_NONMODAL?$AA@ 1000311c     flags.obj
 0001:00002128       ??_C@_0M@NEMAHHGP@PFLAGS_NONE?$AA@ 10003128     flags.obj
 0001:00002134       ??_C@_0BA@GHMDCHHI@PFLAGS_SHORTCUT?$AA@ 10003134     flags.obj
 0001:00002144       ??_C@_0BI@EOCCAHFA@PFLAGS_ALTERNATIVENAMES?$AA@ 10003144     flags.obj
 0001:0000215c       ??_C@_0N@EOFAELOJ@PFLAGS_FOCUS?$AA@ 1000315c     flags.obj
 0001:0000216c       ??_C@_0P@MLDEBNPK@PFLAGS_VISIBLE?$AA@ 1000316c     flags.obj
 0001:0000217c       ??_C@_0O@DBPJGING@PFLAGS_PLUGIN?$AA@ 1000317c     flags.obj
 0001:0000218c       ??_C@_0BJ@HJFOABKG@PFLAGS_CASESENSITIVESORT?$AA@ 1000318c     flags.obj
 0001:000021a8       ??_C@_0BA@KJEPHDOM@PFLAGS_USECRC32?$AA@ 100031a8     flags.obj
 0001:000021b8       ??_C@_0BI@EHHAJLOH@PFLAGS_DIRECTORIESFIRST?$AA@ 100031b8     flags.obj
 0001:000021d0       ??_C@_0BB@ILEHDKFJ@PFLAGS_PANELLEFT?$AA@ 100031d0     flags.obj
 0001:000021e4       ??_C@_0BD@MOODMDAB@PFLAGS_NUMERICSORT?$AA@ 100031e4     flags.obj
 0001:000021f8       ??_C@_0BB@KDANIJNM@PFLAGS_REALNAMES?$AA@ 100031f8     flags.obj
 0001:0000220c       ??_C@_0BF@LBBAIOCD@PFLAGS_SELECTEDFIRST?$AA@ 1000320c     flags.obj
 0001:00002224       ??_C@_0BF@KJNCJPKN@PFLAGS_USESORTGROUPS?$AA@ 10003224     flags.obj
 0001:0000223c       ??_C@_0BI@BFAFODJ@PFLAGS_REVERSESORTORDER?$AA@ 1000323c     flags.obj
 0001:00002254       ??_C@_0BB@BCAJEJEH@PFLAGS_HIGHLIGHT?$AA@ 10003254     flags.obj
 0001:00002268       ??_C@_0BC@BONLDOOD@PFLAGS_SHOWHIDDEN?$AA@ 10003268     flags.obj
 0001:0000227c       ??_C@_09OIFMMGNJ@PPIF_NONE?$AA@ 1000327c     flags.obj
 0001:00002288       ??_C@_0BC@LPBDBIOM@PPIF_PROCESSDESCR?$AA@ 10003288     flags.obj
 0001:0000229c       ??_C@_0O@JEAJLDHC@PPIF_SELECTED?$AA@ 1000329c     flags.obj
 0001:000022ac       ??_C@_0L@DGFIEOMD@FMENU_NONE?$AA@ 100032ac     flags.obj
 0001:000022b8       ??_C@_0BJ@FCEONOJC@FMENU_CHANGECONSOLETITLE?$AA@ 100032b8     flags.obj
 0001:000022d4       ??_C@_0BL@OKAIKPMN@FMENU_REVERSEAUTOHIGHLIGHT?$AA@ 100032d4     flags.obj
 0001:000022f0       ??_C@_0BE@IDAMFDEA@FMENU_AUTOHIGHLIGHT?$AA@ 100032f0     flags.obj
 0001:00002304       ??_C@_0P@HICDNKDJ@FMENU_WRAPMODE?$AA@ 10003304     flags.obj
 0001:00002314       ??_C@_0BE@FALMPPJK@FMENU_SHOWAMPERSAND?$AA@ 10003314     flags.obj
 0001:00002328       ??_C@_08JEEJJGP@MIF_NONE?$AA@ 10003328     flags.obj
 0001:00002334       ??_C@_0L@DEJINBIP@MIF_HIDDEN?$AA@ 10003334     flags.obj
 0001:00002340       ??_C@_0L@DLLNLLIG@MIF_GRAYED?$AA@ 10003340     flags.obj
 0001:0000234c       ??_C@_0M@OPPCPJOL@MIF_DISABLE?$AA@ 1000334c     flags.obj
 0001:00002358       ??_C@_0O@DEIKOCPA@MIF_SEPARATOR?$AA@ 10003358     flags.obj
 0001:00002368       ??_C@_0M@IHMNAMOE@MIF_CHECKED?$AA@ 10003368     flags.obj
 0001:00002374       ??_C@_0N@JOOGIBAO@MIF_SELECTED?$AA@ 10003374     flags.obj
 0001:00002384       ??_C@_09NNFHCBNL@FDLG_NONE?$AA@ 10003384     flags.obj
 0001:00002390       ??_C@_0BG@GHNOOENB@FDLG_KEEPCONSOLETITLE?$AA@ 10003390     flags.obj
 0001:000023a8       ??_C@_0BB@NPLEEAKK@FDLG_NODRAWPANEL?$AA@ 100033a8     flags.obj
 0001:000023bc       ??_C@_0BC@ONGLDAJN@FDLG_NODRAWSHADOW?$AA@ 100033bc     flags.obj
 0001:000023d0       ??_C@_0BB@DKMEBDJJ@FDLG_SMALLDIALOG?$AA@ 100033d0     flags.obj
 0001:000023e4       ??_C@_0N@OLGDMHKL@FDLG_WARNING?$AA@ 100033e4     flags.obj
 0001:000023f4       ??_C@_0L@EPACPANF@LINFO_NONE?$AA@ 100033f4     flags.obj
 0001:00002400       ??_C@_0BE@OHJCOKAE@LINFO_SHOWAMPERSAND?$AA@ 10003400     flags.obj
 0001:00002414       ??_C@_0P@KLBMHNCG@LINFO_WRAPMODE?$AA@ 10003414     flags.obj
 0001:00002424       ??_C@_0BH@BADLEILJ@LINFO_REVERSEHIGHLIGHT?$AA@ 10003424     flags.obj
 0001:0000243c       ??_C@_0BE@DECCEGNO@LINFO_AUTOHIGHLIGHT?$AA@ 1000343c     flags.obj
 0001:00002450       ??_C@_0BA@OOIEKCFB@LINFO_SHOWNOBOX?$AA@ 10003450     flags.obj
 0001:00002460       ??_C@_0M@FPOGKIGO@LIFIND_NONE?$AA@ 10003460     flags.obj
 0001:0000246c       ??_C@_0BC@BGAENNBJ@LIFIND_EXACTMATCH?$AA@ 1000346c     flags.obj
 0001:00002480       ??_C@_08BODPINCM@LIF_NONE?$AA@ 10003480     flags.obj
 0001:0000248c       ??_C@_0BD@HEPCOIEH@LIF_DELETEUSERDATA?$AA@ 1000348c     flags.obj
 0001:000024a0       ??_C@_0L@PFBGAOEP@LIF_HIDDEN?$AA@ 100034a0     flags.obj
 0001:000024ac       ??_C@_0L@PKDDGEEG@LIF_GRAYED?$AA@ 100034ac     flags.obj
 0001:000024b8       ??_C@_0M@HEFHLFIE@LIF_DISABLE?$AA@ 100034b8     flags.obj
 0001:000024c4       ??_C@_0O@KJIFADIG@LIF_SEPARATOR?$AA@ 100034c4     flags.obj
 0001:000024d4       ??_C@_0M@BMGIEAIL@LIF_CHECKED?$AA@ 100034d4     flags.obj
 0001:000024e0       ??_C@_0N@EDHAFIIL@LIF_SELECTED?$AA@ 100034e0     flags.obj
 0001:000024f0       ??_C@_08KFOHCPDE@DIF_NONE?$AA@ 100034f0     flags.obj
 0001:000024fc       ??_C@_0N@LAEOODAD@DIF_WORDWRAP?$AA@ 100034fc     flags.obj
 0001:0000250c       ??_C@_0O@KJADCBBN@DIF_RIGHTTEXT?$AA@ 1000350c     flags.obj
 0001:0000251c       ??_C@_09LCJIOEMN@DIF_FOCUS?$AA@ 1000351c     flags.obj
 0001:00002528       ??_C@_0BC@CHAAKEJO@DIF_DEFAULTBUTTON?$AA@ 10003528     flags.obj
 0001:0000253c       ??_C@_0M@HCFLMDHK@DIF_DISABLE?$AA@ 1000353c     flags.obj
 0001:00002548       ??_C@_0M@NLLDINIM@DIF_NOFOCUS?$AA@ 10003548     flags.obj
 0001:00002554       ??_C@_0N@KOGKCAKJ@DIF_READONLY?$AA@ 10003554     flags.obj
 0001:00002564       ??_C@_0L@EPNFOPAK@DIF_HIDDEN?$AA@ 10003564     flags.obj
 0001:00002570       ??_C@_0BB@GMKDKOOP@DIF_EDITPATHEXEC?$AA@ 10003570     flags.obj
 0001:00002584       ??_C@_0BA@JNOKLHOL@DIF_LISTNOCLOSE?$AA@ 10003584     flags.obj
 0001:00002594       ??_C@_0BG@MONEJILE@DIF_LISTAUTOHIGHLIGHT?$AA@ 10003594     flags.obj
 0001:000025ac       ??_C@_0BD@MFOKKGGF@DIF_NOAUTOCOMPLETE?$AA@ 100035ac     flags.obj
 0001:000025c0       ??_C@_0BB@NPNALIGO@DIF_LISTWRAPMODE?$AA@ 100035c0     flags.obj
 0001:000025d4       ??_C@_0N@GBGHICKO@DIF_EDITPATH?$AA@ 100035d4     flags.obj
 0001:000025e4       ??_C@_0L@KKNJDNBK@DIF_3STATE?$AA@ 100035e4     flags.obj
 0001:000025f0       ??_C@_0BC@JNLDMGBD@DIF_SELECTONENTRY?$AA@ 100035f0     flags.obj
 0001:00002604       ??_C@_0BK@LEFIBDOA@DIF_LISTTRACKMOUSEINFOCUS?$AA@ 10003604     flags.obj
 0001:00002620       ??_C@_0BD@LPDHCLJI@DIF_LISTTRACKMOUSE?$AA@ 10003620     flags.obj
 0001:00002634       ??_C@_0N@MOCGNIKC@DIF_MASKEDIT?$AA@ 10003634     flags.obj
 0001:00002644       ??_C@_0BD@MNGIOLFF@DIF_USELASTHISTORY?$AA@ 10003644     flags.obj
 0001:00002658       ??_C@_0BB@EIMEKEFP@DIF_DROPDOWNLIST?$AA@ 10003658     flags.obj
 0001:0000266c       ??_C@_0P@EEJEDBLH@DIF_EDITEXPAND?$AA@ 1000366c     flags.obj
 0001:0000267c       ??_C@_0O@IKJBMPOF@DIF_SETSHIELD?$AA@ 1000367c     flags.obj
 0001:0000268c       ??_C@_0BC@ODEMBOPK@DIF_SEPARATORUSER?$AA@ 1000368c     flags.obj
 0001:000026a0       ??_C@_0P@KOJCCCGB@DIF_CENTERTEXT?$AA@ 100036a0     flags.obj
 0001:000026b0       ??_C@_0P@EGFAEEDC@DIF_BTNNOCLOSE?$AA@ 100036b0     flags.obj
 0001:000026c0       ??_C@_0M@IPFBMFDN@DIF_HISTORY?$AA@ 100036c0     flags.obj
 0001:000026cc       ??_C@_0O@FFJNBMAD@DIF_LISTNOBOX?$AA@ 100036cc     flags.obj
 0001:000026dc       ??_C@_0BE@PFICAGJF@DIF_LISTNOAMPERSAND?$AA@ 100036dc     flags.obj
 0001:000026f0       ??_C@_0L@NBPFNGLB@DIF_EDITOR?$AA@ 100036f0     flags.obj
 0001:000026fc       ??_C@_0P@CGILDLOA@DIF_SEPARATOR2?$AA@ 100036fc     flags.obj
 0001:0000270c       ??_C@_0O@JKNMBNLA@DIF_SEPARATOR?$AA@ 1000370c     flags.obj
 0001:0000271c       ??_C@_0BF@JBCDBJCL@DIF_MANUALADDHISTORY?$AA@ 1000371c     flags.obj
 0001:00002734       ??_C@_0P@MKFBJPOB@DIF_NOBRACKETS?$AA@ 10003734     flags.obj
 0001:00002744       ??_C@_0BA@BLCOKAAO@DIF_CENTERGROUP?$AA@ 10003744     flags.obj
 0001:00002754       ??_C@_0BC@PDKFKKEI@DIF_SHOWAMPERSAND?$AA@ 10003754     flags.obj
 0001:00002768       ??_C@_0P@BGPBEDHH@DIF_MOVESELECT?$AA@ 10003768     flags.obj
 0001:00002778       ??_C@_0N@GCKJNBCM@DIF_LEFTTEXT?$AA@ 10003778     flags.obj
 0001:00002788       ??_C@_09IAEPIICA@DIF_GROUP?$AA@ 10003788     flags.obj
 0001:00002794       ??_C@_0N@DHJCDIKM@DIF_BOXCOLOR?$AA@ 10003794     flags.obj
 0001:000027a4       ??_C@_09NEGPLEAH@FMSG_NONE?$AA@ 100037a4     flags.obj
 0001:000027b0       ??_C@_0BE@OCLAIENB@FMSG_MB_RETRYCANCEL?$AA@ 100037b0     flags.obj
 0001:000027c4       ??_C@_0BE@IBNOLCGP@FMSG_MB_YESNOCANCEL?$AA@ 100037c4     flags.obj
 0001:000027d8       ??_C@_0O@GPCAPHCL@FMSG_MB_YESNO?$AA@ 100037d8     flags.obj
 0001:000027e8       ??_C@_0BJ@BKJADAHA@FMSG_MB_ABORTRETRYIGNORE?$AA@ 100037e8     flags.obj
 0001:00002804       ??_C@_0BB@JGAPGIEP@FMSG_MB_OKCANCEL?$AA@ 10003804     flags.obj
 0001:00002818       ??_C@_0L@BGALGPOK@FMSG_MB_OK?$AA@ 10003818     flags.obj
 0001:00002824       ??_C@_0O@FOIOKDHJ@FMSG_ALLINONE?$AA@ 10003824     flags.obj
 0001:00002834       ??_C@_0P@KBEMNNEP@FMSG_LEFTALIGN?$AA@ 10003834     flags.obj
 0001:00002844       ??_C@_0BE@FHOOILPH@FMSG_KEEPBACKGROUND?$AA@ 10003844     flags.obj
 0001:00002858       ??_C@_0P@HHIGLJAP@FMSG_ERRORTYPE?$AA@ 10003858     flags.obj
 0001:00002868       ??_C@_0N@ELMEMNDH@FMSG_WARNING?$AA@ 10003868     flags.obj
 0001:00002878       ??_C@_08FKIDFHCM@CDF_NONE?$AA@ 10003878     flags.obj
 0001:00002884       ??_C@_08BKNBBLHK@FCF_NONE?$AA@ 10003884     flags.obj
 0001:00002890       ??_C@_0O@LGBGBIGB@FCF_STYLEMASK?$AA@ 10003890     flags.obj
 0001:000028a0       ??_C@_0BB@NPEFGEGA@FCF_FG_UNDERLINE?$AA@ 100038a0     flags.obj
 0001:000028b4       ??_C@_0O@FAPDECBF@FCF_FG_ITALIC?$AA@ 100038b4     flags.obj
 0001:000028c4       ??_C@_0M@LFMGCKHG@FCF_FG_BOLD?$AA@ 100038c4     flags.obj
 0001:000028d0       ??_C@_0BC@NKBLNNIA@FCF_EXTENDEDFLAGS?$AA@ 100038d0     flags.obj
 0001:000028e4       ??_C@_0BB@PJFLJJLD@FCF_RAWATTR_MASK?$AA@ 100038e4     flags.obj
 0001:000028f8       ??_C@_0N@HMKJBHOA@FCF_4BITMASK?$AA@ 100038f8     flags.obj
 0001:00002908       ??_C@_0M@PJHNDJIE@FCF_BG_4BIT?$AA@ 10003908     flags.obj
 0001:00002914       ??_C@_0M@HNDHDHHO@FCF_FG_4BIT?$AA@ 10003914     flags.obj
 0001:00002920       ??_C@_0BE@PONEECEM@FE_CHANGESORTPARAMS?$AA@ 10003920     flags.obj
 0001:00002934       ??_C@_0N@DGHFKMFL@FE_KILLFOCUS?$AA@ 10003934     flags.obj
 0001:00002944       ??_C@_0M@FIECADDF@FE_GOTFOCUS?$AA@ 10003944     flags.obj
 0001:00002950       ??_C@_0L@LELAIPLL@FE_COMMAND?$AA@ 10003950     flags.obj
 0001:0000295c       ??_C@_08MOMCCKPB@FE_BREAK?$AA@ 1000395c     flags.obj
 0001:00002968       ??_C@_08DENCGKED@FE_CLOSE?$AA@ 10003968     flags.obj
 0001:00002974       ??_C@_07CLNPDBLG@FE_IDLE?$AA@ 10003974     flags.obj
 0001:0000297c       ??_C@_09DENIDBMJ@FE_REDRAW?$AA@ 1000397c     flags.obj
 0001:00002988       ??_C@_0BC@PNCKAHJO@FE_CHANGEVIEWMODE?$AA@ 10003988     flags.obj
 0001:0000299c       ??_C@_0BA@GEAFHJNF@MPRT_HASNOMACRO?$AA@ 1000399c     flags.obj
 0001:000029ac       ??_C@_0O@IEMNLPAB@MPRT_USERMENU?$AA@ 100039ac     flags.obj
 0001:000029bc       ??_C@_0BD@HHINMPPI@MPRT_PLUGINCOMMAND?$AA@ 100039bc     flags.obj
 0001:000029d0       ??_C@_0BC@LEDOPMKI@MPRT_PLUGINCONFIG?$AA@ 100039d0     flags.obj
 0001:000029e4       ??_C@_0BA@EJFFOAMM@MPRT_PLUGINMENU?$AA@ 100039e4     flags.obj
 0001:000029f4       ??_C@_0BA@OBIDLEIM@MPRT_PLUGINCALL?$AA@ 100039f4     flags.obj
 0001:00002a04       ??_C@_0L@GEHHCKFA@MPRT_PRINT?$AA@ 10003a04     flags.obj
 0001:00002a10       ??_C@_09EJDAADCN@MPRT_KEYS?$AA@ 10003a10     flags.obj
 0001:00002a1c       ??_C@_0BA@BCBAEEOI@MPRT_ERRORPARSE?$AA@ 10003a1c     flags.obj
 0001:00002a2c       ??_C@_0BB@PMCBIGCA@MPRT_ERRORFINISH?$AA@ 10003a2c     flags.obj
 0001:00002a40       ??_C@_0BC@IOECJI@MPRT_NORMALFINISH?$AA@ 10003a40     flags.obj
 0001:00002a54       ??_C@_0N@BHFJFHA@MCT_KEYMACRO?$AA@ 10003a54     flags.obj
 0001:00002a64       ??_C@_0N@FOPIOCHO@MCT_ADDMACRO?$AA@ 10003a64     flags.obj
 0001:00002a74       ??_C@_0BH@PKKJIOHM@MCT_GETCUSTOMSORTMODES?$AA@ 10003a74     flags.obj
 0001:00002a8c       ??_C@_0O@CDBDPKIC@MCT_PANELSORT?$AA@ 10003a8c     flags.obj
 0001:00002a9c       ??_C@_0P@HOMHAEFB@MCT_EXECSTRING?$AA@ 10003a9c     flags.obj
 0001:00002aac       ??_C@_0BC@NALHIHJ@MCT_RUNSTARTMACRO?$AA@ 10003aac     flags.obj
 0001:00002ac0       ??_C@_0N@OLCKOJMI@MCT_DELMACRO?$AA@ 10003ac0     flags.obj
 0001:00002ad0       ??_C@_0BC@NFGGBILF@MCT_RECORDEDMACRO?$AA@ 10003ad0     flags.obj
 0001:00002ae4       ??_C@_0N@IGJGAHKE@MCT_GETMACRO?$AA@ 10003ae4     flags.obj
 0001:00002af4       ??_C@_0BA@MOCJHMJK@MCT_WRITEMACROS?$AA@ 10003af4     flags.obj
 0001:00002b04       ??_C@_0P@HMDDACMI@MCT_ENUMMACROS?$AA@ 10003b04     flags.obj
 0001:00002b14       ??_C@_0P@GNPFPCF@MCT_LOADMACROS?$AA@ 10003b14     flags.obj
 0001:00002b24       ??_C@_0P@GBMLNMMI@MCT_MACROPARSE?$AA@ 10003b24     flags.obj
 0001:00002b34       ??_C@_0O@NEDDJIHC@OPEN_LUAMACRO?$AA@ 10003b34     flags.obj
 0001:00002b44       ??_C@_0P@FOKOAMLC@OPEN_FROMMACRO?$AA@ 10003b44     flags.obj
 0001:00002b54       ??_C@_0BD@NFNGGFHI@OPEN_RIGHTDISKMENU?$AA@ 10003b54     flags.obj
 0001:00002b68       ??_C@_0N@CBHPGAKB@OPEN_ANALYSE?$AA@ 10003b68     flags.obj
 0001:00002b78       ??_C@_0M@LEBKLGKD@OPEN_DIALOG?$AA@ 10003b78     flags.obj
 0001:00002b84       ??_C@_0P@LCDNLGDE@OPEN_FILEPANEL?$AA@ 10003b84     flags.obj
 0001:00002b94       ??_C@_0M@MOBCONI@OPEN_VIEWER?$AA@ 10003b94     flags.obj
 0001:00002ba0       ??_C@_0M@DMJLHMGM@OPEN_EDITOR?$AA@ 10003ba0     flags.obj
 0001:00002bac       ??_C@_0BB@JHCCMIPF@OPEN_COMMANDLINE?$AA@ 10003bac     flags.obj
 0001:00002bc0       ??_C@_0O@OGDCDPNG@OPEN_SHORTCUT?$AA@ 10003bc0     flags.obj
 0001:00002bd0       ??_C@_0O@IEJHJCNB@OPEN_FINDLIST?$AA@ 10003bd0     flags.obj
 0001:00002be0       ??_C@_0BB@CEFDHHLF@OPEN_PLUGINSMENU?$AA@ 10003be0     flags.obj
 0001:00002bf4       ??_C@_0BC@OOKLINPG@OPEN_LEFTDISKMENU?$AA@ 10003bf4     flags.obj
 0001:00002c08       ??_C@_05MMFLPJEB@VS_RC?$AA@ 10003c08     flags.obj
 0001:00002c10       ??_C@_07OKFPMINB@VS_BETA?$AA@ 10003c10     flags.obj
 0001:00002c18       ??_C@_08BDGLHPMJ@VS_ALPHA?$AA@ 10003c18     flags.obj
 0001:00002c24       ??_C@_0L@NCFOENCC@VS_RELEASE?$AA@ 10003c24     flags.obj
 0001:00002c30       ??_C@_0L@NPJNPCJM@CPM_NATIVE?$AA@ 10003c30     flags.obj
 0001:00002c3c       ??_C@_08LAEGFKJE@CPM_REAL?$AA@ 10003c3c     flags.obj
 0001:00002c48       ??_C@_08HNOHKPBK@CPM_FULL?$AA@ 10003c48     flags.obj
 0001:00002c54       ??_C@_0N@PJENIJFN@LINK_SYMLINK?$AA@ 10003c54     flags.obj
 0001:00002c64       ??_C@_0BA@GFPIOFMG@LINK_SYMLINKDIR?$AA@ 10003c64     flags.obj
 0001:00002c74       ??_C@_0BB@JDBEPJDK@LINK_SYMLINKFILE?$AA@ 10003c74     flags.obj
 0001:00002c88       ??_C@_0O@FIAPLKLH@LINK_VOLMOUNT?$AA@ 10003c88     flags.obj
 0001:00002c98       ??_C@_0O@OOAFIIDA@LINK_JUNCTION?$AA@ 10003c98     flags.obj
 0001:00002ca8       ??_C@_0O@KJFMBLFE@LINK_HARDLINK?$AA@ 10003ca8     flags.obj
 0001:00002cb8       ??_C@_0L@IADFDBJB@FCT_COLUMN?$AA@ 10003cb8     flags.obj
 0001:00002cc4       ??_C@_0L@CDAEILNM@FCT_STREAM?$AA@ 10003cc4     flags.obj
 0001:00002cd0       ??_C@_07BPEFOPGM@FCT_ANY?$AA@ 10003cd0     flags.obj
 0001:00002cd8       ??_C@_09EDBNDHCM@PSL_LOCAL?$AA@ 10003cd8     flags.obj
 0001:00002ce4       ??_C@_0M@JCGHGLJF@PSL_ROAMING?$AA@ 10003ce4     flags.obj
 0001:00002cf0       ??_C@_0BB@GBBEBNKE@FSSF_PANELLAYOUT?$AA@ 10003cf0     flags.obj
 0001:00002d04       ??_C@_0P@OCDADNBF@FSSF_INTERFACE?$AA@ 10003d04     flags.obj
 0001:00002d14       ??_C@_0M@CBDJLJIE@FSSF_DIALOG?$AA@ 10003d14     flags.obj
 0001:00002d20       ??_C@_0M@KEMGKEOF@FSSF_SCREEN?$AA@ 10003d20     flags.obj
 0001:00002d2c       ??_C@_0M@KJLIHDEL@FSSF_EDITOR?$AA@ 10003d2c     flags.obj
 0001:00002d38       ??_C@_0L@LBFNJGFB@FSSF_PANEL?$AA@ 10003d38     flags.obj
 0001:00002d44       ??_C@_0M@PIGDMPJB@FSSF_SYSTEM?$AA@ 10003d44     flags.obj
 0001:00002d50       ??_C@_0BD@PBIEGEHP@FSSF_CONFIRMATIONS?$AA@ 10003d50     flags.obj
 0001:00002d64       ??_C@_0BG@OHMIIBBD@FSSF_FOLDERSHORTCUT_9?$AA@ 10003d64     flags.obj
 0001:00002d7c       ??_C@_0BG@PONDLAFC@FSSF_FOLDERSHORTCUT_8?$AA@ 10003d7c     flags.obj
 0001:00002d94       ??_C@_0BG@HJELKMJN@FSSF_FOLDERSHORTCUT_7?$AA@ 10003d94     flags.obj
 0001:00002dac       ??_C@_0BG@GAFAJNNM@FSSF_FOLDERSHORTCUT_6?$AA@ 10003dac     flags.obj
 0001:00002dc4       ??_C@_0BG@ELHNMOBP@FSSF_FOLDERSHORTCUT_5?$AA@ 10003dc4     flags.obj
 0001:00002ddc       ??_C@_0BG@FCGGPPFO@FSSF_FOLDERSHORTCUT_4?$AA@ 10003ddc     flags.obj
 0001:00002df4       ??_C@_0BG@BNCHGJJJ@FSSF_FOLDERSHORTCUT_3?$AA@ 10003df4     flags.obj
 0001:00002e0c       ??_C@_0BG@EDMFINI@FSSF_FOLDERSHORTCUT_2?$AA@ 10003e0c     flags.obj
 0001:00002e24       ??_C@_0BG@CPBBALBL@FSSF_FOLDERSHORTCUT_1?$AA@ 10003e24     flags.obj
 0001:00002e3c       ??_C@_0BG@DGAKDKFK@FSSF_FOLDERSHORTCUT_0?$AA@ 10003e3c     flags.obj
 0001:00002e54       ??_C@_0BG@IFGEMJIF@FSSF_HISTORY_EXTERNAL?$AA@ 10003e54     flags.obj
 0001:00002e6c       ??_C@_0BC@CODELNPP@FSSF_HISTORY_EDIT?$AA@ 10003e6c     flags.obj
 0001:00002e80       ??_C@_0BC@NJCJCCNH@FSSF_HISTORY_VIEW?$AA@ 10003e80     flags.obj
 0001:00002e94       ??_C@_0BE@BLPOFODL@FSSF_HISTORY_FOLDER?$AA@ 10003e94     flags.obj
 0001:00002ea8       ??_C@_0BB@HDKCPBIO@FSSF_HISTORY_CMD?$AA@ 10003ea8     flags.obj
 0001:00002ebc       ??_C@_09OBBBBFPE@FSSF_ROOT?$AA@ 10003ebc     flags.obj
 0001:00002ec8       ??_C@_08EJJJCLIG@FST_DATA?$AA@ 10003ec8     flags.obj
 0001:00002ed4       ??_C@_0L@LPMPBKDL@FST_STRING?$AA@ 10003ed4     flags.obj
 0001:00002ee0       ??_C@_09LFEEAJIC@FST_QWORD?$AA@ 10003ee0     flags.obj
 0001:00002eec       ??_C@_0L@GGGOEGKJ@FST_SUBKEY?$AA@ 10003eec     flags.obj
 0001:00002ef8       ??_C@_0M@OIOMMFOE@FST_UNKNOWN?$AA@ 10003ef8     flags.obj
 0001:00002f04       ??_C@_0L@LGPEDLLD@FFT_CUSTOM?$AA@ 10003f04     flags.obj
 0001:00002f10       ??_C@_0L@EKPDMFDD@FFT_SELECT?$AA@ 10003f10     flags.obj
 0001:00002f1c       ??_C@_08KKCPIPGP@FFT_COPY?$AA@ 10003f1c     flags.obj
 0001:00002f28       ??_C@_0N@GMEDAGNH@FFT_FINDFILE?$AA@ 10003f28     flags.obj
 0001:00002f38       ??_C@_09BOODOHKD@FFT_PANEL?$AA@ 10003f38     flags.obj
 0001:00002f44       ??_C@_0P@KKEMMPNI@PFM_MODULENAME?$AA@ 10003f44     flags.obj
 0001:00002f54       ??_C@_08KBAMIIFB@PFM_GUID?$AA@ 10003f54     flags.obj
 0001:00002f60       ??_C@_08HHHKLJPB@PLT_PATH?$AA@ 10003f60     flags.obj
 0001:00002f6c       ??_C@_0P@NMOJJPOB@ECTYPE_DELETED?$AA@ 10003f6c     flags.obj
 0001:00002f7c       ??_C@_0N@MDEFMEEA@ECTYPE_ADDED?$AA@ 10003f7c     flags.obj
 0001:00002f8c       ??_C@_0P@DOBJCNIG@ECTYPE_CHANGED?$AA@ 10003f8c     flags.obj
 0001:00002f9c       ??_C@_0P@BECIAJAM@ECSTATE_LOCKED?$AA@ 10003f9c     flags.obj
 0001:00002fac       ??_C@_0O@GBBGHDFM@ECSTATE_SAVED?$AA@ 10003fac     flags.obj
 0001:00002fbc       ??_C@_0BB@BNPDAPGB@ECSTATE_MODIFIED?$AA@ 10003fbc     flags.obj
 0001:00002fd0       ??_C@_0N@EMEGNPLI@BTYPE_COLUMN?$AA@ 10003fd0     flags.obj
 0001:00002fe0       ??_C@_0N@OPHHGFPF@BTYPE_STREAM?$AA@ 10003fe0     flags.obj
 0001:00002ff0       ??_C@_0L@BJCBJJNB@BTYPE_NONE?$AA@ 10003ff0     flags.obj
 0001:00002ffc       ??_C@_0BD@CLLAKGOA@EOPT_SHOWLINEBREAK?$AA@ 10003ffc     flags.obj
 0001:00003010       ??_C@_08HMMLONBH@EOPT_BOM?$AA@ 10004010     flags.obj
 0001:0000301c       ??_C@_0BE@DDKCDJDC@EOPT_SHOWWHITESPACE?$AA@ 1000401c     flags.obj
 0001:00003030       ??_C@_0BH@CJPAGGLC@EOPT_EXPANDONLYNEWTABS?$AA@ 10004030     flags.obj
 0001:00003048       ??_C@_0BF@IMCOEIAL@EOPT_CURSORBEYONDEOL?$AA@ 10004048     flags.obj
 0001:00003060       ??_C@_0BI@PFHCGCAI@EOPT_AUTODETECTCODEPAGE?$AA@ 10004060     flags.obj
 0001:00003078       ??_C@_0BG@MBPADLG@EOPT_SAVEFILEPOSITION?$AA@ 10004078     flags.obj
 0001:00003090       ??_C@_0BA@KPJEAKBD@EOPT_AUTOINDENT?$AA@ 10004090     flags.obj
 0001:000030a0       ??_C@_0BG@PIIHHCAN@EOPT_DELREMOVESBLOCKS?$AA@ 100040a0     flags.obj
 0001:000030b8       ??_C@_0BG@BOINMDEK@EOPT_PERSISTENTBLOCKS?$AA@ 100040b8     flags.obj
 0001:000030d0       ??_C@_0BD@DKHPEOHH@EOPT_EXPANDALLTABS?$AA@ 100040d0     flags.obj
 0001:000030e4       ??_C@_0P@OONGIIBL@EXPAND_NEWTABS?$AA@ 100040e4     flags.obj
 0001:000030f4       ??_C@_0P@MLHPCNDM@EXPAND_ALLTABS?$AA@ 100040f4     flags.obj
 0001:00003104       ??_C@_0O@PKOIFEBO@EXPAND_NOTABS?$AA@ 10004104     flags.obj
 0001:00003114       ??_C@_08DHMMFAHF@EUR_REDO?$AA@ 10004114     flags.obj
 0001:00003120       ??_C@_08FCONALGE@EUR_UNDO?$AA@ 10004120     flags.obj
 0001:0000312c       ??_C@_07DDJDFJCN@EUR_END?$AA@ 1000412c     flags.obj
 0001:00003134       ??_C@_09FLEMPKKP@EUR_BEGIN?$AA@ 10004134     flags.obj
 0001:00003140       ??_C@_0M@FICNFPPA@ESPT_SETBOM?$AA@ 10004140     flags.obj
 0001:0000314c       ??_C@_0BE@MACJBCFP@ESPT_SHOWWHITESPACE?$AA@ 1000414c     flags.obj
 0001:00003160       ??_C@_0BA@FGEHLJDF@ESPT_GETWORDDIV?$AA@ 10004160     flags.obj
 0001:00003170       ??_C@_0BA@EIGIAOHM@ESPT_SETWORDDIV?$AA@ 10004170     flags.obj
 0001:00003180       ??_C@_0O@KCPDJCKC@ESPT_LOCKMODE?$AA@ 10004180     flags.obj
 0001:00003190       ??_C@_0BG@HAPABMJH@ESPT_SAVEFILEPOSITION?$AA@ 10004190     flags.obj
 0001:000031a8       ??_C@_0O@PIAOJINE@ESPT_CODEPAGE?$AA@ 100041a8     flags.obj
 0001:000031b8       ??_C@_0BC@OECOCGLJ@ESPT_CHARCODEBASE?$AA@ 100041b8     flags.obj
 0001:000031cc       ??_C@_0BF@LPNONOMF@ESPT_CURSORBEYONDEOL?$AA@ 100041cc     flags.obj
 0001:000031e4       ??_C@_0BA@KOADDMLI@ESPT_AUTOINDENT?$AA@ 100041e4     flags.obj
 0001:000031f4       ??_C@_0BA@GOKHPFCK@ESPT_EXPANDTABS?$AA@ 100041f4     flags.obj
 0001:00003204       ??_C@_0N@HKGMPMJE@ESPT_TABSIZE?$AA@ 10004204     flags.obj
 0001:00003214       ??_C@_0BB@MNODJNPE@SE_COMMONSYNCHRO?$AA@ 10004214     flags.obj
 0001:00003228       ??_C@_0O@ICBCOJCG@DE_DLGPROCEND?$AA@ 10004228     flags.obj
 0001:00003238       ??_C@_0BC@BMFEJAMO@DE_DEFDLGPROCINIT?$AA@ 10004238     flags.obj
 0001:0000324c       ??_C@_0P@MBHAHBBG@DE_DLGPROCINIT?$AA@ 1000424c     flags.obj
 0001:0000325c       ??_C@_09MIOGFFI@EE_CHANGE?$AA@ 1000425c     flags.obj
 0001:00003268       ??_C@_0N@ILLPMAJF@EE_KILLFOCUS?$AA@ 10004268     flags.obj
 0001:00003278       ??_C@_0M@CPNMNBMF@EE_GOTFOCUS?$AA@ 10004278     flags.obj
 0001:00003284       ??_C@_08NFPFGIG@EE_CLOSE?$AA@ 10004284     flags.obj
 0001:00003290       ??_C@_09NPOPIKMK@EE_REDRAW?$AA@ 10004290     flags.obj
 0001:0000329c       ??_C@_07KJGPGPOC@EE_SAVE?$AA@ 1000429c     flags.obj
 0001:000032a4       ??_C@_07BLBPFFLB@EE_READ?$AA@ 100042a4     flags.obj
 0001:000032ac       ??_C@_0N@ICHCAKIB@VE_KILLFOCUS?$AA@ 100042ac     flags.obj
 0001:000032bc       ??_C@_0M@FEFKOOMJ@VE_GOTFOCUS?$AA@ 100042bc     flags.obj
 0001:000032c8       ??_C@_08JIBCCIDC@VE_CLOSE?$AA@ 100042c8     flags.obj
 0001:000032d4       ??_C@_07OJCLGDHJ@VE_READ?$AA@ 100042d4     flags.obj
 0001:000032dc       ??_C@_08BDDNDBMJ@VMT_DUMP?$AA@ 100042dc     flags.obj
 0001:000032e8       ??_C@_07FLIHDEDA@VMT_HEX?$AA@ 100042e8     flags.obj
 0001:000032f0       ??_C@_08FNEFFFEL@VMT_TEXT?$AA@ 100042f0     flags.obj
 0001:000032fc       ??_C@_0O@INKALKJK@VSMT_WORDWRAP?$AA@ 100042fc     flags.obj
 0001:0000330c       ??_C@_09FLKONCNO@VSMT_WRAP?$AA@ 1000430c     flags.obj
 0001:00003318       ??_C@_0O@MCNCFBLF@VSMT_VIEWMODE?$AA@ 10004318     flags.obj
 0001:00003328       ??_C@_0M@GHGAPHPP@TBPS_PAUSED?$AA@ 10004328     flags.obj
 0001:00003334       ??_C@_0L@DFDPCOFD@TBPS_ERROR?$AA@ 10004334     flags.obj
 0001:00003340       ??_C@_0M@KHLNKPHE@TBPS_NORMAL?$AA@ 10004340     flags.obj
 0001:0000334c       ??_C@_0BD@HMEHMDAL@TBPS_INDETERMINATE?$AA@ 1000434c     flags.obj
 0001:00003360       ??_C@_0BA@IPEAOBGN@TBPS_NOPROGRESS?$AA@ 10004360     flags.obj
 0001:00003370       ??_C@_0L@BCEMNGOG@WTYPE_HELP?$AA@ 10004370     flags.obj
 0001:0000337c       ??_C@_0M@OMKLELFA@WTYPE_VMENU?$AA@ 1000437c     flags.obj
 0001:00003388       ??_C@_0N@PBFHKEGB@WTYPE_DIALOG?$AA@ 10004388     flags.obj
 0001:00003398       ??_C@_0N@HJNGGOKO@WTYPE_EDITOR?$AA@ 10004398     flags.obj
 0001:000033a8       ??_C@_0N@EJKMDMBK@WTYPE_VIEWER?$AA@ 100043a8     flags.obj
 0001:000033b8       ??_C@_0N@FNCFCPIG@WTYPE_PANELS?$AA@ 100043b8     flags.obj
 0001:000033c8       ??_C@_0O@DCGKMPOM@WTYPE_DESKTOP?$AA@ 100043c8     flags.obj
 0001:000033d8       ??_C@_0L@PMDDFEBD@FMVT_PANEL?$AA@ 100043d8     flags.obj
 0001:000033e4       ??_C@_0L@DJIKMOJA@FMVT_ARRAY?$AA@ 100043e4     flags.obj
 0001:000033f0       ??_C@_08DDPDBBNO@FMVT_NIL?$AA@ 100043f0     flags.obj
 0001:000033fc       ??_C@_0N@FMHCFNDF@FMVT_POINTER?$AA@ 100043fc     flags.obj
 0001:0000340c       ??_C@_0M@GKPDICDA@FMVT_BINARY?$AA@ 1000440c     flags.obj
 0001:00003418       ??_C@_0N@MHKOBOGF@FMVT_BOOLEAN?$AA@ 10004418     flags.obj
 0001:00003428       ??_C@_0M@CKDAIOEN@FMVT_DOUBLE?$AA@ 10004428     flags.obj
 0001:00003434       ??_C@_0M@LFMLDDKI@FMVT_STRING?$AA@ 10004434     flags.obj
 0001:00003440       ??_C@_0N@BDMFKEKE@FMVT_INTEGER?$AA@ 10004440     flags.obj
 0001:00003450       ??_C@_0N@IBOAADDD@FMVT_UNKNOWN?$AA@ 10004450     flags.obj
 0001:00003460       ??_C@_0L@FJDDLDNN@MPEC_ERROR?$AA@ 10004460     flags.obj
 0001:0000346c       ??_C@_0N@CGFFMLBC@MPEC_SUCCESS?$AA@ 1000446c     flags.obj
 0001:0000347c       ??_C@_0BM@OICPADFE@MACROSTATE_RECORDING_COMMON?$AA@ 1000447c     flags.obj
 0001:00003498       ??_C@_0BF@BGODKPBB@MACROSTATE_RECORDING?$AA@ 10004498     flags.obj
 0001:000034b0       ??_C@_0BM@EJOFDENO@MACROSTATE_EXECUTING_COMMON?$AA@ 100044b0     flags.obj
 0001:000034cc       ??_C@_0BF@PCDEFEGP@MACROSTATE_EXECUTING?$AA@ 100044cc     flags.obj
 0001:000034e4       ??_C@_0BD@DIKEKAIJ@MACROSTATE_NOMACRO?$AA@ 100044e4     flags.obj
 0001:000034f8       ??_C@_0BB@JPEEDDOG@MACROAREA_COMMON?$AA@ 100044f8     flags.obj
 0001:0000350c       ??_C@_0BP@OIHAIGBK@MACROAREA_DIALOGAUTOCOMPLETION?$AA@ 1000450c     flags.obj
 0001:0000352c       ??_C@_0BO@OMLEPJPM@MACROAREA_SHELLAUTOCOMPLETION?$AA@ 1000452c     flags.obj
 0001:0000354c       ??_C@_0BD@JCFMJGDE@MACROAREA_USERMENU?$AA@ 1000454c     flags.obj
 0001:00003560       ??_C@_0BF@FCHKCGLL@MACROAREA_FINDFOLDER?$AA@ 10004560     flags.obj
 0001:00003578       ??_C@_0BE@HBMEGBOC@MACROAREA_TREEPANEL?$AA@ 10004578     flags.obj
 0001:0000358c       ??_C@_0BF@NLJMHMPP@MACROAREA_QVIEWPANEL?$AA@ 1000458c     flags.obj
 0001:000035a4       ??_C@_0BE@MDJPICHC@MACROAREA_INFOPANEL?$AA@ 100045a4     flags.obj
 0001:000035b8       ??_C@_0P@DKPKIEO@MACROAREA_HELP?$AA@ 100045b8     flags.obj
 0001:000035c8       ??_C@_0P@LFLMAHBF@MACROAREA_MENU?$AA@ 100045c8     flags.obj
 0001:000035d8       ??_C@_0BD@IGOOIJP@MACROAREA_MAINMENU?$AA@ 100045d8     flags.obj
 0001:000035ec       ??_C@_0BA@KKMKOLIK@MACROAREA_DISKS?$AA@ 100045ec     flags.obj
 0001:000035fc       ??_C@_0BB@MLMLHIGE@MACROAREA_SEARCH?$AA@ 100045fc     flags.obj
 0001:00003610       ??_C@_0BB@CADENPFI@MACROAREA_DIALOG?$AA@ 10004610     flags.obj
 0001:00003624       ??_C@_0BB@KILFBFJH@MACROAREA_EDITOR?$AA@ 10004624     flags.obj
 0001:00003638       ??_C@_0BB@JIMPEHCD@MACROAREA_VIEWER?$AA@ 10004638     flags.obj
 0001:0000364c       ??_C@_0BA@DEBOOAEB@MACROAREA_SHELL?$AA@ 1000464c     flags.obj
 0001:0000365c       ??_C@_0BA@MMOAIEKP@MACROAREA_OTHER?$AA@ 1000465c     flags.obj
 0001:0000366c       ??_C@_0L@MOADGAEB@MSSC_CHECK?$AA@ 1000466c     flags.obj
 0001:00003678       ??_C@_09CEDFMINA@MSSC_POST?$AA@ 10004678     flags.obj
 0001:00003684       ??_C@_0BD@IPKOEBIA@ACTL_GETWINDOWTYPE?$AA@ 10004684     flags.obj
 0001:00003698       ??_C@_0BE@NPJGMDBM@ACTL_PROGRESSNOTIFY?$AA@ 10004698     flags.obj
 0001:000036ac       ??_C@_0BC@CAAPIEHK@ACTL_SETCURSORPOS?$AA@ 100046ac     flags.obj
 0001:000036c0       ??_C@_0BC@FELBEIDG@ACTL_GETCURSORPOS?$AA@ 100046c0     flags.obj
 0001:000036d4       ??_C@_0BA@LJCPDIKK@ACTL_GETFARRECT?$AA@ 100046d4     flags.obj
 0001:000036e4       ??_C@_09HNDBKLDC@ACTL_QUIT?$AA@ 100046e4     flags.obj
 0001:000036f0       ??_C@_0BG@ICJFAPHK@ACTL_SETPROGRESSVALUE?$AA@ 100046f0     flags.obj
 0001:00003708       ??_C@_0BG@IJPADENB@ACTL_SETPROGRESSSTATE?$AA@ 10004708     flags.obj
 0001:00003720       ??_C@_0N@DHPLJLHO@ACTL_SYNCHRO?$AA@ 10004720     flags.obj
 0001:00003730       ??_C@_0P@JECKFIA@ACTL_REDRAWALL?$AA@ 10004730     flags.obj
 0001:00003740       ??_C@_0BD@JFOOLBPN@ACTL_SETARRAYCOLOR?$AA@ 10004740     flags.obj
 0001:00003754       ??_C@_0BA@CLHFKJJP@ACTL_GETFARHWND?$AA@ 10004754     flags.obj
 0001:00003764       ??_C@_0M@IHHFGPPA@ACTL_COMMIT?$AA@ 10004764     flags.obj
 0001:00003770       ??_C@_0BG@MNKPOEEN@ACTL_SETCURRENTWINDOW?$AA@ 10004770     flags.obj
 0001:00003788       ??_C@_0BE@PJBIPKOD@ACTL_GETWINDOWCOUNT?$AA@ 10004788     flags.obj
 0001:0000379c       ??_C@_0BD@DIFEEKNN@ACTL_GETWINDOWINFO?$AA@ 1000479c     flags.obj
 0001:000037b0       ??_C@_0BD@OKPAACIK@ACTL_GETARRAYCOLOR?$AA@ 100047b0     flags.obj
 0001:000037c4       ??_C@_0O@CEHHJAFD@ACTL_GETCOLOR?$AA@ 100047c4     flags.obj
 0001:000037d4       ??_C@_0N@DPABJDML@ACTL_WAITKEY?$AA@ 100047d4     flags.obj
 0001:000037e4       ??_C@_0BK@PHBCABMB@ACTL_GETFARMANAGERVERSION?$AA@ 100047e4     flags.obj
 0001:00003800       ??_C@_0BI@CNPFKHKO@EEC_LOADING_INTERRUPTED?$AA@ 10004800     flags.obj
 0001:00003818       ??_C@_0BB@HALKEFOL@EEC_NOT_MODIFIED?$AA@ 10004818     flags.obj
 0001:0000382c       ??_C@_0N@GLMELIKF@EEC_MODIFIED?$AA@ 1000482c     flags.obj
 0001:0000383c       ??_C@_0P@FEMAMJLE@EEC_OPEN_ERROR?$AA@ 1000483c     flags.obj
 0001:0000384c       ??_C@_09KFKGJDHC@SM_CHTIME?$AA@ 1000484c     flags.obj
 0001:00003858       ??_C@_0M@OAFEBGNH@SM_FULLNAME?$AA@ 10004858     flags.obj
 0001:00003864       ??_C@_0P@PKGMDPMD@SM_STREAMSSIZE?$AA@ 10004864     flags.obj
 0001:00003874       ??_C@_0O@CCKEKPHL@SM_NUMSTREAMS?$AA@ 10004874     flags.obj
 0001:00003884       ??_C@_0M@PKNLKFI@SM_NUMLINKS?$AA@ 10004884     flags.obj
 0001:00003890       ??_C@_0BC@NKDBNAHD@SM_COMPRESSEDSIZE?$AA@ 10004890     flags.obj
 0001:000038a4       ??_C@_08MEAGCMBB@SM_OWNER?$AA@ 100048a4     flags.obj
 0001:000038b0       ??_C@_08BCBPOLMA@SM_DESCR?$AA@ 100048b0     flags.obj
 0001:000038bc       ??_C@_07OMPKMIKC@SM_SIZE?$AA@ 100048bc     flags.obj
 0001:000038c4       ??_C@_08CPOLNKCG@SM_ATIME?$AA@ 100048c4     flags.obj
 0001:000038d0       ??_C@_08GCCDHLCN@SM_CTIME?$AA@ 100048d0     flags.obj
 0001:000038dc       ??_C@_08FICJBKFN@SM_MTIME?$AA@ 100048dc     flags.obj
 0001:000038e8       ??_C@_06GJJJNNFE@SM_EXT?$AA@ 100048e8     flags.obj
 0001:000038f0       ??_C@_07KIFHAGIL@SM_NAME?$AA@ 100048f0     flags.obj
 0001:000038f8       ??_C@_0M@JGBFGGEA@SM_UNSORTED?$AA@ 100048f8     flags.obj
 0001:00003904       ??_C@_0L@OPHJOKKE@SM_DEFAULT?$AA@ 10004904     flags.obj
 0001:00003910       ??_C@_0BA@NKMDEBG@PTYPE_INFOPANEL?$AA@ 10004910     flags.obj
 0001:00003920       ??_C@_0BB@JBINOKAI@PTYPE_QVIEWPANEL?$AA@ 10004920     flags.obj
 0001:00003934       ??_C@_0BA@LPPHNHIG@PTYPE_TREEPANEL?$AA@ 10004934     flags.obj
 0001:00003944       ??_C@_0BA@KNHGEBNE@PTYPE_FILEPANEL?$AA@ 10004944     flags.obj
 0001:00003954       ??_C@_0L@KHCLMGFJ@CBET_MOUSE?$AA@ 10004954     flags.obj
 0001:00003960       ??_C@_08PPADCPCM@CBET_KEY?$AA@ 10004960     flags.obj
 0001:0000396c       ??_C@_0O@ILJOJGLD@BSTATE_TOGGLE?$AA@ 1000496c     flags.obj
 0001:0000397c       ??_C@_0O@KBIFGGHO@BSTATE_3STATE?$AA@ 1000497c     flags.obj
 0001:0000398c       ??_C@_0P@FALAMPGP@BSTATE_CHECKED?$AA@ 1000498c     flags.obj
 0001:0000399c       ??_C@_0BB@HLBBGMAN@BSTATE_UNCHECKED?$AA@ 1000499c     flags.obj
 0001:000039b0       ??_C@_07DIJJNCBA@DM_USER?$AA@ 100049b0     flags.obj
 0001:000039b8       ??_C@_0BD@NGEKAPIF@DN_DRAWDLGITEMDONE?$AA@ 100049b8     flags.obj
 0001:000039cc       ??_C@_0BC@MHCBFAAO@DN_DROPDOWNOPENED?$AA@ 100049cc     flags.obj
 0001:000039e0       ??_C@_0M@POIFBPFN@DN_GETVALUE?$AA@ 100049e0     flags.obj
 0001:000039ec       ??_C@_08EHEOFOJD@DN_CLOSE?$AA@ 100049ec     flags.obj
 0001:000039f8       ??_C@_0BA@FGOGLDBC@DN_CONTROLINPUT?$AA@ 100049f8     flags.obj
 0001:00003a08       ??_C@_08MDDLDGPO@DN_INPUT?$AA@ 10004a08     flags.obj
 0001:00003a14       ??_C@_0O@EONPBNNP@DN_LISTHOTKEY?$AA@ 10004a14     flags.obj
 0001:00003a24       ??_C@_0BC@FHPPFLKG@DN_DRAWDIALOGDONE?$AA@ 10004a24     flags.obj
 0001:00003a38       ??_C@_0BB@BOOOCAEG@DN_RESIZECONSOLE?$AA@ 10004a38     flags.obj
 0001:00003a4c       ??_C@_0L@MLMFBHN@DN_DRAGGED?$AA@ 10004a4c     flags.obj
 0001:00003a58       ??_C@_0O@CLPABIGO@DN_LISTCHANGE?$AA@ 10004a58     flags.obj
 0001:00003a68       ??_C@_0N@CHLLLNBO@DN_KILLFOCUS?$AA@ 10004a68     flags.obj
 0001:00003a78       ??_C@_0O@BJECHBCA@DN_INITDIALOG?$AA@ 10004a78     flags.obj
 0001:00003a88       ??_C@_09EDGJFAK@DN_HOTKEY?$AA@ 10004a88     flags.obj
[...]
 0001:0001e120       _PushDlgItemNum            1001f120 f   service.obj
 0001:0001e1d0       _SetDlgItem                1001f1d0 f   service.obj
 0001:0001e3f0       _far_SendDlgMessage        1001f3f0 f   service.obj
 0001:0001faf0       _far_DialogInit            10020af0 f   service.obj
 0001:0001fdc0       _far_DialogRun             10020dc0 f   service.obj
 0001:0001fe70       _far_DialogFree            10020e70 f   service.obj
 0001:0001fed0       _dialog_tostring           10020ed0 f   service.obj
 0001:0001ff30       _dialog_rawhandle          10020f30 f   service.obj
 0001:0001ff70       _far_GetDlgItem            10020f70 f   service.obj
 0001:0001ffe0       _far_SetDlgItem            10020fe0 f   service.obj
 0001:00020050       _far_SubscribeDialogDrawEvents 10021050 f   service.obj
 0001:00020070       _editor_Editor             10021070 f   service.obj
 0001:00020190       _viewer_Viewer             10021190 f   service.obj
 0001:00020290       _viewer_GetFileName        10021290 f   service.obj
 0001:00020340       _viewer_GetInfo            10021340 f   service.obj
 0001:000205a0       _viewer_Quit               100215a0 f   service.obj
 0001:000205e0       _viewer_Redraw             100215e0 f   service.obj
 0001:00020620       _viewer_Select             10021620 f   service.obj
 0001:000206b0       _viewer_SetPosition        100216b0 f   service.obj
 0001:00020860       _viewer_SetMode            10021860 f   service.obj
 0001:00020960       _far_ShowHelp              10021960 f   service.obj
 0001:000209f0       _far_InputBox              100219f0 f   service.obj
 0001:00020b70       _far_GetMsg                10021b70 f   service.obj
 0001:00020be0       _far_Text                  10021be0 f   service.obj
 0001:00020c70       _far_CopyToClipboard       10021c70 f   service.obj
 0001:00020d50       _far_PasteFromClipboard    10021d50 f   service.obj
 0001:00020e20       _far_InputRecordToName     10021e20 f   service.obj
 0001:00020ff0       _far_NameToInputRecord     10021ff0 f   service.obj
 0001:00021060       _far_LStricmp              10022060 f   service.obj
 0001:000210b0       _far_LStrnicmp             100220b0 f   service.obj
 0001:00021120       _far_ProcessName           10022120 f   service.obj
 0001:00021340       _far_GetReparsePointInfo   10022340 f   service.obj
 0001:000213d0       _far_LIsAlpha              100223d0 f   service.obj
 0001:00021420       _far_LIsAlphanum           10022420 f   service.obj
 0001:00021470       _far_LIsLower              10022470 f   service.obj
 0001:000214c0       _far_LIsUpper              100224c0 f   service.obj
 0001:00021510       _far_LLowerBuf             10022510 f   service.obj
 0001:00021570       _far_LUpperBuf             10022570 f   service.obj
 0001:000215d0       _far_MkTemp                100225d0 f   service.obj
 0001:00021650       _far_MkLink                10022650 f   service.obj
 0001:00021720       _far_GetPathRoot           10022720 f   service.obj
 0001:000217a0       _truncstring               100227a0 f   service.obj
 0001:00021860       _far_TruncPathStr          10022860 f   service.obj
 0001:00021880       _far_TruncStr              10022880 f   service.obj
 0001:000218a0       _FrsUserFunc@12            100228a0 f   service.obj
 0001:00021960       _far_RecursiveSearch       10022960 f   service.obj
 0001:00021a70       _far_ConvertPath           10022a70 f   service.obj
 0001:00021b30       _far_AdvControl            10022b30 f   service.obj
 0001:00022270       _far_MacroLoadAll          10023270 f   service.obj
 0001:00022330       _far_MacroSaveAll          10023330 f   service.obj
 0001:00022380       _far_MacroGetState         10023380 f   service.obj
 0001:000223c0       _far_MacroGetArea          100233c0 f   service.obj
 0001:00022400       _MacroSendString           10023400 f   service.obj
 0001:000224e0       _far_MacroPost             100234e0 f   service.obj
 0001:000224f0       _far_MacroCheck            100234f0 f   service.obj
 0001:00022500       _far_MacroGetLastError     10023500 f   service.obj
 0001:00022660       _far_MacroAdd              10023660 f   service.obj
 0001:00022840       _far_MacroDelete           10023840 f   service.obj
 0001:000228d0       _AddMacroData_gc           100238d0 f   service.obj
 0001:000228e0       _far_MacroExecute          100238e0 f   service.obj
 0001:00022a10       _far_CPluginStartupInfo    10023a10 f   service.obj
 0001:00022a90       _far_MakeMenuItems         10023a90 f   service.obj
 0001:00022d40       _far_Show                  10023d40 f   service.obj
 0001:00022e40       _far_CreateFileFilter      10023e40 f   service.obj
 0001:00022f10       _filefilter_Free           10023f10 f   service.obj
 0001:00022f90       _filefilter_gc             10023f90 f   service.obj
 0001:00022fa0       _filefilter_tostring       10023fa0 f   service.obj
 0001:00022ff0       _filefilter_OpenMenu       10023ff0 f   service.obj
 0001:00023060       _filefilter_Starting       10024060 f   service.obj
 0001:000230d0       _filefilter_IsFileInFilter 100240d0 f   service.obj
 0001:00023170       _plugin_load               10024170 f   service.obj
 0001:00023230       _far_LoadPlugin            10024230 f   service.obj
 0001:00023240       _far_ForcedLoadPlugin      10024240 f   service.obj
 0001:00023250       _far_UnloadPlugin          10024250 f   service.obj
 0001:000232a0       _far_FindPlugin            100242a0 f   service.obj
 0001:00023380       _PutPluginMenuItemToTable  10024380 f   service.obj
 0001:00023440       _PutVersionInfoToTable     10024440 f   service.obj
 0001:000234a0       _far_GetPluginInformation  100244a0 f   service.obj
 0001:000236b0       _far_GetPlugins            100246b0 f   service.obj
 0001:00023790       _far_IsPluginLoaded        10024790 f   service.obj
 0001:000238a0       _far_XLat                  100248a0 f   service.obj
 0001:00023990       _far_FormatFileSize        10024990 f   service.obj
 0001:00023a80       _far_FarClock              10024a80 f   service.obj
 0001:00023bf0       _far_Timer                 10024bf0 f   service.obj
 0001:00023d50       _timer_Close               10024d50 f   service.obj
 0001:00023d70       _timer_tostring            10024d70 f   service.obj
 0001:00023dc0       _timer_index               10024dc0 f   service.obj
 0001:00023f90       _timer_newindex            10024f90 f   service.obj
 0001:00024130       _far_CreateSettings        10025130 f   service.obj
 0001:00024340       _Settings_set              10025340 f   service.obj
 0001:00024470       _Settings_get              10025470 f   service.obj
 0001:000245c0       _Settings_delete           100255c0 f   service.obj
 0001:00024660       _Settings_createsubkey     10025660 f   service.obj
 0001:00024770       _Settings_opensubkey       10025770 f   service.obj
 0001:00024820       _Settings_enum             10025820 f   service.obj
 0001:00024ae0       _Settings_free             10025ae0 f   service.obj
 0001:00024b60       _far_FreeSettings          10025b60 f   service.obj
 0001:00024be0       _Settings_tostring         10025be0 f   service.obj
 0001:00024c40       _far_ColorDialog           10025c40 f   service.obj
 0001:00024f70       _CustomAllocator           10025f70 f   service.obj
 0001:00025050       _luaopen_far               10026050 f   service.obj
 0001:00025390       _grab_one_utf8             10026390 f   slnunico.obj
 0001:00025410       _utf8_enco                 10026410 f   slnunico.obj
 0001:00025500       _utf8_deco                 10026500 f   slnunico.obj
 0001:000255e0       _utf8_oced                 100265e0 f   slnunico.obj
 0001:000256b0       _utf8_graphext             100266b0 f   slnunico.obj
 0001:000257d0       _utf8_count                100267d0 f   slnunico.obj
 0001:00025860       _unic_len                  10026860 f   slnunico.obj
 0001:000258e0       _unic_sub                  100268e0 f   slnunico.obj
 0001:00025a30       _str_reverse               10026a30 f   slnunico.obj
 0001:00025b90       _unic_lower                10026b90 f   slnunico.obj
 0001:00025ce0       _unic_upper                10026ce0 f   slnunico.obj
 0001:00025e30       _str_rep                   10026e30 f   slnunico.obj
 0001:00025eb0       _unic_byte                 10026eb0 f   slnunico.obj
 0001:00026040       _unic_char                 10027040 f   slnunico.obj
 0001:00026140       _writer                    10027140 f   slnunico.obj
 0001:00026160       _str_dump                  10027160 f   slnunico.obj
 0001:000261d0       _classend                  100271d0 f   slnunico.obj
 0001:00026270       _match_class               10027270 f   slnunico.obj
 0001:000263c0       _singlematch               100273c0 f   slnunico.obj
 0001:00026680       _matchbalance              10027680 f   slnunico.obj
 0001:000266f0       _max_expand                100276f0 f   slnunico.obj
 0001:000267f0       _start_capture             100277f0 f   slnunico.obj
 0001:00026840       _end_capture               10027840 f   slnunico.obj
 0001:000268a0       _match_capture             100278a0 f   slnunico.obj
 0001:00026930       _match                     10027930 f   slnunico.obj
 0001:00026b40       _lmemfind                  10027b40 f   slnunico.obj
 0001:00026bf0       _push_onecapture           10027bf0 f   slnunico.obj
 0001:00026c70       _push_captures             10027c70 f   slnunico.obj
 0001:00026d30       _unic_find_aux             10027d30 f   slnunico.obj
 0001:00026f30       _unic_find                 10027f30 f   slnunico.obj
 0001:00026f40       _unic_match                10027f40 f   slnunico.obj
 0001:00026f50       _gmatch_aux                10027f50 f   slnunico.obj
 0001:00027030       _gmatch                    10028030 f   slnunico.obj
 0001:000270e0       _gfind_nodef               100280e0 f   slnunico.obj
 0001:00027100       _add_s                     10028100 f   slnunico.obj
 0001:000271e0       _add_value                 100281e0 f   slnunico.obj
 0001:00027300       _unic_gsub                 10028300 f   slnunico.obj
 0001:000274a0       _addquoted                 100284a0 f   slnunico.obj
 0001:00027600       _scanformat                10028600 f   slnunico.obj
 0001:00027700       _str_format                10028700 f   slnunico.obj
 0001:00027a60       _utf8_valid                10028a60 f   slnunico.obj
 0001:00027c90       _pushresult                10028c90 f   uliolib51.obj
 0001:00027d30       _fileerror                 10028d30 f   uliolib51.obj
 0001:00027d80       _io_type                   10028d80 f   uliolib51.obj
 0001:00027e20       _io_noclose                10028e20 f   uliolib51.obj
 0001:00027e50       _io_pclose                 10028e50 f   uliolib51.obj
 0001:00027ed0       _io_fclose                 10028ed0 f   uliolib51.obj
 0001:00027f50       _io_close                  10028f50 f   uliolib51.obj
 0001:00027fd0       _io_gc                     10028fd0 f   uliolib51.obj
 0001:00028020       _io_tostring               10029020 f   uliolib51.obj
 0001:00028070       _io_open                   10029070 f   uliolib51.obj
 0001:00028150       _io_popen                  10029150 f   uliolib51.obj
 0001:000281d0       _io_tmpfile                100291d0 f   uliolib51.obj
 0001:00028250       _g_iofile                  10029250 f   uliolib51.obj
 0001:00028340       _io_input                  10029340 f   uliolib51.obj
 0001:00028360       _io_output                 10029360 f   uliolib51.obj
 0001:00028380       _read_number               10029380 f   uliolib51.obj
 0001:000283c0       _read_line                 100293c0 f   uliolib51.obj
 0001:00028490       _read_chars                10029490 f   uliolib51.obj
 0001:00028520       _g_read                    10029520 f   uliolib51.obj
 0001:000286b0       _io_read                   100296b0 f   uliolib51.obj
 0001:00028700       _f_read                    10029700 f   uliolib51.obj
 0001:00028740       _io_readline               10029740 f   uliolib51.obj
 0001:00028800       _g_write                   10029800 f   uliolib51.obj
 0001:000288f0       _io_write                  100298f0 f   uliolib51.obj
 0001:00028940       _f_write                   10029940 f   uliolib51.obj
 0001:00028980       _f_seek                    10029980 f   uliolib51.obj
 0001:00028a30       _f_setvbuf                 10029a30 f   uliolib51.obj
 0001:00028ae0       _io_flush                  10029ae0 f   uliolib51.obj
 0001:00028b70       _f_flush                   10029b70 f   uliolib51.obj
 0001:00028e20       _f_lines                   10029e20 f   uliolib51.obj
 0001:00028e70       _io_lines                  10029e70 f   uliolib51.obj
 0001:00028f50       _setprogdir                10029f50 f   uloadlib51.obj
 0001:00028fd0       _ll_register               10029fd0 f   uloadlib51.obj
 0001:00029080       _gctm                      1002a080 f   uloadlib51.obj
 0001:000290b0       _ll_loadfunc               1002a0b0 f   uloadlib51.obj
 0001:00029120       _ll_loadlib                1002a120 f   uloadlib51.obj
 0001:00029190       _pushnexttemplate          1002a190 f   uloadlib51.obj
 0001:00029210       _findfile                  1002a210 f   uloadlib51.obj
 0001:00029340       _loaderror                 1002a340 f   uloadlib51.obj
 0001:00029380       _loader_Lua                1002a380 f   uloadlib51.obj
 0001:00029400       _mkfuncname                1002a400 f   uloadlib51.obj
 0001:00029450       _loader_C                  1002a450 f   uloadlib51.obj
 0001:00029510       _loader_Croot              1002a510 f   uloadlib51.obj
 0001:000295a0       _loader_preload            1002a5a0 f   uloadlib51.obj
 0001:00029610       _ll_require                1002a610 f   uloadlib51.obj
 0001:000297c0       _setfenv                   1002a7c0 f   uloadlib51.obj
 0001:00029830       _dooptions                 1002a830 f   uloadlib51.obj
 0001:00029870       _modinit                   1002a870 f   uloadlib51.obj
 0001:000298d0       _ll_module                 1002a8d0 f   uloadlib51.obj
 0001:000299b0       _ll_seeall                 1002a9b0 f   uloadlib51.obj
 0001:00029a10       _setpath                   1002aa10 f   uloadlib51.obj
 0001:0002ae60       _ustring_OutputDebugString 1002be60 f   ustring.obj
 0001:0002b020       _ustring_system            1002c020 f   ustring.obj
 0001:0002c100       _win_GetEnv                1002d100 f   win.obj
 0001:0002c1b0       _win_SetEnv                1002d1b0 f   win.obj
 0001:0002c1f0       _CheckHKey                 1002d1f0 f   win.obj
 0001:0002c330       _win_SetRegKey             1002d330 f   win.obj
 0001:0002c5a0       _win_GetRegKey             1002d5a0 f   win.obj
 0001:0002c740       _win_DeleteRegKey          1002d740 f   win.obj
 0001:0002c780       _win_EnumRegKey            1002d780 f   win.obj
 0001:0002c870       _win_EnumRegValue          1002d870 f   win.obj
 0001:0002c960       _ExtractKey                1002d960 f   win.obj
 0001:0002c9e0       _win_ExtractKey            1002d9e0 f   win.obj
 0001:0002ca30       _PushWinFindData           1002da30 f   win.obj
 0001:0002caf0       _win_GetFileInfo           1002daf0 f   win.obj
 0001:0002cb60       _pushSystemTime            1002db60 f   win.obj
 0001:0002cbf0       _win_GetSystemTimeAsFileTime 1002dbf0 f   win.obj
 0001:0002cc20       _win_FileTimeToSystemTime  1002dc20 f   win.obj
 0001:0002cc90       _win_SystemTimeToFileTime  1002dc90 f   win.obj
 0001:0002cd90       _win_FileTimeToLocalFileTime 1002dd90 f   win.obj
 0001:0002ce00       _win_CompareString         1002de00 f   win.obj
 0001:0002cf90       _win_wcscmp                1002df90 f   win.obj
 0001:0002cfe0       _win_GetVirtualKeys        1002dfe0 f   win.obj
 0001:0002d000       _win_GetConsoleScreenBufferInfo 1002e000 f   win.obj
 0001:0002d110       _win_CopyFile              1002e110 f   win.obj
 0001:0002d180       _win_MoveFile              1002e180 f   win.obj
 0001:0002d250       _win_DeleteFile            1002e250 f   win.obj
 0001:0002d290       _mkdir                     1002e290 f   win.obj
 0001:0002d430       _win_CreateDir             1002e430 f   win.obj
 0001:0002d510       _win_RemoveDir             1002e510 f   win.obj
 0001:0002d550       _win_ShellExecute          1002e550 f   win.obj
 0001:0002d660       ?EncodePointer@implementation@?1??EncodePointerWrapper@@9@4@SGPAXPAX@Z 1002e660 f   vc_crt_fix_impl.obj
 0001:0002d660       ?DecodePointer@implementation@?1??DecodePointerWrapper@@9@4@SGPAXPAX@Z 1002e660 f   vc_crt_fix_impl.obj
 0001:0002d670       ?GetModuleHandleExW@implementation@?1??GetModuleHandleExWWrapper@@9@12@SGHKPB_WPAPAUHINSTANCE__@@@Z 1002e670 f   vc_crt_fix_impl.obj
 0001:0002dd62       __hw_cw                    1002ed62 f   LIBCMT:_ieee87_.obj
 0001:0002ddf0       ___hw_cw_sse2              1002edf0 f   LIBCMT:_ieee87_.obj
 0001:0002fcd4       _idtab                     10030cd4 f   LIBCMT:popen.obj
 0001:0002fcd4       _idtab                     10030cd4 f   LIBCMT:popen.obj
 0001:000302d1       _genfname                  100312d1 f   LIBCMT:tmpfile.obj
 0001:00030eef       _flsall                    10031eef f   LIBCMT:fflush.obj
 0001:000315b1       ___DllMainCRTStartup       100325b1 f   LIBCMT:dllcrt0.obj
 0001:00031838       __shift                    10032838 f   LIBCMT:cvt.obj
 0001:0003187d       __cftoe2_l                 1003287d f   LIBCMT:cvt.obj
 0001:00031e3b       __cftof2_l                 10032e3b f   LIBCMT:cvt.obj
 0001:00032356       _write_char                10033356 f   LIBCMT:output.obj
 0001:00032389       _write_string              10033389 f   LIBCMT:output.obj
 0001:00033232       _siglookup                 10034232 f   LIBCMT:winsig.obj
 0001:00033648       _doexit                    10034648 f   LIBCMT:crt0dat.obj
 0001:00034240       __unwind_handler4          10035240 f   LIBCMT:exsup4.obj
 0001:000359f8       ?CPtoLCID@@YAHH@Z          100369f8 f   LIBCMT:mbctype.obj
 0001:00035a27       ?setSBCS@@YAXPAUthreadmbcinfostruct@@@Z 10036a27 f   LIBCMT:mbctype.obj
 0001:00035a8b       ?setSBUpLow@@YAXPAUthreadmbcinfostruct@@@Z 10036a8b f   LIBCMT:mbctype.obj
 0001:00035cbf       ?getSystemCP@@YAHH@Z       10036cbf f   LIBCMT:mbctype.obj
 0001:0003663d       _write_char                1003763d f   LIBCMT:woutput.obj
 0001:0003666c       _write_string              1003766c f   LIBCMT:woutput.obj
 0001:00037b27       _xtoa_s@20                 10038b27 f   LIBCMT:xtoas.obj
 0001:00037c01       ?strtoxl@@YAKPAUlocaleinfo_struct@@PBDPAPBDHH@Z 10038c01 f   LIBCMT:strtol.obj
 0001:00037f62       __tsopen_nolock            10038f62 f   LIBCMT:open.obj
 0001:0003877a       ___check_float_string      1003977a f   LIBCMT:input.obj
 0001:000387d1       __hextodec                 100397d1 f   LIBCMT:input.obj
 0001:000387f1       __inc                      100397f1 f   LIBCMT:input.obj
 0001:00038807       __whiteout                 10039807 f   LIBCMT:input.obj
 0001:0003a6ac       _wcomexecmd                1003b6ac f   LIBCMT:wspawnve.obj
 0001:0003a9e8       _parse_cmdline             1003b9e8 f   LIBCMT:stdargv.obj
 0001:0003bbc5       __onexit_nolock            1003cbc5 f   LIBCMT:onexit.obj
 0001:0003c493       __tsopen_nolock            1003d493 f   LIBCMT:wopen.obj
 0001:0003ce90       __unwind_handler           1003de90 f   LIBCMT:exsup.obj
 0001:0003d164       ?__crtLCMapStringA_stat@@YAHPAUlocaleinfo_struct@@KKPBDHPADHHH@Z 1003e164 f   LIBCMT:a_map.obj
 0001:0003d391       ?__crtGetStringTypeA_stat@@YAHPAUlocaleinfo_struct@@KPBDHPAGHHH@Z 1003e391 f   LIBCMT:a_str.obj
 0001:0003e1c5       _wfindenv                  1003f1c5 f   LIBCMT:wsetenv.obj
 0001:0003e21a       _copy_environ              1003f21a f   LIBCMT:wsetenv.obj
 0001:0003eae7       ?x_ismbbtype_l@@YAHPAUlocaleinfo_struct@@IHH@Z 1003fae7 f   LIBCMT:ismbbyte.obj
 0001:00040a58       ?_strupr_s_l_stat@@YAHPADIPAUlocaleinfo_struct@@@Z 10041a58 f   LIBCMT:strupr.obj
