 ConEmu.x64

 Timestamp is 56df5220 (Wed Mar 09 01:28:48 2016)

 Preferred load address is 0000000180000000

 Start         Length     Name                   Class
 0001:00000000 0004a852H .text                   CODE
 0001:0004a860 0000005eH .text$00                CODE
 0001:0004a8c0 00000346H .text$x                 CODE
 0001:0004ac10 00000041H .text$yc                CODE
 0001:0004ac60 00000015H .text$yd                CODE
 0002:00000000 00000800H .idata$5                DATA
 0002:00000800 00000008H .CRT$XCA                DATA
 0002:00000808 00000010H .CRT$XCU                DATA
 0002:00000818 00000008H .CRT$XCZ                DATA
 0002:00000820 00000008H .CRT$XIA                DATA
 0002:00000828 00000010H .CRT$XIC                DATA
 0002:00000838 00000008H .CRT$XIZ                DATA
 0002:00000840 00000008H .CRT$XPA                DATA
 0002:00000848 00000008H .CRT$XPZ                DATA
 0002:00000850 00000008H .CRT$XTA                DATA
 0002:00000858 00000008H .CRT$XTZ                DATA
 0002:00000860 00006973H .rdata                  DATA
 0002:000071d4 00000073H .rdata$debug            DATA
 0002:00007248 00000008H .rtc$IAA                DATA
 0002:00007250 00000008H .rtc$IZZ                DATA
 0002:00007258 00000008H .rtc$TAA                DATA
 0002:00007260 00000008H .rtc$TZZ                DATA
 0002:00007268 00002a68H .xdata                  DATA
 0002:00009cd0 00000078H .idata$2                DATA
 0002:00009d48 00000014H .idata$3                DATA
 0002:00009d60 00000800H .idata$4                DATA
 0002:0000a560 00001268H .idata$6                DATA
 0002:0000b7d0 000002e1H .edata                  DATA
 0003:00000000 000012acH .data                   DATA
 0003:000012c0 0000bac8H .bss                    DATA
 0004:00000000 00002f34H .pdata                  DATA
 0005:00000000 00000058H .rsrc$01                DATA
 0005:00000060 000002d8H .rsrc$02                DATA

  Address         Publics by Value              Rva+Base               Lib:Object

 0000:00000000       ___safe_se_handler_table   0000000000000000     <absolute>
 0000:00000000       ___safe_se_handler_count   0000000000000000     <absolute>
 0000:00000000       __ImageBase                0000000180000000     <linker-defined>
 0001:00000000       ??0CEStr@@QEAA@XZ          0000000180001000 f   CEStr.obj
 0001:00000040       ??0CEStr@@QEAA@PEB_W@Z     0000000180001040 f   CEStr.obj
 0001:000000a0       ??0CEStr@@QEAA@PEA_W@Z     00000001800010a0 f   CEStr.obj
 0001:000000f0       ?Empty@CEStr@@QEAAXXZ      00000001800010f0 f   CEStr.obj
 0001:00000150       ??BCEStr@@QEBAPEB_WXZ      0000000180001150 f   CEStr.obj
 0001:00000160       ?c_str@CEStr@@QEBAPEB_WPEB_W@Z 0000000180001160 f   CEStr.obj
 0001:000001a0       ?Right@CEStr@@QEBAPEB_W_J@Z 00000001800011a0 f   CEStr.obj
 0001:00000230       ??4CEStr@@QEAAAEAU0@PEA_W@Z 0000000180001230 f   CEStr.obj
 0001:00000260       ??4CEStr@@QEAAAEAU0@PEB_W@Z 0000000180001260 f   CEStr.obj
 0001:00000290       ??1CEStr@@QEAA@XZ          0000000180001290 f   CEStr.obj
 0001:00000310       ?GetLen@CEStr@@QEAA_JXZ    0000000180001310 f   CEStr.obj
 0001:00000360       ?GetMaxCount@CEStr@@QEAA_JXZ 0000000180001360 f   CEStr.obj
 0001:000003b0       ?GetBuffer@CEStr@@QEAAPEA_W_J@Z 00000001800013b0 f   CEStr.obj
 0001:00000510       ?Detach@CEStr@@QEAAPEA_WXZ 0000000180001510 f   CEStr.obj
 0001:00000550       ?Attach@CEStr@@QEAAPEB_WPEA_W@Z 0000000180001550 f   CEStr.obj
 0001:00000580       ?AttachInt@CEStr@@AEAAPEB_WAEAPEA_W@Z 0000000180001580 f   CEStr.obj
 0001:00000620       ?IsEmpty@CEStr@@QEAA_NXZ   0000000180001620 f   CEStr.obj
 0001:00000660       ?Set@CEStr@@QEAAPEB_WPEB_W_J@Z 0000000180001660 f   CEStr.obj
 0001:000007c0       wmemmove                   00000001800017c0 f i CEStr.obj
 0001:000007f0       ?StringCchCopyNW@@YAJPEA_W_KPEB_W1@Z 00000001800017f0 f i CEStr.obj
 0001:000009b0       ?SavePathVar@CEStr@@QEAAXPEB_W@Z 00000001800019b0 f   CEStr.obj
 0001:00000a10       ?SaveEnvVar@CEStr@@QEAAXPEB_W0@Z 0000000180001a10 f   CEStr.obj
 0001:00000ac0       ?SetAt@CEStr@@QEAAX_J_W@Z  0000000180001ac0 f   CEStr.obj
 0001:00000b10       ?GetPosFrom@CEStr@@QEAAXAEBU1@@Z 0000000180001b10 f   CEStr.obj
 0001:00000b60       ??$klMin@_J@@YAAEB_JAEB_J0@Z 0000000180001b60 f i CEStr.obj
 0001:00000bb0       ?DemangleArg@@YA_NAEAUCEStr@@_N1@Z 0000000180001bb0 f   CmdLine.obj
 0001:00000f30       ?IsNeedDequote@@YA_NPEB_W_NPEAPEB_W@Z 0000000180001f30 f   CmdLine.obj
 0001:000011e0       ?NextArg@@YAHPEAPEB_WAEAUCEStr@@0@Z 00000001800021e0 f   CmdLine.obj
 0001:00001760       ?NextLine@@YAHPEAPEB_WAEAUCEStr@@K@Z 0000000180002760 f   CmdLine.obj
 0001:00001950       ?AddEndSlash@@YAHPEA_WH@Z  0000000180002950 f   CmdLine.obj
 0001:000019e0       ?SkipNonPrintable@@YAPEB_WPEB_W@Z 00000001800029e0 f   CmdLine.obj
 0001:00001a50       ?CompareFileMask@@YA_NPEB_W0@Z 0000000180002a50 f   CmdLine.obj
 0001:00001c70       ?wcschr@@YAPEA_WPEA_W_W@Z  0000000180002c70 f i CmdLine.obj
 0001:00001ca0       ?GetDrive@@YAPEB_WPEB_WPEA_WH@Z 0000000180002ca0 f   CmdLine.obj
 0001:00001f50       ?GetDirectory@@YAHAEAUCEStr@@@Z 0000000180002f50 f   CmdLine.obj
 0001:00001ff0       ?IsNeedCmd@@YA_NHPEB_WAEAUCEStr@@PEAPEB_WPEAH333@Z 0000000180002ff0 f   CmdLine.obj
 0001:00002aa0       ?Disable@MWow64Disable@@QEAAXXZ 0000000180003aa0 f i CmdLine.obj
 0001:00002ae0       ??0MWow64Disable@@QEAA@XZ  0000000180003ae0 f i CmdLine.obj
 0001:00002b80       ??1MWow64Disable@@QEAA@XZ  0000000180003b80 f i CmdLine.obj
 0001:00002ba0       ?Restore@MWow64Disable@@QEAAXXZ 0000000180003ba0 f i CmdLine.obj
 0001:00002bf0       ?IsExecutable@@YA_NPEB_WPEAPEA_W@Z 0000000180003bf0 f   CmdLine.obj
 0001:00002d10       ?CompareProcessNames@@YA_NPEB_W0@Z 0000000180003d10 f   CmdLine.obj
 0001:00002f60       ?CheckProcessName@@YA_NPEB_WPEAPEB_W@Z 0000000180003f60 f   CmdLine.obj
 0001:00003110       ?IsConsoleService@@YA_NPEB_W@Z 0000000180004110 f   CmdLine.obj
 0001:00003150       ?IsConEmuGui@@YA_NPEB_W@Z  0000000180004150 f   CmdLine.obj
 0001:00003190       ?IsConsoleServer@@YA_NPEB_W@Z 0000000180004190 f   CmdLine.obj
 0001:000031d0       ?IsTerminalServer@@YA_NPEB_W@Z 00000001800041d0 f   CmdLine.obj
 0001:00003240       ?IsGitBashHelper@@YA_NPEB_W@Z 0000000180004240 f   CmdLine.obj
 0001:00003280       ?IsFarExe@@YA_NPEB_W@Z     0000000180004280 f   CmdLine.obj
 0001:000032c0       ?IsCmdProcessor@@YA_NPEB_W@Z 00000001800042c0 f   CmdLine.obj
 0001:00003300       ?IsQuotationNeeded@@YA_NPEB_W@Z 0000000180004300 f   CmdLine.obj
 0001:00003350       ?MergeCmdLine@@YAPEA_WPEB_W0@Z 0000000180004350 f   CmdLine.obj
 0001:000034a0       ?JoinPath@@YAPEA_WPEB_W00@Z 00000001800044a0 f   CmdLine.obj
 0001:00003740       ?IsFilePath@@YA_NPEB_W_N@Z 0000000180004740 f   CmdLine.obj
 0001:00003940       ?PointToName@@YAPEB_WPEB_W@Z 0000000180004940 f   CmdLine.obj
 0001:000039f0       ?PointToName@@YAPEBDPEBD@Z 00000001800049f0 f   CmdLine.obj
 0001:00003aa0       ?PointToExt@@YAPEB_WPEB_W@Z 0000000180004aa0 f   CmdLine.obj
 0001:00003af0       ?Unquote@@YAPEB_WPEA_W_N@Z 0000000180004af0 f   CmdLine.obj
 0001:00003ba0       ?wcsrchr@@YAPEA_WPEA_W_W@Z 0000000180004ba0 f i CmdLine.obj
 0001:00003bd0       ?IsNewConsoleArg@@YA_NPEB_W0@Z 0000000180004bd0 f   CmdLine.obj
 0001:00003cf0       ?Set@STRPTR2@@QEAAXPEA_WH@Z 0000000180004cf0 f   Common.obj
 0001:00003d40       ?Mangle@STRPTR2@@QEAAPEAEPEAE@Z 0000000180004d40 f   Common.obj
 0001:00003e10       ?Demangle@STRPTR2@@QEAAPEA_WXZ 0000000180004e10 f   Common.obj
 0001:00003e60       ??BSTRPTR2@@QEAAPEB_WXZ    0000000180004e60 f   Common.obj
 0001:00003e80       ?PackInputRecord@@YAHPEBU_INPUT_RECORD@@PEAUMsgStr@MSG64@@@Z 0000000180004e80 f   Common.obj
 0001:00004130       ?UnpackInputRecord@@YAHPEBUMsgStr@MSG64@@PEAU_INPUT_RECORD@@@Z 0000000180005130 f   Common.obj
 0001:00004420       ?TranslateKeyPress@@YAXGK_WHPEAU_INPUT_RECORD@@1@Z 0000000180005420 f   Common.obj
 0001:00004670       ?GetCommand@CESERVER_REQ_NEWCMD@@QEAAPEA_WXZ 0000000180005670 f   Common.obj
 0001:000046c0       ?GetEnvStrings@CESERVER_REQ_NEWCMD@@QEAAPEA_WXZ 00000001800056c0 f   Common.obj
 0001:00004710       ?SetCommand@CESERVER_REQ_NEWCMD@@QEAAXPEB_W@Z 0000000180005710 f   Common.obj
 0001:000047b0       ?SetEnvStrings@CESERVER_REQ_NEWCMD@@QEAAXPEB_WK@Z 00000001800057b0 f   Common.obj
 0001:00004950       ?IsEnvBlockVariableValid@@YA_NPEB_WAEAPEB_W@Z 0000000180005950 f   Common.obj
 0001:000049c0       ?IsEnvBlockVariableValid@@YA_NPEB_W@Z 00000001800059c0 f   Common.obj
 0001:00004a10       ?CommonShutdown@@YAXXZ     0000000180005a10 f   Common.obj
 0001:00004a30       ?ModuleName@@YAPEB_WPEB_W@Z 0000000180005a30 f   ConEmuCheck.obj
 0001:00004b20       ?ExecuteOpenPipe@@YAPEAXPEB_WAEAY0CAI@_W0KKHPEAXH@Z 0000000180005b20 f   ConEmuCheck.obj
 0001:00004e20       ?ExecutePrepareCmd@@YAXPEAUCESERVER_REQ@@K_K@Z 0000000180005e20 f   ConEmuCheck.obj
 0001:00004e80       ?ExecutePrepareCmd@@YAXPEAUCESERVER_REQ_HDR@@K_K@Z 0000000180005e80 f   ConEmuCheck.obj
 0001:00004f50       ?ExecuteNewCmd@@YAPEAUCESERVER_REQ@@K_K@Z 0000000180005f50 f   ConEmuCheck.obj
 0001:00004fc0       ?ExecuteNewCmd@@YA_NAEAPEAUCESERVER_REQ@@AEAKK_K@Z 0000000180005fc0 f   ConEmuCheck.obj
 0001:00005090       ?LoadSrvMapping@@YAHPEAUHWND__@@AEAUCESERVER_CONSOLE_MAPPING_HDR@@@Z 0000000180006090 f   ConEmuCheck.obj
 0001:00005200       ?LoadGuiMapping@@YAHKAEAUConEmuGuiMapping@@@Z 0000000180006200 f   ConEmuCheck.obj
 0001:00005360       ?ExecuteNewCmdOnCreate@@YAPEAUCESERVER_REQ@@PEAUCESERVER_CONSOLE_MAPPING_HDR@@PEAUHWND__@@W4CmdOnCreateType@@PEB_W33PEAK444HHPEAX55@Z 0000000180006360 f   ConEmuCheck.obj
 0001:00005850       ?StringCchCopyW@@YAJPEA_W_KPEB_W@Z 0000000180006850 f i ConEmuCheck.obj
 0001:000059e0       ?ExecuteGuiCmd@@YAPEAUCESERVER_REQ@@PEAUHWND__@@PEAU1@0H@Z 00000001800069e0 f   ConEmuCheck.obj
 0001:00005aa0       ?ExecuteSrvCmd@@YAPEAUCESERVER_REQ@@KPEAU1@PEAUHWND__@@HKH@Z 0000000180006aa0 f   ConEmuCheck.obj
 0001:00005b70       ?ExecuteHkCmd@@YAPEAUCESERVER_REQ@@KPEAU1@PEAUHWND__@@HH@Z 0000000180006b70 f   ConEmuCheck.obj
 0001:00005c40       ?ExecuteCmd@@YAPEAUCESERVER_REQ@@PEB_WPEAU1@KPEAUHWND__@@HKH@Z 0000000180006c40 f   ConEmuCheck.obj
 0001:00006040       ?ExecuteFreeResult@@YAXAEAPEAUCESERVER_REQ@@@Z 0000000180007040 f   ConEmuCheck.obj
 0001:00006080       ?AllocateSendCurrentDirectory@@YA_NAEAPEAUCESERVER_REQ@@AEAKPEB_W2@Z 0000000180007080 f   ConEmuCheck.obj
 0001:000061d0       ?SendCurrentDirectory@@YAXPEAUHWND__@@PEB_W1@Z 00000001800071d0 f   ConEmuCheck.obj
 0001:00006250       ?isConsoleClass@@YA_NPEB_W@Z 0000000180007250 f   ConEmuCheck.obj
 0001:000062b0       ?isConsoleWindow@@YA_NPEAUHWND__@@@Z 00000001800072b0 f   ConEmuCheck.obj
 0001:000063c0       ?myGetConsoleWindow@@YAPEAUHWND__@@XZ 00000001800073c0 f   ConEmuCheck.obj
 0001:000064b0       ?GetConEmuHWND@@YAPEAUHWND__@@H@Z 00000001800074b0 f   ConEmuCheck.obj
 0001:000066d0       ??BHWND2@@QEBAPEAUHWND__@@XZ 00000001800076d0 f i ConEmuCheck.obj
 0001:000066e0       ??BHWND2@@QEBAKXZ          00000001800076e0 f i ConEmuCheck.obj
 0001:000066f0       ?ConEmuCheck@@YAHPEAPEAUHWND__@@@Z 00000001800076f0 f   ConEmuCheck.obj
 0001:00006740       ?GuiMessageBox@@YAHPEAUHWND__@@PEB_W1H@Z 0000000180007740 f   ConEmuCheck.obj
 0001:000068e0       ?InitName@?$MFileMapping@UCESERVER_CONSOLE_MAPPING_HDR@@@@QEAAPEB_WPEB_WKK@Z 00000001800078e0 f i ConEmuCheck.obj
 0001:00006940       ?CloseMap@?$MFileMapping@UCESERVER_CONSOLE_MAPPING_HDR@@@@QEAAXXZ 0000000180007940 f i ConEmuCheck.obj
 0001:000069d0       ?Open@?$MFileMapping@UCESERVER_CONSOLE_MAPPING_HDR@@@@QEAAPEAUCESERVER_CONSOLE_MAPPING_HDR@@HH@Z 00000001800079d0 f i ConEmuCheck.obj
 0001:00006a00       ??0?$MFileMapping@UCESERVER_CONSOLE_MAPPING_HDR@@@@QEAA@XZ 0000000180007a00 f i ConEmuCheck.obj
 0001:00006a70       ??1?$MFileMapping@UCESERVER_CONSOLE_MAPPING_HDR@@@@QEAA@XZ 0000000180007a70 f i ConEmuCheck.obj
 0001:00006aa0       ?InitName@?$MFileMapping@UConEmuGuiMapping@@@@QEAAPEB_WPEB_WKK@Z 0000000180007aa0 f i ConEmuCheck.obj
 0001:00006b00       ?CloseMap@?$MFileMapping@UConEmuGuiMapping@@@@QEAAXXZ 0000000180007b00 f i ConEmuCheck.obj
 0001:00006b90       ?Open@?$MFileMapping@UConEmuGuiMapping@@@@QEAAPEAUConEmuGuiMapping@@HH@Z 0000000180007b90 f i ConEmuCheck.obj
 0001:00006bc0       ??0?$MFileMapping@UConEmuGuiMapping@@@@QEAA@XZ 0000000180007bc0 f i ConEmuCheck.obj
 0001:00006c30       ??1?$MFileMapping@UConEmuGuiMapping@@@@QEAA@XZ 0000000180007c30 f i ConEmuCheck.obj
 0001:00006c60       ?ClosePtr@?$MFileMapping@UCESERVER_CONSOLE_MAPPING_HDR@@@@QEAAXXZ 0000000180007c60 f i ConEmuCheck.obj
 0001:00006ca0       ?InternalOpenCreate@?$MFileMapping@UCESERVER_CONSOLE_MAPPING_HDR@@@@IEAAPEAUCESERVER_CONSOLE_MAPPING_HDR@@HHH@Z 0000000180007ca0 f i ConEmuCheck.obj
 0001:00006f50       ?ClosePtr@?$MFileMapping@UConEmuGuiMapping@@@@QEAAXXZ 0000000180007f50 f i ConEmuCheck.obj
 0001:00006f90       ?InternalOpenCreate@?$MFileMapping@UConEmuGuiMapping@@@@IEAAPEAUConEmuGuiMapping@@HHH@Z 0000000180007f90 f i ConEmuCheck.obj
 0001:00007240       ??$wcscpy_c@$0CA@@@YAHAEAY0CA@_WPEB_W@Z 0000000180008240 f i ConEmuCheck.obj
 0001:00007270       ??$wcscpy_c@$0CAI@@@YAHAEAY0CAI@_WPEB_W@Z 0000000180008270 f i ConEmuCheck.obj
 0001:000072a0       ?LoadGuiMapping@@YAHPEAUHWND__@@AEAUConEmuGuiMapping@@@Z 00000001800082a0 f   ConEmuCheckEx.obj
 0001:000072f0       ?IsConEmuExeExist@@YAHPEB_WAEAY0BAF@_W@Z 00000001800082f0 f   ConEmuCheckEx.obj
 0001:000073d0       ?FindConEmuBaseDir@@YAHAEAY0BAF@_W0PEAUHINSTANCE__@@@Z 00000001800083d0 f   ConEmuCheckEx.obj
 0001:00007a40       ??$wcscpy_c@$0BAF@@@YAHAEAY0BAF@_WPEB_W@Z 0000000180008a40 f i ConEmuCheckEx.obj
 0001:00007ba0       ??$wcscpy_add@$0BAF@@@YAHPEA_WAEAY0BAF@_WPEB_W@Z 0000000180008ba0 f i ConEmuCheckEx.obj
 0001:00007c10       ??$wcscat_c@$0BAF@@@YAHAEAY0BAF@_WPEB_W@Z 0000000180008c10 f i ConEmuCheckEx.obj
 0001:00007c40       ?StringCchCatW@@YAJPEA_W_KPEB_W@Z 0000000180008c40 f i ConEmuCheckEx.obj
 0001:00007dd0       ?StartupHooks@@YA_NPEAUHINSTANCE__@@@Z 0000000180008dd0 f   ConEmuInjects.obj
 0001:000082d0       ?ShutdownHooks@@YAXXZ      00000001800092d0 f   ConEmuInjects.obj
 0001:00008560       ??$wcscpy_c@$0EA@@@YAHAEAY0EA@_WPEB_W@Z 0000000180009560 f i ConEmuInjects.obj
 0001:000086c0       DllMain                    00000001800096c0 f   ConEmuPlugin.obj
 0001:00008710       ?GetPluginInfo@@YAXPEAX@Z  0000000180009710 f   ConEmuPlugin.obj
 0001:00008780       ?GetPluginInfoW@@YAXPEAX@Z 0000000180009780 f   ConEmuPlugin.obj
 0001:000087b0       ?IsConsoleActive@@YAHXZ    00000001800097b0 f   ConEmuPlugin.obj
 0001:00008830       ?GetFarHWND2@@YAPEAUHWND__@@H@Z 0000000180009830 f   ConEmuPlugin.obj
 0001:000088c0       ?GetFarHWND@@YAPEAUHWND__@@XZ 00000001800098c0 f   ConEmuPlugin.obj
 0001:000088d0       ?IsTerminalMode@@YAHXZ     00000001800098d0 f   ConEmuPlugin.obj
 0001:000088e0       ?GetFarVersion@@YAXPEAUFarVersion@@@Z 00000001800098e0 f   ConEmuPlugin.obj
 0001:00008910       ?RegisterPanelView@@YAHPEAUPanelViewInit@@@Z 0000000180009910 f   ConEmuPlugin.obj
 0001:00008be0       ?RegisterBackground@@YAHPEAURegisterBackgroundArg@@@Z 0000000180009be0 f   ConEmuPlugin.obj
 0001:00008c80       ?SyncExecute@@YAHPEAUHINSTANCE__@@P6AX_J@Z1@Z 0000000180009c80 f   ConEmuPlugin.obj
 0001:00008d00       ?ActivateConsole@@YAHXZ    0000000180009d00 f   ConEmuPlugin.obj
 0001:00008dc0       ??4HWND2@@QEAAAEAU0@PEAUHWND__@@@Z 0000000180009dc0 f i ConEmuPlugin.obj
 0001:00008de0       ?SetStartupInfo@@YAXPEAX@Z 0000000180009de0 f   ConEmuPlugin.obj
 0001:00008e60       SetStartupInfoW            0000000180009e60 f   ConEmuPlugin.obj
 0001:00008ea0       ?GetMinFarVersion@@YAHXZ   0000000180009ea0 f   ConEmuPlugin.obj
 0001:00008f10       GetMinFarVersionW          0000000180009f10 f   ConEmuPlugin.obj
 0001:00008f20       ProcessSynchroEventW       0000000180009f20 f   ConEmuPlugin.obj
 0001:00008f50       ?ProcessSynchroEventW3@@YA_JPEAX@Z 0000000180009f50 f   ConEmuPlugin.obj
 0001:00008f90       ?ProcessEditorEvent@@YAHHPEAX@Z 0000000180009f90 f   ConEmuPlugin.obj
 0001:00008fc0       ProcessEditorEventW        0000000180009fc0 f   ConEmuPlugin.obj
 0001:00008ff0       ?ProcessEditorEventW3@@YA_JPEAX@Z 0000000180009ff0 f   ConEmuPlugin.obj
 0001:00009030       ?ProcessViewerEvent@@YAHHPEAX@Z 000000018000a030 f   ConEmuPlugin.obj
 0001:00009060       ProcessViewerEventW        000000018000a060 f   ConEmuPlugin.obj
 0001:00009090       ?ProcessViewerEventW3@@YA_JPEAX@Z 000000018000a090 f   ConEmuPlugin.obj
 0001:000090d0       ?ProcessEditorInput@@YAHPEBU_INPUT_RECORD@@@Z 000000018000a0d0 f   ConEmuPlugin.obj
 0001:00009100       ProcessEditorInputW        000000018000a100 f   ConEmuPlugin.obj
 0001:00009130       ?OpenPlugin@@YAPEAXH_J@Z   000000018000a130 f   ConEmuPlugin.obj
 0001:00009160       OpenPluginW                000000018000a160 f   ConEmuPlugin.obj
 0001:000091c0       ?OpenW@@YAPEAXPEBX@Z       000000018000a1c0 f   ConEmuPlugin.obj
 0001:000091f0       ?ExitFAR@@YAXXZ            000000018000a1f0 f   ConEmuPlugin.obj
 0001:00009260       ExitFARW                   000000018000a260 f   ConEmuPlugin.obj
 0001:000092d0       ?ExitFARW3@@YAXPEAX@Z      000000018000a2d0 f   ConEmuPlugin.obj
 0001:00009340       ?SetupExportsFar3@@YAXXZ   000000018000a340 f   ConEmuPlugin.obj
 0001:00009640       ?_calloc@@YAPEAX_K0@Z      000000018000a640 f   ConEmuPlugin.obj
 0001:00009670       ?_malloc@@YAPEAX_K@Z       000000018000a670 f   ConEmuPlugin.obj
 0001:00009690       ?_free@@YAXPEAX@Z          000000018000a690 f   ConEmuPlugin.obj
 0001:000096b0       ??0CPluginW1900@@QEAA@XZ   000000018000a6b0 f   ConEmuPlugin1900.obj
 0001:000099b0       ??_GCPluginW1900@@UEAAPEAXI@Z 000000018000a9b0 f i ConEmuPlugin1900.obj
 0001:000099b0       ??_ECPluginW1900@@UEAAPEAXI@Z 000000018000a9b0 f i ConEmuPlugin1900.obj
 0001:000099f0       ??1CPluginW1900@@UEAA@XZ   000000018000a9f0 f i ConEmuPlugin1900.obj
 0001:00009a20       ?ProcessEditorEventPtr@CPluginW1900@@UEAAHPEAX@Z 000000018000aa20 f   ConEmuPlugin1900.obj
 0001:00009a60       ?ProcessViewerEventPtr@CPluginW1900@@UEAAHPEAX@Z 000000018000aa60 f   ConEmuPlugin1900.obj
 0001:00009aa0       ?ProcessSynchroEventPtr@CPluginW1900@@UEAAHPEAX@Z 000000018000aaa0 f   ConEmuPlugin1900.obj
 0001:00009ae0       ?GetPanelDir@CPluginW1900@@UEAAPEA_WKPEA_WH@Z 000000018000aae0 f   ConEmuPlugin1900.obj
 0001:00009d10       ?GetPanelInfo@CPluginW1900@@UEAA_NKPEAUCEPanelInfo@@@Z 000000018000ad10 f   ConEmuPlugin1900.obj
 0001:0000a2c0       ?GetPanelItemInfo@CPluginW1900@@UEAA_NAEBUCEPanelInfo@@_N_JAEAU_WIN32_FIND_DATAW@@PEAPEA_W@Z 000000018000b2c0 f   ConEmuPlugin1900.obj
 0001:0000a5f0       ?PanelControlApi@CPluginW1900@@UEAA_JPEAXH_J0@Z 000000018000b5f0 f   ConEmuPlugin1900.obj
 0001:0000a660       ?GetPluginInfoPtr@CPluginW1900@@UEAAXPEAX@Z 000000018000b660 f   ConEmuPlugin1900.obj
 0001:0000a700       ?SetStartupInfoPtr@CPluginW1900@@UEAAXPEAX@Z 000000018000b700 f   ConEmuPlugin1900.obj
 0001:0000a8d0       ?GetEditorModifiedState@CPluginW1900@@UEAAKXZ 000000018000b8d0 f   ConEmuPlugin1900.obj
 0001:0000a940       ?ProcessEditorInputPtr@CPluginW1900@@UEAAHPEBX@Z 000000018000b940 f   ConEmuPlugin1900.obj
 0001:0000a980       ?GetWindowCount@CPluginW1900@@UEAAHXZ 000000018000b980 f   ConEmuPlugin1900.obj
 0001:0000a9e0       ?UpdateConEmuTabsApi@CPluginW1900@@UEAA_NH@Z 000000018000b9e0 f   ConEmuPlugin1900.obj
 0001:0000b080       ?ExitFar@CPluginW1900@@UEAAXXZ 000000018000c080 f   ConEmuPlugin1900.obj
 0001:0000b130       ?ShowMessage@CPluginW1900@@UEAAHPEB_WH_N@Z 000000018000c130 f   ConEmuPlugin1900.obj
 0001:0000b1f0       ?GetMsg@CPluginW1900@@UEAAPEB_WHPEA_W_K@Z 000000018000c1f0 f   ConEmuPlugin1900.obj
 0001:0000b290       ?SetWindow@CPluginW1900@@UEAAXH@Z 000000018000c290 f   ConEmuPlugin1900.obj
 0001:0000b310       ?PostMacroApi@CPluginW1900@@UEAAXPEB_WPEAU_INPUT_RECORD@@_N@Z 000000018000c310 f   ConEmuPlugin1900.obj
 0001:0000bf60       ?wcsstr@@YAPEA_WPEA_WPEB_W@Z 000000018000cf60 f i ConEmuPlugin1900.obj
 0001:0000bf90       ?ShowPluginMenu@CPluginW1900@@UEAAHPEAUConEmuPluginMenuItem@@HH@Z 000000018000cf90 f   ConEmuPlugin1900.obj
 0001:0000c270       ?OpenEditor@CPluginW1900@@UEAA_NPEB_W_N11HH@Z 000000018000d270 f   ConEmuPlugin1900.obj
 0001:0000c4a0       ?ExecuteSynchroApi@CPluginW1900@@UEAA_NXZ 000000018000d4a0 f   ConEmuPlugin1900.obj
 0001:0000c4f0       ?WaitEndSynchro@CPluginW1900@@UEAAXXZ 000000018000d4f0 f   ConEmuPlugin1900.obj
 0001:0000c500       ?StopWaitEndSynchro@CPluginW1900@@UEAAXXZ 000000018000d500 f   ConEmuPlugin1900.obj
 0001:0000c510       ?IsMacroActive@CPluginW1900@@UEAA_NXZ 000000018000d510 f   ConEmuPlugin1900.obj
 0001:0000c570       ?GetMacroArea@CPluginW1900@@UEAAHXZ 000000018000d570 f   ConEmuPlugin1900.obj
 0001:0000c5b0       ?RedrawAll@CPluginW1900@@UEAAXXZ 000000018000d5b0 f   ConEmuPlugin1900.obj
 0001:0000c600       ?InputBox@CPluginW1900@@UEAA_NPEB_W000AEAPEA_W@Z 000000018000d600 f   ConEmuPlugin1900.obj
 0001:0000c6d0       ?ShowUserScreen@CPluginW1900@@UEAAX_N@Z 000000018000d6d0 f   ConEmuPlugin1900.obj
 0001:0000c740       ?LoadFarColors@CPluginW1900@@UEAAXAEAY0BAA@E@Z 000000018000d740 f   ConEmuPlugin1900.obj
 0001:0000c9b0       ?FarColor_3_2@@YAEAEBUFarColor@@@Z 000000018000d9b0 f i ConEmuPlugin1900.obj
 0001:0000cae0       ?Color2FgIndex@Far3Color@@SAXKAEAGPEBK@Z 000000018000dae0 f i ConEmuPlugin1900.obj
 0001:0000cc70       ?Max@Far3Color@@SAHHH@Z    000000018000dc70 f i ConEmuPlugin1900.obj
 0001:0000cca0       ?GetStdIndex@Far3Color@@SAHKPEBK@Z 000000018000dca0 f i ConEmuPlugin1900.obj
 0001:0000cd20       ?GetStdPalette@Far3Color@@SAPEBKXZ 000000018000dd20 f i ConEmuPlugin1900.obj
 0001:0000cd30       ?Color2BgIndex@Far3Color@@SAXKHAEAGPEBK@Z 000000018000dd30 f i ConEmuPlugin1900.obj
 0001:0000cf10       ?LoadFarSettings@CPluginW1900@@UEAAXPEAUCEFarInterfaceSettings@@PEAUCEFarPanelSettings@@@Z 000000018000df10 f   ConEmuPlugin1900.obj
 0001:0000d1b0       ?GetFarRect@CPluginW1900@@UEAA_NAEAU_SMALL_RECT@@@Z 000000018000e1b0 f   ConEmuPlugin1900.obj
 0001:0000d240       ?CheckPanelExist@CPluginW1900@@UEAA_NXZ 000000018000e240 f   ConEmuPlugin1900.obj
 0001:0000d2b0       ?GetActiveWindowType@CPluginW1900@@UEAAHXZ 000000018000e2b0 f   ConEmuPlugin1900.obj
 0001:0000d3b0       ?GetWindowTypeName@CPluginW1900@@UEAAPEB_WH@Z 000000018000e3b0 f   ConEmuPlugin1900.obj
 0001:0000d470       ?GuiMacroDlg@CPluginW1900@@UEAAXXZ 000000018000e470 f   ConEmuPlugin1900.obj
 0001:0000dbc0       ?Open@CPluginW1900@@UEAAPEAXPEBX@Z 000000018000ebc0 f   ConEmuPlugin1900.obj
 0001:0000de20       GetGlobalInfoW             000000018000ee20 f   ConEmuPlugin2800.obj
 0001:0000e040       ??0CPluginW2800@@QEAA@XZ   000000018000f040 f   ConEmuPlugin2800.obj
 0001:0000e340       ??_GCPluginW2800@@UEAAPEAXI@Z 000000018000f340 f i ConEmuPlugin2800.obj
 0001:0000e340       ??_ECPluginW2800@@UEAAPEAXI@Z 000000018000f340 f i ConEmuPlugin2800.obj
 0001:0000e380       ??1CPluginW2800@@UEAA@XZ   000000018000f380 f i ConEmuPlugin2800.obj
 0001:0000e3b0       ?GetPanelDir@CPluginW2800@@UEAAPEA_WKPEA_WH@Z 000000018000f3b0 f   ConEmuPlugin2800.obj
 0001:0000e5e0       ?GetPanelInfo@CPluginW2800@@UEAA_NKPEAUCEPanelInfo@@@Z 000000018000f5e0 f   ConEmuPlugin2800.obj
 0001:0000eb90       ?GetPanelItemInfo@CPluginW2800@@UEAA_NAEBUCEPanelInfo@@_N_JAEAU_WIN32_FIND_DATAW@@PEAPEA_W@Z 000000018000fb90 f   ConEmuPlugin2800.obj
 0001:0000eec0       ?PanelControlApi@CPluginW2800@@UEAA_JPEAXH_J0@Z 000000018000fec0 f   ConEmuPlugin2800.obj
 0001:0000ef30       ?GetPluginInfoPtr@CPluginW2800@@UEAAXPEAX@Z 000000018000ff30 f   ConEmuPlugin2800.obj
 0001:0000efd0       ?SetStartupInfoPtr@CPluginW2800@@UEAAXPEAX@Z 000000018000ffd0 f   ConEmuPlugin2800.obj
 0001:0000f1a0       ?GetEditorModifiedState@CPluginW2800@@UEAAKXZ 00000001800101a0 f   ConEmuPlugin2800.obj
 0001:0000f210       ?ProcessEditorEventPtr@CPluginW2800@@UEAAHPEAX@Z 0000000180010210 f   ConEmuPlugin2800.obj
 0001:0000f250       ?ProcessViewerEventPtr@CPluginW2800@@UEAAHPEAX@Z 0000000180010250 f   ConEmuPlugin2800.obj
 0001:0000f290       ?ProcessSynchroEventPtr@CPluginW2800@@UEAAHPEAX@Z 0000000180010290 f   ConEmuPlugin2800.obj
 0001:0000f2d0       ?ProcessEditorInputPtr@CPluginW2800@@UEAAHPEBX@Z 00000001800102d0 f   ConEmuPlugin2800.obj
 0001:0000f310       ?GetWindowCount@CPluginW2800@@UEAAHXZ 0000000180010310 f   ConEmuPlugin2800.obj
 0001:0000f370       ?UpdateConEmuTabsApi@CPluginW2800@@UEAA_NH@Z 0000000180010370 f   ConEmuPlugin2800.obj
 0001:0000fdd0       ?ExitFar@CPluginW2800@@UEAAXXZ 0000000180010dd0 f   ConEmuPlugin2800.obj
 0001:0000fe80       ?ShowMessage@CPluginW2800@@UEAAHPEB_WH_N@Z 0000000180010e80 f   ConEmuPlugin2800.obj
 0001:0000ff40       ?GetMsg@CPluginW2800@@UEAAPEB_WHPEA_W_K@Z 0000000180010f40 f   ConEmuPlugin2800.obj
 0001:0000ffe0       ?SetWindow@CPluginW2800@@UEAAXH@Z 0000000180010fe0 f   ConEmuPlugin2800.obj
 0001:00010110       ?PostMacroApi@CPluginW2800@@UEAAXPEB_WPEAU_INPUT_RECORD@@_N@Z 0000000180011110 f   ConEmuPlugin2800.obj
 0001:00010730       ?ShowPluginMenu@CPluginW2800@@UEAAHPEAUConEmuPluginMenuItem@@HH@Z 0000000180011730 f   ConEmuPlugin2800.obj
 0001:00010a10       ?OpenEditor@CPluginW2800@@UEAA_NPEB_W_N11HH@Z 0000000180011a10 f   ConEmuPlugin2800.obj
 0001:00010c50       ?ExecuteSynchroApi@CPluginW2800@@UEAA_NXZ 0000000180011c50 f   ConEmuPlugin2800.obj
 0001:00010ca0       ?WaitEndSynchro@CPluginW2800@@UEAAXXZ 0000000180011ca0 f   ConEmuPlugin2800.obj
 0001:00010cb0       ?StopWaitEndSynchro@CPluginW2800@@UEAAXXZ 0000000180011cb0 f   ConEmuPlugin2800.obj
 0001:00010cc0       ?IsMacroActive@CPluginW2800@@UEAA_NXZ 0000000180011cc0 f   ConEmuPlugin2800.obj
 0001:00010d20       ?GetMacroArea@CPluginW2800@@UEAAHXZ 0000000180011d20 f   ConEmuPlugin2800.obj
 0001:00010d60       ?RedrawAll@CPluginW2800@@UEAAXXZ 0000000180011d60 f   ConEmuPlugin2800.obj
 0001:00010db0       ?InputBox@CPluginW2800@@UEAA_NPEB_W000AEAPEA_W@Z 0000000180011db0 f   ConEmuPlugin2800.obj
 0001:00010e80       ?ShowUserScreen@CPluginW2800@@UEAAX_N@Z 0000000180011e80 f   ConEmuPlugin2800.obj
 0001:00010ef0       ?LoadFarColors@CPluginW2800@@UEAAXAEAY0BAA@E@Z 0000000180011ef0 f   ConEmuPlugin2800.obj
 0001:00011160       ?LoadFarSettings@CPluginW2800@@UEAAXPEAUCEFarInterfaceSettings@@PEAUCEFarPanelSettings@@@Z 0000000180012160 f   ConEmuPlugin2800.obj
 0001:00011410       ?GetFarRect@CPluginW2800@@UEAA_NAEAU_SMALL_RECT@@@Z 0000000180012410 f   ConEmuPlugin2800.obj
 0001:000114a0       ?CheckPanelExist@CPluginW2800@@UEAA_NXZ 00000001800124a0 f   ConEmuPlugin2800.obj
 0001:00011510       ?GetActiveWindowType@CPluginW2800@@UEAAHXZ 0000000180012510 f   ConEmuPlugin2800.obj
 0001:00011620       ?GetWindowTypeName@CPluginW2800@@UEAAPEB_WH@Z 0000000180012620 f   ConEmuPlugin2800.obj
 0001:000116e0       ?GuiMacroDlg@CPluginW2800@@UEAAXXZ 00000001800126e0 f   ConEmuPlugin2800.obj
 0001:00011e40       ?Open@CPluginW2800@@UEAAPEAXPEBX@Z 0000000180012e40 f   ConEmuPlugin2800.obj
 0001:00012140       ??0FarMacroValue@@QEAA@XZ  0000000180013140 f i ConEmuPlugin2800.obj
 0001:00012190       ??0?$MArray@UWindowInfo@@@@QEAA@XZ 0000000180013190 f i ConEmuPlugin2800.obj
 0001:000121f0       ??1?$MArray@UWindowInfo@@@@QEAA@XZ 00000001800131f0 f i ConEmuPlugin2800.obj
 0001:00012210       ??A?$MArray@UWindowInfo@@@@QEBAAEBUWindowInfo@@_J@Z 0000000180013210 f i ConEmuPlugin2800.obj
 0001:00012230       ??A?$MArray@UWindowInfo@@@@QEAAAEAUWindowInfo@@_J@Z 0000000180013230 f i ConEmuPlugin2800.obj
 0001:00012250       ?push_back@?$MArray@UWindowInfo@@@@QEAA_JAEBUWindowInfo@@@Z 0000000180013250 f i ConEmuPlugin2800.obj
 0001:00012320       ?insert@?$MArray@UWindowInfo@@@@QEAAX_JAEBUWindowInfo@@@Z 0000000180013320 f i ConEmuPlugin2800.obj
 0001:00012450       ?clear@?$MArray@UWindowInfo@@@@QEAAXXZ 0000000180013450 f i ConEmuPlugin2800.obj
 0001:000124a0       ?erase@?$MArray@UWindowInfo@@@@QEAAX_J@Z 00000001800134a0 f i ConEmuPlugin2800.obj
 0001:00012560       ?size@?$MArray@UWindowInfo@@@@QEBA_JXZ 0000000180013560 f i ConEmuPlugin2800.obj
 0001:00012570       ?addsize@?$MArray@UWindowInfo@@@@QEAAX_J@Z 0000000180013570 f i ConEmuPlugin2800.obj
 0001:000126b0       ??0CPluginW995@@QEAA@XZ    00000001800136b0 f   ConEmuPlugin995.obj
 0001:000129c0       ?Open@CPluginW995@@UEAAPEAXPEBX@Z 00000001800139c0 f i ConEmuPlugin995.obj
 0001:000129e0       ?ProcessEditorEventPtr@CPluginW995@@UEAAHPEAX@Z 00000001800139e0 f i ConEmuPlugin995.obj
 0001:000129f0       ?ProcessSynchroEventPtr@CPluginW995@@UEAAHPEAX@Z 00000001800139f0 f i ConEmuPlugin995.obj
 0001:00012a00       ?ProcessViewerEventPtr@CPluginW995@@UEAAHPEAX@Z 0000000180013a00 f i ConEmuPlugin995.obj
 0001:00012a10       ??_GCPluginW995@@UEAAPEAXI@Z 0000000180013a10 f i ConEmuPlugin995.obj
 0001:00012a10       ??_ECPluginW995@@UEAAPEAXI@Z 0000000180013a10 f i ConEmuPlugin995.obj
 0001:00012a50       ??1CPluginW995@@UEAA@XZ    0000000180013a50 f i ConEmuPlugin995.obj
 0001:00012a80       ?GetPanelDir@CPluginW995@@UEAAPEA_WKPEA_WH@Z 0000000180013a80 f   ConEmuPlugin995.obj
 0001:00012c70       ?GetPanelInfo@CPluginW995@@UEAA_NKPEAUCEPanelInfo@@@Z 0000000180013c70 f   ConEmuPlugin995.obj
 0001:00013130       ?GetPanelItemInfo@CPluginW995@@UEAA_NAEBUCEPanelInfo@@_N_JAEAU_WIN32_FIND_DATAW@@PEAPEA_W@Z 0000000180014130 f   ConEmuPlugin995.obj
 0001:00013440       ?PanelControlApi@CPluginW995@@UEAA_JPEAXH_J0@Z 0000000180014440 f   ConEmuPlugin995.obj
 0001:000134b0       ?GetPluginInfoPtr@CPluginW995@@UEAAXPEAX@Z 00000001800144b0 f   ConEmuPlugin995.obj
 0001:00013570       ?SetStartupInfoPtr@CPluginW995@@UEAAXPEAX@Z 0000000180014570 f   ConEmuPlugin995.obj
 0001:00013770       ?GetEditorModifiedState@CPluginW995@@UEAAKXZ 0000000180014770 f   ConEmuPlugin995.obj
 0001:000137d0       ?ProcessEditorInputPtr@CPluginW995@@UEAAHPEBX@Z 00000001800147d0 f   ConEmuPlugin995.obj
 0001:00013810       ?GetWindowCount@CPluginW995@@UEAAHXZ 0000000180014810 f   ConEmuPlugin995.obj
 0001:00013870       ?UpdateConEmuTabsApi@CPluginW995@@UEAA_NH@Z 0000000180014870 f   ConEmuPlugin995.obj
 0001:00013bf0       ?ExitFar@CPluginW995@@UEAAXXZ 0000000180014bf0 f   ConEmuPlugin995.obj
 0001:00013ca0       ?ShowMessage@CPluginW995@@UEAAHPEB_WH_N@Z 0000000180014ca0 f   ConEmuPlugin995.obj
 0001:00013d60       ?GetMsg@CPluginW995@@UEAAPEB_WHPEA_W_K@Z 0000000180014d60 f   ConEmuPlugin995.obj
 0001:00013e00       ?SetWindow@CPluginW995@@UEAAXH@Z 0000000180014e00 f   ConEmuPlugin995.obj
 0001:00013e80       ?PostMacroApi@CPluginW995@@UEAAXPEB_WPEAU_INPUT_RECORD@@_N@Z 0000000180014e80 f   ConEmuPlugin995.obj
 0001:00013f80       ?ShowPluginMenu@CPluginW995@@UEAAHPEAUConEmuPluginMenuItem@@HH@Z 0000000180014f80 f   ConEmuPlugin995.obj
 0001:00014200       ?OpenEditor@CPluginW995@@UEAA_NPEB_W_N11HH@Z 0000000180015200 f   ConEmuPlugin995.obj
 0001:00014410       ?ExecuteSynchroApi@CPluginW995@@UEAA_NXZ 0000000180015410 f   ConEmuPlugin995.obj
 0001:00014460       ?WaitEndSynchro@CPluginW995@@UEAAXXZ 0000000180015460 f   ConEmuPlugin995.obj
 0001:000146d0       ?StopWaitEndSynchro@CPluginW995@@UEAAXXZ 00000001800156d0 f   ConEmuPlugin995.obj
 0001:00014710       ?IsMacroActive@CPluginW995@@UEAA_NXZ 0000000180015710 f   ConEmuPlugin995.obj
 0001:00014790       ?GetMacroArea@CPluginW995@@UEAAHXZ 0000000180015790 f   ConEmuPlugin995.obj
 0001:000147e0       ?RedrawAll@CPluginW995@@UEAAXXZ 00000001800157e0 f   ConEmuPlugin995.obj
 0001:00014830       ?InputBox@CPluginW995@@UEAA_NPEB_W000AEAPEA_W@Z 0000000180015830 f   ConEmuPlugin995.obj
 0001:000148e0       ?ShowUserScreen@CPluginW995@@UEAAX_N@Z 00000001800158e0 f   ConEmuPlugin995.obj
 0001:00014950       ?LoadFarColors@CPluginW995@@UEAAXAEAY0BAA@E@Z 0000000180015950 f   ConEmuPlugin995.obj
 0001:00014a80       ?LoadFarSettings@CPluginW995@@UEAAXPEAUCEFarInterfaceSettings@@PEAUCEFarPanelSettings@@@Z 0000000180015a80 f   ConEmuPlugin995.obj
 0001:00014b10       ?GetFarRect@CPluginW995@@UEAA_NAEAU_SMALL_RECT@@@Z 0000000180015b10 f   ConEmuPlugin995.obj
 0001:00014ba0       ?CheckPanelExist@CPluginW995@@UEAA_NXZ 0000000180015ba0 f   ConEmuPlugin995.obj
 0001:00014c10       ?GetActiveWindowType@CPluginW995@@UEAAHXZ 0000000180015c10 f   ConEmuPlugin995.obj
 0001:00014d30       ?GetWindowTypeName@CPluginW995@@UEAAPEB_WH@Z 0000000180015d30 f   ConEmuPlugin995.obj
 0001:00014df0       ?GuiMacroDlg@CPluginW995@@UEAAXXZ 0000000180015df0 f   ConEmuPlugin995.obj
 0001:000154d0       ??0CPluginAnsi@@QEAA@XZ    00000001800164d0 f   ConEmuPluginA.obj
 0001:000157c0       ?ExecuteSynchroApi@CPluginAnsi@@UEAA_NXZ 00000001800167c0 f i ConEmuPluginA.obj
 0001:000157d0       ?GetFarRect@CPluginAnsi@@UEAA_NAEAU_SMALL_RECT@@@Z 00000001800167d0 f i ConEmuPluginA.obj
 0001:000157e0       ?Open@CPluginAnsi@@UEAAPEAXPEBX@Z 00000001800167e0 f i ConEmuPluginA.obj
 0001:00015800       ?ProcessEditorEventPtr@CPluginAnsi@@UEAAHPEAX@Z 0000000180016800 f i ConEmuPluginA.obj
 0001:00015810       ?ProcessEditorInputPtr@CPluginAnsi@@UEAAHPEBX@Z 0000000180016810 f i ConEmuPluginA.obj
 0001:00015820       ?ProcessSynchroEventPtr@CPluginAnsi@@UEAAHPEAX@Z 0000000180016820 f i ConEmuPluginA.obj
 0001:00015830       ?ProcessViewerEventPtr@CPluginAnsi@@UEAAHPEAX@Z 0000000180016830 f i ConEmuPluginA.obj
 0001:00015840       ?StopWaitEndSynchro@CPluginAnsi@@UEAAXXZ 0000000180016840 f i ConEmuPluginA.obj
 0001:00015850       ?WaitEndSynchro@CPluginAnsi@@UEAAXXZ 0000000180016850 f i ConEmuPluginA.obj
 0001:00015860       ??_ECPluginAnsi@@UEAAPEAXI@Z 0000000180016860 f i ConEmuPluginA.obj
 0001:00015860       ??_GCPluginAnsi@@UEAAPEAXI@Z 0000000180016860 f i ConEmuPluginA.obj
 0001:000158a0       ??1CPluginAnsi@@UEAA@XZ    00000001800168a0 f i ConEmuPluginA.obj
 0001:000158d0       ?GetPanelDir@CPluginAnsi@@UEAAPEA_WKPEA_WH@Z 00000001800168d0 f   ConEmuPluginA.obj
 0001:00015a40       ?GetPanelInfo@CPluginAnsi@@UEAA_NKPEAUCEPanelInfo@@@Z 0000000180016a40 f   ConEmuPluginA.obj
 0001:00015e70       ?GetPanelItemInfo@CPluginAnsi@@UEAA_NAEBUCEPanelInfo@@_N_JAEAU_WIN32_FIND_DATAW@@PEAPEA_W@Z 0000000180016e70 f   ConEmuPluginA.obj
 0001:000160a0       ?PanelControlApi@CPluginAnsi@@UEAA_JPEAXH_J0@Z 00000001800170a0 f   ConEmuPluginA.obj
 0001:00016110       ?SetStartupInfoPtr@CPluginAnsi@@UEAAXPEAX@Z 0000000180017110 f   ConEmuPluginA.obj
 0001:00016310       ?GetPluginInfoPtr@CPluginAnsi@@UEAAXPEAX@Z 0000000180017310 f   ConEmuPluginA.obj
 0001:00016400       ?GetEditorModifiedState@CPluginAnsi@@UEAAKXZ 0000000180017400 f   ConEmuPluginA.obj
 0001:00016470       ?GetWindowCount@CPluginAnsi@@UEAAHXZ 0000000180017470 f   ConEmuPluginA.obj
 0001:000164d0       ?UpdateConEmuTabsApi@CPluginAnsi@@UEAA_NH@Z 00000001800174d0 f   ConEmuPluginA.obj
 0001:00016870       ?ExitFar@CPluginAnsi@@UEAAXXZ 0000000180017870 f   ConEmuPluginA.obj
 0001:000168d0       ?SetWindow@CPluginAnsi@@UEAAXH@Z 00000001800178d0 f   ConEmuPluginA.obj
 0001:00016950       ?PostMacroApi@CPluginAnsi@@UEAAXPEB_WPEAU_INPUT_RECORD@@_N@Z 0000000180017950 f   ConEmuPluginA.obj
 0001:00016a80       ?ShowPluginMenu@CPluginAnsi@@UEAAHPEAUConEmuPluginMenuItem@@HH@Z 0000000180017a80 f   ConEmuPluginA.obj
 0001:00016d80       ?OpenEditor@CPluginAnsi@@UEAA_NPEB_W_N11HH@Z 0000000180017d80 f   ConEmuPluginA.obj
 0001:00016fb0       ?ShowMessage@CPluginAnsi@@UEAAHPEB_WH_N@Z 0000000180017fb0 f   ConEmuPluginA.obj
 0001:000170d0       ?GetMsg@CPluginAnsi@@UEAAPEB_WHPEA_W_K@Z 00000001800180d0 f   ConEmuPluginA.obj
 0001:000171d0       ?IsMacroActive@CPluginAnsi@@UEAA_NXZ 00000001800181d0 f   ConEmuPluginA.obj
 0001:00017250       ?GetMacroArea@CPluginAnsi@@UEAAHXZ 0000000180018250 f   ConEmuPluginA.obj
 0001:00017260       ?RedrawAll@CPluginAnsi@@UEAAXXZ 0000000180018260 f   ConEmuPluginA.obj
 0001:000172b0       ?InputBox@CPluginAnsi@@UEAA_NPEB_W000AEAPEA_W@Z 00000001800182b0 f   ConEmuPluginA.obj
 0001:00017440       ?ShowUserScreen@CPluginAnsi@@UEAAX_N@Z 0000000180018440 f   ConEmuPluginA.obj
 0001:000174b0       ?LoadFarColors@CPluginAnsi@@UEAAXAEAY0BAA@E@Z 00000001800184b0 f   ConEmuPluginA.obj
 0001:000175e0       ?LoadFarSettings@CPluginAnsi@@UEAAXPEAUCEFarInterfaceSettings@@PEAUCEFarPanelSettings@@@Z 00000001800185e0 f   ConEmuPluginA.obj
 0001:00017670       ?CheckPanelExist@CPluginAnsi@@UEAA_NXZ 0000000180018670 f   ConEmuPluginA.obj
 0001:000176e0       ?GetActiveWindowType@CPluginAnsi@@UEAAHXZ 00000001800186e0 f   ConEmuPluginA.obj
 0001:00017760       ?GetWindowTypeName@CPluginAnsi@@UEAAPEB_WH@Z 0000000180018760 f   ConEmuPluginA.obj
 0001:00017820       ?GuiMacroDlg@CPluginAnsi@@UEAAXXZ 0000000180018820 f   ConEmuPluginA.obj
 0001:00018020       ?Plugin@@YAPEAVCPluginBase@@XZ 0000000180019020 f   ConEmuPluginBase.obj
 0001:00018180       ??0CPluginBase@@QEAA@XZ    0000000180019180 f   ConEmuPluginBase.obj
 0001:000184d0       ??_ECPluginBase@@UEAAPEAXI@Z 00000001800194d0 f i ConEmuPluginBase.obj
 0001:000184d0       ??_GCPluginBase@@UEAAPEAXI@Z 00000001800194d0 f i ConEmuPluginBase.obj
 0001:00018510       ??1CPluginBase@@UEAA@XZ    0000000180019510 f   ConEmuPluginBase.obj
 0001:00018530       ?DllMain_ProcessAttach@CPluginBase@@KAXPEAUHINSTANCE__@@@Z 0000000180019530 f   ConEmuPluginBase.obj
 0001:00018670       ?DllMain_ProcessDetach@CPluginBase@@KAXXZ 0000000180019670 f   ConEmuPluginBase.obj
 0001:00018840       ??_GMSection@@QEAAPEAXI@Z  0000000180019840 f i ConEmuPluginBase.obj
 0001:00018880       ??_GCPluginBackground@@QEAAPEAXI@Z 0000000180019880 f i ConEmuPluginBase.obj
 0001:000188c0       ?DllCheckUnique@CPluginBase@@KA_N_N@Z 00000001800198c0 f   ConEmuPluginBase.obj
 0001:00018ba0       ?LoadFarVersion@CPluginBase@@SA_NXZ 0000000180019ba0 f   ConEmuPluginBase.obj
 0001:00019370       ?ShowMessageBox@CPluginBase@@KAHPEB_WI@Z 000000018001a370 f   ConEmuPluginBase.obj
 0001:00019470       ?ShowMessageGui@CPluginBase@@QEAAHHH@Z 000000018001a470 f   ConEmuPluginBase.obj
 0001:00019520       ?BackgroundMacroError@CPluginBase@@SAKPEAX@Z 000000018001a520 f   ConEmuPluginBase.obj
 0001:00019570       ?PostMacro@CPluginBase@@QEAAXPEB_WPEAU_INPUT_RECORD@@_N@Z 000000018001a570 f   ConEmuPluginBase.obj
 0001:00019630       ?isMacroActive@CPluginBase@@QEAA_NAEAH@Z 000000018001a630 f   ConEmuPluginBase.obj
 0001:000196c0       ?CheckBufferEnabled@CPluginBase@@QEAA_NXZ 000000018001a6c0 f   ConEmuPluginBase.obj
 0001:00019770       ?PanelControl@CPluginBase@@QEAA_JPEAXH_J0@Z 000000018001a770 f   ConEmuPluginBase.obj
 0001:00019860       ?GetPanelInfo@CPluginBase@@QEAA_NKPEAUBkPanelInfo@@@Z 000000018001a860 f   ConEmuPluginBase.obj
 0001:00019950       ?FillUpdateBackground@CPluginBase@@QEAAXPEAUPaintBackgroundArg@@@Z 000000018001a950 f   ConEmuPluginBase.obj
 0001:00019b80       ?StorePanelDirs@CPluginBase@@QEAA_NPEB_W0@Z 000000018001ab80 f   ConEmuPluginBase.obj
 0001:00019db0       ?UpdatePanelDirs@CPluginBase@@QEAAXXZ 000000018001adb0 f   ConEmuPluginBase.obj
 0001:00019fc0       ?IsFarLua@FarVersion@@QEBA_NXZ 000000018001afc0 f i ConEmuPluginBase.obj
 0001:0001a020       ?RunExternalProgram@CPluginBase@@QEAA_NPEA_W@Z 000000018001b020 f   ConEmuPluginBase.obj
 0001:0001a2c0       ?ProcessCommandLine@CPluginBase@@QEAA_NPEA_W@Z 000000018001b2c0 f   ConEmuPluginBase.obj
 0001:0001a320       ?ShowPluginMenu@CPluginBase@@QEAAXW4PluginCallCommands@@@Z 000000018001b320 f   ConEmuPluginBase.obj
 0001:0001a670       ?ShowTabsList@CPluginBase@@QEAAXXZ 000000018001b670 f   ConEmuPluginBase.obj
 0001:0001aba0       ?ShowPanelsList@CPluginBase@@QEAAXXZ 000000018001bba0 f   ConEmuPluginBase.obj
 0001:0001adb0       ?DataSize@CESERVER_REQ@@QEAAKXZ 000000018001bdb0 f i ConEmuPluginBase.obj
 0001:0001adf0       ?EditViewConsoleOutput@CPluginBase@@QEAAX_N@Z 000000018001bdf0 f   ConEmuPluginBase.obj
 0001:0001af00       ?SwitchTabCommand@CPluginBase@@QEAAXW4PluginMenuCommands@@@Z 000000018001bf00 f   ConEmuPluginBase.obj
 0001:0001afd0       ?ProcessSynchroEvent@CPluginBase@@QEAAHHPEAX@Z 000000018001bfd0 f   ConEmuPluginBase.obj
 0001:0001b090       ?ProcessEditorInputInternal@CPluginBase@@QEAAXAEBU_INPUT_RECORD@@@Z 000000018001c090 f   ConEmuPluginBase.obj
 0001:0001b0f0       ?ProcessEditorViewerEvent@CPluginBase@@QEAAHHH@Z 000000018001c0f0 f   ConEmuPluginBase.obj
 0001:0001b240       ?isEditorViewer@CPluginBase@@QEAA_NXZ 000000018001c240 f   ConEmuPluginBase.obj
 0001:0001b290       ?isModalEditorViewer@CPluginBase@@QEAA_NXZ 000000018001c290 f   ConEmuPluginBase.obj
 0001:0001b2e0       ?GetMainThreadId@CPluginBase@@SAKXZ 000000018001c2e0 f   ConEmuPluginBase.obj
 0001:0001b390       ?ShowConsoleInfo@CPluginBase@@QEAAXXZ 000000018001c390 f   ConEmuPluginBase.obj
 0001:0001b630       ?RunExternalProgramW@CPluginBase@@SA_NPEA_W0_N@Z 000000018001c630 f   ConEmuPluginBase.obj
 0001:0001b960       ?StartDebugger@CPluginBase@@QEAA_NXZ 000000018001c960 f   ConEmuPluginBase.obj
 0001:0001bd30       ?Attach2Gui@CPluginBase@@QEAA_NXZ 000000018001cd30 f   ConEmuPluginBase.obj
 0001:0001c2f0       ?FindServerCmd@CPluginBase@@QEAA_NKAEAK_N@Z 000000018001d2f0 f   ConEmuPluginBase.obj
 0001:0001c410       ?ShowMessage@CPluginBase@@QEAAHHH@Z 000000018001d410 f   ConEmuPluginBase.obj
 0001:0001c4a0       ?OutDataAlloc@CPluginBase@@SA_NK@Z 000000018001d4a0 f   ConEmuPluginBase.obj
 0001:0001c520       ?OutDataRealloc@CPluginBase@@SA_NK@Z 000000018001d520 f   ConEmuPluginBase.obj
 0001:0001c620       ?OutDataWrite@CPluginBase@@SA_NPEAXK@Z 000000018001d620 f   ConEmuPluginBase.obj
 0001:0001c710       ?CreateTabs@CPluginBase@@SA_NH@Z 000000018001d710 f   ConEmuPluginBase.obj
 0001:0001c810       ?AddTab@CPluginBase@@QEAA_NAEAHH_N1HPEB_W2HHHH@Z 000000018001d810 f   ConEmuPluginBase.obj
 0001:0001ce50       wmemcmp                    000000018001de50 f i ConEmuPluginBase.obj
 0001:0001cee0       ?AddTabFinish@CPluginBase@@QEAAXH@Z 000000018001dee0 f   ConEmuPluginBase.obj
 0001:0001cf00       ?SendTabs@CPluginBase@@SAXH_N@Z 000000018001df00 f   ConEmuPluginBase.obj
 0001:0001d150       ?CloseTabs@CPluginBase@@SAXXZ 000000018001e150 f   ConEmuPluginBase.obj
 0001:0001d1f0       ?UpdateConEmuTabs@CPluginBase@@QEAA_N_N@Z 000000018001e1f0 f   ConEmuPluginBase.obj
 0001:0001d620       ?ShowProtocolWarning@CPluginBase@@KAXXZ 000000018001e620 f   ConEmuPluginBase.obj
 0001:0001d7d0       ?CheckResources@CPluginBase@@QEAAX_N@Z 000000018001e7d0 f   ConEmuPluginBase.obj
 0001:0001d9b0       ?InitResources@CPluginBase@@QEAAXXZ 000000018001e9b0 f   ConEmuPluginBase.obj
 0001:0001dd40       ?CloseMapHeader@CPluginBase@@SAXXZ 000000018001ed40 f   ConEmuPluginBase.obj
 0001:0001dd70       ?OpenMapHeader@CPluginBase@@SAHXZ 000000018001ed70 f   ConEmuPluginBase.obj
 0001:0001dec0       ?InitRootRegKey@CPluginBase@@IEAAXXZ 000000018001eec0 f   ConEmuPluginBase.obj
 0001:0001e060       ?SetRootRegKey@CPluginBase@@IEAAXPEA_W@Z 000000018001f060 f   ConEmuPluginBase.obj
 0001:0001e190       ?LoadPanelTabsFromRegistry@CPluginBase@@IEAAXXZ 000000018001f190 f   ConEmuPluginBase.obj
 0001:0001e320       ?InitHWND@CPluginBase@@SAXXZ 000000018001f320 f   ConEmuPluginBase.obj
 0001:0001e660       ?CheckConEmuDetached@CPluginBase@@SAXXZ 000000018001f660 f   ConEmuPluginBase.obj
 0001:0001e710       ?EmergencyShow@CPluginBase@@KAXXZ 000000018001f710 f   ConEmuPluginBase.obj
 0001:0001e780       ?MonitorThreadProcW@CPluginBase@@SAKPEAX@Z 000000018001f780 f   ConEmuPluginBase.obj
 0001:0001ecb0       ?OpenPluginCommon@CPluginBase@@QEAAPEAXH_J_N@Z 000000018001fcb0 f   ConEmuPluginBase.obj
 0001:0001f190       ?ExitFarCommon@CPluginBase@@QEAAX_N@Z 0000000180020190 f   ConEmuPluginBase.obj
 0001:0001f200       ?OnMainThreadActivated@CPluginBase@@QEAAXXZ 0000000180020200 f   ConEmuPluginBase.obj
 0001:0001f400       ?ProcessSetWindowCommand@CPluginBase@@QEAAXXZ 0000000180020400 f   ConEmuPluginBase.obj
 0001:0001f570       ?CommonPluginStartup@CPluginBase@@QEAAXXZ 0000000180020570 f   ConEmuPluginBase.obj
 0001:0001f6a0       ?StopThread@CPluginBase@@QEAAX_N@Z 00000001800206a0 f   ConEmuPluginBase.obj
 0001:0001fad0       ??_G?$MFileMapping@UCESERVER_CONSOLE_MAPPING_HDR@@@@QEAAPEAXI@Z 0000000180020ad0 f i ConEmuPluginBase.obj
 0001:0001fb10       ?ShutdownPluginStep@CPluginBase@@SAXPEB_WHHHH@Z 0000000180020b10 f   ConEmuPluginBase.obj
 0001:0001fb30       ?ExecuteSynchro@CPluginBase@@QEAAXXZ 0000000180020b30 f   ConEmuPluginBase.obj
 0001:0001fc10       ?WaitPluginActivation@CPluginBase@@SAKKPEAPEAXHK@Z 0000000180020c10 f   ConEmuPluginBase.obj
 0001:0001fda0       ?ActivatePlugin@CPluginBase@@QEAA_NKPEAXK@Z 0000000180020da0 f   ConEmuPluginBase.obj
 0001:000200d0       ?cmd_OpenEditorLine@CPluginBase@@QEAA_NPEAUCESERVER_REQ_FAREDITOR@@@Z 00000001800210d0 f   ConEmuPluginBase.obj
 0001:00020200       ?cmd_RedrawFarCall@CPluginBase@@QEAA_NAEAPEAUCESERVER_REQ@@PEAPEAU2@@Z 0000000180021200 f   ConEmuPluginBase.obj
 0001:000202f0       ?cmd_SetWindow@CPluginBase@@QEAA_NPEAX_N@Z 00000001800212f0 f   ConEmuPluginBase.obj
 0001:000203d0       ?cmd_LeftClickSync@CPluginBase@@QEAAXPEAX@Z 00000001800213d0 f   ConEmuPluginBase.obj
 0001:00020560       ?cmd_CloseQSearch@CPluginBase@@QEAAXXZ 0000000180021560 f   ConEmuPluginBase.obj
 0001:000205c0       ?cmd_EMenu@CPluginBase@@QEAAXPEAX@Z 00000001800215c0 f   ConEmuPluginBase.obj
 0001:000206d0       ?cmd_ExternalCallback@CPluginBase@@QEAA_NPEAX@Z 00000001800216d0 f   ConEmuPluginBase.obj
 0001:00020770       ?cmd_ConSetFont@CPluginBase@@QEAAXPEAX@Z 0000000180021770 f   ConEmuPluginBase.obj
 0001:000207f0       ?cmd_GuiChanged@CPluginBase@@QEAAXPEAX@Z 00000001800217f0 f   ConEmuPluginBase.obj
 0001:00020900       ?ProcessCommand@CPluginBase@@QEAA_NKHPEAXPEAPEAUCESERVER_REQ@@_N@Z 0000000180021900 f   ConEmuPluginBase.obj
 0001:00021020       ?FarSetConsoleSize@CPluginBase@@SA_NFF@Z 0000000180022020 f   ConEmuPluginBase.obj
 0001:00021190       ?ReloadFarInfoApi@CPluginBase@@IEAA_NXZ 0000000180022190 f   ConEmuPluginBase.obj
 0001:00021440       ?ReloadFarInfo@CPluginBase@@QEAA_N_N@Z 0000000180022440 f   ConEmuPluginBase.obj
 0001:00021760       ?pcc_Selected@CPluginBase@@SA_NW4PluginMenuCommands@@@Z 0000000180022760 f   ConEmuPluginBase.obj
 0001:000217e0       ?pcc_Disabled@CPluginBase@@SA_NW4PluginMenuCommands@@@Z 00000001800227e0 f   ConEmuPluginBase.obj
 0001:000218c0       ?TouchReadPeekConsoleInputs@CPluginBase@@SAXH@Z 00000001800228c0 f   ConEmuPluginBase.obj
 0001:00021920       ?OnConsolePeekReadInput@CPluginBase@@SAX_N@Z 0000000180022920 f   ConEmuPluginBase.obj
 0001:00021b90       ?ActiveServerPID@CESERVER_CONSOLE_MAPPING_HDR@@QEBAKXZ 0000000180022b90 f i ConEmuPluginBase.obj
 0001:00021bd0       ?UngetDummyMouseEvent@CPluginBase@@SA_N_NPEAUHookCallbackArg@@@Z 0000000180022bd0 f   ConEmuPluginBase.obj
 0001:00021e40       ??4HANDLE2@@QEAAAEAU0@PEAX@Z 0000000180022e40 f i ConEmuPluginBase.obj
 0001:00021e60       ?FillLoadedParm@CPluginBase@@SAXPEAUConEmuLoadedArg@@PEAUHINSTANCE__@@H@Z 0000000180022e60 f   ConEmuPluginBase.obj
 0001:00021fa0       ?NotifyConEmuUnloaded@CPluginBase@@SAXXZ 0000000180022fa0 f   ConEmuPluginBase.obj
 0001:000220f0       ?OnPanelViewCallbacks@CPluginBase@@SA_NPEAUHookCallbackArg@@P6AHPEAXPEAU_INPUT_RECORD@@KPEAKPEAH@Z5@Z 00000001800230f0 f   ConEmuPluginBase.obj
 0001:00022240       ?OnShellExecuteExW_Except@CPluginBase@@SAXPEAUHookCallbackArg@@@Z 0000000180023240 f   ConEmuPluginBase.obj
 0001:00022290       ?OnGetNumberOfConsoleInputEventsPost@CPluginBase@@SAXPEAUHookCallbackArg@@@Z 0000000180023290 f   ConEmuPluginBase.obj
 0001:000222d0       ?OnConsolePeekInput@CPluginBase@@SAHPEAUHookCallbackArg@@@Z 00000001800232d0 f   ConEmuPluginBase.obj
 0001:00022360       ?OnConsolePeekInputPost@CPluginBase@@SAXPEAUHookCallbackArg@@@Z 0000000180023360 f   ConEmuPluginBase.obj
 0001:000223b0       ?OnConsoleReadInputWork@CPluginBase@@SAHPEAUHookCallbackArg@@@Z 00000001800233b0 f   ConEmuPluginBase.obj
 0001:00022460       ?OnConsoleReadInput@CPluginBase@@SAHPEAUHookCallbackArg@@@Z 0000000180023460 f   ConEmuPluginBase.obj
 0001:00022480       ?OnConsoleReadInputPost@CPluginBase@@SAXPEAUHookCallbackArg@@@Z 0000000180023480 f   ConEmuPluginBase.obj
 0001:00022730       ?OnWriteConsoleOutput@CPluginBase@@SAHPEAUHookCallbackArg@@@Z 0000000180023730 f   ConEmuPluginBase.obj
 0001:00022850       ?OnConsoleDetaching@CPluginBase@@SAHPEAUHookCallbackArg@@@Z 0000000180023850 f   ConEmuPluginBase.obj
 0001:000229b0       ?OnConsoleWasAttached@CPluginBase@@SAXPEAUHookCallbackArg@@@Z 00000001800239b0 f   ConEmuPluginBase.obj
 0001:00022a30       ?OnCurDirChanged@CPluginBase@@SAXXZ 0000000180023a30 f   ConEmuPluginBase.obj
 0001:00022ac0       ?OnLibraryLoaded@CPluginBase@@SAXPEAUHINSTANCE__@@@Z 0000000180023ac0 f   ConEmuPluginBase.obj
 0001:00022b70       ?ToUnicode@CPluginBase@@SAPEA_WPEBD@Z 0000000180023b70 f   ConEmuPluginBase.obj
 0001:00022c10       ?ToOem@CPluginBase@@SAXPEB_WPEAD_J@Z 0000000180023c10 f   ConEmuPluginBase.obj
 0001:00022c90       ?ToOem@CPluginBase@@SAPEADPEB_W@Z 0000000180023c90 f   ConEmuPluginBase.obj
 0001:00022d00       ?ProcessDragFrom@CPluginBase@@QEAAXXZ 0000000180023d00 f   ConEmuPluginBase.obj
 0001:000235c0       ?ProcessDragTo@CPluginBase@@QEAAXXZ 00000001800245c0 f   ConEmuPluginBase.obj
 0001:00023a80       ?IsCurrentTabModal@CPluginBase@@QEAA_NXZ 0000000180024a80 f   ConEmuPluginBase.obj
 0001:00023b80       ?PrintText@CPluginBase@@QEAA_NPEB_W@Z 0000000180024b80 f   ConEmuPluginBase.obj
 0001:00023d20       ?Ptr@?$MFileMapping@UCESERVER_CONSOLE_MAPPING_HDR@@@@QEAAPEAUCESERVER_CONSOLE_MAPPING_HDR@@XZ 0000000180024d20 f i ConEmuPluginBase.obj
 0001:00023d30       ??$wcscpy_c@$0BBE@@@YAHAEAY0BBE@_WPEB_W@Z 0000000180024d30 f i ConEmuPluginBase.obj
 0001:00023d60       ??$wcscat_c@$0BBE@@@YAHAEAY0BBE@_WPEB_W@Z 0000000180024d60 f i ConEmuPluginBase.obj
 0001:00023d90       ??$wcscat_c@$0CAE@@@YAHAEAY0CAE@_WPEB_W@Z 0000000180024d90 f i ConEmuPluginBase.obj
 0001:00023dc0       ?EvaluateDefaultFontWidth@@YAHHPEB_W@Z 0000000180024dc0 f   EmergencyShow.obj
 0001:00023f40       ?SetUserFriendlyFont@@YAXPEAUHWND__@@HH@Z 0000000180024f40 f   EmergencyShow.obj
 0001:00024500       ?CorrectConsolePos@@YAXPEAUHWND__@@@Z 0000000180025500 f   EmergencyShow.obj
 0001:000246e0       ?EmergencyShow@@YAXPEAUHWND__@@HH@Z 00000001800256e0 f   EmergencyShow.obj
 0001:00024860       ?IsFileBatch@@YA_NPEB_W@Z  0000000180025860 f   Execute.obj
 0001:00024900       ?GetImageSubsystem@@YA_NPEB_WAEAK11@Z 0000000180025900 f   Execute.obj
 0001:00024d10       ?GetImageSubsystem@@YA_NAEAK0@Z 0000000180025d10 f   Execute.obj
 0001:00024df0       ?GetImageSubsystem@@YA_NU_PROCESS_INFORMATION@@AEAK1@Z 0000000180025df0 f   Execute.obj
 0001:000250f0       ?GetEnclosingSectionHeader@@YAPEAU_IMAGE_SECTION_HEADER@@KPEAUIMAGE_MAPPING@@@Z 00000001800260f0 f   Execute.obj
 0001:000251a0       ?GetPtrFromRVA@@YAPEAXKPEAUIMAGE_MAPPING@@@Z 00000001800261a0 f   Execute.obj
 0001:00025230       ?FindImageSubsystem@@YA_NPEB_WAEAK1PEAK@Z 0000000180026230 f   Execute.obj
 0001:000260a0       ?OnHooksUnloaded@@YAXXZ    00000001800270a0 f   HkFunc.obj
 0001:000260b0       ??0HkFunc@@QEAA@XZ         00000001800270b0 f   HkFunc.obj
 0001:000260d0       ?Init@HkFunc@@QEAA_NPEB_WPEAUHINSTANCE__@@@Z 00000001800270d0 f   HkFunc.obj
 0001:000261e0       ?SetInternalMode@HkFunc@@QEAAXXZ 00000001800271e0 f   HkFunc.obj
 0001:00026200       ?isConEmuHk@HkFunc@@QEAA_NXZ 0000000180027200 f   HkFunc.obj
 0001:00026230       ?HeapInitialize@@YA_NXZ    0000000180027230 f   Memory.obj
 0001:00026280       ?HeapDeinitialize@@YAXXZ   0000000180027280 f   Memory.obj
 0001:000262b0       ?xf_malloc@@YAPEAX_K@Z     00000001800272b0 f   Memory.obj
 0001:000262e0       ?xf_calloc@@YAPEAX_K0@Z    00000001800272e0 f   Memory.obj
 0001:00026320       ?xf_realloc@@YAPEAXPEAX_K@Z 0000000180027320 f   Memory.obj
 0001:00026370       ?xf_free@@YAXPEAX@Z        0000000180027370 f   Memory.obj
 0001:000263b0       ?xf_validate@@YA_NPEAX@Z   00000001800273b0 f   Memory.obj
 0001:00026400       ??2@YAPEAX_K@Z             0000000180027400 f   Memory.obj
 0001:00026430       ??_U@YAPEAX_K@Z            0000000180027430 f   Memory.obj
 0001:00026460       ??3@YAXPEAX@Z              0000000180027460 f   Memory.obj
 0001:00026480       ??_V@YAXPEAX@Z             0000000180027480 f   Memory.obj
 0001:000264a0       ?GetStartupMonitor@@YAPEAUHMONITOR__@@XZ 00000001800274a0 f   Monitors.obj
 0001:000265b0       ?MonitorFromParam@@YAPEAUHMONITOR__@@PEB_W@Z 00000001800275b0 f   Monitors.obj
 0001:00026800       ?FindMonitorsWorkspace@@YAHPEAUHMONITOR__@@PEAUHDC__@@PEAUtagRECT@@_J@Z 0000000180027800 f   Monitors.obj
 0001:000268b0       ?GetAllMonitorsWorkspace@@YA?AUtagRECT@@XZ 00000001800278b0 f   Monitors.obj
 0001:00026940       ?FindPrimaryMonitor@@YAHPEAUHMONITOR__@@PEAUHDC__@@PEAUtagRECT@@_J@Z 0000000180027940 f   Monitors.obj
 0001:000269d0       ?GetMonitorInfoSafe@@YA_NPEAUHMONITOR__@@AEAUtagMONITORINFO@@@Z 00000001800279d0 f   Monitors.obj
 0001:00026a40       ?GetPrimaryMonitorInfo@@YAPEAUHMONITOR__@@PEAUtagMONITORINFO@@@Z 0000000180027a40 f   Monitors.obj
 0001:00026b00       ?GetNearestMonitorInfo@@YAPEAUHMONITOR__@@PEAUtagMONITORINFO@@PEAU1@PEBUtagRECT@@PEAUHWND__@@@Z 0000000180027b00 f   Monitors.obj
 0001:00026c30       ?EnumAllMonitors@@YAHPEAUHMONITOR__@@PEAUHDC__@@PEAUtagRECT@@_J@Z 0000000180027c30 f   Monitors.obj
 0001:00026ce0       ?MonitorSortCallback@@YAHAEAU_FindAllMonitorsItem@@0@Z 0000000180027ce0 f   Monitors.obj
 0001:00026d60       ?GetNextMonitorInfo@@YAPEAUHMONITOR__@@PEAUtagMONITORINFO@@PEBUtagRECT@@_N@Z 0000000180027d60 f   Monitors.obj
 0001:00026ff0       ??0_FindAllMonitors@@QEAA@XZ 0000000180027ff0 f i Monitors.obj
 0001:00027010       ??1_FindAllMonitors@@QEAA@XZ 0000000180028010 f i Monitors.obj
 0001:00027030       ?FindTaskbarWindow@@YAPEAUHWND__@@PEAUtagRECT@@@Z 0000000180028030 f   Monitors.obj
 0001:000270b0       ?IsTaskbarAutoHidden@@YA_NPEAUtagRECT@@PEAI@Z 00000001800280b0 f   Monitors.obj
 0001:000271a0       ??0?$MArray@U_FindAllMonitorsItem@@@@QEAA@XZ 00000001800281a0 f i Monitors.obj
 0001:00027200       ??1?$MArray@U_FindAllMonitorsItem@@@@QEAA@XZ 0000000180028200 f i Monitors.obj
 0001:00027220       ??A?$MArray@U_FindAllMonitorsItem@@@@QEAAAEAU_FindAllMonitorsItem@@_J@Z 0000000180028220 f i Monitors.obj
 0001:00027240       ?push_back@?$MArray@U_FindAllMonitorsItem@@@@QEAA_JAEBU_FindAllMonitorsItem@@@Z 0000000180028240 f i Monitors.obj
 0001:00027310       ?size@?$MArray@U_FindAllMonitorsItem@@@@QEBA_JXZ 0000000180028310 f i Monitors.obj
 0001:00027320       ?sort@?$MArray@U_FindAllMonitorsItem@@@@QEAAXP6AHAEAU_FindAllMonitorsItem@@0@Z@Z 0000000180028320 f i Monitors.obj
 0001:00027470       ?clear@?$MArray@U_FindAllMonitorsItem@@@@QEAAXXZ 0000000180028470 f i Monitors.obj
 0001:000274c0       ?addsize@?$MArray@U_FindAllMonitorsItem@@@@QEAAX_J@Z 00000001800284c0 f i Monitors.obj
 0001:00027600       ??0MSection@@QEAA@XZ       0000000180028600 f   MSection.obj
 0001:000276f0       ??1MSection@@QEAA@XZ       00000001800286f0 f   MSection.obj
 0001:000277c0       ?Process_Lock@MSection@@IEAAXXZ 00000001800287c0 f   MSection.obj
 0001:000277e0       ?Process_Unlock@MSection@@IEAAXXZ 00000001800287e0 f   MSection.obj
 0001:00027800       ?ThreadTerminated@MSection@@QEAAXK@Z 0000000180028800 f   MSection.obj
 0001:00027870       ?AddRef@MSection@@IEAAXK@Z 0000000180028870 f   MSection.obj
 0001:000279c0       ?ReleaseRef@MSection@@IEAAHK@Z 00000001800289c0 f   MSection.obj
 0001:00027ae0       ?WaitUnlocked@MSection@@IEAAXKK@Z 0000000180028ae0 f   MSection.obj
 0001:00027bb0       ?MyEnterCriticalSection@MSection@@IEAA_NK@Z 0000000180028bb0 f   MSection.obj
 0001:00027d80       ?Lock@MSection@@IEAAHHK@Z  0000000180028d80 f   MSection.obj
 0001:00027f30       ?Unlock@MSection@@IEAAXH@Z 0000000180028f30 f   MSection.obj
 0001:00027fc0       ?isLockedExclusive@MSection@@QEAA_NXZ 0000000180028fc0 f   MSection.obj
 0001:00028030       ??0MSectionThread@@QEAA@PEAVMSection@@@Z 0000000180029030 f   MSection.obj
 0001:00028070       ??1MSectionThread@@QEAA@XZ 0000000180029070 f   MSection.obj
 0001:000280b0       ??0MSectionLock@@QEAA@XZ   00000001800290b0 f   MSection.obj
 0001:000280e0       ??1MSectionLock@@QEAA@XZ   00000001800290e0 f   MSection.obj
 0001:00028110       ?Lock@MSectionLock@@QEAAHPEAVMSection@@HK@Z 0000000180029110 f   MSection.obj
 0001:000281e0       ?RelockExclusive@MSectionLock@@QEAAHK@Z 00000001800291e0 f   MSection.obj
 0001:00028270       ?Unlock@MSectionLock@@QEAAXXZ 0000000180029270 f   MSection.obj
 0001:000282c0       ?isLocked@MSectionLock@@QEAAHH@Z 00000001800292c0 f   MSection.obj
 0001:00028310       ??0MSectionSimple@@QEAA@_N@Z 0000000180029310 f   MSectionSimple.obj
 0001:00028370       ??1MSectionSimple@@QEAA@XZ 0000000180029370 f   MSectionSimple.obj
 0001:00028390       ?IsInitialized@MSectionSimple@@QEAA_NXZ 0000000180029390 f   MSectionSimple.obj
 0001:000283d0       ?Init@MSectionSimple@@QEAAXXZ 00000001800293d0 f   MSectionSimple.obj
 0001:00028400       ?Close@MSectionSimple@@QEAAXXZ 0000000180029400 f   MSectionSimple.obj
 0001:00028430       ?Enter@MSectionSimple@@QEAAXXZ 0000000180029430 f   MSectionSimple.obj
 0001:00028450       ?Leave@MSectionSimple@@QEAAXXZ 0000000180029450 f   MSectionSimple.obj
 0001:00028470       ?TryEnter@MSectionSimple@@QEAA_NXZ 0000000180029470 f   MSectionSimple.obj
 0001:000284b0       ?RecreateAndLock@MSectionSimple@@QEAA_NXZ 00000001800294b0 f   MSectionSimple.obj
 0001:00028550       ??0MSectionLockSimple@@QEAA@XZ 0000000180029550 f   MSectionSimple.obj
 0001:00028570       ??1MSectionLockSimple@@QEAA@XZ 0000000180029570 f   MSectionSimple.obj
 0001:000285a0       ?Lock@MSectionLockSimple@@QEAAHPEAUMSectionSimple@@K@Z 00000001800295a0 f   MSectionSimple.obj
 0001:00028670       ?Unlock@MSectionLockSimple@@QEAAXXZ 0000000180029670 f   MSectionSimple.obj
 0001:000286b0       ?isLocked@MSectionLockSimple@@QEAAHXZ 00000001800296b0 f   MSectionSimple.obj
 0001:000286c0       ?NullSecurity@@YAPEAU_SECURITY_ATTRIBUTES@@XZ 00000001800296c0 f   MSecurity.obj
 0001:00028720       ??0MNullDesc@@QEAA@XZ      0000000180029720 f i MSecurity.obj
 0001:000287a0       ?NullSecurity@MNullDesc@@QEAAPEAU_SECURITY_ATTRIBUTES@@XZ 00000001800297a0 f i MSecurity.obj
 0001:000288e0       ?LoadAdvApi@MNullDesc@@IEAAHXZ 00000001800298e0 f i MSecurity.obj
 0001:00028ba0       ?UnloadAdvApi@MNullDesc@@IEAAXXZ 0000000180029ba0 f i MSecurity.obj
 0001:00028be0       ?LocalSecurity@@YAPEAU_SECURITY_ATTRIBUTES@@XZ 0000000180029be0 f   MSecurity.obj
 0001:00028c40       ?LocalSecurity@MNullDesc@@QEAAPEAU_SECURITY_ATTRIBUTES@@XZ 0000000180029c40 f i MSecurity.obj
 0001:00028ef0       ?ShutdownSecurity@@YAXXZ   0000000180029ef0 f   MSecurity.obj
 0001:00028f50       ??_GMNullDesc@@QEAAPEAXI@Z 0000000180029f50 f i MSecurity.obj
 0001:00028f90       ??1MNullDesc@@QEAA@XZ      0000000180029f90 f i MSecurity.obj
 0001:00029020       ??0MSetter@@QEAA@PEAJ@Z    000000018002a020 f   MSetter.obj
 0001:00029070       ??0MSetter@@QEAA@PEA_N@Z   000000018002a070 f   MSetter.obj
 0001:000290d0       ??0MSetter@@QEAA@PEAKK@Z   000000018002a0d0 f   MSetter.obj
 0001:00029130       ??1MSetter@@QEAA@XZ        000000018002a130 f   MSetter.obj
 0001:00029150       ?Unlock@MSetter@@QEAAXXZ   000000018002a150 f   MSetter.obj
 0001:00029200       ?lstrdup@@YAPEADPEBD@Z     000000018002a200 f   MStrDup.obj
 0001:00029280       ?StringCchCopyA@@YAJPEAD_KPEBD@Z 000000018002a280 f i MStrDup.obj
 0001:00029410       ?lstrdup@@YAPEA_WPEB_W_K@Z 000000018002a410 f   MStrDup.obj
 0001:000295d0       ?lstrdupW@@YAPEA_WPEBDI@Z  000000018002a5d0 f   MStrDup.obj
 0001:00029670       ?lstrdupA@@YAPEADPEB_WIPEAH@Z 000000018002a670 f   MStrDup.obj
 0001:000297c0       ?lstrmerge@@YAPEA_WPEB_W00000000@Z 000000018002a7c0 f   MStrDup.obj
 0001:00029a00       ?lstrmerge@@YA_NPEAPEA_WPEB_W1111111@Z 000000018002aa00 f   MStrDup.obj
 0001:00029ac0       ?msprintf@@YAPEB_WPEA_W_KPEB_WZZ 000000018002aac0 f   MStrSafe.obj
 0001:0002a4a0       ?msprintf@@YAPEBDPEAD_KPEBDZZ 000000018002b4a0 f   MStrSafe.obj
 0001:0002aca0       ?lstrcmpni@@YAHPEBD0H@Z    000000018002bca0 f   MStrSafe.obj
 0001:0002ae10       ?lstrcmpni@@YAHPEB_W0H@Z   000000018002be10 f   MStrSafe.obj
 0001:0002afc0       ?startswith@@YAHPEB_W0_N@Z 000000018002bfc0 f   MStrSafe.obj
 0001:0002b070       ??$klMax@H@@YAAEBHAEBH0@Z  000000018002c070 f i MStrSafe.obj
 0001:0002b0c0       ??0CPluginBackground@@QEAA@XZ 000000018002c0c0 f   PluginBackground.obj
 0001:0002b370       ??1CPluginBackground@@QEAA@XZ 000000018002c370 f   PluginBackground.obj
 0001:0002b620       ?RegisterSubplugin@CPluginBackground@@QEAAHPEAURegisterBackgroundArg@@@Z 000000018002c620 f   PluginBackground.obj
 0001:0002bb90       ?ReallocItems@CPluginBackground@@IEAAXH@Z 000000018002cb90 f   PluginBackground.obj
 0001:0002bc30       ?OnMainThreadActivated@CPluginBackground@@QEAAXHH@Z 000000018002cc30 f   PluginBackground.obj
 0001:0002bda0       ?SetForceCheck@CPluginBackground@@QEAAXXZ 000000018002cda0 f   PluginBackground.obj
 0001:0002bdd0       ?SetForceUpdate@CPluginBackground@@QEAAX_N@Z 000000018002cdd0 f   PluginBackground.obj
 0001:0002be10       ?SetForceThLoad@CPluginBackground@@QEAAXXZ 000000018002ce10 f   PluginBackground.obj
 0001:0002be50       ?IsParmChanged@CPluginBackground@@IEAA_NPEAUPaintBackgroundArg@@0@Z 000000018002ce50 f   PluginBackground.obj
 0001:0002c1a0       ?CheckPanelFolders@CPluginBackground@@IEAAXH@Z 000000018002d1a0 f   PluginBackground.obj
 0001:0002c2d0       ?SetDcPanelRect@CPluginBackground@@IEAAXPEAUtagRECT@@PEAUBkPanelInfo@@PEAUPaintBackgroundArg@@@Z 000000018002d2d0 f   PluginBackground.obj
 0001:0002c470       ?UpdateBackground_Exec@CPluginBackground@@KAXPEAURegisterBackgroundArg@@PEAUPaintBackgroundArg@@@Z 000000018002d470 f   PluginBackground.obj
 0001:0002c4d0       ?UpdateBackground@CPluginBackground@@IEAAXXZ 000000018002d4d0 f   PluginBackground.obj
 0001:0002d5a0       ?LoadThSet@CPluginBackground@@IEAAHH@Z 000000018002e5a0 f   PluginBackground.obj
 0001:0002d810       ?MonitorBackground@CPluginBackground@@QEAAXXZ 000000018002e810 f   PluginBackground.obj
 0001:0002d8f0       ?GetTo@?$MFileMapping@UPanelViewSetMapping@@@@QEAA_NPEAUPanelViewSetMapping@@H@Z 000000018002e8f0 f i PluginBackground.obj
 0001:0002d950       ?InitName@?$MFileMapping@UPanelViewSetMapping@@@@QEAAPEB_WPEB_WKK@Z 000000018002e950 f i PluginBackground.obj
 0001:0002d9b0       ?CloseMap@?$MFileMapping@UPanelViewSetMapping@@@@QEAAXXZ 000000018002e9b0 f i PluginBackground.obj
 0001:0002da40       ?Open@?$MFileMapping@UPanelViewSetMapping@@@@QEAAPEAUPanelViewSetMapping@@HH@Z 000000018002ea40 f i PluginBackground.obj
 0001:0002da70       ??0?$MFileMapping@UPanelViewSetMapping@@@@QEAA@XZ 000000018002ea70 f i PluginBackground.obj
 0001:0002dae0       ??1?$MFileMapping@UPanelViewSetMapping@@@@QEAA@XZ 000000018002eae0 f i PluginBackground.obj
 0001:0002db10       ?IsValid@?$MFileMapping@UPanelViewSetMapping@@@@QEAA_NXZ 000000018002eb10 f i PluginBackground.obj
 0001:0002db40       ?ClosePtr@?$MFileMapping@UPanelViewSetMapping@@@@QEAAXXZ 000000018002eb40 f i PluginBackground.obj
 0001:0002db80       ?InternalOpenCreate@?$MFileMapping@UPanelViewSetMapping@@@@IEAAPEAUPanelViewSetMapping@@HHH@Z 000000018002eb80 f i PluginBackground.obj
 0001:0002df60       ?PlugServerInit@@YAXXZ     000000018002ef60 f   PluginSrv.obj
 0001:0002df70       ?PlugServerStart@@YA_NXZ   000000018002ef70 f   PluginSrv.obj
 0001:0002e0b0       ?PlugServerStop@@YAX_N@Z   000000018002f0b0 f   PluginSrv.obj
 0001:0002e110       ?cmd_FarSetChanged@@YAXPEAUFAR_REQ_FARSETCHANGED@@@Z 000000018002f110 f   PluginSrv.obj
 0001:0002e190       ?PlugServerCommand@@YAHPEAXPEAUCESERVER_REQ@@AEAPEAU1@AEAK3_J@Z 000000018002f190 f   PluginSrv.obj
 0001:0002ebc0       ?PlugServerFree@@YAXPEAUCESERVER_REQ@@_J@Z 000000018002fbc0 f   PluginSrv.obj
 0001:0002ebe0       ?SetOverlapped@?$PipeServer@UCESERVER_REQ@@@@QEAAX_N@Z 000000018002fbe0 f i PluginSrv.obj
 0001:0002ec00       ?SetLoopCommands@?$PipeServer@UCESERVER_REQ@@@@QEAAX_N@Z 000000018002fc00 f i PluginSrv.obj
 0001:0002ec20       ?SetDummyAnswerSize@?$PipeServer@UCESERVER_REQ@@@@QEAAXH@Z 000000018002fc20 f i PluginSrv.obj
 0001:0002ec40       ?SetMaxCount@?$PipeServer@UCESERVER_REQ@@@@QEAAXH@Z 000000018002fc40 f i PluginSrv.obj
 0001:0002ec90       ?StartPipeServer@?$PipeServer@UCESERVER_REQ@@@@QEAA_N_NPEB_W_JPEAU_SECURITY_ATTRIBUTES@@P6AHPEAXPEAUCESERVER_REQ@@AEAPEAU3@AEAK72@ZP6AX52@ZP6AH42@ZP6AH42@ZP6AH42@Z@Z 000000018002fc90 f i PluginSrv.obj
 0001:0002ef00       ?StopPipeServer@?$PipeServer@UCESERVER_REQ@@@@QEAAX_NAEA_N@Z 000000018002ff00 f i PluginSrv.obj
 0001:0002f830       ?BreakConnection@?$PipeServer@UCESERVER_REQ@@@@QEAAXPEAX@Z 0000000180030830 f i PluginSrv.obj
 0001:0002f860       ?DumpError@?$PipeServer@UCESERVER_REQ@@@@IEAAXPEAUPipeInst@1@PEB_WH@Z 0000000180030860 f i PluginSrv.obj
 0001:0002f9a0       ?_Disconnect@?$PipeServer@UCESERVER_REQ@@@@IEAAXPEAUPipeInst@1@_N11@Z 00000001800309a0 f i PluginSrv.obj
 0001:0002fa50       ?StartPipeInstance@?$PipeServer@UCESERVER_REQ@@@@IEAA_NPEAUPipeInst@1@@Z 0000000180030a50 f i PluginSrv.obj
 0001:0002fd10       ?TerminatePipeThread@?$PipeServer@UCESERVER_REQ@@@@KAXAEAPEAXAEBUPipeInst@1@AEA_N@Z 0000000180030d10 f i PluginSrv.obj
 0001:0002fdd0       ?_PipeServerThread@?$PipeServer@UCESERVER_REQ@@@@KAKPEAX@Z 0000000180030dd0 f i PluginSrv.obj
 0001:0002fe70       ?PipeServerThread@?$PipeServer@UCESERVER_REQ@@@@IEAAKPEAUPipeInst@1@@Z 0000000180030e70 f i PluginSrv.obj
 0001:000303c0       ?PipeServerRead@?$PipeServer@UCESERVER_REQ@@@@IEAAHPEAUPipeInst@1@@Z 00000001800313c0 f i PluginSrv.obj
 0001:00030830       ?PipeServerWrite@?$PipeServer@UCESERVER_REQ@@@@IEAAHPEAUPipeInst@1@PEBXKPEAKH@Z 0000000180031830 f i PluginSrv.obj
 0001:00030a70       ?WaitForClient@?$PipeServer@UCESERVER_REQ@@@@IEAA_NPEAUPipeInst@1@AEAH1@Z 0000000180031a70 f i PluginSrv.obj
 0001:00031080       ?WriteDummyAnswer@?$PipeServer@UCESERVER_REQ@@@@IEAAHPEAUPipeInst@1@@Z 0000000180032080 f i PluginSrv.obj
 0001:00031120       ?WaitOverlapped@?$PipeServer@UCESERVER_REQ@@@@IEAAHPEAUPipeInst@1@PEAK@Z 0000000180032120 f i PluginSrv.obj
 0001:00031410       ?AllocRequestBuf@PipeInst@?$PipeServer@UCESERVER_REQ@@@@QEAAPEAUCESERVER_REQ@@K@Z 0000000180032410 f i PluginSrv.obj
 0001:000314b0       ??$wcscpy_c@$0BAE@@@YAHAEAY0BAE@_WPEB_W@Z 00000001800324b0 f i PluginSrv.obj
 0001:00031610       ?SetConEmuEnvHWND@@YAXPEB_WPEAUHWND__@@@Z 0000000180032610 f   SetEnvVar.obj
 0001:00031670       ?SetConEmuEnvVar@@YAXPEAUHWND__@@@Z 0000000180032670 f   SetEnvVar.obj
 0001:000316f0       ?SetConEmuEnvVarChild@@YAXPEAUHWND__@@0@Z 00000001800326f0 f   SetEnvVar.obj
 0001:00031730       ?SetConEmuWorkEnvVar@@YAXPEAUHINSTANCE__@@@Z 0000000180032730 f   SetEnvVar.obj
 0001:00031900       ??0CEnvStrings@@QEAA@PEA_W@Z 0000000180032900 f   SetEnvVar.obj
 0001:000319c0       ??1CEnvStrings@@QEAA@XZ    00000001800329c0 f   SetEnvVar.obj
 0001:00031a00       ?SetConsoleInfo@@YAHPEAUHWND__@@PEAU_CONSOLE_INFO@@@Z 0000000180032a00 f   WConsole.obj
 0001:00031cf0       ?CreateConsoleSection@ConsoleSectionHelper@@QEAAPEAXXZ 0000000180032cf0 f i WConsole.obj
 0001:00031d50       ?GetConsoleSizeInfo@@YAXPEAU_CONSOLE_INFO@@@Z 0000000180032d50 f   WConsole.obj
 0001:00031e20       ?apiGetConsoleScreenBufferInfoEx@@YAHPEAXPEAUMY_CONSOLE_SCREEN_BUFFER_INFOEX@@@Z 0000000180032e20 f   WConsole.obj
 0001:00031ea0       ?apiSetConsoleScreenBufferInfoEx@@YAHPEAXPEAUMY_CONSOLE_SCREEN_BUFFER_INFOEX@@@Z 0000000180032ea0 f   WConsole.obj
 0001:00031f40       ?apiGetCurrentConsoleFontEx@@YAHPEAXHPEAUMY_CONSOLE_FONT_INFOEX@@@Z 0000000180032f40 f   WConsole.obj
 0001:00031fd0       ?apiSetCurrentConsoleFontEx@@YAHPEAXHPEAUMY_CONSOLE_FONT_INFOEX@@@Z 0000000180032fd0 f   WConsole.obj
 0001:00032060       ?apiInitConsoleFontSize@@YAHPEAX@Z 0000000180033060 f   WConsole.obj
 0001:00032100       ?apiGetConsoleFontSize@@YAHPEAXAEAH1AEAY0CA@_W@Z 0000000180033100 f   WConsole.obj
 0001:000321d0       ?apiSetConsoleFontSize@@YAHPEAXHHPEB_W@Z 00000001800331d0 f   WConsole.obj
 0001:00032340       ?apiFixFontSizeForBufferSize@@YAHPEAXU_COORD@@PEADH@Z 0000000180033340 f   WConsole.obj
 0001:00032a20       ?SetConsoleFontSizeTo@@YAXPEAUHWND__@@HHPEB_WGG@Z 0000000180033a20 f   WConsole.obj
 0001:00033000       ?CreateConsoleData@ConsoleSectionHelper@@QEAAPEAU_CONSOLE_INFO@@XZ 0000000180034000 f i WConsole.obj
 0001:00033060       ?apiPauseConsoleOutput@@YAHPEAUHWND__@@_N@Z 0000000180034060 f   WConsole.obj
 0001:000331c0       ?apiGetConsoleSelectionInfo@@YAHPEAU_CONSOLE_SELECTION_INFO@@@Z 00000001800341c0 f   WConsole.obj
 0001:000332e0       ?MyGetLargestConsoleWindowSize@@YA?AU_COORD@@PEAX@Z 00000001800342e0 f   WConsole.obj
 0001:00033370       ??0MSetConTextAttr@@QEAA@PEAXG@Z 0000000180034370 f   WConsole.obj
 0001:000333f0       ??1MSetConTextAttr@@QEAA@XZ 00000001800343f0 f   WConsole.obj
 0001:00033430       ??0ConsoleSectionHelper@@QEAA@XZ 0000000180034430 f i WConsole.obj
 0001:00033460       ??1ConsoleSectionHelper@@QEAA@XZ 0000000180034460 f i WConsole.obj
 0001:000334c0       ?SearchAppPaths@@YA_NPEB_WAEAUCEStr@@_NPEAU1@@Z 00000001800344c0 f   WFiles.obj
 0001:00033bb0       ?GetFullPathNameEx@@YAPEA_WPEB_W@Z 0000000180034bb0 f   WFiles.obj
 0001:00033cc0       ?FindFileName@@YA_NPEB_WAEAUCEStr@@@Z 0000000180034cc0 f   WFiles.obj
 0001:00033f10       ?MakePathProperCase@@YA_NAEAUCEStr@@@Z 0000000180034f10 f   WFiles.obj
 0001:00034240       ?ReadTextFile@@YAHPEB_WKAEAPEA_WAEAK2K@Z 0000000180035240 f   WFiles.obj
 0001:00034870       ?WriteTextFile@@YAHPEB_W0HK_NPEAK@Z 0000000180035870 f   WFiles.obj
 0001:00034c30       ?FilesExists@@YA_NPEB_W0_NH@Z 0000000180035c30 f   WFiles.obj
 0001:00034e50       ?IsDotsName@@YA_NPEB_W@Z   0000000180035e50 f   WFiles.obj
 0001:00034eb0       ?FileExistSubDir@@YA_NPEB_W0HAEAUCEStr@@@Z 0000000180035eb0 f   WFiles.obj
 0001:000350f0       ?DirectoryExists@@YA_NPEB_W@Z 00000001800360f0 f   WFiles.obj
 0001:00035290       ?MyCreateDirectory@@YA_NPEA_W@Z 0000000180036290 f   WFiles.obj
 0001:000353e0       ?FileCompare@@YA_NPEB_W0@Z 00000001800363e0 f   WFiles.obj
 0001:000356d0       ?apiCancelSynchronousIo@@YAHPEAX@Z 00000001800366d0 f   WFiles.obj
 0001:00035790       ?HasZoneIdentifier@@YA_NPEB_WAEAH@Z 0000000180036790 f   WFiles.obj
 0001:000358e0       ?DropZoneIdentifier@@YA_NPEB_WAEAK@Z 00000001800368e0 f   WFiles.obj
 0001:00035a10       ?IsModuleValid@@YA_NPEAUHINSTANCE__@@H@Z 0000000180036a10 f   WModuleCheck.obj
 0001:00035bb0       ?CheckCallbackPtr@@YA_NPEAUHINSTANCE__@@_KPEAP6A_JXZHHH@Z 0000000180036bb0 f   WModuleCheck.obj
 0001:00035da0       ?getWindowInfo@@YAXPEAUHWND__@@AEAY0EAA@_W_NPEAK@Z 0000000180036da0 f   WObjects.obj
 0001:00035fb0       ?FileExists@@YA_NPEB_WPEAK@Z 0000000180036fb0 f   WObjects.obj
 0001:000361d0       ?apiSearchPath@@YAHPEB_W00AEAUCEStr@@@Z 00000001800371d0 f   WObjects.obj
 0001:00036390       ?apiGetFullPathName@@YAHPEB_WAEAUCEStr@@@Z 0000000180037390 f   WObjects.obj
 0001:00036510       ?FileSearchInDir@@YA_NPEB_WAEAUCEStr@@@Z 0000000180037510 f   WObjects.obj
 0001:00036730       ?FileExistsSearch@@YA_NPEB_WAEAUCEStr@@_N2@Z 0000000180037730 f   WObjects.obj
 0001:00036870       ?GetShortFileName@@YA_NPEB_WHPEA_WH@Z 0000000180037870 f   WObjects.obj
 0001:00036af0       ?GetShortFileNameEx@@YAPEA_WPEB_WH@Z 0000000180037af0 f   WObjects.obj
 0001:00037030       ?GetModulePathName@@YAKPEAUHINSTANCE__@@AEAUCEStr@@@Z 0000000180038030 f   WObjects.obj
 0001:00037100       ?IsWine@@YA_NXZ            0000000180038100 f   WObjects.obj
 0001:00037290       ?IsWinPE@@YA_NXZ           0000000180038290 f   WObjects.obj
 0001:00037340       ?GetOsVersionInformational@@YA_NPEAU_OSVERSIONINFOW@@@Z 0000000180038340 f   WObjects.obj
 0001:00037380       ?IsWinVerOrHigher@@YA_NG@Z 0000000180038380 f   WObjects.obj
 0001:00037450       ?IsWinVerEqual@@YA_NG@Z    0000000180038450 f   WObjects.obj
 0001:00037520       ?IsWin2kEql@@YA_NXZ        0000000180038520 f   WObjects.obj
 0001:00037580       ?IsWin5family@@YA_NXZ      0000000180038580 f   WObjects.obj
 0001:00037640       ?IsWinXPSP1@@YA_NXZ        0000000180038640 f   WObjects.obj
 0001:00037730       ?IsWin6@@YA_NXZ            0000000180038730 f   WObjects.obj
 0001:00037790       ?IsWin7@@YA_NXZ            0000000180038790 f   WObjects.obj
 0001:000377f0       ?IsWin8@@YA_NXZ            00000001800387f0 f   WObjects.obj
 0001:00037850       ?IsWin8_1@@YA_NXZ          0000000180038850 f   WObjects.obj
 0001:000378b0       ?IsWin10@@YA_NXZ           00000001800388b0 f   WObjects.obj
 0001:00037990       ?IsDbcs@@YA_NXZ            0000000180038990 f   WObjects.obj
 0001:000379d0       ?IsWindows64@@YA_NXZ       00000001800389d0 f   WObjects.obj
 0001:00037a00       ?IsHwFullScreenAvailable@@YA_NXZ 0000000180038a00 f   WObjects.obj
 0001:00037a90       ?IsVsNetHostExe@@YA_NPEB_W@Z 0000000180038a90 f   WObjects.obj
 0001:00037b30       ?IsGDB@@YA_NPEB_W@Z        0000000180038b30 f   WObjects.obj
 0001:00037ba0       ?GetProcessBits@@YAHKPEAX@Z 0000000180038ba0 f   WObjects.obj
 0001:00037cf0       ?GetProcessInfo@@YA_NKPEAUtagPROCESSENTRY32W@@@Z 0000000180038cf0 f   WObjects.obj
 0001:00037de0       ?isTerminalMode@@YA_NXZ    0000000180038de0 f   WObjects.obj
 0001:00038130       ?ExpandMacroValues@@YAPEA_WPEB_WPEAPEB_W_K@Z 0000000180039130 f   WObjects.obj
 0001:00038380       ?ExpandEnvStr@@YAPEA_WPEB_W@Z 0000000180039380 f   WObjects.obj
 0001:00038490       ?GetEnvVar@@YAPEA_WPEB_W@Z 0000000180039490 f   WObjects.obj
 0001:00038580       ?GetComspecFromEnvVar@@YAPEB_WPEA_WKW4ComSpecBits@@@Z 0000000180039580 f   WObjects.obj
 0001:000388e0       ?GetComspec@@YAPEA_WPEBUConEmuComspec@@@Z 00000001800398e0 f   WObjects.obj
 0001:00038ba0       ?IsExportEnvVarAllowed@@YA_NPEB_W@Z 0000000180039ba0 f   WObjects.obj
 0001:00038c20       ?ApplyExportEnvVar@@YAXPEB_W@Z 0000000180039c20 f   WObjects.obj
 0001:00038ce0       ?CoordInSmallRect@@YA_NAEBU_COORD@@AEBU_SMALL_RECT@@@Z 0000000180039ce0 f   WObjects.obj
 0001:00038d60       ?GetCpFromString@@YAIPEB_WPEAPEB_W@Z 0000000180039d60 f   WObjects.obj
 0001:00038fc0       ??$wcscpy_c@$0EAA@@@YAHAEAY0EAA@_WPEB_W@Z 0000000180039fc0 f i WObjects.obj
 0001:00038ff0       ??$wcscpy_c@$0BAA@@@YAHAEAY0BAA@_WPEB_W@Z 0000000180039ff0 f i WObjects.obj
 0001:00039020       ?apiThreadHelper@@YAKPEAX@Z 000000018003a020 f   WThreads.obj
 0001:00039210       ?apiCreateThread@@YAPEAXP6AKPEAX@Z0PEAKPEBDH@Z 000000018003a210 f   WThreads.obj
 0001:00039410       ??0ConEmuThreadStartArg@@QEAA@P6AKPEAX@Z0K@Z 000000018003a410 f i WThreads.obj
 0001:00039470       ?apiTerminateThreadEx@@YAHPEAXKPEBDH@Z 000000018003a470 f   WThreads.obj
 0001:00039600       ?SetThreadName@@YAXKPEAD@Z 000000018003a600 f   WThreads.obj
 0001:00039660       ?apiSetForegroundWindow@@YA_NPEAUHWND__@@@Z 000000018003a660 f   WUser.obj
 0001:000396a0       ?apiShowWindow@@YA_NPEAUHWND__@@H@Z 000000018003a6a0 f   WUser.obj
 0001:000396e0       ?apiShowWindowAsync@@YA_NPEAUHWND__@@H@Z 000000018003a6e0 f   WUser.obj
 0001:00039720       ?IsUserAdmin@@YA_NXZ       000000018003a720 f   WUser.obj
 0001:00039880       ?GetLogonSID@@YA_NPEAXPEAPEA_W@Z 000000018003a880 f   WUser.obj
 0001:000399e0       ?DuplicateProcessHandle@@YAPEAXK@Z 000000018003a9e0 f   WUser.obj
 0001:00039a70       ?FindComspec@@YAXPEAUConEmuComspec@@_N@Z 000000018003aa70 f   WUser.obj
 0001:0003a660       ?UpdateComspec@@YAXPEAUConEmuComspec@@_N@Z 000000018003b660 f   WUser.obj
 0001:0003ab10       ?SetEnvVarExpanded@@YAXPEB_W0@Z 000000018003bb10 f   WUser.obj
 0001:0003ad5c       lstrlenW                   000000018003bd5c f   kernel32:KERNEL32.dll
 0001:0003ad62       SetEnvironmentVariableW    000000018003bd62 f   kernel32:KERNEL32.dll
 0001:0003ad68       lstrcpynW                  000000018003bd68 f   kernel32:KERNEL32.dll
 0001:0003ad6e       lstrcmpiW                  000000018003bd6e f   kernel32:KERNEL32.dll
 0001:0003ad74       lstrcmpW                   000000018003bd74 f   kernel32:KERNEL32.dll
 0001:0003ad7a       GetCurrentDirectoryW       000000018003bd7a f   kernel32:KERNEL32.dll
 0001:0003ad80       GetProcAddress             000000018003bd80 f   kernel32:KERNEL32.dll
 0001:0003ad86       GetModuleHandleW           000000018003bd86 f   kernel32:KERNEL32.dll
 0001:0003ad8c       GetModuleFileNameW         000000018003bd8c f   kernel32:KERNEL32.dll
 0001:0003ad92       SetNamedPipeHandleState    000000018003bd92 f   kernel32:KERNEL32.dll
 0001:0003ad98       GetCurrentProcessId        000000018003bd98 f   kernel32:KERNEL32.dll
 0001:0003ad9e       Sleep                      000000018003bd9e f   kernel32:KERNEL32.dll
 0001:0003ada4       SetLastError               000000018003bda4 f   kernel32:KERNEL32.dll
 0001:0003adaa       WaitNamedPipeW             000000018003bdaa f   kernel32:KERNEL32.dll
 0001:0003adb0       WaitForSingleObject        000000018003bdb0 f   kernel32:KERNEL32.dll
 0001:0003adb6       GetLastError               000000018003bdb6 f   kernel32:KERNEL32.dll
 0001:0003adbc       CreateFileW                000000018003bdbc f   kernel32:KERNEL32.dll
 0001:0003adc2       GetTickCount               000000018003bdc2 f   kernel32:KERNEL32.dll
 0001:0003adc8       IsDebuggerPresent          000000018003bdc8 f   kernel32:KERNEL32.dll
 0001:0003adce       GetCurrentThreadId         000000018003bdce f   kernel32:KERNEL32.dll
 0001:0003add4       ReadFile                   000000018003bdd4 f   kernel32:KERNEL32.dll
 0001:0003adda       CloseHandle                000000018003bdda f   kernel32:KERNEL32.dll
 0001:0003ade0       TransactNamedPipe          000000018003bde0 f   kernel32:KERNEL32.dll
 0001:0003ade6       WriteFile                  000000018003bde6 f   kernel32:KERNEL32.dll
 0001:0003adec       GetConsoleWindow           000000018003bdec f   kernel32:KERNEL32.dll
 0001:0003adf2       UnmapViewOfFile            000000018003bdf2 f   kernel32:KERNEL32.dll
 0001:0003adf8       MapViewOfFile              000000018003bdf8 f   kernel32:KERNEL32.dll
 0001:0003adfe       OpenFileMappingW           000000018003bdfe f   kernel32:KERNEL32.dll
 0001:0003ae04       CreateFileMappingW         000000018003be04 f   kernel32:KERNEL32.dll
 0001:0003ae0a       LoadLibraryW               000000018003be0a f   kernel32:KERNEL32.dll
 0001:0003ae10       VirtualProtect             000000018003be10 f   kernel32:KERNEL32.dll
 0001:0003ae16       lstrcpyW                   000000018003be16 f   kernel32:KERNEL32.dll
 0001:0003ae1c       MultiByteToWideChar        000000018003be1c f   kernel32:KERNEL32.dll
 0001:0003ae22       lstrcpynA                  000000018003be22 f   kernel32:KERNEL32.dll
 0001:0003ae28       lstrlenA                   000000018003be28 f   kernel32:KERNEL32.dll
 0001:0003ae2e       WideCharToMultiByte        000000018003be2e f   kernel32:KERNEL32.dll
 0001:0003ae34       lstrcpyA                   000000018003be34 f   kernel32:KERNEL32.dll
 0001:0003ae3a       Module32NextW              000000018003be3a f   kernel32:KERNEL32.dll
 0001:0003ae40       Module32FirstW             000000018003be40 f   kernel32:KERNEL32.dll
[...]
 0003:00003168       ?hkFunc@@3UHkFunc@@A       000000018005b168     HkFunc.obj
 0003:00003170       ?AssertMsgBox@@3P6AHPEB_WI0PEAUHWND__@@_N@ZEA 000000018005b170     MAssert.obj
 0003:00003178       ?gfnHooksUnlockerProc@@3P6A_N_N@ZEA 000000018005b178     MAssert.obj
 0003:00003180       ?ghHeap@@3PEAXEA           000000018005b180     Memory.obj
 0003:00003188       ?gNullDesc@@3PEAVMNullDesc@@EA 000000018005b188     MSecurity.obj
 0003:00003190       ?gbNeedBgActivate@@3HA     000000018005b190     PluginBackground.obj
 0003:00003194       ?gbBgPluginsAllowed@@3HA   000000018005b194     PluginBackground.obj
 0003:00003198       ?gpBgPlugin@@3PEAVCPluginBackground@@EA 000000018005b198     PluginBackground.obj
 0003:000031a0       ?gszPluginServerPipe@@3PA_WA 000000018005b1a0     PluginSrv.obj
 0003:000033a8       ?gpPlugServer@@3PEAU?$PipeServer@UCESERVER_REQ@@@@EA 000000018005b3a8     PluginSrv.obj
 0003:000033b0       ?ghServerTerminateEvent@@3PEAXEA 000000018005b3b0     PluginSrv.obj
 0003:000033b8       ?gbForcedServerTermination@@3_NA 000000018005b3b8     PluginSrv.obj
 0003:000033c0       ?g_LastSetConsoleFont@@3UMY_CONSOLE_FONT_INFOEX@@A 000000018005b3c0     WConsole.obj
 0003:00003418       ?gsMapHelper@@3UConsoleSectionHelper@@A 000000018005b418     WConsole.obj
 0003:000034c0       ?gfnSearchAppPaths@@3P6A_NPEB_WAEAUCEStr@@_NPEAU1@@ZEA 000000018005b4c0     WObjects.obj
 0003:0000bd10       ?g_ThreadsIdx@@3JA         0000000180063d10     WThreads.obj
 0003:0000bd1c       __error_mode               0000000180063d1c     LIBCMT:dllcrt0.obj
 0003:0000bd20       _aenvptr                   0000000180063d20     LIBCMT:dllcrt0.obj
 0003:0000bd28       _wenvptr                   0000000180063d28     LIBCMT:dllcrt0.obj
 0003:0000bd30       __app_type                 0000000180063d30     LIBCMT:dllcrt0.obj
 0003:0000c060       __pPurecall                0000000180064060     LIBCMT:inithelp.obj
 0003:0000c070       __mbulinfo                 0000000180064070     LIBCMT:mbctype.obj
 0003:0000c07c       __mbcodepage               000000018006407c     LIBCMT:mbctype.obj
 0003:0000c080       __ismbcodepage             0000000180064080     LIBCMT:mbctype.obj
 0003:0000c084       __mblcid                   0000000180064084     LIBCMT:mbctype.obj
 0003:0000c088       __locale_changed           0000000180064088     LIBCMT:setlocal.obj
 0003:0000c090       __lc_handle                0000000180064090     LIBCMT:nlsdata2.obj
 0003:0000c0a8       __lc_codepage              00000001800640a8     LIBCMT:nlsdata2.obj
 0003:0000c0ac       __lc_collate_cp            00000001800640ac     LIBCMT:nlsdata2.obj
 0003:0000c0b0       __pInvalidArgHandler       00000001800640b0     LIBCMT:invarg.obj
 0003:0000c0b8       _maxwait                   00000001800640b8     LIBCMT:crtheap.obj
 0003:0000c0c0       _umaskval                  00000001800640c0     LIBCMT:crt0dat.obj
 0003:0000c0c4       __argc                     00000001800640c4     LIBCMT:crt0dat.obj
 0003:0000c0c8       __argv                     00000001800640c8     LIBCMT:crt0dat.obj
 0003:0000c0d0       __wargv                    00000001800640d0     LIBCMT:crt0dat.obj
 0003:0000c0d8       _environ                   00000001800640d8     LIBCMT:crt0dat.obj
 0003:0000c0e0       __initenv                  00000001800640e0     LIBCMT:crt0dat.obj
 0003:0000c0e8       _wenviron                  00000001800640e8     LIBCMT:crt0dat.obj
 0003:0000c0f0       __winitenv                 00000001800640f0     LIBCMT:crt0dat.obj
 0003:0000c0f8       _pgmptr                    00000001800640f8     LIBCMT:crt0dat.obj
 0003:0000c100       _wpgmptr                   0000000180064100     LIBCMT:crt0dat.obj
 0003:0000c108       _exitflag                  0000000180064108     LIBCMT:crt0dat.obj
 0003:0000c10c       _C_Termination_Done        000000018006410c     LIBCMT:crt0dat.obj
 0003:0000c110       _C_Exit_Done               0000000180064110     LIBCMT:crt0dat.obj
 0003:0000c230       _crtheap                   0000000180064230     LIBCMT:heapinit.obj
 0003:0000c4cc       __lconv_static_null        00000001800644cc     LIBCMT:lconv.obj
 0003:0000c4d0       ?__pInconsistency@@3P6AXXZEA 00000001800644d0     LIBCMT:hooks.obj
 0003:0000c4e8       ?_pnhHeap@@3P6AH_K@ZEA     00000001800644e8     LIBCMT:handler.obj
 0003:0000cb1c       _newmode                   0000000180064b1c     LIBCMT:_newmode.obj
 0003:0000cb24       _debugger_hook_dummy       0000000180064b24     <common>
 0003:0000cb28       _nhandle                   0000000180064b28     <common>
 0003:0000cb40       __pioinfo                  0000000180064b40     <common>
 0003:0000cd40       __env_initialized          0000000180064d40     <common>
 0003:0000cd48       __onexitend                0000000180064d48     <common>
 0003:0000cd50       __onexitbegin              0000000180064d50     <common>
 0003:0000cd58       __mbctype_initialized      0000000180064d58     <common>
 0003:0000cd60       _FPinit                    0000000180064d60     <common>
 0003:0000cd68       __dyn_tls_init_callback    0000000180064d68     <common>
 0003:0000cd70       __setlc_active             0000000180064d70     <common>
 0003:0000cd74       __unguarded_readlc_active  0000000180064d74     <common>
 0003:0000cd78       _acmdln                    0000000180064d78     <common>
 0003:0000cd80       _pDestructExceptionObject  0000000180064d80     <common>

 entry point at        0001:0003c3fc

 Static symbols

 0001:00000880       ?StringValidateDestW@@YAJPEB_W_K_K@Z 0000000180001880 f   CEStr.obj
 0001:000008c0       ?StringCopyWorkerW@@YAJPEA_W_KPEA_KPEB_W1@Z 00000001800018c0 f   CEStr.obj
 0001:000058b0       ?StringValidateDestW@@YAJPEB_W_K_K@Z 00000001800068b0 f   ConEmuCheck.obj
 0001:000058f0       ?StringCopyWorkerW@@YAJPEA_W_KPEA_KPEB_W1@Z 00000001800068f0 f   ConEmuCheck.obj
 0001:00007a70       ?StringValidateDestW@@YAJPEB_W_K_K@Z 0000000180008a70 f   ConEmuCheckEx.obj
 0001:00007ab0       ?StringCopyWorkerW@@YAJPEA_W_KPEA_KPEB_W1@Z 0000000180008ab0 f   ConEmuCheckEx.obj
 0001:00007cc0       ?StringValidateDestAndLengthW@@YAJPEB_W_KPEA_K_K@Z 0000000180008cc0 f   ConEmuCheckEx.obj
 0001:00007d30       ?StringLengthWorkerW@@YAJPEB_W_KPEA_K@Z 0000000180008d30 f   ConEmuCheckEx.obj
 0001:00008590       ?StringValidateDestW@@YAJPEB_W_K_K@Z 0000000180009590 f   ConEmuInjects.obj
 0001:000085d0       ?StringCopyWorkerW@@YAJPEA_W_KPEA_KPEB_W1@Z 00000001800095d0 f   ConEmuInjects.obj
 0001:00009370       ?ChangeExports@@YA_NPEBUExportFunc@@PEAUHINSTANCE__@@@Z 000000018000a370 f   ConEmuPlugin.obj
 0001:0000d120       ?GetFarSetting@@YAHPEAX_KPEB_W@Z 000000018000e120 f   ConEmuPlugin1900.obj
 0001:0000d490       ?CallGuiMacroProc@@YAXXZ   000000018000e490 f   ConEmuPlugin1900.obj
 0001:0000d8e0       ?CallGuiMacroDlg@@YA_JPEAXHH0@Z 000000018000e8e0 f   ConEmuPlugin1900.obj
 0001:0000dfe0       ?MAKEFARVERSION@@YA?AUVersionInfo@@KKKKW4VERSION_STAGE@@@Z 000000018000efe0 f   ConEmuPlugin2800.obj
 0001:0000fbf0       ?WExists@@YA_JAEBUWindowInfo@@AEBV?$MArray@UWindowInfo@@@@@Z 0000000180010bf0 f   ConEmuPlugin2800.obj
 0001:0000fc90       ?WLoadWindows@@YA_JAEAV?$MArray@UWindowInfo@@@@H@Z 0000000180010c90 f   ConEmuPlugin2800.obj
 0001:00011370       ?GetFarSetting@@YAHPEAX_KPEB_W@Z 0000000180012370 f   ConEmuPlugin2800.obj
 0001:00011700       ?CallGuiMacroProc@@YAXXZ   0000000180012700 f   ConEmuPlugin2800.obj
 0001:00011b40       ?CallGuiMacroDlg@@YA_JPEAX_J10@Z 0000000180012b40 f   ConEmuPlugin2800.obj
 0001:00012160       ?FreeMacroResult@@YAXPEAXPEAUFarMacroValue@@_K@Z 0000000180013160 f   ConEmuPlugin2800.obj
 0001:00014e10       ?CallGuiMacroProc@@YAXXZ   0000000180015e10 f   ConEmuPlugin995.obj
 0001:00015210       ?CallGuiMacroDlg@@YA_JPEAXHH_J@Z 0000000180016210 f   ConEmuPlugin995.obj
 0001:00017840       ?CallGuiMacroProc@@YAXXZ   0000000180018840 f   ConEmuPluginA.obj
 0001:00017c60       ?CallGuiMacroDlg@@YA_JPEAXHH_J@Z 0000000180018c60 f   ConEmuPluginA.obj
 0001:00018c30       ?LoadFarVersion@@YA_NAEAUFarVersion@@AEAY0CAA@_W@Z 0000000180019c30 f   ConEmuPluginBase.obj
 0001:00018cd0       ?SetDefaultFarVersion@@YAXAEAUFarVersion@@@Z 0000000180019cd0 f   ConEmuPluginBase.obj
 0001:00018d30       ?LoadFarVersion@@YA_NPEB_WAEAUFarVersion@@AEAY0CAA@_W@Z 0000000180019d30 f   ConEmuPluginBase.obj
 0001:00018da0       ?LoadAppVersion@@YA_NPEB_WAEAUtagVS_FIXEDFILEINFO@@AEAY0CAA@_W@Z 0000000180019da0 f   ConEmuPluginBase.obj
 0001:00018de0       ?LoadModuleVersion@@YA_NPEB_WAEAUtagVS_FIXEDFILEINFO@@PEA_W_K@Z 0000000180019de0 f   ConEmuPluginBase.obj
 0001:000190c0       ?StringValidateDestW@@YAJPEB_W_K_K@Z 000000018001a0c0 f   ConEmuPluginBase.obj
 0001:00019100       ?StringValidateDestAndLengthW@@YAJPEB_W_KPEA_K_K@Z 000000018001a100 f   ConEmuPluginBase.obj
 0001:00019170       ?StringLengthWorkerW@@YAJPEB_W_KPEA_K@Z 000000018001a170 f   ConEmuPluginBase.obj
 0001:00019210       ?StringCopyWorkerW@@YAJPEA_W_KPEA_KPEB_W1@Z 000000018001a210 f   ConEmuPluginBase.obj
 0001:00019300       ?ConvertVersionToFarVersion@@YAXAEBUtagVS_FIXEDFILEINFO@@AEAUFarVersion@@@Z 000000018001a300 f   ConEmuPluginBase.obj
 0001:00025f70       ?StringValidateDestW@@YAJPEB_W_K_K@Z 0000000180026f70 f   Execute.obj
 0001:00025fb0       ?StringCopyWorkerW@@YAJPEA_W_KPEA_KPEB_W1@Z 0000000180026fb0 f   Execute.obj
 0001:00026730       ?FindMonitor@impl@?L@??MonitorFromParam@@YAPEAUHMONITOR__@@PEB_W@Z@SAHPEAU3@PEAUHDC__@@PEAUtagRECT@@_J@Z 0000000180027730 f   Monitors.obj
 0001:000292e0       ?StringValidateDestA@@YAJPEBD_K_K@Z 000000018002a2e0 f   MStrDup.obj
 0001:00029320       ?StringCopyWorkerA@@YAJPEAD_KPEA_KPEBD1@Z 000000018002a320 f   MStrDup.obj
 0001:000294a0       ?StringValidateDestW@@YAJPEB_W_K_K@Z 000000018002a4a0 f   MStrDup.obj
 0001:000294e0       ?StringCopyWorkerW@@YAJPEA_W_KPEA_KPEB_W1@Z 000000018002a4e0 f   MStrDup.obj
 0001:0002de30       ?StringValidateDestW@@YAJPEB_W_K_K@Z 000000018002ee30 f   PluginBackground.obj
 0001:0002de70       ?StringCopyWorkerW@@YAJPEA_W_KPEA_KPEB_W1@Z 000000018002ee70 f   PluginBackground.obj
 0001:000314e0       ?StringValidateDestW@@YAJPEB_W_K_K@Z 00000001800324e0 f   PluginSrv.obj
 0001:00031520       ?StringCopyWorkerW@@YAJPEA_W_KPEA_KPEB_W1@Z 0000000180032520 f   PluginSrv.obj
 0001:000369c0       ?StringValidateDestW@@YAJPEB_W_K_K@Z 00000001800379c0 f   WObjects.obj
 0001:00036a00       ?StringCopyWorkerW@@YAJPEA_W_KPEA_KPEB_W1@Z 0000000180037a00 f   WObjects.obj
 0001:000371b0       ?CheckRegKeyExist@@YA_NPEAURegKeyExistArg@@@Z 00000001800381b0 f   WObjects.obj
 0001:000387d0       ?StringValidateDestAndLengthW@@YAJPEB_W_KPEA_K_K@Z 00000001800397d0 f   WObjects.obj
 0001:00038840       ?StringLengthWorkerW@@YAJPEB_W_KPEA_K@Z 0000000180039840 f   WObjects.obj
 0001:0003ac30       ?StringValidateDestW@@YAJPEB_W_K_K@Z 000000018003bc30 f   WUser.obj
 0001:0003ac70       ?StringCopyWorkerW@@YAJPEA_W_KPEA_KPEB_W1@Z 000000018003bc70 f   WUser.obj
 0001:0003b9dc       ?wcstoxl@@YAKPEAUlocaleinfo_struct@@PEB_WPEAPEB_WHH@Z 000000018003c9dc f   LIBCMT:wcstol.obj
 0001:0003bcd4       _onexit_nolock             000000018003ccd4 f   LIBCMT:onexit.obj
 0001:0003c2e4       __DllMainCRTStartup        000000018003d2e4 f   LIBCMT:dllcrt0.obj
 0001:0003cd68       ?CPtoLCID@@YAHH@Z          000000018003dd68 f   LIBCMT:mbctype.obj
 0001:0003cd9c       ?setSBCS@@YAXPEAUthreadmbcinfostruct@@@Z 000000018003dd9c f   LIBCMT:mbctype.obj
 0001:0003ce30       ?setSBUpLow@@YAXPEAUthreadmbcinfostruct@@@Z 000000018003de30 f   LIBCMT:mbctype.obj
 0001:0003d0d0       ?getSystemCP@@YAHH@Z       000000018003e0d0 f   LIBCMT:mbctype.obj
 0001:0003d914       _copytlocinfo_nolock       000000018003e914 f   LIBCMT:setlocal.obj
 0001:0003d948       _updatetlocinfoEx_nolock   000000018003e948 f   LIBCMT:setlocal.obj
 0001:0003da94       sync_legacy_variables_lk   000000018003ea94 f   LIBCMT:setlocal.obj
 0001:0003deb0       _setlocale_get_all         000000018003eeb0 f   LIBCMT:setlocal.obj
 0001:0003e2d8       _setlocale_set_cat         000000018003f2d8 f   LIBCMT:setlocal.obj
 0001:0003e5e0       _setlocale_nolock          000000018003f5e0 f   LIBCMT:setlocal.obj
 0001:0003f5d8       _initterm                  00000001800405d8 f   LIBCMT:crt0dat.obj
 0001:0003f788       doexit                     0000000180040788 f   LIBCMT:crt0dat.obj
 0001:0003ffd8       parse_cmdline              0000000180040fd8 f   LIBCMT:stdargv.obj
 0001:0004053c       xcptlookup                 000000018004153c f   LIBCMT:winxfltr.obj
 0001:0004083c       ctrlevent_capture          000000018004183c f   LIBCMT:winsig.obj
 0001:000408d4       siglookup                  00000001800418d4 f   LIBCMT:winsig.obj
 0001:000420f0       ?__crtGetLocaleInfoW_stat@@YAHPEAUlocaleinfo_struct@@KKPEA_WHH@Z 00000001800430f0 f   LIBCMT:w_loc.obj
 0001:00042198       ?__crtGetLocaleInfoA_stat@@YAHPEAUlocaleinfo_struct@@KKPEADHH@Z 0000000180043198 f   LIBCMT:a_loc.obj
 0001:00042420       ?strncnt@@YAHPEBDH@Z       0000000180043420 f   LIBCMT:a_map.obj
 0001:0004243c       ?__crtLCMapStringA_stat@@YAHPEAUlocaleinfo_struct@@KKPEBDHPEADHHH@Z 000000018004343c f   LIBCMT:a_map.obj
 0001:00042a14       ?__crtGetStringTypeA_stat@@YAHPEAUlocaleinfo_struct@@KPEBDHPEAGHHH@Z 0000000180043a14 f   LIBCMT:a_str.obj
 0001:00042d50       _get_lc_time               0000000180043d50 f   LIBCMT:inittime.obj
 0001:0004360c       fix_grouping               000000018004460c f   LIBCMT:initnum.obj
 0001:0004389c       fix_grouping               000000018004489c f   LIBCMT:initmon.obj
 0001:000448ec       ?_store_str@@YAXPEADPEAPEADPEA_K@Z 00000001800458ec f   LIBCMT:strftime.obj
 0001:00044910       ?_store_number@@YAXHPEAPEADPEA_K@Z 0000000180045910 f   LIBCMT:strftime.obj
 0001:00044974       ?_store_num@@YAXHHPEAPEADPEA_KI@Z 0000000180045974 f   LIBCMT:strftime.obj
 0001:00044a50       ?_expandtime@@YAHPEAUlocaleinfo_struct@@DPEBUtm@@PEAPEADPEA_KPEAU__lc_time_data@@I@Z 0000000180045a50 f   LIBCMT:strftime.obj
 0001:000450ac       ?_store_winword@@YAHPEAUlocaleinfo_struct@@HPEBUtm@@PEAPEADPEA_KPEAU__lc_time_data@@@Z 00000001800460ac f   LIBCMT:strftime.obj
 0001:00045a30       TranslateName              0000000180046a30 f   LIBCMT:getqloc.obj
 0001:00045ac8       GetLcidFromDefault         0000000180046ac8 f   LIBCMT:getqloc.obj
 0001:00045aec       ProcessCodePage            0000000180046aec f   LIBCMT:getqloc.obj
 0001:00045bb4       TestDefaultCountry         0000000180046bb4 f   LIBCMT:getqloc.obj
 0001:00045bdc       LcidFromHexString          0000000180046bdc f   LIBCMT:getqloc.obj
 0001:00045c18       GetPrimaryLen              0000000180046c18 f   LIBCMT:getqloc.obj
 0001:00045c34       CountryEnumProc            0000000180046c34 f   LIBCMT:getqloc.obj
 0001:00045d1c       TestDefaultLanguage        0000000180046d1c f   LIBCMT:getqloc.obj
 0001:00045dd0       LangCountryEnumProc        0000000180046dd0 f   LIBCMT:getqloc.obj
 0001:00046064       LanguageEnumProc           0000000180047064 f   LIBCMT:getqloc.obj
 0001:00046174       GetLcidFromCountry         0000000180047174 f   LIBCMT:getqloc.obj
 0001:000461b4       GetLcidFromLangCountry     00000001800471b4 f   LIBCMT:getqloc.obj
 0001:00046248       GetLcidFromLanguage        0000000180047248 f   LIBCMT:getqloc.obj
 0001:00046684       ?__crtGetStringTypeW_stat@@YAHPEAUlocaleinfo_struct@@KPEB_WHPEAGHH@Z 0000000180047684 f   LIBCMT:w_str.obj
 0001:00046d14       ?x_ismbbtype_l@@YAHPEAUlocaleinfo_struct@@IHH@Z 0000000180047d14 f   LIBCMT:ismbbyte.obj
 0001:00047738       _tzset_nolock              0000000180048738 f   LIBCMT:tzset.obj
 0001:00047bd8       cvtdate                    0000000180048bd8 f   LIBCMT:tzset.obj
 0001:00047e90       _isindst_nolock            0000000180048e90 f   LIBCMT:tzset.obj
 0001:000487d0       xtoa_s                     00000001800497d0 f   LIBCMT:xtoas.obj
 0001:00048934       x64toa_s                   0000000180049934 f   LIBCMT:xtoas.obj
 0001:00048b24       _getenv_s_helper           0000000180049b24 f   LIBCMT:getenv.obj
 0001:00048bf8       _dupenv_s_helper           0000000180049bf8 f   LIBCMT:getenv.obj
 0001:00049180       ?strtoxl@@YAKPEAUlocaleinfo_struct@@PEBDPEAPEBDHH@Z 000000018004a180 f   LIBCMT:strtol.obj
 0001:000494b4       ?strtoxq@@YA_KPEAUlocaleinfo_struct@@PEBDPEAPEBDHH@Z 000000018004a4b4 f   LIBCMT:strtoq.obj
 0001:00049a48       ?strncnt@@YAHPEBDH@Z       000000018004aa48 f   LIBCMT:a_cmp.obj
 0001:00049a64       ?__crtCompareStringA_stat@@YAHPEAUlocaleinfo_struct@@KKPEBDH1HH@Z 000000018004aa64 f   LIBCMT:a_cmp.obj
 0001:0004a108       findenv                    000000018004b108 f   LIBCMT:setenv.obj
 0001:0004a18c       copy_environ               000000018004b18c f   LIBCMT:setenv.obj
 0001:0004a8c0       ?filt$0@?0??SetThreadName@@YAXKPEAD@Z@4HA 000000018004b8c0 f   WThreads.obj
 0001:0004a8d4       _onexit$fin$0              000000018004b8d4 f   LIBCMT:onexit.obj
 0001:0004a8e8       __DllMainCRTStartup$filt$0 000000018004b8e8 f   LIBCMT:dllcrt0.obj
 0001:0004a904       _initptd$fin$1             000000018004b904 f   LIBCMT:tidtable.obj
 0001:0004a924       _initptd$fin$0             000000018004b924 f   LIBCMT:tidtable.obj
 0001:0004a93d       _freefls$fin$1             000000018004b93d f   LIBCMT:tidtable.obj
 0001:0004a95d       _freefls$fin$0             000000018004b95d f   LIBCMT:tidtable.obj
 0001:0004a976       __updatetmbcinfo$fin$0     000000018004b976 f   LIBCMT:mbctype.obj
 0001:0004a98f       _setmbcp$fin$0             000000018004b98f f   LIBCMT:mbctype.obj
 0001:0004a9a8       __updatetlocinfo$fin$0     000000018004b9a8 f   LIBCMT:setlocal.obj
 0001:0004a9c1       _free_locale$fin$1         000000018004b9c1 f   LIBCMT:setlocal.obj
 0001:0004a9e1       _free_locale$fin$0         000000018004b9e1 f   LIBCMT:setlocal.obj
 0001:0004a9fa       _get_current_locale$fin$1  000000018004b9fa f   LIBCMT:setlocal.obj
 0001:0004aa1a       _get_current_locale$fin$0  000000018004ba1a f   LIBCMT:setlocal.obj
 0001:0004aa33       setlocale$fin$1            000000018004ba33 f   LIBCMT:setlocal.obj
 0001:0004aa53       setlocale$fin$0            000000018004ba53 f   LIBCMT:setlocal.obj
 0001:0004aa73       setlocale$fin$2            000000018004ba73 f   LIBCMT:setlocal.obj
 0001:0004aa8d       doexit$fin$0               000000018004ba8d f   LIBCMT:crt0dat.obj
 0001:0004aab0       _IsNonwritableInCurrentImage$filt$0 000000018004bab0 f   LIBCMT:pesect.obj
 0001:0004aad1       ctrlevent_capture$fin$0    000000018004bad1 f   LIBCMT:winsig.obj
 0001:0004aae7       signal$fin$0               000000018004bae7 f   LIBCMT:winsig.obj
 0001:0004aafd       raise$fin$0                000000018004bafd f   LIBCMT:winsig.obj
 0001:0004ab19       _mtinitlocknum$fin$0       000000018004bb19 f   LIBCMT:mlock.obj
 0001:0004ab35       __crtInitCritSecAndSpinCount$filt$0 000000018004bb35 f   LIBCMT:initcrit.obj
 0001:0004ab57       _tzset_nolock$fin$0        000000018004bb57 f   LIBCMT:tzset.obj
 0001:0004ab70       __tzset$fin$0              000000018004bb70 f   LIBCMT:tzset.obj
 0001:0004ab89       _tzset$fin$0               000000018004bb89 f   LIBCMT:tzset.obj
 0001:0004aba2       _isindst$fin$0             000000018004bba2 f   LIBCMT:tzset.obj
 0001:0004abbb       getenv$fin$0               000000018004bbbb f   LIBCMT:getenv.obj
 0001:0004abd4       getenv_s$fin$0             000000018004bbd4 f   LIBCMT:getenv.obj
 0001:0004abed       _dupenv_s$fin$0            000000018004bbed f   LIBCMT:getenv.obj
 0001:0004ac10       ??__EhkFunc@@YAXXZ         000000018004bc10 f   HkFunc.obj
 0001:0004ac30       ??__EgsMapHelper@@YAXXZ    000000018004bc30 f   WConsole.obj
 0001:0004ac60       ??__FgsMapHelper@@YAXXZ    000000018004bc60 f   WConsole.obj
