 ConEmu.x64

 Timestamp is 56a57bb1 (Mon Jan 25 04:34:41 2016)

 Preferred load address is 0000000180000000

 Start         Length     Name                   Class
 0001:00000000 00049f4aH .text                   CODE
 0001:00049f50 0000005eH .text$00                CODE
 0001:00049fb0 0000034cH .text$x                 CODE
 0001:0004a300 00000015H .text$yc                CODE
 0002:00000000 00000800H .idata$5                DATA
 0002:00000800 00000008H .CRT$XCA                DATA
 0002:00000808 00000008H .CRT$XCU                DATA
 0002:00000810 00000008H .CRT$XCZ                DATA
 0002:00000818 00000008H .CRT$XIA                DATA
 0002:00000820 00000010H .CRT$XIC                DATA
 0002:00000830 00000008H .CRT$XIZ                DATA
 0002:00000838 00000008H .CRT$XPA                DATA
 0002:00000840 00000008H .CRT$XPZ                DATA
 0002:00000848 00000008H .CRT$XTA                DATA
 0002:00000850 00000008H .CRT$XTZ                DATA
 0002:00000860 00006973H .rdata                  DATA
 0002:000071d4 00000073H .rdata$debug            DATA
 0002:00007248 00000008H .rtc$IAA                DATA
 0002:00007250 00000008H .rtc$IZZ                DATA
 0002:00007258 00000008H .rtc$TAA                DATA
 0002:00007260 00000008H .rtc$TZZ                DATA
 0002:00007268 000029fcH .xdata                  DATA
 0002:00009c64 00000078H .idata$2                DATA
 0002:00009cdc 00000014H .idata$3                DATA
 0002:00009cf0 00000800H .idata$4                DATA
 0002:0000a4f0 00001268H .idata$6                DATA
 0002:0000b760 000002e1H .edata                  DATA
 0003:00000000 000012acH .data                   DATA
 0003:000012c0 0000bac8H .bss                    DATA
 0004:00000000 00002e98H .pdata                  DATA
 0005:00000000 00000058H .rsrc$01                DATA
 0005:00000060 000002d8H .rsrc$02                DATA

  Address         Publics by Value              Rva+Base               Lib:Object

 0000:00000000       ___safe_se_handler_count   0000000000000000     <absolute>
 0000:00000000       ___safe_se_handler_table   0000000000000000     <absolute>
 0000:00000000       __ImageBase                0000000180000000     <linker-defined>
 0001:00000000       ??0CEStr@@QEAA@XZ          0000000180001000 f   CEStr.obj
 0001:00000050       ??0CEStr@@QEAA@PEA_W@Z     0000000180001050 f   CEStr.obj
 0001:000000c0       ??BCEStr@@QEBAPEB_WXZ      00000001800010c0 f   CEStr.obj
 0001:000000d0       ?Right@CEStr@@QEBAPEB_W_J@Z 00000001800010d0 f   CEStr.obj
 0001:00000160       ??4CEStr@@QEAAAEAU0@PEA_W@Z 0000000180001160 f   CEStr.obj
 0001:00000190       ??4CEStr@@QEAAAEAU0@PEB_W@Z 0000000180001190 f   CEStr.obj
 0001:000001c0       ??1CEStr@@QEAA@XZ          00000001800011c0 f   CEStr.obj
 0001:00000240       ?GetLen@CEStr@@QEAA_JXZ    0000000180001240 f   CEStr.obj
 0001:00000290       ?GetMaxCount@CEStr@@QEAA_JXZ 0000000180001290 f   CEStr.obj
 0001:000002e0       ?GetBuffer@CEStr@@QEAAPEA_W_J@Z 00000001800012e0 f   CEStr.obj
 0001:00000440       ?Detach@CEStr@@QEAAPEA_WXZ 0000000180001440 f   CEStr.obj
 0001:00000480       ?Attach@CEStr@@QEAAPEB_WPEA_W@Z 0000000180001480 f   CEStr.obj
 0001:000004b0       ?AttachInt@CEStr@@AEAAPEB_WAEAPEA_W@Z 00000001800014b0 f   CEStr.obj
 0001:00000550       ?Empty@CEStr@@QEAAXXZ      0000000180001550 f   CEStr.obj
 0001:000005b0       ?IsEmpty@CEStr@@QEAA_NXZ   00000001800015b0 f   CEStr.obj
 0001:000005f0       ?Set@CEStr@@QEAAPEB_WPEB_W_J@Z 00000001800015f0 f   CEStr.obj
 0001:000006c0       ?StringCchCopyNW@@YAJPEA_W_KPEB_W1@Z 00000001800016c0 f i CEStr.obj
 0001:00000880       ?SavePathVar@CEStr@@QEAAXPEB_W@Z 0000000180001880 f   CEStr.obj
 0001:000008e0       ?SaveEnvVar@CEStr@@QEAAXPEB_W0@Z 00000001800018e0 f   CEStr.obj
 0001:00000990       ?SetAt@CEStr@@QEAAX_J_W@Z  0000000180001990 f   CEStr.obj
 0001:000009e0       ?GetPosFrom@CEStr@@QEAAXAEBU1@@Z 00000001800019e0 f   CEStr.obj
 0001:00000a20       ?IsNeedDequote@@YA_NPEB_W_NPEAPEB_W@Z 0000000180001a20 f   CmdLine.obj
 0001:00000cd0       ?NextArg@@YAHPEAPEB_WAEAUCEStr@@0@Z 0000000180001cd0 f   CmdLine.obj
 0001:00001240       ?NextLine@@YAHPEAPEB_WAEAUCEStr@@K@Z 0000000180002240 f   CmdLine.obj
 0001:00001430       ?AddEndSlash@@YAHPEA_WH@Z  0000000180002430 f   CmdLine.obj
 0001:000014c0       ?SkipNonPrintable@@YAPEB_WPEB_W@Z 00000001800024c0 f   CmdLine.obj
 0001:00001530       ?CompareFileMask@@YA_NPEB_W0@Z 0000000180002530 f   CmdLine.obj
 0001:00001750       ?wcschr@@YAPEA_WPEA_W_W@Z  0000000180002750 f i CmdLine.obj
 0001:00001780       ?GetDrive@@YAPEB_WPEB_WPEA_WH@Z 0000000180002780 f   CmdLine.obj
 0001:00001a30       ?GetDirectory@@YAHAEAUCEStr@@@Z 0000000180002a30 f   CmdLine.obj
 0001:00001ad0       ?IsNeedCmd@@YA_NHPEB_WAEAUCEStr@@PEAPEB_WPEAH333@Z 0000000180002ad0 f   CmdLine.obj
 0001:00002580       ?Disable@MWow64Disable@@QEAAXXZ 0000000180003580 f i CmdLine.obj
 0001:000025c0       ??0MWow64Disable@@QEAA@XZ  00000001800035c0 f i CmdLine.obj
 0001:00002660       ??1MWow64Disable@@QEAA@XZ  0000000180003660 f i CmdLine.obj
 0001:00002680       ?Restore@MWow64Disable@@QEAAXXZ 0000000180003680 f i CmdLine.obj
 0001:000026d0       ?IsExecutable@@YA_NPEB_WPEAPEA_W@Z 00000001800036d0 f   CmdLine.obj
 0001:000027f0       ?CompareProcessNames@@YA_NPEB_W0@Z 00000001800037f0 f   CmdLine.obj
 0001:00002a40       ?CheckProcessName@@YA_NPEB_WPEAPEB_W@Z 0000000180003a40 f   CmdLine.obj
 0001:00002bf0       ?IsConsoleService@@YA_NPEB_W@Z 0000000180003bf0 f   CmdLine.obj
 0001:00002c30       ?IsConEmuGui@@YA_NPEB_W@Z  0000000180003c30 f   CmdLine.obj
 0001:00002c70       ?IsConsoleServer@@YA_NPEB_W@Z 0000000180003c70 f   CmdLine.obj
 0001:00002cb0       ?IsTerminalServer@@YA_NPEB_W@Z 0000000180003cb0 f   CmdLine.obj
 0001:00002d20       ?IsGitBashHelper@@YA_NPEB_W@Z 0000000180003d20 f   CmdLine.obj
 0001:00002d60       ?IsFarExe@@YA_NPEB_W@Z     0000000180003d60 f   CmdLine.obj
 0001:00002da0       ?IsCmdProcessor@@YA_NPEB_W@Z 0000000180003da0 f   CmdLine.obj
 0001:00002de0       ?IsQuotationNeeded@@YA_NPEB_W@Z 0000000180003de0 f   CmdLine.obj
 0001:00002e30       ?MergeCmdLine@@YAPEA_WPEB_W0@Z 0000000180003e30 f   CmdLine.obj
 0001:00002f80       ?JoinPath@@YAPEA_WPEB_W00@Z 0000000180003f80 f   CmdLine.obj
 0001:00003220       ?IsFilePath@@YA_NPEB_W_N@Z 0000000180004220 f   CmdLine.obj
 0001:00003420       ?PointToName@@YAPEB_WPEB_W@Z 0000000180004420 f   CmdLine.obj
 0001:000034d0       ?PointToName@@YAPEBDPEBD@Z 00000001800044d0 f   CmdLine.obj
 0001:00003580       ?PointToExt@@YAPEB_WPEB_W@Z 0000000180004580 f   CmdLine.obj
 0001:000035d0       ?Unquote@@YAPEB_WPEA_W_N@Z 00000001800045d0 f   CmdLine.obj
 0001:00003680       ?wcsrchr@@YAPEA_WPEA_W_W@Z 0000000180004680 f i CmdLine.obj
 0001:000036b0       ?IsNewConsoleArg@@YA_NPEB_W0@Z 00000001800046b0 f   CmdLine.obj
 0001:000037d0       ?PackInputRecord@@YAHPEBU_INPUT_RECORD@@PEAUMsgStr@MSG64@@@Z 00000001800047d0 f   Common.obj
 0001:00003a80       ?UnpackInputRecord@@YAHPEBUMsgStr@MSG64@@PEAU_INPUT_RECORD@@@Z 0000000180004a80 f   Common.obj
 0001:00003d70       ?TranslateKeyPress@@YAXGK_WHPEAU_INPUT_RECORD@@1@Z 0000000180004d70 f   Common.obj
 0001:00003fc0       ?GetCommand@CESERVER_REQ_NEWCMD@@QEAAPEA_WXZ 0000000180004fc0 f   Common.obj
 0001:00004010       ?GetEnvStrings@CESERVER_REQ_NEWCMD@@QEAAPEA_WXZ 0000000180005010 f   Common.obj
 0001:00004060       ?SetCommand@CESERVER_REQ_NEWCMD@@QEAAXPEB_W@Z 0000000180005060 f   Common.obj
 0001:00004100       ?SetEnvStrings@CESERVER_REQ_NEWCMD@@QEAAXPEB_WK@Z 0000000180005100 f   Common.obj
 0001:000042a0       ?IsEnvBlockVariableValid@@YA_NPEB_WAEAPEB_W@Z 00000001800052a0 f   Common.obj
 0001:00004310       ?IsEnvBlockVariableValid@@YA_NPEB_W@Z 0000000180005310 f   Common.obj
 0001:00004360       ?CommonShutdown@@YAXXZ     0000000180005360 f   Common.obj
 0001:00004390       ?ModuleName@@YAPEB_WPEB_W@Z 0000000180005390 f   ConEmuCheck.obj
 0001:00004480       ?ExecuteOpenPipe@@YAPEAXPEB_WAEAY0CAI@_W0KKHPEAXH@Z 0000000180005480 f   ConEmuCheck.obj
 0001:00004780       ?ExecutePrepareCmd@@YAXPEAUCESERVER_REQ@@K_K@Z 0000000180005780 f   ConEmuCheck.obj
 0001:000047e0       ?ExecutePrepareCmd@@YAXPEAUCESERVER_REQ_HDR@@K_K@Z 00000001800057e0 f   ConEmuCheck.obj
 0001:000048b0       ?ExecuteNewCmd@@YAPEAUCESERVER_REQ@@K_K@Z 00000001800058b0 f   ConEmuCheck.obj
 0001:00004920       ?ExecuteNewCmd@@YA_NAEAPEAUCESERVER_REQ@@AEAKK_K@Z 0000000180005920 f   ConEmuCheck.obj
 0001:000049f0       ?LoadSrvMapping@@YAHPEAUHWND__@@AEAUCESERVER_CONSOLE_MAPPING_HDR@@@Z 00000001800059f0 f   ConEmuCheck.obj
 0001:00004b60       ?LoadGuiMapping@@YAHKAEAUConEmuGuiMapping@@@Z 0000000180005b60 f   ConEmuCheck.obj
 0001:00004cc0       ?ExecuteNewCmdOnCreate@@YAPEAUCESERVER_REQ@@PEAUCESERVER_CONSOLE_MAPPING_HDR@@PEAUHWND__@@W4CmdOnCreateType@@PEB_W33PEAK444HHPEAX55@Z 0000000180005cc0 f   ConEmuCheck.obj
 0001:000051b0       ?StringCchCopyW@@YAJPEA_W_KPEB_W@Z 00000001800061b0 f i ConEmuCheck.obj
 0001:00005340       ?ExecuteGuiCmd@@YAPEAUCESERVER_REQ@@PEAUHWND__@@PEAU1@0H@Z 0000000180006340 f   ConEmuCheck.obj
 0001:00005400       ?ExecuteSrvCmd@@YAPEAUCESERVER_REQ@@KPEAU1@PEAUHWND__@@HKH@Z 0000000180006400 f   ConEmuCheck.obj
 0001:000054d0       ?ExecuteHkCmd@@YAPEAUCESERVER_REQ@@KPEAU1@PEAUHWND__@@HH@Z 00000001800064d0 f   ConEmuCheck.obj
 0001:000055a0       ?ExecuteCmd@@YAPEAUCESERVER_REQ@@PEB_WPEAU1@KPEAUHWND__@@HKH@Z 00000001800065a0 f   ConEmuCheck.obj
 0001:000059a0       ?ExecuteFreeResult@@YAXAEAPEAUCESERVER_REQ@@@Z 00000001800069a0 f   ConEmuCheck.obj
 0001:000059e0       ?AllocateSendCurrentDirectory@@YA_NAEAPEAUCESERVER_REQ@@AEAKPEB_W2@Z 00000001800069e0 f   ConEmuCheck.obj
 0001:00005b30       ?SendCurrentDirectory@@YAXPEAUHWND__@@PEB_W1@Z 0000000180006b30 f   ConEmuCheck.obj
 0001:00005bb0       ?isConsoleClass@@YA_NPEB_W@Z 0000000180006bb0 f   ConEmuCheck.obj
 0001:00005c10       ?isConsoleWindow@@YA_NPEAUHWND__@@@Z 0000000180006c10 f   ConEmuCheck.obj
 0001:00005d20       ?myGetConsoleWindow@@YAPEAUHWND__@@XZ 0000000180006d20 f   ConEmuCheck.obj
 0001:00005e10       ?GetConEmuHWND@@YAPEAUHWND__@@H@Z 0000000180006e10 f   ConEmuCheck.obj
 0001:00006030       ??BHWND2@@QEBAPEAUHWND__@@XZ 0000000180007030 f i ConEmuCheck.obj
 0001:00006040       ??BHWND2@@QEBAKXZ          0000000180007040 f i ConEmuCheck.obj
 0001:00006050       ?ConEmuCheck@@YAHPEAPEAUHWND__@@@Z 0000000180007050 f   ConEmuCheck.obj
 0001:000060a0       ?GuiMessageBox@@YAHPEAUHWND__@@PEB_W1H@Z 00000001800070a0 f   ConEmuCheck.obj
 0001:000062d0       ?InitName@?$MFileMapping@UCESERVER_CONSOLE_MAPPING_HDR@@@@QEAAPEB_WPEB_WKK@Z 00000001800072d0 f i ConEmuCheck.obj
 0001:00006330       ?CloseMap@?$MFileMapping@UCESERVER_CONSOLE_MAPPING_HDR@@@@QEAAXXZ 0000000180007330 f i ConEmuCheck.obj
 0001:000063c0       ?Open@?$MFileMapping@UCESERVER_CONSOLE_MAPPING_HDR@@@@QEAAPEAUCESERVER_CONSOLE_MAPPING_HDR@@HH@Z 00000001800073c0 f i ConEmuCheck.obj
 0001:000063f0       ??0?$MFileMapping@UCESERVER_CONSOLE_MAPPING_HDR@@@@QEAA@XZ 00000001800073f0 f i ConEmuCheck.obj
 0001:00006460       ??1?$MFileMapping@UCESERVER_CONSOLE_MAPPING_HDR@@@@QEAA@XZ 0000000180007460 f i ConEmuCheck.obj
 0001:00006490       ?InitName@?$MFileMapping@UConEmuGuiMapping@@@@QEAAPEB_WPEB_WKK@Z 0000000180007490 f i ConEmuCheck.obj
 0001:000064f0       ?CloseMap@?$MFileMapping@UConEmuGuiMapping@@@@QEAAXXZ 00000001800074f0 f i ConEmuCheck.obj
 0001:00006580       ?Open@?$MFileMapping@UConEmuGuiMapping@@@@QEAAPEAUConEmuGuiMapping@@HH@Z 0000000180007580 f i ConEmuCheck.obj
 0001:000065b0       ??0?$MFileMapping@UConEmuGuiMapping@@@@QEAA@XZ 00000001800075b0 f i ConEmuCheck.obj
 0001:00006620       ??1?$MFileMapping@UConEmuGuiMapping@@@@QEAA@XZ 0000000180007620 f i ConEmuCheck.obj
 0001:00006650       ?ClosePtr@?$MFileMapping@UCESERVER_CONSOLE_MAPPING_HDR@@@@QEAAXXZ 0000000180007650 f i ConEmuCheck.obj
 0001:00006690       ?InternalOpenCreate@?$MFileMapping@UCESERVER_CONSOLE_MAPPING_HDR@@@@IEAAPEAUCESERVER_CONSOLE_MAPPING_HDR@@HHH@Z 0000000180007690 f i ConEmuCheck.obj
 0001:00006940       ?ClosePtr@?$MFileMapping@UConEmuGuiMapping@@@@QEAAXXZ 0000000180007940 f i ConEmuCheck.obj
 0001:00006980       ?InternalOpenCreate@?$MFileMapping@UConEmuGuiMapping@@@@IEAAPEAUConEmuGuiMapping@@HHH@Z 0000000180007980 f i ConEmuCheck.obj
 0001:00006c30       ??$wcscpy_c@$0CA@@@YAHAEAY0CA@_WPEB_W@Z 0000000180007c30 f i ConEmuCheck.obj
 0001:00006c60       ??$wcscpy_c@$0CAI@@@YAHAEAY0CAI@_WPEB_W@Z 0000000180007c60 f i ConEmuCheck.obj
 0001:00006c90       ?LoadGuiMapping@@YAHPEAUHWND__@@AEAUConEmuGuiMapping@@@Z 0000000180007c90 f   ConEmuCheckEx.obj
 0001:00006ce0       ?IsConEmuExeExist@@YAHPEB_WAEAY0BAF@_W@Z 0000000180007ce0 f   ConEmuCheckEx.obj
 0001:00006dc0       ?FindConEmuBaseDir@@YAHAEAY0BAF@_W0PEAUHINSTANCE__@@@Z 0000000180007dc0 f   ConEmuCheckEx.obj
 0001:00007430       ??$wcscpy_c@$0BAF@@@YAHAEAY0BAF@_WPEB_W@Z 0000000180008430 f i ConEmuCheckEx.obj
 0001:00007590       ??$wcscpy_add@$0BAF@@@YAHPEA_WAEAY0BAF@_WPEB_W@Z 0000000180008590 f i ConEmuCheckEx.obj
 0001:00007600       ??$wcscat_c@$0BAF@@@YAHAEAY0BAF@_WPEB_W@Z 0000000180008600 f i ConEmuCheckEx.obj
 0001:00007630       ?StringCchCatW@@YAJPEA_W_KPEB_W@Z 0000000180008630 f i ConEmuCheckEx.obj
 0001:000077c0       ?StartupHooks@@YA_NPEAUHINSTANCE__@@@Z 00000001800087c0 f   ConEmuInjects.obj
 0001:00007cc0       ?ShutdownHooks@@YAXXZ      0000000180008cc0 f   ConEmuInjects.obj
 0001:00007f50       ??$wcscpy_c@$0EA@@@YAHAEAY0EA@_WPEB_W@Z 0000000180008f50 f i ConEmuInjects.obj
 0001:000080b0       DllMain                    00000001800090b0 f   ConEmuPlugin.obj
 0001:00008100       ?GetPluginInfo@@YAXPEAX@Z  0000000180009100 f   ConEmuPlugin.obj
 0001:00008170       ?GetPluginInfoW@@YAXPEAX@Z 0000000180009170 f   ConEmuPlugin.obj
 0001:000081a0       ?IsConsoleActive@@YAHXZ    00000001800091a0 f   ConEmuPlugin.obj
 0001:00008220       ?GetFarHWND2@@YAPEAUHWND__@@H@Z 0000000180009220 f   ConEmuPlugin.obj
 0001:000082b0       ?GetFarHWND@@YAPEAUHWND__@@XZ 00000001800092b0 f   ConEmuPlugin.obj
 0001:000082c0       ?IsTerminalMode@@YAHXZ     00000001800092c0 f   ConEmuPlugin.obj
 0001:000082d0       ?GetFarVersion@@YAXPEAUFarVersion@@@Z 00000001800092d0 f   ConEmuPlugin.obj
 0001:00008300       ?RegisterPanelView@@YAHPEAUPanelViewInit@@@Z 0000000180009300 f   ConEmuPlugin.obj
 0001:000085d0       ?RegisterBackground@@YAHPEAURegisterBackgroundArg@@@Z 00000001800095d0 f   ConEmuPlugin.obj
 0001:00008670       ?SyncExecute@@YAHPEAUHINSTANCE__@@P6AX_J@Z1@Z 0000000180009670 f   ConEmuPlugin.obj
 0001:000086f0       ?ActivateConsole@@YAHXZ    00000001800096f0 f   ConEmuPlugin.obj
 0001:000087b0       ??4HWND2@@QEAAAEAU0@PEAUHWND__@@@Z 00000001800097b0 f i ConEmuPlugin.obj
 0001:000087d0       ?SetStartupInfo@@YAXPEAX@Z 00000001800097d0 f   ConEmuPlugin.obj
 0001:00008850       SetStartupInfoW            0000000180009850 f   ConEmuPlugin.obj
 0001:00008890       ?GetMinFarVersion@@YAHXZ   0000000180009890 f   ConEmuPlugin.obj
 0001:00008900       GetMinFarVersionW          0000000180009900 f   ConEmuPlugin.obj
 0001:00008910       ProcessSynchroEventW       0000000180009910 f   ConEmuPlugin.obj
 0001:00008940       ?ProcessSynchroEventW3@@YA_JPEAX@Z 0000000180009940 f   ConEmuPlugin.obj
 0001:00008980       ?ProcessEditorEvent@@YAHHPEAX@Z 0000000180009980 f   ConEmuPlugin.obj
 0001:000089b0       ProcessEditorEventW        00000001800099b0 f   ConEmuPlugin.obj
 0001:000089e0       ?ProcessEditorEventW3@@YA_JPEAX@Z 00000001800099e0 f   ConEmuPlugin.obj
 0001:00008a20       ?ProcessViewerEvent@@YAHHPEAX@Z 0000000180009a20 f   ConEmuPlugin.obj
 0001:00008a50       ProcessViewerEventW        0000000180009a50 f   ConEmuPlugin.obj
 0001:00008a80       ?ProcessViewerEventW3@@YA_JPEAX@Z 0000000180009a80 f   ConEmuPlugin.obj
 0001:00008ac0       ?ProcessEditorInput@@YAHPEBU_INPUT_RECORD@@@Z 0000000180009ac0 f   ConEmuPlugin.obj
 0001:00008af0       ProcessEditorInputW        0000000180009af0 f   ConEmuPlugin.obj
 0001:00008b20       ?OpenPlugin@@YAPEAXH_J@Z   0000000180009b20 f   ConEmuPlugin.obj
 0001:00008b50       OpenPluginW                0000000180009b50 f   ConEmuPlugin.obj
 0001:00008bb0       ?OpenW@@YAPEAXPEBX@Z       0000000180009bb0 f   ConEmuPlugin.obj
 0001:00008be0       ?ExitFAR@@YAXXZ            0000000180009be0 f   ConEmuPlugin.obj
 0001:00008c50       ExitFARW                   0000000180009c50 f   ConEmuPlugin.obj
 0001:00008cc0       ?ExitFARW3@@YAXPEAX@Z      0000000180009cc0 f   ConEmuPlugin.obj
 0001:00008d30       ?SetupExportsFar3@@YAXXZ   0000000180009d30 f   ConEmuPlugin.obj
 0001:00009030       ?_calloc@@YAPEAX_K0@Z      000000018000a030 f   ConEmuPlugin.obj
 0001:00009060       ?_malloc@@YAPEAX_K@Z       000000018000a060 f   ConEmuPlugin.obj
 0001:00009080       ?_free@@YAXPEAX@Z          000000018000a080 f   ConEmuPlugin.obj
 0001:000090a0       ??0CPluginW1900@@QEAA@XZ   000000018000a0a0 f   ConEmuPlugin1900.obj
 0001:000093a0       ??_ECPluginW1900@@UEAAPEAXI@Z 000000018000a3a0 f i ConEmuPlugin1900.obj
 0001:000093a0       ??_GCPluginW1900@@UEAAPEAXI@Z 000000018000a3a0 f i ConEmuPlugin1900.obj
 0001:000093e0       ??1CPluginW1900@@UEAA@XZ   000000018000a3e0 f i ConEmuPlugin1900.obj
 0001:00009410       ?ProcessEditorEventPtr@CPluginW1900@@UEAAHPEAX@Z 000000018000a410 f   ConEmuPlugin1900.obj
 0001:00009450       ?ProcessViewerEventPtr@CPluginW1900@@UEAAHPEAX@Z 000000018000a450 f   ConEmuPlugin1900.obj
 0001:00009490       ?ProcessSynchroEventPtr@CPluginW1900@@UEAAHPEAX@Z 000000018000a490 f   ConEmuPlugin1900.obj
 0001:000094d0       ?GetPanelDir@CPluginW1900@@UEAAPEA_WKPEA_WH@Z 000000018000a4d0 f   ConEmuPlugin1900.obj
 0001:00009700       ?GetPanelInfo@CPluginW1900@@UEAA_NKPEAUCEPanelInfo@@@Z 000000018000a700 f   ConEmuPlugin1900.obj
 0001:00009cb0       ?GetPanelItemInfo@CPluginW1900@@UEAA_NAEBUCEPanelInfo@@_N_JAEAU_WIN32_FIND_DATAW@@PEAPEA_W@Z 000000018000acb0 f   ConEmuPlugin1900.obj
 0001:00009fe0       ?PanelControlApi@CPluginW1900@@UEAA_JPEAXH_J0@Z 000000018000afe0 f   ConEmuPlugin1900.obj
 0001:0000a050       ?GetPluginInfoPtr@CPluginW1900@@UEAAXPEAX@Z 000000018000b050 f   ConEmuPlugin1900.obj
 0001:0000a0f0       ?SetStartupInfoPtr@CPluginW1900@@UEAAXPEAX@Z 000000018000b0f0 f   ConEmuPlugin1900.obj
 0001:0000a2c0       ?GetEditorModifiedState@CPluginW1900@@UEAAKXZ 000000018000b2c0 f   ConEmuPlugin1900.obj
 0001:0000a330       ?ProcessEditorInputPtr@CPluginW1900@@UEAAHPEBX@Z 000000018000b330 f   ConEmuPlugin1900.obj
 0001:0000a370       ?GetWindowCount@CPluginW1900@@UEAAHXZ 000000018000b370 f   ConEmuPlugin1900.obj
 0001:0000a3d0       ?UpdateConEmuTabsApi@CPluginW1900@@UEAA_NH@Z 000000018000b3d0 f   ConEmuPlugin1900.obj
 0001:0000aa70       ?ExitFar@CPluginW1900@@UEAAXXZ 000000018000ba70 f   ConEmuPlugin1900.obj
 0001:0000ab20       ?ShowMessage@CPluginW1900@@UEAAHPEB_WH_N@Z 000000018000bb20 f   ConEmuPlugin1900.obj
 0001:0000abe0       ?GetMsg@CPluginW1900@@UEAAPEB_WHPEA_W_K@Z 000000018000bbe0 f   ConEmuPlugin1900.obj
 0001:0000ac80       ?SetWindow@CPluginW1900@@UEAAXH@Z 000000018000bc80 f   ConEmuPlugin1900.obj
 0001:0000ad00       ?PostMacroApi@CPluginW1900@@UEAAXPEB_WPEAU_INPUT_RECORD@@_N@Z 000000018000bd00 f   ConEmuPlugin1900.obj
 0001:0000b950       ?wcsstr@@YAPEA_WPEA_WPEB_W@Z 000000018000c950 f i ConEmuPlugin1900.obj
 0001:0000b980       ?ShowPluginMenu@CPluginW1900@@UEAAHPEAUConEmuPluginMenuItem@@HH@Z 000000018000c980 f   ConEmuPlugin1900.obj
 0001:0000bc60       ?OpenEditor@CPluginW1900@@UEAA_NPEB_W_N11HH@Z 000000018000cc60 f   ConEmuPlugin1900.obj
 0001:0000be90       ?ExecuteSynchroApi@CPluginW1900@@UEAA_NXZ 000000018000ce90 f   ConEmuPlugin1900.obj
 0001:0000bee0       ?WaitEndSynchro@CPluginW1900@@UEAAXXZ 000000018000cee0 f   ConEmuPlugin1900.obj
 0001:0000bef0       ?StopWaitEndSynchro@CPluginW1900@@UEAAXXZ 000000018000cef0 f   ConEmuPlugin1900.obj
 0001:0000bf00       ?IsMacroActive@CPluginW1900@@UEAA_NXZ 000000018000cf00 f   ConEmuPlugin1900.obj
 0001:0000bf60       ?GetMacroArea@CPluginW1900@@UEAAHXZ 000000018000cf60 f   ConEmuPlugin1900.obj
 0001:0000bfa0       ?RedrawAll@CPluginW1900@@UEAAXXZ 000000018000cfa0 f   ConEmuPlugin1900.obj
 0001:0000bff0       ?InputBox@CPluginW1900@@UEAA_NPEB_W000AEAPEA_W@Z 000000018000cff0 f   ConEmuPlugin1900.obj
 0001:0000c0c0       ?ShowUserScreen@CPluginW1900@@UEAAX_N@Z 000000018000d0c0 f   ConEmuPlugin1900.obj
 0001:0000c130       ?LoadFarColors@CPluginW1900@@UEAAXAEAY0BAA@E@Z 000000018000d130 f   ConEmuPlugin1900.obj
 0001:0000c3a0       ?FarColor_3_2@@YAEAEBUFarColor@@@Z 000000018000d3a0 f i ConEmuPlugin1900.obj
 0001:0000c4d0       ?Color2FgIndex@Far3Color@@SAXKAEAGPEBK@Z 000000018000d4d0 f i ConEmuPlugin1900.obj
 0001:0000c660       ?Max@Far3Color@@SAHHH@Z    000000018000d660 f i ConEmuPlugin1900.obj
 0001:0000c690       ?GetStdIndex@Far3Color@@SAHKPEBK@Z 000000018000d690 f i ConEmuPlugin1900.obj
 0001:0000c710       ?GetStdPalette@Far3Color@@SAPEBKXZ 000000018000d710 f i ConEmuPlugin1900.obj
 0001:0000c720       ?Color2BgIndex@Far3Color@@SAXKHAEAGPEBK@Z 000000018000d720 f i ConEmuPlugin1900.obj
 0001:0000c900       ?LoadFarSettings@CPluginW1900@@UEAAXPEAUCEFarInterfaceSettings@@PEAUCEFarPanelSettings@@@Z 000000018000d900 f   ConEmuPlugin1900.obj
 0001:0000cba0       ?GetFarRect@CPluginW1900@@UEAA_NAEAU_SMALL_RECT@@@Z 000000018000dba0 f   ConEmuPlugin1900.obj
 0001:0000cc30       ?CheckPanelExist@CPluginW1900@@UEAA_NXZ 000000018000dc30 f   ConEmuPlugin1900.obj
 0001:0000cca0       ?GetActiveWindowType@CPluginW1900@@UEAAHXZ 000000018000dca0 f   ConEmuPlugin1900.obj
 0001:0000cda0       ?GetWindowTypeName@CPluginW1900@@UEAAPEB_WH@Z 000000018000dda0 f   ConEmuPlugin1900.obj
 0001:0000ce60       ?GuiMacroDlg@CPluginW1900@@UEAAXXZ 000000018000de60 f   ConEmuPlugin1900.obj
 0001:0000d5b0       ?Open@CPluginW1900@@UEAAPEAXPEBX@Z 000000018000e5b0 f   ConEmuPlugin1900.obj
 0001:0000d810       GetGlobalInfoW             000000018000e810 f   ConEmuPlugin2800.obj
 0001:0000da30       ??0CPluginW2800@@QEAA@XZ   000000018000ea30 f   ConEmuPlugin2800.obj
 0001:0000dd30       ??_ECPluginW2800@@UEAAPEAXI@Z 000000018000ed30 f i ConEmuPlugin2800.obj
 0001:0000dd30       ??_GCPluginW2800@@UEAAPEAXI@Z 000000018000ed30 f i ConEmuPlugin2800.obj
 0001:0000dd70       ??1CPluginW2800@@UEAA@XZ   000000018000ed70 f i ConEmuPlugin2800.obj
 0001:0000dda0       ?GetPanelDir@CPluginW2800@@UEAAPEA_WKPEA_WH@Z 000000018000eda0 f   ConEmuPlugin2800.obj
 0001:0000dfd0       ?GetPanelInfo@CPluginW2800@@UEAA_NKPEAUCEPanelInfo@@@Z 000000018000efd0 f   ConEmuPlugin2800.obj
 0001:0000e580       ?GetPanelItemInfo@CPluginW2800@@UEAA_NAEBUCEPanelInfo@@_N_JAEAU_WIN32_FIND_DATAW@@PEAPEA_W@Z 000000018000f580 f   ConEmuPlugin2800.obj
 0001:0000e8b0       ?PanelControlApi@CPluginW2800@@UEAA_JPEAXH_J0@Z 000000018000f8b0 f   ConEmuPlugin2800.obj
 0001:0000e920       ?GetPluginInfoPtr@CPluginW2800@@UEAAXPEAX@Z 000000018000f920 f   ConEmuPlugin2800.obj
 0001:0000e9c0       ?SetStartupInfoPtr@CPluginW2800@@UEAAXPEAX@Z 000000018000f9c0 f   ConEmuPlugin2800.obj
 0001:0000eb90       ?GetEditorModifiedState@CPluginW2800@@UEAAKXZ 000000018000fb90 f   ConEmuPlugin2800.obj
 0001:0000ec00       ?ProcessEditorEventPtr@CPluginW2800@@UEAAHPEAX@Z 000000018000fc00 f   ConEmuPlugin2800.obj
 0001:0000ec40       ?ProcessViewerEventPtr@CPluginW2800@@UEAAHPEAX@Z 000000018000fc40 f   ConEmuPlugin2800.obj
 0001:0000ec80       ?ProcessSynchroEventPtr@CPluginW2800@@UEAAHPEAX@Z 000000018000fc80 f   ConEmuPlugin2800.obj
 0001:0000ecc0       ?ProcessEditorInputPtr@CPluginW2800@@UEAAHPEBX@Z 000000018000fcc0 f   ConEmuPlugin2800.obj
 0001:0000ed00       ?GetWindowCount@CPluginW2800@@UEAAHXZ 000000018000fd00 f   ConEmuPlugin2800.obj
 0001:0000ed60       ?UpdateConEmuTabsApi@CPluginW2800@@UEAA_NH@Z 000000018000fd60 f   ConEmuPlugin2800.obj
 0001:0000f7b0       ?ExitFar@CPluginW2800@@UEAAXXZ 00000001800107b0 f   ConEmuPlugin2800.obj
 0001:0000f860       ?ShowMessage@CPluginW2800@@UEAAHPEB_WH_N@Z 0000000180010860 f   ConEmuPlugin2800.obj
 0001:0000f920       ?GetMsg@CPluginW2800@@UEAAPEB_WHPEA_W_K@Z 0000000180010920 f   ConEmuPlugin2800.obj
 0001:0000f9c0       ?SetWindow@CPluginW2800@@UEAAXH@Z 00000001800109c0 f   ConEmuPlugin2800.obj
 0001:0000fa40       ?PostMacroApi@CPluginW2800@@UEAAXPEB_WPEAU_INPUT_RECORD@@_N@Z 0000000180010a40 f   ConEmuPlugin2800.obj
 0001:00010060       ?ShowPluginMenu@CPluginW2800@@UEAAHPEAUConEmuPluginMenuItem@@HH@Z 0000000180011060 f   ConEmuPlugin2800.obj
 0001:00010340       ?OpenEditor@CPluginW2800@@UEAA_NPEB_W_N11HH@Z 0000000180011340 f   ConEmuPlugin2800.obj
 0001:00010580       ?ExecuteSynchroApi@CPluginW2800@@UEAA_NXZ 0000000180011580 f   ConEmuPlugin2800.obj
 0001:000105d0       ?WaitEndSynchro@CPluginW2800@@UEAAXXZ 00000001800115d0 f   ConEmuPlugin2800.obj
 0001:000105e0       ?StopWaitEndSynchro@CPluginW2800@@UEAAXXZ 00000001800115e0 f   ConEmuPlugin2800.obj
 0001:000105f0       ?IsMacroActive@CPluginW2800@@UEAA_NXZ 00000001800115f0 f   ConEmuPlugin2800.obj
 0001:00010650       ?GetMacroArea@CPluginW2800@@UEAAHXZ 0000000180011650 f   ConEmuPlugin2800.obj
 0001:00010690       ?RedrawAll@CPluginW2800@@UEAAXXZ 0000000180011690 f   ConEmuPlugin2800.obj
 0001:000106e0       ?InputBox@CPluginW2800@@UEAA_NPEB_W000AEAPEA_W@Z 00000001800116e0 f   ConEmuPlugin2800.obj
 0001:000107b0       ?ShowUserScreen@CPluginW2800@@UEAAX_N@Z 00000001800117b0 f   ConEmuPlugin2800.obj
 0001:00010820       ?LoadFarColors@CPluginW2800@@UEAAXAEAY0BAA@E@Z 0000000180011820 f   ConEmuPlugin2800.obj
 0001:00010a90       ?LoadFarSettings@CPluginW2800@@UEAAXPEAUCEFarInterfaceSettings@@PEAUCEFarPanelSettings@@@Z 0000000180011a90 f   ConEmuPlugin2800.obj
 0001:00010d40       ?GetFarRect@CPluginW2800@@UEAA_NAEAU_SMALL_RECT@@@Z 0000000180011d40 f   ConEmuPlugin2800.obj
 0001:00010dd0       ?CheckPanelExist@CPluginW2800@@UEAA_NXZ 0000000180011dd0 f   ConEmuPlugin2800.obj
 0001:00010e40       ?GetActiveWindowType@CPluginW2800@@UEAAHXZ 0000000180011e40 f   ConEmuPlugin2800.obj
 0001:00010f50       ?GetWindowTypeName@CPluginW2800@@UEAAPEB_WH@Z 0000000180011f50 f   ConEmuPlugin2800.obj
 0001:00011010       ?GuiMacroDlg@CPluginW2800@@UEAAXXZ 0000000180012010 f   ConEmuPlugin2800.obj
 0001:00011770       ?Open@CPluginW2800@@UEAAPEAXPEBX@Z 0000000180012770 f   ConEmuPlugin2800.obj
 0001:00011a70       ??0FarMacroValue@@QEAA@XZ  0000000180012a70 f i ConEmuPlugin2800.obj
 0001:00011ac0       ??0?$MArray@UWindowInfo@@@@QEAA@XZ 0000000180012ac0 f i ConEmuPlugin2800.obj
 0001:00011b20       ??1?$MArray@UWindowInfo@@@@QEAA@XZ 0000000180012b20 f i ConEmuPlugin2800.obj
 0001:00011b40       ??A?$MArray@UWindowInfo@@@@QEBAAEBUWindowInfo@@_J@Z 0000000180012b40 f i ConEmuPlugin2800.obj
 0001:00011b60       ??A?$MArray@UWindowInfo@@@@QEAAAEAUWindowInfo@@_J@Z 0000000180012b60 f i ConEmuPlugin2800.obj
 0001:00011b80       ?push_back@?$MArray@UWindowInfo@@@@QEAA_JAEBUWindowInfo@@@Z 0000000180012b80 f i ConEmuPlugin2800.obj
 0001:00011c50       ?insert@?$MArray@UWindowInfo@@@@QEAAX_JAEBUWindowInfo@@@Z 0000000180012c50 f i ConEmuPlugin2800.obj
 0001:00011d60       ?erase@?$MArray@UWindowInfo@@@@QEAAX_J@Z 0000000180012d60 f i ConEmuPlugin2800.obj
 0001:00011e20       ?size@?$MArray@UWindowInfo@@@@QEBA_JXZ 0000000180012e20 f i ConEmuPlugin2800.obj
 0001:00011e30       ?clear@?$MArray@UWindowInfo@@@@QEAAXXZ 0000000180012e30 f i ConEmuPlugin2800.obj
 0001:00011e80       ?addsize@?$MArray@UWindowInfo@@@@QEAAX_J@Z 0000000180012e80 f i ConEmuPlugin2800.obj
 0001:00011fc0       ??0CPluginW995@@QEAA@XZ    0000000180012fc0 f   ConEmuPlugin995.obj
 0001:000122d0       ?Open@CPluginW995@@UEAAPEAXPEBX@Z 00000001800132d0 f i ConEmuPlugin995.obj
 0001:000122f0       ?ProcessEditorEventPtr@CPluginW995@@UEAAHPEAX@Z 00000001800132f0 f i ConEmuPlugin995.obj
 0001:00012300       ?ProcessSynchroEventPtr@CPluginW995@@UEAAHPEAX@Z 0000000180013300 f i ConEmuPlugin995.obj
 0001:00012310       ?ProcessViewerEventPtr@CPluginW995@@UEAAHPEAX@Z 0000000180013310 f i ConEmuPlugin995.obj
 0001:00012320       ??_GCPluginW995@@UEAAPEAXI@Z 0000000180013320 f i ConEmuPlugin995.obj
 0001:00012320       ??_ECPluginW995@@UEAAPEAXI@Z 0000000180013320 f i ConEmuPlugin995.obj
 0001:00012360       ??1CPluginW995@@UEAA@XZ    0000000180013360 f i ConEmuPlugin995.obj
 0001:00012390       ?GetPanelDir@CPluginW995@@UEAAPEA_WKPEA_WH@Z 0000000180013390 f   ConEmuPlugin995.obj
 0001:00012580       ?GetPanelInfo@CPluginW995@@UEAA_NKPEAUCEPanelInfo@@@Z 0000000180013580 f   ConEmuPlugin995.obj
 0001:00012a40       ?GetPanelItemInfo@CPluginW995@@UEAA_NAEBUCEPanelInfo@@_N_JAEAU_WIN32_FIND_DATAW@@PEAPEA_W@Z 0000000180013a40 f   ConEmuPlugin995.obj
 0001:00012d50       ?PanelControlApi@CPluginW995@@UEAA_JPEAXH_J0@Z 0000000180013d50 f   ConEmuPlugin995.obj
 0001:00012dc0       ?GetPluginInfoPtr@CPluginW995@@UEAAXPEAX@Z 0000000180013dc0 f   ConEmuPlugin995.obj
 0001:00012e80       ?SetStartupInfoPtr@CPluginW995@@UEAAXPEAX@Z 0000000180013e80 f   ConEmuPlugin995.obj
 0001:00013080       ?GetEditorModifiedState@CPluginW995@@UEAAKXZ 0000000180014080 f   ConEmuPlugin995.obj
 0001:000130e0       ?ProcessEditorInputPtr@CPluginW995@@UEAAHPEBX@Z 00000001800140e0 f   ConEmuPlugin995.obj
 0001:00013120       ?GetWindowCount@CPluginW995@@UEAAHXZ 0000000180014120 f   ConEmuPlugin995.obj
 0001:00013180       ?UpdateConEmuTabsApi@CPluginW995@@UEAA_NH@Z 0000000180014180 f   ConEmuPlugin995.obj
 0001:00013500       ?ExitFar@CPluginW995@@UEAAXXZ 0000000180014500 f   ConEmuPlugin995.obj
 0001:000135b0       ?ShowMessage@CPluginW995@@UEAAHPEB_WH_N@Z 00000001800145b0 f   ConEmuPlugin995.obj
 0001:00013670       ?GetMsg@CPluginW995@@UEAAPEB_WHPEA_W_K@Z 0000000180014670 f   ConEmuPlugin995.obj
 0001:00013710       ?SetWindow@CPluginW995@@UEAAXH@Z 0000000180014710 f   ConEmuPlugin995.obj
 0001:00013790       ?PostMacroApi@CPluginW995@@UEAAXPEB_WPEAU_INPUT_RECORD@@_N@Z 0000000180014790 f   ConEmuPlugin995.obj
 0001:00013890       ?ShowPluginMenu@CPluginW995@@UEAAHPEAUConEmuPluginMenuItem@@HH@Z 0000000180014890 f   ConEmuPlugin995.obj
 0001:00013b10       ?OpenEditor@CPluginW995@@UEAA_NPEB_W_N11HH@Z 0000000180014b10 f   ConEmuPlugin995.obj
 0001:00013d20       ?ExecuteSynchroApi@CPluginW995@@UEAA_NXZ 0000000180014d20 f   ConEmuPlugin995.obj
 0001:00013d70       ?WaitEndSynchro@CPluginW995@@UEAAXXZ 0000000180014d70 f   ConEmuPlugin995.obj
 0001:00013fe0       ?StopWaitEndSynchro@CPluginW995@@UEAAXXZ 0000000180014fe0 f   ConEmuPlugin995.obj
 0001:00014020       ?IsMacroActive@CPluginW995@@UEAA_NXZ 0000000180015020 f   ConEmuPlugin995.obj
 0001:000140a0       ?GetMacroArea@CPluginW995@@UEAAHXZ 00000001800150a0 f   ConEmuPlugin995.obj
 0001:000140f0       ?RedrawAll@CPluginW995@@UEAAXXZ 00000001800150f0 f   ConEmuPlugin995.obj
 0001:00014140       ?InputBox@CPluginW995@@UEAA_NPEB_W000AEAPEA_W@Z 0000000180015140 f   ConEmuPlugin995.obj
 0001:000141f0       ?ShowUserScreen@CPluginW995@@UEAAX_N@Z 00000001800151f0 f   ConEmuPlugin995.obj
 0001:00014260       ?LoadFarColors@CPluginW995@@UEAAXAEAY0BAA@E@Z 0000000180015260 f   ConEmuPlugin995.obj
 0001:00014390       ?LoadFarSettings@CPluginW995@@UEAAXPEAUCEFarInterfaceSettings@@PEAUCEFarPanelSettings@@@Z 0000000180015390 f   ConEmuPlugin995.obj
 0001:00014420       ?GetFarRect@CPluginW995@@UEAA_NAEAU_SMALL_RECT@@@Z 0000000180015420 f   ConEmuPlugin995.obj
 0001:000144b0       ?CheckPanelExist@CPluginW995@@UEAA_NXZ 00000001800154b0 f   ConEmuPlugin995.obj
 0001:00014520       ?GetActiveWindowType@CPluginW995@@UEAAHXZ 0000000180015520 f   ConEmuPlugin995.obj
 0001:00014640       ?GetWindowTypeName@CPluginW995@@UEAAPEB_WH@Z 0000000180015640 f   ConEmuPlugin995.obj
 0001:00014700       ?GuiMacroDlg@CPluginW995@@UEAAXXZ 0000000180015700 f   ConEmuPlugin995.obj
 0001:00014de0       ??0CPluginAnsi@@QEAA@XZ    0000000180015de0 f   ConEmuPluginA.obj
 0001:000150d0       ?ExecuteSynchroApi@CPluginAnsi@@UEAA_NXZ 00000001800160d0 f i ConEmuPluginA.obj
 0001:000150e0       ?GetFarRect@CPluginAnsi@@UEAA_NAEAU_SMALL_RECT@@@Z 00000001800160e0 f i ConEmuPluginA.obj
 0001:000150f0       ?Open@CPluginAnsi@@UEAAPEAXPEBX@Z 00000001800160f0 f i ConEmuPluginA.obj
 0001:00015110       ?ProcessEditorEventPtr@CPluginAnsi@@UEAAHPEAX@Z 0000000180016110 f i ConEmuPluginA.obj
 0001:00015120       ?ProcessEditorInputPtr@CPluginAnsi@@UEAAHPEBX@Z 0000000180016120 f i ConEmuPluginA.obj
 0001:00015130       ?ProcessSynchroEventPtr@CPluginAnsi@@UEAAHPEAX@Z 0000000180016130 f i ConEmuPluginA.obj
 0001:00015140       ?ProcessViewerEventPtr@CPluginAnsi@@UEAAHPEAX@Z 0000000180016140 f i ConEmuPluginA.obj
 0001:00015150       ?StopWaitEndSynchro@CPluginAnsi@@UEAAXXZ 0000000180016150 f i ConEmuPluginA.obj
 0001:00015160       ?WaitEndSynchro@CPluginAnsi@@UEAAXXZ 0000000180016160 f i ConEmuPluginA.obj
 0001:00015170       ??_GCPluginAnsi@@UEAAPEAXI@Z 0000000180016170 f i ConEmuPluginA.obj
 0001:00015170       ??_ECPluginAnsi@@UEAAPEAXI@Z 0000000180016170 f i ConEmuPluginA.obj
 0001:000151b0       ??1CPluginAnsi@@UEAA@XZ    00000001800161b0 f i ConEmuPluginA.obj
 0001:000151e0       ?GetPanelDir@CPluginAnsi@@UEAAPEA_WKPEA_WH@Z 00000001800161e0 f   ConEmuPluginA.obj
 0001:00015350       ?GetPanelInfo@CPluginAnsi@@UEAA_NKPEAUCEPanelInfo@@@Z 0000000180016350 f   ConEmuPluginA.obj
 0001:00015780       ?GetPanelItemInfo@CPluginAnsi@@UEAA_NAEBUCEPanelInfo@@_N_JAEAU_WIN32_FIND_DATAW@@PEAPEA_W@Z 0000000180016780 f   ConEmuPluginA.obj
 0001:000159b0       ?PanelControlApi@CPluginAnsi@@UEAA_JPEAXH_J0@Z 00000001800169b0 f   ConEmuPluginA.obj
 0001:00015a20       ?SetStartupInfoPtr@CPluginAnsi@@UEAAXPEAX@Z 0000000180016a20 f   ConEmuPluginA.obj
 0001:00015c20       ?GetPluginInfoPtr@CPluginAnsi@@UEAAXPEAX@Z 0000000180016c20 f   ConEmuPluginA.obj
 0001:00015d10       ?GetEditorModifiedState@CPluginAnsi@@UEAAKXZ 0000000180016d10 f   ConEmuPluginA.obj
 0001:00015d80       ?GetWindowCount@CPluginAnsi@@UEAAHXZ 0000000180016d80 f   ConEmuPluginA.obj
 0001:00015de0       ?UpdateConEmuTabsApi@CPluginAnsi@@UEAA_NH@Z 0000000180016de0 f   ConEmuPluginA.obj
 0001:00016180       ?ExitFar@CPluginAnsi@@UEAAXXZ 0000000180017180 f   ConEmuPluginA.obj
 0001:000161e0       ?SetWindow@CPluginAnsi@@UEAAXH@Z 00000001800171e0 f   ConEmuPluginA.obj
 0001:00016260       ?PostMacroApi@CPluginAnsi@@UEAAXPEB_WPEAU_INPUT_RECORD@@_N@Z 0000000180017260 f   ConEmuPluginA.obj
 0001:00016390       ?ShowPluginMenu@CPluginAnsi@@UEAAHPEAUConEmuPluginMenuItem@@HH@Z 0000000180017390 f   ConEmuPluginA.obj
 0001:00016690       ?OpenEditor@CPluginAnsi@@UEAA_NPEB_W_N11HH@Z 0000000180017690 f   ConEmuPluginA.obj
 0001:000168c0       ?ShowMessage@CPluginAnsi@@UEAAHPEB_WH_N@Z 00000001800178c0 f   ConEmuPluginA.obj
 0001:000169e0       ?GetMsg@CPluginAnsi@@UEAAPEB_WHPEA_W_K@Z 00000001800179e0 f   ConEmuPluginA.obj
 0001:00016ae0       ?IsMacroActive@CPluginAnsi@@UEAA_NXZ 0000000180017ae0 f   ConEmuPluginA.obj
 0001:00016b60       ?GetMacroArea@CPluginAnsi@@UEAAHXZ 0000000180017b60 f   ConEmuPluginA.obj
 0001:00016b70       ?RedrawAll@CPluginAnsi@@UEAAXXZ 0000000180017b70 f   ConEmuPluginA.obj
 0001:00016bc0       ?InputBox@CPluginAnsi@@UEAA_NPEB_W000AEAPEA_W@Z 0000000180017bc0 f   ConEmuPluginA.obj
 0001:00016d50       ?ShowUserScreen@CPluginAnsi@@UEAAX_N@Z 0000000180017d50 f   ConEmuPluginA.obj
 0001:00016dc0       ?LoadFarColors@CPluginAnsi@@UEAAXAEAY0BAA@E@Z 0000000180017dc0 f   ConEmuPluginA.obj
 0001:00016ef0       ?LoadFarSettings@CPluginAnsi@@UEAAXPEAUCEFarInterfaceSettings@@PEAUCEFarPanelSettings@@@Z 0000000180017ef0 f   ConEmuPluginA.obj
 0001:00016f80       ?CheckPanelExist@CPluginAnsi@@UEAA_NXZ 0000000180017f80 f   ConEmuPluginA.obj
 0001:00016ff0       ?GetActiveWindowType@CPluginAnsi@@UEAAHXZ 0000000180017ff0 f   ConEmuPluginA.obj
 0001:00017070       ?GetWindowTypeName@CPluginAnsi@@UEAAPEB_WH@Z 0000000180018070 f   ConEmuPluginA.obj
 0001:00017130       ?GuiMacroDlg@CPluginAnsi@@UEAAXXZ 0000000180018130 f   ConEmuPluginA.obj
 0001:00017930       ?Plugin@@YAPEAVCPluginBase@@XZ 0000000180018930 f   ConEmuPluginBase.obj
 0001:00017a90       ??0CPluginBase@@QEAA@XZ    0000000180018a90 f   ConEmuPluginBase.obj
 0001:00017de0       ??_ECPluginBase@@UEAAPEAXI@Z 0000000180018de0 f i ConEmuPluginBase.obj
 0001:00017de0       ??_GCPluginBase@@UEAAPEAXI@Z 0000000180018de0 f i ConEmuPluginBase.obj
 0001:00017e20       ??1CPluginBase@@UEAA@XZ    0000000180018e20 f   ConEmuPluginBase.obj
 0001:00017e40       ?DllMain_ProcessAttach@CPluginBase@@KAXPEAUHINSTANCE__@@@Z 0000000180018e40 f   ConEmuPluginBase.obj
 0001:00017f80       ?DllMain_ProcessDetach@CPluginBase@@KAXXZ 0000000180018f80 f   ConEmuPluginBase.obj
 0001:00018150       ??_GMSection@@QEAAPEAXI@Z  0000000180019150 f i ConEmuPluginBase.obj
 0001:00018190       ??_GCPluginBackground@@QEAAPEAXI@Z 0000000180019190 f i ConEmuPluginBase.obj
 0001:000181d0       ?DllCheckUnique@CPluginBase@@KA_N_N@Z 00000001800191d0 f   ConEmuPluginBase.obj
 0001:000184b0       ?LoadFarVersion@CPluginBase@@SA_NXZ 00000001800194b0 f   ConEmuPluginBase.obj
 0001:00018c80       ?ShowMessageBox@CPluginBase@@KAHPEB_WI@Z 0000000180019c80 f   ConEmuPluginBase.obj
 0001:00018d80       ?ShowMessageGui@CPluginBase@@QEAAHHH@Z 0000000180019d80 f   ConEmuPluginBase.obj
 0001:00018e30       ?BackgroundMacroError@CPluginBase@@SAKPEAX@Z 0000000180019e30 f   ConEmuPluginBase.obj
 0001:00018e80       ?PostMacro@CPluginBase@@QEAAXPEB_WPEAU_INPUT_RECORD@@_N@Z 0000000180019e80 f   ConEmuPluginBase.obj
 0001:00018f40       ?isMacroActive@CPluginBase@@QEAA_NAEAH@Z 0000000180019f40 f   ConEmuPluginBase.obj
 0001:00018fd0       ?CheckBufferEnabled@CPluginBase@@QEAA_NXZ 0000000180019fd0 f   ConEmuPluginBase.obj
 0001:00019080       ?PanelControl@CPluginBase@@QEAA_JPEAXH_J0@Z 000000018001a080 f   ConEmuPluginBase.obj
 0001:00019170       ?GetPanelInfo@CPluginBase@@QEAA_NKPEAUBkPanelInfo@@@Z 000000018001a170 f   ConEmuPluginBase.obj
 0001:00019260       ?FillUpdateBackground@CPluginBase@@QEAAXPEAUPaintBackgroundArg@@@Z 000000018001a260 f   ConEmuPluginBase.obj
 0001:00019490       ?StorePanelDirs@CPluginBase@@QEAA_NPEB_W0@Z 000000018001a490 f   ConEmuPluginBase.obj
 0001:000196c0       wmemmove                   000000018001a6c0 f i ConEmuPluginBase.obj
 0001:000196f0       ?UpdatePanelDirs@CPluginBase@@QEAAXXZ 000000018001a6f0 f   ConEmuPluginBase.obj
 0001:00019900       ?IsFarLua@FarVersion@@QEBA_NXZ 000000018001a900 f i ConEmuPluginBase.obj
 0001:00019960       ?RunExternalProgram@CPluginBase@@QEAA_NPEA_W@Z 000000018001a960 f   ConEmuPluginBase.obj
 0001:00019c00       ?ProcessCommandLine@CPluginBase@@QEAA_NPEA_W@Z 000000018001ac00 f   ConEmuPluginBase.obj
 0001:00019c60       ?ShowPluginMenu@CPluginBase@@QEAAXW4PluginCallCommands@@@Z 000000018001ac60 f   ConEmuPluginBase.obj
 0001:00019fb0       ?ShowTabsList@CPluginBase@@QEAAXXZ 000000018001afb0 f   ConEmuPluginBase.obj
 0001:0001a4e0       ?ShowPanelsList@CPluginBase@@QEAAXXZ 000000018001b4e0 f   ConEmuPluginBase.obj
 0001:0001a6f0       ?DataSize@CESERVER_REQ@@QEAAKXZ 000000018001b6f0 f i ConEmuPluginBase.obj
 0001:0001a730       ?EditViewConsoleOutput@CPluginBase@@QEAAX_N@Z 000000018001b730 f   ConEmuPluginBase.obj
 0001:0001a840       ?SwitchTabCommand@CPluginBase@@QEAAXW4PluginMenuCommands@@@Z 000000018001b840 f   ConEmuPluginBase.obj
 0001:0001a910       ?ProcessSynchroEvent@CPluginBase@@QEAAHHPEAX@Z 000000018001b910 f   ConEmuPluginBase.obj
 0001:0001a9d0       ?ProcessEditorInputInternal@CPluginBase@@QEAAXAEBU_INPUT_RECORD@@@Z 000000018001b9d0 f   ConEmuPluginBase.obj
 0001:0001aa30       ?ProcessEditorViewerEvent@CPluginBase@@QEAAHHH@Z 000000018001ba30 f   ConEmuPluginBase.obj
 0001:0001ab80       ?isEditorViewer@CPluginBase@@QEAA_NXZ 000000018001bb80 f   ConEmuPluginBase.obj
 0001:0001abd0       ?isModalEditorViewer@CPluginBase@@QEAA_NXZ 000000018001bbd0 f   ConEmuPluginBase.obj
 0001:0001ac20       ?GetMainThreadId@CPluginBase@@SAKXZ 000000018001bc20 f   ConEmuPluginBase.obj
 0001:0001acd0       ?ShowConsoleInfo@CPluginBase@@QEAAXXZ 000000018001bcd0 f   ConEmuPluginBase.obj
 0001:0001af70       ?RunExternalProgramW@CPluginBase@@SA_NPEA_W0_N@Z 000000018001bf70 f   ConEmuPluginBase.obj
 0001:0001b2a0       ?StartDebugger@CPluginBase@@QEAA_NXZ 000000018001c2a0 f   ConEmuPluginBase.obj
 0001:0001b670       ?Attach2Gui@CPluginBase@@QEAA_NXZ 000000018001c670 f   ConEmuPluginBase.obj
 0001:0001bc30       ?FindServerCmd@CPluginBase@@QEAA_NKAEAK_N@Z 000000018001cc30 f   ConEmuPluginBase.obj
 0001:0001bd50       ?ShowMessage@CPluginBase@@QEAAHHH@Z 000000018001cd50 f   ConEmuPluginBase.obj
 0001:0001bde0       ?OutDataAlloc@CPluginBase@@SA_NK@Z 000000018001cde0 f   ConEmuPluginBase.obj
 0001:0001be60       ?OutDataRealloc@CPluginBase@@SA_NK@Z 000000018001ce60 f   ConEmuPluginBase.obj
 0001:0001bf60       ?OutDataWrite@CPluginBase@@SA_NPEAXK@Z 000000018001cf60 f   ConEmuPluginBase.obj
 0001:0001c050       ?CreateTabs@CPluginBase@@SA_NH@Z 000000018001d050 f   ConEmuPluginBase.obj
 0001:0001c150       ?AddTab@CPluginBase@@QEAA_NAEAHH_N1HPEB_W2HHHH@Z 000000018001d150 f   ConEmuPluginBase.obj
 0001:0001c790       wmemcmp                    000000018001d790 f i ConEmuPluginBase.obj
 0001:0001c820       ?AddTabFinish@CPluginBase@@QEAAXH@Z 000000018001d820 f   ConEmuPluginBase.obj
 0001:0001c840       ?SendTabs@CPluginBase@@SAXH_N@Z 000000018001d840 f   ConEmuPluginBase.obj
 0001:0001ca90       ?CloseTabs@CPluginBase@@SAXXZ 000000018001da90 f   ConEmuPluginBase.obj
 0001:0001cb30       ?UpdateConEmuTabs@CPluginBase@@QEAA_N_N@Z 000000018001db30 f   ConEmuPluginBase.obj
 0001:0001cf40       ?ShowProtocolWarning@CPluginBase@@KAXXZ 000000018001df40 f   ConEmuPluginBase.obj
 0001:0001d0f0       ?CheckResources@CPluginBase@@QEAAX_N@Z 000000018001e0f0 f   ConEmuPluginBase.obj
 0001:0001d2d0       ?InitResources@CPluginBase@@QEAAXXZ 000000018001e2d0 f   ConEmuPluginBase.obj
 0001:0001d660       ?CloseMapHeader@CPluginBase@@SAXXZ 000000018001e660 f   ConEmuPluginBase.obj
 0001:0001d690       ?OpenMapHeader@CPluginBase@@SAHXZ 000000018001e690 f   ConEmuPluginBase.obj
 0001:0001d7e0       ?InitRootRegKey@CPluginBase@@IEAAXXZ 000000018001e7e0 f   ConEmuPluginBase.obj
 0001:0001d980       ?SetRootRegKey@CPluginBase@@IEAAXPEA_W@Z 000000018001e980 f   ConEmuPluginBase.obj
 0001:0001dab0       ?LoadPanelTabsFromRegistry@CPluginBase@@IEAAXXZ 000000018001eab0 f   ConEmuPluginBase.obj
 0001:0001dc40       ?InitHWND@CPluginBase@@SAXXZ 000000018001ec40 f   ConEmuPluginBase.obj
 0001:0001df80       ?CheckConEmuDetached@CPluginBase@@SAXXZ 000000018001ef80 f   ConEmuPluginBase.obj
 0001:0001e030       ?EmergencyShow@CPluginBase@@KAXXZ 000000018001f030 f   ConEmuPluginBase.obj
 0001:0001e0a0       ?MonitorThreadProcW@CPluginBase@@SAKPEAX@Z 000000018001f0a0 f   ConEmuPluginBase.obj
 0001:0001e5d0       ?OpenPluginCommon@CPluginBase@@QEAAPEAXH_J_N@Z 000000018001f5d0 f   ConEmuPluginBase.obj
 0001:0001eaa0       ?ExitFarCommon@CPluginBase@@QEAAX_N@Z 000000018001faa0 f   ConEmuPluginBase.obj
 0001:0001eb10       ?OnMainThreadActivated@CPluginBase@@QEAAXXZ 000000018001fb10 f   ConEmuPluginBase.obj
 0001:0001ed10       ?ProcessSetWindowCommand@CPluginBase@@QEAAXXZ 000000018001fd10 f   ConEmuPluginBase.obj
 0001:0001ee80       ?CommonPluginStartup@CPluginBase@@QEAAXXZ 000000018001fe80 f   ConEmuPluginBase.obj
 0001:0001efb0       ?StopThread@CPluginBase@@QEAAX_N@Z 000000018001ffb0 f   ConEmuPluginBase.obj
 0001:0001f3e0       ??_G?$MFileMapping@UCESERVER_CONSOLE_MAPPING_HDR@@@@QEAAPEAXI@Z 00000001800203e0 f i ConEmuPluginBase.obj
 0001:0001f420       ?ShutdownPluginStep@CPluginBase@@SAXPEB_WHHHH@Z 0000000180020420 f   ConEmuPluginBase.obj
 0001:0001f440       ?ExecuteSynchro@CPluginBase@@QEAAXXZ 0000000180020440 f   ConEmuPluginBase.obj
 0001:0001f520       ?WaitPluginActivation@CPluginBase@@SAKKPEAPEAXHK@Z 0000000180020520 f   ConEmuPluginBase.obj
 0001:0001f6b0       ?ActivatePlugin@CPluginBase@@QEAA_NKPEAXK@Z 00000001800206b0 f   ConEmuPluginBase.obj
 0001:0001f9e0       ?cmd_OpenEditorLine@CPluginBase@@QEAA_NPEAUCESERVER_REQ_FAREDITOR@@@Z 00000001800209e0 f   ConEmuPluginBase.obj
 0001:0001fb10       ?cmd_RedrawFarCall@CPluginBase@@QEAA_NAEAPEAUCESERVER_REQ@@PEAPEAU2@@Z 0000000180020b10 f   ConEmuPluginBase.obj
 0001:0001fc00       ?cmd_SetWindow@CPluginBase@@QEAA_NPEAX_N@Z 0000000180020c00 f   ConEmuPluginBase.obj
 0001:0001fce0       ?cmd_LeftClickSync@CPluginBase@@QEAAXPEAX@Z 0000000180020ce0 f   ConEmuPluginBase.obj
 0001:0001fe70       ?cmd_CloseQSearch@CPluginBase@@QEAAXXZ 0000000180020e70 f   ConEmuPluginBase.obj
 0001:0001fed0       ?cmd_EMenu@CPluginBase@@QEAAXPEAX@Z 0000000180020ed0 f   ConEmuPluginBase.obj
 0001:0001ffe0       ?cmd_ExternalCallback@CPluginBase@@QEAA_NPEAX@Z 0000000180020fe0 f   ConEmuPluginBase.obj
 0001:00020080       ?cmd_ConSetFont@CPluginBase@@QEAAXPEAX@Z 0000000180021080 f   ConEmuPluginBase.obj
 0001:00020100       ?cmd_GuiChanged@CPluginBase@@QEAAXPEAX@Z 0000000180021100 f   ConEmuPluginBase.obj
 0001:00020210       ?ProcessCommand@CPluginBase@@QEAA_NKHPEAXPEAPEAUCESERVER_REQ@@_N@Z 0000000180021210 f   ConEmuPluginBase.obj
 0001:00020930       ?FarSetConsoleSize@CPluginBase@@SA_NFF@Z 0000000180021930 f   ConEmuPluginBase.obj
 0001:00020aa0       ?ReloadFarInfoApi@CPluginBase@@IEAA_NXZ 0000000180021aa0 f   ConEmuPluginBase.obj
 0001:00020d50       ?ReloadFarInfo@CPluginBase@@QEAA_N_N@Z 0000000180021d50 f   ConEmuPluginBase.obj
 0001:00021070       ?pcc_Selected@CPluginBase@@SA_NW4PluginMenuCommands@@@Z 0000000180022070 f   ConEmuPluginBase.obj
 0001:000210f0       ?pcc_Disabled@CPluginBase@@SA_NW4PluginMenuCommands@@@Z 00000001800220f0 f   ConEmuPluginBase.obj
 0001:000211d0       ?TouchReadPeekConsoleInputs@CPluginBase@@SAXH@Z 00000001800221d0 f   ConEmuPluginBase.obj
 0001:00021230       ?OnConsolePeekReadInput@CPluginBase@@SAX_N@Z 0000000180022230 f   ConEmuPluginBase.obj
 0001:000214a0       ?ActiveServerPID@CESERVER_CONSOLE_MAPPING_HDR@@QEBAKXZ 00000001800224a0 f i ConEmuPluginBase.obj
 0001:000214e0       ?UngetDummyMouseEvent@CPluginBase@@SA_N_NPEAUHookCallbackArg@@@Z 00000001800224e0 f   ConEmuPluginBase.obj
 0001:00021750       ??4HANDLE2@@QEAAAEAU0@PEAX@Z 0000000180022750 f i ConEmuPluginBase.obj
 0001:00021770       ?FillLoadedParm@CPluginBase@@SAXPEAUConEmuLoadedArg@@PEAUHINSTANCE__@@H@Z 0000000180022770 f   ConEmuPluginBase.obj
 0001:000218b0       ?NotifyConEmuUnloaded@CPluginBase@@SAXXZ 00000001800228b0 f   ConEmuPluginBase.obj
 0001:00021a00       ?OnPanelViewCallbacks@CPluginBase@@SA_NPEAUHookCallbackArg@@P6AHPEAXPEAU_INPUT_RECORD@@KPEAKPEAH@Z5@Z 0000000180022a00 f   ConEmuPluginBase.obj
 0001:00021b50       ?OnShellExecuteExW_Except@CPluginBase@@SAXPEAUHookCallbackArg@@@Z 0000000180022b50 f   ConEmuPluginBase.obj
 0001:00021ba0       ?OnGetNumberOfConsoleInputEventsPost@CPluginBase@@SAXPEAUHookCallbackArg@@@Z 0000000180022ba0 f   ConEmuPluginBase.obj
 0001:00021be0       ?OnConsolePeekInput@CPluginBase@@SAHPEAUHookCallbackArg@@@Z 0000000180022be0 f   ConEmuPluginBase.obj
 0001:00021c70       ?OnConsolePeekInputPost@CPluginBase@@SAXPEAUHookCallbackArg@@@Z 0000000180022c70 f   ConEmuPluginBase.obj
 0001:00021cc0       ?OnConsoleReadInputWork@CPluginBase@@SAHPEAUHookCallbackArg@@@Z 0000000180022cc0 f   ConEmuPluginBase.obj
 0001:00021d70       ?OnConsoleReadInput@CPluginBase@@SAHPEAUHookCallbackArg@@@Z 0000000180022d70 f   ConEmuPluginBase.obj
 0001:00021d90       ?OnConsoleReadInputPost@CPluginBase@@SAXPEAUHookCallbackArg@@@Z 0000000180022d90 f   ConEmuPluginBase.obj
 0001:00022040       ?OnWriteConsoleOutput@CPluginBase@@SAHPEAUHookCallbackArg@@@Z 0000000180023040 f   ConEmuPluginBase.obj
 0001:00022160       ?OnConsoleDetaching@CPluginBase@@SAHPEAUHookCallbackArg@@@Z 0000000180023160 f   ConEmuPluginBase.obj
 0001:000222c0       ?OnConsoleWasAttached@CPluginBase@@SAXPEAUHookCallbackArg@@@Z 00000001800232c0 f   ConEmuPluginBase.obj
 0001:00022340       ?OnCurDirChanged@CPluginBase@@SAXXZ 0000000180023340 f   ConEmuPluginBase.obj
 0001:000223d0       ?OnLibraryLoaded@CPluginBase@@SAXPEAUHINSTANCE__@@@Z 00000001800233d0 f   ConEmuPluginBase.obj
 0001:00022480       ?ToUnicode@CPluginBase@@SAPEA_WPEBD@Z 0000000180023480 f   ConEmuPluginBase.obj
 0001:00022520       ?ToOem@CPluginBase@@SAXPEB_WPEAD_J@Z 0000000180023520 f   ConEmuPluginBase.obj
 0001:000225a0       ?ToOem@CPluginBase@@SAPEADPEB_W@Z 00000001800235a0 f   ConEmuPluginBase.obj
 0001:00022610       ?ProcessDragFrom@CPluginBase@@QEAAXXZ 0000000180023610 f   ConEmuPluginBase.obj
 0001:00022ed0       ?ProcessDragTo@CPluginBase@@QEAAXXZ 0000000180023ed0 f   ConEmuPluginBase.obj
 0001:00023390       ?IsCurrentTabModal@CPluginBase@@QEAA_NXZ 0000000180024390 f   ConEmuPluginBase.obj
 0001:00023490       ?PrintText@CPluginBase@@QEAA_NPEB_W@Z 0000000180024490 f   ConEmuPluginBase.obj
 0001:00023630       ?Ptr@?$MFileMapping@UCESERVER_CONSOLE_MAPPING_HDR@@@@QEAAPEAUCESERVER_CONSOLE_MAPPING_HDR@@XZ 0000000180024630 f i ConEmuPluginBase.obj
 0001:00023640       ??$wcscpy_c@$0BBE@@@YAHAEAY0BBE@_WPEB_W@Z 0000000180024640 f i ConEmuPluginBase.obj
 0001:00023670       ??$wcscat_c@$0BBE@@@YAHAEAY0BBE@_WPEB_W@Z 0000000180024670 f i ConEmuPluginBase.obj
 0001:000236a0       ??$wcscat_c@$0CAE@@@YAHAEAY0CAE@_WPEB_W@Z 00000001800246a0 f i ConEmuPluginBase.obj
 0001:000236d0       ?EvaluateDefaultFontWidth@@YAHHPEB_W@Z 00000001800246d0 f   EmergencyShow.obj
 0001:00023850       ?SetUserFriendlyFont@@YAXPEAUHWND__@@HH@Z 0000000180024850 f   EmergencyShow.obj
 0001:00023e10       ?CorrectConsolePos@@YAXPEAUHWND__@@@Z 0000000180024e10 f   EmergencyShow.obj
 0001:00023ff0       ?EmergencyShow@@YAXPEAUHWND__@@HH@Z 0000000180024ff0 f   EmergencyShow.obj
 0001:00024170       ?IsFileBatch@@YA_NPEB_W@Z  0000000180025170 f   Execute.obj
 0001:00024210       ?GetImageSubsystem@@YA_NPEB_WAEAK11@Z 0000000180025210 f   Execute.obj
 0001:00024620       ?GetImageSubsystem@@YA_NAEAK0@Z 0000000180025620 f   Execute.obj
 0001:00024700       ?GetImageSubsystem@@YA_NU_PROCESS_INFORMATION@@AEAK1@Z 0000000180025700 f   Execute.obj
 0001:00024a00       ?GetEnclosingSectionHeader@@YAPEAU_IMAGE_SECTION_HEADER@@KPEAUIMAGE_MAPPING@@@Z 0000000180025a00 f   Execute.obj
 0001:00024ab0       ?GetPtrFromRVA@@YAPEAXKPEAUIMAGE_MAPPING@@@Z 0000000180025ab0 f   Execute.obj
 0001:00024b40       ?FindImageSubsystem@@YA_NPEB_WAEAK1PEAK@Z 0000000180025b40 f   Execute.obj
 0001:000259b0       ?OnHooksUnloaded@@YAXXZ    00000001800269b0 f   HkFunc.obj
 0001:000259c0       ??0HkFunc@@QEAA@XZ         00000001800269c0 f   HkFunc.obj
 0001:000259e0       ?Init@HkFunc@@QEAA_NPEB_WPEAUHINSTANCE__@@@Z 00000001800269e0 f   HkFunc.obj
 0001:00025af0       ?SetInternalMode@HkFunc@@QEAAXXZ 0000000180026af0 f   HkFunc.obj
 0001:00025b10       ?isConEmuHk@HkFunc@@QEAA_NXZ 0000000180026b10 f   HkFunc.obj
 0001:00025b40       ?HeapInitialize@@YA_NXZ    0000000180026b40 f   Memory.obj
 0001:00025b90       ?HeapDeinitialize@@YAXXZ   0000000180026b90 f   Memory.obj
 0001:00025bc0       ?xf_malloc@@YAPEAX_K@Z     0000000180026bc0 f   Memory.obj
 0001:00025bf0       ?xf_calloc@@YAPEAX_K0@Z    0000000180026bf0 f   Memory.obj
 0001:00025c30       ?xf_realloc@@YAPEAXPEAX_K@Z 0000000180026c30 f   Memory.obj
 0001:00025c80       ?xf_free@@YAXPEAX@Z        0000000180026c80 f   Memory.obj
 0001:00025cc0       ?xf_validate@@YA_NPEAX@Z   0000000180026cc0 f   Memory.obj
 0001:00025d10       ??2@YAPEAX_K@Z             0000000180026d10 f   Memory.obj
 0001:00025d40       ??_U@YAPEAX_K@Z            0000000180026d40 f   Memory.obj
 0001:00025d70       ??3@YAXPEAX@Z              0000000180026d70 f   Memory.obj
 0001:00025d90       ??_V@YAXPEAX@Z             0000000180026d90 f   Memory.obj
 0001:00025db0       ?GetStartupMonitor@@YAPEAUHMONITOR__@@XZ 0000000180026db0 f   Monitors.obj
 0001:00025ec0       ?MonitorFromParam@@YAPEAUHMONITOR__@@PEB_W@Z 0000000180026ec0 f   Monitors.obj
 0001:00026110       ?FindMonitorsWorkspace@@YAHPEAUHMONITOR__@@PEAUHDC__@@PEAUtagRECT@@_J@Z 0000000180027110 f   Monitors.obj
 0001:000261c0       ?GetAllMonitorsWorkspace@@YA?AUtagRECT@@XZ 00000001800271c0 f   Monitors.obj
 0001:00026250       ?FindPrimaryMonitor@@YAHPEAUHMONITOR__@@PEAUHDC__@@PEAUtagRECT@@_J@Z 0000000180027250 f   Monitors.obj
 0001:000262e0       ?GetMonitorInfoSafe@@YA_NPEAUHMONITOR__@@AEAUtagMONITORINFO@@@Z 00000001800272e0 f   Monitors.obj
 0001:00026350       ?GetPrimaryMonitorInfo@@YAPEAUHMONITOR__@@PEAUtagMONITORINFO@@@Z 0000000180027350 f   Monitors.obj
 0001:00026410       ?GetNearestMonitorInfo@@YAPEAUHMONITOR__@@PEAUtagMONITORINFO@@PEAU1@PEBUtagRECT@@PEAUHWND__@@@Z 0000000180027410 f   Monitors.obj
 0001:00026540       ?EnumAllMonitors@@YAHPEAUHMONITOR__@@PEAUHDC__@@PEAUtagRECT@@_J@Z 0000000180027540 f   Monitors.obj
 0001:000265f0       ?MonitorSortCallback@@YAHAEAU_FindAllMonitorsItem@@0@Z 00000001800275f0 f   Monitors.obj
 0001:00026670       ?GetNextMonitorInfo@@YAPEAUHMONITOR__@@PEAUtagMONITORINFO@@PEBUtagRECT@@_N@Z 0000000180027670 f   Monitors.obj
 0001:00026900       ??0_FindAllMonitors@@QEAA@XZ 0000000180027900 f i Monitors.obj
 0001:00026920       ??1_FindAllMonitors@@QEAA@XZ 0000000180027920 f i Monitors.obj
 0001:00026940       ?FindTaskbarWindow@@YAPEAUHWND__@@PEAUtagRECT@@@Z 0000000180027940 f   Monitors.obj
 0001:000269c0       ?IsTaskbarAutoHidden@@YA_NPEAUtagRECT@@PEAI@Z 00000001800279c0 f   Monitors.obj
 0001:00026ab0       ??0?$MArray@U_FindAllMonitorsItem@@@@QEAA@XZ 0000000180027ab0 f i Monitors.obj
 0001:00026b10       ??1?$MArray@U_FindAllMonitorsItem@@@@QEAA@XZ 0000000180027b10 f i Monitors.obj
 0001:00026b30       ??A?$MArray@U_FindAllMonitorsItem@@@@QEAAAEAU_FindAllMonitorsItem@@_J@Z 0000000180027b30 f i Monitors.obj
 0001:00026b50       ?push_back@?$MArray@U_FindAllMonitorsItem@@@@QEAA_JAEBU_FindAllMonitorsItem@@@Z 0000000180027b50 f i Monitors.obj
 0001:00026c20       ?size@?$MArray@U_FindAllMonitorsItem@@@@QEBA_JXZ 0000000180027c20 f i Monitors.obj
 0001:00026c30       ?sort@?$MArray@U_FindAllMonitorsItem@@@@QEAAXP6AHAEAU_FindAllMonitorsItem@@0@Z@Z 0000000180027c30 f i Monitors.obj
 0001:00026d80       ?clear@?$MArray@U_FindAllMonitorsItem@@@@QEAAXXZ 0000000180027d80 f i Monitors.obj
 0001:00026dd0       ?addsize@?$MArray@U_FindAllMonitorsItem@@@@QEAAX_J@Z 0000000180027dd0 f i Monitors.obj
 0001:00026f10       ??0MSection@@QEAA@XZ       0000000180027f10 f   MSection.obj
 0001:00027000       ??1MSection@@QEAA@XZ       0000000180028000 f   MSection.obj
 0001:000270d0       ?Process_Lock@MSection@@IEAAXXZ 00000001800280d0 f   MSection.obj
 0001:000270f0       ?Process_Unlock@MSection@@IEAAXXZ 00000001800280f0 f   MSection.obj
 0001:00027110       ?ThreadTerminated@MSection@@QEAAXK@Z 0000000180028110 f   MSection.obj
 0001:00027180       ?AddRef@MSection@@IEAAXK@Z 0000000180028180 f   MSection.obj
 0001:000272d0       ?ReleaseRef@MSection@@IEAAHK@Z 00000001800282d0 f   MSection.obj
 0001:000273f0       ?WaitUnlocked@MSection@@IEAAXKK@Z 00000001800283f0 f   MSection.obj
 0001:000274c0       ?MyEnterCriticalSection@MSection@@IEAA_NK@Z 00000001800284c0 f   MSection.obj
 0001:00027690       ?Lock@MSection@@IEAAHHK@Z  0000000180028690 f   MSection.obj
 0001:00027840       ?Unlock@MSection@@IEAAXH@Z 0000000180028840 f   MSection.obj
 0001:000278d0       ?isLockedExclusive@MSection@@QEAA_NXZ 00000001800288d0 f   MSection.obj
 0001:00027940       ??0MSectionThread@@QEAA@PEAVMSection@@@Z 0000000180028940 f   MSection.obj
 0001:00027980       ??1MSectionThread@@QEAA@XZ 0000000180028980 f   MSection.obj
 0001:000279c0       ??0MSectionLock@@QEAA@XZ   00000001800289c0 f   MSection.obj
 0001:000279f0       ??1MSectionLock@@QEAA@XZ   00000001800289f0 f   MSection.obj
 0001:00027a20       ?Lock@MSectionLock@@QEAAHPEAVMSection@@HK@Z 0000000180028a20 f   MSection.obj
 0001:00027af0       ?RelockExclusive@MSectionLock@@QEAAHK@Z 0000000180028af0 f   MSection.obj
 0001:00027b80       ?Unlock@MSectionLock@@QEAAXXZ 0000000180028b80 f   MSection.obj
 0001:00027bd0       ?isLocked@MSectionLock@@QEAAHH@Z 0000000180028bd0 f   MSection.obj
 0001:00027c20       ??0MSectionSimple@@QEAA@_N@Z 0000000180028c20 f   MSectionSimple.obj
 0001:00027c80       ??1MSectionSimple@@QEAA@XZ 0000000180028c80 f   MSectionSimple.obj
 0001:00027ca0       ?IsInitialized@MSectionSimple@@QEAA_NXZ 0000000180028ca0 f   MSectionSimple.obj
 0001:00027ce0       ?Init@MSectionSimple@@QEAAXXZ 0000000180028ce0 f   MSectionSimple.obj
 0001:00027d10       ?Close@MSectionSimple@@QEAAXXZ 0000000180028d10 f   MSectionSimple.obj
 0001:00027d40       ?Enter@MSectionSimple@@QEAAXXZ 0000000180028d40 f   MSectionSimple.obj
 0001:00027d60       ?Leave@MSectionSimple@@QEAAXXZ 0000000180028d60 f   MSectionSimple.obj
 0001:00027d80       ?TryEnter@MSectionSimple@@QEAA_NXZ 0000000180028d80 f   MSectionSimple.obj
 0001:00027dc0       ?RecreateAndLock@MSectionSimple@@QEAA_NXZ 0000000180028dc0 f   MSectionSimple.obj
 0001:00027e60       ??0MSectionLockSimple@@QEAA@XZ 0000000180028e60 f   MSectionSimple.obj
 0001:00027e80       ??1MSectionLockSimple@@QEAA@XZ 0000000180028e80 f   MSectionSimple.obj
 0001:00027eb0       ?Lock@MSectionLockSimple@@QEAAHPEAUMSectionSimple@@K@Z 0000000180028eb0 f   MSectionSimple.obj
 0001:00027f80       ?Unlock@MSectionLockSimple@@QEAAXXZ 0000000180028f80 f   MSectionSimple.obj
 0001:00027fc0       ?isLocked@MSectionLockSimple@@QEAAHXZ 0000000180028fc0 f   MSectionSimple.obj
 0001:00027fd0       ?NullSecurity@@YAPEAU_SECURITY_ATTRIBUTES@@XZ 0000000180028fd0 f   MSecurity.obj
 0001:00028030       ??0MNullDesc@@QEAA@XZ      0000000180029030 f i MSecurity.obj
 0001:000280b0       ?NullSecurity@MNullDesc@@QEAAPEAU_SECURITY_ATTRIBUTES@@XZ 00000001800290b0 f i MSecurity.obj
 0001:000281f0       ?LoadAdvApi@MNullDesc@@IEAAHXZ 00000001800291f0 f i MSecurity.obj
 0001:000284b0       ?UnloadAdvApi@MNullDesc@@IEAAXXZ 00000001800294b0 f i MSecurity.obj
 0001:000284f0       ?LocalSecurity@@YAPEAU_SECURITY_ATTRIBUTES@@XZ 00000001800294f0 f   MSecurity.obj
 0001:00028550       ?LocalSecurity@MNullDesc@@QEAAPEAU_SECURITY_ATTRIBUTES@@XZ 0000000180029550 f i MSecurity.obj
 0001:00028800       ?ShutdownSecurity@@YAXXZ   0000000180029800 f   MSecurity.obj
 0001:00028860       ??_GMNullDesc@@QEAAPEAXI@Z 0000000180029860 f i MSecurity.obj
 0001:000288a0       ??1MNullDesc@@QEAA@XZ      00000001800298a0 f i MSecurity.obj
 0001:00028930       ??0MSetter@@QEAA@PEAJ@Z    0000000180029930 f   MSetter.obj
 0001:00028980       ??0MSetter@@QEAA@PEA_N@Z   0000000180029980 f   MSetter.obj
 0001:000289d0       ??0MSetter@@QEAA@PEAKK@Z   00000001800299d0 f   MSetter.obj
 0001:00028a20       ??1MSetter@@QEAA@XZ        0000000180029a20 f   MSetter.obj
 0001:00028a40       ?Unlock@MSetter@@QEAAXXZ   0000000180029a40 f   MSetter.obj
 0001:00028ae0       ?lstrdup@@YAPEADPEBD@Z     0000000180029ae0 f   MStrDup.obj
 0001:00028b60       ?StringCchCopyA@@YAJPEAD_KPEBD@Z 0000000180029b60 f i MStrDup.obj
 0001:00028cf0       ?lstrdup@@YAPEA_WPEB_W_K@Z 0000000180029cf0 f   MStrDup.obj
 0001:00028eb0       ?lstrdupW@@YAPEA_WPEBDI@Z  0000000180029eb0 f   MStrDup.obj
 0001:00028f50       ?lstrdupA@@YAPEADPEB_WIPEAH@Z 0000000180029f50 f   MStrDup.obj
 0001:000290a0       ?lstrmerge@@YAPEA_WPEB_W00000000@Z 000000018002a0a0 f   MStrDup.obj
 0001:000292e0       ?lstrmerge@@YA_NPEAPEA_WPEB_W1111111@Z 000000018002a2e0 f   MStrDup.obj
 0001:000293a0       ?msprintf@@YAPEB_WPEA_W_KPEB_WZZ 000000018002a3a0 f   MStrSafe.obj
 0001:00029d60       ?msprintf@@YAPEBDPEAD_KPEBDZZ 000000018002ad60 f   MStrSafe.obj
 0001:0002a4a0       ?lstrcmpni@@YAHPEBD0H@Z    000000018002b4a0 f   MStrSafe.obj
 0001:0002a610       ?lstrcmpni@@YAHPEB_W0H@Z   000000018002b610 f   MStrSafe.obj
 0001:0002a7c0       ?startswith@@YAHPEB_W0_N@Z 000000018002b7c0 f   MStrSafe.obj
 0001:0002a870       ??0CPluginBackground@@QEAA@XZ 000000018002b870 f   PluginBackground.obj
 0001:0002ab20       ??1CPluginBackground@@QEAA@XZ 000000018002bb20 f   PluginBackground.obj
 0001:0002add0       ?RegisterSubplugin@CPluginBackground@@QEAAHPEAURegisterBackgroundArg@@@Z 000000018002bdd0 f   PluginBackground.obj
 0001:0002b340       ?ReallocItems@CPluginBackground@@IEAAXH@Z 000000018002c340 f   PluginBackground.obj
 0001:0002b3e0       ?OnMainThreadActivated@CPluginBackground@@QEAAXHH@Z 000000018002c3e0 f   PluginBackground.obj
 0001:0002b550       ?SetForceCheck@CPluginBackground@@QEAAXXZ 000000018002c550 f   PluginBackground.obj
 0001:0002b580       ?SetForceUpdate@CPluginBackground@@QEAAX_N@Z 000000018002c580 f   PluginBackground.obj
 0001:0002b5c0       ?SetForceThLoad@CPluginBackground@@QEAAXXZ 000000018002c5c0 f   PluginBackground.obj
 0001:0002b600       ?IsParmChanged@CPluginBackground@@IEAA_NPEAUPaintBackgroundArg@@0@Z 000000018002c600 f   PluginBackground.obj
 0001:0002b950       ?CheckPanelFolders@CPluginBackground@@IEAAXH@Z 000000018002c950 f   PluginBackground.obj
 0001:0002ba80       ?SetDcPanelRect@CPluginBackground@@IEAAXPEAUtagRECT@@PEAUBkPanelInfo@@PEAUPaintBackgroundArg@@@Z 000000018002ca80 f   PluginBackground.obj
 0001:0002bc20       ?UpdateBackground_Exec@CPluginBackground@@KAXPEAURegisterBackgroundArg@@PEAUPaintBackgroundArg@@@Z 000000018002cc20 f   PluginBackground.obj
 0001:0002bc80       ?UpdateBackground@CPluginBackground@@IEAAXXZ 000000018002cc80 f   PluginBackground.obj
 0001:0002cd50       ?LoadThSet@CPluginBackground@@IEAAHH@Z 000000018002dd50 f   PluginBackground.obj
 0001:0002cfc0       ?MonitorBackground@CPluginBackground@@QEAAXXZ 000000018002dfc0 f   PluginBackground.obj
 0001:0002d0a0       ?GetTo@?$MFileMapping@UPanelViewSetMapping@@@@QEAA_NPEAUPanelViewSetMapping@@H@Z 000000018002e0a0 f i PluginBackground.obj
 0001:0002d100       ?InitName@?$MFileMapping@UPanelViewSetMapping@@@@QEAAPEB_WPEB_WKK@Z 000000018002e100 f i PluginBackground.obj
 0001:0002d160       ?CloseMap@?$MFileMapping@UPanelViewSetMapping@@@@QEAAXXZ 000000018002e160 f i PluginBackground.obj
 0001:0002d1f0       ?Open@?$MFileMapping@UPanelViewSetMapping@@@@QEAAPEAUPanelViewSetMapping@@HH@Z 000000018002e1f0 f i PluginBackground.obj
 0001:0002d220       ??0?$MFileMapping@UPanelViewSetMapping@@@@QEAA@XZ 000000018002e220 f i PluginBackground.obj
 0001:0002d290       ??1?$MFileMapping@UPanelViewSetMapping@@@@QEAA@XZ 000000018002e290 f i PluginBackground.obj
 0001:0002d2c0       ?IsValid@?$MFileMapping@UPanelViewSetMapping@@@@QEAA_NXZ 000000018002e2c0 f i PluginBackground.obj
 0001:0002d2f0       ?ClosePtr@?$MFileMapping@UPanelViewSetMapping@@@@QEAAXXZ 000000018002e2f0 f i PluginBackground.obj
 0001:0002d330       ?InternalOpenCreate@?$MFileMapping@UPanelViewSetMapping@@@@IEAAPEAUPanelViewSetMapping@@HHH@Z 000000018002e330 f i PluginBackground.obj
 0001:0002d710       ?PlugServerInit@@YAXXZ     000000018002e710 f   PluginSrv.obj
 0001:0002d720       ?PlugServerStart@@YA_NXZ   000000018002e720 f   PluginSrv.obj
 0001:0002d860       ?PlugServerStop@@YAX_N@Z   000000018002e860 f   PluginSrv.obj
 0001:0002d8c0       ?cmd_FarSetChanged@@YAXPEAUFAR_REQ_FARSETCHANGED@@@Z 000000018002e8c0 f   PluginSrv.obj
 0001:0002d940       ?PlugServerCommand@@YAHPEAXPEAUCESERVER_REQ@@AEAPEAU1@AEAK3_J@Z 000000018002e940 f   PluginSrv.obj
 0001:0002e370       ?PlugServerFree@@YAXPEAUCESERVER_REQ@@_J@Z 000000018002f370 f   PluginSrv.obj
 0001:0002e390       ?SetOverlapped@?$PipeServer@UCESERVER_REQ@@@@QEAAX_N@Z 000000018002f390 f i PluginSrv.obj
 0001:0002e3b0       ?SetLoopCommands@?$PipeServer@UCESERVER_REQ@@@@QEAAX_N@Z 000000018002f3b0 f i PluginSrv.obj
 0001:0002e3d0       ?SetDummyAnswerSize@?$PipeServer@UCESERVER_REQ@@@@QEAAXH@Z 000000018002f3d0 f i PluginSrv.obj
 0001:0002e3f0       ?SetMaxCount@?$PipeServer@UCESERVER_REQ@@@@QEAAXH@Z 000000018002f3f0 f i PluginSrv.obj
 0001:0002e440       ?StartPipeServer@?$PipeServer@UCESERVER_REQ@@@@QEAA_N_NPEB_W_JPEAU_SECURITY_ATTRIBUTES@@P6AHPEAXPEAUCESERVER_REQ@@AEAPEAU3@AEAK72@ZP6AX52@ZP6AH42@ZP6AH42@ZP6AH42@Z@Z 000000018002f440 f i PluginSrv.obj
 0001:0002e6b0       ?StopPipeServer@?$PipeServer@UCESERVER_REQ@@@@QEAAX_NAEA_N@Z 000000018002f6b0 f i PluginSrv.obj
 0001:0002efe0       ?BreakConnection@?$PipeServer@UCESERVER_REQ@@@@QEAAXPEAX@Z 000000018002ffe0 f i PluginSrv.obj
 0001:0002f010       ?DumpError@?$PipeServer@UCESERVER_REQ@@@@IEAAXPEAUPipeInst@1@PEB_WH@Z 0000000180030010 f i PluginSrv.obj
 0001:0002f150       ?_Disconnect@?$PipeServer@UCESERVER_REQ@@@@IEAAXPEAUPipeInst@1@_N11@Z 0000000180030150 f i PluginSrv.obj
 0001:0002f200       ?StartPipeInstance@?$PipeServer@UCESERVER_REQ@@@@IEAA_NPEAUPipeInst@1@@Z 0000000180030200 f i PluginSrv.obj
 0001:0002f4c0       ?TerminatePipeThread@?$PipeServer@UCESERVER_REQ@@@@KAXAEAPEAXAEBUPipeInst@1@AEA_N@Z 00000001800304c0 f i PluginSrv.obj
 0001:0002f580       ?_PipeServerThread@?$PipeServer@UCESERVER_REQ@@@@KAKPEAX@Z 0000000180030580 f i PluginSrv.obj
 0001:0002f620       ?PipeServerThread@?$PipeServer@UCESERVER_REQ@@@@IEAAKPEAUPipeInst@1@@Z 0000000180030620 f i PluginSrv.obj
 0001:0002fb70       ?PipeServerRead@?$PipeServer@UCESERVER_REQ@@@@IEAAHPEAUPipeInst@1@@Z 0000000180030b70 f i PluginSrv.obj
 0001:0002ffe0       ?PipeServerWrite@?$PipeServer@UCESERVER_REQ@@@@IEAAHPEAUPipeInst@1@PEBXKPEAKH@Z 0000000180030fe0 f i PluginSrv.obj
 0001:00030220       ?WaitForClient@?$PipeServer@UCESERVER_REQ@@@@IEAA_NPEAUPipeInst@1@AEAH1@Z 0000000180031220 f i PluginSrv.obj
 0001:00030830       ?WriteDummyAnswer@?$PipeServer@UCESERVER_REQ@@@@IEAAHPEAUPipeInst@1@@Z 0000000180031830 f i PluginSrv.obj
 0001:000308d0       ?WaitOverlapped@?$PipeServer@UCESERVER_REQ@@@@IEAAHPEAUPipeInst@1@PEAK@Z 00000001800318d0 f i PluginSrv.obj
 0001:00030bc0       ?AllocRequestBuf@PipeInst@?$PipeServer@UCESERVER_REQ@@@@QEAAPEAUCESERVER_REQ@@K@Z 0000000180031bc0 f i PluginSrv.obj
 0001:00030c60       ??$wcscpy_c@$0BAE@@@YAHAEAY0BAE@_WPEB_W@Z 0000000180031c60 f i PluginSrv.obj
 0001:00030dc0       ?SetConEmuEnvHWND@@YAXPEB_WPEAUHWND__@@@Z 0000000180031dc0 f   SetEnvVar.obj
 0001:00030e20       ?SetConEmuEnvVar@@YAXPEAUHWND__@@@Z 0000000180031e20 f   SetEnvVar.obj
 0001:00030ea0       ?SetConEmuEnvVarChild@@YAXPEAUHWND__@@0@Z 0000000180031ea0 f   SetEnvVar.obj
 0001:00030ee0       ?SetConEmuWorkEnvVar@@YAXPEAUHINSTANCE__@@@Z 0000000180031ee0 f   SetEnvVar.obj
 0001:000310b0       ??0CEnvStrings@@QEAA@PEA_W@Z 00000001800320b0 f   SetEnvVar.obj
 0001:00031170       ??1CEnvStrings@@QEAA@XZ    0000000180032170 f   SetEnvVar.obj
 0001:000311b0       ?ShutdownConsole@@YAXXZ    00000001800321b0 f   WConsole.obj
 0001:00031200       ?SetConsoleInfo@@YAHPEAUHWND__@@PEAU_CONSOLE_INFO@@@Z 0000000180032200 f   WConsole.obj
 0001:00031530       ?GetConsoleSizeInfo@@YAXPEAU_CONSOLE_INFO@@@Z 0000000180032530 f   WConsole.obj
 0001:00031600       ?apiGetConsoleScreenBufferInfoEx@@YAHPEAXPEAUMY_CONSOLE_SCREEN_BUFFER_INFOEX@@@Z 0000000180032600 f   WConsole.obj
 0001:00031680       ?apiSetConsoleScreenBufferInfoEx@@YAHPEAXPEAUMY_CONSOLE_SCREEN_BUFFER_INFOEX@@@Z 0000000180032680 f   WConsole.obj
 0001:00031720       ?apiGetCurrentConsoleFontEx@@YAHPEAXHPEAUMY_CONSOLE_FONT_INFOEX@@@Z 0000000180032720 f   WConsole.obj
 0001:000317b0       ?apiSetCurrentConsoleFontEx@@YAHPEAXHPEAUMY_CONSOLE_FONT_INFOEX@@@Z 00000001800327b0 f   WConsole.obj
 0001:00031840       ?apiInitConsoleFontSize@@YAHPEAX@Z 0000000180032840 f   WConsole.obj
 0001:000318e0       ?apiGetConsoleFontSize@@YAHPEAXAEAH1AEAY0CA@_W@Z 00000001800328e0 f   WConsole.obj
 0001:000319b0       ?apiSetConsoleFontSize@@YAHPEAXHHPEB_W@Z 00000001800329b0 f   WConsole.obj
 0001:00031b20       ?apiFixFontSizeForBufferSize@@YAHPEAXU_COORD@@PEADH@Z 0000000180032b20 f   WConsole.obj
 0001:00032200       ?SetConsoleFontSizeTo@@YAXPEAUHWND__@@HHPEB_WGG@Z 0000000180033200 f   WConsole.obj
 0001:00032800       ?apiPauseConsoleOutput@@YAHPEAUHWND__@@_N@Z 0000000180033800 f   WConsole.obj
 0001:00032960       ?apiGetConsoleSelectionInfo@@YAHPEAU_CONSOLE_SELECTION_INFO@@@Z 0000000180033960 f   WConsole.obj
 0001:00032a80       ?MyGetLargestConsoleWindowSize@@YA?AU_COORD@@PEAX@Z 0000000180033a80 f   WConsole.obj
 0001:00032b10       ??0MSetConTextAttr@@QEAA@PEAXG@Z 0000000180033b10 f   WConsole.obj
 0001:00032b90       ??1MSetConTextAttr@@QEAA@XZ 0000000180033b90 f   WConsole.obj
 0001:00032bd0       ?SearchAppPaths@@YA_NPEB_WAEAUCEStr@@_NPEAU1@@Z 0000000180033bd0 f   WFiles.obj
 0001:000332c0       ?GetFullPathNameEx@@YAPEA_WPEB_W@Z 00000001800342c0 f   WFiles.obj
 0001:000333d0       ?FindFileName@@YA_NPEB_WAEAUCEStr@@@Z 00000001800343d0 f   WFiles.obj
 0001:00033620       ?MakePathProperCase@@YA_NAEAUCEStr@@@Z 0000000180034620 f   WFiles.obj
 0001:00033950       ?ReadTextFile@@YAHPEB_WKAEAPEA_WAEAK2K@Z 0000000180034950 f   WFiles.obj
 0001:00033f80       ?WriteTextFile@@YAHPEB_W0HK_NPEAK@Z 0000000180034f80 f   WFiles.obj
 0001:00034340       ?FilesExists@@YA_NPEB_W0_NH@Z 0000000180035340 f   WFiles.obj
 0001:00034560       ?IsDotsName@@YA_NPEB_W@Z   0000000180035560 f   WFiles.obj
 0001:000345c0       ?FileExistSubDir@@YA_NPEB_W0HAEAUCEStr@@@Z 00000001800355c0 f   WFiles.obj
 0001:00034800       ?DirectoryExists@@YA_NPEB_W@Z 0000000180035800 f   WFiles.obj
 0001:000349a0       ?MyCreateDirectory@@YA_NPEA_W@Z 00000001800359a0 f   WFiles.obj
 0001:00034af0       ?FileCompare@@YA_NPEB_W0@Z 0000000180035af0 f   WFiles.obj
 0001:00034de0       ?apiCancelSynchronousIo@@YAHPEAX@Z 0000000180035de0 f   WFiles.obj
 0001:00034ea0       ?HasZoneIdentifier@@YA_NPEB_WAEAH@Z 0000000180035ea0 f   WFiles.obj
 0001:00034ff0       ?DropZoneIdentifier@@YA_NPEB_WAEAK@Z 0000000180035ff0 f   WFiles.obj
 0001:00035120       ?IsModuleValid@@YA_NPEAUHINSTANCE__@@H@Z 0000000180036120 f   WModuleCheck.obj
 0001:000352c0       ?CheckCallbackPtr@@YA_NPEAUHINSTANCE__@@_KPEAP6A_JXZHHH@Z 00000001800362c0 f   WModuleCheck.obj
 0001:000354b0       ?getWindowInfo@@YAXPEAUHWND__@@AEAY0EAA@_W_NPEAK@Z 00000001800364b0 f   WObjects.obj
 0001:000356c0       ?FileExists@@YA_NPEB_WPEAK@Z 00000001800366c0 f   WObjects.obj
 0001:000358e0       ?apiSearchPath@@YAHPEB_W00AEAUCEStr@@@Z 00000001800368e0 f   WObjects.obj
 0001:00035aa0       ?apiGetFullPathName@@YAHPEB_WAEAUCEStr@@@Z 0000000180036aa0 f   WObjects.obj
 0001:00035c20       ?FileSearchInDir@@YA_NPEB_WAEAUCEStr@@@Z 0000000180036c20 f   WObjects.obj
 0001:00035e40       ?FileExistsSearch@@YA_NPEB_WAEAUCEStr@@_N2@Z 0000000180036e40 f   WObjects.obj
 0001:00035f80       ?GetShortFileName@@YA_NPEB_WHPEA_WH@Z 0000000180036f80 f   WObjects.obj
 0001:00036200       ?GetShortFileNameEx@@YAPEA_WPEB_WH@Z 0000000180037200 f   WObjects.obj
 0001:00036740       ?GetModulePathName@@YAKPEAUHINSTANCE__@@AEAUCEStr@@@Z 0000000180037740 f   WObjects.obj
 0001:00036810       ?IsWine@@YA_NXZ            0000000180037810 f   WObjects.obj
 0001:000369a0       ?IsWinPE@@YA_NXZ           00000001800379a0 f   WObjects.obj
 0001:00036a50       ?GetOsVersionInformational@@YA_NPEAU_OSVERSIONINFOW@@@Z 0000000180037a50 f   WObjects.obj
 0001:00036a90       ?IsWinVerOrHigher@@YA_NG@Z 0000000180037a90 f   WObjects.obj
 0001:00036b60       ?IsWinVerEqual@@YA_NG@Z    0000000180037b60 f   WObjects.obj
 0001:00036c30       ?IsWin2kEql@@YA_NXZ        0000000180037c30 f   WObjects.obj
 0001:00036c90       ?IsWin5family@@YA_NXZ      0000000180037c90 f   WObjects.obj
 0001:00036d50       ?IsWinXPSP1@@YA_NXZ        0000000180037d50 f   WObjects.obj
 0001:00036e40       ?IsWin6@@YA_NXZ            0000000180037e40 f   WObjects.obj
 0001:00036ea0       ?IsWin7@@YA_NXZ            0000000180037ea0 f   WObjects.obj
 0001:00036f00       ?IsWin8@@YA_NXZ            0000000180037f00 f   WObjects.obj
 0001:00036f60       ?IsWin8_1@@YA_NXZ          0000000180037f60 f   WObjects.obj
 0001:00036fc0       ?IsWin10@@YA_NXZ           0000000180037fc0 f   WObjects.obj
 0001:000370a0       ?IsDbcs@@YA_NXZ            00000001800380a0 f   WObjects.obj
 0001:000370e0       ?IsWindows64@@YA_NXZ       00000001800380e0 f   WObjects.obj
 0001:00037110       ?IsHwFullScreenAvailable@@YA_NXZ 0000000180038110 f   WObjects.obj
 0001:000371a0       ?IsVsNetHostExe@@YA_NPEB_W@Z 00000001800381a0 f   WObjects.obj
 0001:00037240       ?IsGDB@@YA_NPEB_W@Z        0000000180038240 f   WObjects.obj
 0001:000372b0       ?GetProcessBits@@YAHKPEAX@Z 00000001800382b0 f   WObjects.obj
 0001:00037400       ?GetProcessInfo@@YA_NKPEAUtagPROCESSENTRY32W@@@Z 0000000180038400 f   WObjects.obj
 0001:000374f0       ?isTerminalMode@@YA_NXZ    00000001800384f0 f   WObjects.obj
 0001:00037840       ?ExpandMacroValues@@YAPEA_WPEB_WPEAPEB_W_K@Z 0000000180038840 f   WObjects.obj
 0001:00037a90       ?ExpandEnvStr@@YAPEA_WPEB_W@Z 0000000180038a90 f   WObjects.obj
 0001:00037ba0       ?GetEnvVar@@YAPEA_WPEB_W@Z 0000000180038ba0 f   WObjects.obj
 0001:00037c90       ?GetComspecFromEnvVar@@YAPEB_WPEA_WKW4ComSpecBits@@@Z 0000000180038c90 f   WObjects.obj
 0001:00037ff0       ?GetComspec@@YAPEA_WPEBUConEmuComspec@@@Z 0000000180038ff0 f   WObjects.obj
 0001:000382b0       ?IsExportEnvVarAllowed@@YA_NPEB_W@Z 00000001800392b0 f   WObjects.obj
 0001:00038330       ?ApplyExportEnvVar@@YAXPEB_W@Z 0000000180039330 f   WObjects.obj
 0001:000383f0       ?CoordInSmallRect@@YA_NAEBU_COORD@@AEBU_SMALL_RECT@@@Z 00000001800393f0 f   WObjects.obj
 0001:00038470       ?GetCpFromString@@YAIPEB_WPEAPEB_W@Z 0000000180039470 f   WObjects.obj
 0001:000386d0       ??$wcscpy_c@$0EAA@@@YAHAEAY0EAA@_WPEB_W@Z 00000001800396d0 f i WObjects.obj
 0001:00038700       ??$wcscpy_c@$0BAA@@@YAHAEAY0BAA@_WPEB_W@Z 0000000180039700 f i WObjects.obj
 0001:00038730       ?apiThreadHelper@@YAKPEAX@Z 0000000180039730 f   WThreads.obj
 0001:00038920       ?apiCreateThread@@YAPEAXP6AKPEAX@Z0PEAKPEBDH@Z 0000000180039920 f   WThreads.obj
 0001:00038b20       ??0ConEmuThreadStartArg@@QEAA@P6AKPEAX@Z0K@Z 0000000180039b20 f i WThreads.obj
 0001:00038b80       ?apiTerminateThreadEx@@YAHPEAXKPEBDH@Z 0000000180039b80 f   WThreads.obj
 0001:00038d10       ?SetThreadName@@YAXKPEAD@Z 0000000180039d10 f   WThreads.obj
 0001:00038d70       ?apiSetForegroundWindow@@YA_NPEAUHWND__@@@Z 0000000180039d70 f   WUser.obj
 0001:00038db0       ?apiShowWindow@@YA_NPEAUHWND__@@H@Z 0000000180039db0 f   WUser.obj
 0001:00038df0       ?apiShowWindowAsync@@YA_NPEAUHWND__@@H@Z 0000000180039df0 f   WUser.obj
 0001:00038e30       ?IsUserAdmin@@YA_NXZ       0000000180039e30 f   WUser.obj
 0001:00038f90       ?GetLogonSID@@YA_NPEAXPEAPEA_W@Z 0000000180039f90 f   WUser.obj
 0001:000390f0       ?DuplicateProcessHandle@@YAPEAXK@Z 000000018003a0f0 f   WUser.obj
 0001:00039180       ?FindComspec@@YAXPEAUConEmuComspec@@_N@Z 000000018003a180 f   WUser.obj
 0001:00039d70       ?UpdateComspec@@YAXPEAUConEmuComspec@@_N@Z 000000018003ad70 f   WUser.obj
 0001:0003a220       ?SetEnvVarExpanded@@YAXPEB_W0@Z 000000018003b220 f   WUser.obj
 0001:0003a46c       lstrlenW                   000000018003b46c f   kernel32:KERNEL32.dll
 0001:0003a472       SetEnvironmentVariableW    000000018003b472 f   kernel32:KERNEL32.dll
 0001:0003a478       lstrcpynW                  000000018003b478 f   kernel32:KERNEL32.dll
 0001:0003a47e       lstrcmpiW                  000000018003b47e f   kernel32:KERNEL32.dll
 0001:0003a484       lstrcmpW                   000000018003b484 f   kernel32:KERNEL32.dll
 0001:0003a48a       GetCurrentDirectoryW       000000018003b48a f   kernel32:KERNEL32.dll
 0001:0003a490       GetProcAddress             000000018003b490 f   kernel32:KERNEL32.dll
 0001:0003a496       GetModuleHandleW           000000018003b496 f   kernel32:KERNEL32.dll
 0001:0003a49c       GetModuleFileNameW         000000018003b49c f   kernel32:KERNEL32.dll
 0001:0003a4a2       SetNamedPipeHandleState    000000018003b4a2 f   kernel32:KERNEL32.dll
 0001:0003a4a8       GetCurrentProcessId        000000018003b4a8 f   kernel32:KERNEL32.dll
 0001:0003a4ae       Sleep                      000000018003b4ae f   kernel32:KERNEL32.dll
 0001:0003a4b4       SetLastError               000000018003b4b4 f   kernel32:KERNEL32.dll
 0001:0003a4ba       WaitNamedPipeW             000000018003b4ba f   kernel32:KERNEL32.dll
 0001:0003a4c0       WaitForSingleObject        000000018003b4c0 f   kernel32:KERNEL32.dll
 0001:0003a4c6       GetLastError               000000018003b4c6 f   kernel32:KERNEL32.dll
 0001:0003a4cc       CreateFileW                000000018003b4cc f   kernel32:KERNEL32.dll
 0001:0003a4d2       GetTickCount               000000018003b4d2 f   kernel32:KERNEL32.dll
 0001:0003a4d8       IsDebuggerPresent          000000018003b4d8 f   kernel32:KERNEL32.dll
 0001:0003a4de       GetCurrentThreadId         000000018003b4de f   kernel32:KERNEL32.dll
 0001:0003a4e4       ReadFile                   000000018003b4e4 f   kernel32:KERNEL32.dll
 0001:0003a4ea       CloseHandle                000000018003b4ea f   kernel32:KERNEL32.dll
 0001:0003a4f0       TransactNamedPipe          000000018003b4f0 f   kernel32:KERNEL32.dll
 0001:0003a4f6       WriteFile                  000000018003b4f6 f   kernel32:KERNEL32.dll
 0001:0003a4fc       GetConsoleWindow           000000018003b4fc f   kernel32:KERNEL32.dll
 0001:0003a502       UnmapViewOfFile            000000018003b502 f   kernel32:KERNEL32.dll
 0001:0003a508       MapViewOfFile              000000018003b508 f   kernel32:KERNEL32.dll
 0001:0003a50e       OpenFileMappingW           000000018003b50e f   kernel32:KERNEL32.dll
 0001:0003a514       LoadLibraryW               000000018003b514 f   kernel32:KERNEL32.dll
 0001:0003a51a       CreateFileMappingW         000000018003b51a f   kernel32:KERNEL32.dll
 0001:0003a520       VirtualProtect             000000018003b520 f   kernel32:KERNEL32.dll
 0001:0003a526       lstrcpyW                   000000018003b526 f   kernel32:KERNEL32.dll
 0001:0003a52c       MultiByteToWideChar        000000018003b52c f   kernel32:KERNEL32.dll
 0001:0003a532       lstrcpynA                  000000018003b532 f   kernel32:KERNEL32.dll
 0001:0003a538       lstrlenA                   000000018003b538 f   kernel32:KERNEL32.dll
 0001:0003a53e       WideCharToMultiByte        000000018003b53e f   kernel32:KERNEL32.dll
 0001:0003a544       lstrcpyA                   000000018003b544 f   kernel32:KERNEL32.dll
 0001:0003a54a       Module32NextW              000000018003b54a f   kernel32:KERNEL32.dll
 0001:0003a550       Module32FirstW             000000018003b550 f   kernel32:KERNEL32.dll
 0001:0003a556       CreateToolhelp32Snapshot   000000018003b556 f   kernel32:KERNEL32.dll
 0001:0003a55c       GetConsoleCursorInfo       000000018003b55c f   kernel32:KERNEL32.dll
 0001:0003a562       GetConsoleScreenBufferInfo 000000018003b562 f   kernel32:KERNEL32.dll
 0001:0003a568       GetStdHandle               000000018003b568 f   kernel32:KERNEL32.dll
 0001:0003a56e       GetConsoleTitleW           000000018003b56e f   kernel32:KERNEL32.dll
 0001:0003a574       DeleteFileW                000000018003b574 f   kernel32:KERNEL32.dll
 0001:0003a57a       Thread32Next               000000018003b57a f   kernel32:KERNEL32.dll
 0001:0003a580       Thread32First              000000018003b580 f   kernel32:KERNEL32.dll
 0001:0003a586       GetConsoleMode             000000018003b586 f   kernel32:KERNEL32.dll
 0001:0003a58c       GetExitCodeProcess         000000018003b58c f   kernel32:KERNEL32.dll
 0001:0003a592       CreateProcessW             000000018003b592 f   kernel32:KERNEL32.dll
 0001:0003a598       SetConsoleMode             000000018003b598 f   kernel32:KERNEL32.dll
[...]
 0003:00003158       ?ghConsoleWrite@@3PEAXEA   000000018005b158     ConEmuPluginBase.obj
 0003:00003160       ?gbSynchroProhibited@@3_NA 000000018005b160     ConEmuPluginBase.obj
 0003:00003161       ?gbInputSynchroPending@@3_NA 000000018005b161     ConEmuPluginBase.obj
 0003:00003178       ?hkFunc@@3UHkFunc@@A       000000018005b178     HkFunc.obj
 0003:00003180       ?AssertMsgBox@@3P6AHPEB_WI0PEAUHWND__@@_N@ZEA 000000018005b180     MAssert.obj
 0003:00003188       ?gfnHooksUnlockerProc@@3P6A_N_N@ZEA 000000018005b188     MAssert.obj
 0003:00003190       ?ghHeap@@3PEAXEA           000000018005b190     Memory.obj
 0003:00003198       ?gNullDesc@@3PEAVMNullDesc@@EA 000000018005b198     MSecurity.obj
 0003:000031a0       ?gbNeedBgActivate@@3HA     000000018005b1a0     PluginBackground.obj
 0003:000031a4       ?gbBgPluginsAllowed@@3HA   000000018005b1a4     PluginBackground.obj
 0003:000031a8       ?gpBgPlugin@@3PEAVCPluginBackground@@EA 000000018005b1a8     PluginBackground.obj
 0003:000031b0       ?gszPluginServerPipe@@3PA_WA 000000018005b1b0     PluginSrv.obj
 0003:000033b8       ?gpPlugServer@@3PEAU?$PipeServer@UCESERVER_REQ@@@@EA 000000018005b3b8     PluginSrv.obj
 0003:000033c0       ?ghServerTerminateEvent@@3PEAXEA 000000018005b3c0     PluginSrv.obj
 0003:000033c8       ?gbForcedServerTermination@@3_NA 000000018005b3c8     PluginSrv.obj
 0003:000033d0       ?gpConsoleInfoStr@@3PEAU_CONSOLE_INFO@@EA 000000018005b3d0     WConsole.obj
 0003:000033d8       ?ghConsoleSection@@3PEAXEA 000000018005b3d8     WConsole.obj
 0003:000033e0       ?g_LastSetConsoleFont@@3UMY_CONSOLE_FONT_INFOEX@@A 000000018005b3e0     WConsole.obj
 0003:000034d0       ?gfnSearchAppPaths@@3P6A_NPEB_WAEAUCEStr@@_NPEAU1@@ZEA 000000018005b4d0     WObjects.obj
 0003:0000bd20       ?g_ThreadsIdx@@3JA         0000000180063d20     WThreads.obj
 0003:0000bd2c       __error_mode               0000000180063d2c     LIBCMT:dllcrt0.obj
 0003:0000bd30       _aenvptr                   0000000180063d30     LIBCMT:dllcrt0.obj
 0003:0000bd38       _wenvptr                   0000000180063d38     LIBCMT:dllcrt0.obj
 0003:0000bd40       __app_type                 0000000180063d40     LIBCMT:dllcrt0.obj
 0003:0000c070       __pPurecall                0000000180064070     LIBCMT:inithelp.obj
 0003:0000c080       __mbulinfo                 0000000180064080     LIBCMT:mbctype.obj
 0003:0000c08c       __mbcodepage               000000018006408c     LIBCMT:mbctype.obj
 0003:0000c090       __ismbcodepage             0000000180064090     LIBCMT:mbctype.obj
 0003:0000c094       __mblcid                   0000000180064094     LIBCMT:mbctype.obj
 0003:0000c098       __locale_changed           0000000180064098     LIBCMT:setlocal.obj
 0003:0000c0a0       __lc_handle                00000001800640a0     LIBCMT:nlsdata2.obj
 0003:0000c0b8       __lc_codepage              00000001800640b8     LIBCMT:nlsdata2.obj
 0003:0000c0bc       __lc_collate_cp            00000001800640bc     LIBCMT:nlsdata2.obj
 0003:0000c0c0       __pInvalidArgHandler       00000001800640c0     LIBCMT:invarg.obj
 0003:0000c0c8       _maxwait                   00000001800640c8     LIBCMT:crtheap.obj
 0003:0000c0d0       _umaskval                  00000001800640d0     LIBCMT:crt0dat.obj
 0003:0000c0d4       __argc                     00000001800640d4     LIBCMT:crt0dat.obj
 0003:0000c0d8       __argv                     00000001800640d8     LIBCMT:crt0dat.obj
 0003:0000c0e0       __wargv                    00000001800640e0     LIBCMT:crt0dat.obj
 0003:0000c0e8       _environ                   00000001800640e8     LIBCMT:crt0dat.obj
 0003:0000c0f0       __initenv                  00000001800640f0     LIBCMT:crt0dat.obj
 0003:0000c0f8       _wenviron                  00000001800640f8     LIBCMT:crt0dat.obj
 0003:0000c100       __winitenv                 0000000180064100     LIBCMT:crt0dat.obj
 0003:0000c108       _pgmptr                    0000000180064108     LIBCMT:crt0dat.obj
 0003:0000c110       _wpgmptr                   0000000180064110     LIBCMT:crt0dat.obj
 0003:0000c118       _exitflag                  0000000180064118     LIBCMT:crt0dat.obj
 0003:0000c11c       _C_Termination_Done        000000018006411c     LIBCMT:crt0dat.obj
 0003:0000c120       _C_Exit_Done               0000000180064120     LIBCMT:crt0dat.obj
 0003:0000c240       _crtheap                   0000000180064240     LIBCMT:heapinit.obj
 0003:0000c4dc       __lconv_static_null        00000001800644dc     LIBCMT:lconv.obj
 0003:0000c4e0       ?__pInconsistency@@3P6AXXZEA 00000001800644e0     LIBCMT:hooks.obj
 0003:0000c4f8       ?_pnhHeap@@3P6AH_K@ZEA     00000001800644f8     LIBCMT:handler.obj
 0003:0000cb2c       _newmode                   0000000180064b2c     LIBCMT:_newmode.obj
 0003:0000cb34       _debugger_hook_dummy       0000000180064b34     <common>
 0003:0000cb38       _nhandle                   0000000180064b38     <common>
 0003:0000cb40       __pioinfo                  0000000180064b40     <common>
 0003:0000cd40       __env_initialized          0000000180064d40     <common>
 0003:0000cd48       __onexitend                0000000180064d48     <common>
 0003:0000cd50       __onexitbegin              0000000180064d50     <common>
 0003:0000cd58       __mbctype_initialized      0000000180064d58     <common>
 0003:0000cd60       _FPinit                    0000000180064d60     <common>
 0003:0000cd68       __dyn_tls_init_callback    0000000180064d68     <common>
 0003:0000cd70       __setlc_active             0000000180064d70     <common>
 0003:0000cd74       __unguarded_readlc_active  0000000180064d74     <common>
 0003:0000cd78       _acmdln                    0000000180064d78     <common>
 0003:0000cd80       _pDestructExceptionObject  0000000180064d80     <common>

 entry point at        0001:0003b8ac

 Static symbols

 0001:00000750       ?StringValidateDestW@@YAJPEB_W_K_K@Z 0000000180001750 f   CEStr.obj
 0001:00000790       ?StringCopyWorkerW@@YAJPEA_W_KPEA_KPEB_W1@Z 0000000180001790 f   CEStr.obj
 0001:00005210       ?StringValidateDestW@@YAJPEB_W_K_K@Z 0000000180006210 f   ConEmuCheck.obj
 0001:00005250       ?StringCopyWorkerW@@YAJPEA_W_KPEA_KPEB_W1@Z 0000000180006250 f   ConEmuCheck.obj
 0001:00007460       ?StringValidateDestW@@YAJPEB_W_K_K@Z 0000000180008460 f   ConEmuCheckEx.obj
 0001:000074a0       ?StringCopyWorkerW@@YAJPEA_W_KPEA_KPEB_W1@Z 00000001800084a0 f   ConEmuCheckEx.obj
 0001:000076b0       ?StringValidateDestAndLengthW@@YAJPEB_W_KPEA_K_K@Z 00000001800086b0 f   ConEmuCheckEx.obj
 0001:00007720       ?StringLengthWorkerW@@YAJPEB_W_KPEA_K@Z 0000000180008720 f   ConEmuCheckEx.obj
 0001:00007f80       ?StringValidateDestW@@YAJPEB_W_K_K@Z 0000000180008f80 f   ConEmuInjects.obj
 0001:00007fc0       ?StringCopyWorkerW@@YAJPEA_W_KPEA_KPEB_W1@Z 0000000180008fc0 f   ConEmuInjects.obj
 0001:00008d60       ?ChangeExports@@YA_NPEBUExportFunc@@PEAUHINSTANCE__@@@Z 0000000180009d60 f   ConEmuPlugin.obj
 0001:0000cb10       ?GetFarSetting@@YAHPEAX_KPEB_W@Z 000000018000db10 f   ConEmuPlugin1900.obj
 0001:0000ce80       ?CallGuiMacroProc@@YAXXZ   000000018000de80 f   ConEmuPlugin1900.obj
 0001:0000d2d0       ?CallGuiMacroDlg@@YA_JPEAXHH0@Z 000000018000e2d0 f   ConEmuPlugin1900.obj
 0001:0000d9d0       ?MAKEFARVERSION@@YA?AUVersionInfo@@KKKKW4VERSION_STAGE@@@Z 000000018000e9d0 f   ConEmuPlugin2800.obj
 0001:0000f710       ?WExists@@YA_JAEBUWindowInfo@@AEBV?$MArray@UWindowInfo@@@@@Z 0000000180010710 f   ConEmuPlugin2800.obj
 0001:00010ca0       ?GetFarSetting@@YAHPEAX_KPEB_W@Z 0000000180011ca0 f   ConEmuPlugin2800.obj
 0001:00011030       ?CallGuiMacroProc@@YAXXZ   0000000180012030 f   ConEmuPlugin2800.obj
 0001:00011470       ?CallGuiMacroDlg@@YA_JPEAX_J10@Z 0000000180012470 f   ConEmuPlugin2800.obj
 0001:00011a90       ?FreeMacroResult@@YAXPEAXPEAUFarMacroValue@@_K@Z 0000000180012a90 f   ConEmuPlugin2800.obj
 0001:00014720       ?CallGuiMacroProc@@YAXXZ   0000000180015720 f   ConEmuPlugin995.obj
 0001:00014b20       ?CallGuiMacroDlg@@YA_JPEAXHH_J@Z 0000000180015b20 f   ConEmuPlugin995.obj
 0001:00017150       ?CallGuiMacroProc@@YAXXZ   0000000180018150 f   ConEmuPluginA.obj
 0001:00017570       ?CallGuiMacroDlg@@YA_JPEAXHH_J@Z 0000000180018570 f   ConEmuPluginA.obj
 0001:00018540       ?LoadFarVersion@@YA_NAEAUFarVersion@@AEAY0CAA@_W@Z 0000000180019540 f   ConEmuPluginBase.obj
 0001:000185e0       ?SetDefaultFarVersion@@YAXAEAUFarVersion@@@Z 00000001800195e0 f   ConEmuPluginBase.obj
 0001:00018640       ?LoadFarVersion@@YA_NPEB_WAEAUFarVersion@@AEAY0CAA@_W@Z 0000000180019640 f   ConEmuPluginBase.obj
 0001:000186b0       ?LoadAppVersion@@YA_NPEB_WAEAUtagVS_FIXEDFILEINFO@@AEAY0CAA@_W@Z 00000001800196b0 f   ConEmuPluginBase.obj
 0001:000186f0       ?LoadModuleVersion@@YA_NPEB_WAEAUtagVS_FIXEDFILEINFO@@PEA_W_K@Z 00000001800196f0 f   ConEmuPluginBase.obj
 0001:000189d0       ?StringValidateDestW@@YAJPEB_W_K_K@Z 00000001800199d0 f   ConEmuPluginBase.obj
 0001:00018a10       ?StringValidateDestAndLengthW@@YAJPEB_W_KPEA_K_K@Z 0000000180019a10 f   ConEmuPluginBase.obj
 0001:00018a80       ?StringLengthWorkerW@@YAJPEB_W_KPEA_K@Z 0000000180019a80 f   ConEmuPluginBase.obj
 0001:00018b20       ?StringCopyWorkerW@@YAJPEA_W_KPEA_KPEB_W1@Z 0000000180019b20 f   ConEmuPluginBase.obj
 0001:00018c10       ?ConvertVersionToFarVersion@@YAXAEBUtagVS_FIXEDFILEINFO@@AEAUFarVersion@@@Z 0000000180019c10 f   ConEmuPluginBase.obj
 0001:00025880       ?StringValidateDestW@@YAJPEB_W_K_K@Z 0000000180026880 f   Execute.obj
 0001:000258c0       ?StringCopyWorkerW@@YAJPEA_W_KPEA_KPEB_W1@Z 00000001800268c0 f   Execute.obj
 0001:00026040       ?FindMonitor@impl@?L@??MonitorFromParam@@YAPEAUHMONITOR__@@PEB_W@Z@SAHPEAU3@PEAUHDC__@@PEAUtagRECT@@_J@Z 0000000180027040 f   Monitors.obj
 0001:00028bc0       ?StringValidateDestA@@YAJPEBD_K_K@Z 0000000180029bc0 f   MStrDup.obj
 0001:00028c00       ?StringCopyWorkerA@@YAJPEAD_KPEA_KPEBD1@Z 0000000180029c00 f   MStrDup.obj
 0001:00028d80       ?StringValidateDestW@@YAJPEB_W_K_K@Z 0000000180029d80 f   MStrDup.obj
 0001:00028dc0       ?StringCopyWorkerW@@YAJPEA_W_KPEA_KPEB_W1@Z 0000000180029dc0 f   MStrDup.obj
 0001:0002d5e0       ?StringValidateDestW@@YAJPEB_W_K_K@Z 000000018002e5e0 f   PluginBackground.obj
 0001:0002d620       ?StringCopyWorkerW@@YAJPEA_W_KPEA_KPEB_W1@Z 000000018002e620 f   PluginBackground.obj
 0001:00030c90       ?StringValidateDestW@@YAJPEB_W_K_K@Z 0000000180031c90 f   PluginSrv.obj
 0001:00030cd0       ?StringCopyWorkerW@@YAJPEA_W_KPEA_KPEB_W1@Z 0000000180031cd0 f   PluginSrv.obj
 0001:000360d0       ?StringValidateDestW@@YAJPEB_W_K_K@Z 00000001800370d0 f   WObjects.obj
 0001:00036110       ?StringCopyWorkerW@@YAJPEA_W_KPEA_KPEB_W1@Z 0000000180037110 f   WObjects.obj
 0001:000368c0       ?CheckRegKeyExist@@YA_NPEAURegKeyExistArg@@@Z 00000001800378c0 f   WObjects.obj
 0001:00037ee0       ?StringValidateDestAndLengthW@@YAJPEB_W_KPEA_K_K@Z 0000000180038ee0 f   WObjects.obj
 0001:00037f50       ?StringLengthWorkerW@@YAJPEB_W_KPEA_K@Z 0000000180038f50 f   WObjects.obj
 0001:0003a340       ?StringValidateDestW@@YAJPEB_W_K_K@Z 000000018003b340 f   WUser.obj
 0001:0003a380       ?StringCopyWorkerW@@YAJPEA_W_KPEA_KPEB_W1@Z 000000018003b380 f   WUser.obj
 0001:0003b0dc       ?wcstoxl@@YAKPEAUlocaleinfo_struct@@PEB_WPEAPEB_WHH@Z 000000018003c0dc f   LIBCMT:wcstol.obj
 0001:0003b794       __DllMainCRTStartup        000000018003c794 f   LIBCMT:dllcrt0.obj
 0001:0003c218       ?CPtoLCID@@YAHH@Z          000000018003d218 f   LIBCMT:mbctype.obj
 0001:0003c24c       ?setSBCS@@YAXPEAUthreadmbcinfostruct@@@Z 000000018003d24c f   LIBCMT:mbctype.obj
 0001:0003c2e0       ?setSBUpLow@@YAXPEAUthreadmbcinfostruct@@@Z 000000018003d2e0 f   LIBCMT:mbctype.obj
 0001:0003c580       ?getSystemCP@@YAHH@Z       000000018003d580 f   LIBCMT:mbctype.obj
 0001:0003cdc4       _copytlocinfo_nolock       000000018003ddc4 f   LIBCMT:setlocal.obj
 0001:0003cdf8       _updatetlocinfoEx_nolock   000000018003ddf8 f   LIBCMT:setlocal.obj
 0001:0003cf44       sync_legacy_variables_lk   000000018003df44 f   LIBCMT:setlocal.obj
 0001:0003d360       _setlocale_get_all         000000018003e360 f   LIBCMT:setlocal.obj
 0001:0003d788       _setlocale_set_cat         000000018003e788 f   LIBCMT:setlocal.obj
 0001:0003da90       _setlocale_nolock          000000018003ea90 f   LIBCMT:setlocal.obj
 0001:0003ebcc       _initterm                  000000018003fbcc f   LIBCMT:crt0dat.obj
 0001:0003ed7c       doexit                     000000018003fd7c f   LIBCMT:crt0dat.obj
 0001:0003f43c       parse_cmdline              000000018004043c f   LIBCMT:stdargv.obj
 0001:0003f9a0       xcptlookup                 00000001800409a0 f   LIBCMT:winxfltr.obj
 0001:0003fca0       ctrlevent_capture          0000000180040ca0 f   LIBCMT:winsig.obj
 0001:0003fd38       siglookup                  0000000180040d38 f   LIBCMT:winsig.obj
 0001:00041554       ?__crtGetLocaleInfoW_stat@@YAHPEAUlocaleinfo_struct@@KKPEA_WHH@Z 0000000180042554 f   LIBCMT:w_loc.obj
 0001:000415fc       ?__crtGetLocaleInfoA_stat@@YAHPEAUlocaleinfo_struct@@KKPEADHH@Z 00000001800425fc f   LIBCMT:a_loc.obj
 0001:00041880       ?strncnt@@YAHPEBDH@Z       0000000180042880 f   LIBCMT:a_map.obj
 0001:0004189c       ?__crtLCMapStringA_stat@@YAHPEAUlocaleinfo_struct@@KKPEBDHPEADHHH@Z 000000018004289c f   LIBCMT:a_map.obj
 0001:00041e74       ?__crtGetStringTypeA_stat@@YAHPEAUlocaleinfo_struct@@KPEBDHPEAGHHH@Z 0000000180042e74 f   LIBCMT:a_str.obj
 0001:000421b0       _get_lc_time               00000001800431b0 f   LIBCMT:inittime.obj
 0001:00042a6c       fix_grouping               0000000180043a6c f   LIBCMT:initnum.obj
 0001:00042cfc       fix_grouping               0000000180043cfc f   LIBCMT:initmon.obj
 0001:00043d4c       ?_store_str@@YAXPEADPEAPEADPEA_K@Z 0000000180044d4c f   LIBCMT:strftime.obj
 0001:00043d70       ?_store_number@@YAXHPEAPEADPEA_K@Z 0000000180044d70 f   LIBCMT:strftime.obj
 0001:00043dd4       ?_store_num@@YAXHHPEAPEADPEA_KI@Z 0000000180044dd4 f   LIBCMT:strftime.obj
 0001:00043eb0       ?_expandtime@@YAHPEAUlocaleinfo_struct@@DPEBUtm@@PEAPEADPEA_KPEAU__lc_time_data@@I@Z 0000000180044eb0 f   LIBCMT:strftime.obj
 0001:0004450c       ?_store_winword@@YAHPEAUlocaleinfo_struct@@HPEBUtm@@PEAPEADPEA_KPEAU__lc_time_data@@@Z 000000018004550c f   LIBCMT:strftime.obj
 0001:00044e90       TranslateName              0000000180045e90 f   LIBCMT:getqloc.obj
 0001:00044f28       GetLcidFromDefault         0000000180045f28 f   LIBCMT:getqloc.obj
 0001:00044f4c       ProcessCodePage            0000000180045f4c f   LIBCMT:getqloc.obj
 0001:00045014       TestDefaultCountry         0000000180046014 f   LIBCMT:getqloc.obj
 0001:0004503c       LcidFromHexString          000000018004603c f   LIBCMT:getqloc.obj
 0001:00045078       GetPrimaryLen              0000000180046078 f   LIBCMT:getqloc.obj
 0001:00045094       CountryEnumProc            0000000180046094 f   LIBCMT:getqloc.obj
 0001:0004517c       TestDefaultLanguage        000000018004617c f   LIBCMT:getqloc.obj
 0001:00045230       LangCountryEnumProc        0000000180046230 f   LIBCMT:getqloc.obj
 0001:000454c4       LanguageEnumProc           00000001800464c4 f   LIBCMT:getqloc.obj
 0001:000455d4       GetLcidFromCountry         00000001800465d4 f   LIBCMT:getqloc.obj
 0001:00045614       GetLcidFromLangCountry     0000000180046614 f   LIBCMT:getqloc.obj
 0001:000456a8       GetLcidFromLanguage        00000001800466a8 f   LIBCMT:getqloc.obj
 0001:00045ae4       ?__crtGetStringTypeW_stat@@YAHPEAUlocaleinfo_struct@@KPEB_WHPEAGHH@Z 0000000180046ae4 f   LIBCMT:w_str.obj
 0001:00045ea8       _onexit_nolock             0000000180046ea8 f   LIBCMT:onexit.obj
 0001:000463c4       ?x_ismbbtype_l@@YAHPEAUlocaleinfo_struct@@IHH@Z 00000001800473c4 f   LIBCMT:ismbbyte.obj
 0001:00046de8       _tzset_nolock              0000000180047de8 f   LIBCMT:tzset.obj
 0001:00047288       cvtdate                    0000000180048288 f   LIBCMT:tzset.obj
 0001:00047540       _isindst_nolock            0000000180048540 f   LIBCMT:tzset.obj
 0001:00047e80       xtoa_s                     0000000180048e80 f   LIBCMT:xtoas.obj
 0001:00047fe4       x64toa_s                   0000000180048fe4 f   LIBCMT:xtoas.obj
 0001:0004821c       _getenv_s_helper           000000018004921c f   LIBCMT:getenv.obj
 0001:000482f0       _dupenv_s_helper           00000001800492f0 f   LIBCMT:getenv.obj
 0001:00048878       ?strtoxl@@YAKPEAUlocaleinfo_struct@@PEBDPEAPEBDHH@Z 0000000180049878 f   LIBCMT:strtol.obj
 0001:00048bac       ?strtoxq@@YA_KPEAUlocaleinfo_struct@@PEBDPEAPEBDHH@Z 0000000180049bac f   LIBCMT:strtoq.obj
 0001:00049140       ?strncnt@@YAHPEBDH@Z       000000018004a140 f   LIBCMT:a_cmp.obj
 0001:0004915c       ?__crtCompareStringA_stat@@YAHPEAUlocaleinfo_struct@@KKPEBDH1HH@Z 000000018004a15c f   LIBCMT:a_cmp.obj
 0001:00049800       findenv                    000000018004a800 f   LIBCMT:setenv.obj
 0001:00049884       copy_environ               000000018004a884 f   LIBCMT:setenv.obj
 0001:00049fb0       ?filt$0@?0??SetThreadName@@YAXKPEAD@Z@4HA 000000018004afb0 f   WThreads.obj
 0001:00049fc4       __DllMainCRTStartup$filt$0 000000018004afc4 f   LIBCMT:dllcrt0.obj
 0001:00049fe0       _initptd$fin$1             000000018004afe0 f   LIBCMT:tidtable.obj
 0001:0004a000       _initptd$fin$0             000000018004b000 f   LIBCMT:tidtable.obj
 0001:0004a019       _freefls$fin$1             000000018004b019 f   LIBCMT:tidtable.obj
 0001:0004a039       _freefls$fin$0             000000018004b039 f   LIBCMT:tidtable.obj
 0001:0004a052       __updatetmbcinfo$fin$0     000000018004b052 f   LIBCMT:mbctype.obj
 0001:0004a06b       _setmbcp$fin$0             000000018004b06b f   LIBCMT:mbctype.obj
 0001:0004a084       __updatetlocinfo$fin$0     000000018004b084 f   LIBCMT:setlocal.obj
 0001:0004a09d       _free_locale$fin$1         000000018004b09d f   LIBCMT:setlocal.obj
 0001:0004a0bd       _free_locale$fin$0         000000018004b0bd f   LIBCMT:setlocal.obj
 0001:0004a0d6       _get_current_locale$fin$1  000000018004b0d6 f   LIBCMT:setlocal.obj
 0001:0004a0f6       _get_current_locale$fin$0  000000018004b0f6 f   LIBCMT:setlocal.obj
 0001:0004a10f       setlocale$fin$1            000000018004b10f f   LIBCMT:setlocal.obj
 0001:0004a12f       setlocale$fin$0            000000018004b12f f   LIBCMT:setlocal.obj
 0001:0004a14f       setlocale$fin$2            000000018004b14f f   LIBCMT:setlocal.obj
 0001:0004a170       _IsNonwritableInCurrentImage$filt$0 000000018004b170 f   LIBCMT:pesect.obj
 0001:0004a191       doexit$fin$0               000000018004b191 f   LIBCMT:crt0dat.obj
 0001:0004a1b3       ctrlevent_capture$fin$0    000000018004b1b3 f   LIBCMT:winsig.obj
 0001:0004a1c9       signal$fin$0               000000018004b1c9 f   LIBCMT:winsig.obj
 0001:0004a1df       raise$fin$0                000000018004b1df f   LIBCMT:winsig.obj
 0001:0004a1fb       _mtinitlocknum$fin$0       000000018004b1fb f   LIBCMT:mlock.obj
 0001:0004a217       _onexit$fin$0              000000018004b217 f   LIBCMT:onexit.obj
 0001:0004a22b       __crtInitCritSecAndSpinCount$filt$0 000000018004b22b f   LIBCMT:initcrit.obj
 0001:0004a24d       _tzset_nolock$fin$0        000000018004b24d f   LIBCMT:tzset.obj
 0001:0004a266       __tzset$fin$0              000000018004b266 f   LIBCMT:tzset.obj
 0001:0004a27f       _tzset$fin$0               000000018004b27f f   LIBCMT:tzset.obj
 0001:0004a298       _isindst$fin$0             000000018004b298 f   LIBCMT:tzset.obj
 0001:0004a2b1       getenv$fin$0               000000018004b2b1 f   LIBCMT:getenv.obj
 0001:0004a2ca       getenv_s$fin$0             000000018004b2ca f   LIBCMT:getenv.obj
 0001:0004a2e3       _dupenv_s$fin$0            000000018004b2e3 f   LIBCMT:getenv.obj
 0001:0004a300       ??__EhkFunc@@YAXXZ         000000018004b300 f   HkFunc.obj
