 ConEmu

 Timestamp is 56329e8c (Fri Oct 30 01:32:44 2015)

 Preferred load address is 10000000

 Start         Length     Name                   Class
 0001:00000000 0003b06aH .text                   CODE
 0001:0003b070 0000000fH .text$yc                CODE
 0002:00000000 000003f8H .idata$5                DATA
 0002:000003f8 00000004H .CRT$XCA                DATA
 0002:000003fc 00000004H .CRT$XCU                DATA
 0002:00000400 00000004H .CRT$XCZ                DATA
 0002:00000404 00000004H .CRT$XIA                DATA
 0002:00000408 00000008H .CRT$XIC                DATA
 0002:00000410 00000004H .CRT$XIZ                DATA
 0002:00000414 00000004H .CRT$XPA                DATA
 0002:00000418 00000004H .CRT$XPZ                DATA
 0002:0000041c 00000004H .CRT$XTA                DATA
 0002:00000420 00000004H .CRT$XTZ                DATA
 0002:00000430 000061d0H .rdata                  DATA
 0002:00006600 0000006fH .rdata$debug            DATA
 0002:00006670 000004d4H .xdata$x                DATA
 0002:00006b44 00000078H .idata$2                DATA
 0002:00006bbc 00000014H .idata$3                DATA
 0002:00006bd0 000003f8H .idata$4                DATA
 0002:00006fc8 00001242H .idata$6                DATA
 0002:00008210 000002ddH .edata                  DATA
 0003:00000000 00000f80H .data                   DATA
 0003:00000f80 0000a4b0H .bss                    DATA
 0004:00000000 00000058H .rsrc$01                DATA
 0004:00000060 000002d8H .rsrc$02                DATA

  Address         Publics by Value              Rva+Base       Lib:Object

 0000:00000000       __except_list              00000000     <absolute>
 0000:00000000       ___safe_se_handler_count   00000000     <absolute>
 0000:00000000       ___safe_se_handler_table   00000000     <absolute>
 0000:00000000       ___ImageBase               10000000     <linker-defined>
 0001:00000000       ??0CmdArg@@QAE@XZ          10001000 f   CmdArg.obj
 0001:00000040       ??0CmdArg@@QAE@PA_W@Z      10001040 f   CmdArg.obj
 0001:00000090       ??BCmdArg@@QBEPB_WXZ       10001090 f   CmdArg.obj
 0001:000000a0       ?Right@CmdArg@@QBEPB_WH@Z  100010a0 f   CmdArg.obj
 0001:00000110       ??4CmdArg@@QAEAAU0@PA_W@Z  10001110 f   CmdArg.obj
 0001:00000130       ??4CmdArg@@QAEAAU0@PB_W@Z  10001130 f   CmdArg.obj
 0001:00000150       ??1CmdArg@@QAE@XZ          10001150 f   CmdArg.obj
 0001:000001c0       ?GetBuffer@CmdArg@@QAEPA_WH@Z 100011c0 f   CmdArg.obj
 0001:000002c0       ?Detach@CmdArg@@QAEPA_WXZ  100012c0 f   CmdArg.obj
 0001:000002f0       ?Attach@CmdArg@@QAEPB_WPA_W@Z 100012f0 f   CmdArg.obj
 0001:00000310       ?AttachInt@CmdArg@@AAEPB_WAAPA_W@Z 10001310 f   CmdArg.obj
 0001:00000390       ?Empty@CmdArg@@QAEXXZ      10001390 f   CmdArg.obj
 0001:000003e0       ?IsEmpty@CmdArg@@QAE_NXZ   100013e0 f   CmdArg.obj
 0001:00000420       ?Set@CmdArg@@QAEPB_WPB_WH@Z 10001420 f   CmdArg.obj
 0001:000004b0       ?StringCchCopyNW@@YGJPA_WIPB_WI@Z 100014b0 f i CmdArg.obj
 0001:000005f0       ?SavePathVar@CmdArg@@QAEXPB_W@Z 100015f0 f   CmdArg.obj
 0001:00000630       ?SaveEnvVar@CmdArg@@QAEXPB_W0@Z 10001630 f   CmdArg.obj
 0001:000006b0       ?SetAt@CmdArg@@QAEXH_W@Z   100016b0 f   CmdArg.obj
 0001:000006e0       ?GetPosFrom@CmdArg@@QAEXABU1@@Z 100016e0 f   CmdArg.obj
 0001:00000720       ?IsNeedDequote@@YI_NPB_W_NPAPB_W@Z 10001720 f   CmdLine.obj
 0001:000008f0       ?NextArg@@YIHPAPB_WAAUCmdArg@@0@Z 100018f0 f   CmdLine.obj
 0001:00000d40       ?NextLine@@YIHPAPB_WAAUCmdArg@@K@Z 10001d40 f   CmdLine.obj
 0001:00000eb0       ?AddEndSlash@@YIHPA_WH@Z   10001eb0 f   CmdLine.obj
 0001:00000f30       ?SkipNonPrintable@@YIPB_WPB_W@Z 10001f30 f   CmdLine.obj
 0001:00000f90       ?CompareFileMask@@YI_NPB_W0@Z 10001f90 f   CmdLine.obj
 0001:00001160       ?wcschr@@YAPA_WPA_W_W@Z    10002160 f i CmdLine.obj
 0001:00001180       ?GetDrive@@YIPB_WPB_WPA_WH@Z 10002180 f   CmdLine.obj
 0001:00001380       ?GetDirectory@@YIHAAUCmdArg@@@Z 10002380 f   CmdLine.obj
 0001:00001410       ?IsNeedCmd@@YI_NHPB_WAAUCmdArg@@PAPB_WPAH333@Z 10002410 f   CmdLine.obj
 0001:00001b30       ?Disable@MWow64Disable@@QAEXXZ 10002b30 f i CmdLine.obj
 0001:00001b60       ??0MWow64Disable@@QAE@XZ   10002b60 f i CmdLine.obj
 0001:00001be0       ??1MWow64Disable@@QAE@XZ   10002be0 f i CmdLine.obj
 0001:00001c00       ?Restore@MWow64Disable@@QAEXXZ 10002c00 f i CmdLine.obj
 0001:00001c40       ?IsExecutable@@YI_NPB_WPAPA_W@Z 10002c40 f   CmdLine.obj
 0001:00001d30       ?CheckProcessName@@YI_NPB_WPAPB_W1@Z 10002d30 f   CmdLine.obj
 0001:00001e00       ?IsConsoleService@@YI_NPB_W@Z 10002e00 f   CmdLine.obj
 0001:00001e50       ?IsConsoleServer@@YI_NPB_W@Z 10002e50 f   CmdLine.obj
 0001:00001ea0       ?IsGitBashHelper@@YI_NPB_W@Z 10002ea0 f   CmdLine.obj
 0001:00001ef0       ?IsFarExe@@YI_NPB_W@Z      10002ef0 f   CmdLine.obj
 0001:00001f40       ?IsCmdProcessor@@YI_NPB_W@Z 10002f40 f   CmdLine.obj
 0001:00001f90       ?IsQuotationNeeded@@YI_NPB_W@Z 10002f90 f   CmdLine.obj
 0001:00001fd0       ?MergeCmdLine@@YIPA_WPB_W0@Z 10002fd0 f   CmdLine.obj
 0001:00002060       ?JoinPath@@YIPA_WPB_W00@Z  10003060 f   CmdLine.obj
 0001:000021c0       ?IsFilePath@@YI_NPB_W_N@Z  100031c0 f   CmdLine.obj
 0001:00002380       ?PointToName@@YIPB_WPB_W@Z 10003380 f   CmdLine.obj
 0001:00002410       ?PointToName@@YIPBDPBD@Z   10003410 f   CmdLine.obj
 0001:00002490       ?PointToExt@@YIPB_WPB_W@Z  10003490 f   CmdLine.obj
 0001:000024d0       ?Unquote@@YIPB_WPA_W_N@Z   100034d0 f   CmdLine.obj
 0001:00002560       ?wcsrchr@@YAPA_WPA_W_W@Z   10003560 f i CmdLine.obj
 0001:00002580       ?IsNewConsoleArg@@YI_NPB_W0@Z 10003580 f   CmdLine.obj
 0001:00002660       ?PackInputRecord@@YIHPBU_INPUT_RECORD@@PAUMsgStr@MSG64@@@Z 10003660 f   Common.obj
 0001:00002870       ?UnpackInputRecord@@YIHPBUMsgStr@MSG64@@PAU_INPUT_RECORD@@@Z 10003870 f   Common.obj
 0001:00002ad0       ?TranslateKeyPress@@YIXGK_WHPAU_INPUT_RECORD@@1@Z 10003ad0 f   Common.obj
 0001:00002cc0       ?GetCommand@CESERVER_REQ_NEWCMD@@QAEPA_WXZ 10003cc0 f   Common.obj
 0001:00002d00       ?GetEnvStrings@CESERVER_REQ_NEWCMD@@QAEPA_WXZ 10003d00 f   Common.obj
 0001:00002d50       ?SetCommand@CESERVER_REQ_NEWCMD@@QAEXPB_W@Z 10003d50 f   Common.obj
 0001:00002dd0       ?SetEnvStrings@CESERVER_REQ_NEWCMD@@QAEXPB_WK@Z 10003dd0 f   Common.obj
 0001:00002ef0       ?IsEnvBlockVariableValid@@YI_NPB_WAAPB_W@Z 10003ef0 f   Common.obj
 0001:00002f50       ?IsEnvBlockVariableValid@@YI_NPB_W@Z 10003f50 f   Common.obj
 0001:00002f90       ?CommonShutdown@@YIXXZ     10003f90 f   Common.obj
 0001:00002fc0       ?ModuleName@@YIPB_WPB_W@Z  10003fc0 f   ConEmuCheck.obj
 0001:000030a0       ?ExecuteOpenPipe@@YIPAXPB_WAAY0CAI@_W0KKHPAXH@Z 100040a0 f   ConEmuCheck.obj
 0001:000032c0       ?ExecutePrepareCmd@@YIXPAUCESERVER_REQ@@KI@Z 100042c0 f   ConEmuCheck.obj
 0001:00003310       ?ExecutePrepareCmd@@YIXPAUCESERVER_REQ_HDR@@KI@Z 10004310 f   ConEmuCheck.obj
 0001:000033b0       ?ExecuteNewCmd@@YIPAUCESERVER_REQ@@KI@Z 100043b0 f   ConEmuCheck.obj
 0001:00003410       ?ExecuteNewCmd@@YI_NAAPAUCESERVER_REQ@@AAKKI@Z 10004410 f   ConEmuCheck.obj
 0001:00003490       ?LoadSrvMapping@@YIHPAUHWND__@@AAUCESERVER_CONSOLE_MAPPING_HDR@@@Z 10004490 f   ConEmuCheck.obj
 0001:000035c0       ?LoadGuiMapping@@YIHKAAUConEmuGuiMapping@@@Z 100045c0 f   ConEmuCheck.obj
 0001:000036e0       ?ExecuteNewCmdOnCreate@@YIPAUCESERVER_REQ@@PAUCESERVER_CONSOLE_MAPPING_HDR@@PAUHWND__@@W4CmdOnCreateType@@PB_W33PAK444HHPAX55@Z 100046e0 f   ConEmuCheck.obj
 0001:00003a70       ?StringCchCopyW@@YGJPA_WIPB_W@Z 10004a70 f i ConEmuCheck.obj
 0001:00003ba0       ?ExecuteGuiCmd@@YIPAUCESERVER_REQ@@PAUHWND__@@PAU1@0H@Z 10004ba0 f   ConEmuCheck.obj
 0001:00003c30       ?ExecuteSrvCmd@@YIPAUCESERVER_REQ@@KPAU1@PAUHWND__@@HKH@Z 10004c30 f   ConEmuCheck.obj
 0001:00003cd0       ?ExecuteHkCmd@@YIPAUCESERVER_REQ@@KPAU1@PAUHWND__@@HH@Z 10004cd0 f   ConEmuCheck.obj
 0001:00003d80       ?ExecuteCmd@@YIPAUCESERVER_REQ@@PB_WPAU1@KPAUHWND__@@HKH@Z 10004d80 f   ConEmuCheck.obj
 0001:000040b0       ?ExecuteFreeResult@@YIXAAPAUCESERVER_REQ@@@Z 100050b0 f   ConEmuCheck.obj
 0001:000040f0       ?AllocateSendCurrentDirectory@@YI_NAAPAUCESERVER_REQ@@AAKPB_W2@Z 100050f0 f   ConEmuCheck.obj
 0001:00004200       ?SendCurrentDirectory@@YIXPAUHWND__@@PB_W1@Z 10005200 f   ConEmuCheck.obj
 0001:00004260       ?isConsoleClass@@YI_NPB_W@Z 10005260 f   ConEmuCheck.obj
 0001:000042b0       ?isConsoleWindow@@YI_NPAUHWND__@@@Z 100052b0 f   ConEmuCheck.obj
 0001:000043b0       ?myGetConsoleWindow@@YIPAUHWND__@@XZ 100053b0 f   ConEmuCheck.obj
 0001:00004460       ?GetConEmuHWND@@YIPAUHWND__@@H@Z 10005460 f   ConEmuCheck.obj
 0001:00004610       ??BHWND2@@QBEPAUHWND__@@XZ 10005610 f i ConEmuCheck.obj
 0001:00004620       ??BHWND2@@QBEKXZ           10005620 f i ConEmuCheck.obj
 0001:00004630       ?ConEmuCheck@@YIHPAPAUHWND__@@@Z 10005630 f   ConEmuCheck.obj
 0001:00004670       ?GuiMessageBox@@YIHPAUHWND__@@PB_W1H@Z 10005670 f   ConEmuCheck.obj
 0001:00004830       ?InitName@?$MFileMapping@UCESERVER_CONSOLE_MAPPING_HDR@@@@QAEPB_WPB_WKK@Z 10005830 f i ConEmuCheck.obj
 0001:00004880       ?CloseMap@?$MFileMapping@UCESERVER_CONSOLE_MAPPING_HDR@@@@QAEXXZ 10005880 f i ConEmuCheck.obj
 0001:000048f0       ?Open@?$MFileMapping@UCESERVER_CONSOLE_MAPPING_HDR@@@@QAEPAUCESERVER_CONSOLE_MAPPING_HDR@@HH@Z 100058f0 f i ConEmuCheck.obj
 0001:00004910       ??0?$MFileMapping@UCESERVER_CONSOLE_MAPPING_HDR@@@@QAE@XZ 10005910 f i ConEmuCheck.obj
 0001:00004970       ??1?$MFileMapping@UCESERVER_CONSOLE_MAPPING_HDR@@@@QAE@XZ 10005970 f i ConEmuCheck.obj
 0001:00004990       ?InitName@?$MFileMapping@UConEmuGuiMapping@@@@QAEPB_WPB_WKK@Z 10005990 f i ConEmuCheck.obj
 0001:000049e0       ?CloseMap@?$MFileMapping@UConEmuGuiMapping@@@@QAEXXZ 100059e0 f i ConEmuCheck.obj
 0001:00004a50       ?Open@?$MFileMapping@UConEmuGuiMapping@@@@QAEPAUConEmuGuiMapping@@HH@Z 10005a50 f i ConEmuCheck.obj
 0001:00004a70       ??0?$MFileMapping@UConEmuGuiMapping@@@@QAE@XZ 10005a70 f i ConEmuCheck.obj
 0001:00004ad0       ??1?$MFileMapping@UConEmuGuiMapping@@@@QAE@XZ 10005ad0 f i ConEmuCheck.obj
 0001:00004af0       ?ClosePtr@?$MFileMapping@UCESERVER_CONSOLE_MAPPING_HDR@@@@QAEXXZ 10005af0 f i ConEmuCheck.obj
 0001:00004b20       ?InternalOpenCreate@?$MFileMapping@UCESERVER_CONSOLE_MAPPING_HDR@@@@IAEPAUCESERVER_CONSOLE_MAPPING_HDR@@HHH@Z 10005b20 f i ConEmuCheck.obj
 0001:00004d00       ?ClosePtr@?$MFileMapping@UConEmuGuiMapping@@@@QAEXXZ 10005d00 f i ConEmuCheck.obj
 0001:00004d30       ?InternalOpenCreate@?$MFileMapping@UConEmuGuiMapping@@@@IAEPAUConEmuGuiMapping@@HHH@Z 10005d30 f i ConEmuCheck.obj
 0001:00004f10       ??$wcscpy_c@$0CA@@@YIHAAY0CA@_WPB_W@Z 10005f10 f i ConEmuCheck.obj
 0001:00004f40       ??$wcscpy_c@$0CAI@@@YIHAAY0CAI@_WPB_W@Z 10005f40 f i ConEmuCheck.obj
 0001:00004f70       ?LoadGuiMapping@@YIHPAUHWND__@@AAUConEmuGuiMapping@@@Z 10005f70 f   ConEmuCheckEx.obj
 0001:00004fb0       ?IsConEmuExeExist@@YIHPB_WAAY0BAF@_W@Z 10005fb0 f   ConEmuCheckEx.obj
 0001:00005060       ?FindConEmuBaseDir@@YIHAAY0BAF@_W0PAUHINSTANCE__@@@Z 10006060 f   ConEmuCheckEx.obj
 0001:00005610       ??$wcscpy_c@$0BAF@@@YIHAAY0BAF@_WPB_W@Z 10006610 f i ConEmuCheckEx.obj
 0001:00005720       ??$wcscpy_add@$0BAF@@@YIHPA_WAAY0BAF@_WPB_W@Z 10006720 f i ConEmuCheckEx.obj
 0001:00005770       ??$wcscat_c@$0BAF@@@YIHAAY0BAF@_WPB_W@Z 10006770 f i ConEmuCheckEx.obj
 0001:000057a0       ?StringCchCatW@@YGJPA_WIPB_W@Z 100067a0 f i ConEmuCheckEx.obj
 0001:000058c0       ?StartupHooks@@YI_NPAUHINSTANCE__@@@Z 100068c0 f   ConEmuInjects.obj
 0001:00005c90       ?ShutdownHooks@@YIXXZ      10006c90 f   ConEmuInjects.obj
 0001:00005e40       ??$wcscpy_c@$0EA@@@YIHAAY0EA@_WPB_W@Z 10006e40 f i ConEmuInjects.obj
 0001:00005f50       _DllMain@12                10006f50 f   ConEmuPlugin.obj
 0001:00005f90       ?GetPluginInfo@@YGXPAX@Z   10006f90 f   ConEmuPlugin.obj
 0001:00006000       ?GetPluginInfoW@@YGXPAX@Z  10007000 f   ConEmuPlugin.obj
 0001:00006030       ?IsConsoleActive@@YGHXZ    10007030 f   ConEmuPlugin.obj
 0001:00006090       ?GetFarHWND2@@YGPAUHWND__@@H@Z 10007090 f   ConEmuPlugin.obj
 0001:00006100       ?GetFarHWND@@YGPAUHWND__@@XZ 10007100 f   ConEmuPlugin.obj
 0001:00006110       ?IsTerminalMode@@YGHXZ     10007110 f   ConEmuPlugin.obj
 0001:00006120       ?GetFarVersion@@YGXPAUFarVersion@@@Z 10007120 f   ConEmuPlugin.obj
 0001:00006150       ?RegisterPanelView@@YGHPAUPanelViewInit@@@Z 10007150 f   ConEmuPlugin.obj
 0001:00006340       ?RegisterBackground@@YGHPAURegisterBackgroundArg@@@Z 10007340 f   ConEmuPlugin.obj
 0001:000063d0       ?SyncExecute@@YGHPAUHINSTANCE__@@P6GXJ@ZJ@Z 100073d0 f   ConEmuPlugin.obj
 0001:00006420       ?ActivateConsole@@YGHXZ    10007420 f   ConEmuPlugin.obj
 0001:000064b0       ??4HWND2@@QAEAAU0@PAUHWND__@@@Z 100074b0 f i ConEmuPlugin.obj
 0001:000064d0       ?SetStartupInfo@@YGXPAX@Z  100074d0 f   ConEmuPlugin.obj
 0001:00006540       _SetStartupInfoW@4         10007540 f   ConEmuPlugin.obj
 0001:00006570       ?GetMinFarVersion@@YGHXZ   10007570 f   ConEmuPlugin.obj
 0001:000065c0       _GetMinFarVersionW@0       100075c0 f   ConEmuPlugin.obj
 0001:000065d0       _ProcessSynchroEventW@8    100075d0 f   ConEmuPlugin.obj
 0001:000065f0       ?ProcessSynchroEventW3@@YGHPAX@Z 100075f0 f   ConEmuPlugin.obj
 0001:00006620       ?ProcessEditorEvent@@YGHHPAX@Z 10007620 f   ConEmuPlugin.obj
 0001:00006640       _ProcessEditorEventW@8     10007640 f   ConEmuPlugin.obj
 0001:00006660       ?ProcessEditorEventW3@@YGHPAX@Z 10007660 f   ConEmuPlugin.obj
 0001:00006690       ?ProcessViewerEvent@@YGHHPAX@Z 10007690 f   ConEmuPlugin.obj
 0001:000066b0       _ProcessViewerEventW@8     100076b0 f   ConEmuPlugin.obj
 0001:000066d0       ?ProcessViewerEventW3@@YGHPAX@Z 100076d0 f   ConEmuPlugin.obj
 0001:00006700       ?ProcessEditorInput@@YGHPBU_INPUT_RECORD@@@Z 10007700 f   ConEmuPlugin.obj
 0001:00006720       _ProcessEditorInputW@4     10007720 f   ConEmuPlugin.obj
 0001:00006750       ?OpenPlugin@@YGPAXHH@Z     10007750 f   ConEmuPlugin.obj
 0001:00006770       _OpenPluginW@8             10007770 f   ConEmuPlugin.obj
 0001:000067b0       ?OpenW@@YGPAXPBX@Z         100077b0 f   ConEmuPlugin.obj
 0001:000067e0       ?ExitFAR@@YGXXZ            100077e0 f   ConEmuPlugin.obj
 0001:00006830       _ExitFARW@0                10007830 f   ConEmuPlugin.obj
 0001:00006880       ?ExitFARW3@@YGXPAX@Z       10007880 f   ConEmuPlugin.obj
 0001:000068e0       ?SetupExportsFar3@@YIXXZ   100078e0 f   ConEmuPlugin.obj
 0001:00006b00       ?_calloc@@YIPAXII@Z        10007b00 f   ConEmuPlugin.obj
 0001:00006b20       ?_malloc@@YIPAXI@Z         10007b20 f   ConEmuPlugin.obj
 0001:00006b40       ?_free@@YIXPAX@Z           10007b40 f   ConEmuPlugin.obj
 0001:00006b60       ??0CPluginW1900@@QAE@XZ    10007b60 f   ConEmuPlugin1900.obj
 0001:00006df0       ??_ECPluginW1900@@UAEPAXI@Z 10007df0 f i ConEmuPlugin1900.obj
 0001:00006df0       ??_GCPluginW1900@@UAEPAXI@Z 10007df0 f i ConEmuPlugin1900.obj
 0001:00006e20       ??1CPluginW1900@@UAE@XZ    10007e20 f i ConEmuPlugin1900.obj
 0001:00006e40       ?ProcessEditorEventPtr@CPluginW1900@@UAEHPAX@Z 10007e40 f   ConEmuPlugin1900.obj
 0001:00006e70       ?ProcessViewerEventPtr@CPluginW1900@@UAEHPAX@Z 10007e70 f   ConEmuPlugin1900.obj
 0001:00006ea0       ?ProcessSynchroEventPtr@CPluginW1900@@UAEHPAX@Z 10007ea0 f   ConEmuPlugin1900.obj
 0001:00006ed0       ?GetPanelDir@CPluginW1900@@UAEPA_WKPA_WH@Z 10007ed0 f   ConEmuPlugin1900.obj
 0001:00007060       ?GetPanelInfo@CPluginW1900@@UAE_NKPAUCEPanelInfo@@@Z 10008060 f   ConEmuPlugin1900.obj
 0001:000074e0       ?GetPanelItemInfo@CPluginW1900@@UAE_NABUCEPanelInfo@@_NHAAU_WIN32_FIND_DATAW@@PAPA_W@Z 100084e0 f   ConEmuPlugin1900.obj
 0001:00007710       ?PanelControlApi@CPluginW1900@@UAEHPAXHH0@Z 10008710 f   ConEmuPlugin1900.obj
 0001:00007760       ?GetPluginInfoPtr@CPluginW1900@@UAEXPAX@Z 10008760 f   ConEmuPlugin1900.obj
 0001:000077e0       ?SetStartupInfoPtr@CPluginW1900@@UAEXPAX@Z 100087e0 f   ConEmuPlugin1900.obj
 0001:00007950       ?GetEditorModifiedState@CPluginW1900@@UAEKXZ 10008950 f   ConEmuPlugin1900.obj
 0001:00007990       ?ProcessEditorInputPtr@CPluginW1900@@UAEHPBX@Z 10008990 f   ConEmuPlugin1900.obj
 0001:000079d0       ?GetWindowCount@CPluginW1900@@UAEHXZ 100089d0 f   ConEmuPlugin1900.obj
 0001:00007a20       ?UpdateConEmuTabsApi@CPluginW1900@@UAE_NH@Z 10008a20 f   ConEmuPlugin1900.obj
 0001:00008000       ?ExitFar@CPluginW1900@@UAEXXZ 10009000 f   ConEmuPlugin1900.obj
 0001:00008090       ?ShowMessage@CPluginW1900@@UAEHPB_WH_N@Z 10009090 f   ConEmuPlugin1900.obj
 0001:00008140       ?GetMsg@CPluginW1900@@UAEPB_WHPA_WI@Z 10009140 f   ConEmuPlugin1900.obj
 0001:000081c0       ?SetWindow@CPluginW1900@@UAEXH@Z 100091c0 f   ConEmuPlugin1900.obj
 0001:00008220       ?PostMacroApi@CPluginW1900@@UAEXPB_WPAU_INPUT_RECORD@@_N@Z 10009220 f   ConEmuPlugin1900.obj
 0001:00008970       ?wcsstr@@YAPA_WPA_WPB_W@Z  10009970 f i ConEmuPlugin1900.obj
 0001:00008990       ?ShowPluginMenu@CPluginW1900@@UAEHPAUConEmuPluginMenuItem@@HH@Z 10009990 f   ConEmuPlugin1900.obj
 0001:00008b80       ?OpenEditor@CPluginW1900@@UAE_NPB_W_N11HH@Z 10009b80 f   ConEmuPlugin1900.obj
 0001:00008cd0       ?ExecuteSynchroApi@CPluginW1900@@UAE_NXZ 10009cd0 f   ConEmuPlugin1900.obj
 0001:00008d10       ?WaitEndSynchro@CPluginW1900@@UAEXXZ 10009d10 f   ConEmuPlugin1900.obj
 0001:00008d20       ?StopWaitEndSynchro@CPluginW1900@@UAEXXZ 10009d20 f   ConEmuPlugin1900.obj
 0001:00008d30       ?IsMacroActive@CPluginW1900@@UAE_NXZ 10009d30 f   ConEmuPlugin1900.obj
 0001:00008d80       ?GetMacroArea@CPluginW1900@@UAEHXZ 10009d80 f   ConEmuPlugin1900.obj
 0001:00008db0       ?RedrawAll@CPluginW1900@@UAEXXZ 10009db0 f   ConEmuPlugin1900.obj
 0001:00008df0       ?InputBox@CPluginW1900@@UAE_NPB_W000AAPA_W@Z 10009df0 f   ConEmuPlugin1900.obj
 0001:00008e70       ?ShowUserScreen@CPluginW1900@@UAEX_N@Z 10009e70 f   ConEmuPlugin1900.obj
 0001:00008ec0       ?LoadFarColors@CPluginW1900@@UAEXAAY0BAA@E@Z 10009ec0 f   ConEmuPlugin1900.obj
 0001:00009080       ?FarColor_3_2@@YIEABUFarColor@@@Z 1000a080 f i ConEmuPlugin1900.obj
 0001:00009190       ?Color2FgIndex@Far3Color@@SIXKAAGPBK@Z 1000a190 f i ConEmuPlugin1900.obj
 0001:000092d0       ?Max@Far3Color@@SIHHH@Z    1000a2d0 f i ConEmuPlugin1900.obj
 0001:00009300       ?GetStdIndex@Far3Color@@SIHKPBK@Z 1000a300 f i ConEmuPlugin1900.obj
 0001:00009360       ?GetStdPalette@Far3Color@@SIPBKXZ 1000a360 f i ConEmuPlugin1900.obj
 0001:00009370       ?Color2BgIndex@Far3Color@@SIXKHAAGPBK@Z 1000a370 f i ConEmuPlugin1900.obj
 0001:000094e0       ?LoadFarSettings@CPluginW1900@@UAEXPAUCEFarInterfaceSettings@@PAUCEFarPanelSettings@@@Z 1000a4e0 f   ConEmuPlugin1900.obj
 0001:000096f0       ?GetFarRect@CPluginW1900@@UAE_NAAU_SMALL_RECT@@@Z 1000a6f0 f   ConEmuPlugin1900.obj
 0001:00009760       ?CheckPanelExist@CPluginW1900@@UAE_NXZ 1000a760 f   ConEmuPlugin1900.obj
 0001:000097b0       ?GetActiveWindowType@CPluginW1900@@UAEHXZ 1000a7b0 f   ConEmuPlugin1900.obj
 0001:00009870       ?GetWindowTypeName@CPluginW1900@@UAEPB_WH@Z 1000a870 f   ConEmuPlugin1900.obj
 0001:00009900       ?GuiMacroDlg@CPluginW1900@@UAEXXZ 1000a900 f   ConEmuPlugin1900.obj
 0001:00009ee0       ?Open@CPluginW1900@@UAEPAXPBX@Z 1000aee0 f   ConEmuPlugin1900.obj
 0001:0000a080       _GetGlobalInfoW@4          1000b080 f   ConEmuPlugin2800.obj
 0001:0000a260       ??0CPluginW2800@@QAE@XZ    1000b260 f   ConEmuPlugin2800.obj
 0001:0000a4f0       ??_GCPluginW2800@@UAEPAXI@Z 1000b4f0 f i ConEmuPlugin2800.obj
 0001:0000a4f0       ??_ECPluginW2800@@UAEPAXI@Z 1000b4f0 f i ConEmuPlugin2800.obj
 0001:0000a520       ??1CPluginW2800@@UAE@XZ    1000b520 f i ConEmuPlugin2800.obj
 0001:0000a540       ?GetPanelDir@CPluginW2800@@UAEPA_WKPA_WH@Z 1000b540 f   ConEmuPlugin2800.obj
 0001:0000a6d0       ?GetPanelInfo@CPluginW2800@@UAE_NKPAUCEPanelInfo@@@Z 1000b6d0 f   ConEmuPlugin2800.obj
 0001:0000ab50       ?GetPanelItemInfo@CPluginW2800@@UAE_NABUCEPanelInfo@@_NHAAU_WIN32_FIND_DATAW@@PAPA_W@Z 1000bb50 f   ConEmuPlugin2800.obj
 0001:0000ad80       ?PanelControlApi@CPluginW2800@@UAEHPAXHH0@Z 1000bd80 f   ConEmuPlugin2800.obj
 0001:0000add0       ?GetPluginInfoPtr@CPluginW2800@@UAEXPAX@Z 1000bdd0 f   ConEmuPlugin2800.obj
 0001:0000ae50       ?SetStartupInfoPtr@CPluginW2800@@UAEXPAX@Z 1000be50 f   ConEmuPlugin2800.obj
 0001:0000afc0       ?GetEditorModifiedState@CPluginW2800@@UAEKXZ 1000bfc0 f   ConEmuPlugin2800.obj
 0001:0000b000       ?ProcessEditorEventPtr@CPluginW2800@@UAEHPAX@Z 1000c000 f   ConEmuPlugin2800.obj
 0001:0000b030       ?ProcessViewerEventPtr@CPluginW2800@@UAEHPAX@Z 1000c030 f   ConEmuPlugin2800.obj
 0001:0000b060       ?ProcessSynchroEventPtr@CPluginW2800@@UAEHPAX@Z 1000c060 f   ConEmuPlugin2800.obj
 0001:0000b090       ?ProcessEditorInputPtr@CPluginW2800@@UAEHPBX@Z 1000c090 f   ConEmuPlugin2800.obj
 0001:0000b0d0       ?GetWindowCount@CPluginW2800@@UAEHXZ 1000c0d0 f   ConEmuPlugin2800.obj
 0001:0000b120       ?UpdateConEmuTabsApi@CPluginW2800@@UAE_NH@Z 1000c120 f   ConEmuPlugin2800.obj
 0001:0000b9b0       ?ExitFar@CPluginW2800@@UAEXXZ 1000c9b0 f   ConEmuPlugin2800.obj
 0001:0000ba40       ?ShowMessage@CPluginW2800@@UAEHPB_WH_N@Z 1000ca40 f   ConEmuPlugin2800.obj
 0001:0000baf0       ?GetMsg@CPluginW2800@@UAEPB_WHPA_WI@Z 1000caf0 f   ConEmuPlugin2800.obj
 0001:0000bb70       ?SetWindow@CPluginW2800@@UAEXH@Z 1000cb70 f   ConEmuPlugin2800.obj
 0001:0000bbd0       ?PostMacroApi@CPluginW2800@@UAEXPB_WPAU_INPUT_RECORD@@_N@Z 1000cbd0 f   ConEmuPlugin2800.obj
 0001:0000bf70       ?ShowPluginMenu@CPluginW2800@@UAEHPAUConEmuPluginMenuItem@@HH@Z 1000cf70 f   ConEmuPlugin2800.obj
 0001:0000c160       ?OpenEditor@CPluginW2800@@UAE_NPB_W_N11HH@Z 1000d160 f   ConEmuPlugin2800.obj
 0001:0000c2b0       ?ExecuteSynchroApi@CPluginW2800@@UAE_NXZ 1000d2b0 f   ConEmuPlugin2800.obj
 0001:0000c2f0       ?WaitEndSynchro@CPluginW2800@@UAEXXZ 1000d2f0 f   ConEmuPlugin2800.obj
 0001:0000c300       ?StopWaitEndSynchro@CPluginW2800@@UAEXXZ 1000d300 f   ConEmuPlugin2800.obj
 0001:0000c310       ?IsMacroActive@CPluginW2800@@UAE_NXZ 1000d310 f   ConEmuPlugin2800.obj
 0001:0000c360       ?GetMacroArea@CPluginW2800@@UAEHXZ 1000d360 f   ConEmuPlugin2800.obj
 0001:0000c390       ?RedrawAll@CPluginW2800@@UAEXXZ 1000d390 f   ConEmuPlugin2800.obj
 0001:0000c3d0       ?InputBox@CPluginW2800@@UAE_NPB_W000AAPA_W@Z 1000d3d0 f   ConEmuPlugin2800.obj
 0001:0000c450       ?ShowUserScreen@CPluginW2800@@UAEX_N@Z 1000d450 f   ConEmuPlugin2800.obj
 0001:0000c4a0       ?LoadFarColors@CPluginW2800@@UAEXAAY0BAA@E@Z 1000d4a0 f   ConEmuPlugin2800.obj
 0001:0000c660       ?LoadFarSettings@CPluginW2800@@UAEXPAUCEFarInterfaceSettings@@PAUCEFarPanelSettings@@@Z 1000d660 f   ConEmuPlugin2800.obj
 0001:0000c870       ?GetFarRect@CPluginW2800@@UAE_NAAU_SMALL_RECT@@@Z 1000d870 f   ConEmuPlugin2800.obj
 0001:0000c8e0       ?CheckPanelExist@CPluginW2800@@UAE_NXZ 1000d8e0 f   ConEmuPlugin2800.obj
 0001:0000c930       ?GetActiveWindowType@CPluginW2800@@UAEHXZ 1000d930 f   ConEmuPlugin2800.obj
 0001:0000ca00       ?GetWindowTypeName@CPluginW2800@@UAEPB_WH@Z 1000da00 f   ConEmuPlugin2800.obj
 0001:0000ca90       ?GuiMacroDlg@CPluginW2800@@UAEXXZ 1000da90 f   ConEmuPlugin2800.obj
 0001:0000d000       ?Open@CPluginW2800@@UAEPAXPBX@Z 1000e000 f   ConEmuPlugin2800.obj
 0001:0000d230       ??0FarMacroValue@@QAE@XZ   1000e230 f i ConEmuPlugin2800.obj
 0001:0000d270       ??0?$MArray@UWindowInfo@@@@QAE@XZ 1000e270 f i ConEmuPlugin2800.obj
 0001:0000d2b0       ??1?$MArray@UWindowInfo@@@@QAE@XZ 1000e2b0 f i ConEmuPlugin2800.obj
 0001:0000d2d0       ??A?$MArray@UWindowInfo@@@@QBEABUWindowInfo@@H@Z 1000e2d0 f i ConEmuPlugin2800.obj
 0001:0000d2f0       ??A?$MArray@UWindowInfo@@@@QAEAAUWindowInfo@@H@Z 1000e2f0 f i ConEmuPlugin2800.obj
 0001:0000d310       ?push_back@?$MArray@UWindowInfo@@@@QAEHABUWindowInfo@@@Z 1000e310 f i ConEmuPlugin2800.obj
 0001:0000d3a0       ?insert@?$MArray@UWindowInfo@@@@QAEXHABUWindowInfo@@@Z 1000e3a0 f i ConEmuPlugin2800.obj
 0001:0000d460       ?erase@?$MArray@UWindowInfo@@@@QAEXH@Z 1000e460 f i ConEmuPlugin2800.obj
 0001:0000d4f0       ?size@?$MArray@UWindowInfo@@@@QBEHXZ 1000e4f0 f i ConEmuPlugin2800.obj
 0001:0000d510       ?clear@?$MArray@UWindowInfo@@@@QAEXXZ 1000e510 f i ConEmuPlugin2800.obj
 0001:0000d560       ?addsize@?$MArray@UWindowInfo@@@@QAEXH@Z 1000e560 f i ConEmuPlugin2800.obj
 0001:0000d650       ??0CPluginW995@@QAE@XZ     1000e650 f   ConEmuPlugin995.obj
 0001:0000d8e0       ?Open@CPluginW995@@UAEPAXPBX@Z 1000e8e0 f i ConEmuPlugin995.obj
 0001:0000d900       ?ProcessEditorEventPtr@CPluginW995@@UAEHPAX@Z 1000e900 f i ConEmuPlugin995.obj
 0001:0000d910       ?ProcessSynchroEventPtr@CPluginW995@@UAEHPAX@Z 1000e910 f i ConEmuPlugin995.obj
 0001:0000d920       ?ProcessViewerEventPtr@CPluginW995@@UAEHPAX@Z 1000e920 f i ConEmuPlugin995.obj
 0001:0000d930       ??_ECPluginW995@@UAEPAXI@Z 1000e930 f i ConEmuPlugin995.obj
 0001:0000d930       ??_GCPluginW995@@UAEPAXI@Z 1000e930 f i ConEmuPlugin995.obj
 0001:0000d960       ??1CPluginW995@@UAE@XZ     1000e960 f i ConEmuPlugin995.obj
 0001:0000d980       ?GetPanelDir@CPluginW995@@UAEPA_WKPA_WH@Z 1000e980 f   ConEmuPlugin995.obj
 0001:0000dab0       ?GetPanelInfo@CPluginW995@@UAE_NKPAUCEPanelInfo@@@Z 1000eab0 f   ConEmuPlugin995.obj
 0001:0000dd90       ?GetPanelItemInfo@CPluginW995@@UAE_NABUCEPanelInfo@@_NHAAU_WIN32_FIND_DATAW@@PAPA_W@Z 1000ed90 f   ConEmuPlugin995.obj
 0001:0000dfa0       ?PanelControlApi@CPluginW995@@UAEHPAXHH0@Z 1000efa0 f   ConEmuPlugin995.obj
 0001:0000dff0       ?GetPluginInfoPtr@CPluginW995@@UAEXPAX@Z 1000eff0 f   ConEmuPlugin995.obj
 0001:0000e090       ?SetStartupInfoPtr@CPluginW995@@UAEXPAX@Z 1000f090 f   ConEmuPlugin995.obj
 0001:0000e240       ?GetEditorModifiedState@CPluginW995@@UAEKXZ 1000f240 f   ConEmuPlugin995.obj
 0001:0000e280       ?ProcessEditorInputPtr@CPluginW995@@UAEHPBX@Z 1000f280 f   ConEmuPlugin995.obj
 0001:0000e2b0       ?GetWindowCount@CPluginW995@@UAEHXZ 1000f2b0 f   ConEmuPlugin995.obj
 0001:0000e300       ?UpdateConEmuTabsApi@CPluginW995@@UAE_NH@Z 1000f300 f   ConEmuPlugin995.obj
 0001:0000e5e0       ?ExitFar@CPluginW995@@UAEXXZ 1000f5e0 f   ConEmuPlugin995.obj
 0001:0000e670       ?ShowMessage@CPluginW995@@UAEHPB_WH_N@Z 1000f670 f   ConEmuPlugin995.obj
 0001:0000e6f0       ?GetMsg@CPluginW995@@UAEPB_WHPA_WI@Z 1000f6f0 f   ConEmuPlugin995.obj
 0001:0000e770       ?SetWindow@CPluginW995@@UAEXH@Z 1000f770 f   ConEmuPlugin995.obj
 0001:0000e7d0       ?PostMacroApi@CPluginW995@@UAEXPB_WPAU_INPUT_RECORD@@_N@Z 1000f7d0 f   ConEmuPlugin995.obj
 0001:0000e8a0       ?ShowPluginMenu@CPluginW995@@UAEHPAUConEmuPluginMenuItem@@HH@Z 1000f8a0 f   ConEmuPlugin995.obj
 0001:0000ea30       ?OpenEditor@CPluginW995@@UAE_NPB_W_N11HH@Z 1000fa30 f   ConEmuPlugin995.obj
 0001:0000eb50       ?ExecuteSynchroApi@CPluginW995@@UAE_NXZ 1000fb50 f   ConEmuPlugin995.obj
 0001:0000eb90       ?WaitEndSynchro@CPluginW995@@UAEXXZ 1000fb90 f   ConEmuPlugin995.obj
 0001:0000ed40       ?StopWaitEndSynchro@CPluginW995@@UAEXXZ 1000fd40 f   ConEmuPlugin995.obj
 0001:0000ed70       ?IsMacroActive@CPluginW995@@UAE_NXZ 1000fd70 f   ConEmuPlugin995.obj
 0001:0000edd0       ?GetMacroArea@CPluginW995@@UAEHXZ 1000fdd0 f   ConEmuPlugin995.obj
 0001:0000ee10       ?RedrawAll@CPluginW995@@UAEXXZ 1000fe10 f   ConEmuPlugin995.obj
 0001:0000ee50       ?InputBox@CPluginW995@@UAE_NPB_W000AAPA_W@Z 1000fe50 f   ConEmuPlugin995.obj
 0001:0000eec0       ?ShowUserScreen@CPluginW995@@UAEX_N@Z 1000fec0 f   ConEmuPlugin995.obj
 0001:0000ef10       ?LoadFarColors@CPluginW995@@UAEXAAY0BAA@E@Z 1000ff10 f   ConEmuPlugin995.obj
 0001:0000f000       ?LoadFarSettings@CPluginW995@@UAEXPAUCEFarInterfaceSettings@@PAUCEFarPanelSettings@@@Z 10010000 f   ConEmuPlugin995.obj
 0001:0000f070       ?GetFarRect@CPluginW995@@UAE_NAAU_SMALL_RECT@@@Z 10010070 f   ConEmuPlugin995.obj
 0001:0000f0e0       ?CheckPanelExist@CPluginW995@@UAE_NXZ 100100e0 f   ConEmuPlugin995.obj
 0001:0000f130       ?GetActiveWindowType@CPluginW995@@UAEHXZ 10010130 f   ConEmuPlugin995.obj
 0001:0000f200       ?GetWindowTypeName@CPluginW995@@UAEPB_WH@Z 10010200 f   ConEmuPlugin995.obj
 0001:0000f290       ?GuiMacroDlg@CPluginW995@@UAEXXZ 10010290 f   ConEmuPlugin995.obj
 0001:0000f7e0       ??0CPluginAnsi@@QAE@XZ     100107e0 f   ConEmuPluginA.obj
 0001:0000fa40       ?ExecuteSynchroApi@CPluginAnsi@@UAE_NXZ 10010a40 f i ConEmuPluginA.obj
 0001:0000fa50       ?GetFarRect@CPluginAnsi@@UAE_NAAU_SMALL_RECT@@@Z 10010a50 f i ConEmuPluginA.obj
 0001:0000fa60       ?Open@CPluginAnsi@@UAEPAXPBX@Z 10010a60 f i ConEmuPluginA.obj
 0001:0000fa80       ?ProcessEditorEventPtr@CPluginAnsi@@UAEHPAX@Z 10010a80 f i ConEmuPluginA.obj
 0001:0000fa90       ?ProcessEditorInputPtr@CPluginAnsi@@UAEHPBX@Z 10010a90 f i ConEmuPluginA.obj
 0001:0000faa0       ?ProcessSynchroEventPtr@CPluginAnsi@@UAEHPAX@Z 10010aa0 f i ConEmuPluginA.obj
 0001:0000fab0       ?ProcessViewerEventPtr@CPluginAnsi@@UAEHPAX@Z 10010ab0 f i ConEmuPluginA.obj
 0001:0000fac0       ?StopWaitEndSynchro@CPluginAnsi@@UAEXXZ 10010ac0 f i ConEmuPluginA.obj
 0001:0000fad0       ?WaitEndSynchro@CPluginAnsi@@UAEXXZ 10010ad0 f i ConEmuPluginA.obj
 0001:0000fae0       ??_GCPluginAnsi@@UAEPAXI@Z 10010ae0 f i ConEmuPluginA.obj
 0001:0000fae0       ??_ECPluginAnsi@@UAEPAXI@Z 10010ae0 f i ConEmuPluginA.obj
 0001:0000fb10       ??1CPluginAnsi@@UAE@XZ     10010b10 f i ConEmuPluginA.obj
 0001:0000fb30       ?GetPanelDir@CPluginAnsi@@UAEPA_WKPA_WH@Z 10010b30 f   ConEmuPluginA.obj
 0001:0000fc30       ?GetPanelInfo@CPluginAnsi@@UAE_NKPAUCEPanelInfo@@@Z 10010c30 f   ConEmuPluginA.obj
 0001:0000ff10       ?GetPanelItemInfo@CPluginAnsi@@UAE_NABUCEPanelInfo@@_NHAAU_WIN32_FIND_DATAW@@PAPA_W@Z 10010f10 f   ConEmuPluginA.obj
 0001:00010090       ?PanelControlApi@CPluginAnsi@@UAEHPAXHH0@Z 10011090 f   ConEmuPluginA.obj
 0001:000100e0       ?SetStartupInfoPtr@CPluginAnsi@@UAEXPAX@Z 100110e0 f   ConEmuPluginA.obj
 0001:000102a0       ?GetPluginInfoPtr@CPluginAnsi@@UAEXPAX@Z 100112a0 f   ConEmuPluginA.obj
 0001:00010350       ?GetEditorModifiedState@CPluginAnsi@@UAEKXZ 10011350 f   ConEmuPluginA.obj
 0001:00010390       ?GetWindowCount@CPluginAnsi@@UAEHXZ 10011390 f   ConEmuPluginA.obj
 0001:000103e0       ?UpdateConEmuTabsApi@CPluginAnsi@@UAE_NH@Z 100113e0 f   ConEmuPluginA.obj
 0001:000106a0       ?ExitFar@CPluginAnsi@@UAEXXZ 100116a0 f   ConEmuPluginA.obj
 0001:00010700       ?SetWindow@CPluginAnsi@@UAEXH@Z 10011700 f   ConEmuPluginA.obj
 0001:00010770       ?PostMacroApi@CPluginAnsi@@UAEXPB_WPAU_INPUT_RECORD@@_N@Z 10011770 f   ConEmuPluginA.obj
 0001:00010860       ?ShowPluginMenu@CPluginAnsi@@UAEHPAUConEmuPluginMenuItem@@HH@Z 10011860 f   ConEmuPluginA.obj
 0001:00010a50       ?OpenEditor@CPluginAnsi@@UAE_NPB_W_N11HH@Z 10011a50 f   ConEmuPluginA.obj
 0001:00010bb0       ?ShowMessage@CPluginAnsi@@UAEHPB_WH_N@Z 10011bb0 f   ConEmuPluginA.obj
 0001:00010c80       ?GetMsg@CPluginAnsi@@UAEPB_WHPA_WI@Z 10011c80 f   ConEmuPluginA.obj
 0001:00010d40       ?IsMacroActive@CPluginAnsi@@UAE_NXZ 10011d40 f   ConEmuPluginA.obj
 0001:00010db0       ?GetMacroArea@CPluginAnsi@@UAEHXZ 10011db0 f   ConEmuPluginA.obj
 0001:00010dc0       ?RedrawAll@CPluginAnsi@@UAEXXZ 10011dc0 f   ConEmuPluginA.obj
 0001:00010e00       ?InputBox@CPluginAnsi@@UAE_NPB_W000AAPA_W@Z 10011e00 f   ConEmuPluginA.obj
 0001:00010f30       ?ShowUserScreen@CPluginAnsi@@UAEX_N@Z 10011f30 f   ConEmuPluginA.obj
 0001:00010f80       ?LoadFarColors@CPluginAnsi@@UAEXAAY0BAA@E@Z 10011f80 f   ConEmuPluginA.obj
 0001:00011070       ?LoadFarSettings@CPluginAnsi@@UAEXPAUCEFarInterfaceSettings@@PAUCEFarPanelSettings@@@Z 10012070 f   ConEmuPluginA.obj
 0001:000110e0       ?CheckPanelExist@CPluginAnsi@@UAE_NXZ 100120e0 f   ConEmuPluginA.obj
 0001:00011130       ?GetActiveWindowType@CPluginAnsi@@UAEHXZ 10012130 f   ConEmuPluginA.obj
 0001:000111b0       ?GetWindowTypeName@CPluginAnsi@@UAEPB_WH@Z 100121b0 f   ConEmuPluginA.obj
 0001:00011240       ?GuiMacroDlg@CPluginAnsi@@UAEXXZ 10012240 f   ConEmuPluginA.obj
 0001:00011890       ?Plugin@@YIPAVCPluginBase@@XZ 10012890 f   ConEmuPluginBase.obj
 0001:000119c0       ??0CPluginBase@@QAE@XZ     100129c0 f   ConEmuPluginBase.obj
 0001:00011c70       ??_GCPluginBase@@UAEPAXI@Z 10012c70 f i ConEmuPluginBase.obj
 0001:00011c70       ??_ECPluginBase@@UAEPAXI@Z 10012c70 f i ConEmuPluginBase.obj
 0001:00011ca0       ??1CPluginBase@@UAE@XZ     10012ca0 f   ConEmuPluginBase.obj
 0001:00011cc0       ?DllMain_ProcessAttach@CPluginBase@@KIXPAUHINSTANCE__@@@Z 10012cc0 f   ConEmuPluginBase.obj
 0001:00011dc0       ?DllMain_ProcessDetach@CPluginBase@@KIXXZ 10012dc0 f   ConEmuPluginBase.obj
 0001:00011f30       ??_GMSection@@QAEPAXI@Z    10012f30 f i ConEmuPluginBase.obj
 0001:00011f60       ??_GCPluginBackground@@QAEPAXI@Z 10012f60 f i ConEmuPluginBase.obj
 0001:00011f90       ?DllCheckUnique@CPluginBase@@KI_N_N@Z 10012f90 f   ConEmuPluginBase.obj
 0001:000121d0       ?LoadFarVersion@CPluginBase@@SI_NXZ 100131d0 f   ConEmuPluginBase.obj
 0001:00012810       ?ShowMessageBox@CPluginBase@@KIHPB_WI@Z 10013810 f   ConEmuPluginBase.obj
 0001:000128d0       ?ShowMessageGui@CPluginBase@@QAEHHH@Z 100138d0 f   ConEmuPluginBase.obj
 0001:00012960       ?BackgroundMacroError@CPluginBase@@SGKPAX@Z 10013960 f   ConEmuPluginBase.obj
 0001:000129a0       ?PostMacro@CPluginBase@@QAEXPB_WPAU_INPUT_RECORD@@_N@Z 100139a0 f   ConEmuPluginBase.obj
 0001:00012a60       ?isMacroActive@CPluginBase@@QAE_NAAH@Z 10013a60 f   ConEmuPluginBase.obj
 0001:00012ab0       ?CheckBufferEnabled@CPluginBase@@QAE_NXZ 10013ab0 f   ConEmuPluginBase.obj
 0001:00012b40       ?PanelControl@CPluginBase@@QAEHPAXHH0@Z 10013b40 f   ConEmuPluginBase.obj
 0001:00012bf0       ?GetPanelInfo@CPluginBase@@QAE_NKPAUBkPanelInfo@@@Z 10013bf0 f   ConEmuPluginBase.obj
 0001:00012c90       ?FillUpdateBackground@CPluginBase@@QAEXPAUPaintBackgroundArg@@@Z 10013c90 f   ConEmuPluginBase.obj
 0001:00012e60       ?StorePanelDirs@CPluginBase@@QAE_NPB_W0@Z 10013e60 f   ConEmuPluginBase.obj
 0001:00013010       _wmemmove                  10014010 f i ConEmuPluginBase.obj
 0001:00013030       ?UpdatePanelDirs@CPluginBase@@QAEXXZ 10014030 f   ConEmuPluginBase.obj
 0001:00013230       ?IsFarLua@FarVersion@@QBE_NXZ 10014230 f i ConEmuPluginBase.obj
 0001:00013280       ?RunExternalProgram@CPluginBase@@QAE_NPA_W@Z 10014280 f   ConEmuPluginBase.obj
 0001:00013470       ?ProcessCommandLine@CPluginBase@@QAE_NPA_W@Z 10014470 f   ConEmuPluginBase.obj
 0001:000134b0       ?ShowPluginMenu@CPluginBase@@QAEXW4PluginCallCommands@@@Z 100144b0 f   ConEmuPluginBase.obj
 0001:00013760       ?ShowTabsList@CPluginBase@@QAEXXZ 10014760 f   ConEmuPluginBase.obj
 0001:00013b30       ?ShowPanelsList@CPluginBase@@QAEXXZ 10014b30 f   ConEmuPluginBase.obj
 0001:00013cb0       ?DataSize@CESERVER_REQ@@QAEKXZ 10014cb0 f i ConEmuPluginBase.obj
 0001:00013cf0       ?EditViewConsoleOutput@CPluginBase@@QAEX_N@Z 10014cf0 f   ConEmuPluginBase.obj
 0001:00013db0       ?SwitchTabCommand@CPluginBase@@QAEXW4PluginMenuCommands@@@Z 10014db0 f   ConEmuPluginBase.obj
 0001:00013e70       ?ProcessSynchroEvent@CPluginBase@@QAEHHPAX@Z 10014e70 f   ConEmuPluginBase.obj
 0001:00013f20       ?ProcessEditorInputInternal@CPluginBase@@QAEXABU_INPUT_RECORD@@@Z 10014f20 f   ConEmuPluginBase.obj
 0001:00013f80       ?ProcessEditorViewerEvent@CPluginBase@@QAEHHH@Z 10014f80 f   ConEmuPluginBase.obj
 0001:00014090       ?isEditorViewer@CPluginBase@@QAE_NXZ 10015090 f   ConEmuPluginBase.obj
 0001:000140e0       ?isModalEditorViewer@CPluginBase@@QAE_NXZ 100150e0 f   ConEmuPluginBase.obj
 0001:00014130       ?GetMainThreadId@CPluginBase@@SIKXZ 10015130 f   ConEmuPluginBase.obj
 0001:000141d0       ?ShowConsoleInfo@CPluginBase@@QAEXXZ 100151d0 f   ConEmuPluginBase.obj
 0001:00014350       ?RunExternalProgramW@CPluginBase@@SI_NPA_W0_N@Z 10015350 f   ConEmuPluginBase.obj
 0001:000145c0       ?StartDebugger@CPluginBase@@QAE_NXZ 100155c0 f   ConEmuPluginBase.obj
 0001:000148f0       ?Attach2Gui@CPluginBase@@QAE_NXZ 100158f0 f   ConEmuPluginBase.obj
 0001:00014db0       ?FindServerCmd@CPluginBase@@QAE_NKAAK_N@Z 10015db0 f   ConEmuPluginBase.obj
 0001:00014ea0       ?ShowMessage@CPluginBase@@QAEHHH@Z 10015ea0 f   ConEmuPluginBase.obj
 0001:00014f20       ?OutDataAlloc@CPluginBase@@SI_NK@Z 10015f20 f   ConEmuPluginBase.obj
 0001:00014f90       ?OutDataRealloc@CPluginBase@@SI_NK@Z 10015f90 f   ConEmuPluginBase.obj
 0001:00015070       ?OutDataWrite@CPluginBase@@SI_NPAXK@Z 10016070 f   ConEmuPluginBase.obj
 0001:00015140       ?CreateTabs@CPluginBase@@SI_NH@Z 10016140 f   ConEmuPluginBase.obj
 0001:00015210       ?AddTab@CPluginBase@@QAE_NAAHH_N1HPB_W2HHHH@Z 10016210 f   ConEmuPluginBase.obj
 0001:00015620       _wmemcmp                   10016620 f i ConEmuPluginBase.obj
 0001:00015680       ?AddTabFinish@CPluginBase@@QAEXH@Z 10016680 f   ConEmuPluginBase.obj
 0001:000156a0       ?SendTabs@CPluginBase@@SIXH_N@Z 100166a0 f   ConEmuPluginBase.obj
 0001:00015890       ?CloseTabs@CPluginBase@@SIXXZ 10016890 f   ConEmuPluginBase.obj
 0001:00015920       ?UpdateConEmuTabs@CPluginBase@@QAE_N_N@Z 10016920 f   ConEmuPluginBase.obj
 0001:00015c20       ?ShowProtocolWarning@CPluginBase@@KIXXZ 10016c20 f   ConEmuPluginBase.obj
 0001:00015d80       ?CheckResources@CPluginBase@@QAEX_N@Z 10016d80 f   ConEmuPluginBase.obj
 0001:00015f30       ?InitResources@CPluginBase@@QAEXXZ 10016f30 f   ConEmuPluginBase.obj
 0001:00016190       ?CloseMapHeader@CPluginBase@@SIXXZ 10017190 f   ConEmuPluginBase.obj
 0001:000161c0       ?OpenMapHeader@CPluginBase@@SIHXZ 100171c0 f   ConEmuPluginBase.obj
 0001:000162e0       ?InitRootRegKey@CPluginBase@@IAEXXZ 100172e0 f   ConEmuPluginBase.obj
 0001:00016400       ?SetRootRegKey@CPluginBase@@IAEXPA_W@Z 10017400 f   ConEmuPluginBase.obj
 0001:00016500       ?LoadPanelTabsFromRegistry@CPluginBase@@IAEXXZ 10017500 f   ConEmuPluginBase.obj
 0001:00016600       ?InitHWND@CPluginBase@@SIXXZ 10017600 f   ConEmuPluginBase.obj
 0001:000168a0       ?CheckConEmuDetached@CPluginBase@@SIXXZ 100178a0 f   ConEmuPluginBase.obj
 0001:00016940       ?EmergencyShow@CPluginBase@@KIXXZ 10017940 f   ConEmuPluginBase.obj
 0001:000169a0       ?MonitorThreadProcW@CPluginBase@@SGKPAX@Z 100179a0 f   ConEmuPluginBase.obj
 0001:00016e50       ?OpenPluginCommon@CPluginBase@@QAEPAXHH_N@Z 10017e50 f   ConEmuPluginBase.obj
 0001:000171d0       ?ExitFarCommon@CPluginBase@@QAEX_N@Z 100181d0 f   ConEmuPluginBase.obj
 0001:00017220       ?OnMainThreadActivated@CPluginBase@@QAEXXZ 10018220 f   ConEmuPluginBase.obj
 0001:000173f0       ?ProcessSetWindowCommand@CPluginBase@@QAEXXZ 100183f0 f   ConEmuPluginBase.obj
 0001:00017530       ?CommonPluginStartup@CPluginBase@@QAEXXZ 10018530 f   ConEmuPluginBase.obj
 0001:00017650       ?StopThread@CPluginBase@@QAEX_N@Z 10018650 f   ConEmuPluginBase.obj
 0001:000179c0       ??_G?$MFileMapping@UCESERVER_CONSOLE_MAPPING_HDR@@@@QAEPAXI@Z 100189c0 f i ConEmuPluginBase.obj
 0001:000179f0       ?ShutdownPluginStep@CPluginBase@@SIXPB_WHHHH@Z 100189f0 f   ConEmuPluginBase.obj
 0001:00017a10       ?ExecuteSynchro@CPluginBase@@QAEXXZ 10018a10 f   ConEmuPluginBase.obj
 0001:00017ad0       ?WaitPluginActivation@CPluginBase@@SIKKPAPAXHK@Z 10018ad0 f   ConEmuPluginBase.obj
 0001:00017c30       ?ActivatePlugin@CPluginBase@@QAE_NKPAXK@Z 10018c30 f   ConEmuPluginBase.obj
 0001:00017ec0       ?cmd_OpenEditorLine@CPluginBase@@QAE_NPAUCESERVER_REQ_FAREDITOR@@@Z 10018ec0 f   ConEmuPluginBase.obj
 0001:00017fb0       ?cmd_RedrawFarCall@CPluginBase@@QAE_NAAPAUCESERVER_REQ@@PAPAU2@@Z 10018fb0 f   ConEmuPluginBase.obj
 0001:00018060       ?cmd_SetWindow@CPluginBase@@QAE_NPAX_N@Z 10019060 f   ConEmuPluginBase.obj
 0001:00018120       ?cmd_LeftClickSync@CPluginBase@@QAEXPAX@Z 10019120 f   ConEmuPluginBase.obj
 0001:00018250       ?cmd_CloseQSearch@CPluginBase@@QAEXXZ 10019250 f   ConEmuPluginBase.obj
 0001:00018290       ?cmd_EMenu@CPluginBase@@QAEXPAX@Z 10019290 f   ConEmuPluginBase.obj
 0001:00018360       ?cmd_ExternalCallback@CPluginBase@@QAE_NPAX@Z 10019360 f   ConEmuPluginBase.obj
 0001:000183e0       ?cmd_ConSetFont@CPluginBase@@QAEXPAX@Z 100193e0 f   ConEmuPluginBase.obj
 0001:00018430       ?cmd_GuiChanged@CPluginBase@@QAEXPAX@Z 10019430 f   ConEmuPluginBase.obj
 0001:00018510       ?ProcessCommand@CPluginBase@@QAE_NKHPAXPAPAUCESERVER_REQ@@_N@Z 10019510 f   ConEmuPluginBase.obj
 0001:00018a40       ?FarSetConsoleSize@CPluginBase@@SI_NFF@Z 10019a40 f   ConEmuPluginBase.obj
 0001:00018b60       ?ReloadFarInfoApi@CPluginBase@@IAE_NXZ 10019b60 f   ConEmuPluginBase.obj
 0001:00018db0       ?ReloadFarInfo@CPluginBase@@QAE_N_N@Z 10019db0 f   ConEmuPluginBase.obj
 0001:00019080       ?pcc_Selected@CPluginBase@@SI_NW4PluginMenuCommands@@@Z 1001a080 f   ConEmuPluginBase.obj
 0001:000190f0       ?pcc_Disabled@CPluginBase@@SI_NW4PluginMenuCommands@@@Z 1001a0f0 f   ConEmuPluginBase.obj
 0001:000191a0       ?TouchReadPeekConsoleInputs@CPluginBase@@SIXH@Z 1001a1a0 f   ConEmuPluginBase.obj
 0001:00019200       ?OnConsolePeekReadInput@CPluginBase@@SIX_N@Z 1001a200 f   ConEmuPluginBase.obj
 0001:00019400       ?ActiveServerPID@CESERVER_CONSOLE_MAPPING_HDR@@QBEKXZ 1001a400 f i ConEmuPluginBase.obj
 0001:00019440       ?UngetDummyMouseEvent@CPluginBase@@SI_N_NPAUHookCallbackArg@@@Z 1001a440 f   ConEmuPluginBase.obj
 0001:00019670       ??4HANDLE2@@QAEAAU0@PAX@Z  1001a670 f i ConEmuPluginBase.obj
 0001:00019690       ?FillLoadedParm@CPluginBase@@SIXPAUConEmuLoadedArg@@PAUHINSTANCE__@@H@Z 1001a690 f   ConEmuPluginBase.obj
 0001:00019770       ?NotifyConEmuUnloaded@CPluginBase@@SIXXZ 1001a770 f   ConEmuPluginBase.obj
 0001:000198b0       ?OnPanelViewCallbacks@CPluginBase@@SI_NPAUHookCallbackArg@@P6GHPAXPAU_INPUT_RECORD@@KPAKPAH@Z5@Z 1001a8b0 f   ConEmuPluginBase.obj
 0001:00019990       ?OnShellExecuteExW_Except@CPluginBase@@SGXPAUHookCallbackArg@@@Z 1001a990 f   ConEmuPluginBase.obj
 0001:000199d0       ?OnGetNumberOfConsoleInputEventsPost@CPluginBase@@SGXPAUHookCallbackArg@@@Z 1001a9d0 f   ConEmuPluginBase.obj
 0001:00019a10       ?OnConsolePeekInput@CPluginBase@@SGHPAUHookCallbackArg@@@Z 1001aa10 f   ConEmuPluginBase.obj
 0001:00019a90       ?OnConsolePeekInputPost@CPluginBase@@SGXPAUHookCallbackArg@@@Z 1001aa90 f   ConEmuPluginBase.obj
 0001:00019ad0       ?OnConsoleReadInputWork@CPluginBase@@SIHPAUHookCallbackArg@@@Z 1001aad0 f   ConEmuPluginBase.obj
 0001:00019b70       ?OnConsoleReadInput@CPluginBase@@SGHPAUHookCallbackArg@@@Z 1001ab70 f   ConEmuPluginBase.obj
 0001:00019b80       ?OnConsoleReadInputPost@CPluginBase@@SGXPAUHookCallbackArg@@@Z 1001ab80 f   ConEmuPluginBase.obj
 0001:00019dc0       ?OnWriteConsoleOutput@CPluginBase@@SGHPAUHookCallbackArg@@@Z 1001adc0 f   ConEmuPluginBase.obj
 0001:00019ea0       ?OnConsoleDetaching@CPluginBase@@SGHPAUHookCallbackArg@@@Z 1001aea0 f   ConEmuPluginBase.obj
 0001:00019fd0       ?OnConsoleWasAttached@CPluginBase@@SGXPAUHookCallbackArg@@@Z 1001afd0 f   ConEmuPluginBase.obj
 0001:0001a040       ?OnCurDirChanged@CPluginBase@@SGXXZ 1001b040 f   ConEmuPluginBase.obj
 0001:0001a0c0       ?OnLibraryLoaded@CPluginBase@@SGXPAUHINSTANCE__@@@Z 1001b0c0 f   ConEmuPluginBase.obj
 0001:0001a140       ?ToUnicode@CPluginBase@@SIPA_WPBD@Z 1001b140 f   ConEmuPluginBase.obj
 0001:0001a1c0       ?ToOem@CPluginBase@@SIXPB_WPADH@Z 1001b1c0 f   ConEmuPluginBase.obj
 0001:0001a210       ?ToOem@CPluginBase@@SIPADPB_W@Z 1001b210 f   ConEmuPluginBase.obj
 0001:0001a270       ?ProcessDragFrom@CPluginBase@@QAEXXZ 1001b270 f   ConEmuPluginBase.obj
 0001:0001a860       ?ProcessDragTo@CPluginBase@@QAEXXZ 1001b860 f   ConEmuPluginBase.obj
 0001:0001ac60       ?IsCurrentTabModal@CPluginBase@@QAE_NXZ 1001bc60 f   ConEmuPluginBase.obj
 0001:0001ad20       ?PrintText@CPluginBase@@QAE_NPB_W@Z 1001bd20 f   ConEmuPluginBase.obj
 0001:0001ae70       ?Ptr@?$MFileMapping@UCESERVER_CONSOLE_MAPPING_HDR@@@@QAEPAUCESERVER_CONSOLE_MAPPING_HDR@@XZ 1001be70 f i ConEmuPluginBase.obj
 0001:0001ae90       ??$wcscpy_c@$0BBE@@@YIHAAY0BBE@_WPB_W@Z 1001be90 f i ConEmuPluginBase.obj
 0001:0001aec0       ??$wcscat_c@$0BBE@@@YIHAAY0BBE@_WPB_W@Z 1001bec0 f i ConEmuPluginBase.obj
 0001:0001aef0       ??$wcscat_c@$0CAE@@@YIHAAY0CAE@_WPB_W@Z 1001bef0 f i ConEmuPluginBase.obj
 0001:0001af20       ?EvaluateDefaultFontWidth@@YIHHPB_W@Z 1001bf20 f   EmergencyShow.obj
 0001:0001b060       ?SetUserFriendlyFont@@YIXPAUHWND__@@HH@Z 1001c060 f   EmergencyShow.obj
 0001:0001b550       ?CorrectConsolePos@@YIXPAUHWND__@@@Z 1001c550 f   EmergencyShow.obj
 0001:0001b690       ?EmergencyShow@@YIXPAUHWND__@@HH@Z 1001c690 f   EmergencyShow.obj
 0001:0001b7e0       ?IsFileBatch@@YI_NPB_W@Z   1001c7e0 f   Execute.obj
 0001:0001b860       ?GetImageSubsystem@@YI_NPB_WAAK11@Z 1001c860 f   Execute.obj
 0001:0001bb80       ?GetImageSubsystem@@YI_NAAK0@Z 1001cb80 f   Execute.obj
 0001:0001bc30       ?GetImageSubsystem@@YI_NU_PROCESS_INFORMATION@@AAK1@Z 1001cc30 f   Execute.obj
 0001:0001be20       ?GetEnclosingSectionHeader@@YIPAU_IMAGE_SECTION_HEADER@@KPAUIMAGE_MAPPING@@@Z 1001ce20 f   Execute.obj
 0001:0001beb0       ?GetPtrFromRVA@@YIPAXKPAUIMAGE_MAPPING@@@Z 1001ceb0 f   Execute.obj
 0001:0001bf10       ?FindImageSubsystem@@YI_NPB_WAAK1PAK@Z 1001cf10 f   Execute.obj
 0001:0001c8f0       ??0HkFunc@@QAE@XZ          1001d8f0 f   HkFunc.obj
 0001:0001c950       ?Init@HkFunc@@IAE_NXZ      1001d950 f   HkFunc.obj
 0001:0001c9f0       ?SetInternalMode@HkFunc@@QAEXPAUHINSTANCE__@@P6GHXZ@Z 1001d9f0 f   HkFunc.obj
 0001:0001ca20       ?OnHooksUnloaded@HkFunc@@QAEXXZ 1001da20 f   HkFunc.obj
 0001:0001ca70       ?isConEmuHk@HkFunc@@QAE_NXZ 1001da70 f   HkFunc.obj
 0001:0001ca90       ?getLargestConsoleWindowSize@HkFunc@@QAE?AU_COORD@@PAX@Z 1001da90 f   HkFunc.obj
 0001:0001cb10       ?setConsoleScreenBufferSize@HkFunc@@QAEHPAXU_COORD@@@Z 1001db10 f   HkFunc.obj
 0001:0001cb80       ?getConsoleWindow@HkFunc@@QAEPAUHWND__@@XZ 1001db80 f   HkFunc.obj
 0001:0001cbd0       ?virtualAlloc@HkFunc@@QAEPAXPAXKKK@Z 1001dbd0 f   HkFunc.obj
 0001:0001cc50       ?createProcess@HkFunc@@QAEHPB_WPA_WPAU_SECURITY_ATTRIBUTES@@2HKPAX0PAU_STARTUPINFOW@@PAU_PROCESS_INFORMATION@@@Z 1001dc50 f   HkFunc.obj
 0001:0001cd00       ?HeapInitialize@@YI_NXZ    1001dd00 f   Memory.obj
 0001:0001cd30       ?HeapDeinitialize@@YIXXZ   1001dd30 f   Memory.obj
 0001:0001cd60       ?xf_malloc@@YAPAXI@Z       1001dd60 f   Memory.obj
 0001:0001cd90       ?xf_calloc@@YAPAXII@Z      1001dd90 f   Memory.obj
 0001:0001cdc0       ?xf_realloc@@YAPAXPAXI@Z   1001ddc0 f   Memory.obj
 0001:0001ce00       ?xf_free@@YAXPAX@Z         1001de00 f   Memory.obj
 0001:0001ce30       ?xf_validate@@YA_NPAX@Z    1001de30 f   Memory.obj
 0001:0001ce60       ??2@YAPAXI@Z               1001de60 f   Memory.obj
 0001:0001ce80       ??_U@YAPAXI@Z              1001de80 f   Memory.obj
 0001:0001cea0       ??3@YAXPAX@Z               1001dea0 f   Memory.obj
 0001:0001cec0       ??_V@YAXPAX@Z              1001dec0 f   Memory.obj
 0001:0001cee0       ?lstrdup@@YIPADPBD@Z       1001dee0 f   Memory.obj
 0001:0001cf50       ?StringCchCopyA@@YGJPADIPBD@Z 1001df50 f i Memory.obj
 0001:0001d070       ?lstrdup@@YIPA_WPB_WI@Z    1001e070 f   Memory.obj
 0001:0001d1d0       ?lstrdupW@@YIPA_WPBDI@Z    1001e1d0 f   Memory.obj
 0001:0001d250       ?lstrmerge@@YIPA_WPB_W0000@Z 1001e250 f   Memory.obj
 0001:0001d380       ?lstrmerge@@YI_NPAPA_WPB_W111@Z 1001e380 f   Memory.obj
 0001:0001d3e0       ?GetStartupMonitor@@YIPAUHMONITOR__@@XZ 1001e3e0 f   Monitors.obj
 0001:0001d4f0       ?MonitorFromParam@@YIPAUHMONITOR__@@PB_W@Z 1001e4f0 f   Monitors.obj
 0001:0001d6b0       ?FindMonitorsWorkspace@@YGHPAUHMONITOR__@@PAUHDC__@@PAUtagRECT@@J@Z 1001e6b0 f   Monitors.obj
 0001:0001d730       ?GetAllMonitorsWorkspace@@YI?AUtagRECT@@XZ 1001e730 f   Monitors.obj
 0001:0001d7b0       ?FindPrimaryMonitor@@YGHPAUHMONITOR__@@PAUHDC__@@PAUtagRECT@@J@Z 1001e7b0 f   Monitors.obj
 0001:0001d830       ?GetMonitorInfoSafe@@YI_NPAUHMONITOR__@@AAUtagMONITORINFO@@@Z 1001e830 f   Monitors.obj
 0001:0001d880       ?GetPrimaryMonitorInfo@@YIPAUHMONITOR__@@PAUtagMONITORINFO@@@Z 1001e880 f   Monitors.obj
 0001:0001d930       ?GetNearestMonitorInfo@@YIPAUHMONITOR__@@PAUtagMONITORINFO@@PAU1@PBUtagRECT@@PAUHWND__@@@Z 1001e930 f   Monitors.obj
 0001:0001da20       ?EnumAllMonitors@@YGHPAUHMONITOR__@@PAUHDC__@@PAUtagRECT@@J@Z 1001ea20 f   Monitors.obj
 0001:0001da90       ?MonitorSortCallback@@YIHAAU_FindAllMonitorsItem@@0@Z 1001ea90 f   Monitors.obj
 0001:0001db00       ?GetNextMonitorInfo@@YIPAUHMONITOR__@@PAUtagMONITORINFO@@PBUtagRECT@@_N@Z 1001eb00 f   Monitors.obj
 0001:0001dcd0       ??0_FindAllMonitors@@QAE@XZ 1001ecd0 f i Monitors.obj
 0001:0001dcf0       ??1_FindAllMonitors@@QAE@XZ 1001ecf0 f i Monitors.obj
 0001:0001dd10       ?FindTaskbarWindow@@YIPAUHWND__@@PAUtagRECT@@@Z 1001ed10 f   Monitors.obj
 0001:0001dd80       ?IsTaskbarAutoHidden@@YI_NPAUtagRECT@@PAI@Z 1001ed80 f   Monitors.obj
 0001:0001de40       ??0?$MArray@U_FindAllMonitorsItem@@@@QAE@XZ 1001ee40 f i Monitors.obj
 0001:0001de80       ??1?$MArray@U_FindAllMonitorsItem@@@@QAE@XZ 1001ee80 f i Monitors.obj
 0001:0001dea0       ??A?$MArray@U_FindAllMonitorsItem@@@@QAEAAU_FindAllMonitorsItem@@H@Z 1001eea0 f i Monitors.obj
 0001:0001dec0       ?push_back@?$MArray@U_FindAllMonitorsItem@@@@QAEHABU_FindAllMonitorsItem@@@Z 1001eec0 f i Monitors.obj
 0001:0001df50       ?size@?$MArray@U_FindAllMonitorsItem@@@@QBEHXZ 1001ef50 f i Monitors.obj
 0001:0001df70       ?sort@?$MArray@U_FindAllMonitorsItem@@@@QAEXP6IHAAU_FindAllMonitorsItem@@0@Z@Z 1001ef70 f i Monitors.obj
 0001:0001e060       ?clear@?$MArray@U_FindAllMonitorsItem@@@@QAEXXZ 1001f060 f i Monitors.obj
 0001:0001e0b0       ?addsize@?$MArray@U_FindAllMonitorsItem@@@@QAEXH@Z 1001f0b0 f i Monitors.obj
 0001:0001e1a0       ??0MSection@@QAE@XZ        1001f1a0 f   MSection.obj
 0001:0001e250       ??1MSection@@QAE@XZ        1001f250 f   MSection.obj
 0001:0001e2f0       ?Process_Lock@MSection@@IAEXXZ 1001f2f0 f   MSection.obj
 0001:0001e310       ?Process_Unlock@MSection@@IAEXXZ 1001f310 f   MSection.obj
 0001:0001e330       ?ThreadTerminated@MSection@@QAEXK@Z 1001f330 f   MSection.obj
 0001:0001e380       ?AddRef@MSection@@IAEXK@Z  1001f380 f   MSection.obj
 0001:0001e470       ?ReleaseRef@MSection@@IAEHK@Z 1001f470 f   MSection.obj
 0001:0001e540       ?WaitUnlocked@MSection@@IAEXKK@Z 1001f540 f   MSection.obj
 0001:0001e5e0       ?MyEnterCriticalSection@MSection@@IAE_NK@Z 1001f5e0 f   MSection.obj
 0001:0001e750       ?Lock@MSection@@IAEHHK@Z   1001f750 f   MSection.obj
 0001:0001e8a0       ?Unlock@MSection@@IAEXH@Z  1001f8a0 f   MSection.obj
 0001:0001e910       ?isLockedExclusive@MSection@@QAE_NXZ 1001f910 f   MSection.obj
 0001:0001e960       ??0MSectionThread@@QAE@PAVMSection@@@Z 1001f960 f   MSection.obj
 0001:0001e990       ??1MSectionThread@@QAE@XZ  1001f990 f   MSection.obj
 0001:0001e9c0       ??0MSectionLock@@QAE@XZ    1001f9c0 f   MSection.obj
 0001:0001e9f0       ??1MSectionLock@@QAE@XZ    1001f9f0 f   MSection.obj
 0001:0001ea20       ?Lock@MSectionLock@@QAEHPAVMSection@@HK@Z 1001fa20 f   MSection.obj
 0001:0001eaa0       ?RelockExclusive@MSectionLock@@QAEHK@Z 1001faa0 f   MSection.obj
 0001:0001eb10       ?Unlock@MSectionLock@@QAEXXZ 1001fb10 f   MSection.obj
 0001:0001eb50       ?isLocked@MSectionLock@@QAEHH@Z 1001fb50 f   MSection.obj
 0001:0001eba0       ??0MSectionSimple@@QAE@_N@Z 1001fba0 f   MSectionSimple.obj
 0001:0001ebf0       ??1MSectionSimple@@QAE@XZ  1001fbf0 f   MSectionSimple.obj
 0001:0001ec10       ?IsInitialized@MSectionSimple@@QAE_NXZ 1001fc10 f   MSectionSimple.obj
 0001:0001ec50       ?Init@MSectionSimple@@QAEXXZ 1001fc50 f   MSectionSimple.obj
 0001:0001ec80       ?Close@MSectionSimple@@QAEXXZ 1001fc80 f   MSectionSimple.obj
 0001:0001ecb0       ?Enter@MSectionSimple@@QAEXXZ 1001fcb0 f   MSectionSimple.obj
 0001:0001ecd0       ?Leave@MSectionSimple@@QAEXXZ 1001fcd0 f   MSectionSimple.obj
 0001:0001ecf0       ?TryEnter@MSectionSimple@@QAE_NXZ 1001fcf0 f   MSectionSimple.obj
 0001:0001ed30       ?RecreateAndLock@MSectionSimple@@QAE_NXZ 1001fd30 f   MSectionSimple.obj
 0001:0001edc0       ??0MSectionLockSimple@@QAE@XZ 1001fdc0 f   MSectionSimple.obj
 0001:0001ede0       ??1MSectionLockSimple@@QAE@XZ 1001fde0 f   MSectionSimple.obj
 0001:0001ee00       ?Lock@MSectionLockSimple@@QAEHPAUMSectionSimple@@K@Z 1001fe00 f   MSectionSimple.obj
 0001:0001eeb0       ?Unlock@MSectionLockSimple@@QAEXXZ 1001feb0 f   MSectionSimple.obj
 0001:0001eee0       ?isLocked@MSectionLockSimple@@QAEHXZ 1001fee0 f   MSectionSimple.obj
 0001:0001ef00       ?NullSecurity@@YIPAU_SECURITY_ATTRIBUTES@@XZ 1001ff00 f   MSecurity.obj
 0001:0001ef50       ??0MNullDesc@@QAE@XZ       1001ff50 f i MSecurity.obj
 0001:0001efb0       ?NullSecurity@MNullDesc@@QAEPAU_SECURITY_ATTRIBUTES@@XZ 1001ffb0 f i MSecurity.obj
 0001:0001f0b0       ?LoadAdvApi@MNullDesc@@IAEHXZ 100200b0 f i MSecurity.obj
 0001:0001f300       ?UnloadAdvApi@MNullDesc@@IAEXXZ 10020300 f i MSecurity.obj
 0001:0001f330       ?LocalSecurity@@YIPAU_SECURITY_ATTRIBUTES@@XZ 10020330 f   MSecurity.obj
 0001:0001f380       ?LocalSecurity@MNullDesc@@QAEPAU_SECURITY_ATTRIBUTES@@XZ 10020380 f i MSecurity.obj
 0001:0001f5a0       ?ShutdownSecurity@@YIXXZ   100205a0 f   MSecurity.obj
 0001:0001f5f0       ??_GMNullDesc@@QAEPAXI@Z   100205f0 f i MSecurity.obj
 0001:0001f620       ??1MNullDesc@@QAE@XZ       10020620 f i MSecurity.obj
 0001:0001f6a0       ??0MSetter@@QAE@PAJ@Z      100206a0 f   MSetter.obj
 0001:0001f6e0       ??0MSetter@@QAE@PA_N@Z     100206e0 f   MSetter.obj
 0001:0001f720       ??0MSetter@@QAE@PAKK@Z     10020720 f   MSetter.obj
 0001:0001f760       ??1MSetter@@QAE@XZ         10020760 f   MSetter.obj
 0001:0001f780       ?Unlock@MSetter@@QAEXXZ    10020780 f   MSetter.obj
 0001:0001f810       ?msprintf@@YAPB_WPA_WIPB_WZZ 10020810 f   MStrSafe.obj
 0001:0001fe30       ?msprintf@@YAPBDPADIPBDZZ  10020e30 f   MStrSafe.obj
 0001:00020290       ?lstrcmpni@@YIHPBD0H@Z     10021290 f   MStrSafe.obj
 0001:000203c0       ?lstrcmpni@@YIHPB_W0H@Z    100213c0 f   MStrSafe.obj
 0001:00020520       ?startswith@@YIHPB_W0_N@Z  10021520 f   MStrSafe.obj
 0001:000205b0       ??0CPluginBackground@@QAE@XZ 100215b0 f   PluginBackground.obj
 0001:000207f0       ??1CPluginBackground@@QAE@XZ 100217f0 f   PluginBackground.obj
 0001:00020a40       ?RegisterSubplugin@CPluginBackground@@QAEHPAURegisterBackgroundArg@@@Z 10021a40 f   PluginBackground.obj
 0001:00020df0       ?ReallocItems@CPluginBackground@@IAEXH@Z 10021df0 f   PluginBackground.obj
 0001:00020e70       ?OnMainThreadActivated@CPluginBackground@@QAEXHH@Z 10021e70 f   PluginBackground.obj
 0001:00020f90       ?SetForceCheck@CPluginBackground@@QAEXXZ 10021f90 f   PluginBackground.obj
 0001:00020fc0       ?SetForceUpdate@CPluginBackground@@QAEX_N@Z 10021fc0 f   PluginBackground.obj
 0001:00021000       ?SetForceThLoad@CPluginBackground@@QAEXXZ 10022000 f   PluginBackground.obj
 0001:00021040       ?IsParmChanged@CPluginBackground@@IAE_NPAUPaintBackgroundArg@@0@Z 10022040 f   PluginBackground.obj
 0001:00021320       ?CheckPanelFolders@CPluginBackground@@IAEXH@Z 10022320 f   PluginBackground.obj
 0001:00021420       ?SetDcPanelRect@CPluginBackground@@IAEXPAUtagRECT@@PAUBkPanelInfo@@PAUPaintBackgroundArg@@@Z 10022420 f   PluginBackground.obj
 0001:00021560       ?UpdateBackground_Exec@CPluginBackground@@KIXPAURegisterBackgroundArg@@PAUPaintBackgroundArg@@@Z 10022560 f   PluginBackground.obj
 0001:000215b0       ?UpdateBackground@CPluginBackground@@IAEXXZ 100225b0 f   PluginBackground.obj
 0001:00022420       ?LoadThSet@CPluginBackground@@IAEHH@Z 10023420 f   PluginBackground.obj
 0001:00022640       ?MonitorBackground@CPluginBackground@@QAEXXZ 10023640 f   PluginBackground.obj
 0001:000226f0       ?GetTo@?$MFileMapping@UPanelViewSetMapping@@@@QAE_NPAUPanelViewSetMapping@@H@Z 100236f0 f i PluginBackground.obj
 0001:00022740       ?InitName@?$MFileMapping@UPanelViewSetMapping@@@@QAEPB_WPB_WKK@Z 10023740 f i PluginBackground.obj
 0001:00022790       ?CloseMap@?$MFileMapping@UPanelViewSetMapping@@@@QAEXXZ 10023790 f i PluginBackground.obj
 0001:00022800       ?Open@?$MFileMapping@UPanelViewSetMapping@@@@QAEPAUPanelViewSetMapping@@HH@Z 10023800 f i PluginBackground.obj
 0001:00022820       ??0?$MFileMapping@UPanelViewSetMapping@@@@QAE@XZ 10023820 f i PluginBackground.obj
 0001:00022880       ??1?$MFileMapping@UPanelViewSetMapping@@@@QAE@XZ 10023880 f i PluginBackground.obj
 0001:000228a0       ?IsValid@?$MFileMapping@UPanelViewSetMapping@@@@QAE_NXZ 100238a0 f i PluginBackground.obj
 0001:000228c0       ?ClosePtr@?$MFileMapping@UPanelViewSetMapping@@@@QAEXXZ 100238c0 f i PluginBackground.obj
 0001:000228f0       ?InternalOpenCreate@?$MFileMapping@UPanelViewSetMapping@@@@IAEPAUPanelViewSetMapping@@HHH@Z 100238f0 f i PluginBackground.obj
 0001:00022bb0       ?PlugServerInit@@YIXXZ     10023bb0 f   PluginSrv.obj
 0001:00022bc0       ?PlugServerStart@@YI_NXZ   10023bc0 f   PluginSrv.obj
 0001:00022cb0       ?PlugServerStop@@YIX_N@Z   10023cb0 f   PluginSrv.obj
 0001:00022d10       ?cmd_FarSetChanged@@YIXPAUFAR_REQ_FARSETCHANGED@@@Z 10023d10 f   PluginSrv.obj
 0001:00022d80       ?PlugServerCommand@@YGHPAXPAUCESERVER_REQ@@AAPAU1@AAK3J@Z 10023d80 f   PluginSrv.obj
 0001:00023490       ?PlugServerFree@@YGXPAUCESERVER_REQ@@J@Z 10024490 f   PluginSrv.obj
 0001:000234a0       ?SetOverlapped@?$PipeServer@UCESERVER_REQ@@@@QAEX_N@Z 100244a0 f i PluginSrv.obj
 0001:000234c0       ?SetLoopCommands@?$PipeServer@UCESERVER_REQ@@@@QAEX_N@Z 100244c0 f i PluginSrv.obj
 0001:000234e0       ?SetDummyAnswerSize@?$PipeServer@UCESERVER_REQ@@@@QAEXH@Z 100244e0 f i PluginSrv.obj
 0001:00023500       ?SetMaxCount@?$PipeServer@UCESERVER_REQ@@@@QAEXH@Z 10024500 f i PluginSrv.obj
 0001:00023540       ?StartPipeServer@?$PipeServer@UCESERVER_REQ@@@@QAE_N_NPB_WJPAU_SECURITY_ATTRIBUTES@@P6GHPAXPAUCESERVER_REQ@@AAPAU3@AAK6J@ZP6GX4J@ZP6GH3J@Z99@Z 10024540 f i PluginSrv.obj
 0001:00023720       ?StopPipeServer@?$PipeServer@UCESERVER_REQ@@@@QAEX_NAA_N@Z 10024720 f i PluginSrv.obj
 0001:00023dd0       ?BreakConnection@?$PipeServer@UCESERVER_REQ@@@@QAEXPAX@Z 10024dd0 f i PluginSrv.obj
 0001:00023df0       ?DumpError@?$PipeServer@UCESERVER_REQ@@@@IAEXPAUPipeInst@1@PB_WH@Z 10024df0 f i PluginSrv.obj
 0001:00023ee0       ?_Disconnect@?$PipeServer@UCESERVER_REQ@@@@IAEXPAUPipeInst@1@_N11@Z 10024ee0 f i PluginSrv.obj
 0001:00023f60       ?StartPipeInstance@?$PipeServer@UCESERVER_REQ@@@@IAE_NPAUPipeInst@1@@Z 10024f60 f i PluginSrv.obj
 0001:000240e0       ?TerminatePipeThread@?$PipeServer@UCESERVER_REQ@@@@KIXAAPAXABUPipeInst@1@AA_N@Z 100250e0 f i PluginSrv.obj
 0001:00024170       ?_PipeServerThread@?$PipeServer@UCESERVER_REQ@@@@KGKPAX@Z 10025170 f i PluginSrv.obj
 0001:000241e0       ?PipeServerThread@?$PipeServer@UCESERVER_REQ@@@@IAEKPAUPipeInst@1@@Z 100251e0 f i PluginSrv.obj
 0001:00024570       ?PipeServerRead@?$PipeServer@UCESERVER_REQ@@@@IAEHPAUPipeInst@1@@Z 10025570 f i PluginSrv.obj
 0001:00024900       ?PipeServerWrite@?$PipeServer@UCESERVER_REQ@@@@IAEHPAUPipeInst@1@PBXKPAKH@Z 10025900 f i PluginSrv.obj
 0001:00024aa0       ?WaitForClient@?$PipeServer@UCESERVER_REQ@@@@IAE_NPAUPipeInst@1@AAH1@Z 10025aa0 f i PluginSrv.obj
 0001:00024e80       ?WriteDummyAnswer@?$PipeServer@UCESERVER_REQ@@@@IAEHPAUPipeInst@1@@Z 10025e80 f i PluginSrv.obj
 0001:00024f00       ?WaitOverlapped@?$PipeServer@UCESERVER_REQ@@@@IAEHPAUPipeInst@1@PAK@Z 10025f00 f i PluginSrv.obj
 0001:00025130       ?AllocRequestBuf@PipeInst@?$PipeServer@UCESERVER_REQ@@@@QAEPAUCESERVER_REQ@@K@Z 10026130 f i PluginSrv.obj
 0001:000251b0       ??$wcscpy_c@$0BAE@@@YIHAAY0BAE@_WPB_W@Z 100261b0 f i PluginSrv.obj
 0001:000252c0       ?SetConEmuEnvHWND@@YIXPB_WPAUHWND__@@@Z 100262c0 f   SetEnvVar.obj
 0001:00025310       ?SetConEmuEnvVar@@YIXPAUHWND__@@@Z 10026310 f   SetEnvVar.obj
 0001:00025380       ?SetConEmuEnvVarChild@@YIXPAUHWND__@@0@Z 10026380 f   SetEnvVar.obj
 0001:000253b0       ?SetConEmuWorkEnvVar@@YIXPAUHINSTANCE__@@@Z 100263b0 f   SetEnvVar.obj
 0001:00025530       ??0CEnvStrings@@QAE@PA_W@Z 10026530 f   SetEnvVar.obj
 0001:000255c0       ??1CEnvStrings@@QAE@XZ     100265c0 f   SetEnvVar.obj
 0001:000255f0       ?ShutdownConsole@@YGXXZ    100265f0 f   WConsole.obj
 0001:00025640       ?SetConsoleInfo@@YIHPAUHWND__@@PAU_CONSOLE_INFO@@@Z 10026640 f   WConsole.obj
 0001:00025920       ?GetConsoleSizeInfo@@YIXPAU_CONSOLE_INFO@@@Z 10026920 f   WConsole.obj
 0001:000259d0       ?apiGetConsoleScreenBufferInfoEx@@YIHPAXPAUMY_CONSOLE_SCREEN_BUFFER_INFOEX@@@Z 100269d0 f   WConsole.obj
 0001:00025a40       ?apiSetConsoleScreenBufferInfoEx@@YIHPAXPAUMY_CONSOLE_SCREEN_BUFFER_INFOEX@@@Z 10026a40 f   WConsole.obj
 0001:00025ad0       ?apiGetCurrentConsoleFontEx@@YIHPAXHPAUMY_CONSOLE_FONT_INFOEX@@@Z 10026ad0 f   WConsole.obj
 0001:00025b50       ?apiSetCurrentConsoleFontEx@@YIHPAXHPAUMY_CONSOLE_FONT_INFOEX@@@Z 10026b50 f   WConsole.obj
 0001:00025bd0       ?apiInitConsoleFontSize@@YIHPAX@Z 10026bd0 f   WConsole.obj
 0001:00025c50       ?apiGetConsoleFontSize@@YIHPAXAAH1AAY0CA@_W@Z 10026c50 f   WConsole.obj
 0001:00025cf0       ?apiSetConsoleFontSize@@YIHPAXHHPB_W@Z 10026cf0 f   WConsole.obj
 0001:00025e20       ?apiFixFontSizeForBufferSize@@YIHPAXU_COORD@@PADH@Z 10026e20 f   WConsole.obj
 0001:00026330       ?SetConsoleFontSizeTo@@YIXPAUHWND__@@HHPB_WGG@Z 10027330 f   WConsole.obj
 0001:000267c0       ?apiPauseConsoleOutput@@YIHPAUHWND__@@_N@Z 100277c0 f   WConsole.obj
 0001:000268a0       ?apiGetConsoleSelectionInfo@@YIHPAU_CONSOLE_SELECTION_INFO@@@Z 100278a0 f   WConsole.obj
 0001:00026990       ?MyGetLargestConsoleWindowSize@@YI?AU_COORD@@PAX@Z 10027990 f   WConsole.obj
 0001:00026a10       ?SearchAppPaths@@YI_NPB_WAAUCmdArg@@_NPAU1@@Z 10027a10 f   WFiles.obj
 0001:00026f40       ?GetFullPathNameEx@@YIPA_WPB_W@Z 10027f40 f   WFiles.obj
 0001:00027020       ?FindFileName@@YI_NPB_WAAUCmdArg@@@Z 10028020 f   WFiles.obj
 0001:00027210       ?MakePathProperCase@@YI_NAAUCmdArg@@@Z 10028210 f   WFiles.obj
 0001:00027440       ?ReadTextFile@@YIHPB_WKAAPA_WAAK2K@Z 10028440 f   WFiles.obj
 0001:00027870       ?WriteTextFile@@YIHPB_W0HK_NPAK@Z 10028870 f   WFiles.obj
 0001:00027af0       ?FilesExists@@YI_NPB_W0_NH@Z 10028af0 f   WFiles.obj
 0001:00027c30       ?IsDotsName@@YI_NPB_W@Z    10028c30 f   WFiles.obj
 0001:00027c90       ?FileExistSubDir@@YI_NPB_W0HAAUCmdArg@@@Z 10028c90 f   WFiles.obj
 0001:00027e90       ?DirectoryExists@@YI_NPB_W@Z 10028e90 f   WFiles.obj
 0001:00027ff0       ?MyCreateDirectory@@YI_NPA_W@Z 10028ff0 f   WFiles.obj
 0001:00028100       ?FileCompare@@YI_NPB_W0@Z  10029100 f   WFiles.obj
 0001:00028320       ?apiCancelSynchronousIo@@YIHPAX@Z 10029320 f   WFiles.obj
 0001:000283b0       ?HasZoneIdentifier@@YI_NPB_WAAH@Z 100293b0 f   WFiles.obj
 0001:00028470       ?DropZoneIdentifier@@YI_NPB_WAAK@Z 10029470 f   WFiles.obj
 0001:00028520       ?getWindowInfo@@YIXPAUHWND__@@AAY0EAA@_W_NPAK@Z 10029520 f   WObjects.obj
 0001:000286e0       ?FileExists@@YI_NPB_WPAK@Z 100296e0 f   WObjects.obj
 0001:000288c0       ?FileSearchInDir@@YI_NPB_WAAUCmdArg@@@Z 100298c0 f   WObjects.obj
 0001:00028a80       ?FileExistsSearch@@YI_NPB_WAAUCmdArg@@_N2@Z 10029a80 f   WObjects.obj
 0001:00028b90       ?GetShortFileName@@YI_NPB_WHPA_WH@Z 10029b90 f   WObjects.obj
 0001:00028da0       ?GetShortFileNameEx@@YIPA_WPB_WH@Z 10029da0 f   WObjects.obj
 0001:000291d0       ?IsWine@@YI_NXZ            1002a1d0 f   WObjects.obj
 0001:000292f0       ?IsWinPE@@YI_NXZ           1002a2f0 f   WObjects.obj
 0001:00029360       ?GetOsVersionInformational@@YI_NPAU_OSVERSIONINFOW@@@Z 1002a360 f   WObjects.obj
 0001:00029390       ?IsWinVerOrHigher@@YI_NG@Z 1002a390 f   WObjects.obj
 0001:00029440       ?IsWinVerEqual@@YI_NG@Z    1002a440 f   WObjects.obj
 0001:000294f0       ?IsWin2kEql@@YI_NXZ        1002a4f0 f   WObjects.obj
 0001:00029530       ?IsWin5family@@YI_NXZ      1002a530 f   WObjects.obj
 0001:000295c0       ?IsWinXPSP1@@YI_NXZ        1002a5c0 f   WObjects.obj
 0001:00029680       ?IsWin6@@YI_NXZ            1002a680 f   WObjects.obj
 0001:000296c0       ?IsWin7@@YI_NXZ            1002a6c0 f   WObjects.obj
 0001:00029700       ?IsWin8@@YI_NXZ            1002a700 f   WObjects.obj
 0001:00029740       ?IsWin8_1@@YI_NXZ          1002a740 f   WObjects.obj
 0001:00029780       ?IsWin10@@YI_NXZ           1002a780 f   WObjects.obj
 0001:00029820       ?IsDbcs@@YI_NXZ            1002a820 f   WObjects.obj
 0001:00029840       ?IsWindows64@@YI_NXZ       1002a840 f   WObjects.obj
 0001:000298d0       ?IsHwFullScreenAvailable@@YI_NXZ 1002a8d0 f   WObjects.obj
 0001:00029970       ?IsVsNetHostExe@@YI_NPB_W@Z 1002a970 f   WObjects.obj
 0001:000299f0       ?IsGDB@@YI_NPB_W@Z         1002a9f0 f   WObjects.obj
 0001:00029a40       ?GetProcessBits@@YIHKPAX@Z 1002aa40 f   WObjects.obj
 0001:00029b60       ?GetProcessInfo@@YI_NKPAUtagPROCESSENTRY32W@@@Z 1002ab60 f   WObjects.obj
 0001:00029c50       ?isTerminalMode@@YI_NXZ    1002ac50 f   WObjects.obj
 0001:00029f70       ?IsModuleValid@@YI_NPAUHINSTANCE__@@H@Z 1002af70 f   WObjects.obj
 0001:0002a0b0       ?CheckCallbackPtr@@YI_NPAUHINSTANCE__@@IPAP6GHXZHHH@Z 1002b0b0 f   WObjects.obj
 0001:0002a200       ?ExpandMacroValues@@YIPA_WPB_WPAPB_WI@Z 1002b200 f   WObjects.obj
 0001:0002a3c0       ?ExpandEnvStr@@YIPA_WPB_W@Z 1002b3c0 f   WObjects.obj
 0001:0002a4a0       ?GetEnvVar@@YIPA_WPB_W@Z   1002b4a0 f   WObjects.obj
 0001:0002a570       ?GetComspecFromEnvVar@@YIPB_WPA_WKW4ComSpecBits@@@Z 1002b570 f   WObjects.obj
 0001:0002a7f0       ?GetComspec@@YIPA_WPBUConEmuComspec@@@Z 1002b7f0 f   WObjects.obj
 0001:0002aa30       ?IsExportEnvVarAllowed@@YI_NPB_W@Z 1002ba30 f   WObjects.obj
 0001:0002aaa0       ?ApplyExportEnvVar@@YIXPB_W@Z 1002baa0 f   WObjects.obj
 0001:0002ab20       ?CoordInSmallRect@@YI_NABU_COORD@@ABU_SMALL_RECT@@@Z 1002bb20 f   WObjects.obj
 0001:0002ab90       ?GetCpFromString@@YIIPB_WPAPB_W@Z 1002bb90 f   WObjects.obj
 0001:0002ad00       ??$wcscpy_c@$0EAA@@@YIHAAY0EAA@_WPB_W@Z 1002bd00 f i WObjects.obj
 0001:0002ad30       ??$wcscpy_c@$0BAA@@@YIHAAY0BAA@_WPB_W@Z 1002bd30 f i WObjects.obj
 0001:0002ad60       ?apiThreadHelper@@YGKPAX@Z 1002bd60 f   WThreads.obj
 0001:0002aee0       ?apiCreateThread@@YIPAXP6GKPAX@Z0PAKPBDH@Z 1002bee0 f   WThreads.obj
 0001:0002b050       ??0ConEmuThreadStartArg@@QAE@P6GKPAX@Z0K@Z 1002c050 f i WThreads.obj
 0001:0002b090       ?apiTerminateThreadEx@@YIHPAXKPBDH@Z 1002c090 f   WThreads.obj
 0001:0002b1a0       ?SetThreadName@@YIXKPAD@Z  1002c1a0 f   WThreads.obj
 0001:0002b230       ?apiSetForegroundWindow@@YI_NPAUHWND__@@@Z 1002c230 f   WUser.obj
 0001:0002b260       ?apiShowWindow@@YI_NPAUHWND__@@H@Z 1002c260 f   WUser.obj
 0001:0002b290       ?apiShowWindowAsync@@YI_NPAUHWND__@@H@Z 1002c290 f   WUser.obj
 0001:0002b2c0       ?IsUserAdmin@@YI_NXZ       1002c2c0 f   WUser.obj
 0001:0002b3b0       ?GetLogonSID@@YI_NPAXPAPA_W@Z 1002c3b0 f   WUser.obj
 0001:0002b4d0       ?RemoveOldComSpecC@@YIXXZ  1002c4d0 f   WUser.obj
 0001:0002b600       ?DuplicateProcessHandle@@YIPAXK@Z 1002c600 f   WUser.obj
 0001:0002b670       ?FindComspec@@YIXPAUConEmuComspec@@_N@Z 1002c670 f   WUser.obj
 0001:0002c040       ?UpdateComspec@@YIXPAUConEmuComspec@@_N@Z 1002d040 f   WUser.obj
 0001:0002c380       ?SetEnvVarExpanded@@YIXPB_W0@Z 1002d380 f   WUser.obj
 0001:0002c560       _wcsrchr                   1002d560 f   libCRT:strrchr.obj
 0001:0002c590       _wcschr                    1002d590 f   libCRT:strchr.obj
 0001:0002c5c0       _strpbrk                   1002d5c0 f   libCRT:strpbrk.obj
 0001:0002c650       _wcspbrk                   1002d650 f   libCRT:strpbrk.obj
 0001:0002c6a0       _wcsncmp                   1002d6a0 f   libCRT:strncmp.obj
 0001:0002c6f0       _strrchr                   1002d6f0 f   libCRT:strrchr.obj
 0001:0002c720       _wcsstr                    1002d720 f   libCRT:strstr.obj
 0001:0002c780       _memset                    1002d780 f   libCRT:memset.obj
 0001:0002c7c0       _memmove                   1002d7c0 f   libCRT:memmove.obj
 0001:0002c820       __aullshr                  1002d820 f   libCRT:vc_ullshr.obj
 0001:0002c840       _memcpy                    1002d840 f   libCRT:memcpy.obj
 0001:0002c870       _memcmp                    1002d870 f   libCRT:memcmp.obj
 0001:0002c8b0       _iswdigit                  1002d8b0 f i libCRT:strtol.obj
 0001:0002c8d0       _iswspace                  1002d8d0 f i libCRT:strtol.obj
 0001:0002ca90       _wcstol                    1002da90 f   libCRT:strtol.obj
 0001:0002cab0       _wcstoul                   1002dab0 f   libCRT:strtol.obj
 0001:0002cad0       _strchr                    1002dad0 f   libCRT:strchr.obj
 0001:0002cae6       _lstrlenW@4                1002dae6 f   kernel32:KERNEL32.dll
 0001:0002caec       _SetEnvironmentVariableW@8 1002daec f   kernel32:KERNEL32.dll
 0001:0002caf2       _lstrcpynW@12              1002daf2 f   kernel32:KERNEL32.dll
 0001:0002caf8       _lstrcmpiW@8               1002daf8 f   kernel32:KERNEL32.dll
 0001:0002cafe       _lstrcmpW@8                1002dafe f   kernel32:KERNEL32.dll
 0001:0002cb04       _GetCurrentDirectoryW@8    1002db04 f   kernel32:KERNEL32.dll
 0001:0002cb0a       _SearchPathW@24            1002db0a f   kernel32:KERNEL32.dll
 0001:0002cb10       _GetProcAddress@8          1002db10 f   kernel32:KERNEL32.dll
 0001:0002cb16       _GetModuleHandleW@4        1002db16 f   kernel32:KERNEL32.dll
 0001:0002cb1c       _GetModuleFileNameW@12     1002db1c f   kernel32:KERNEL32.dll
 0001:0002cb22       _SetNamedPipeHandleState@16 1002db22 f   kernel32:KERNEL32.dll
 0001:0002cb28       _GetCurrentProcessId@0     1002db28 f   kernel32:KERNEL32.dll
 0001:0002cb2e       _Sleep@4                   1002db2e f   kernel32:KERNEL32.dll
 0001:0002cb34       _SetLastError@4            1002db34 f   kernel32:KERNEL32.dll
 0001:0002cb3a       _WaitNamedPipeW@8          1002db3a f   kernel32:KERNEL32.dll
 0001:0002cb40       _WaitForSingleObject@8     1002db40 f   kernel32:KERNEL32.dll
 0001:0002cb46       _GetLastError@0            1002db46 f   kernel32:KERNEL32.dll
 0001:0002cb4c       _CreateFileW@28            1002db4c f   kernel32:KERNEL32.dll
 0001:0002cb52       _GetTickCount@0            1002db52 f   kernel32:KERNEL32.dll
 0001:0002cb58       _IsDebuggerPresent@0       1002db58 f   kernel32:KERNEL32.dll
 0001:0002cb5e       _GetCurrentThreadId@0      1002db5e f   kernel32:KERNEL32.dll
 0001:0002cb64       _ReadFile@20               1002db64 f   kernel32:KERNEL32.dll
 0001:0002cb6a       _CloseHandle@4             1002db6a f   kernel32:KERNEL32.dll
 0001:0002cb70       _TransactNamedPipe@28      1002db70 f   kernel32:KERNEL32.dll
 0001:0002cb76       _WriteFile@20              1002db76 f   kernel32:KERNEL32.dll
 0001:0002cb7c       _GetConsoleWindow@0        1002db7c f   kernel32:KERNEL32.dll
 0001:0002cb82       _UnmapViewOfFile@4         1002db82 f   kernel32:KERNEL32.dll
 0001:0002cb88       _MapViewOfFile@20          1002db88 f   kernel32:KERNEL32.dll
 0001:0002cb8e       _OpenFileMappingW@12       1002db8e f   kernel32:KERNEL32.dll
 0001:0002cb94       _LoadLibraryW@4            1002db94 f   kernel32:KERNEL32.dll
 0001:0002cb9a       _CreateFileMappingW@24     1002db9a f   kernel32:KERNEL32.dll
 0001:0002cba0       _VirtualProtect@16         1002dba0 f   kernel32:KERNEL32.dll
 0001:0002cba6       _lstrcpyW@8                1002dba6 f   kernel32:KERNEL32.dll
 0001:0002cbac       _MultiByteToWideChar@24    1002dbac f   kernel32:KERNEL32.dll
 0001:0002cbb2       _lstrcpynA@12              1002dbb2 f   kernel32:KERNEL32.dll
 0001:0002cbb8       _lstrlenA@4                1002dbb8 f   kernel32:KERNEL32.dll
 0001:0002cbbe       _WideCharToMultiByte@32    1002dbbe f   kernel32:KERNEL32.dll
 0001:0002cbc4       _lstrcpyA@8                1002dbc4 f   kernel32:KERNEL32.dll
 0001:0002cbca       _Module32NextW@8           1002dbca f   kernel32:KERNEL32.dll
 0001:0002cbd0       _Module32FirstW@8          1002dbd0 f   kernel32:KERNEL32.dll
 0001:0002cbd6       _CreateToolhelp32Snapshot@8 1002dbd6 f   kernel32:KERNEL32.dll
 0001:0002cbdc       _GetConsoleCursorInfo@8    1002dbdc f   kernel32:KERNEL32.dll
 0001:0002cbe2       _GetConsoleScreenBufferInfo@8 1002dbe2 f   kernel32:KERNEL32.dll
 0001:0002cbe8       _GetStdHandle@4            1002dbe8 f   kernel32:KERNEL32.dll
 0001:0002cbee       _InterlockedIncrement@4    1002dbee f   kernel32:KERNEL32.dll
 0001:0002cbf4       _GetConsoleTitleW@8        1002dbf4 f   kernel32:KERNEL32.dll
 0001:0002cbfa       _DeleteFileW@4             1002dbfa f   kernel32:KERNEL32.dll
 0001:0002cc00       _Thread32Next@8            1002dc00 f   kernel32:KERNEL32.dll
 0001:0002cc06       _Thread32First@8           1002dc06 f   kernel32:KERNEL32.dll
 0001:0002cc0c       _GetConsoleMode@8          1002dc0c f   kernel32:KERNEL32.dll
 0001:0002cc12       _GetExitCodeProcess@8      1002dc12 f   kernel32:KERNEL32.dll
 0001:0002cc18       _CreateProcessW@40         1002dc18 f   kernel32:KERNEL32.dll
 0001:0002cc1e       _SetConsoleMode@8          1002dc1e f   kernel32:KERNEL32.dll
 0001:0002cc24       _GetEnvironmentStringsW@0  1002dc24 f   kernel32:KERNEL32.dll
 0001:0002cc2a       _lstrcatW@8                1002dc2a f   kernel32:KERNEL32.dll
 0001:0002cc30       _GetEnvironmentVariableW@12 1002dc30 f   kernel32:KERNEL32.dll
 0001:0002cc36       _WaitForMultipleObjects@16 1002dc36 f   kernel32:KERNEL32.dll
 0001:0002cc3c       _CreateEventW@16           1002dc3c f   kernel32:KERNEL32.dll
 0001:0002cc42       _SetConsoleTitleW@4        1002dc42 f   kernel32:KERNEL32.dll
 0001:0002cc48       _CreateSemaphoreW@16       1002dc48 f   kernel32:KERNEL32.dll
 0001:0002cc4e       _ResetEvent@4              1002dc4e f   kernel32:KERNEL32.dll
 0001:0002cc54       _TerminateProcess@8        1002dc54 f   kernel32:KERNEL32.dll
 0001:0002cc5a       _GetCurrentProcess@0       1002dc5a f   kernel32:KERNEL32.dll
 0001:0002cc60       _SetEvent@4                1002dc60 f   kernel32:KERNEL32.dll
 0001:0002cc66       _IsBadStringPtrW@8         1002dc66 f   kernel32:KERNEL32.dll
 0001:0002cc6c       _InterlockedDecrement@4    1002dc6c f   kernel32:KERNEL32.dll
 0001:0002cc72       _ReleaseSemaphore@12       1002dc72 f   kernel32:KERNEL32.dll
 0001:0002cc78       _WriteConsoleInputW@16     1002dc78 f   kernel32:KERNEL32.dll
 0001:0002cc7e       _GetNumberOfConsoleInputEvents@8 1002dc7e f   kernel32:KERNEL32.dll
 0001:0002cc84       _ReadConsoleInputW@16      1002dc84 f   kernel32:KERNEL32.dll
 0001:0002cc8a       _PeekConsoleInputW@16      1002dc8a f   kernel32:KERNEL32.dll
 0001:0002cc90       _SuspendThread@4           1002dc90 f   kernel32:KERNEL32.dll
 0001:0002cc96       _ResumeThread@4            1002dc96 f   kernel32:KERNEL32.dll
 0001:0002cc9c       _VerifyVersionInfoW@16     1002dc9c f   kernel32:KERNEL32.dll
 0001:0002cca2       _VerSetConditionMask@16    1002dca2 f   kernel32:KERNEL32.dll
 0001:0002cca8       _ReleaseMutex@4            1002dca8 f   kernel32:KERNEL32.dll
 0001:0002ccae       _CreateMutexW@12           1002dcae f   kernel32:KERNEL32.dll
 0001:0002ccb4       _SetFilePointer@16         1002dcb4 f   kernel32:KERNEL32.dll
 0001:0002ccba       _GetFileInformationByHandle@8 1002dcba f   kernel32:KERNEL32.dll
 0001:0002ccc0       _ReadProcessMemory@20      1002dcc0 f   kernel32:KERNEL32.dll
 0001:0002ccc6       _FreeLibrary@4             1002dcc6 f   kernel32:KERNEL32.dll
 0001:0002cccc       _ExpandEnvironmentStringsW@12 1002dccc f   kernel32:KERNEL32.dll
 0001:0002ccd2       _DebugBreak@0              1002dcd2 f   kernel32:KERNEL32.dll
 0001:0002ccd8       _GetLargestConsoleWindowSize@4 1002dcd8 f   kernel32:KERNEL32.dll
 0001:0002ccde       _SetConsoleScreenBufferSize@8 1002dcde f   kernel32:KERNEL32.dll
 0001:0002cce4       _VirtualAlloc@16           1002dce4 f   kernel32:KERNEL32.dll
 0001:0002ccea       _HeapCreate@12             1002dcea f   kernel32:KERNEL32.dll
 0001:0002ccf0       _HeapDestroy@4             1002dcf0 f   kernel32:KERNEL32.dll
 0001:0002ccf6       _HeapAlloc@12              1002dcf6 f   kernel32:KERNEL32.dll
 0001:0002ccfc       _HeapReAlloc@16            1002dcfc f   kernel32:KERNEL32.dll
 0001:0002cd02       _HeapFree@12               1002dd02 f   kernel32:KERNEL32.dll
 0001:0002cd08       _HeapValidate@12           1002dd08 f   kernel32:KERNEL32.dll
 0001:0002cd0e       _GetStartupInfoW@4         1002dd0e f   kernel32:KERNEL32.dll
 0001:0002cd14       _OpenThread@12             1002dd14 f   kernel32:KERNEL32.dll
 0001:0002cd1a       _InitializeCriticalSection@4 1002dd1a f   kernel32:KERNEL32.dll
 0001:0002cd20       _DeleteCriticalSection@4   1002dd20 f   kernel32:KERNEL32.dll
 0001:0002cd26       _EnterCriticalSection@4    1002dd26 f   kernel32:KERNEL32.dll
 0001:0002cd2c       _LeaveCriticalSection@4    1002dd2c f   kernel32:KERNEL32.dll
 0001:0002cd32       _TryEnterCriticalSection@4 1002dd32 f   kernel32:KERNEL32.dll
 0001:0002cd38       _LocalFree@4               1002dd38 f   kernel32:KERNEL32.dll
 0001:0002cd3e       _LocalAlloc@8              1002dd3e f   kernel32:KERNEL32.dll
 0001:0002cd44       _lstrcmpiA@8               1002dd44 f   kernel32:KERNEL32.dll
 0001:0002cd4a       _GetExitCodeThread@8       1002dd4a f   kernel32:KERNEL32.dll
 0001:0002cd50       _DisconnectNamedPipe@4     1002dd50 f   kernel32:KERNEL32.dll
 0001:0002cd56       _SetThreadPriority@8       1002dd56 f   kernel32:KERNEL32.dll
 0001:0002cd5c       _FlushFileBuffers@4        1002dd5c f   kernel32:KERNEL32.dll
 0001:0002cd62       _GetOverlappedResult@16    1002dd62 f   kernel32:KERNEL32.dll
 0001:0002cd68       _ConnectNamedPipe@8        1002dd68 f   kernel32:KERNEL32.dll
 0001:0002cd6e       _CreateNamedPipeW@32       1002dd6e f   kernel32:KERNEL32.dll
 0001:0002cd74       _FreeEnvironmentStringsW@4 1002dd74 f   kernel32:KERNEL32.dll
 0001:0002cd7a       _SetConsoleWindowInfo@12   1002dd7a f   kernel32:KERNEL32.dll
 0001:0002cd80       _GetConsoleOutputCP@0      1002dd80 f   kernel32:KERNEL32.dll
 0001:0002cd86       _GetFullPathNameW@16       1002dd86 f   kernel32:KERNEL32.dll
 0001:0002cd8c       _FindClose@4               1002dd8c f   kernel32:KERNEL32.dll
 0001:0002cd92       _FindFirstFileW@8          1002dd92 f   kernel32:KERNEL32.dll
 0001:0002cd98       _GetFileSize@8             1002dd98 f   kernel32:KERNEL32.dll
 0001:0002cd9e       _FindNextFileW@8           1002dd9e f   kernel32:KERNEL32.dll
 0001:0002cda4       _CreateDirectoryW@8        1002dda4 f   kernel32:KERNEL32.dll
 0001:0002cdaa       _GetFileSizeEx@8           1002ddaa f   kernel32:KERNEL32.dll
 0001:0002cdb0       _GetPrivateProfileIntW@16  1002ddb0 f   kernel32:KERNEL32.dll
 0001:0002cdb6       _WritePrivateProfileStringW@16 1002ddb6 f   kernel32:KERNEL32.dll
 0001:0002cdbc       _GetVersionExW@4           1002ddbc f   kernel32:KERNEL32.dll
 0001:0002cdc2       _OpenProcess@12            1002ddc2 f   kernel32:KERNEL32.dll
 0001:0002cdc8       _Process32NextW@8          1002ddc8 f   kernel32:KERNEL32.dll
 0001:0002cdce       _Process32FirstW@8         1002ddce f   kernel32:KERNEL32.dll
 0001:0002cdd4       _IsBadReadPtr@8            1002ddd4 f   kernel32:KERNEL32.dll
 0001:0002cdda       _VirtualFree@12            1002ddda f   kernel32:KERNEL32.dll
[...]
 0003:00002b68       ?gnDataSize@@3KA           10048b68     ConEmuPluginBase.obj
 0003:00002b6c       ?gpReqCommandData@@3PAXA   10048b6c     ConEmuPluginBase.obj
 0003:00002b70       ?ghReqCommandEvent@@3PAXA  10048b70     ConEmuPluginBase.obj
 0003:00002b74       ?gbReqCommandWaiting@@3HA  10048b74     ConEmuPluginBase.obj
 0003:00002b78       ?gnMsgTabChanged@@3IA      10048b78     ConEmuPluginBase.obj
 0003:00002b7c       ?csTabs@@3PAVMSection@@A   10048b7c     ConEmuPluginBase.obj
 0003:00002b80       ?gbPlugKeyChanged@@3HA     10048b80     ConEmuPluginBase.obj
 0003:00002b84       ?ghRegMonitorKey@@3PAUHKEY__@@A 10048b84     ConEmuPluginBase.obj
 0003:00002b88       ?ghRegMonitorEvt@@3PAXA    10048b88     ConEmuPluginBase.obj
 0003:00002b8c       ?ghPluginSemaphore@@3PAXA  10048b8c     ConEmuPluginBase.obj
 0003:00002b90       ?gsFarLang@@3PA_WA         10048b90     ConEmuPluginBase.obj
 0003:00002c10       ?gbNeedPostTabSend@@3HA    10048c10     ConEmuPluginBase.obj
 0003:00002c14       ?gbNeedPostEditCheck@@3HA  10048c14     ConEmuPluginBase.obj
 0003:00002c18       ?gbNeedPostReloadFarInfo@@3HA 10048c18     ConEmuPluginBase.obj
 0003:00002c1c       ?gnNeedPostTabSendTick@@3KA 10048c1c     ConEmuPluginBase.obj
 0003:00002c20       ?gpConMapInfo@@3PBUCESERVER_CONSOLE_MAPPING_HDR@@B 10048c20     ConEmuPluginBase.obj
 0003:00002c24       ?gbStartedUnderConsole2@@3HA 10048c24     ConEmuPluginBase.obj
 0003:00002c28       ?gnSelfPID@@3KA            10048c28     ConEmuPluginBase.obj
 0003:00002c2c       ?ghFarInfoMapping@@3PAXA   10048c2c     ConEmuPluginBase.obj
 0003:00002c30       ?gpFarInfo@@3PAUCEFAR_INFO_MAPPING@@A 10048c30     ConEmuPluginBase.obj
 0003:00002c34       ?gpFarInfoMapping@@3PAUCEFAR_INFO_MAPPING@@A 10048c34     ConEmuPluginBase.obj
 0003:00002c38       ?ghFarAliveEvent@@3PAXA    10048c38     ConEmuPluginBase.obj
 0003:00002c3c       ?gPanelRegLeft@@3UPanelViewRegInfo@@A 10048c3c     ConEmuPluginBase.obj
 0003:00002c54       ?gPanelRegRight@@3UPanelViewRegInfo@@A 10048c54     ConEmuPluginBase.obj
 0003:00002c6c       ?ghConEmuCtrlPressed@@3PAXA 10048c6c     ConEmuPluginBase.obj
 0003:00002c70       ?ghConEmuShiftPressed@@3PAXA 10048c70     ConEmuPluginBase.obj
 0003:00002c74       ?gbWaitConsoleInputEmpty@@3HA 10048c74     ConEmuPluginBase.obj
 0003:00002c78       ?gbWaitConsoleWrite@@3HA   10048c78     ConEmuPluginBase.obj
 0003:00002c7c       ?ghConsoleInputEmpty@@3PAXA 10048c7c     ConEmuPluginBase.obj
 0003:00002c80       ?ghConsoleWrite@@3PAXA     10048c80     ConEmuPluginBase.obj
 0003:00002c84       ?gnSynchroCount@@3HA       10048c84     ConEmuPluginBase.obj
 0003:00002c88       ?gbSynchroProhibited@@3_NA 10048c88     ConEmuPluginBase.obj
 0003:00002c89       ?gbInputSynchroPending@@3_NA 10048c89     ConEmuPluginBase.obj
 0003:00002ca0       ?hkFunc@@3UHkFunc@@A       10048ca0     HkFunc.obj
 0003:00002cc0       ?AssertMsgBox@@3P6IHPB_WI0PAUHWND__@@_N@ZA 10048cc0     MAssert.obj
 0003:00002cc4       ?ghHeap@@3PAXA             10048cc4     Memory.obj
 0003:00002cc8       ?gNullDesc@@3PAVMNullDesc@@A 10048cc8     MSecurity.obj
 0003:00002ccc       ?gbNeedBgActivate@@3HA     10048ccc     PluginBackground.obj
 0003:00002cd0       ?gbBgPluginsAllowed@@3HA   10048cd0     PluginBackground.obj
 0003:00002cd4       ?gpBgPlugin@@3PAVCPluginBackground@@A 10048cd4     PluginBackground.obj
 0003:00002cd8       ?gszPluginServerPipe@@3PA_WA 10048cd8     PluginSrv.obj
 0003:00002ee0       ?gpPlugServer@@3PAU?$PipeServer@UCESERVER_REQ@@@@A 10048ee0     PluginSrv.obj
 0003:00002ee4       ?ghServerTerminateEvent@@3PAXA 10048ee4     PluginSrv.obj
 0003:00002ee8       ?gbForcedServerTermination@@3_NA 10048ee8     PluginSrv.obj
 0003:00002ef0       ?gpConsoleInfoStr@@3PAU_CONSOLE_INFO@@A 10048ef0     WConsole.obj
 0003:00002ef4       ?ghConsoleSection@@3PAXA   10048ef4     WConsole.obj
 0003:00002ef8       ?g_LastSetConsoleFont@@3UMY_CONSOLE_FONT_INFOEX@@A 10048ef8     WConsole.obj
 0003:00002f80       ?gfnSearchAppPaths@@3P6I_NPB_WAAUCmdArg@@_NPAU1@@ZA 10048f80     WObjects.obj
 0003:0000a7e0       ?g_ThreadsIdx@@3JA         100507e0     WThreads.obj
 0003:0000a7ec       __aenvptr                  100507ec     LIBCMT:dllcrt0.obj
 0003:0000a7f0       __wenvptr                  100507f0     LIBCMT:dllcrt0.obj
 0003:0000a7f4       ___error_mode              100507f4     LIBCMT:dllcrt0.obj
 0003:0000a7f8       ___app_type                100507f8     LIBCMT:dllcrt0.obj
 0003:0000a888       __umaskval                 10050888     LIBCMT:crt0dat.obj
 0003:0000a88c       __osplatform               1005088c     LIBCMT:crt0dat.obj
 0003:0000a890       __osver                    10050890     LIBCMT:crt0dat.obj
 0003:0000a894       __winver                   10050894     LIBCMT:crt0dat.obj
 0003:0000a898       __winmajor                 10050898     LIBCMT:crt0dat.obj
 0003:0000a89c       __winminor                 1005089c     LIBCMT:crt0dat.obj
 0003:0000a8a0       ___argc                    100508a0     LIBCMT:crt0dat.obj
 0003:0000a8a4       ___argv                    100508a4     LIBCMT:crt0dat.obj
 0003:0000a8a8       ___wargv                   100508a8     LIBCMT:crt0dat.obj
 0003:0000a8ac       __environ                  100508ac     LIBCMT:crt0dat.obj
 0003:0000a8b0       ___initenv                 100508b0     LIBCMT:crt0dat.obj
 0003:0000a8b4       __wenviron                 100508b4     LIBCMT:crt0dat.obj
 0003:0000a8b8       ___winitenv                100508b8     LIBCMT:crt0dat.obj
 0003:0000a8bc       __pgmptr                   100508bc     LIBCMT:crt0dat.obj
 0003:0000a8c0       __wpgmptr                  100508c0     LIBCMT:crt0dat.obj
 0003:0000a8c4       __exitflag                 100508c4     LIBCMT:crt0dat.obj
 0003:0000a8c8       __C_Termination_Done       100508c8     LIBCMT:crt0dat.obj
 0003:0000a8cc       __C_Exit_Done              100508cc     LIBCMT:crt0dat.obj
 0003:0000a8d0       _gpFlsAlloc                100508d0     LIBCMT:tidtable.obj
 0003:0000a8d4       _gpFlsGetValue             100508d4     LIBCMT:tidtable.obj
 0003:0000a8d8       _gpFlsSetValue             100508d8     LIBCMT:tidtable.obj
 0003:0000a8dc       _gpFlsFree                 100508dc     LIBCMT:tidtable.obj
 0003:0000a9ec       __crtheap                  100509ec     LIBCMT:heapinit.obj
 0003:0000ae58       ?__pInconsistency@@3P6AXXZA 10050e58     LIBCMT:hooks.obj
 0003:0000ae78       ?_pnhHeap@@3P6AHI@ZA       10050e78     LIBCMT:handler.obj
 0003:0000ae7c       ___locale_changed          10050e7c     LIBCMT:setlocal.obj
 0003:0000ae80       ___lc_handle               10050e80     LIBCMT:nlsdata2.obj
 0003:0000ae98       ___lc_codepage             10050e98     LIBCMT:nlsdata2.obj
 0003:0000ae9c       ___lc_collate_cp           10050e9c     LIBCMT:nlsdata2.obj
 0003:0000aea4       ___mbulinfo                10050ea4     LIBCMT:mbctype.obj
 0003:0000aeb0       ___mbcodepage              10050eb0     LIBCMT:mbctype.obj
 0003:0000aeb4       ___ismbcodepage            10050eb4     LIBCMT:mbctype.obj
 0003:0000aeb8       ___mblcid                  10050eb8     LIBCMT:mbctype.obj
 0003:0000aebc       __maxwait                  10050ebc     LIBCMT:crtheap.obj
 0003:0000aec0       ___sbh_pHeaderDefer        10050ec0     LIBCMT:sbheap.obj
 0003:0000aec4       __newmode                  10050ec4     LIBCMT:_newmode.obj
 0003:0000b1f8       ___lconv_static_null       100511f8     LIBCMT:lconv.obj
 0003:0000b1fc       ___lconv_static_W_null     100511fc     LIBCMT:lconv.obj
 0003:0000b2cc       ___sbh_initialized         100512cc     <common>
 0003:0000b2d0       ___sbh_cntHeaderList       100512d0     <common>
 0003:0000b2d4       ___sbh_pHeaderList         100512d4     <common>
 0003:0000b2d8       ___sbh_threshold           100512d8     <common>
 0003:0000b2dc       ___sbh_pHeaderScan         100512dc     <common>
 0003:0000b2e0       ___sbh_sizeHeaderList      100512e0     <common>
 0003:0000b2e4       ___sbh_indGroupDefer       100512e4     <common>
 0003:0000b2e8       ___setlc_active            100512e8     <common>
 0003:0000b2ec       ___unguarded_readlc_active 100512ec     <common>
 0003:0000b2f0       ___active_heap             100512f0     <common>
 0003:0000b2f4       __nhandle                  100512f4     <common>
 0003:0000b300       ___pioinfo                 10051300     <common>
 0003:0000b400       ___env_initialized         10051400     <common>
 0003:0000b404       ___onexitend               10051404     <common>
 0003:0000b408       ___onexitbegin             10051408     <common>
 0003:0000b40c       ___mbctype_initialized     1005140c     <common>
 0003:0000b410       __FPinit                   10051410     <common>
 0003:0000b414       ___initenv_end             10051414     <common>
 0003:0000b418       ___winitenv_end            10051418     <common>
 0003:0000b41c       ___dyn_tls_init_callback   1005141c     <common>
 0003:0000b420       __pDestructExceptionObject 10051420     <common>
 0003:0000b424       ___sse2_available          10051424     <common>
 0003:0000b428       __acmdln                   10051428     <common>
 0003:0000b42c       __pRawDllMain              1005142c     <common>

 entry point at        0001:0002d6d5

 Static symbols

 0001:00000510       ?StringValidateDestW@@YGJPB_WII@Z 10001510 f   CmdArg.obj
 0001:00000540       ?StringCopyWorkerW@@YGJPA_WIPAIPB_WI@Z 10001540 f   CmdArg.obj
 0001:00003ac0       ?StringValidateDestW@@YGJPB_WII@Z 10004ac0 f   ConEmuCheck.obj
 0001:00003af0       ?StringCopyWorkerW@@YGJPA_WIPAIPB_WI@Z 10004af0 f   ConEmuCheck.obj
 0001:00005640       ?StringValidateDestW@@YGJPB_WII@Z 10006640 f   ConEmuCheckEx.obj
 0001:00005670       ?StringCopyWorkerW@@YGJPA_WIPAIPB_WI@Z 10006670 f   ConEmuCheckEx.obj
 0001:00005800       ?StringValidateDestAndLengthW@@YGJPB_WIPAII@Z 10006800 f   ConEmuCheckEx.obj
 0001:00005850       ?StringLengthWorkerW@@YGJPB_WIPAI@Z 10006850 f   ConEmuCheckEx.obj
 0001:00005e70       ?StringValidateDestW@@YGJPB_WII@Z 10006e70 f   ConEmuInjects.obj
 0001:00005ea0       ?StringCopyWorkerW@@YGJPA_WIPAIPB_WI@Z 10006ea0 f   ConEmuInjects.obj
 0001:00006900       ?ChangeExports@@YI_NPBUExportFunc@@PAUHINSTANCE__@@@Z 10007900 f   ConEmuPlugin.obj
 0001:00009670       ?GetFarSetting@@YIHPAXIPB_W@Z 1000a670 f   ConEmuPlugin1900.obj
 0001:00009910       ?CallGuiMacroProc@@YIXXZ   1000a910 f   ConEmuPlugin1900.obj
 0001:00009ce0       ?CallGuiMacroDlg@@YGHPAXHH0@Z 1000ace0 f   ConEmuPlugin1900.obj
 0001:0000a200       ?MAKEFARVERSION@@YI?AUVersionInfo@@KKKKW4VERSION_STAGE@@@Z 1000b200 f   ConEmuPlugin2800.obj
 0001:0000b930       ?WExists@@YIHABUWindowInfo@@ABV?$MArray@UWindowInfo@@@@@Z 1000c930 f   ConEmuPlugin2800.obj
 0001:0000c7f0       ?GetFarSetting@@YIHPAXIPB_W@Z 1000d7f0 f   ConEmuPlugin2800.obj
 0001:0000caa0       ?CallGuiMacroProc@@YIXXZ   1000daa0 f   ConEmuPlugin2800.obj
 0001:0000ce00       ?CallGuiMacroDlg@@YGHPAXHH0@Z 1000de00 f   ConEmuPlugin2800.obj
 0001:0000d250       ?FreeMacroResult@@YGXPAXPAUFarMacroValue@@I@Z 1000e250 f   ConEmuPlugin2800.obj
 0001:0000f2a0       ?CallGuiMacroProc@@YIXXZ   100102a0 f   ConEmuPlugin995.obj
 0001:0000f600       ?CallGuiMacroDlg@@YGJPAXHHJ@Z 10010600 f   ConEmuPlugin995.obj
 0001:00011250       ?CallGuiMacroProc@@YIXXZ   10012250 f   ConEmuPluginA.obj
 0001:00011600       ?CallGuiMacroDlg@@YGJPAXHHJ@Z 10012600 f   ConEmuPluginA.obj
 0001:00012260       ?LoadFarVersion@@YI_NAAUFarVersion@@AAY0CAA@_W@Z 10013260 f   ConEmuPluginBase.obj
 0001:00012300       ?SetDefaultFarVersion@@YIXAAUFarVersion@@@Z 10013300 f   ConEmuPluginBase.obj
 0001:00012350       ?LoadFarVersion@@YI_NPB_WAAUFarVersion@@AAY0CAA@_W@Z 10013350 f   ConEmuPluginBase.obj
 0001:000123b0       ?LoadAppVersion@@YI_NPB_WAAUtagVS_FIXEDFILEINFO@@AAY0CAA@_W@Z 100133b0 f   ConEmuPluginBase.obj
 0001:000123e0       ?LoadModuleVersion@@YI_NPB_WAAUtagVS_FIXEDFILEINFO@@PA_WI@Z 100133e0 f   ConEmuPluginBase.obj
 0001:00012610       ?StringValidateDestW@@YGJPB_WII@Z 10013610 f   ConEmuPluginBase.obj
 0001:00012640       ?StringValidateDestAndLengthW@@YGJPB_WIPAII@Z 10013640 f   ConEmuPluginBase.obj
 0001:00012690       ?StringLengthWorkerW@@YGJPB_WIPAI@Z 10013690 f   ConEmuPluginBase.obj
 0001:00012700       ?StringCopyWorkerW@@YGJPA_WIPAIPB_WI@Z 10013700 f   ConEmuPluginBase.obj
 0001:000127b0       ?ConvertVersionToFarVersion@@YIXABUtagVS_FIXEDFILEINFO@@AAUFarVersion@@@Z 100137b0 f   ConEmuPluginBase.obj
 0001:0001c810       ?StringValidateDestW@@YGJPB_WII@Z 1001d810 f   Execute.obj
 0001:0001c840       ?StringCopyWorkerW@@YGJPA_WIPAIPB_WI@Z 1001d840 f   Execute.obj
 0001:0001cfa0       ?StringValidateDestA@@YGJPBDII@Z 1001dfa0 f   Memory.obj
 0001:0001cfd0       ?StringCopyWorkerA@@YGJPADIPAIPBDI@Z 1001dfd0 f   Memory.obj
 0001:0001d0f0       ?StringValidateDestW@@YGJPB_WII@Z 1001e0f0 f   Memory.obj
 0001:0001d120       ?StringCopyWorkerW@@YGJPA_WIPAIPB_WI@Z 1001e120 f   Memory.obj
 0001:0001d620       ?FindMonitor@impl@?L@??MonitorFromParam@@YIPAUHMONITOR__@@PB_W@Z@SGHPAU3@PAUHDC__@@PAUtagRECT@@J@Z 1001e620 f   Monitors.obj
 0001:00022ad0       ?StringValidateDestW@@YGJPB_WII@Z 10023ad0 f   PluginBackground.obj
 0001:00022b00       ?StringCopyWorkerW@@YGJPA_WIPAIPB_WI@Z 10023b00 f   PluginBackground.obj
 0001:000251e0       ?StringValidateDestW@@YGJPB_WII@Z 100261e0 f   PluginSrv.obj
 0001:00025210       ?StringCopyWorkerW@@YGJPA_WIPAIPB_WI@Z 10026210 f   PluginSrv.obj
 0001:00028cc0       ?StringValidateDestW@@YGJPB_WII@Z 10029cc0 f   WObjects.obj
 0001:00028cf0       ?StringCopyWorkerW@@YGJPA_WIPAIPB_WI@Z 10029cf0 f   WObjects.obj
 0001:00029240       ?CheckRegKeyExist@@YI_NPAURegKeyExistArg@@@Z 1002a240 f   WObjects.obj
 0001:0002a730       ?StringValidateDestAndLengthW@@YGJPB_WIPAII@Z 1002b730 f   WObjects.obj
 0001:0002a780       ?StringLengthWorkerW@@YGJPB_WIPAI@Z 1002b780 f   WObjects.obj
 0001:0002c480       ?StringValidateDestW@@YGJPB_WII@Z 1002d480 f   WUser.obj
 0001:0002c4b0       ?StringCopyWorkerW@@YGJPA_WIPAIPB_WI@Z 1002d4b0 f   WUser.obj
 0001:0002c8f0       ?strtoxl@@YAKPB_WPAPA_WHH@Z 1002d8f0 f   libCRT:strtol.obj
 0001:0002d48a       ___DllMainCRTStartup@12    1002e48a f   LIBCMT:dllcrt0.obj
 0001:0002d6eb       _has_osfxsr_set            1002e6eb f   LIBCMT:cpu_disp.obj
 0001:0002d804       __unwind_handler           1002e804 f   LIBCMT:exsup.obj
 0001:0002d920       _ValidateScopeTableHandlers 1002e920 f   LIBCMT:eh3valid.obj
 0001:0002dd49       _xcptlookup                1002ed49 f   LIBCMT:winxfltr.obj
 0001:0002dfa0       __initterm                 1002efa0 f   LIBCMT:crt0dat.obj
 0001:0002e103       _doexit                    1002f103 f   LIBCMT:crt0dat.obj
 0001:0002eeb0       _parse_cmdline             1002feb0 f   LIBCMT:stdargv.obj
 0001:0002f4f0       _ValidateLocalCookies      100304f0 f   LIBCMT:chandler4.obj
 0001:0002fe0e       _ctrlevent_capture@4       10030e0e f   LIBCMT:winsig.obj
 0001:0002fea9       _siglookup                 10030ea9 f   LIBCMT:winsig.obj
 0001:00030414       ___crtInitCritSecNoSpinCount@8 10031414 f   LIBCMT:initcrit.obj
 0001:00030811       __copytlocinfo_nolock      10031811 f   LIBCMT:setlocal.obj
 0001:00030837       __updatetlocinfoEx_nolock  10031837 f   LIBCMT:setlocal.obj
 0001:0003095a       _sync_legacy_variables_lk  1003195a f   LIBCMT:setlocal.obj
 0001:00030cb4       __setlocale_get_all        10031cb4 f   LIBCMT:setlocal.obj
 0001:00031097       __setlocale_set_cat        10032097 f   LIBCMT:setlocal.obj
 0001:00031395       __setlocale_nolock         10032395 f   LIBCMT:setlocal.obj
 0001:00031889       ?CPtoLCID@@YAHH@Z          10032889 f   LIBCMT:mbctype.obj
 0001:000318b8       ?setSBCS@@YAXPAUthreadmbcinfostruct@@@Z 100328b8 f   LIBCMT:mbctype.obj
 0001:0003191c       ?setSBUpLow@@YAXPAUthreadmbcinfostruct@@@Z 1003291c f   LIBCMT:mbctype.obj
 0001:00031bfb       ?getSystemCP@@YAHH@Z       10032bfb f   LIBCMT:mbctype.obj
 0001:00033239       ?x_ismbbtype_l@@YAHPAUlocaleinfo_struct@@IHH@Z 10034239 f   LIBCMT:ismbbyte.obj
 0001:000337fc       __unwind_handler4          100347fc f   LIBCMT:exsup4.obj
 0001:00033caf       __get_lc_time              10034caf f   LIBCMT:inittime.obj
 0001:000348a0       _fix_grouping              100358a0 f   LIBCMT:initnum.obj
 0001:00034b2f       _fix_grouping              10035b2f f   LIBCMT:initmon.obj
 0001:00035a66       ?_store_str@@YAXPADPAPADPAI@Z 10036a66 f   LIBCMT:_strftime.obj
 0001:00035a86       ?_store_number@@YAXHPAPADPAI@Z 10036a86 f   LIBCMT:_strftime.obj
 0001:00035abc       ?_store_num@@YAXHHPAPADPAII@Z 10036abc f   LIBCMT:_strftime.obj
 0001:00035b37       ?_expandtime@@YAHPAUlocaleinfo_struct@@DPBUtm@@PAPADPAIPAU__lc_time_data@@I@Z 10036b37 f   LIBCMT:_strftime.obj
 0001:00035eeb       ?_store_winword@@YAHPAUlocaleinfo_struct@@HPBUtm@@PAPADPAIPAU__lc_time_data@@@Z 10036eeb f   LIBCMT:_strftime.obj
 0001:0003668b       _TranslateName             1003768b f   LIBCMT:getqloc.obj
 0001:000366ed       _GetLcidFromDefault        100376ed f   LIBCMT:getqloc.obj
 0001:00036701       _ProcessCodePage           10037701 f   LIBCMT:getqloc.obj
 0001:0003677d       _TestDefaultCountry        1003777d f   LIBCMT:getqloc.obj
 0001:000367a1       _LcidFromHexString         100377a1 f   LIBCMT:getqloc.obj
 0001:000367d5       _GetPrimaryLen             100377d5 f   LIBCMT:getqloc.obj
 0001:000367f0       _CountryEnumProc@4         100377f0 f   LIBCMT:getqloc.obj
 0001:00036888       _TestDefaultLanguage       10037888 f   LIBCMT:getqloc.obj
 0001:000368ff       _LangCountryEnumProc@4     100378ff f   LIBCMT:getqloc.obj
 0001:00036b05       _LanguageEnumProc@4        10037b05 f   LIBCMT:getqloc.obj
 0001:00036bc6       _GetLcidFromCountry        10037bc6 f   LIBCMT:getqloc.obj
 0001:00036bf8       _GetLcidFromLangCountry    10037bf8 f   LIBCMT:getqloc.obj
 0001:00036c6d       _GetLcidFromLanguage       10037c6d f   LIBCMT:getqloc.obj
 0001:00036eaf       ?__crtGetStringTypeA_stat@@YAHPAUlocaleinfo_struct@@KPBDHPAGHHH@Z 10037eaf f   LIBCMT:_a_str.obj
 0001:0003716b       ?strncnt@@YAHPBDH@Z        1003816b f   LIBCMT:_a_map.obj
 0001:00037189       ?__crtLCMapStringA_stat@@YAHPAUlocaleinfo_struct@@KKPBDHPADHHH@Z 10038189 f   LIBCMT:_a_map.obj
 0001:00037cd3       __tzset_nolock             10038cd3 f   LIBCMT:tzset.obj
 0001:00038039       _cvtdate                   10039039 f   LIBCMT:tzset.obj
 0001:00038230       __isindst_nolock           10039230 f   LIBCMT:tzset.obj
 0001:00038b1f       _xtoa_s@20                 10039b1f f   LIBCMT:xtoas.obj
 0001:00038c63       @x64toa_s@24               10039c63 f   LIBCMT:xtoas.obj
 0001:00039177       ?__crtGetLocaleInfoA_stat@@YAHPAUlocaleinfo_struct@@KKPADHH@Z 1003a177 f   LIBCMT:_a_loc.obj
 0001:00039385       __getenv_s_helper          1003a385 f   LIBCMT:getenv.obj
 0001:0003941f       __dupenv_s_helper          1003a41f f   LIBCMT:getenv.obj
 0001:0003992b       ?strtoxlX@@YAKPAUlocaleinfo_struct@@PBDPAPBDHHH@Z 1003a92b f   LIBCMT:_strtol.obj
 0001:00039b94       ?strtoxl@@YAKPAUlocaleinfo_struct@@PBDPAPBDHH@Z 1003ab94 f   LIBCMT:_strtol.obj
 0001:00039c45       ?strtoxq@@YA_KPAUlocaleinfo_struct@@PBDPAPBDHH@Z 1003ac45 f   LIBCMT:_strtoq.obj
 0001:0003a224       ?__crtGetStringTypeW_stat@@YAHPAUlocaleinfo_struct@@KPBGHPAGHH@Z 1003b224 f   LIBCMT:_w_str.obj
 0001:0003a614       ?strncnt@@YAHPBDH@Z        1003b614 f   LIBCMT:_a_cmp.obj
 0001:0003a632       ?__crtCompareStringA_stat@@YAHPAUlocaleinfo_struct@@KKPBDH1HH@Z 1003b632 f   LIBCMT:_a_cmp.obj
 0001:0003ab07       _findenv                   1003bb07 f   LIBCMT:setenv.obj
 0001:0003ab59       _copy_environ              1003bb59 f   LIBCMT:setenv.obj
 0001:0003b070       ??__EhkFunc@@YAXXZ         1003c070 f   HkFunc.obj
