 ConEmu.x64

 Timestamp is 565828a6 (Fri Nov 27 12:55:50 2015)

 Preferred load address is 0000000180000000

 Start         Length     Name                   Class
 0001:00000000 0004865eH .text                   CODE
 0001:00048660 0000005eH .text$00                CODE
 0001:000486c0 0000058cH .text$x                 CODE
 0001:00048c50 00000015H .text$yc                CODE
 0002:00000000 000007d8H .idata$5                DATA
 0002:000007d8 00000008H .CRT$XCA                DATA
 0002:000007e0 00000008H .CRT$XCU                DATA
 0002:000007e8 00000008H .CRT$XCZ                DATA
 0002:000007f0 00000008H .CRT$XIA                DATA
 0002:000007f8 00000008H .CRT$XIC                DATA
 0002:00000800 00000008H .CRT$XIZ                DATA
 0002:00000808 00000008H .CRT$XPA                DATA
 0002:00000810 00000008H .CRT$XPZ                DATA
 0002:00000818 00000008H .CRT$XTA                DATA
 0002:00000820 00000008H .CRT$XTZ                DATA
 0002:00000830 00006bcbH .rdata                  DATA
 0002:000073fc 00000073H .rdata$debug            DATA
 0002:00007470 000028f0H .xdata                  DATA
 0002:00009d60 00000078H .idata$2                DATA
 0002:00009dd8 00000014H .idata$3                DATA
 0002:00009df0 000007d8H .idata$4                DATA
 0002:0000a5c8 00001212H .idata$6                DATA
 0002:0000b7e0 000002e1H .edata                  DATA
 0003:00000000 000014bcH .data                   DATA
 0003:000014c0 0000bab8H .bss                    DATA
 0004:00000000 00002d00H .pdata                  DATA
 0005:00000000 00000058H .rsrc$01                DATA
 0005:00000060 000002d8H .rsrc$02                DATA

  Address         Publics by Value              Rva+Base               Lib:Object

 0000:00000000       ___safe_se_handler_count   0000000000000000     <absolute>
 0000:00000000       ___safe_se_handler_table   0000000000000000     <absolute>
 0000:00000000       __ImageBase                0000000180000000     <linker-defined>
 0001:00000000       ??0CmdArg@@QEAA@XZ         0000000180001000 f   CmdArg.obj
 0001:00000050       ??0CmdArg@@QEAA@PEA_W@Z    0000000180001050 f   CmdArg.obj
 0001:000000c0       ??BCmdArg@@QEBAPEB_WXZ     00000001800010c0 f   CmdArg.obj
 0001:000000d0       ?Right@CmdArg@@QEBAPEB_W_J@Z 00000001800010d0 f   CmdArg.obj
 0001:00000160       ??4CmdArg@@QEAAAEAU0@PEA_W@Z 0000000180001160 f   CmdArg.obj
 0001:00000190       ??4CmdArg@@QEAAAEAU0@PEB_W@Z 0000000180001190 f   CmdArg.obj
 0001:000001c0       ??1CmdArg@@QEAA@XZ         00000001800011c0 f   CmdArg.obj
 0001:00000240       ?GetBuffer@CmdArg@@QEAAPEA_W_J@Z 0000000180001240 f   CmdArg.obj
 0001:000003a0       ?Detach@CmdArg@@QEAAPEA_WXZ 00000001800013a0 f   CmdArg.obj
 0001:000003e0       ?Attach@CmdArg@@QEAAPEB_WPEA_W@Z 00000001800013e0 f   CmdArg.obj
 0001:00000410       ?AttachInt@CmdArg@@AEAAPEB_WAEAPEA_W@Z 0000000180001410 f   CmdArg.obj
 0001:000004b0       ?Empty@CmdArg@@QEAAXXZ     00000001800014b0 f   CmdArg.obj
 0001:00000510       ?IsEmpty@CmdArg@@QEAA_NXZ  0000000180001510 f   CmdArg.obj
 0001:00000550       ?Set@CmdArg@@QEAAPEB_WPEB_W_J@Z 0000000180001550 f   CmdArg.obj
 0001:00000620       ?StringCchCopyNW@@YAJPEA_W_KPEB_W1@Z 0000000180001620 f i CmdArg.obj
 0001:000007e0       ?SavePathVar@CmdArg@@QEAAXPEB_W@Z 00000001800017e0 f   CmdArg.obj
 0001:00000840       ?SaveEnvVar@CmdArg@@QEAAXPEB_W0@Z 0000000180001840 f   CmdArg.obj
 0001:000008f0       ?SetAt@CmdArg@@QEAAX_J_W@Z 00000001800018f0 f   CmdArg.obj
 0001:00000940       ?GetPosFrom@CmdArg@@QEAAXAEBU1@@Z 0000000180001940 f   CmdArg.obj
 0001:00000980       ?IsNeedDequote@@YA_NPEB_W_NPEAPEB_W@Z 0000000180001980 f   CmdLine.obj
 0001:00000c30       ?NextArg@@YAHPEAPEB_WAEAUCmdArg@@0@Z 0000000180001c30 f   CmdLine.obj
 0001:000011a0       ?NextLine@@YAHPEAPEB_WAEAUCmdArg@@K@Z 00000001800021a0 f   CmdLine.obj
 0001:00001390       ?AddEndSlash@@YAHPEA_WH@Z  0000000180002390 f   CmdLine.obj
 0001:00001420       ?SkipNonPrintable@@YAPEB_WPEB_W@Z 0000000180002420 f   CmdLine.obj
 0001:00001490       ?CompareFileMask@@YA_NPEB_W0@Z 0000000180002490 f   CmdLine.obj
 0001:000016b0       ?wcschr@@YAPEA_WPEA_W_W@Z  00000001800026b0 f i CmdLine.obj
 0001:000016e0       ?GetDrive@@YAPEB_WPEB_WPEA_WH@Z 00000001800026e0 f   CmdLine.obj
 0001:00001990       ?GetDirectory@@YAHAEAUCmdArg@@@Z 0000000180002990 f   CmdLine.obj
 0001:00001a30       ?IsNeedCmd@@YA_NHPEB_WAEAUCmdArg@@PEAPEB_WPEAH333@Z 0000000180002a30 f   CmdLine.obj
 0001:000025b0       ?Disable@MWow64Disable@@QEAAXXZ 00000001800035b0 f i CmdLine.obj
 0001:000025f0       ??0MWow64Disable@@QEAA@XZ  00000001800035f0 f i CmdLine.obj
 0001:00002690       ??1MWow64Disable@@QEAA@XZ  0000000180003690 f i CmdLine.obj
 0001:000026b0       ?Restore@MWow64Disable@@QEAAXXZ 00000001800036b0 f i CmdLine.obj
 0001:00002700       ?IsExecutable@@YA_NPEB_WPEAPEA_W@Z 0000000180003700 f   CmdLine.obj
 0001:00002820       ?CompareProcessNames@@YA_NPEB_W0@Z 0000000180003820 f   CmdLine.obj
 0001:00002a30       ?CheckProcessName@@YA_NPEB_WPEAPEB_W@Z 0000000180003a30 f   CmdLine.obj
 0001:00002bb0       ?IsConsoleService@@YA_NPEB_W@Z 0000000180003bb0 f   CmdLine.obj
 0001:00002bf0       ?IsConsoleServer@@YA_NPEB_W@Z 0000000180003bf0 f   CmdLine.obj
 0001:00002c30       ?IsTerminalServer@@YA_NPEB_W@Z 0000000180003c30 f   CmdLine.obj
 0001:00002ca0       ?IsGitBashHelper@@YA_NPEB_W@Z 0000000180003ca0 f   CmdLine.obj
 0001:00002ce0       ?IsFarExe@@YA_NPEB_W@Z     0000000180003ce0 f   CmdLine.obj
 0001:00002d20       ?IsCmdProcessor@@YA_NPEB_W@Z 0000000180003d20 f   CmdLine.obj
 0001:00002d60       ?IsQuotationNeeded@@YA_NPEB_W@Z 0000000180003d60 f   CmdLine.obj
 0001:00002db0       ?MergeCmdLine@@YAPEA_WPEB_W0@Z 0000000180003db0 f   CmdLine.obj
 0001:00002e90       ?JoinPath@@YAPEA_WPEB_W00@Z 0000000180003e90 f   CmdLine.obj
 0001:000030e0       ?IsFilePath@@YA_NPEB_W_N@Z 00000001800040e0 f   CmdLine.obj
 0001:000032e0       ?PointToName@@YAPEB_WPEB_W@Z 00000001800042e0 f   CmdLine.obj
 0001:00003390       ?PointToName@@YAPEBDPEBD@Z 0000000180004390 f   CmdLine.obj
 0001:00003440       ?PointToExt@@YAPEB_WPEB_W@Z 0000000180004440 f   CmdLine.obj
 0001:00003490       ?Unquote@@YAPEB_WPEA_W_N@Z 0000000180004490 f   CmdLine.obj
 0001:00003540       ?wcsrchr@@YAPEA_WPEA_W_W@Z 0000000180004540 f i CmdLine.obj
 0001:00003570       ?IsNewConsoleArg@@YA_NPEB_W0@Z 0000000180004570 f   CmdLine.obj
 0001:00003690       ?PackInputRecord@@YAHPEBU_INPUT_RECORD@@PEAUMsgStr@MSG64@@@Z 0000000180004690 f   Common.obj
 0001:00003940       ?UnpackInputRecord@@YAHPEBUMsgStr@MSG64@@PEAU_INPUT_RECORD@@@Z 0000000180004940 f   Common.obj
 0001:00003c30       ?TranslateKeyPress@@YAXGK_WHPEAU_INPUT_RECORD@@1@Z 0000000180004c30 f   Common.obj
 0001:00003e80       ?GetCommand@CESERVER_REQ_NEWCMD@@QEAAPEA_WXZ 0000000180004e80 f   Common.obj
 0001:00003ed0       ?GetEnvStrings@CESERVER_REQ_NEWCMD@@QEAAPEA_WXZ 0000000180004ed0 f   Common.obj
 0001:00003f20       ?SetCommand@CESERVER_REQ_NEWCMD@@QEAAXPEB_W@Z 0000000180004f20 f   Common.obj
 0001:00003fc0       ?SetEnvStrings@CESERVER_REQ_NEWCMD@@QEAAXPEB_WK@Z 0000000180004fc0 f   Common.obj
 0001:00004160       ?IsEnvBlockVariableValid@@YA_NPEB_WAEAPEB_W@Z 0000000180005160 f   Common.obj
 0001:000041d0       ?IsEnvBlockVariableValid@@YA_NPEB_W@Z 00000001800051d0 f   Common.obj
 0001:00004220       ?CommonShutdown@@YAXXZ     0000000180005220 f   Common.obj
 0001:00004250       ?ModuleName@@YAPEB_WPEB_W@Z 0000000180005250 f   ConEmuCheck.obj
 0001:00004340       ?ExecuteOpenPipe@@YAPEAXPEB_WAEAY0CAI@_W0KKHPEAXH@Z 0000000180005340 f   ConEmuCheck.obj
 0001:00004640       ?ExecutePrepareCmd@@YAXPEAUCESERVER_REQ@@K_K@Z 0000000180005640 f   ConEmuCheck.obj
 0001:000046a0       ?ExecutePrepareCmd@@YAXPEAUCESERVER_REQ_HDR@@K_K@Z 00000001800056a0 f   ConEmuCheck.obj
 0001:00004770       ?ExecuteNewCmd@@YAPEAUCESERVER_REQ@@K_K@Z 0000000180005770 f   ConEmuCheck.obj
 0001:000047e0       ?ExecuteNewCmd@@YA_NAEAPEAUCESERVER_REQ@@AEAKK_K@Z 00000001800057e0 f   ConEmuCheck.obj
 0001:000048b0       ?LoadSrvMapping@@YAHPEAUHWND__@@AEAUCESERVER_CONSOLE_MAPPING_HDR@@@Z 00000001800058b0 f   ConEmuCheck.obj
 0001:00004a20       ?LoadGuiMapping@@YAHKAEAUConEmuGuiMapping@@@Z 0000000180005a20 f   ConEmuCheck.obj
 0001:00004b80       ?ExecuteNewCmdOnCreate@@YAPEAUCESERVER_REQ@@PEAUCESERVER_CONSOLE_MAPPING_HDR@@PEAUHWND__@@W4CmdOnCreateType@@PEB_W33PEAK444HHPEAX55@Z 0000000180005b80 f   ConEmuCheck.obj
 0001:00005070       ?StringCchCopyW@@YAJPEA_W_KPEB_W@Z 0000000180006070 f i ConEmuCheck.obj
 0001:00005200       ?ExecuteGuiCmd@@YAPEAUCESERVER_REQ@@PEAUHWND__@@PEAU1@0H@Z 0000000180006200 f   ConEmuCheck.obj
 0001:000052c0       ?ExecuteSrvCmd@@YAPEAUCESERVER_REQ@@KPEAU1@PEAUHWND__@@HKH@Z 00000001800062c0 f   ConEmuCheck.obj
 0001:00005390       ?ExecuteHkCmd@@YAPEAUCESERVER_REQ@@KPEAU1@PEAUHWND__@@HH@Z 0000000180006390 f   ConEmuCheck.obj
 0001:00005460       ?ExecuteCmd@@YAPEAUCESERVER_REQ@@PEB_WPEAU1@KPEAUHWND__@@HKH@Z 0000000180006460 f   ConEmuCheck.obj
 0001:00005860       ?ExecuteFreeResult@@YAXAEAPEAUCESERVER_REQ@@@Z 0000000180006860 f   ConEmuCheck.obj
 0001:000058a0       ?AllocateSendCurrentDirectory@@YA_NAEAPEAUCESERVER_REQ@@AEAKPEB_W2@Z 00000001800068a0 f   ConEmuCheck.obj
 0001:000059f0       ?SendCurrentDirectory@@YAXPEAUHWND__@@PEB_W1@Z 00000001800069f0 f   ConEmuCheck.obj
 0001:00005a70       ?isConsoleClass@@YA_NPEB_W@Z 0000000180006a70 f   ConEmuCheck.obj
 0001:00005ad0       ?isConsoleWindow@@YA_NPEAUHWND__@@@Z 0000000180006ad0 f   ConEmuCheck.obj
 0001:00005be0       ?myGetConsoleWindow@@YAPEAUHWND__@@XZ 0000000180006be0 f   ConEmuCheck.obj
 0001:00005cd0       ?GetConEmuHWND@@YAPEAUHWND__@@H@Z 0000000180006cd0 f   ConEmuCheck.obj
 0001:00005ef0       ??BHWND2@@QEBAPEAUHWND__@@XZ 0000000180006ef0 f i ConEmuCheck.obj
 0001:00005f00       ??BHWND2@@QEBAKXZ          0000000180006f00 f i ConEmuCheck.obj
 0001:00005f10       ?ConEmuCheck@@YAHPEAPEAUHWND__@@@Z 0000000180006f10 f   ConEmuCheck.obj
 0001:00005f60       ?GuiMessageBox@@YAHPEAUHWND__@@PEB_W1H@Z 0000000180006f60 f   ConEmuCheck.obj
 0001:00006190       ?InitName@?$MFileMapping@UCESERVER_CONSOLE_MAPPING_HDR@@@@QEAAPEB_WPEB_WKK@Z 0000000180007190 f i ConEmuCheck.obj
 0001:000061f0       ?CloseMap@?$MFileMapping@UCESERVER_CONSOLE_MAPPING_HDR@@@@QEAAXXZ 00000001800071f0 f i ConEmuCheck.obj
 0001:00006280       ?Open@?$MFileMapping@UCESERVER_CONSOLE_MAPPING_HDR@@@@QEAAPEAUCESERVER_CONSOLE_MAPPING_HDR@@HH@Z 0000000180007280 f i ConEmuCheck.obj
 0001:000062b0       ??0?$MFileMapping@UCESERVER_CONSOLE_MAPPING_HDR@@@@QEAA@XZ 00000001800072b0 f i ConEmuCheck.obj
 0001:00006320       ??1?$MFileMapping@UCESERVER_CONSOLE_MAPPING_HDR@@@@QEAA@XZ 0000000180007320 f i ConEmuCheck.obj
 0001:00006350       ?InitName@?$MFileMapping@UConEmuGuiMapping@@@@QEAAPEB_WPEB_WKK@Z 0000000180007350 f i ConEmuCheck.obj
 0001:000063b0       ?CloseMap@?$MFileMapping@UConEmuGuiMapping@@@@QEAAXXZ 00000001800073b0 f i ConEmuCheck.obj
 0001:00006440       ?Open@?$MFileMapping@UConEmuGuiMapping@@@@QEAAPEAUConEmuGuiMapping@@HH@Z 0000000180007440 f i ConEmuCheck.obj
 0001:00006470       ??0?$MFileMapping@UConEmuGuiMapping@@@@QEAA@XZ 0000000180007470 f i ConEmuCheck.obj
 0001:000064e0       ??1?$MFileMapping@UConEmuGuiMapping@@@@QEAA@XZ 00000001800074e0 f i ConEmuCheck.obj
 0001:00006510       ?ClosePtr@?$MFileMapping@UCESERVER_CONSOLE_MAPPING_HDR@@@@QEAAXXZ 0000000180007510 f i ConEmuCheck.obj
 0001:00006550       ?InternalOpenCreate@?$MFileMapping@UCESERVER_CONSOLE_MAPPING_HDR@@@@IEAAPEAUCESERVER_CONSOLE_MAPPING_HDR@@HHH@Z 0000000180007550 f i ConEmuCheck.obj
 0001:00006800       ?ClosePtr@?$MFileMapping@UConEmuGuiMapping@@@@QEAAXXZ 0000000180007800 f i ConEmuCheck.obj
 0001:00006840       ?InternalOpenCreate@?$MFileMapping@UConEmuGuiMapping@@@@IEAAPEAUConEmuGuiMapping@@HHH@Z 0000000180007840 f i ConEmuCheck.obj
 0001:00006af0       ??$wcscpy_c@$0CA@@@YAHAEAY0CA@_WPEB_W@Z 0000000180007af0 f i ConEmuCheck.obj
 0001:00006b20       ??$wcscpy_c@$0CAI@@@YAHAEAY0CAI@_WPEB_W@Z 0000000180007b20 f i ConEmuCheck.obj
 0001:00006b50       ?LoadGuiMapping@@YAHPEAUHWND__@@AEAUConEmuGuiMapping@@@Z 0000000180007b50 f   ConEmuCheckEx.obj
 0001:00006ba0       ?IsConEmuExeExist@@YAHPEB_WAEAY0BAF@_W@Z 0000000180007ba0 f   ConEmuCheckEx.obj
 0001:00006c80       ?FindConEmuBaseDir@@YAHAEAY0BAF@_W0PEAUHINSTANCE__@@@Z 0000000180007c80 f   ConEmuCheckEx.obj
 0001:000072f0       ??$wcscpy_c@$0BAF@@@YAHAEAY0BAF@_WPEB_W@Z 00000001800082f0 f i ConEmuCheckEx.obj
 0001:00007450       ??$wcscpy_add@$0BAF@@@YAHPEA_WAEAY0BAF@_WPEB_W@Z 0000000180008450 f i ConEmuCheckEx.obj
 0001:000074c0       ??$wcscat_c@$0BAF@@@YAHAEAY0BAF@_WPEB_W@Z 00000001800084c0 f i ConEmuCheckEx.obj
 0001:000074f0       ?StringCchCatW@@YAJPEA_W_KPEB_W@Z 00000001800084f0 f i ConEmuCheckEx.obj
 0001:00007680       ?StartupHooks@@YA_NPEAUHINSTANCE__@@@Z 0000000180008680 f   ConEmuInjects.obj
 0001:00007b80       ?ShutdownHooks@@YAXXZ      0000000180008b80 f   ConEmuInjects.obj
 0001:00007e10       ??$wcscpy_c@$0EA@@@YAHAEAY0EA@_WPEB_W@Z 0000000180008e10 f i ConEmuInjects.obj
 0001:00007f70       DllMain                    0000000180008f70 f   ConEmuPlugin.obj
 0001:00007fc0       ?GetPluginInfo@@YAXPEAX@Z  0000000180008fc0 f   ConEmuPlugin.obj
 0001:00008030       ?GetPluginInfoW@@YAXPEAX@Z 0000000180009030 f   ConEmuPlugin.obj
 0001:00008060       ?IsConsoleActive@@YAHXZ    0000000180009060 f   ConEmuPlugin.obj
 0001:000080e0       ?GetFarHWND2@@YAPEAUHWND__@@H@Z 00000001800090e0 f   ConEmuPlugin.obj
 0001:00008170       ?GetFarHWND@@YAPEAUHWND__@@XZ 0000000180009170 f   ConEmuPlugin.obj
 0001:00008180       ?IsTerminalMode@@YAHXZ     0000000180009180 f   ConEmuPlugin.obj
 0001:00008190       ?GetFarVersion@@YAXPEAUFarVersion@@@Z 0000000180009190 f   ConEmuPlugin.obj
 0001:000081c0       ?RegisterPanelView@@YAHPEAUPanelViewInit@@@Z 00000001800091c0 f   ConEmuPlugin.obj
 0001:00008490       ?RegisterBackground@@YAHPEAURegisterBackgroundArg@@@Z 0000000180009490 f   ConEmuPlugin.obj
 0001:00008530       ?SyncExecute@@YAHPEAUHINSTANCE__@@P6AX_J@Z1@Z 0000000180009530 f   ConEmuPlugin.obj
 0001:000085b0       ?ActivateConsole@@YAHXZ    00000001800095b0 f   ConEmuPlugin.obj
 0001:00008670       ??4HWND2@@QEAAAEAU0@PEAUHWND__@@@Z 0000000180009670 f i ConEmuPlugin.obj
 0001:00008690       ?SetStartupInfo@@YAXPEAX@Z 0000000180009690 f   ConEmuPlugin.obj
 0001:00008710       SetStartupInfoW            0000000180009710 f   ConEmuPlugin.obj
 0001:00008750       ?GetMinFarVersion@@YAHXZ   0000000180009750 f   ConEmuPlugin.obj
 0001:000087c0       GetMinFarVersionW          00000001800097c0 f   ConEmuPlugin.obj
 0001:000087d0       ProcessSynchroEventW       00000001800097d0 f   ConEmuPlugin.obj
 0001:00008800       ?ProcessSynchroEventW3@@YA_JPEAX@Z 0000000180009800 f   ConEmuPlugin.obj
 0001:00008840       ?ProcessEditorEvent@@YAHHPEAX@Z 0000000180009840 f   ConEmuPlugin.obj
 0001:00008870       ProcessEditorEventW        0000000180009870 f   ConEmuPlugin.obj
 0001:000088a0       ?ProcessEditorEventW3@@YA_JPEAX@Z 00000001800098a0 f   ConEmuPlugin.obj
 0001:000088e0       ?ProcessViewerEvent@@YAHHPEAX@Z 00000001800098e0 f   ConEmuPlugin.obj
 0001:00008910       ProcessViewerEventW        0000000180009910 f   ConEmuPlugin.obj
 0001:00008940       ?ProcessViewerEventW3@@YA_JPEAX@Z 0000000180009940 f   ConEmuPlugin.obj
 0001:00008980       ?ProcessEditorInput@@YAHPEBU_INPUT_RECORD@@@Z 0000000180009980 f   ConEmuPlugin.obj
 0001:000089b0       ProcessEditorInputW        00000001800099b0 f   ConEmuPlugin.obj
 0001:000089e0       ?OpenPlugin@@YAPEAXH_J@Z   00000001800099e0 f   ConEmuPlugin.obj
 0001:00008a10       OpenPluginW                0000000180009a10 f   ConEmuPlugin.obj
 0001:00008a70       ?OpenW@@YAPEAXPEBX@Z       0000000180009a70 f   ConEmuPlugin.obj
 0001:00008aa0       ?ExitFAR@@YAXXZ            0000000180009aa0 f   ConEmuPlugin.obj
 0001:00008b10       ExitFARW                   0000000180009b10 f   ConEmuPlugin.obj
 0001:00008b80       ?ExitFARW3@@YAXPEAX@Z      0000000180009b80 f   ConEmuPlugin.obj
 0001:00008bf0       ?SetupExportsFar3@@YAXXZ   0000000180009bf0 f   ConEmuPlugin.obj
 0001:00008ef0       ?_calloc@@YAPEAX_K0@Z      0000000180009ef0 f   ConEmuPlugin.obj
 0001:00008f20       ?_malloc@@YAPEAX_K@Z       0000000180009f20 f   ConEmuPlugin.obj
 0001:00008f40       ?_free@@YAXPEAX@Z          0000000180009f40 f   ConEmuPlugin.obj
 0001:00008f60       ??0CPluginW1900@@QEAA@XZ   0000000180009f60 f   ConEmuPlugin1900.obj
 0001:00009260       ??_ECPluginW1900@@UEAAPEAXI@Z 000000018000a260 f i ConEmuPlugin1900.obj
 0001:00009260       ??_GCPluginW1900@@UEAAPEAXI@Z 000000018000a260 f i ConEmuPlugin1900.obj
 0001:000092a0       ??1CPluginW1900@@UEAA@XZ   000000018000a2a0 f i ConEmuPlugin1900.obj
 0001:000092d0       ?ProcessEditorEventPtr@CPluginW1900@@UEAAHPEAX@Z 000000018000a2d0 f   ConEmuPlugin1900.obj
 0001:00009310       ?ProcessViewerEventPtr@CPluginW1900@@UEAAHPEAX@Z 000000018000a310 f   ConEmuPlugin1900.obj
 0001:00009350       ?ProcessSynchroEventPtr@CPluginW1900@@UEAAHPEAX@Z 000000018000a350 f   ConEmuPlugin1900.obj
 0001:00009390       ?GetPanelDir@CPluginW1900@@UEAAPEA_WKPEA_WH@Z 000000018000a390 f   ConEmuPlugin1900.obj
 0001:000095c0       ?GetPanelInfo@CPluginW1900@@UEAA_NKPEAUCEPanelInfo@@@Z 000000018000a5c0 f   ConEmuPlugin1900.obj
 0001:00009b70       ?GetPanelItemInfo@CPluginW1900@@UEAA_NAEBUCEPanelInfo@@_N_JAEAU_WIN32_FIND_DATAW@@PEAPEA_W@Z 000000018000ab70 f   ConEmuPlugin1900.obj
 0001:00009ea0       ?PanelControlApi@CPluginW1900@@UEAA_JPEAXH_J0@Z 000000018000aea0 f   ConEmuPlugin1900.obj
 0001:00009f10       ?GetPluginInfoPtr@CPluginW1900@@UEAAXPEAX@Z 000000018000af10 f   ConEmuPlugin1900.obj
 0001:00009fb0       ?SetStartupInfoPtr@CPluginW1900@@UEAAXPEAX@Z 000000018000afb0 f   ConEmuPlugin1900.obj
 0001:0000a180       ?GetEditorModifiedState@CPluginW1900@@UEAAKXZ 000000018000b180 f   ConEmuPlugin1900.obj
 0001:0000a1f0       ?ProcessEditorInputPtr@CPluginW1900@@UEAAHPEBX@Z 000000018000b1f0 f   ConEmuPlugin1900.obj
 0001:0000a230       ?GetWindowCount@CPluginW1900@@UEAAHXZ 000000018000b230 f   ConEmuPlugin1900.obj
 0001:0000a290       ?UpdateConEmuTabsApi@CPluginW1900@@UEAA_NH@Z 000000018000b290 f   ConEmuPlugin1900.obj
 0001:0000a930       ?ExitFar@CPluginW1900@@UEAAXXZ 000000018000b930 f   ConEmuPlugin1900.obj
 0001:0000a9e0       ?ShowMessage@CPluginW1900@@UEAAHPEB_WH_N@Z 000000018000b9e0 f   ConEmuPlugin1900.obj
 0001:0000aaa0       ?GetMsg@CPluginW1900@@UEAAPEB_WHPEA_W_K@Z 000000018000baa0 f   ConEmuPlugin1900.obj
 0001:0000ab40       ?SetWindow@CPluginW1900@@UEAAXH@Z 000000018000bb40 f   ConEmuPlugin1900.obj
 0001:0000abc0       ?PostMacroApi@CPluginW1900@@UEAAXPEB_WPEAU_INPUT_RECORD@@_N@Z 000000018000bbc0 f   ConEmuPlugin1900.obj
 0001:0000b810       ?wcsstr@@YAPEA_WPEA_WPEB_W@Z 000000018000c810 f i ConEmuPlugin1900.obj
 0001:0000b840       ?ShowPluginMenu@CPluginW1900@@UEAAHPEAUConEmuPluginMenuItem@@HH@Z 000000018000c840 f   ConEmuPlugin1900.obj
 0001:0000bb20       ?OpenEditor@CPluginW1900@@UEAA_NPEB_W_N11HH@Z 000000018000cb20 f   ConEmuPlugin1900.obj
 0001:0000bd50       ?ExecuteSynchroApi@CPluginW1900@@UEAA_NXZ 000000018000cd50 f   ConEmuPlugin1900.obj
 0001:0000bda0       ?WaitEndSynchro@CPluginW1900@@UEAAXXZ 000000018000cda0 f   ConEmuPlugin1900.obj
 0001:0000bdb0       ?StopWaitEndSynchro@CPluginW1900@@UEAAXXZ 000000018000cdb0 f   ConEmuPlugin1900.obj
 0001:0000bdc0       ?IsMacroActive@CPluginW1900@@UEAA_NXZ 000000018000cdc0 f   ConEmuPlugin1900.obj
 0001:0000be20       ?GetMacroArea@CPluginW1900@@UEAAHXZ 000000018000ce20 f   ConEmuPlugin1900.obj
 0001:0000be60       ?RedrawAll@CPluginW1900@@UEAAXXZ 000000018000ce60 f   ConEmuPlugin1900.obj
 0001:0000beb0       ?InputBox@CPluginW1900@@UEAA_NPEB_W000AEAPEA_W@Z 000000018000ceb0 f   ConEmuPlugin1900.obj
 0001:0000bf80       ?ShowUserScreen@CPluginW1900@@UEAAX_N@Z 000000018000cf80 f   ConEmuPlugin1900.obj
 0001:0000bff0       ?LoadFarColors@CPluginW1900@@UEAAXAEAY0BAA@E@Z 000000018000cff0 f   ConEmuPlugin1900.obj
 0001:0000c260       ?FarColor_3_2@@YAEAEBUFarColor@@@Z 000000018000d260 f i ConEmuPlugin1900.obj
 0001:0000c390       ?Color2FgIndex@Far3Color@@SAXKAEAGPEBK@Z 000000018000d390 f i ConEmuPlugin1900.obj
 0001:0000c520       ?Max@Far3Color@@SAHHH@Z    000000018000d520 f i ConEmuPlugin1900.obj
 0001:0000c550       ?GetStdIndex@Far3Color@@SAHKPEBK@Z 000000018000d550 f i ConEmuPlugin1900.obj
 0001:0000c5d0       ?GetStdPalette@Far3Color@@SAPEBKXZ 000000018000d5d0 f i ConEmuPlugin1900.obj
 0001:0000c5e0       ?Color2BgIndex@Far3Color@@SAXKHAEAGPEBK@Z 000000018000d5e0 f i ConEmuPlugin1900.obj
 0001:0000c7c0       ?LoadFarSettings@CPluginW1900@@UEAAXPEAUCEFarInterfaceSettings@@PEAUCEFarPanelSettings@@@Z 000000018000d7c0 f   ConEmuPlugin1900.obj
 0001:0000ca60       ?GetFarRect@CPluginW1900@@UEAA_NAEAU_SMALL_RECT@@@Z 000000018000da60 f   ConEmuPlugin1900.obj
 0001:0000caf0       ?CheckPanelExist@CPluginW1900@@UEAA_NXZ 000000018000daf0 f   ConEmuPlugin1900.obj
 0001:0000cb60       ?GetActiveWindowType@CPluginW1900@@UEAAHXZ 000000018000db60 f   ConEmuPlugin1900.obj
 0001:0000cc60       ?GetWindowTypeName@CPluginW1900@@UEAAPEB_WH@Z 000000018000dc60 f   ConEmuPlugin1900.obj
 0001:0000cd20       ?GuiMacroDlg@CPluginW1900@@UEAAXXZ 000000018000dd20 f   ConEmuPlugin1900.obj
 0001:0000d470       ?Open@CPluginW1900@@UEAAPEAXPEBX@Z 000000018000e470 f   ConEmuPlugin1900.obj
 0001:0000d6d0       GetGlobalInfoW             000000018000e6d0 f   ConEmuPlugin2800.obj
 0001:0000d8f0       ??0CPluginW2800@@QEAA@XZ   000000018000e8f0 f   ConEmuPlugin2800.obj
 0001:0000dbf0       ??_ECPluginW2800@@UEAAPEAXI@Z 000000018000ebf0 f i ConEmuPlugin2800.obj
 0001:0000dbf0       ??_GCPluginW2800@@UEAAPEAXI@Z 000000018000ebf0 f i ConEmuPlugin2800.obj
 0001:0000dc30       ??1CPluginW2800@@UEAA@XZ   000000018000ec30 f i ConEmuPlugin2800.obj
 0001:0000dc60       ?GetPanelDir@CPluginW2800@@UEAAPEA_WKPEA_WH@Z 000000018000ec60 f   ConEmuPlugin2800.obj
 0001:0000de90       ?GetPanelInfo@CPluginW2800@@UEAA_NKPEAUCEPanelInfo@@@Z 000000018000ee90 f   ConEmuPlugin2800.obj
 0001:0000e440       ?GetPanelItemInfo@CPluginW2800@@UEAA_NAEBUCEPanelInfo@@_N_JAEAU_WIN32_FIND_DATAW@@PEAPEA_W@Z 000000018000f440 f   ConEmuPlugin2800.obj
 0001:0000e770       ?PanelControlApi@CPluginW2800@@UEAA_JPEAXH_J0@Z 000000018000f770 f   ConEmuPlugin2800.obj
 0001:0000e7e0       ?GetPluginInfoPtr@CPluginW2800@@UEAAXPEAX@Z 000000018000f7e0 f   ConEmuPlugin2800.obj
 0001:0000e880       ?SetStartupInfoPtr@CPluginW2800@@UEAAXPEAX@Z 000000018000f880 f   ConEmuPlugin2800.obj
 0001:0000ea50       ?GetEditorModifiedState@CPluginW2800@@UEAAKXZ 000000018000fa50 f   ConEmuPlugin2800.obj
 0001:0000eac0       ?ProcessEditorEventPtr@CPluginW2800@@UEAAHPEAX@Z 000000018000fac0 f   ConEmuPlugin2800.obj
 0001:0000eb00       ?ProcessViewerEventPtr@CPluginW2800@@UEAAHPEAX@Z 000000018000fb00 f   ConEmuPlugin2800.obj
 0001:0000eb40       ?ProcessSynchroEventPtr@CPluginW2800@@UEAAHPEAX@Z 000000018000fb40 f   ConEmuPlugin2800.obj
 0001:0000eb80       ?ProcessEditorInputPtr@CPluginW2800@@UEAAHPEBX@Z 000000018000fb80 f   ConEmuPlugin2800.obj
 0001:0000ebc0       ?GetWindowCount@CPluginW2800@@UEAAHXZ 000000018000fbc0 f   ConEmuPlugin2800.obj
 0001:0000ec20       ?UpdateConEmuTabsApi@CPluginW2800@@UEAA_NH@Z 000000018000fc20 f   ConEmuPlugin2800.obj
 0001:0000f670       ?ExitFar@CPluginW2800@@UEAAXXZ 0000000180010670 f   ConEmuPlugin2800.obj
 0001:0000f720       ?ShowMessage@CPluginW2800@@UEAAHPEB_WH_N@Z 0000000180010720 f   ConEmuPlugin2800.obj
 0001:0000f7e0       ?GetMsg@CPluginW2800@@UEAAPEB_WHPEA_W_K@Z 00000001800107e0 f   ConEmuPlugin2800.obj
 0001:0000f880       ?SetWindow@CPluginW2800@@UEAAXH@Z 0000000180010880 f   ConEmuPlugin2800.obj
 0001:0000f900       ?PostMacroApi@CPluginW2800@@UEAAXPEB_WPEAU_INPUT_RECORD@@_N@Z 0000000180010900 f   ConEmuPlugin2800.obj
 0001:0000ff20       ?ShowPluginMenu@CPluginW2800@@UEAAHPEAUConEmuPluginMenuItem@@HH@Z 0000000180010f20 f   ConEmuPlugin2800.obj
 0001:00010200       ?OpenEditor@CPluginW2800@@UEAA_NPEB_W_N11HH@Z 0000000180011200 f   ConEmuPlugin2800.obj
 0001:00010440       ?ExecuteSynchroApi@CPluginW2800@@UEAA_NXZ 0000000180011440 f   ConEmuPlugin2800.obj
 0001:00010490       ?WaitEndSynchro@CPluginW2800@@UEAAXXZ 0000000180011490 f   ConEmuPlugin2800.obj
 0001:000104a0       ?StopWaitEndSynchro@CPluginW2800@@UEAAXXZ 00000001800114a0 f   ConEmuPlugin2800.obj
 0001:000104b0       ?IsMacroActive@CPluginW2800@@UEAA_NXZ 00000001800114b0 f   ConEmuPlugin2800.obj
 0001:00010510       ?GetMacroArea@CPluginW2800@@UEAAHXZ 0000000180011510 f   ConEmuPlugin2800.obj
 0001:00010550       ?RedrawAll@CPluginW2800@@UEAAXXZ 0000000180011550 f   ConEmuPlugin2800.obj
 0001:000105a0       ?InputBox@CPluginW2800@@UEAA_NPEB_W000AEAPEA_W@Z 00000001800115a0 f   ConEmuPlugin2800.obj
 0001:00010670       ?ShowUserScreen@CPluginW2800@@UEAAX_N@Z 0000000180011670 f   ConEmuPlugin2800.obj
 0001:000106e0       ?LoadFarColors@CPluginW2800@@UEAAXAEAY0BAA@E@Z 00000001800116e0 f   ConEmuPlugin2800.obj
 0001:00010950       ?LoadFarSettings@CPluginW2800@@UEAAXPEAUCEFarInterfaceSettings@@PEAUCEFarPanelSettings@@@Z 0000000180011950 f   ConEmuPlugin2800.obj
 0001:00010c00       ?GetFarRect@CPluginW2800@@UEAA_NAEAU_SMALL_RECT@@@Z 0000000180011c00 f   ConEmuPlugin2800.obj
 0001:00010c90       ?CheckPanelExist@CPluginW2800@@UEAA_NXZ 0000000180011c90 f   ConEmuPlugin2800.obj
 0001:00010d00       ?GetActiveWindowType@CPluginW2800@@UEAAHXZ 0000000180011d00 f   ConEmuPlugin2800.obj
 0001:00010e10       ?GetWindowTypeName@CPluginW2800@@UEAAPEB_WH@Z 0000000180011e10 f   ConEmuPlugin2800.obj
 0001:00010ed0       ?GuiMacroDlg@CPluginW2800@@UEAAXXZ 0000000180011ed0 f   ConEmuPlugin2800.obj
 0001:00011630       ?Open@CPluginW2800@@UEAAPEAXPEBX@Z 0000000180012630 f   ConEmuPlugin2800.obj
 0001:00011930       ??0FarMacroValue@@QEAA@XZ  0000000180012930 f i ConEmuPlugin2800.obj
 0001:00011980       ??0?$MArray@UWindowInfo@@@@QEAA@XZ 0000000180012980 f i ConEmuPlugin2800.obj
 0001:000119e0       ??1?$MArray@UWindowInfo@@@@QEAA@XZ 00000001800129e0 f i ConEmuPlugin2800.obj
 0001:00011a00       ??A?$MArray@UWindowInfo@@@@QEBAAEBUWindowInfo@@_J@Z 0000000180012a00 f i ConEmuPlugin2800.obj
 0001:00011a20       ??A?$MArray@UWindowInfo@@@@QEAAAEAUWindowInfo@@_J@Z 0000000180012a20 f i ConEmuPlugin2800.obj
 0001:00011a40       ?push_back@?$MArray@UWindowInfo@@@@QEAA_JAEBUWindowInfo@@@Z 0000000180012a40 f i ConEmuPlugin2800.obj
 0001:00011b10       ?insert@?$MArray@UWindowInfo@@@@QEAAX_JAEBUWindowInfo@@@Z 0000000180012b10 f i ConEmuPlugin2800.obj
 0001:00011c20       ?erase@?$MArray@UWindowInfo@@@@QEAAX_J@Z 0000000180012c20 f i ConEmuPlugin2800.obj
 0001:00011ce0       ?size@?$MArray@UWindowInfo@@@@QEBA_JXZ 0000000180012ce0 f i ConEmuPlugin2800.obj
 0001:00011cf0       ?clear@?$MArray@UWindowInfo@@@@QEAAXXZ 0000000180012cf0 f i ConEmuPlugin2800.obj
 0001:00011d40       ?addsize@?$MArray@UWindowInfo@@@@QEAAX_J@Z 0000000180012d40 f i ConEmuPlugin2800.obj
 0001:00011e80       ??0CPluginW995@@QEAA@XZ    0000000180012e80 f   ConEmuPlugin995.obj
 0001:00012190       ?Open@CPluginW995@@UEAAPEAXPEBX@Z 0000000180013190 f i ConEmuPlugin995.obj
 0001:000121b0       ?ProcessEditorEventPtr@CPluginW995@@UEAAHPEAX@Z 00000001800131b0 f i ConEmuPlugin995.obj
 0001:000121c0       ?ProcessSynchroEventPtr@CPluginW995@@UEAAHPEAX@Z 00000001800131c0 f i ConEmuPlugin995.obj
 0001:000121d0       ?ProcessViewerEventPtr@CPluginW995@@UEAAHPEAX@Z 00000001800131d0 f i ConEmuPlugin995.obj
 0001:000121e0       ??_ECPluginW995@@UEAAPEAXI@Z 00000001800131e0 f i ConEmuPlugin995.obj
 0001:000121e0       ??_GCPluginW995@@UEAAPEAXI@Z 00000001800131e0 f i ConEmuPlugin995.obj
 0001:00012220       ??1CPluginW995@@UEAA@XZ    0000000180013220 f i ConEmuPlugin995.obj
 0001:00012250       ?GetPanelDir@CPluginW995@@UEAAPEA_WKPEA_WH@Z 0000000180013250 f   ConEmuPlugin995.obj
 0001:00012440       ?GetPanelInfo@CPluginW995@@UEAA_NKPEAUCEPanelInfo@@@Z 0000000180013440 f   ConEmuPlugin995.obj
 0001:00012900       ?GetPanelItemInfo@CPluginW995@@UEAA_NAEBUCEPanelInfo@@_N_JAEAU_WIN32_FIND_DATAW@@PEAPEA_W@Z 0000000180013900 f   ConEmuPlugin995.obj
 0001:00012c10       ?PanelControlApi@CPluginW995@@UEAA_JPEAXH_J0@Z 0000000180013c10 f   ConEmuPlugin995.obj
 0001:00012c80       ?GetPluginInfoPtr@CPluginW995@@UEAAXPEAX@Z 0000000180013c80 f   ConEmuPlugin995.obj
 0001:00012d40       ?SetStartupInfoPtr@CPluginW995@@UEAAXPEAX@Z 0000000180013d40 f   ConEmuPlugin995.obj
 0001:00012f40       ?GetEditorModifiedState@CPluginW995@@UEAAKXZ 0000000180013f40 f   ConEmuPlugin995.obj
 0001:00012fa0       ?ProcessEditorInputPtr@CPluginW995@@UEAAHPEBX@Z 0000000180013fa0 f   ConEmuPlugin995.obj
 0001:00012fe0       ?GetWindowCount@CPluginW995@@UEAAHXZ 0000000180013fe0 f   ConEmuPlugin995.obj
 0001:00013040       ?UpdateConEmuTabsApi@CPluginW995@@UEAA_NH@Z 0000000180014040 f   ConEmuPlugin995.obj
 0001:000133c0       ?ExitFar@CPluginW995@@UEAAXXZ 00000001800143c0 f   ConEmuPlugin995.obj
 0001:00013470       ?ShowMessage@CPluginW995@@UEAAHPEB_WH_N@Z 0000000180014470 f   ConEmuPlugin995.obj
 0001:00013530       ?GetMsg@CPluginW995@@UEAAPEB_WHPEA_W_K@Z 0000000180014530 f   ConEmuPlugin995.obj
 0001:000135d0       ?SetWindow@CPluginW995@@UEAAXH@Z 00000001800145d0 f   ConEmuPlugin995.obj
 0001:00013650       ?PostMacroApi@CPluginW995@@UEAAXPEB_WPEAU_INPUT_RECORD@@_N@Z 0000000180014650 f   ConEmuPlugin995.obj
 0001:00013750       ?ShowPluginMenu@CPluginW995@@UEAAHPEAUConEmuPluginMenuItem@@HH@Z 0000000180014750 f   ConEmuPlugin995.obj
 0001:000139d0       ?OpenEditor@CPluginW995@@UEAA_NPEB_W_N11HH@Z 00000001800149d0 f   ConEmuPlugin995.obj
 0001:00013be0       ?ExecuteSynchroApi@CPluginW995@@UEAA_NXZ 0000000180014be0 f   ConEmuPlugin995.obj
 0001:00013c30       ?WaitEndSynchro@CPluginW995@@UEAAXXZ 0000000180014c30 f   ConEmuPlugin995.obj
 0001:00013ea0       ?StopWaitEndSynchro@CPluginW995@@UEAAXXZ 0000000180014ea0 f   ConEmuPlugin995.obj
 0001:00013ee0       ?IsMacroActive@CPluginW995@@UEAA_NXZ 0000000180014ee0 f   ConEmuPlugin995.obj
 0001:00013f60       ?GetMacroArea@CPluginW995@@UEAAHXZ 0000000180014f60 f   ConEmuPlugin995.obj
 0001:00013fb0       ?RedrawAll@CPluginW995@@UEAAXXZ 0000000180014fb0 f   ConEmuPlugin995.obj
 0001:00014000       ?InputBox@CPluginW995@@UEAA_NPEB_W000AEAPEA_W@Z 0000000180015000 f   ConEmuPlugin995.obj
 0001:000140b0       ?ShowUserScreen@CPluginW995@@UEAAX_N@Z 00000001800150b0 f   ConEmuPlugin995.obj
 0001:00014120       ?LoadFarColors@CPluginW995@@UEAAXAEAY0BAA@E@Z 0000000180015120 f   ConEmuPlugin995.obj
 0001:00014250       ?LoadFarSettings@CPluginW995@@UEAAXPEAUCEFarInterfaceSettings@@PEAUCEFarPanelSettings@@@Z 0000000180015250 f   ConEmuPlugin995.obj
 0001:000142e0       ?GetFarRect@CPluginW995@@UEAA_NAEAU_SMALL_RECT@@@Z 00000001800152e0 f   ConEmuPlugin995.obj
 0001:00014370       ?CheckPanelExist@CPluginW995@@UEAA_NXZ 0000000180015370 f   ConEmuPlugin995.obj
 0001:000143e0       ?GetActiveWindowType@CPluginW995@@UEAAHXZ 00000001800153e0 f   ConEmuPlugin995.obj
 0001:00014500       ?GetWindowTypeName@CPluginW995@@UEAAPEB_WH@Z 0000000180015500 f   ConEmuPlugin995.obj
 0001:000145c0       ?GuiMacroDlg@CPluginW995@@UEAAXXZ 00000001800155c0 f   ConEmuPlugin995.obj
 0001:00014ca0       ??0CPluginAnsi@@QEAA@XZ    0000000180015ca0 f   ConEmuPluginA.obj
 0001:00014f90       ?ExecuteSynchroApi@CPluginAnsi@@UEAA_NXZ 0000000180015f90 f i ConEmuPluginA.obj
 0001:00014fa0       ?GetFarRect@CPluginAnsi@@UEAA_NAEAU_SMALL_RECT@@@Z 0000000180015fa0 f i ConEmuPluginA.obj
 0001:00014fb0       ?Open@CPluginAnsi@@UEAAPEAXPEBX@Z 0000000180015fb0 f i ConEmuPluginA.obj
 0001:00014fd0       ?ProcessEditorEventPtr@CPluginAnsi@@UEAAHPEAX@Z 0000000180015fd0 f i ConEmuPluginA.obj
 0001:00014fe0       ?ProcessEditorInputPtr@CPluginAnsi@@UEAAHPEBX@Z 0000000180015fe0 f i ConEmuPluginA.obj
 0001:00014ff0       ?ProcessSynchroEventPtr@CPluginAnsi@@UEAAHPEAX@Z 0000000180015ff0 f i ConEmuPluginA.obj
 0001:00015000       ?ProcessViewerEventPtr@CPluginAnsi@@UEAAHPEAX@Z 0000000180016000 f i ConEmuPluginA.obj
 0001:00015010       ?StopWaitEndSynchro@CPluginAnsi@@UEAAXXZ 0000000180016010 f i ConEmuPluginA.obj
 0001:00015020       ?WaitEndSynchro@CPluginAnsi@@UEAAXXZ 0000000180016020 f i ConEmuPluginA.obj
 0001:00015030       ??_GCPluginAnsi@@UEAAPEAXI@Z 0000000180016030 f i ConEmuPluginA.obj
 0001:00015030       ??_ECPluginAnsi@@UEAAPEAXI@Z 0000000180016030 f i ConEmuPluginA.obj
 0001:00015070       ??1CPluginAnsi@@UEAA@XZ    0000000180016070 f i ConEmuPluginA.obj
 0001:000150a0       ?GetPanelDir@CPluginAnsi@@UEAAPEA_WKPEA_WH@Z 00000001800160a0 f   ConEmuPluginA.obj
 0001:00015210       ?GetPanelInfo@CPluginAnsi@@UEAA_NKPEAUCEPanelInfo@@@Z 0000000180016210 f   ConEmuPluginA.obj
 0001:00015640       ?GetPanelItemInfo@CPluginAnsi@@UEAA_NAEBUCEPanelInfo@@_N_JAEAU_WIN32_FIND_DATAW@@PEAPEA_W@Z 0000000180016640 f   ConEmuPluginA.obj
 0001:00015870       ?PanelControlApi@CPluginAnsi@@UEAA_JPEAXH_J0@Z 0000000180016870 f   ConEmuPluginA.obj
 0001:000158e0       ?SetStartupInfoPtr@CPluginAnsi@@UEAAXPEAX@Z 00000001800168e0 f   ConEmuPluginA.obj
 0001:00015ae0       ?GetPluginInfoPtr@CPluginAnsi@@UEAAXPEAX@Z 0000000180016ae0 f   ConEmuPluginA.obj
 0001:00015bd0       ?GetEditorModifiedState@CPluginAnsi@@UEAAKXZ 0000000180016bd0 f   ConEmuPluginA.obj
 0001:00015c40       ?GetWindowCount@CPluginAnsi@@UEAAHXZ 0000000180016c40 f   ConEmuPluginA.obj
 0001:00015ca0       ?UpdateConEmuTabsApi@CPluginAnsi@@UEAA_NH@Z 0000000180016ca0 f   ConEmuPluginA.obj
 0001:00016040       ?ExitFar@CPluginAnsi@@UEAAXXZ 0000000180017040 f   ConEmuPluginA.obj
 0001:000160a0       ?SetWindow@CPluginAnsi@@UEAAXH@Z 00000001800170a0 f   ConEmuPluginA.obj
 0001:00016120       ?PostMacroApi@CPluginAnsi@@UEAAXPEB_WPEAU_INPUT_RECORD@@_N@Z 0000000180017120 f   ConEmuPluginA.obj
 0001:00016250       ?ShowPluginMenu@CPluginAnsi@@UEAAHPEAUConEmuPluginMenuItem@@HH@Z 0000000180017250 f   ConEmuPluginA.obj
 0001:00016550       ?OpenEditor@CPluginAnsi@@UEAA_NPEB_W_N11HH@Z 0000000180017550 f   ConEmuPluginA.obj
 0001:00016780       ?ShowMessage@CPluginAnsi@@UEAAHPEB_WH_N@Z 0000000180017780 f   ConEmuPluginA.obj
 0001:000168a0       ?GetMsg@CPluginAnsi@@UEAAPEB_WHPEA_W_K@Z 00000001800178a0 f   ConEmuPluginA.obj
 0001:000169a0       ?IsMacroActive@CPluginAnsi@@UEAA_NXZ 00000001800179a0 f   ConEmuPluginA.obj
 0001:00016a20       ?GetMacroArea@CPluginAnsi@@UEAAHXZ 0000000180017a20 f   ConEmuPluginA.obj
 0001:00016a30       ?RedrawAll@CPluginAnsi@@UEAAXXZ 0000000180017a30 f   ConEmuPluginA.obj
 0001:00016a80       ?InputBox@CPluginAnsi@@UEAA_NPEB_W000AEAPEA_W@Z 0000000180017a80 f   ConEmuPluginA.obj
 0001:00016c10       ?ShowUserScreen@CPluginAnsi@@UEAAX_N@Z 0000000180017c10 f   ConEmuPluginA.obj
 0001:00016c80       ?LoadFarColors@CPluginAnsi@@UEAAXAEAY0BAA@E@Z 0000000180017c80 f   ConEmuPluginA.obj
 0001:00016db0       ?LoadFarSettings@CPluginAnsi@@UEAAXPEAUCEFarInterfaceSettings@@PEAUCEFarPanelSettings@@@Z 0000000180017db0 f   ConEmuPluginA.obj
 0001:00016e40       ?CheckPanelExist@CPluginAnsi@@UEAA_NXZ 0000000180017e40 f   ConEmuPluginA.obj
 0001:00016eb0       ?GetActiveWindowType@CPluginAnsi@@UEAAHXZ 0000000180017eb0 f   ConEmuPluginA.obj
 0001:00016f30       ?GetWindowTypeName@CPluginAnsi@@UEAAPEB_WH@Z 0000000180017f30 f   ConEmuPluginA.obj
 0001:00016ff0       ?GuiMacroDlg@CPluginAnsi@@UEAAXXZ 0000000180017ff0 f   ConEmuPluginA.obj
 0001:000177f0       ?Plugin@@YAPEAVCPluginBase@@XZ 00000001800187f0 f   ConEmuPluginBase.obj
 0001:00017950       ??0CPluginBase@@QEAA@XZ    0000000180018950 f   ConEmuPluginBase.obj
 0001:00017ca0       ??_GCPluginBase@@UEAAPEAXI@Z 0000000180018ca0 f i ConEmuPluginBase.obj
 0001:00017ca0       ??_ECPluginBase@@UEAAPEAXI@Z 0000000180018ca0 f i ConEmuPluginBase.obj
 0001:00017ce0       ??1CPluginBase@@UEAA@XZ    0000000180018ce0 f   ConEmuPluginBase.obj
 0001:00017d00       ?DllMain_ProcessAttach@CPluginBase@@KAXPEAUHINSTANCE__@@@Z 0000000180018d00 f   ConEmuPluginBase.obj
 0001:00017e40       ?DllMain_ProcessDetach@CPluginBase@@KAXXZ 0000000180018e40 f   ConEmuPluginBase.obj
 0001:00018010       ??_GMSection@@QEAAPEAXI@Z  0000000180019010 f i ConEmuPluginBase.obj
 0001:00018050       ??_GCPluginBackground@@QEAAPEAXI@Z 0000000180019050 f i ConEmuPluginBase.obj
 0001:00018090       ?DllCheckUnique@CPluginBase@@KA_N_N@Z 0000000180019090 f   ConEmuPluginBase.obj
 0001:00018320       ?LoadFarVersion@CPluginBase@@SA_NXZ 0000000180019320 f   ConEmuPluginBase.obj
 0001:00018af0       ?ShowMessageBox@CPluginBase@@KAHPEB_WI@Z 0000000180019af0 f   ConEmuPluginBase.obj
 0001:00018bf0       ?ShowMessageGui@CPluginBase@@QEAAHHH@Z 0000000180019bf0 f   ConEmuPluginBase.obj
 0001:00018ca0       ?BackgroundMacroError@CPluginBase@@SAKPEAX@Z 0000000180019ca0 f   ConEmuPluginBase.obj
 0001:00018cf0       ?PostMacro@CPluginBase@@QEAAXPEB_WPEAU_INPUT_RECORD@@_N@Z 0000000180019cf0 f   ConEmuPluginBase.obj
 0001:00018db0       ?isMacroActive@CPluginBase@@QEAA_NAEAH@Z 0000000180019db0 f   ConEmuPluginBase.obj
 0001:00018e40       ?CheckBufferEnabled@CPluginBase@@QEAA_NXZ 0000000180019e40 f   ConEmuPluginBase.obj
 0001:00018ef0       ?PanelControl@CPluginBase@@QEAA_JPEAXH_J0@Z 0000000180019ef0 f   ConEmuPluginBase.obj
 0001:00018fe0       ?GetPanelInfo@CPluginBase@@QEAA_NKPEAUBkPanelInfo@@@Z 0000000180019fe0 f   ConEmuPluginBase.obj
 0001:000190d0       ?FillUpdateBackground@CPluginBase@@QEAAXPEAUPaintBackgroundArg@@@Z 000000018001a0d0 f   ConEmuPluginBase.obj
 0001:00019300       ?StorePanelDirs@CPluginBase@@QEAA_NPEB_W0@Z 000000018001a300 f   ConEmuPluginBase.obj
 0001:00019530       wmemmove                   000000018001a530 f i ConEmuPluginBase.obj
 0001:00019560       ?UpdatePanelDirs@CPluginBase@@QEAAXXZ 000000018001a560 f   ConEmuPluginBase.obj
 0001:00019770       ?IsFarLua@FarVersion@@QEBA_NXZ 000000018001a770 f i ConEmuPluginBase.obj
 0001:000197d0       ?RunExternalProgram@CPluginBase@@QEAA_NPEA_W@Z 000000018001a7d0 f   ConEmuPluginBase.obj
 0001:00019a70       ?ProcessCommandLine@CPluginBase@@QEAA_NPEA_W@Z 000000018001aa70 f   ConEmuPluginBase.obj
 0001:00019ad0       ?ShowPluginMenu@CPluginBase@@QEAAXW4PluginCallCommands@@@Z 000000018001aad0 f   ConEmuPluginBase.obj
 0001:00019e20       ?ShowTabsList@CPluginBase@@QEAAXXZ 000000018001ae20 f   ConEmuPluginBase.obj
 0001:0001a350       ?ShowPanelsList@CPluginBase@@QEAAXXZ 000000018001b350 f   ConEmuPluginBase.obj
 0001:0001a560       ?DataSize@CESERVER_REQ@@QEAAKXZ 000000018001b560 f i ConEmuPluginBase.obj
 0001:0001a5a0       ?EditViewConsoleOutput@CPluginBase@@QEAAX_N@Z 000000018001b5a0 f   ConEmuPluginBase.obj
 0001:0001a6b0       ?SwitchTabCommand@CPluginBase@@QEAAXW4PluginMenuCommands@@@Z 000000018001b6b0 f   ConEmuPluginBase.obj
 0001:0001a780       ?ProcessSynchroEvent@CPluginBase@@QEAAHHPEAX@Z 000000018001b780 f   ConEmuPluginBase.obj
 0001:0001a840       ?ProcessEditorInputInternal@CPluginBase@@QEAAXAEBU_INPUT_RECORD@@@Z 000000018001b840 f   ConEmuPluginBase.obj
 0001:0001a8a0       ?ProcessEditorViewerEvent@CPluginBase@@QEAAHHH@Z 000000018001b8a0 f   ConEmuPluginBase.obj
 0001:0001a9f0       ?isEditorViewer@CPluginBase@@QEAA_NXZ 000000018001b9f0 f   ConEmuPluginBase.obj
 0001:0001aa40       ?isModalEditorViewer@CPluginBase@@QEAA_NXZ 000000018001ba40 f   ConEmuPluginBase.obj
 0001:0001aa90       ?GetMainThreadId@CPluginBase@@SAKXZ 000000018001ba90 f   ConEmuPluginBase.obj
 0001:0001ab40       ?ShowConsoleInfo@CPluginBase@@QEAAXXZ 000000018001bb40 f   ConEmuPluginBase.obj
 0001:0001ade0       ?RunExternalProgramW@CPluginBase@@SA_NPEA_W0_N@Z 000000018001bde0 f   ConEmuPluginBase.obj
 0001:0001b110       ?StartDebugger@CPluginBase@@QEAA_NXZ 000000018001c110 f   ConEmuPluginBase.obj
 0001:0001b4e0       ?Attach2Gui@CPluginBase@@QEAA_NXZ 000000018001c4e0 f   ConEmuPluginBase.obj
 0001:0001baa0       ?FindServerCmd@CPluginBase@@QEAA_NKAEAK_N@Z 000000018001caa0 f   ConEmuPluginBase.obj
 0001:0001bbc0       ?ShowMessage@CPluginBase@@QEAAHHH@Z 000000018001cbc0 f   ConEmuPluginBase.obj
 0001:0001bc50       ?OutDataAlloc@CPluginBase@@SA_NK@Z 000000018001cc50 f   ConEmuPluginBase.obj
 0001:0001bcd0       ?OutDataRealloc@CPluginBase@@SA_NK@Z 000000018001ccd0 f   ConEmuPluginBase.obj
 0001:0001bdd0       ?OutDataWrite@CPluginBase@@SA_NPEAXK@Z 000000018001cdd0 f   ConEmuPluginBase.obj
 0001:0001bec0       ?CreateTabs@CPluginBase@@SA_NH@Z 000000018001cec0 f   ConEmuPluginBase.obj
 0001:0001bfc0       ?AddTab@CPluginBase@@QEAA_NAEAHH_N1HPEB_W2HHHH@Z 000000018001cfc0 f   ConEmuPluginBase.obj
 0001:0001c600       wmemcmp                    000000018001d600 f i ConEmuPluginBase.obj
 0001:0001c690       ?AddTabFinish@CPluginBase@@QEAAXH@Z 000000018001d690 f   ConEmuPluginBase.obj
 0001:0001c6b0       ?SendTabs@CPluginBase@@SAXH_N@Z 000000018001d6b0 f   ConEmuPluginBase.obj
 0001:0001c900       ?CloseTabs@CPluginBase@@SAXXZ 000000018001d900 f   ConEmuPluginBase.obj
 0001:0001c9a0       ?UpdateConEmuTabs@CPluginBase@@QEAA_N_N@Z 000000018001d9a0 f   ConEmuPluginBase.obj
 0001:0001cdb0       ?ShowProtocolWarning@CPluginBase@@KAXXZ 000000018001ddb0 f   ConEmuPluginBase.obj
 0001:0001cf40       ?CheckResources@CPluginBase@@QEAAX_N@Z 000000018001df40 f   ConEmuPluginBase.obj
 0001:0001d120       ?InitResources@CPluginBase@@QEAAXXZ 000000018001e120 f   ConEmuPluginBase.obj
 0001:0001d4b0       ?CloseMapHeader@CPluginBase@@SAXXZ 000000018001e4b0 f   ConEmuPluginBase.obj
 0001:0001d4e0       ?OpenMapHeader@CPluginBase@@SAHXZ 000000018001e4e0 f   ConEmuPluginBase.obj
 0001:0001d630       ?InitRootRegKey@CPluginBase@@IEAAXXZ 000000018001e630 f   ConEmuPluginBase.obj
 0001:0001d790       ?SetRootRegKey@CPluginBase@@IEAAXPEA_W@Z 000000018001e790 f   ConEmuPluginBase.obj
 0001:0001d8c0       ?LoadPanelTabsFromRegistry@CPluginBase@@IEAAXXZ 000000018001e8c0 f   ConEmuPluginBase.obj
 0001:0001da30       ?InitHWND@CPluginBase@@SAXXZ 000000018001ea30 f   ConEmuPluginBase.obj
 0001:0001dd70       ?CheckConEmuDetached@CPluginBase@@SAXXZ 000000018001ed70 f   ConEmuPluginBase.obj
 0001:0001de20       ?EmergencyShow@CPluginBase@@KAXXZ 000000018001ee20 f   ConEmuPluginBase.obj
 0001:0001de90       ?MonitorThreadProcW@CPluginBase@@SAKPEAX@Z 000000018001ee90 f   ConEmuPluginBase.obj
 0001:0001e3c0       ?OpenPluginCommon@CPluginBase@@QEAAPEAXH_J_N@Z 000000018001f3c0 f   ConEmuPluginBase.obj
 0001:0001e890       ?ExitFarCommon@CPluginBase@@QEAAX_N@Z 000000018001f890 f   ConEmuPluginBase.obj
 0001:0001e900       ?OnMainThreadActivated@CPluginBase@@QEAAXXZ 000000018001f900 f   ConEmuPluginBase.obj
 0001:0001eb00       ?ProcessSetWindowCommand@CPluginBase@@QEAAXXZ 000000018001fb00 f   ConEmuPluginBase.obj
 0001:0001ec70       ?CommonPluginStartup@CPluginBase@@QEAAXXZ 000000018001fc70 f   ConEmuPluginBase.obj
 0001:0001eda0       ?StopThread@CPluginBase@@QEAAX_N@Z 000000018001fda0 f   ConEmuPluginBase.obj
 0001:0001f1d0       ??_G?$MFileMapping@UCESERVER_CONSOLE_MAPPING_HDR@@@@QEAAPEAXI@Z 00000001800201d0 f i ConEmuPluginBase.obj
 0001:0001f210       ?ShutdownPluginStep@CPluginBase@@SAXPEB_WHHHH@Z 0000000180020210 f   ConEmuPluginBase.obj
 0001:0001f230       ?ExecuteSynchro@CPluginBase@@QEAAXXZ 0000000180020230 f   ConEmuPluginBase.obj
 0001:0001f310       ?WaitPluginActivation@CPluginBase@@SAKKPEAPEAXHK@Z 0000000180020310 f   ConEmuPluginBase.obj
 0001:0001f4a0       ?ActivatePlugin@CPluginBase@@QEAA_NKPEAXK@Z 00000001800204a0 f   ConEmuPluginBase.obj
 0001:0001f7d0       ?cmd_OpenEditorLine@CPluginBase@@QEAA_NPEAUCESERVER_REQ_FAREDITOR@@@Z 00000001800207d0 f   ConEmuPluginBase.obj
 0001:0001f900       ?cmd_RedrawFarCall@CPluginBase@@QEAA_NAEAPEAUCESERVER_REQ@@PEAPEAU2@@Z 0000000180020900 f   ConEmuPluginBase.obj
 0001:0001f9f0       ?cmd_SetWindow@CPluginBase@@QEAA_NPEAX_N@Z 00000001800209f0 f   ConEmuPluginBase.obj
 0001:0001fad0       ?cmd_LeftClickSync@CPluginBase@@QEAAXPEAX@Z 0000000180020ad0 f   ConEmuPluginBase.obj
 0001:0001fc60       ?cmd_CloseQSearch@CPluginBase@@QEAAXXZ 0000000180020c60 f   ConEmuPluginBase.obj
 0001:0001fcc0       ?cmd_EMenu@CPluginBase@@QEAAXPEAX@Z 0000000180020cc0 f   ConEmuPluginBase.obj
 0001:0001fdd0       ?cmd_ExternalCallback@CPluginBase@@QEAA_NPEAX@Z 0000000180020dd0 f   ConEmuPluginBase.obj
 0001:0001fe70       ?cmd_ConSetFont@CPluginBase@@QEAAXPEAX@Z 0000000180020e70 f   ConEmuPluginBase.obj
 0001:0001fef0       ?cmd_GuiChanged@CPluginBase@@QEAAXPEAX@Z 0000000180020ef0 f   ConEmuPluginBase.obj
 0001:00020000       ?ProcessCommand@CPluginBase@@QEAA_NKHPEAXPEAPEAUCESERVER_REQ@@_N@Z 0000000180021000 f   ConEmuPluginBase.obj
 0001:00020720       ?FarSetConsoleSize@CPluginBase@@SA_NFF@Z 0000000180021720 f   ConEmuPluginBase.obj
 0001:00020890       ?ReloadFarInfoApi@CPluginBase@@IEAA_NXZ 0000000180021890 f   ConEmuPluginBase.obj
 0001:00020b40       ?ReloadFarInfo@CPluginBase@@QEAA_N_N@Z 0000000180021b40 f   ConEmuPluginBase.obj
 0001:00020e60       ?pcc_Selected@CPluginBase@@SA_NW4PluginMenuCommands@@@Z 0000000180021e60 f   ConEmuPluginBase.obj
 0001:00020ee0       ?pcc_Disabled@CPluginBase@@SA_NW4PluginMenuCommands@@@Z 0000000180021ee0 f   ConEmuPluginBase.obj
 0001:00020fc0       ?TouchReadPeekConsoleInputs@CPluginBase@@SAXH@Z 0000000180021fc0 f   ConEmuPluginBase.obj
 0001:00021020       ?OnConsolePeekReadInput@CPluginBase@@SAX_N@Z 0000000180022020 f   ConEmuPluginBase.obj
 0001:00021290       ?ActiveServerPID@CESERVER_CONSOLE_MAPPING_HDR@@QEBAKXZ 0000000180022290 f i ConEmuPluginBase.obj
 0001:000212d0       ?UngetDummyMouseEvent@CPluginBase@@SA_N_NPEAUHookCallbackArg@@@Z 00000001800222d0 f   ConEmuPluginBase.obj
 0001:00021540       ??4HANDLE2@@QEAAAEAU0@PEAX@Z 0000000180022540 f i ConEmuPluginBase.obj
 0001:00021560       ?FillLoadedParm@CPluginBase@@SAXPEAUConEmuLoadedArg@@PEAUHINSTANCE__@@H@Z 0000000180022560 f   ConEmuPluginBase.obj
 0001:000216a0       ?NotifyConEmuUnloaded@CPluginBase@@SAXXZ 00000001800226a0 f   ConEmuPluginBase.obj
 0001:000217f0       ?OnPanelViewCallbacks@CPluginBase@@SA_NPEAUHookCallbackArg@@P6AHPEAXPEAU_INPUT_RECORD@@KPEAKPEAH@Z5@Z 00000001800227f0 f   ConEmuPluginBase.obj
 0001:00021940       ?OnShellExecuteExW_Except@CPluginBase@@SAXPEAUHookCallbackArg@@@Z 0000000180022940 f   ConEmuPluginBase.obj
 0001:00021990       ?OnGetNumberOfConsoleInputEventsPost@CPluginBase@@SAXPEAUHookCallbackArg@@@Z 0000000180022990 f   ConEmuPluginBase.obj
 0001:000219d0       ?OnConsolePeekInput@CPluginBase@@SAHPEAUHookCallbackArg@@@Z 00000001800229d0 f   ConEmuPluginBase.obj
 0001:00021a60       ?OnConsolePeekInputPost@CPluginBase@@SAXPEAUHookCallbackArg@@@Z 0000000180022a60 f   ConEmuPluginBase.obj
 0001:00021ab0       ?OnConsoleReadInputWork@CPluginBase@@SAHPEAUHookCallbackArg@@@Z 0000000180022ab0 f   ConEmuPluginBase.obj
 0001:00021b60       ?OnConsoleReadInput@CPluginBase@@SAHPEAUHookCallbackArg@@@Z 0000000180022b60 f   ConEmuPluginBase.obj
 0001:00021b80       ?OnConsoleReadInputPost@CPluginBase@@SAXPEAUHookCallbackArg@@@Z 0000000180022b80 f   ConEmuPluginBase.obj
 0001:00021e30       ?OnWriteConsoleOutput@CPluginBase@@SAHPEAUHookCallbackArg@@@Z 0000000180022e30 f   ConEmuPluginBase.obj
 0001:00021f50       ?OnConsoleDetaching@CPluginBase@@SAHPEAUHookCallbackArg@@@Z 0000000180022f50 f   ConEmuPluginBase.obj
 0001:000220b0       ?OnConsoleWasAttached@CPluginBase@@SAXPEAUHookCallbackArg@@@Z 00000001800230b0 f   ConEmuPluginBase.obj
 0001:00022130       ?OnCurDirChanged@CPluginBase@@SAXXZ 0000000180023130 f   ConEmuPluginBase.obj
 0001:000221c0       ?OnLibraryLoaded@CPluginBase@@SAXPEAUHINSTANCE__@@@Z 00000001800231c0 f   ConEmuPluginBase.obj
 0001:00022270       ?ToUnicode@CPluginBase@@SAPEA_WPEBD@Z 0000000180023270 f   ConEmuPluginBase.obj
 0001:00022310       ?ToOem@CPluginBase@@SAXPEB_WPEAD_J@Z 0000000180023310 f   ConEmuPluginBase.obj
 0001:00022390       ?ToOem@CPluginBase@@SAPEADPEB_W@Z 0000000180023390 f   ConEmuPluginBase.obj
 0001:00022400       ?ProcessDragFrom@CPluginBase@@QEAAXXZ 0000000180023400 f   ConEmuPluginBase.obj
 0001:00022cc0       ?ProcessDragTo@CPluginBase@@QEAAXXZ 0000000180023cc0 f   ConEmuPluginBase.obj
 0001:00023180       ?IsCurrentTabModal@CPluginBase@@QEAA_NXZ 0000000180024180 f   ConEmuPluginBase.obj
 0001:00023280       ?PrintText@CPluginBase@@QEAA_NPEB_W@Z 0000000180024280 f   ConEmuPluginBase.obj
 0001:00023420       ?Ptr@?$MFileMapping@UCESERVER_CONSOLE_MAPPING_HDR@@@@QEAAPEAUCESERVER_CONSOLE_MAPPING_HDR@@XZ 0000000180024420 f i ConEmuPluginBase.obj
 0001:00023430       ??$wcscpy_c@$0BBE@@@YAHAEAY0BBE@_WPEB_W@Z 0000000180024430 f i ConEmuPluginBase.obj
 0001:00023460       ??$wcscat_c@$0BBE@@@YAHAEAY0BBE@_WPEB_W@Z 0000000180024460 f i ConEmuPluginBase.obj
 0001:00023490       ??$wcscat_c@$0CAE@@@YAHAEAY0CAE@_WPEB_W@Z 0000000180024490 f i ConEmuPluginBase.obj
 0001:000234c0       ?EvaluateDefaultFontWidth@@YAHHPEB_W@Z 00000001800244c0 f   EmergencyShow.obj
 0001:00023640       ?SetUserFriendlyFont@@YAXPEAUHWND__@@HH@Z 0000000180024640 f   EmergencyShow.obj
 0001:00023c00       ?CorrectConsolePos@@YAXPEAUHWND__@@@Z 0000000180024c00 f   EmergencyShow.obj
 0001:00023de0       ?EmergencyShow@@YAXPEAUHWND__@@HH@Z 0000000180024de0 f   EmergencyShow.obj
 0001:00023f60       ?IsFileBatch@@YA_NPEB_W@Z  0000000180024f60 f   Execute.obj
 0001:00024000       ?GetImageSubsystem@@YA_NPEB_WAEAK11@Z 0000000180025000 f   Execute.obj
 0001:00024410       ?GetImageSubsystem@@YA_NAEAK0@Z 0000000180025410 f   Execute.obj
 0001:000244f0       ?GetImageSubsystem@@YA_NU_PROCESS_INFORMATION@@AEAK1@Z 00000001800254f0 f   Execute.obj
 0001:000247f0       ?GetEnclosingSectionHeader@@YAPEAU_IMAGE_SECTION_HEADER@@KPEAUIMAGE_MAPPING@@@Z 00000001800257f0 f   Execute.obj
 0001:000248a0       ?GetPtrFromRVA@@YAPEAXKPEAUIMAGE_MAPPING@@@Z 00000001800258a0 f   Execute.obj
 0001:00024930       ?FindImageSubsystem@@YA_NPEB_WAEAK1PEAK@Z 0000000180025930 f   Execute.obj
 0001:000257a0       ?OnHooksUnloaded@@YAXXZ    00000001800267a0 f   HkFunc.obj
 0001:000257b0       ??0HkFunc@@QEAA@XZ         00000001800267b0 f   HkFunc.obj
 0001:000257d0       ?Init@HkFunc@@QEAA_NPEB_WPEAUHINSTANCE__@@@Z 00000001800267d0 f   HkFunc.obj
 0001:000258e0       ?SetInternalMode@HkFunc@@QEAAXXZ 00000001800268e0 f   HkFunc.obj
 0001:00025900       ?isConEmuHk@HkFunc@@QEAA_NXZ 0000000180026900 f   HkFunc.obj
 0001:00025930       ?HeapInitialize@@YA_NXZ    0000000180026930 f   Memory.obj
 0001:00025980       ?HeapDeinitialize@@YAXXZ   0000000180026980 f   Memory.obj
 0001:000259b0       ?xf_malloc@@YAPEAX_K@Z     00000001800269b0 f   Memory.obj
 0001:000259e0       ?xf_calloc@@YAPEAX_K0@Z    00000001800269e0 f   Memory.obj
 0001:00025a20       ?xf_realloc@@YAPEAXPEAX_K@Z 0000000180026a20 f   Memory.obj
 0001:00025a70       ?xf_free@@YAXPEAX@Z        0000000180026a70 f   Memory.obj
 0001:00025ab0       ?xf_validate@@YA_NPEAX@Z   0000000180026ab0 f   Memory.obj
 0001:00025b00       ??2@YAPEAX_K@Z             0000000180026b00 f   Memory.obj
 0001:00025b30       ??_U@YAPEAX_K@Z            0000000180026b30 f   Memory.obj
 0001:00025b60       ??3@YAXPEAX@Z              0000000180026b60 f   Memory.obj
 0001:00025b80       ??_V@YAXPEAX@Z             0000000180026b80 f   Memory.obj
 0001:00025ba0       ?lstrdup@@YAPEADPEBD@Z     0000000180026ba0 f   Memory.obj
 0001:00025c20       ?StringCchCopyA@@YAJPEAD_KPEBD@Z 0000000180026c20 f i Memory.obj
 0001:00025db0       ?lstrdup@@YAPEA_WPEB_W_K@Z 0000000180026db0 f   Memory.obj
 0001:00025f70       ?lstrdupW@@YAPEA_WPEBDI@Z  0000000180026f70 f   Memory.obj
 0001:00026010       ?lstrmerge@@YAPEA_WPEB_W0000@Z 0000000180027010 f   Memory.obj
 0001:00026210       ?lstrmerge@@YA_NPEAPEA_WPEB_W111@Z 0000000180027210 f   Memory.obj
 0001:00026290       ?GetStartupMonitor@@YAPEAUHMONITOR__@@XZ 0000000180027290 f   Monitors.obj
 0001:000263a0       ?MonitorFromParam@@YAPEAUHMONITOR__@@PEB_W@Z 00000001800273a0 f   Monitors.obj
 0001:000265f0       ?FindMonitorsWorkspace@@YAHPEAUHMONITOR__@@PEAUHDC__@@PEAUtagRECT@@_J@Z 00000001800275f0 f   Monitors.obj
 0001:000266a0       ?GetAllMonitorsWorkspace@@YA?AUtagRECT@@XZ 00000001800276a0 f   Monitors.obj
 0001:00026730       ?FindPrimaryMonitor@@YAHPEAUHMONITOR__@@PEAUHDC__@@PEAUtagRECT@@_J@Z 0000000180027730 f   Monitors.obj
 0001:000267c0       ?GetMonitorInfoSafe@@YA_NPEAUHMONITOR__@@AEAUtagMONITORINFO@@@Z 00000001800277c0 f   Monitors.obj
 0001:00026830       ?GetPrimaryMonitorInfo@@YAPEAUHMONITOR__@@PEAUtagMONITORINFO@@@Z 0000000180027830 f   Monitors.obj
 0001:000268f0       ?GetNearestMonitorInfo@@YAPEAUHMONITOR__@@PEAUtagMONITORINFO@@PEAU1@PEBUtagRECT@@PEAUHWND__@@@Z 00000001800278f0 f   Monitors.obj
 0001:00026a20       ?EnumAllMonitors@@YAHPEAUHMONITOR__@@PEAUHDC__@@PEAUtagRECT@@_J@Z 0000000180027a20 f   Monitors.obj
 0001:00026ad0       ?MonitorSortCallback@@YAHAEAU_FindAllMonitorsItem@@0@Z 0000000180027ad0 f   Monitors.obj
 0001:00026b50       ?GetNextMonitorInfo@@YAPEAUHMONITOR__@@PEAUtagMONITORINFO@@PEBUtagRECT@@_N@Z 0000000180027b50 f   Monitors.obj
 0001:00026de0       ??0_FindAllMonitors@@QEAA@XZ 0000000180027de0 f i Monitors.obj
 0001:00026e00       ??1_FindAllMonitors@@QEAA@XZ 0000000180027e00 f i Monitors.obj
 0001:00026e20       ?FindTaskbarWindow@@YAPEAUHWND__@@PEAUtagRECT@@@Z 0000000180027e20 f   Monitors.obj
 0001:00026ea0       ?IsTaskbarAutoHidden@@YA_NPEAUtagRECT@@PEAI@Z 0000000180027ea0 f   Monitors.obj
 0001:00026f90       ??0?$MArray@U_FindAllMonitorsItem@@@@QEAA@XZ 0000000180027f90 f i Monitors.obj
 0001:00026ff0       ??1?$MArray@U_FindAllMonitorsItem@@@@QEAA@XZ 0000000180027ff0 f i Monitors.obj
 0001:00027010       ??A?$MArray@U_FindAllMonitorsItem@@@@QEAAAEAU_FindAllMonitorsItem@@_J@Z 0000000180028010 f i Monitors.obj
 0001:00027030       ?push_back@?$MArray@U_FindAllMonitorsItem@@@@QEAA_JAEBU_FindAllMonitorsItem@@@Z 0000000180028030 f i Monitors.obj
 0001:00027100       ?size@?$MArray@U_FindAllMonitorsItem@@@@QEBA_JXZ 0000000180028100 f i Monitors.obj
 0001:00027110       ?sort@?$MArray@U_FindAllMonitorsItem@@@@QEAAXP6AHAEAU_FindAllMonitorsItem@@0@Z@Z 0000000180028110 f i Monitors.obj
 0001:00027260       ?clear@?$MArray@U_FindAllMonitorsItem@@@@QEAAXXZ 0000000180028260 f i Monitors.obj
 0001:000272b0       ?addsize@?$MArray@U_FindAllMonitorsItem@@@@QEAAX_J@Z 00000001800282b0 f i Monitors.obj
 0001:000273f0       ??0MSection@@QEAA@XZ       00000001800283f0 f   MSection.obj
 0001:000274e0       ??1MSection@@QEAA@XZ       00000001800284e0 f   MSection.obj
 0001:000275b0       ?Process_Lock@MSection@@IEAAXXZ 00000001800285b0 f   MSection.obj
 0001:000275d0       ?Process_Unlock@MSection@@IEAAXXZ 00000001800285d0 f   MSection.obj
 0001:000275f0       ?ThreadTerminated@MSection@@QEAAXK@Z 00000001800285f0 f   MSection.obj
 0001:00027660       ?AddRef@MSection@@IEAAXK@Z 0000000180028660 f   MSection.obj
 0001:000277b0       ?ReleaseRef@MSection@@IEAAHK@Z 00000001800287b0 f   MSection.obj
 0001:000278d0       ?WaitUnlocked@MSection@@IEAAXKK@Z 00000001800288d0 f   MSection.obj
 0001:000279a0       ?MyEnterCriticalSection@MSection@@IEAA_NK@Z 00000001800289a0 f   MSection.obj
 0001:00027b70       ?Lock@MSection@@IEAAHHK@Z  0000000180028b70 f   MSection.obj
 0001:00027d20       ?Unlock@MSection@@IEAAXH@Z 0000000180028d20 f   MSection.obj
 0001:00027db0       ?isLockedExclusive@MSection@@QEAA_NXZ 0000000180028db0 f   MSection.obj
 0001:00027e20       ??0MSectionThread@@QEAA@PEAVMSection@@@Z 0000000180028e20 f   MSection.obj
 0001:00027e60       ??1MSectionThread@@QEAA@XZ 0000000180028e60 f   MSection.obj
 0001:00027ea0       ??0MSectionLock@@QEAA@XZ   0000000180028ea0 f   MSection.obj
 0001:00027ed0       ??1MSectionLock@@QEAA@XZ   0000000180028ed0 f   MSection.obj
 0001:00027f00       ?Lock@MSectionLock@@QEAAHPEAVMSection@@HK@Z 0000000180028f00 f   MSection.obj
 0001:00027fd0       ?RelockExclusive@MSectionLock@@QEAAHK@Z 0000000180028fd0 f   MSection.obj
 0001:00028060       ?Unlock@MSectionLock@@QEAAXXZ 0000000180029060 f   MSection.obj
 0001:000280b0       ?isLocked@MSectionLock@@QEAAHH@Z 00000001800290b0 f   MSection.obj
 0001:00028100       ??0MSectionSimple@@QEAA@_N@Z 0000000180029100 f   MSectionSimple.obj
 0001:00028160       ??1MSectionSimple@@QEAA@XZ 0000000180029160 f   MSectionSimple.obj
 0001:00028180       ?IsInitialized@MSectionSimple@@QEAA_NXZ 0000000180029180 f   MSectionSimple.obj
 0001:000281c0       ?Init@MSectionSimple@@QEAAXXZ 00000001800291c0 f   MSectionSimple.obj
 0001:000281f0       ?Close@MSectionSimple@@QEAAXXZ 00000001800291f0 f   MSectionSimple.obj
 0001:00028220       ?Enter@MSectionSimple@@QEAAXXZ 0000000180029220 f   MSectionSimple.obj
 0001:00028240       ?Leave@MSectionSimple@@QEAAXXZ 0000000180029240 f   MSectionSimple.obj
 0001:00028260       ?TryEnter@MSectionSimple@@QEAA_NXZ 0000000180029260 f   MSectionSimple.obj
 0001:000282a0       ?RecreateAndLock@MSectionSimple@@QEAA_NXZ 00000001800292a0 f   MSectionSimple.obj
 0001:00028340       ??0MSectionLockSimple@@QEAA@XZ 0000000180029340 f   MSectionSimple.obj
 0001:00028360       ??1MSectionLockSimple@@QEAA@XZ 0000000180029360 f   MSectionSimple.obj
 0001:00028390       ?Lock@MSectionLockSimple@@QEAAHPEAUMSectionSimple@@K@Z 0000000180029390 f   MSectionSimple.obj
 0001:00028460       ?Unlock@MSectionLockSimple@@QEAAXXZ 0000000180029460 f   MSectionSimple.obj
 0001:000284a0       ?isLocked@MSectionLockSimple@@QEAAHXZ 00000001800294a0 f   MSectionSimple.obj
 0001:000284b0       ?NullSecurity@@YAPEAU_SECURITY_ATTRIBUTES@@XZ 00000001800294b0 f   MSecurity.obj
 0001:00028510       ??0MNullDesc@@QEAA@XZ      0000000180029510 f i MSecurity.obj
 0001:00028590       ?NullSecurity@MNullDesc@@QEAAPEAU_SECURITY_ATTRIBUTES@@XZ 0000000180029590 f i MSecurity.obj
 0001:000286d0       ?LoadAdvApi@MNullDesc@@IEAAHXZ 00000001800296d0 f i MSecurity.obj
 0001:00028990       ?UnloadAdvApi@MNullDesc@@IEAAXXZ 0000000180029990 f i MSecurity.obj
 0001:000289d0       ?LocalSecurity@@YAPEAU_SECURITY_ATTRIBUTES@@XZ 00000001800299d0 f   MSecurity.obj
 0001:00028a30       ?LocalSecurity@MNullDesc@@QEAAPEAU_SECURITY_ATTRIBUTES@@XZ 0000000180029a30 f i MSecurity.obj
 0001:00028ce0       ?ShutdownSecurity@@YAXXZ   0000000180029ce0 f   MSecurity.obj
 0001:00028d40       ??_GMNullDesc@@QEAAPEAXI@Z 0000000180029d40 f i MSecurity.obj
 0001:00028d80       ??1MNullDesc@@QEAA@XZ      0000000180029d80 f i MSecurity.obj
 0001:00028e10       ??0MSetter@@QEAA@PEAJ@Z    0000000180029e10 f   MSetter.obj
 0001:00028e60       ??0MSetter@@QEAA@PEA_N@Z   0000000180029e60 f   MSetter.obj
 0001:00028eb0       ??0MSetter@@QEAA@PEAKK@Z   0000000180029eb0 f   MSetter.obj
 0001:00028f00       ??1MSetter@@QEAA@XZ        0000000180029f00 f   MSetter.obj
 0001:00028f20       ?Unlock@MSetter@@QEAAXXZ   0000000180029f20 f   MSetter.obj
 0001:00028fc0       ?msprintf@@YAPEB_WPEA_W_KPEB_WZZ 0000000180029fc0 f   MStrSafe.obj
 0001:00029980       ?msprintf@@YAPEBDPEAD_KPEBDZZ 000000018002a980 f   MStrSafe.obj
 0001:0002a0c0       ?lstrcmpni@@YAHPEBD0H@Z    000000018002b0c0 f   MStrSafe.obj
 0001:0002a230       ?lstrcmpni@@YAHPEB_W0H@Z   000000018002b230 f   MStrSafe.obj
 0001:0002a3e0       ?startswith@@YAHPEB_W0_N@Z 000000018002b3e0 f   MStrSafe.obj
 0001:0002a490       ??0CPluginBackground@@QEAA@XZ 000000018002b490 f   PluginBackground.obj
 0001:0002a740       ??1CPluginBackground@@QEAA@XZ 000000018002b740 f   PluginBackground.obj
 0001:0002a9f0       ?RegisterSubplugin@CPluginBackground@@QEAAHPEAURegisterBackgroundArg@@@Z 000000018002b9f0 f   PluginBackground.obj
 0001:0002af60       ?ReallocItems@CPluginBackground@@IEAAXH@Z 000000018002bf60 f   PluginBackground.obj
 0001:0002b000       ?OnMainThreadActivated@CPluginBackground@@QEAAXHH@Z 000000018002c000 f   PluginBackground.obj
 0001:0002b170       ?SetForceCheck@CPluginBackground@@QEAAXXZ 000000018002c170 f   PluginBackground.obj
 0001:0002b1a0       ?SetForceUpdate@CPluginBackground@@QEAAX_N@Z 000000018002c1a0 f   PluginBackground.obj
 0001:0002b1e0       ?SetForceThLoad@CPluginBackground@@QEAAXXZ 000000018002c1e0 f   PluginBackground.obj
 0001:0002b220       ?IsParmChanged@CPluginBackground@@IEAA_NPEAUPaintBackgroundArg@@0@Z 000000018002c220 f   PluginBackground.obj
 0001:0002b570       ?CheckPanelFolders@CPluginBackground@@IEAAXH@Z 000000018002c570 f   PluginBackground.obj
 0001:0002b6a0       ?SetDcPanelRect@CPluginBackground@@IEAAXPEAUtagRECT@@PEAUBkPanelInfo@@PEAUPaintBackgroundArg@@@Z 000000018002c6a0 f   PluginBackground.obj
 0001:0002b840       ?UpdateBackground_Exec@CPluginBackground@@KAXPEAURegisterBackgroundArg@@PEAUPaintBackgroundArg@@@Z 000000018002c840 f   PluginBackground.obj
 0001:0002b8a0       ?UpdateBackground@CPluginBackground@@IEAAXXZ 000000018002c8a0 f   PluginBackground.obj
 0001:0002c970       ?LoadThSet@CPluginBackground@@IEAAHH@Z 000000018002d970 f   PluginBackground.obj
 0001:0002cbe0       ?MonitorBackground@CPluginBackground@@QEAAXXZ 000000018002dbe0 f   PluginBackground.obj
 0001:0002ccc0       ?GetTo@?$MFileMapping@UPanelViewSetMapping@@@@QEAA_NPEAUPanelViewSetMapping@@H@Z 000000018002dcc0 f i PluginBackground.obj
 0001:0002cd20       ?InitName@?$MFileMapping@UPanelViewSetMapping@@@@QEAAPEB_WPEB_WKK@Z 000000018002dd20 f i PluginBackground.obj
 0001:0002cd80       ?CloseMap@?$MFileMapping@UPanelViewSetMapping@@@@QEAAXXZ 000000018002dd80 f i PluginBackground.obj
 0001:0002ce10       ?Open@?$MFileMapping@UPanelViewSetMapping@@@@QEAAPEAUPanelViewSetMapping@@HH@Z 000000018002de10 f i PluginBackground.obj
 0001:0002ce40       ??0?$MFileMapping@UPanelViewSetMapping@@@@QEAA@XZ 000000018002de40 f i PluginBackground.obj
 0001:0002ceb0       ??1?$MFileMapping@UPanelViewSetMapping@@@@QEAA@XZ 000000018002deb0 f i PluginBackground.obj
 0001:0002cee0       ?IsValid@?$MFileMapping@UPanelViewSetMapping@@@@QEAA_NXZ 000000018002dee0 f i PluginBackground.obj
 0001:0002cf10       ?ClosePtr@?$MFileMapping@UPanelViewSetMapping@@@@QEAAXXZ 000000018002df10 f i PluginBackground.obj
 0001:0002cf50       ?InternalOpenCreate@?$MFileMapping@UPanelViewSetMapping@@@@IEAAPEAUPanelViewSetMapping@@HHH@Z 000000018002df50 f i PluginBackground.obj
 0001:0002d330       ?PlugServerInit@@YAXXZ     000000018002e330 f   PluginSrv.obj
 0001:0002d340       ?PlugServerStart@@YA_NXZ   000000018002e340 f   PluginSrv.obj
 0001:0002d480       ?PlugServerStop@@YAX_N@Z   000000018002e480 f   PluginSrv.obj
 0001:0002d4e0       ?cmd_FarSetChanged@@YAXPEAUFAR_REQ_FARSETCHANGED@@@Z 000000018002e4e0 f   PluginSrv.obj
 0001:0002d560       ?PlugServerCommand@@YAHPEAXPEAUCESERVER_REQ@@AEAPEAU1@AEAK3_J@Z 000000018002e560 f   PluginSrv.obj
 0001:0002df90       ?PlugServerFree@@YAXPEAUCESERVER_REQ@@_J@Z 000000018002ef90 f   PluginSrv.obj
 0001:0002dfb0       ?SetOverlapped@?$PipeServer@UCESERVER_REQ@@@@QEAAX_N@Z 000000018002efb0 f i PluginSrv.obj
 0001:0002dfd0       ?SetLoopCommands@?$PipeServer@UCESERVER_REQ@@@@QEAAX_N@Z 000000018002efd0 f i PluginSrv.obj
 0001:0002dff0       ?SetDummyAnswerSize@?$PipeServer@UCESERVER_REQ@@@@QEAAXH@Z 000000018002eff0 f i PluginSrv.obj
 0001:0002e010       ?SetMaxCount@?$PipeServer@UCESERVER_REQ@@@@QEAAXH@Z 000000018002f010 f i PluginSrv.obj
 0001:0002e060       ?StartPipeServer@?$PipeServer@UCESERVER_REQ@@@@QEAA_N_NPEB_W_JPEAU_SECURITY_ATTRIBUTES@@P6AHPEAXPEAUCESERVER_REQ@@AEAPEAU3@AEAK72@ZP6AX52@ZP6AH42@ZP6AH42@ZP6AH42@Z@Z 000000018002f060 f i PluginSrv.obj
 0001:0002e2d0       ?StopPipeServer@?$PipeServer@UCESERVER_REQ@@@@QEAAX_NAEA_N@Z 000000018002f2d0 f i PluginSrv.obj
 0001:0002ec00       ?BreakConnection@?$PipeServer@UCESERVER_REQ@@@@QEAAXPEAX@Z 000000018002fc00 f i PluginSrv.obj
 0001:0002ec30       ?DumpError@?$PipeServer@UCESERVER_REQ@@@@IEAAXPEAUPipeInst@1@PEB_WH@Z 000000018002fc30 f i PluginSrv.obj
 0001:0002ed70       ?_Disconnect@?$PipeServer@UCESERVER_REQ@@@@IEAAXPEAUPipeInst@1@_N11@Z 000000018002fd70 f i PluginSrv.obj
 0001:0002ee20       ?StartPipeInstance@?$PipeServer@UCESERVER_REQ@@@@IEAA_NPEAUPipeInst@1@@Z 000000018002fe20 f i PluginSrv.obj
 0001:0002f090       ?TerminatePipeThread@?$PipeServer@UCESERVER_REQ@@@@KAXAEAPEAXAEBUPipeInst@1@AEA_N@Z 0000000180030090 f i PluginSrv.obj
 0001:0002f150       ?_PipeServerThread@?$PipeServer@UCESERVER_REQ@@@@KAKPEAX@Z 0000000180030150 f i PluginSrv.obj
 0001:0002f1f0       ?PipeServerThread@?$PipeServer@UCESERVER_REQ@@@@IEAAKPEAUPipeInst@1@@Z 00000001800301f0 f i PluginSrv.obj
 0001:0002f740       ?PipeServerRead@?$PipeServer@UCESERVER_REQ@@@@IEAAHPEAUPipeInst@1@@Z 0000000180030740 f i PluginSrv.obj
 0001:0002fbb0       ?PipeServerWrite@?$PipeServer@UCESERVER_REQ@@@@IEAAHPEAUPipeInst@1@PEBXKPEAKH@Z 0000000180030bb0 f i PluginSrv.obj
 0001:0002fdf0       ?WaitForClient@?$PipeServer@UCESERVER_REQ@@@@IEAA_NPEAUPipeInst@1@AEAH1@Z 0000000180030df0 f i PluginSrv.obj
 0001:00030400       ?WriteDummyAnswer@?$PipeServer@UCESERVER_REQ@@@@IEAAHPEAUPipeInst@1@@Z 0000000180031400 f i PluginSrv.obj
 0001:000304a0       ?WaitOverlapped@?$PipeServer@UCESERVER_REQ@@@@IEAAHPEAUPipeInst@1@PEAK@Z 00000001800314a0 f i PluginSrv.obj
 0001:00030790       ?AllocRequestBuf@PipeInst@?$PipeServer@UCESERVER_REQ@@@@QEAAPEAUCESERVER_REQ@@K@Z 0000000180031790 f i PluginSrv.obj
 0001:00030830       ??$wcscpy_c@$0BAE@@@YAHAEAY0BAE@_WPEB_W@Z 0000000180031830 f i PluginSrv.obj
 0001:00030990       ?SetConEmuEnvHWND@@YAXPEB_WPEAUHWND__@@@Z 0000000180031990 f   SetEnvVar.obj
 0001:000309f0       ?SetConEmuEnvVar@@YAXPEAUHWND__@@@Z 00000001800319f0 f   SetEnvVar.obj
 0001:00030a70       ?SetConEmuEnvVarChild@@YAXPEAUHWND__@@0@Z 0000000180031a70 f   SetEnvVar.obj
 0001:00030ab0       ?SetConEmuWorkEnvVar@@YAXPEAUHINSTANCE__@@@Z 0000000180031ab0 f   SetEnvVar.obj
 0001:00030c80       ??0CEnvStrings@@QEAA@PEA_W@Z 0000000180031c80 f   SetEnvVar.obj
 0001:00030d40       ??1CEnvStrings@@QEAA@XZ    0000000180031d40 f   SetEnvVar.obj
 0001:00030d80       ?ShutdownConsole@@YAXXZ    0000000180031d80 f   WConsole.obj
 0001:00030dd0       ?SetConsoleInfo@@YAHPEAUHWND__@@PEAU_CONSOLE_INFO@@@Z 0000000180031dd0 f   WConsole.obj
 0001:00031100       ?GetConsoleSizeInfo@@YAXPEAU_CONSOLE_INFO@@@Z 0000000180032100 f   WConsole.obj
 0001:000311d0       ?apiGetConsoleScreenBufferInfoEx@@YAHPEAXPEAUMY_CONSOLE_SCREEN_BUFFER_INFOEX@@@Z 00000001800321d0 f   WConsole.obj
 0001:00031250       ?apiSetConsoleScreenBufferInfoEx@@YAHPEAXPEAUMY_CONSOLE_SCREEN_BUFFER_INFOEX@@@Z 0000000180032250 f   WConsole.obj
 0001:000312f0       ?apiGetCurrentConsoleFontEx@@YAHPEAXHPEAUMY_CONSOLE_FONT_INFOEX@@@Z 00000001800322f0 f   WConsole.obj
 0001:00031380       ?apiSetCurrentConsoleFontEx@@YAHPEAXHPEAUMY_CONSOLE_FONT_INFOEX@@@Z 0000000180032380 f   WConsole.obj
 0001:00031410       ?apiInitConsoleFontSize@@YAHPEAX@Z 0000000180032410 f   WConsole.obj
 0001:000314b0       ?apiGetConsoleFontSize@@YAHPEAXAEAH1AEAY0CA@_W@Z 00000001800324b0 f   WConsole.obj
 0001:00031580       ?apiSetConsoleFontSize@@YAHPEAXHHPEB_W@Z 0000000180032580 f   WConsole.obj
 0001:000316f0       ?apiFixFontSizeForBufferSize@@YAHPEAXU_COORD@@PEADH@Z 00000001800326f0 f   WConsole.obj
 0001:00031dd0       ?SetConsoleFontSizeTo@@YAXPEAUHWND__@@HHPEB_WGG@Z 0000000180032dd0 f   WConsole.obj
 0001:000323d0       ?apiPauseConsoleOutput@@YAHPEAUHWND__@@_N@Z 00000001800333d0 f   WConsole.obj
 0001:00032530       ?apiGetConsoleSelectionInfo@@YAHPEAU_CONSOLE_SELECTION_INFO@@@Z 0000000180033530 f   WConsole.obj
 0001:00032650       ?MyGetLargestConsoleWindowSize@@YA?AU_COORD@@PEAX@Z 0000000180033650 f   WConsole.obj
 0001:000326e0       ?SearchAppPaths@@YA_NPEB_WAEAUCmdArg@@_NPEAU1@@Z 00000001800336e0 f   WFiles.obj
 0001:00032d80       ?GetFullPathNameEx@@YAPEA_WPEB_W@Z 0000000180033d80 f   WFiles.obj
 0001:00032e80       ?FindFileName@@YA_NPEB_WAEAUCmdArg@@@Z 0000000180033e80 f   WFiles.obj
 0001:000330d0       ?MakePathProperCase@@YA_NAEAUCmdArg@@@Z 00000001800340d0 f   WFiles.obj
 0001:00033400       ?ReadTextFile@@YAHPEB_WKAEAPEA_WAEAK2K@Z 0000000180034400 f   WFiles.obj
 0001:00033a30       ?WriteTextFile@@YAHPEB_W0HK_NPEAK@Z 0000000180034a30 f   WFiles.obj
 0001:00033df0       ?FilesExists@@YA_NPEB_W0_NH@Z 0000000180034df0 f   WFiles.obj
 0001:00033f90       ?IsDotsName@@YA_NPEB_W@Z   0000000180034f90 f   WFiles.obj
 0001:00033ff0       ?FileExistSubDir@@YA_NPEB_W0HAEAUCmdArg@@@Z 0000000180034ff0 f   WFiles.obj
 0001:00034230       ?DirectoryExists@@YA_NPEB_W@Z 0000000180035230 f   WFiles.obj
 0001:000343d0       ?MyCreateDirectory@@YA_NPEA_W@Z 00000001800353d0 f   WFiles.obj
 0001:00034520       ?FileCompare@@YA_NPEB_W0@Z 0000000180035520 f   WFiles.obj
 0001:00034810       ?apiCancelSynchronousIo@@YAHPEAX@Z 0000000180035810 f   WFiles.obj
 0001:000348d0       ?HasZoneIdentifier@@YA_NPEB_WAEAH@Z 00000001800358d0 f   WFiles.obj
 0001:00034a00       ?DropZoneIdentifier@@YA_NPEB_WAEAK@Z 0000000180035a00 f   WFiles.obj
 0001:00034b10       ?getWindowInfo@@YAXPEAUHWND__@@AEAY0EAA@_W_NPEAK@Z 0000000180035b10 f   WObjects.obj
 0001:00034d20       ?FileExists@@YA_NPEB_WPEAK@Z 0000000180035d20 f   WObjects.obj
 0001:00034f40       ?FileSearchInDir@@YA_NPEB_WAEAUCmdArg@@@Z 0000000180035f40 f   WObjects.obj
 0001:00035160       ?FileExistsSearch@@YA_NPEB_WAEAUCmdArg@@_N2@Z 0000000180036160 f   WObjects.obj
 0001:000352a0       ?GetShortFileName@@YA_NPEB_WHPEA_WH@Z 00000001800362a0 f   WObjects.obj
 0001:00035520       ?GetShortFileNameEx@@YAPEA_WPEB_WH@Z 0000000180036520 f   WObjects.obj
 0001:00035a60       ?GetModulePathName@@YAKPEAUHINSTANCE__@@AEAUCmdArg@@@Z 0000000180036a60 f   WObjects.obj
 0001:00035b30       ?IsWine@@YA_NXZ            0000000180036b30 f   WObjects.obj
 0001:00035cc0       ?IsWinPE@@YA_NXZ           0000000180036cc0 f   WObjects.obj
 0001:00035d70       ?GetOsVersionInformational@@YA_NPEAU_OSVERSIONINFOW@@@Z 0000000180036d70 f   WObjects.obj
 0001:00035db0       ?IsWinVerOrHigher@@YA_NG@Z 0000000180036db0 f   WObjects.obj
 0001:00035e80       ?IsWinVerEqual@@YA_NG@Z    0000000180036e80 f   WObjects.obj
 0001:00035f50       ?IsWin2kEql@@YA_NXZ        0000000180036f50 f   WObjects.obj
 0001:00035fb0       ?IsWin5family@@YA_NXZ      0000000180036fb0 f   WObjects.obj
 0001:00036070       ?IsWinXPSP1@@YA_NXZ        0000000180037070 f   WObjects.obj
 0001:00036160       ?IsWin6@@YA_NXZ            0000000180037160 f   WObjects.obj
 0001:000361c0       ?IsWin7@@YA_NXZ            00000001800371c0 f   WObjects.obj
 0001:00036220       ?IsWin8@@YA_NXZ            0000000180037220 f   WObjects.obj
 0001:00036280       ?IsWin8_1@@YA_NXZ          0000000180037280 f   WObjects.obj
 0001:000362e0       ?IsWin10@@YA_NXZ           00000001800372e0 f   WObjects.obj
 0001:000363c0       ?IsDbcs@@YA_NXZ            00000001800373c0 f   WObjects.obj
 0001:00036400       ?IsWindows64@@YA_NXZ       0000000180037400 f   WObjects.obj
 0001:00036430       ?IsHwFullScreenAvailable@@YA_NXZ 0000000180037430 f   WObjects.obj
 0001:000364c0       ?IsVsNetHostExe@@YA_NPEB_W@Z 00000001800374c0 f   WObjects.obj
 0001:00036560       ?IsGDB@@YA_NPEB_W@Z        0000000180037560 f   WObjects.obj
 0001:000365d0       ?GetProcessBits@@YAHKPEAX@Z 00000001800375d0 f   WObjects.obj
 0001:00036720       ?GetProcessInfo@@YA_NKPEAUtagPROCESSENTRY32W@@@Z 0000000180037720 f   WObjects.obj
 0001:00036810       ?isTerminalMode@@YA_NXZ    0000000180037810 f   WObjects.obj
 0001:00036b60       ?IsModuleValid@@YA_NPEAUHINSTANCE__@@H@Z 0000000180037b60 f   WObjects.obj
 0001:00036d00       ?CheckCallbackPtr@@YA_NPEAUHINSTANCE__@@_KPEAP6A_JXZHHH@Z 0000000180037d00 f   WObjects.obj
 0001:00036ef0       ?ExpandMacroValues@@YAPEA_WPEB_WPEAPEB_W_K@Z 0000000180037ef0 f   WObjects.obj
 0001:00037140       ?ExpandEnvStr@@YAPEA_WPEB_W@Z 0000000180038140 f   WObjects.obj
 0001:00037250       ?GetEnvVar@@YAPEA_WPEB_W@Z 0000000180038250 f   WObjects.obj
 0001:00037340       ?GetComspecFromEnvVar@@YAPEB_WPEA_WKW4ComSpecBits@@@Z 0000000180038340 f   WObjects.obj
 0001:000376a0       ?GetComspec@@YAPEA_WPEBUConEmuComspec@@@Z 00000001800386a0 f   WObjects.obj
 0001:00037960       ?IsExportEnvVarAllowed@@YA_NPEB_W@Z 0000000180038960 f   WObjects.obj
 0001:000379e0       ?ApplyExportEnvVar@@YAXPEB_W@Z 00000001800389e0 f   WObjects.obj
 0001:00037aa0       ?CoordInSmallRect@@YA_NAEBU_COORD@@AEBU_SMALL_RECT@@@Z 0000000180038aa0 f   WObjects.obj
 0001:00037b20       ?GetCpFromString@@YAIPEB_WPEAPEB_W@Z 0000000180038b20 f   WObjects.obj
 0001:00037d80       ??$wcscpy_c@$0EAA@@@YAHAEAY0EAA@_WPEB_W@Z 0000000180038d80 f i WObjects.obj
 0001:00037db0       ??$wcscpy_c@$0BAA@@@YAHAEAY0BAA@_WPEB_W@Z 0000000180038db0 f i WObjects.obj
 0001:00037de0       ?apiThreadHelper@@YAKPEAX@Z 0000000180038de0 f   WThreads.obj
 0001:00037fd0       ?apiCreateThread@@YAPEAXP6AKPEAX@Z0PEAKPEBDH@Z 0000000180038fd0 f   WThreads.obj
 0001:000381d0       ??0ConEmuThreadStartArg@@QEAA@P6AKPEAX@Z0K@Z 00000001800391d0 f i WThreads.obj
 0001:00038230       ?apiTerminateThreadEx@@YAHPEAXKPEBDH@Z 0000000180039230 f   WThreads.obj
 0001:000383c0       ?SetThreadName@@YAXKPEAD@Z 00000001800393c0 f   WThreads.obj
 0001:00038420       ?apiSetForegroundWindow@@YA_NPEAUHWND__@@@Z 0000000180039420 f   WUser.obj
 0001:00038460       ?apiShowWindow@@YA_NPEAUHWND__@@H@Z 0000000180039460 f   WUser.obj
 0001:000384a0       ?apiShowWindowAsync@@YA_NPEAUHWND__@@H@Z 00000001800394a0 f   WUser.obj
 0001:000384e0       ?IsUserAdmin@@YA_NXZ       00000001800394e0 f   WUser.obj
 0001:00038640       ?GetLogonSID@@YA_NPEAXPEAPEA_W@Z 0000000180039640 f   WUser.obj
 0001:000387a0       ?RemoveOldComSpecC@@YAXXZ  00000001800397a0 f   WUser.obj
 0001:000388f0       ?DuplicateProcessHandle@@YAPEAXK@Z 00000001800398f0 f   WUser.obj
 0001:00038980       ?FindComspec@@YAXPEAUConEmuComspec@@_N@Z 0000000180039980 f   WUser.obj
 0001:00039570       ?UpdateComspec@@YAXPEAUConEmuComspec@@_N@Z 000000018003a570 f   WUser.obj
 0001:000399b0       ?SetEnvVarExpanded@@YAXPEB_W0@Z 000000018003a9b0 f   WUser.obj
 0001:00039c00       wcsrchr                    000000018003ac00 f   libCRT64:strrchr.obj
 0001:00039c30       wcschr                     000000018003ac30 f   libCRT64:strchr.obj
 0001:00039c50       strpbrk                    000000018003ac50 f   libCRT64:strpbrk.obj
 0001:00039cf0       wcspbrk                    000000018003acf0 f   libCRT64:strpbrk.obj
 0001:00039d40       wcsncmp                    000000018003ad40 f   libCRT64:strncmp.obj
 0001:00039d80       strrchr                    000000018003ad80 f   libCRT64:strrchr.obj
 0001:00039db0       wcsstr                     000000018003adb0 f   libCRT64:strstr.obj
 0001:00039e20       memset                     000000018003ae20 f   libCRT64:memset.obj
 0001:00039e50       memmove                    000000018003ae50 f   libCRT64:memmove.obj
 0001:00039eb0       memcpy                     000000018003aeb0 f   libCRT64:memcpy.obj
 0001:00039ee0       memcmp                     000000018003aee0 f   libCRT64:memcmp.obj
 0001:00039f10       iswdigit                   000000018003af10 f i libCRT64:strtol.obj
 0001:00039f20       iswspace                   000000018003af20 f i libCRT64:strtol.obj
 0001:0003a110       wcstol                     000000018003b110 f   libCRT64:strtol.obj
 0001:0003a120       wcstoul                    000000018003b120 f   libCRT64:strtol.obj
 0001:0003a130       strchr                     000000018003b130 f   libCRT64:strchr.obj
 0001:0003a148       lstrlenW                   000000018003b148 f   kernel32:KERNEL32.dll
 0001:0003a14e       SetEnvironmentVariableW    000000018003b14e f   kernel32:KERNEL32.dll
 0001:0003a154       lstrcpynW                  000000018003b154 f   kernel32:KERNEL32.dll
 0001:0003a15a       lstrcmpiW                  000000018003b15a f   kernel32:KERNEL32.dll
 0001:0003a160       lstrcmpW                   000000018003b160 f   kernel32:KERNEL32.dll
 0001:0003a166       GetCurrentDirectoryW       000000018003b166 f   kernel32:KERNEL32.dll
 0001:0003a16c       SearchPathW                000000018003b16c f   kernel32:KERNEL32.dll
 0001:0003a172       GetProcAddress             000000018003b172 f   kernel32:KERNEL32.dll
 0001:0003a178       GetModuleHandleW           000000018003b178 f   kernel32:KERNEL32.dll
 0001:0003a17e       GetModuleFileNameW         000000018003b17e f   kernel32:KERNEL32.dll
 0001:0003a184       SetNamedPipeHandleState    000000018003b184 f   kernel32:KERNEL32.dll
 0001:0003a18a       GetCurrentProcessId        000000018003b18a f   kernel32:KERNEL32.dll
 0001:0003a190       Sleep                      000000018003b190 f   kernel32:KERNEL32.dll
 0001:0003a196       SetLastError               000000018003b196 f   kernel32:KERNEL32.dll
 0001:0003a19c       WaitNamedPipeW             000000018003b19c f   kernel32:KERNEL32.dll
 0001:0003a1a2       WaitForSingleObject        000000018003b1a2 f   kernel32:KERNEL32.dll
 0001:0003a1a8       GetLastError               000000018003b1a8 f   kernel32:KERNEL32.dll
 0001:0003a1ae       CreateFileW                000000018003b1ae f   kernel32:KERNEL32.dll
 0001:0003a1b4       GetTickCount               000000018003b1b4 f   kernel32:KERNEL32.dll
 0001:0003a1ba       IsDebuggerPresent          000000018003b1ba f   kernel32:KERNEL32.dll
 0001:0003a1c0       GetCurrentThreadId         000000018003b1c0 f   kernel32:KERNEL32.dll
 0001:0003a1c6       ReadFile                   000000018003b1c6 f   kernel32:KERNEL32.dll
 0001:0003a1cc       CloseHandle                000000018003b1cc f   kernel32:KERNEL32.dll
 0001:0003a1d2       TransactNamedPipe          000000018003b1d2 f   kernel32:KERNEL32.dll
 0001:0003a1d8       WriteFile                  000000018003b1d8 f   kernel32:KERNEL32.dll
 0001:0003a1de       GetConsoleWindow           000000018003b1de f   kernel32:KERNEL32.dll
 0001:0003a1e4       UnmapViewOfFile            000000018003b1e4 f   kernel32:KERNEL32.dll
 0001:0003a1ea       MapViewOfFile              000000018003b1ea f   kernel32:KERNEL32.dll
 0001:0003a1f0       OpenFileMappingW           000000018003b1f0 f   kernel32:KERNEL32.dll
 0001:0003a1f6       LoadLibraryW               000000018003b1f6 f   kernel32:KERNEL32.dll
 0001:0003a1fc       CreateFileMappingW         000000018003b1fc f   kernel32:KERNEL32.dll
 0001:0003a202       VirtualProtect             000000018003b202 f   kernel32:KERNEL32.dll
 0001:0003a208       lstrcpyW                   000000018003b208 f   kernel32:KERNEL32.dll
 0001:0003a20e       MultiByteToWideChar        000000018003b20e f   kernel32:KERNEL32.dll
 0001:0003a214       lstrcpynA                  000000018003b214 f   kernel32:KERNEL32.dll
 0001:0003a21a       lstrlenA                   000000018003b21a f   kernel32:KERNEL32.dll
 0001:0003a220       WideCharToMultiByte        000000018003b220 f   kernel32:KERNEL32.dll
 0001:0003a226       lstrcpyA                   000000018003b226 f   kernel32:KERNEL32.dll
 0001:0003a22c       Module32NextW              000000018003b22c f   kernel32:KERNEL32.dll
 0001:0003a232       Module32FirstW             000000018003b232 f   kernel32:KERNEL32.dll
 0001:0003a238       CreateToolhelp32Snapshot   000000018003b238 f   kernel32:KERNEL32.dll
 0001:0003a23e       GetConsoleCursorInfo       000000018003b23e f   kernel32:KERNEL32.dll
 0001:0003a244       GetConsoleScreenBufferInfo 000000018003b244 f   kernel32:KERNEL32.dll
 0001:0003a24a       GetStdHandle               000000018003b24a f   kernel32:KERNEL32.dll
[...]
 0003:00003390       ?gNullDesc@@3PEAVMNullDesc@@EA 0000000180059390     MSecurity.obj
 0003:00003398       ?gbNeedBgActivate@@3HA     0000000180059398     PluginBackground.obj
 0003:0000339c       ?gbBgPluginsAllowed@@3HA   000000018005939c     PluginBackground.obj
 0003:000033a0       ?gpBgPlugin@@3PEAVCPluginBackground@@EA 00000001800593a0     PluginBackground.obj
 0003:000033b0       ?gszPluginServerPipe@@3PA_WA 00000001800593b0     PluginSrv.obj
 0003:000035b8       ?gpPlugServer@@3PEAU?$PipeServer@UCESERVER_REQ@@@@EA 00000001800595b8     PluginSrv.obj
 0003:000035c0       ?ghServerTerminateEvent@@3PEAXEA 00000001800595c0     PluginSrv.obj
 0003:000035c8       ?gbForcedServerTermination@@3_NA 00000001800595c8     PluginSrv.obj
 0003:000035d0       ?gpConsoleInfoStr@@3PEAU_CONSOLE_INFO@@EA 00000001800595d0     WConsole.obj
 0003:000035d8       ?ghConsoleSection@@3PEAXEA 00000001800595d8     WConsole.obj
 0003:000035e0       ?g_LastSetConsoleFont@@3UMY_CONSOLE_FONT_INFOEX@@A 00000001800595e0     WConsole.obj
 0003:00003698       ?gfnSearchAppPaths@@3P6A_NPEB_WAEAUCmdArg@@_NPEAU1@@ZEA 0000000180059698     WObjects.obj
 0003:0000bf20       ?g_ThreadsIdx@@3JA         0000000180061f20     WThreads.obj
 0003:0000bf30       _aenvptr                   0000000180061f30     LIBCMT:dllcrt0.obj
 0003:0000bf38       _wenvptr                   0000000180061f38     LIBCMT:dllcrt0.obj
 0003:0000bf40       __error_mode               0000000180061f40     LIBCMT:dllcrt0.obj
 0003:0000bf44       __app_type                 0000000180061f44     LIBCMT:dllcrt0.obj
 0003:0000bf48       _umaskval                  0000000180061f48     LIBCMT:crt0dat.obj
 0003:0000bf4c       _osplatform                0000000180061f4c     LIBCMT:crt0dat.obj
 0003:0000bf50       _osver                     0000000180061f50     LIBCMT:crt0dat.obj
 0003:0000bf54       _winver                    0000000180061f54     LIBCMT:crt0dat.obj
 0003:0000bf58       _winmajor                  0000000180061f58     LIBCMT:crt0dat.obj
 0003:0000bf5c       _winminor                  0000000180061f5c     LIBCMT:crt0dat.obj
 0003:0000bf60       __argc                     0000000180061f60     LIBCMT:crt0dat.obj
 0003:0000bf64       _exitflag                  0000000180061f64     LIBCMT:crt0dat.obj
 0003:0000bf68       __argv                     0000000180061f68     LIBCMT:crt0dat.obj
 0003:0000bf70       __wargv                    0000000180061f70     LIBCMT:crt0dat.obj
 0003:0000bf78       _environ                   0000000180061f78     LIBCMT:crt0dat.obj
 0003:0000bf80       __initenv                  0000000180061f80     LIBCMT:crt0dat.obj
 0003:0000bf88       _wenviron                  0000000180061f88     LIBCMT:crt0dat.obj
 0003:0000bf90       __winitenv                 0000000180061f90     LIBCMT:crt0dat.obj
 0003:0000bf98       _pgmptr                    0000000180061f98     LIBCMT:crt0dat.obj
 0003:0000bfa0       _wpgmptr                   0000000180061fa0     LIBCMT:crt0dat.obj
 0003:0000bfa8       _C_Termination_Done        0000000180061fa8     LIBCMT:crt0dat.obj
 0003:0000bfac       _C_Exit_Done               0000000180061fac     LIBCMT:crt0dat.obj
 0003:0000c0b8       _crtheap                   00000001800620b8     LIBCMT:heapinit.obj
 0003:0000c610       ?__pInconsistency@@3P6AXXZEA 0000000180062610     LIBCMT:hooks.obj
 0003:0000c648       ?_pnhHeap@@3P6AH_K@ZEA     0000000180062648     LIBCMT:handler.obj
 0003:0000c650       __locale_changed           0000000180062650     LIBCMT:setlocal.obj
 0003:0000c658       __lc_handle                0000000180062658     LIBCMT:nlsdata2.obj
 0003:0000c670       __lc_codepage              0000000180062670     LIBCMT:nlsdata2.obj
 0003:0000c674       __lc_collate_cp            0000000180062674     LIBCMT:nlsdata2.obj
 0003:0000c680       __mbulinfo                 0000000180062680     LIBCMT:mbctype.obj
 0003:0000c68c       __mbcodepage               000000018006268c     LIBCMT:mbctype.obj
 0003:0000c690       __ismbcodepage             0000000180062690     LIBCMT:mbctype.obj
 0003:0000c694       __mblcid                   0000000180062694     LIBCMT:mbctype.obj
 0003:0000c698       _maxwait                   0000000180062698     LIBCMT:crtheap.obj
 0003:0000c69c       _newmode                   000000018006269c     LIBCMT:_newmode.obj
 0003:0000cc38       __lconv_static_null        0000000180062c38     LIBCMT:lconv.obj
 0003:0000cc3c       __lconv_static_W_null      0000000180062c3c     LIBCMT:lconv.obj
 0003:0000ccfc       __setlc_active             0000000180062cfc     <common>
 0003:0000cd00       __unguarded_readlc_active  0000000180062d00     <common>
 0003:0000cd04       _nhandle                   0000000180062d04     <common>
 0003:0000cd20       __pioinfo                  0000000180062d20     <common>
 0003:0000cf20       __env_initialized          0000000180062f20     <common>
 0003:0000cf28       __onexitend                0000000180062f28     <common>
 0003:0000cf30       __onexitbegin              0000000180062f30     <common>
 0003:0000cf38       __mbctype_initialized      0000000180062f38     <common>
 0003:0000cf40       _FPinit                    0000000180062f40     <common>
 0003:0000cf48       __initenv_end              0000000180062f48     <common>
 0003:0000cf50       __winitenv_end             0000000180062f50     <common>
 0003:0000cf58       __dyn_tls_init_callback    0000000180062f58     <common>
 0003:0000cf60       _acmdln                    0000000180062f60     <common>
 0003:0000cf68       _pRawDllMain               0000000180062f68     <common>
 0003:0000cf70       _pDestructExceptionObject  0000000180062f70     <common>

 entry point at        0001:0003ac9c

 Static symbols

 0001:000006b0       ?StringValidateDestW@@YAJPEB_W_K_K@Z 00000001800016b0 f   CmdArg.obj
 0001:000006f0       ?StringCopyWorkerW@@YAJPEA_W_KPEA_KPEB_W1@Z 00000001800016f0 f   CmdArg.obj
 0001:000050d0       ?StringValidateDestW@@YAJPEB_W_K_K@Z 00000001800060d0 f   ConEmuCheck.obj
 0001:00005110       ?StringCopyWorkerW@@YAJPEA_W_KPEA_KPEB_W1@Z 0000000180006110 f   ConEmuCheck.obj
 0001:00007320       ?StringValidateDestW@@YAJPEB_W_K_K@Z 0000000180008320 f   ConEmuCheckEx.obj
 0001:00007360       ?StringCopyWorkerW@@YAJPEA_W_KPEA_KPEB_W1@Z 0000000180008360 f   ConEmuCheckEx.obj
 0001:00007570       ?StringValidateDestAndLengthW@@YAJPEB_W_KPEA_K_K@Z 0000000180008570 f   ConEmuCheckEx.obj
 0001:000075e0       ?StringLengthWorkerW@@YAJPEB_W_KPEA_K@Z 00000001800085e0 f   ConEmuCheckEx.obj
 0001:00007e40       ?StringValidateDestW@@YAJPEB_W_K_K@Z 0000000180008e40 f   ConEmuInjects.obj
 0001:00007e80       ?StringCopyWorkerW@@YAJPEA_W_KPEA_KPEB_W1@Z 0000000180008e80 f   ConEmuInjects.obj
 0001:00008c20       ?ChangeExports@@YA_NPEBUExportFunc@@PEAUHINSTANCE__@@@Z 0000000180009c20 f   ConEmuPlugin.obj
 0001:0000c9d0       ?GetFarSetting@@YAHPEAX_KPEB_W@Z 000000018000d9d0 f   ConEmuPlugin1900.obj
 0001:0000cd40       ?CallGuiMacroProc@@YAXXZ   000000018000dd40 f   ConEmuPlugin1900.obj
 0001:0000d190       ?CallGuiMacroDlg@@YA_JPEAXHH0@Z 000000018000e190 f   ConEmuPlugin1900.obj
 0001:0000d890       ?MAKEFARVERSION@@YA?AUVersionInfo@@KKKKW4VERSION_STAGE@@@Z 000000018000e890 f   ConEmuPlugin2800.obj
 0001:0000f5d0       ?WExists@@YA_JAEBUWindowInfo@@AEBV?$MArray@UWindowInfo@@@@@Z 00000001800105d0 f   ConEmuPlugin2800.obj
 0001:00010b60       ?GetFarSetting@@YAHPEAX_KPEB_W@Z 0000000180011b60 f   ConEmuPlugin2800.obj
 0001:00010ef0       ?CallGuiMacroProc@@YAXXZ   0000000180011ef0 f   ConEmuPlugin2800.obj
 0001:00011330       ?CallGuiMacroDlg@@YA_JPEAX_J10@Z 0000000180012330 f   ConEmuPlugin2800.obj
 0001:00011950       ?FreeMacroResult@@YAXPEAXPEAUFarMacroValue@@_K@Z 0000000180012950 f   ConEmuPlugin2800.obj
 0001:000145e0       ?CallGuiMacroProc@@YAXXZ   00000001800155e0 f   ConEmuPlugin995.obj
 0001:000149e0       ?CallGuiMacroDlg@@YA_JPEAXHH_J@Z 00000001800159e0 f   ConEmuPlugin995.obj
 0001:00017010       ?CallGuiMacroProc@@YAXXZ   0000000180018010 f   ConEmuPluginA.obj
 0001:00017430       ?CallGuiMacroDlg@@YA_JPEAXHH_J@Z 0000000180018430 f   ConEmuPluginA.obj
 0001:000183b0       ?LoadFarVersion@@YA_NAEAUFarVersion@@AEAY0CAA@_W@Z 00000001800193b0 f   ConEmuPluginBase.obj
 0001:00018450       ?SetDefaultFarVersion@@YAXAEAUFarVersion@@@Z 0000000180019450 f   ConEmuPluginBase.obj
 0001:000184b0       ?LoadFarVersion@@YA_NPEB_WAEAUFarVersion@@AEAY0CAA@_W@Z 00000001800194b0 f   ConEmuPluginBase.obj
 0001:00018520       ?LoadAppVersion@@YA_NPEB_WAEAUtagVS_FIXEDFILEINFO@@AEAY0CAA@_W@Z 0000000180019520 f   ConEmuPluginBase.obj
 0001:00018560       ?LoadModuleVersion@@YA_NPEB_WAEAUtagVS_FIXEDFILEINFO@@PEA_W_K@Z 0000000180019560 f   ConEmuPluginBase.obj
 0001:00018840       ?StringValidateDestW@@YAJPEB_W_K_K@Z 0000000180019840 f   ConEmuPluginBase.obj
 0001:00018880       ?StringValidateDestAndLengthW@@YAJPEB_W_KPEA_K_K@Z 0000000180019880 f   ConEmuPluginBase.obj
 0001:000188f0       ?StringLengthWorkerW@@YAJPEB_W_KPEA_K@Z 00000001800198f0 f   ConEmuPluginBase.obj
 0001:00018990       ?StringCopyWorkerW@@YAJPEA_W_KPEA_KPEB_W1@Z 0000000180019990 f   ConEmuPluginBase.obj
 0001:00018a80       ?ConvertVersionToFarVersion@@YAXAEBUtagVS_FIXEDFILEINFO@@AEAUFarVersion@@@Z 0000000180019a80 f   ConEmuPluginBase.obj
 0001:00025670       ?StringValidateDestW@@YAJPEB_W_K_K@Z 0000000180026670 f   Execute.obj
 0001:000256b0       ?StringCopyWorkerW@@YAJPEA_W_KPEA_KPEB_W1@Z 00000001800266b0 f   Execute.obj
 0001:00025c80       ?StringValidateDestA@@YAJPEBD_K_K@Z 0000000180026c80 f   Memory.obj
 0001:00025cc0       ?StringCopyWorkerA@@YAJPEAD_KPEA_KPEBD1@Z 0000000180026cc0 f   Memory.obj
 0001:00025e40       ?StringValidateDestW@@YAJPEB_W_K_K@Z 0000000180026e40 f   Memory.obj
 0001:00025e80       ?StringCopyWorkerW@@YAJPEA_W_KPEA_KPEB_W1@Z 0000000180026e80 f   Memory.obj
 0001:00026520       ?FindMonitor@impl@?L@??MonitorFromParam@@YAPEAUHMONITOR__@@PEB_W@Z@SAHPEAU3@PEAUHDC__@@PEAUtagRECT@@_J@Z 0000000180027520 f   Monitors.obj
 0001:0002d200       ?StringValidateDestW@@YAJPEB_W_K_K@Z 000000018002e200 f   PluginBackground.obj
 0001:0002d240       ?StringCopyWorkerW@@YAJPEA_W_KPEA_KPEB_W1@Z 000000018002e240 f   PluginBackground.obj
 0001:00030860       ?StringValidateDestW@@YAJPEB_W_K_K@Z 0000000180031860 f   PluginSrv.obj
 0001:000308a0       ?StringCopyWorkerW@@YAJPEA_W_KPEA_KPEB_W1@Z 00000001800318a0 f   PluginSrv.obj
 0001:000353f0       ?StringValidateDestW@@YAJPEB_W_K_K@Z 00000001800363f0 f   WObjects.obj
 0001:00035430       ?StringCopyWorkerW@@YAJPEA_W_KPEA_KPEB_W1@Z 0000000180036430 f   WObjects.obj
 0001:00035be0       ?CheckRegKeyExist@@YA_NPEAURegKeyExistArg@@@Z 0000000180036be0 f   WObjects.obj
 0001:00037590       ?StringValidateDestAndLengthW@@YAJPEB_W_KPEA_K_K@Z 0000000180038590 f   WObjects.obj
 0001:00037600       ?StringLengthWorkerW@@YAJPEB_W_KPEA_K@Z 0000000180038600 f   WObjects.obj
 0001:00039ad0       ?StringValidateDestW@@YAJPEB_W_K_K@Z 000000018003aad0 f   WUser.obj
 0001:00039b10       ?StringCopyWorkerW@@YAJPEA_W_KPEA_KPEB_W1@Z 000000018003ab10 f   WUser.obj
 0001:00039f40       ?strtoxl@@YAKPEB_WPEAPEA_WHH@Z 000000018003af40 f   libCRT64:strtol.obj
 0001:0003aacc       __DllMainCRTStartup        000000018003bacc f   LIBCMT:dllcrt0.obj
 0001:0003adf0       xcptlookup                 000000018003bdf0 f   LIBCMT:winxfltr.obj
 0001:0003b0f4       _initterm                  000000018003c0f4 f   LIBCMT:crt0dat.obj
 0001:0003b2cc       doexit                     000000018003c2cc f   LIBCMT:crt0dat.obj
 0001:0003bed4       parse_cmdline              000000018003ced4 f   LIBCMT:stdargv.obj
 0001:0003cca4       ctrlevent_capture          000000018003dca4 f   LIBCMT:winsig.obj
 0001:0003cd3c       siglookup                  000000018003dd3c f   LIBCMT:winsig.obj
 0001:0003d7a0       _copytlocinfo_nolock       000000018003e7a0 f   LIBCMT:setlocal.obj
 0001:0003d7d4       _updatetlocinfoEx_nolock   000000018003e7d4 f   LIBCMT:setlocal.obj
 0001:0003d924       sync_legacy_variables_lk   000000018003e924 f   LIBCMT:setlocal.obj
 0001:0003dd20       _setlocale_get_all         000000018003ed20 f   LIBCMT:setlocal.obj
 0001:0003e16c       _setlocale_set_cat         000000018003f16c f   LIBCMT:setlocal.obj
 0001:0003e470       _setlocale_nolock          000000018003f470 f   LIBCMT:setlocal.obj
 0001:0003ea3c       ?CPtoLCID@@YAHH@Z          000000018003fa3c f   LIBCMT:mbctype.obj
 0001:0003ea70       ?setSBCS@@YAXPEAUthreadmbcinfostruct@@@Z 000000018003fa70 f   LIBCMT:mbctype.obj
 0001:0003eb04       ?setSBUpLow@@YAXPEAUthreadmbcinfostruct@@@Z 000000018003fb04 f   LIBCMT:mbctype.obj
 0001:0003ee7c       ?getSystemCP@@YAHH@Z       000000018003fe7c f   LIBCMT:mbctype.obj
 0001:0003f678       ?x_ismbbtype_l@@YAHPEAUlocaleinfo_struct@@IHH@Z 0000000180040678 f   LIBCMT:ismbbyte.obj
 0001:0003ffb8       _get_lc_time               0000000180040fb8 f   LIBCMT:inittime.obj
 0001:00041060       fix_grouping               0000000180042060 f   LIBCMT:initnum.obj
 0001:00041374       fix_grouping               0000000180042374 f   LIBCMT:initmon.obj
 0001:00042600       ?_store_str@@YAXPEADPEAPEADPEA_K@Z 0000000180043600 f   LIBCMT:_strftime.obj
 0001:00042624       ?_store_number@@YAXHPEAPEADPEA_K@Z 0000000180043624 f   LIBCMT:_strftime.obj
 0001:00042688       ?_store_num@@YAXHHPEAPEADPEA_KI@Z 0000000180043688 f   LIBCMT:_strftime.obj
 0001:00042764       ?_expandtime@@YAHPEAUlocaleinfo_struct@@DPEBUtm@@PEAPEADPEA_KPEAU__lc_time_data@@I@Z 0000000180043764 f   LIBCMT:_strftime.obj
 0001:00042da0       ?_store_winword@@YAHPEAUlocaleinfo_struct@@HPEBUtm@@PEAPEADPEA_KPEAU__lc_time_data@@@Z 0000000180043da0 f   LIBCMT:_strftime.obj
 0001:00043740       TranslateName              0000000180044740 f   LIBCMT:getqloc.obj
 0001:000437d8       GetLcidFromDefault         00000001800447d8 f   LIBCMT:getqloc.obj
 0001:000437fc       ProcessCodePage            00000001800447fc f   LIBCMT:getqloc.obj
 0001:00043898       TestDefaultCountry         0000000180044898 f   LIBCMT:getqloc.obj
 0001:000438c0       LcidFromHexString          00000001800448c0 f   LIBCMT:getqloc.obj
 0001:000438fc       GetPrimaryLen              00000001800448fc f   LIBCMT:getqloc.obj
 0001:00043918       CountryEnumProc            0000000180044918 f   LIBCMT:getqloc.obj
 0001:00043a00       TestDefaultLanguage        0000000180044a00 f   LIBCMT:getqloc.obj
 0001:00043ac4       LangCountryEnumProc        0000000180044ac4 f   LIBCMT:getqloc.obj
 0001:00043d74       LanguageEnumProc           0000000180044d74 f   LIBCMT:getqloc.obj
 0001:00043e84       GetLcidFromCountry         0000000180044e84 f   LIBCMT:getqloc.obj
 0001:00043ed4       GetLcidFromLangCountry     0000000180044ed4 f   LIBCMT:getqloc.obj
 0001:00043f7c       GetLcidFromLanguage        0000000180044f7c f   LIBCMT:getqloc.obj
 0001:000442bc       ?__crtGetStringTypeA_stat@@YAHPEAUlocaleinfo_struct@@KPEBDHPEAGHHH@Z 00000001800452bc f   LIBCMT:_a_str.obj
 0001:00044578       ?strncnt@@YAHPEBDH@Z       0000000180045578 f   LIBCMT:_a_map.obj
 0001:00044594       ?__crtLCMapStringA_stat@@YAHPEAUlocaleinfo_struct@@KKPEBDHPEADHHH@Z 0000000180045594 f   LIBCMT:_a_map.obj
 0001:00044fa8       _tzset_nolock              0000000180045fa8 f   LIBCMT:tzset.obj
 0001:00045454       cvtdate                    0000000180046454 f   LIBCMT:tzset.obj
 0001:0004570c       _isindst_nolock            000000018004670c f   LIBCMT:tzset.obj
 0001:0004605c       xtoa_s                     000000018004705c f   LIBCMT:xtoas.obj
 0001:000461c4       x64toa_s                   00000001800471c4 f   LIBCMT:xtoas.obj
 0001:000464d0       ?__crtGetLocaleInfoA_stat@@YAHPEAUlocaleinfo_struct@@KKPEADHH@Z 00000001800474d0 f   LIBCMT:_a_loc.obj
 0001:0004676c       _getenv_s_helper           000000018004776c f   LIBCMT:getenv.obj
 0001:00046840       _dupenv_s_helper           0000000180047840 f   LIBCMT:getenv.obj
 0001:00046ec4       ?strtoxlX@@YAKPEAUlocaleinfo_struct@@PEBDPEAPEBDHHH@Z 0000000180047ec4 f   LIBCMT:_strtol.obj
 0001:00047190       ?strtoxl@@YAKPEAUlocaleinfo_struct@@PEBDPEAPEBDHH@Z 0000000180048190 f   LIBCMT:_strtol.obj
 0001:0004726c       ?strtoxq@@YA_KPEAUlocaleinfo_struct@@PEBDPEAPEBDHH@Z 000000018004826c f   LIBCMT:_strtoq.obj
 0001:000477a8       ?__crtGetStringTypeW_stat@@YAHPEAUlocaleinfo_struct@@KPEBGHPEAGHH@Z 00000001800487a8 f   LIBCMT:_w_str.obj
 0001:000479c4       ?strncnt@@YAHPEBDH@Z       00000001800489c4 f   LIBCMT:_a_cmp.obj
 0001:000479e0       ?__crtCompareStringA_stat@@YAHPEAUlocaleinfo_struct@@KKPEBDH1HH@Z 00000001800489e0 f   LIBCMT:_a_cmp.obj
 0001:00047ef0       findenv                    0000000180048ef0 f   LIBCMT:setenv.obj
 0001:00047f74       copy_environ               0000000180048f74 f   LIBCMT:setenv.obj
 0001:000486c0       ?filt$0@?0??SetThreadName@@YAXKPEAD@Z@4HA 00000001800496c0 f   WThreads.obj
 0001:000486d4       __DllMainCRTStartup$filt$0 00000001800496d4 f   LIBCMT:dllcrt0.obj
 0001:00048734       __DllMainCRTStartup$filt$1 0000000180049734 f   LIBCMT:dllcrt0.obj
 0001:00048794       __DllMainCRTStartup$filt$2 0000000180049794 f   LIBCMT:dllcrt0.obj
 0001:000487f4       __DllMainCRTStartup$filt$3 00000001800497f4 f   LIBCMT:dllcrt0.obj
 0001:00048854       __DllMainCRTStartup$filt$4 0000000180049854 f   LIBCMT:dllcrt0.obj
 0001:000488b4       __DllMainCRTStartup$filt$5 00000001800498b4 f   LIBCMT:dllcrt0.obj
 0001:00048914       __DllMainCRTStartup$filt$6 0000000180049914 f   LIBCMT:dllcrt0.obj
 0001:00048974       __DllMainCRTStartup$filt$7 0000000180049974 f   LIBCMT:dllcrt0.obj
 0001:000489d0       _IsNonwritableInCurrentImage$filt$0 00000001800499d0 f   LIBCMT:pesect.obj
 0001:000489f1       doexit$fin$0               00000001800499f1 f   LIBCMT:crt0dat.obj
 0001:00048a10       _initptd$fin$0             0000000180049a10 f   LIBCMT:tidtable.obj
 0001:00048a29       _freefls$fin$1             0000000180049a29 f   LIBCMT:tidtable.obj
 0001:00048a49       _freefls$fin$0             0000000180049a49 f   LIBCMT:tidtable.obj
 0001:00048a62       _mtinitlocknum$fin$0       0000000180049a62 f   LIBCMT:mlock.obj
 0001:00048a7e       ctrlevent_capture$fin$0    0000000180049a7e f   LIBCMT:winsig.obj
 0001:00048a94       signal$fin$0               0000000180049a94 f   LIBCMT:winsig.obj
 0001:00048aaa       raise$fin$0                0000000180049aaa f   LIBCMT:winsig.obj
 0001:00048ac6       __updatetlocinfo$fin$0     0000000180049ac6 f   LIBCMT:setlocal.obj
 0001:00048adf       _free_locale$fin$0         0000000180049adf f   LIBCMT:setlocal.obj
 0001:00048af8       _get_current_locale$fin$0  0000000180049af8 f   LIBCMT:setlocal.obj
 0001:00048b11       setlocale$fin$1            0000000180049b11 f   LIBCMT:setlocal.obj
 0001:00048b31       setlocale$fin$0            0000000180049b31 f   LIBCMT:setlocal.obj
 0001:00048b51       setlocale$fin$2            0000000180049b51 f   LIBCMT:setlocal.obj
 0001:00048b6b       __updatetmbcinfo$fin$0     0000000180049b6b f   LIBCMT:mbctype.obj
 0001:00048b84       _setmbcp$fin$0             0000000180049b84 f   LIBCMT:mbctype.obj
 0001:00048b9d       _tzset_nolock$fin$0        0000000180049b9d f   LIBCMT:tzset.obj
 0001:00048bb6       __tzset$fin$0              0000000180049bb6 f   LIBCMT:tzset.obj
 0001:00048bcf       _tzset$fin$0               0000000180049bcf f   LIBCMT:tzset.obj
 0001:00048be8       _isindst$fin$0             0000000180049be8 f   LIBCMT:tzset.obj
 0001:00048c01       getenv$fin$0               0000000180049c01 f   LIBCMT:getenv.obj
 0001:00048c1a       getenv_s$fin$0             0000000180049c1a f   LIBCMT:getenv.obj
 0001:00048c33       _dupenv_s$fin$0            0000000180049c33 f   LIBCMT:getenv.obj
 0001:00048c50       ??__EhkFunc@@YAXXZ         0000000180049c50 f   HkFunc.obj
