 ConEmu.x64

 Timestamp is 5663a477 (Sun Dec 06 05:59:03 2015)

 Preferred load address is 0000000180000000

 Start         Length     Name                   Class
 0001:00000000 0004879eH .text                   CODE
 0001:000487a0 0000005eH .text$00                CODE
 0001:00048800 0000058cH .text$x                 CODE
 0001:00048d90 00000015H .text$yc                CODE
 0002:00000000 000007d8H .idata$5                DATA
 0002:000007d8 00000008H .CRT$XCA                DATA
 0002:000007e0 00000008H .CRT$XCU                DATA
 0002:000007e8 00000008H .CRT$XCZ                DATA
 0002:000007f0 00000008H .CRT$XIA                DATA
 0002:000007f8 00000008H .CRT$XIC                DATA
 0002:00000800 00000008H .CRT$XIZ                DATA
 0002:00000808 00000008H .CRT$XPA                DATA
 0002:00000810 00000008H .CRT$XPZ                DATA
 0002:00000818 00000008H .CRT$XTA                DATA
 0002:00000820 00000008H .CRT$XTZ                DATA
 0002:00000830 00006bcbH .rdata                  DATA
 0002:000073fc 00000073H .rdata$debug            DATA
 0002:00007470 000028f8H .xdata                  DATA
 0002:00009d68 00000078H .idata$2                DATA
 0002:00009de0 00000014H .idata$3                DATA
 0002:00009df8 000007d8H .idata$4                DATA
 0002:0000a5d0 00001212H .idata$6                DATA
 0002:0000b7f0 000002e1H .edata                  DATA
 0003:00000000 000014bcH .data                   DATA
 0003:000014c0 0000bab8H .bss                    DATA
 0004:00000000 00002d0cH .pdata                  DATA
 0005:00000000 00000058H .rsrc$01                DATA
 0005:00000060 000002d8H .rsrc$02                DATA

  Address         Publics by Value              Rva+Base               Lib:Object

 0000:00000000       ___safe_se_handler_count   0000000000000000     <absolute>
 0000:00000000       ___safe_se_handler_table   0000000000000000     <absolute>
 0000:00000000       __ImageBase                0000000180000000     <linker-defined>
 0001:00000000       ??0CmdArg@@QEAA@XZ         0000000180001000 f   CmdArg.obj
 0001:00000050       ??0CmdArg@@QEAA@PEA_W@Z    0000000180001050 f   CmdArg.obj
 0001:000000c0       ??BCmdArg@@QEBAPEB_WXZ     00000001800010c0 f   CmdArg.obj
 0001:000000d0       ?Right@CmdArg@@QEBAPEB_W_J@Z 00000001800010d0 f   CmdArg.obj
 0001:00000160       ??4CmdArg@@QEAAAEAU0@PEA_W@Z 0000000180001160 f   CmdArg.obj
 0001:00000190       ??4CmdArg@@QEAAAEAU0@PEB_W@Z 0000000180001190 f   CmdArg.obj
 0001:000001c0       ??1CmdArg@@QEAA@XZ         00000001800011c0 f   CmdArg.obj
 0001:00000240       ?GetBuffer@CmdArg@@QEAAPEA_W_J@Z 0000000180001240 f   CmdArg.obj
 0001:000003a0       ?Detach@CmdArg@@QEAAPEA_WXZ 00000001800013a0 f   CmdArg.obj
 0001:000003e0       ?Attach@CmdArg@@QEAAPEB_WPEA_W@Z 00000001800013e0 f   CmdArg.obj
 0001:00000410       ?AttachInt@CmdArg@@AEAAPEB_WAEAPEA_W@Z 0000000180001410 f   CmdArg.obj
 0001:000004b0       ?Empty@CmdArg@@QEAAXXZ     00000001800014b0 f   CmdArg.obj
 0001:00000510       ?IsEmpty@CmdArg@@QEAA_NXZ  0000000180001510 f   CmdArg.obj
 0001:00000550       ?Set@CmdArg@@QEAAPEB_WPEB_W_J@Z 0000000180001550 f   CmdArg.obj
 0001:00000620       ?StringCchCopyNW@@YAJPEA_W_KPEB_W1@Z 0000000180001620 f i CmdArg.obj
 0001:000007e0       ?SavePathVar@CmdArg@@QEAAXPEB_W@Z 00000001800017e0 f   CmdArg.obj
 0001:00000840       ?SaveEnvVar@CmdArg@@QEAAXPEB_W0@Z 0000000180001840 f   CmdArg.obj
 0001:000008f0       ?SetAt@CmdArg@@QEAAX_J_W@Z 00000001800018f0 f   CmdArg.obj
 0001:00000940       ?GetPosFrom@CmdArg@@QEAAXAEBU1@@Z 0000000180001940 f   CmdArg.obj
 0001:00000980       ?IsNeedDequote@@YA_NPEB_W_NPEAPEB_W@Z 0000000180001980 f   CmdLine.obj
 0001:00000c30       ?NextArg@@YAHPEAPEB_WAEAUCmdArg@@0@Z 0000000180001c30 f   CmdLine.obj
 0001:000011a0       ?NextLine@@YAHPEAPEB_WAEAUCmdArg@@K@Z 00000001800021a0 f   CmdLine.obj
 0001:00001390       ?AddEndSlash@@YAHPEA_WH@Z  0000000180002390 f   CmdLine.obj
 0001:00001420       ?SkipNonPrintable@@YAPEB_WPEB_W@Z 0000000180002420 f   CmdLine.obj
 0001:00001490       ?CompareFileMask@@YA_NPEB_W0@Z 0000000180002490 f   CmdLine.obj
 0001:000016b0       ?wcschr@@YAPEA_WPEA_W_W@Z  00000001800026b0 f i CmdLine.obj
 0001:000016e0       ?GetDrive@@YAPEB_WPEB_WPEA_WH@Z 00000001800026e0 f   CmdLine.obj
 0001:00001990       ?GetDirectory@@YAHAEAUCmdArg@@@Z 0000000180002990 f   CmdLine.obj
 0001:00001a30       ?IsNeedCmd@@YA_NHPEB_WAEAUCmdArg@@PEAPEB_WPEAH333@Z 0000000180002a30 f   CmdLine.obj
 0001:000025b0       ?Disable@MWow64Disable@@QEAAXXZ 00000001800035b0 f i CmdLine.obj
 0001:000025f0       ??0MWow64Disable@@QEAA@XZ  00000001800035f0 f i CmdLine.obj
 0001:00002690       ??1MWow64Disable@@QEAA@XZ  0000000180003690 f i CmdLine.obj
 0001:000026b0       ?Restore@MWow64Disable@@QEAAXXZ 00000001800036b0 f i CmdLine.obj
 0001:00002700       ?IsExecutable@@YA_NPEB_WPEAPEA_W@Z 0000000180003700 f   CmdLine.obj
 0001:00002820       ?CompareProcessNames@@YA_NPEB_W0@Z 0000000180003820 f   CmdLine.obj
 0001:00002a20       ?CheckProcessName@@YA_NPEB_WPEAPEB_W@Z 0000000180003a20 f   CmdLine.obj
 0001:00002ba0       ?IsConsoleService@@YA_NPEB_W@Z 0000000180003ba0 f   CmdLine.obj
 0001:00002be0       ?IsConsoleServer@@YA_NPEB_W@Z 0000000180003be0 f   CmdLine.obj
 0001:00002c20       ?IsTerminalServer@@YA_NPEB_W@Z 0000000180003c20 f   CmdLine.obj
 0001:00002c90       ?IsGitBashHelper@@YA_NPEB_W@Z 0000000180003c90 f   CmdLine.obj
 0001:00002cd0       ?IsFarExe@@YA_NPEB_W@Z     0000000180003cd0 f   CmdLine.obj
 0001:00002d10       ?IsCmdProcessor@@YA_NPEB_W@Z 0000000180003d10 f   CmdLine.obj
 0001:00002d50       ?IsQuotationNeeded@@YA_NPEB_W@Z 0000000180003d50 f   CmdLine.obj
 0001:00002da0       ?MergeCmdLine@@YAPEA_WPEB_W0@Z 0000000180003da0 f   CmdLine.obj
 0001:00002e80       ?JoinPath@@YAPEA_WPEB_W00@Z 0000000180003e80 f   CmdLine.obj
 0001:000030d0       ?IsFilePath@@YA_NPEB_W_N@Z 00000001800040d0 f   CmdLine.obj
 0001:000032d0       ?PointToName@@YAPEB_WPEB_W@Z 00000001800042d0 f   CmdLine.obj
 0001:00003380       ?PointToName@@YAPEBDPEBD@Z 0000000180004380 f   CmdLine.obj
 0001:00003430       ?PointToExt@@YAPEB_WPEB_W@Z 0000000180004430 f   CmdLine.obj
 0001:00003480       ?Unquote@@YAPEB_WPEA_W_N@Z 0000000180004480 f   CmdLine.obj
 0001:00003530       ?wcsrchr@@YAPEA_WPEA_W_W@Z 0000000180004530 f i CmdLine.obj
 0001:00003560       ?IsNewConsoleArg@@YA_NPEB_W0@Z 0000000180004560 f   CmdLine.obj
 0001:00003680       ?PackInputRecord@@YAHPEBU_INPUT_RECORD@@PEAUMsgStr@MSG64@@@Z 0000000180004680 f   Common.obj
 0001:00003930       ?UnpackInputRecord@@YAHPEBUMsgStr@MSG64@@PEAU_INPUT_RECORD@@@Z 0000000180004930 f   Common.obj
 0001:00003c20       ?TranslateKeyPress@@YAXGK_WHPEAU_INPUT_RECORD@@1@Z 0000000180004c20 f   Common.obj
 0001:00003e70       ?GetCommand@CESERVER_REQ_NEWCMD@@QEAAPEA_WXZ 0000000180004e70 f   Common.obj
 0001:00003ec0       ?GetEnvStrings@CESERVER_REQ_NEWCMD@@QEAAPEA_WXZ 0000000180004ec0 f   Common.obj
 0001:00003f10       ?SetCommand@CESERVER_REQ_NEWCMD@@QEAAXPEB_W@Z 0000000180004f10 f   Common.obj
 0001:00003fb0       ?SetEnvStrings@CESERVER_REQ_NEWCMD@@QEAAXPEB_WK@Z 0000000180004fb0 f   Common.obj
 0001:00004150       ?IsEnvBlockVariableValid@@YA_NPEB_WAEAPEB_W@Z 0000000180005150 f   Common.obj
 0001:000041c0       ?IsEnvBlockVariableValid@@YA_NPEB_W@Z 00000001800051c0 f   Common.obj
 0001:00004210       ?CommonShutdown@@YAXXZ     0000000180005210 f   Common.obj
 0001:00004240       ?ModuleName@@YAPEB_WPEB_W@Z 0000000180005240 f   ConEmuCheck.obj
 0001:00004330       ?ExecuteOpenPipe@@YAPEAXPEB_WAEAY0CAI@_W0KKHPEAXH@Z 0000000180005330 f   ConEmuCheck.obj
 0001:00004630       ?ExecutePrepareCmd@@YAXPEAUCESERVER_REQ@@K_K@Z 0000000180005630 f   ConEmuCheck.obj
 0001:00004690       ?ExecutePrepareCmd@@YAXPEAUCESERVER_REQ_HDR@@K_K@Z 0000000180005690 f   ConEmuCheck.obj
 0001:00004760       ?ExecuteNewCmd@@YAPEAUCESERVER_REQ@@K_K@Z 0000000180005760 f   ConEmuCheck.obj
 0001:000047d0       ?ExecuteNewCmd@@YA_NAEAPEAUCESERVER_REQ@@AEAKK_K@Z 00000001800057d0 f   ConEmuCheck.obj
 0001:000048a0       ?LoadSrvMapping@@YAHPEAUHWND__@@AEAUCESERVER_CONSOLE_MAPPING_HDR@@@Z 00000001800058a0 f   ConEmuCheck.obj
 0001:00004a10       ?LoadGuiMapping@@YAHKAEAUConEmuGuiMapping@@@Z 0000000180005a10 f   ConEmuCheck.obj
 0001:00004b70       ?ExecuteNewCmdOnCreate@@YAPEAUCESERVER_REQ@@PEAUCESERVER_CONSOLE_MAPPING_HDR@@PEAUHWND__@@W4CmdOnCreateType@@PEB_W33PEAK444HHPEAX55@Z 0000000180005b70 f   ConEmuCheck.obj
 0001:00005060       ?StringCchCopyW@@YAJPEA_W_KPEB_W@Z 0000000180006060 f i ConEmuCheck.obj
 0001:000051f0       ?ExecuteGuiCmd@@YAPEAUCESERVER_REQ@@PEAUHWND__@@PEAU1@0H@Z 00000001800061f0 f   ConEmuCheck.obj
 0001:000052b0       ?ExecuteSrvCmd@@YAPEAUCESERVER_REQ@@KPEAU1@PEAUHWND__@@HKH@Z 00000001800062b0 f   ConEmuCheck.obj
 0001:00005380       ?ExecuteHkCmd@@YAPEAUCESERVER_REQ@@KPEAU1@PEAUHWND__@@HH@Z 0000000180006380 f   ConEmuCheck.obj
 0001:00005450       ?ExecuteCmd@@YAPEAUCESERVER_REQ@@PEB_WPEAU1@KPEAUHWND__@@HKH@Z 0000000180006450 f   ConEmuCheck.obj
 0001:00005850       ?ExecuteFreeResult@@YAXAEAPEAUCESERVER_REQ@@@Z 0000000180006850 f   ConEmuCheck.obj
 0001:00005890       ?AllocateSendCurrentDirectory@@YA_NAEAPEAUCESERVER_REQ@@AEAKPEB_W2@Z 0000000180006890 f   ConEmuCheck.obj
 0001:000059e0       ?SendCurrentDirectory@@YAXPEAUHWND__@@PEB_W1@Z 00000001800069e0 f   ConEmuCheck.obj
 0001:00005a60       ?isConsoleClass@@YA_NPEB_W@Z 0000000180006a60 f   ConEmuCheck.obj
 0001:00005ac0       ?isConsoleWindow@@YA_NPEAUHWND__@@@Z 0000000180006ac0 f   ConEmuCheck.obj
 0001:00005bd0       ?myGetConsoleWindow@@YAPEAUHWND__@@XZ 0000000180006bd0 f   ConEmuCheck.obj
 0001:00005cc0       ?GetConEmuHWND@@YAPEAUHWND__@@H@Z 0000000180006cc0 f   ConEmuCheck.obj
 0001:00005ee0       ??BHWND2@@QEBAPEAUHWND__@@XZ 0000000180006ee0 f i ConEmuCheck.obj
 0001:00005ef0       ??BHWND2@@QEBAKXZ          0000000180006ef0 f i ConEmuCheck.obj
 0001:00005f00       ?ConEmuCheck@@YAHPEAPEAUHWND__@@@Z 0000000180006f00 f   ConEmuCheck.obj
 0001:00005f50       ?GuiMessageBox@@YAHPEAUHWND__@@PEB_W1H@Z 0000000180006f50 f   ConEmuCheck.obj
 0001:00006180       ?InitName@?$MFileMapping@UCESERVER_CONSOLE_MAPPING_HDR@@@@QEAAPEB_WPEB_WKK@Z 0000000180007180 f i ConEmuCheck.obj
 0001:000061e0       ?CloseMap@?$MFileMapping@UCESERVER_CONSOLE_MAPPING_HDR@@@@QEAAXXZ 00000001800071e0 f i ConEmuCheck.obj
 0001:00006270       ?Open@?$MFileMapping@UCESERVER_CONSOLE_MAPPING_HDR@@@@QEAAPEAUCESERVER_CONSOLE_MAPPING_HDR@@HH@Z 0000000180007270 f i ConEmuCheck.obj
 0001:000062a0       ??0?$MFileMapping@UCESERVER_CONSOLE_MAPPING_HDR@@@@QEAA@XZ 00000001800072a0 f i ConEmuCheck.obj
 0001:00006310       ??1?$MFileMapping@UCESERVER_CONSOLE_MAPPING_HDR@@@@QEAA@XZ 0000000180007310 f i ConEmuCheck.obj
 0001:00006340       ?InitName@?$MFileMapping@UConEmuGuiMapping@@@@QEAAPEB_WPEB_WKK@Z 0000000180007340 f i ConEmuCheck.obj
 0001:000063a0       ?CloseMap@?$MFileMapping@UConEmuGuiMapping@@@@QEAAXXZ 00000001800073a0 f i ConEmuCheck.obj
 0001:00006430       ?Open@?$MFileMapping@UConEmuGuiMapping@@@@QEAAPEAUConEmuGuiMapping@@HH@Z 0000000180007430 f i ConEmuCheck.obj
 0001:00006460       ??0?$MFileMapping@UConEmuGuiMapping@@@@QEAA@XZ 0000000180007460 f i ConEmuCheck.obj
 0001:000064d0       ??1?$MFileMapping@UConEmuGuiMapping@@@@QEAA@XZ 00000001800074d0 f i ConEmuCheck.obj
 0001:00006500       ?ClosePtr@?$MFileMapping@UCESERVER_CONSOLE_MAPPING_HDR@@@@QEAAXXZ 0000000180007500 f i ConEmuCheck.obj
 0001:00006540       ?InternalOpenCreate@?$MFileMapping@UCESERVER_CONSOLE_MAPPING_HDR@@@@IEAAPEAUCESERVER_CONSOLE_MAPPING_HDR@@HHH@Z 0000000180007540 f i ConEmuCheck.obj
 0001:000067f0       ?ClosePtr@?$MFileMapping@UConEmuGuiMapping@@@@QEAAXXZ 00000001800077f0 f i ConEmuCheck.obj
 0001:00006830       ?InternalOpenCreate@?$MFileMapping@UConEmuGuiMapping@@@@IEAAPEAUConEmuGuiMapping@@HHH@Z 0000000180007830 f i ConEmuCheck.obj
 0001:00006ae0       ??$wcscpy_c@$0CA@@@YAHAEAY0CA@_WPEB_W@Z 0000000180007ae0 f i ConEmuCheck.obj
 0001:00006b10       ??$wcscpy_c@$0CAI@@@YAHAEAY0CAI@_WPEB_W@Z 0000000180007b10 f i ConEmuCheck.obj
 0001:00006b40       ?LoadGuiMapping@@YAHPEAUHWND__@@AEAUConEmuGuiMapping@@@Z 0000000180007b40 f   ConEmuCheckEx.obj
 0001:00006b90       ?IsConEmuExeExist@@YAHPEB_WAEAY0BAF@_W@Z 0000000180007b90 f   ConEmuCheckEx.obj
 0001:00006c70       ?FindConEmuBaseDir@@YAHAEAY0BAF@_W0PEAUHINSTANCE__@@@Z 0000000180007c70 f   ConEmuCheckEx.obj
 0001:000072e0       ??$wcscpy_c@$0BAF@@@YAHAEAY0BAF@_WPEB_W@Z 00000001800082e0 f i ConEmuCheckEx.obj
 0001:00007440       ??$wcscpy_add@$0BAF@@@YAHPEA_WAEAY0BAF@_WPEB_W@Z 0000000180008440 f i ConEmuCheckEx.obj
 0001:000074b0       ??$wcscat_c@$0BAF@@@YAHAEAY0BAF@_WPEB_W@Z 00000001800084b0 f i ConEmuCheckEx.obj
 0001:000074e0       ?StringCchCatW@@YAJPEA_W_KPEB_W@Z 00000001800084e0 f i ConEmuCheckEx.obj
 0001:00007670       ?StartupHooks@@YA_NPEAUHINSTANCE__@@@Z 0000000180008670 f   ConEmuInjects.obj
 0001:00007b70       ?ShutdownHooks@@YAXXZ      0000000180008b70 f   ConEmuInjects.obj
 0001:00007e00       ??$wcscpy_c@$0EA@@@YAHAEAY0EA@_WPEB_W@Z 0000000180008e00 f i ConEmuInjects.obj
 0001:00007f60       DllMain                    0000000180008f60 f   ConEmuPlugin.obj
 0001:00007fb0       ?GetPluginInfo@@YAXPEAX@Z  0000000180008fb0 f   ConEmuPlugin.obj
 0001:00008020       ?GetPluginInfoW@@YAXPEAX@Z 0000000180009020 f   ConEmuPlugin.obj
 0001:00008050       ?IsConsoleActive@@YAHXZ    0000000180009050 f   ConEmuPlugin.obj
 0001:000080d0       ?GetFarHWND2@@YAPEAUHWND__@@H@Z 00000001800090d0 f   ConEmuPlugin.obj
 0001:00008160       ?GetFarHWND@@YAPEAUHWND__@@XZ 0000000180009160 f   ConEmuPlugin.obj
 0001:00008170       ?IsTerminalMode@@YAHXZ     0000000180009170 f   ConEmuPlugin.obj
 0001:00008180       ?GetFarVersion@@YAXPEAUFarVersion@@@Z 0000000180009180 f   ConEmuPlugin.obj
 0001:000081b0       ?RegisterPanelView@@YAHPEAUPanelViewInit@@@Z 00000001800091b0 f   ConEmuPlugin.obj
 0001:00008480       ?RegisterBackground@@YAHPEAURegisterBackgroundArg@@@Z 0000000180009480 f   ConEmuPlugin.obj
 0001:00008520       ?SyncExecute@@YAHPEAUHINSTANCE__@@P6AX_J@Z1@Z 0000000180009520 f   ConEmuPlugin.obj
 0001:000085a0       ?ActivateConsole@@YAHXZ    00000001800095a0 f   ConEmuPlugin.obj
 0001:00008660       ??4HWND2@@QEAAAEAU0@PEAUHWND__@@@Z 0000000180009660 f i ConEmuPlugin.obj
 0001:00008680       ?SetStartupInfo@@YAXPEAX@Z 0000000180009680 f   ConEmuPlugin.obj
 0001:00008700       SetStartupInfoW            0000000180009700 f   ConEmuPlugin.obj
 0001:00008740       ?GetMinFarVersion@@YAHXZ   0000000180009740 f   ConEmuPlugin.obj
 0001:000087b0       GetMinFarVersionW          00000001800097b0 f   ConEmuPlugin.obj
 0001:000087c0       ProcessSynchroEventW       00000001800097c0 f   ConEmuPlugin.obj
 0001:000087f0       ?ProcessSynchroEventW3@@YA_JPEAX@Z 00000001800097f0 f   ConEmuPlugin.obj
 0001:00008830       ?ProcessEditorEvent@@YAHHPEAX@Z 0000000180009830 f   ConEmuPlugin.obj
 0001:00008860       ProcessEditorEventW        0000000180009860 f   ConEmuPlugin.obj
 0001:00008890       ?ProcessEditorEventW3@@YA_JPEAX@Z 0000000180009890 f   ConEmuPlugin.obj
 0001:000088d0       ?ProcessViewerEvent@@YAHHPEAX@Z 00000001800098d0 f   ConEmuPlugin.obj
 0001:00008900       ProcessViewerEventW        0000000180009900 f   ConEmuPlugin.obj
 0001:00008930       ?ProcessViewerEventW3@@YA_JPEAX@Z 0000000180009930 f   ConEmuPlugin.obj
 0001:00008970       ?ProcessEditorInput@@YAHPEBU_INPUT_RECORD@@@Z 0000000180009970 f   ConEmuPlugin.obj
 0001:000089a0       ProcessEditorInputW        00000001800099a0 f   ConEmuPlugin.obj
 0001:000089d0       ?OpenPlugin@@YAPEAXH_J@Z   00000001800099d0 f   ConEmuPlugin.obj
 0001:00008a00       OpenPluginW                0000000180009a00 f   ConEmuPlugin.obj
 0001:00008a60       ?OpenW@@YAPEAXPEBX@Z       0000000180009a60 f   ConEmuPlugin.obj
 0001:00008a90       ?ExitFAR@@YAXXZ            0000000180009a90 f   ConEmuPlugin.obj
 0001:00008b00       ExitFARW                   0000000180009b00 f   ConEmuPlugin.obj
 0001:00008b70       ?ExitFARW3@@YAXPEAX@Z      0000000180009b70 f   ConEmuPlugin.obj
 0001:00008be0       ?SetupExportsFar3@@YAXXZ   0000000180009be0 f   ConEmuPlugin.obj
 0001:00008ee0       ?_calloc@@YAPEAX_K0@Z      0000000180009ee0 f   ConEmuPlugin.obj
 0001:00008f10       ?_malloc@@YAPEAX_K@Z       0000000180009f10 f   ConEmuPlugin.obj
 0001:00008f30       ?_free@@YAXPEAX@Z          0000000180009f30 f   ConEmuPlugin.obj
 0001:00008f50       ??0CPluginW1900@@QEAA@XZ   0000000180009f50 f   ConEmuPlugin1900.obj
 0001:00009250       ??_GCPluginW1900@@UEAAPEAXI@Z 000000018000a250 f i ConEmuPlugin1900.obj
 0001:00009250       ??_ECPluginW1900@@UEAAPEAXI@Z 000000018000a250 f i ConEmuPlugin1900.obj
 0001:00009290       ??1CPluginW1900@@UEAA@XZ   000000018000a290 f i ConEmuPlugin1900.obj
 0001:000092c0       ?ProcessEditorEventPtr@CPluginW1900@@UEAAHPEAX@Z 000000018000a2c0 f   ConEmuPlugin1900.obj
 0001:00009300       ?ProcessViewerEventPtr@CPluginW1900@@UEAAHPEAX@Z 000000018000a300 f   ConEmuPlugin1900.obj
 0001:00009340       ?ProcessSynchroEventPtr@CPluginW1900@@UEAAHPEAX@Z 000000018000a340 f   ConEmuPlugin1900.obj
 0001:00009380       ?GetPanelDir@CPluginW1900@@UEAAPEA_WKPEA_WH@Z 000000018000a380 f   ConEmuPlugin1900.obj
 0001:000095b0       ?GetPanelInfo@CPluginW1900@@UEAA_NKPEAUCEPanelInfo@@@Z 000000018000a5b0 f   ConEmuPlugin1900.obj
 0001:00009b60       ?GetPanelItemInfo@CPluginW1900@@UEAA_NAEBUCEPanelInfo@@_N_JAEAU_WIN32_FIND_DATAW@@PEAPEA_W@Z 000000018000ab60 f   ConEmuPlugin1900.obj
 0001:00009e90       ?PanelControlApi@CPluginW1900@@UEAA_JPEAXH_J0@Z 000000018000ae90 f   ConEmuPlugin1900.obj
 0001:00009f00       ?GetPluginInfoPtr@CPluginW1900@@UEAAXPEAX@Z 000000018000af00 f   ConEmuPlugin1900.obj
 0001:00009fa0       ?SetStartupInfoPtr@CPluginW1900@@UEAAXPEAX@Z 000000018000afa0 f   ConEmuPlugin1900.obj
 0001:0000a170       ?GetEditorModifiedState@CPluginW1900@@UEAAKXZ 000000018000b170 f   ConEmuPlugin1900.obj
 0001:0000a1e0       ?ProcessEditorInputPtr@CPluginW1900@@UEAAHPEBX@Z 000000018000b1e0 f   ConEmuPlugin1900.obj
 0001:0000a220       ?GetWindowCount@CPluginW1900@@UEAAHXZ 000000018000b220 f   ConEmuPlugin1900.obj
 0001:0000a280       ?UpdateConEmuTabsApi@CPluginW1900@@UEAA_NH@Z 000000018000b280 f   ConEmuPlugin1900.obj
 0001:0000a920       ?ExitFar@CPluginW1900@@UEAAXXZ 000000018000b920 f   ConEmuPlugin1900.obj
 0001:0000a9d0       ?ShowMessage@CPluginW1900@@UEAAHPEB_WH_N@Z 000000018000b9d0 f   ConEmuPlugin1900.obj
 0001:0000aa90       ?GetMsg@CPluginW1900@@UEAAPEB_WHPEA_W_K@Z 000000018000ba90 f   ConEmuPlugin1900.obj
 0001:0000ab30       ?SetWindow@CPluginW1900@@UEAAXH@Z 000000018000bb30 f   ConEmuPlugin1900.obj
 0001:0000abb0       ?PostMacroApi@CPluginW1900@@UEAAXPEB_WPEAU_INPUT_RECORD@@_N@Z 000000018000bbb0 f   ConEmuPlugin1900.obj
 0001:0000b800       ?wcsstr@@YAPEA_WPEA_WPEB_W@Z 000000018000c800 f i ConEmuPlugin1900.obj
 0001:0000b830       ?ShowPluginMenu@CPluginW1900@@UEAAHPEAUConEmuPluginMenuItem@@HH@Z 000000018000c830 f   ConEmuPlugin1900.obj
 0001:0000bb10       ?OpenEditor@CPluginW1900@@UEAA_NPEB_W_N11HH@Z 000000018000cb10 f   ConEmuPlugin1900.obj
 0001:0000bd40       ?ExecuteSynchroApi@CPluginW1900@@UEAA_NXZ 000000018000cd40 f   ConEmuPlugin1900.obj
 0001:0000bd90       ?WaitEndSynchro@CPluginW1900@@UEAAXXZ 000000018000cd90 f   ConEmuPlugin1900.obj
 0001:0000bda0       ?StopWaitEndSynchro@CPluginW1900@@UEAAXXZ 000000018000cda0 f   ConEmuPlugin1900.obj
 0001:0000bdb0       ?IsMacroActive@CPluginW1900@@UEAA_NXZ 000000018000cdb0 f   ConEmuPlugin1900.obj
 0001:0000be10       ?GetMacroArea@CPluginW1900@@UEAAHXZ 000000018000ce10 f   ConEmuPlugin1900.obj
 0001:0000be50       ?RedrawAll@CPluginW1900@@UEAAXXZ 000000018000ce50 f   ConEmuPlugin1900.obj
 0001:0000bea0       ?InputBox@CPluginW1900@@UEAA_NPEB_W000AEAPEA_W@Z 000000018000cea0 f   ConEmuPlugin1900.obj
 0001:0000bf70       ?ShowUserScreen@CPluginW1900@@UEAAX_N@Z 000000018000cf70 f   ConEmuPlugin1900.obj
 0001:0000bfe0       ?LoadFarColors@CPluginW1900@@UEAAXAEAY0BAA@E@Z 000000018000cfe0 f   ConEmuPlugin1900.obj
 0001:0000c250       ?FarColor_3_2@@YAEAEBUFarColor@@@Z 000000018000d250 f i ConEmuPlugin1900.obj
 0001:0000c380       ?Color2FgIndex@Far3Color@@SAXKAEAGPEBK@Z 000000018000d380 f i ConEmuPlugin1900.obj
 0001:0000c510       ?Max@Far3Color@@SAHHH@Z    000000018000d510 f i ConEmuPlugin1900.obj
 0001:0000c540       ?GetStdIndex@Far3Color@@SAHKPEBK@Z 000000018000d540 f i ConEmuPlugin1900.obj
 0001:0000c5c0       ?GetStdPalette@Far3Color@@SAPEBKXZ 000000018000d5c0 f i ConEmuPlugin1900.obj
 0001:0000c5d0       ?Color2BgIndex@Far3Color@@SAXKHAEAGPEBK@Z 000000018000d5d0 f i ConEmuPlugin1900.obj
 0001:0000c7b0       ?LoadFarSettings@CPluginW1900@@UEAAXPEAUCEFarInterfaceSettings@@PEAUCEFarPanelSettings@@@Z 000000018000d7b0 f   ConEmuPlugin1900.obj
 0001:0000ca50       ?GetFarRect@CPluginW1900@@UEAA_NAEAU_SMALL_RECT@@@Z 000000018000da50 f   ConEmuPlugin1900.obj
 0001:0000cae0       ?CheckPanelExist@CPluginW1900@@UEAA_NXZ 000000018000dae0 f   ConEmuPlugin1900.obj
 0001:0000cb50       ?GetActiveWindowType@CPluginW1900@@UEAAHXZ 000000018000db50 f   ConEmuPlugin1900.obj
 0001:0000cc50       ?GetWindowTypeName@CPluginW1900@@UEAAPEB_WH@Z 000000018000dc50 f   ConEmuPlugin1900.obj
 0001:0000cd10       ?GuiMacroDlg@CPluginW1900@@UEAAXXZ 000000018000dd10 f   ConEmuPlugin1900.obj
 0001:0000d460       ?Open@CPluginW1900@@UEAAPEAXPEBX@Z 000000018000e460 f   ConEmuPlugin1900.obj
 0001:0000d6c0       GetGlobalInfoW             000000018000e6c0 f   ConEmuPlugin2800.obj
 0001:0000d8e0       ??0CPluginW2800@@QEAA@XZ   000000018000e8e0 f   ConEmuPlugin2800.obj
 0001:0000dbe0       ??_ECPluginW2800@@UEAAPEAXI@Z 000000018000ebe0 f i ConEmuPlugin2800.obj
 0001:0000dbe0       ??_GCPluginW2800@@UEAAPEAXI@Z 000000018000ebe0 f i ConEmuPlugin2800.obj
 0001:0000dc20       ??1CPluginW2800@@UEAA@XZ   000000018000ec20 f i ConEmuPlugin2800.obj
 0001:0000dc50       ?GetPanelDir@CPluginW2800@@UEAAPEA_WKPEA_WH@Z 000000018000ec50 f   ConEmuPlugin2800.obj
 0001:0000de80       ?GetPanelInfo@CPluginW2800@@UEAA_NKPEAUCEPanelInfo@@@Z 000000018000ee80 f   ConEmuPlugin2800.obj
 0001:0000e430       ?GetPanelItemInfo@CPluginW2800@@UEAA_NAEBUCEPanelInfo@@_N_JAEAU_WIN32_FIND_DATAW@@PEAPEA_W@Z 000000018000f430 f   ConEmuPlugin2800.obj
 0001:0000e760       ?PanelControlApi@CPluginW2800@@UEAA_JPEAXH_J0@Z 000000018000f760 f   ConEmuPlugin2800.obj
 0001:0000e7d0       ?GetPluginInfoPtr@CPluginW2800@@UEAAXPEAX@Z 000000018000f7d0 f   ConEmuPlugin2800.obj
 0001:0000e870       ?SetStartupInfoPtr@CPluginW2800@@UEAAXPEAX@Z 000000018000f870 f   ConEmuPlugin2800.obj
 0001:0000ea40       ?GetEditorModifiedState@CPluginW2800@@UEAAKXZ 000000018000fa40 f   ConEmuPlugin2800.obj
 0001:0000eab0       ?ProcessEditorEventPtr@CPluginW2800@@UEAAHPEAX@Z 000000018000fab0 f   ConEmuPlugin2800.obj
 0001:0000eaf0       ?ProcessViewerEventPtr@CPluginW2800@@UEAAHPEAX@Z 000000018000faf0 f   ConEmuPlugin2800.obj
 0001:0000eb30       ?ProcessSynchroEventPtr@CPluginW2800@@UEAAHPEAX@Z 000000018000fb30 f   ConEmuPlugin2800.obj
 0001:0000eb70       ?ProcessEditorInputPtr@CPluginW2800@@UEAAHPEBX@Z 000000018000fb70 f   ConEmuPlugin2800.obj
 0001:0000ebb0       ?GetWindowCount@CPluginW2800@@UEAAHXZ 000000018000fbb0 f   ConEmuPlugin2800.obj
 0001:0000ec10       ?UpdateConEmuTabsApi@CPluginW2800@@UEAA_NH@Z 000000018000fc10 f   ConEmuPlugin2800.obj
 0001:0000f660       ?ExitFar@CPluginW2800@@UEAAXXZ 0000000180010660 f   ConEmuPlugin2800.obj
 0001:0000f710       ?ShowMessage@CPluginW2800@@UEAAHPEB_WH_N@Z 0000000180010710 f   ConEmuPlugin2800.obj
 0001:0000f7d0       ?GetMsg@CPluginW2800@@UEAAPEB_WHPEA_W_K@Z 00000001800107d0 f   ConEmuPlugin2800.obj
 0001:0000f870       ?SetWindow@CPluginW2800@@UEAAXH@Z 0000000180010870 f   ConEmuPlugin2800.obj
 0001:0000f8f0       ?PostMacroApi@CPluginW2800@@UEAAXPEB_WPEAU_INPUT_RECORD@@_N@Z 00000001800108f0 f   ConEmuPlugin2800.obj
 0001:0000ff10       ?ShowPluginMenu@CPluginW2800@@UEAAHPEAUConEmuPluginMenuItem@@HH@Z 0000000180010f10 f   ConEmuPlugin2800.obj
 0001:000101f0       ?OpenEditor@CPluginW2800@@UEAA_NPEB_W_N11HH@Z 00000001800111f0 f   ConEmuPlugin2800.obj
 0001:00010430       ?ExecuteSynchroApi@CPluginW2800@@UEAA_NXZ 0000000180011430 f   ConEmuPlugin2800.obj
 0001:00010480       ?WaitEndSynchro@CPluginW2800@@UEAAXXZ 0000000180011480 f   ConEmuPlugin2800.obj
 0001:00010490       ?StopWaitEndSynchro@CPluginW2800@@UEAAXXZ 0000000180011490 f   ConEmuPlugin2800.obj
 0001:000104a0       ?IsMacroActive@CPluginW2800@@UEAA_NXZ 00000001800114a0 f   ConEmuPlugin2800.obj
 0001:00010500       ?GetMacroArea@CPluginW2800@@UEAAHXZ 0000000180011500 f   ConEmuPlugin2800.obj
 0001:00010540       ?RedrawAll@CPluginW2800@@UEAAXXZ 0000000180011540 f   ConEmuPlugin2800.obj
 0001:00010590       ?InputBox@CPluginW2800@@UEAA_NPEB_W000AEAPEA_W@Z 0000000180011590 f   ConEmuPlugin2800.obj
 0001:00010660       ?ShowUserScreen@CPluginW2800@@UEAAX_N@Z 0000000180011660 f   ConEmuPlugin2800.obj
 0001:000106d0       ?LoadFarColors@CPluginW2800@@UEAAXAEAY0BAA@E@Z 00000001800116d0 f   ConEmuPlugin2800.obj
 0001:00010940       ?LoadFarSettings@CPluginW2800@@UEAAXPEAUCEFarInterfaceSettings@@PEAUCEFarPanelSettings@@@Z 0000000180011940 f   ConEmuPlugin2800.obj
 0001:00010bf0       ?GetFarRect@CPluginW2800@@UEAA_NAEAU_SMALL_RECT@@@Z 0000000180011bf0 f   ConEmuPlugin2800.obj
 0001:00010c80       ?CheckPanelExist@CPluginW2800@@UEAA_NXZ 0000000180011c80 f   ConEmuPlugin2800.obj
 0001:00010cf0       ?GetActiveWindowType@CPluginW2800@@UEAAHXZ 0000000180011cf0 f   ConEmuPlugin2800.obj
 0001:00010e00       ?GetWindowTypeName@CPluginW2800@@UEAAPEB_WH@Z 0000000180011e00 f   ConEmuPlugin2800.obj
 0001:00010ec0       ?GuiMacroDlg@CPluginW2800@@UEAAXXZ 0000000180011ec0 f   ConEmuPlugin2800.obj
 0001:00011620       ?Open@CPluginW2800@@UEAAPEAXPEBX@Z 0000000180012620 f   ConEmuPlugin2800.obj
 0001:00011920       ??0FarMacroValue@@QEAA@XZ  0000000180012920 f i ConEmuPlugin2800.obj
 0001:00011970       ??0?$MArray@UWindowInfo@@@@QEAA@XZ 0000000180012970 f i ConEmuPlugin2800.obj
 0001:000119d0       ??1?$MArray@UWindowInfo@@@@QEAA@XZ 00000001800129d0 f i ConEmuPlugin2800.obj
 0001:000119f0       ??A?$MArray@UWindowInfo@@@@QEBAAEBUWindowInfo@@_J@Z 00000001800129f0 f i ConEmuPlugin2800.obj
 0001:00011a10       ??A?$MArray@UWindowInfo@@@@QEAAAEAUWindowInfo@@_J@Z 0000000180012a10 f i ConEmuPlugin2800.obj
 0001:00011a30       ?push_back@?$MArray@UWindowInfo@@@@QEAA_JAEBUWindowInfo@@@Z 0000000180012a30 f i ConEmuPlugin2800.obj
 0001:00011b00       ?insert@?$MArray@UWindowInfo@@@@QEAAX_JAEBUWindowInfo@@@Z 0000000180012b00 f i ConEmuPlugin2800.obj
 0001:00011c10       ?erase@?$MArray@UWindowInfo@@@@QEAAX_J@Z 0000000180012c10 f i ConEmuPlugin2800.obj
 0001:00011cd0       ?size@?$MArray@UWindowInfo@@@@QEBA_JXZ 0000000180012cd0 f i ConEmuPlugin2800.obj
 0001:00011ce0       ?clear@?$MArray@UWindowInfo@@@@QEAAXXZ 0000000180012ce0 f i ConEmuPlugin2800.obj
 0001:00011d30       ?addsize@?$MArray@UWindowInfo@@@@QEAAX_J@Z 0000000180012d30 f i ConEmuPlugin2800.obj
 0001:00011e70       ??0CPluginW995@@QEAA@XZ    0000000180012e70 f   ConEmuPlugin995.obj
 0001:00012180       ?Open@CPluginW995@@UEAAPEAXPEBX@Z 0000000180013180 f i ConEmuPlugin995.obj
 0001:000121a0       ?ProcessEditorEventPtr@CPluginW995@@UEAAHPEAX@Z 00000001800131a0 f i ConEmuPlugin995.obj
 0001:000121b0       ?ProcessSynchroEventPtr@CPluginW995@@UEAAHPEAX@Z 00000001800131b0 f i ConEmuPlugin995.obj
 0001:000121c0       ?ProcessViewerEventPtr@CPluginW995@@UEAAHPEAX@Z 00000001800131c0 f i ConEmuPlugin995.obj
 0001:000121d0       ??_ECPluginW995@@UEAAPEAXI@Z 00000001800131d0 f i ConEmuPlugin995.obj
 0001:000121d0       ??_GCPluginW995@@UEAAPEAXI@Z 00000001800131d0 f i ConEmuPlugin995.obj
 0001:00012210       ??1CPluginW995@@UEAA@XZ    0000000180013210 f i ConEmuPlugin995.obj
 0001:00012240       ?GetPanelDir@CPluginW995@@UEAAPEA_WKPEA_WH@Z 0000000180013240 f   ConEmuPlugin995.obj
 0001:00012430       ?GetPanelInfo@CPluginW995@@UEAA_NKPEAUCEPanelInfo@@@Z 0000000180013430 f   ConEmuPlugin995.obj
 0001:000128f0       ?GetPanelItemInfo@CPluginW995@@UEAA_NAEBUCEPanelInfo@@_N_JAEAU_WIN32_FIND_DATAW@@PEAPEA_W@Z 00000001800138f0 f   ConEmuPlugin995.obj
 0001:00012c00       ?PanelControlApi@CPluginW995@@UEAA_JPEAXH_J0@Z 0000000180013c00 f   ConEmuPlugin995.obj
 0001:00012c70       ?GetPluginInfoPtr@CPluginW995@@UEAAXPEAX@Z 0000000180013c70 f   ConEmuPlugin995.obj
 0001:00012d30       ?SetStartupInfoPtr@CPluginW995@@UEAAXPEAX@Z 0000000180013d30 f   ConEmuPlugin995.obj
 0001:00012f30       ?GetEditorModifiedState@CPluginW995@@UEAAKXZ 0000000180013f30 f   ConEmuPlugin995.obj
 0001:00012f90       ?ProcessEditorInputPtr@CPluginW995@@UEAAHPEBX@Z 0000000180013f90 f   ConEmuPlugin995.obj
 0001:00012fd0       ?GetWindowCount@CPluginW995@@UEAAHXZ 0000000180013fd0 f   ConEmuPlugin995.obj
 0001:00013030       ?UpdateConEmuTabsApi@CPluginW995@@UEAA_NH@Z 0000000180014030 f   ConEmuPlugin995.obj
 0001:000133b0       ?ExitFar@CPluginW995@@UEAAXXZ 00000001800143b0 f   ConEmuPlugin995.obj
 0001:00013460       ?ShowMessage@CPluginW995@@UEAAHPEB_WH_N@Z 0000000180014460 f   ConEmuPlugin995.obj
 0001:00013520       ?GetMsg@CPluginW995@@UEAAPEB_WHPEA_W_K@Z 0000000180014520 f   ConEmuPlugin995.obj
 0001:000135c0       ?SetWindow@CPluginW995@@UEAAXH@Z 00000001800145c0 f   ConEmuPlugin995.obj
 0001:00013640       ?PostMacroApi@CPluginW995@@UEAAXPEB_WPEAU_INPUT_RECORD@@_N@Z 0000000180014640 f   ConEmuPlugin995.obj
 0001:00013740       ?ShowPluginMenu@CPluginW995@@UEAAHPEAUConEmuPluginMenuItem@@HH@Z 0000000180014740 f   ConEmuPlugin995.obj
 0001:000139c0       ?OpenEditor@CPluginW995@@UEAA_NPEB_W_N11HH@Z 00000001800149c0 f   ConEmuPlugin995.obj
 0001:00013bd0       ?ExecuteSynchroApi@CPluginW995@@UEAA_NXZ 0000000180014bd0 f   ConEmuPlugin995.obj
 0001:00013c20       ?WaitEndSynchro@CPluginW995@@UEAAXXZ 0000000180014c20 f   ConEmuPlugin995.obj
 0001:00013e90       ?StopWaitEndSynchro@CPluginW995@@UEAAXXZ 0000000180014e90 f   ConEmuPlugin995.obj
 0001:00013ed0       ?IsMacroActive@CPluginW995@@UEAA_NXZ 0000000180014ed0 f   ConEmuPlugin995.obj
 0001:00013f50       ?GetMacroArea@CPluginW995@@UEAAHXZ 0000000180014f50 f   ConEmuPlugin995.obj
 0001:00013fa0       ?RedrawAll@CPluginW995@@UEAAXXZ 0000000180014fa0 f   ConEmuPlugin995.obj
 0001:00013ff0       ?InputBox@CPluginW995@@UEAA_NPEB_W000AEAPEA_W@Z 0000000180014ff0 f   ConEmuPlugin995.obj
 0001:000140a0       ?ShowUserScreen@CPluginW995@@UEAAX_N@Z 00000001800150a0 f   ConEmuPlugin995.obj
 0001:00014110       ?LoadFarColors@CPluginW995@@UEAAXAEAY0BAA@E@Z 0000000180015110 f   ConEmuPlugin995.obj
 0001:00014240       ?LoadFarSettings@CPluginW995@@UEAAXPEAUCEFarInterfaceSettings@@PEAUCEFarPanelSettings@@@Z 0000000180015240 f   ConEmuPlugin995.obj
 0001:000142d0       ?GetFarRect@CPluginW995@@UEAA_NAEAU_SMALL_RECT@@@Z 00000001800152d0 f   ConEmuPlugin995.obj
 0001:00014360       ?CheckPanelExist@CPluginW995@@UEAA_NXZ 0000000180015360 f   ConEmuPlugin995.obj
 0001:000143d0       ?GetActiveWindowType@CPluginW995@@UEAAHXZ 00000001800153d0 f   ConEmuPlugin995.obj
 0001:000144f0       ?GetWindowTypeName@CPluginW995@@UEAAPEB_WH@Z 00000001800154f0 f   ConEmuPlugin995.obj
 0001:000145b0       ?GuiMacroDlg@CPluginW995@@UEAAXXZ 00000001800155b0 f   ConEmuPlugin995.obj
 0001:00014c90       ??0CPluginAnsi@@QEAA@XZ    0000000180015c90 f   ConEmuPluginA.obj
 0001:00014f80       ?ExecuteSynchroApi@CPluginAnsi@@UEAA_NXZ 0000000180015f80 f i ConEmuPluginA.obj
 0001:00014f90       ?GetFarRect@CPluginAnsi@@UEAA_NAEAU_SMALL_RECT@@@Z 0000000180015f90 f i ConEmuPluginA.obj
 0001:00014fa0       ?Open@CPluginAnsi@@UEAAPEAXPEBX@Z 0000000180015fa0 f i ConEmuPluginA.obj
 0001:00014fc0       ?ProcessEditorEventPtr@CPluginAnsi@@UEAAHPEAX@Z 0000000180015fc0 f i ConEmuPluginA.obj
 0001:00014fd0       ?ProcessEditorInputPtr@CPluginAnsi@@UEAAHPEBX@Z 0000000180015fd0 f i ConEmuPluginA.obj
 0001:00014fe0       ?ProcessSynchroEventPtr@CPluginAnsi@@UEAAHPEAX@Z 0000000180015fe0 f i ConEmuPluginA.obj
 0001:00014ff0       ?ProcessViewerEventPtr@CPluginAnsi@@UEAAHPEAX@Z 0000000180015ff0 f i ConEmuPluginA.obj
 0001:00015000       ?StopWaitEndSynchro@CPluginAnsi@@UEAAXXZ 0000000180016000 f i ConEmuPluginA.obj
 0001:00015010       ?WaitEndSynchro@CPluginAnsi@@UEAAXXZ 0000000180016010 f i ConEmuPluginA.obj
 0001:00015020       ??_ECPluginAnsi@@UEAAPEAXI@Z 0000000180016020 f i ConEmuPluginA.obj
 0001:00015020       ??_GCPluginAnsi@@UEAAPEAXI@Z 0000000180016020 f i ConEmuPluginA.obj
 0001:00015060       ??1CPluginAnsi@@UEAA@XZ    0000000180016060 f i ConEmuPluginA.obj
 0001:00015090       ?GetPanelDir@CPluginAnsi@@UEAAPEA_WKPEA_WH@Z 0000000180016090 f   ConEmuPluginA.obj
 0001:00015200       ?GetPanelInfo@CPluginAnsi@@UEAA_NKPEAUCEPanelInfo@@@Z 0000000180016200 f   ConEmuPluginA.obj
 0001:00015630       ?GetPanelItemInfo@CPluginAnsi@@UEAA_NAEBUCEPanelInfo@@_N_JAEAU_WIN32_FIND_DATAW@@PEAPEA_W@Z 0000000180016630 f   ConEmuPluginA.obj
 0001:00015860       ?PanelControlApi@CPluginAnsi@@UEAA_JPEAXH_J0@Z 0000000180016860 f   ConEmuPluginA.obj
 0001:000158d0       ?SetStartupInfoPtr@CPluginAnsi@@UEAAXPEAX@Z 00000001800168d0 f   ConEmuPluginA.obj
 0001:00015ad0       ?GetPluginInfoPtr@CPluginAnsi@@UEAAXPEAX@Z 0000000180016ad0 f   ConEmuPluginA.obj
 0001:00015bc0       ?GetEditorModifiedState@CPluginAnsi@@UEAAKXZ 0000000180016bc0 f   ConEmuPluginA.obj
 0001:00015c30       ?GetWindowCount@CPluginAnsi@@UEAAHXZ 0000000180016c30 f   ConEmuPluginA.obj
 0001:00015c90       ?UpdateConEmuTabsApi@CPluginAnsi@@UEAA_NH@Z 0000000180016c90 f   ConEmuPluginA.obj
 0001:00016030       ?ExitFar@CPluginAnsi@@UEAAXXZ 0000000180017030 f   ConEmuPluginA.obj
 0001:00016090       ?SetWindow@CPluginAnsi@@UEAAXH@Z 0000000180017090 f   ConEmuPluginA.obj
 0001:00016110       ?PostMacroApi@CPluginAnsi@@UEAAXPEB_WPEAU_INPUT_RECORD@@_N@Z 0000000180017110 f   ConEmuPluginA.obj
 0001:00016240       ?ShowPluginMenu@CPluginAnsi@@UEAAHPEAUConEmuPluginMenuItem@@HH@Z 0000000180017240 f   ConEmuPluginA.obj
 0001:00016540       ?OpenEditor@CPluginAnsi@@UEAA_NPEB_W_N11HH@Z 0000000180017540 f   ConEmuPluginA.obj
 0001:00016770       ?ShowMessage@CPluginAnsi@@UEAAHPEB_WH_N@Z 0000000180017770 f   ConEmuPluginA.obj
 0001:00016890       ?GetMsg@CPluginAnsi@@UEAAPEB_WHPEA_W_K@Z 0000000180017890 f   ConEmuPluginA.obj
 0001:00016990       ?IsMacroActive@CPluginAnsi@@UEAA_NXZ 0000000180017990 f   ConEmuPluginA.obj
 0001:00016a10       ?GetMacroArea@CPluginAnsi@@UEAAHXZ 0000000180017a10 f   ConEmuPluginA.obj
 0001:00016a20       ?RedrawAll@CPluginAnsi@@UEAAXXZ 0000000180017a20 f   ConEmuPluginA.obj
 0001:00016a70       ?InputBox@CPluginAnsi@@UEAA_NPEB_W000AEAPEA_W@Z 0000000180017a70 f   ConEmuPluginA.obj
 0001:00016c00       ?ShowUserScreen@CPluginAnsi@@UEAAX_N@Z 0000000180017c00 f   ConEmuPluginA.obj
 0001:00016c70       ?LoadFarColors@CPluginAnsi@@UEAAXAEAY0BAA@E@Z 0000000180017c70 f   ConEmuPluginA.obj
 0001:00016da0       ?LoadFarSettings@CPluginAnsi@@UEAAXPEAUCEFarInterfaceSettings@@PEAUCEFarPanelSettings@@@Z 0000000180017da0 f   ConEmuPluginA.obj
 0001:00016e30       ?CheckPanelExist@CPluginAnsi@@UEAA_NXZ 0000000180017e30 f   ConEmuPluginA.obj
 0001:00016ea0       ?GetActiveWindowType@CPluginAnsi@@UEAAHXZ 0000000180017ea0 f   ConEmuPluginA.obj
 0001:00016f20       ?GetWindowTypeName@CPluginAnsi@@UEAAPEB_WH@Z 0000000180017f20 f   ConEmuPluginA.obj
 0001:00016fe0       ?GuiMacroDlg@CPluginAnsi@@UEAAXXZ 0000000180017fe0 f   ConEmuPluginA.obj
 0001:000177e0       ?Plugin@@YAPEAVCPluginBase@@XZ 00000001800187e0 f   ConEmuPluginBase.obj
 0001:00017940       ??0CPluginBase@@QEAA@XZ    0000000180018940 f   ConEmuPluginBase.obj
 0001:00017c90       ??_ECPluginBase@@UEAAPEAXI@Z 0000000180018c90 f i ConEmuPluginBase.obj
 0001:00017c90       ??_GCPluginBase@@UEAAPEAXI@Z 0000000180018c90 f i ConEmuPluginBase.obj
 0001:00017cd0       ??1CPluginBase@@UEAA@XZ    0000000180018cd0 f   ConEmuPluginBase.obj
 0001:00017cf0       ?DllMain_ProcessAttach@CPluginBase@@KAXPEAUHINSTANCE__@@@Z 0000000180018cf0 f   ConEmuPluginBase.obj
 0001:00017e30       ?DllMain_ProcessDetach@CPluginBase@@KAXXZ 0000000180018e30 f   ConEmuPluginBase.obj
 0001:00018000       ??_GMSection@@QEAAPEAXI@Z  0000000180019000 f i ConEmuPluginBase.obj
 0001:00018040       ??_GCPluginBackground@@QEAAPEAXI@Z 0000000180019040 f i ConEmuPluginBase.obj
 0001:00018080       ?DllCheckUnique@CPluginBase@@KA_N_N@Z 0000000180019080 f   ConEmuPluginBase.obj
 0001:00018310       ?LoadFarVersion@CPluginBase@@SA_NXZ 0000000180019310 f   ConEmuPluginBase.obj
 0001:00018ae0       ?ShowMessageBox@CPluginBase@@KAHPEB_WI@Z 0000000180019ae0 f   ConEmuPluginBase.obj
 0001:00018be0       ?ShowMessageGui@CPluginBase@@QEAAHHH@Z 0000000180019be0 f   ConEmuPluginBase.obj
 0001:00018c90       ?BackgroundMacroError@CPluginBase@@SAKPEAX@Z 0000000180019c90 f   ConEmuPluginBase.obj
 0001:00018ce0       ?PostMacro@CPluginBase@@QEAAXPEB_WPEAU_INPUT_RECORD@@_N@Z 0000000180019ce0 f   ConEmuPluginBase.obj
 0001:00018da0       ?isMacroActive@CPluginBase@@QEAA_NAEAH@Z 0000000180019da0 f   ConEmuPluginBase.obj
 0001:00018e30       ?CheckBufferEnabled@CPluginBase@@QEAA_NXZ 0000000180019e30 f   ConEmuPluginBase.obj
 0001:00018ee0       ?PanelControl@CPluginBase@@QEAA_JPEAXH_J0@Z 0000000180019ee0 f   ConEmuPluginBase.obj
 0001:00018fd0       ?GetPanelInfo@CPluginBase@@QEAA_NKPEAUBkPanelInfo@@@Z 0000000180019fd0 f   ConEmuPluginBase.obj
 0001:000190c0       ?FillUpdateBackground@CPluginBase@@QEAAXPEAUPaintBackgroundArg@@@Z 000000018001a0c0 f   ConEmuPluginBase.obj
 0001:000192f0       ?StorePanelDirs@CPluginBase@@QEAA_NPEB_W0@Z 000000018001a2f0 f   ConEmuPluginBase.obj
 0001:00019520       wmemmove                   000000018001a520 f i ConEmuPluginBase.obj
 0001:00019550       ?UpdatePanelDirs@CPluginBase@@QEAAXXZ 000000018001a550 f   ConEmuPluginBase.obj
 0001:00019760       ?IsFarLua@FarVersion@@QEBA_NXZ 000000018001a760 f i ConEmuPluginBase.obj
 0001:000197c0       ?RunExternalProgram@CPluginBase@@QEAA_NPEA_W@Z 000000018001a7c0 f   ConEmuPluginBase.obj
 0001:00019a60       ?ProcessCommandLine@CPluginBase@@QEAA_NPEA_W@Z 000000018001aa60 f   ConEmuPluginBase.obj
 0001:00019ac0       ?ShowPluginMenu@CPluginBase@@QEAAXW4PluginCallCommands@@@Z 000000018001aac0 f   ConEmuPluginBase.obj
 0001:00019e10       ?ShowTabsList@CPluginBase@@QEAAXXZ 000000018001ae10 f   ConEmuPluginBase.obj
 0001:0001a340       ?ShowPanelsList@CPluginBase@@QEAAXXZ 000000018001b340 f   ConEmuPluginBase.obj
 0001:0001a550       ?DataSize@CESERVER_REQ@@QEAAKXZ 000000018001b550 f i ConEmuPluginBase.obj
 0001:0001a590       ?EditViewConsoleOutput@CPluginBase@@QEAAX_N@Z 000000018001b590 f   ConEmuPluginBase.obj
 0001:0001a6a0       ?SwitchTabCommand@CPluginBase@@QEAAXW4PluginMenuCommands@@@Z 000000018001b6a0 f   ConEmuPluginBase.obj
 0001:0001a770       ?ProcessSynchroEvent@CPluginBase@@QEAAHHPEAX@Z 000000018001b770 f   ConEmuPluginBase.obj
 0001:0001a830       ?ProcessEditorInputInternal@CPluginBase@@QEAAXAEBU_INPUT_RECORD@@@Z 000000018001b830 f   ConEmuPluginBase.obj
 0001:0001a890       ?ProcessEditorViewerEvent@CPluginBase@@QEAAHHH@Z 000000018001b890 f   ConEmuPluginBase.obj
 0001:0001a9e0       ?isEditorViewer@CPluginBase@@QEAA_NXZ 000000018001b9e0 f   ConEmuPluginBase.obj
 0001:0001aa30       ?isModalEditorViewer@CPluginBase@@QEAA_NXZ 000000018001ba30 f   ConEmuPluginBase.obj
 0001:0001aa80       ?GetMainThreadId@CPluginBase@@SAKXZ 000000018001ba80 f   ConEmuPluginBase.obj
 0001:0001ab30       ?ShowConsoleInfo@CPluginBase@@QEAAXXZ 000000018001bb30 f   ConEmuPluginBase.obj
 0001:0001add0       ?RunExternalProgramW@CPluginBase@@SA_NPEA_W0_N@Z 000000018001bdd0 f   ConEmuPluginBase.obj
 0001:0001b100       ?StartDebugger@CPluginBase@@QEAA_NXZ 000000018001c100 f   ConEmuPluginBase.obj
 0001:0001b4d0       ?Attach2Gui@CPluginBase@@QEAA_NXZ 000000018001c4d0 f   ConEmuPluginBase.obj
 0001:0001ba90       ?FindServerCmd@CPluginBase@@QEAA_NKAEAK_N@Z 000000018001ca90 f   ConEmuPluginBase.obj
 0001:0001bbb0       ?ShowMessage@CPluginBase@@QEAAHHH@Z 000000018001cbb0 f   ConEmuPluginBase.obj
 0001:0001bc40       ?OutDataAlloc@CPluginBase@@SA_NK@Z 000000018001cc40 f   ConEmuPluginBase.obj
 0001:0001bcc0       ?OutDataRealloc@CPluginBase@@SA_NK@Z 000000018001ccc0 f   ConEmuPluginBase.obj
 0001:0001bdc0       ?OutDataWrite@CPluginBase@@SA_NPEAXK@Z 000000018001cdc0 f   ConEmuPluginBase.obj
 0001:0001beb0       ?CreateTabs@CPluginBase@@SA_NH@Z 000000018001ceb0 f   ConEmuPluginBase.obj
 0001:0001bfb0       ?AddTab@CPluginBase@@QEAA_NAEAHH_N1HPEB_W2HHHH@Z 000000018001cfb0 f   ConEmuPluginBase.obj
 0001:0001c5f0       wmemcmp                    000000018001d5f0 f i ConEmuPluginBase.obj
 0001:0001c680       ?AddTabFinish@CPluginBase@@QEAAXH@Z 000000018001d680 f   ConEmuPluginBase.obj
 0001:0001c6a0       ?SendTabs@CPluginBase@@SAXH_N@Z 000000018001d6a0 f   ConEmuPluginBase.obj
 0001:0001c8f0       ?CloseTabs@CPluginBase@@SAXXZ 000000018001d8f0 f   ConEmuPluginBase.obj
 0001:0001c990       ?UpdateConEmuTabs@CPluginBase@@QEAA_N_N@Z 000000018001d990 f   ConEmuPluginBase.obj
 0001:0001cda0       ?ShowProtocolWarning@CPluginBase@@KAXXZ 000000018001dda0 f   ConEmuPluginBase.obj
 0001:0001cf30       ?CheckResources@CPluginBase@@QEAAX_N@Z 000000018001df30 f   ConEmuPluginBase.obj
 0001:0001d110       ?InitResources@CPluginBase@@QEAAXXZ 000000018001e110 f   ConEmuPluginBase.obj
 0001:0001d4a0       ?CloseMapHeader@CPluginBase@@SAXXZ 000000018001e4a0 f   ConEmuPluginBase.obj
 0001:0001d4d0       ?OpenMapHeader@CPluginBase@@SAHXZ 000000018001e4d0 f   ConEmuPluginBase.obj
 0001:0001d620       ?InitRootRegKey@CPluginBase@@IEAAXXZ 000000018001e620 f   ConEmuPluginBase.obj
 0001:0001d780       ?SetRootRegKey@CPluginBase@@IEAAXPEA_W@Z 000000018001e780 f   ConEmuPluginBase.obj
 0001:0001d8b0       ?LoadPanelTabsFromRegistry@CPluginBase@@IEAAXXZ 000000018001e8b0 f   ConEmuPluginBase.obj
 0001:0001da20       ?InitHWND@CPluginBase@@SAXXZ 000000018001ea20 f   ConEmuPluginBase.obj
 0001:0001dd60       ?CheckConEmuDetached@CPluginBase@@SAXXZ 000000018001ed60 f   ConEmuPluginBase.obj
 0001:0001de10       ?EmergencyShow@CPluginBase@@KAXXZ 000000018001ee10 f   ConEmuPluginBase.obj
 0001:0001de80       ?MonitorThreadProcW@CPluginBase@@SAKPEAX@Z 000000018001ee80 f   ConEmuPluginBase.obj
 0001:0001e3b0       ?OpenPluginCommon@CPluginBase@@QEAAPEAXH_J_N@Z 000000018001f3b0 f   ConEmuPluginBase.obj
 0001:0001e880       ?ExitFarCommon@CPluginBase@@QEAAX_N@Z 000000018001f880 f   ConEmuPluginBase.obj
 0001:0001e8f0       ?OnMainThreadActivated@CPluginBase@@QEAAXXZ 000000018001f8f0 f   ConEmuPluginBase.obj
 0001:0001eaf0       ?ProcessSetWindowCommand@CPluginBase@@QEAAXXZ 000000018001faf0 f   ConEmuPluginBase.obj
 0001:0001ec60       ?CommonPluginStartup@CPluginBase@@QEAAXXZ 000000018001fc60 f   ConEmuPluginBase.obj
 0001:0001ed90       ?StopThread@CPluginBase@@QEAAX_N@Z 000000018001fd90 f   ConEmuPluginBase.obj
 0001:0001f1c0       ??_G?$MFileMapping@UCESERVER_CONSOLE_MAPPING_HDR@@@@QEAAPEAXI@Z 00000001800201c0 f i ConEmuPluginBase.obj
 0001:0001f200       ?ShutdownPluginStep@CPluginBase@@SAXPEB_WHHHH@Z 0000000180020200 f   ConEmuPluginBase.obj
 0001:0001f220       ?ExecuteSynchro@CPluginBase@@QEAAXXZ 0000000180020220 f   ConEmuPluginBase.obj
 0001:0001f300       ?WaitPluginActivation@CPluginBase@@SAKKPEAPEAXHK@Z 0000000180020300 f   ConEmuPluginBase.obj
 0001:0001f490       ?ActivatePlugin@CPluginBase@@QEAA_NKPEAXK@Z 0000000180020490 f   ConEmuPluginBase.obj
 0001:0001f7c0       ?cmd_OpenEditorLine@CPluginBase@@QEAA_NPEAUCESERVER_REQ_FAREDITOR@@@Z 00000001800207c0 f   ConEmuPluginBase.obj
 0001:0001f8f0       ?cmd_RedrawFarCall@CPluginBase@@QEAA_NAEAPEAUCESERVER_REQ@@PEAPEAU2@@Z 00000001800208f0 f   ConEmuPluginBase.obj
 0001:0001f9e0       ?cmd_SetWindow@CPluginBase@@QEAA_NPEAX_N@Z 00000001800209e0 f   ConEmuPluginBase.obj
 0001:0001fac0       ?cmd_LeftClickSync@CPluginBase@@QEAAXPEAX@Z 0000000180020ac0 f   ConEmuPluginBase.obj
 0001:0001fc50       ?cmd_CloseQSearch@CPluginBase@@QEAAXXZ 0000000180020c50 f   ConEmuPluginBase.obj
 0001:0001fcb0       ?cmd_EMenu@CPluginBase@@QEAAXPEAX@Z 0000000180020cb0 f   ConEmuPluginBase.obj
 0001:0001fdc0       ?cmd_ExternalCallback@CPluginBase@@QEAA_NPEAX@Z 0000000180020dc0 f   ConEmuPluginBase.obj
 0001:0001fe60       ?cmd_ConSetFont@CPluginBase@@QEAAXPEAX@Z 0000000180020e60 f   ConEmuPluginBase.obj
 0001:0001fee0       ?cmd_GuiChanged@CPluginBase@@QEAAXPEAX@Z 0000000180020ee0 f   ConEmuPluginBase.obj
 0001:0001fff0       ?ProcessCommand@CPluginBase@@QEAA_NKHPEAXPEAPEAUCESERVER_REQ@@_N@Z 0000000180020ff0 f   ConEmuPluginBase.obj
 0001:00020710       ?FarSetConsoleSize@CPluginBase@@SA_NFF@Z 0000000180021710 f   ConEmuPluginBase.obj
 0001:00020880       ?ReloadFarInfoApi@CPluginBase@@IEAA_NXZ 0000000180021880 f   ConEmuPluginBase.obj
 0001:00020b30       ?ReloadFarInfo@CPluginBase@@QEAA_N_N@Z 0000000180021b30 f   ConEmuPluginBase.obj
 0001:00020e50       ?pcc_Selected@CPluginBase@@SA_NW4PluginMenuCommands@@@Z 0000000180021e50 f   ConEmuPluginBase.obj
 0001:00020ed0       ?pcc_Disabled@CPluginBase@@SA_NW4PluginMenuCommands@@@Z 0000000180021ed0 f   ConEmuPluginBase.obj
 0001:00020fb0       ?TouchReadPeekConsoleInputs@CPluginBase@@SAXH@Z 0000000180021fb0 f   ConEmuPluginBase.obj
 0001:00021010       ?OnConsolePeekReadInput@CPluginBase@@SAX_N@Z 0000000180022010 f   ConEmuPluginBase.obj
 0001:00021280       ?ActiveServerPID@CESERVER_CONSOLE_MAPPING_HDR@@QEBAKXZ 0000000180022280 f i ConEmuPluginBase.obj
 0001:000212c0       ?UngetDummyMouseEvent@CPluginBase@@SA_N_NPEAUHookCallbackArg@@@Z 00000001800222c0 f   ConEmuPluginBase.obj
 0001:00021530       ??4HANDLE2@@QEAAAEAU0@PEAX@Z 0000000180022530 f i ConEmuPluginBase.obj
 0001:00021550       ?FillLoadedParm@CPluginBase@@SAXPEAUConEmuLoadedArg@@PEAUHINSTANCE__@@H@Z 0000000180022550 f   ConEmuPluginBase.obj
 0001:00021690       ?NotifyConEmuUnloaded@CPluginBase@@SAXXZ 0000000180022690 f   ConEmuPluginBase.obj
 0001:000217e0       ?OnPanelViewCallbacks@CPluginBase@@SA_NPEAUHookCallbackArg@@P6AHPEAXPEAU_INPUT_RECORD@@KPEAKPEAH@Z5@Z 00000001800227e0 f   ConEmuPluginBase.obj
 0001:00021930       ?OnShellExecuteExW_Except@CPluginBase@@SAXPEAUHookCallbackArg@@@Z 0000000180022930 f   ConEmuPluginBase.obj
 0001:00021980       ?OnGetNumberOfConsoleInputEventsPost@CPluginBase@@SAXPEAUHookCallbackArg@@@Z 0000000180022980 f   ConEmuPluginBase.obj
 0001:000219c0       ?OnConsolePeekInput@CPluginBase@@SAHPEAUHookCallbackArg@@@Z 00000001800229c0 f   ConEmuPluginBase.obj
 0001:00021a50       ?OnConsolePeekInputPost@CPluginBase@@SAXPEAUHookCallbackArg@@@Z 0000000180022a50 f   ConEmuPluginBase.obj
 0001:00021aa0       ?OnConsoleReadInputWork@CPluginBase@@SAHPEAUHookCallbackArg@@@Z 0000000180022aa0 f   ConEmuPluginBase.obj
 0001:00021b50       ?OnConsoleReadInput@CPluginBase@@SAHPEAUHookCallbackArg@@@Z 0000000180022b50 f   ConEmuPluginBase.obj
 0001:00021b70       ?OnConsoleReadInputPost@CPluginBase@@SAXPEAUHookCallbackArg@@@Z 0000000180022b70 f   ConEmuPluginBase.obj
 0001:00021e20       ?OnWriteConsoleOutput@CPluginBase@@SAHPEAUHookCallbackArg@@@Z 0000000180022e20 f   ConEmuPluginBase.obj
 0001:00021f40       ?OnConsoleDetaching@CPluginBase@@SAHPEAUHookCallbackArg@@@Z 0000000180022f40 f   ConEmuPluginBase.obj
 0001:000220a0       ?OnConsoleWasAttached@CPluginBase@@SAXPEAUHookCallbackArg@@@Z 00000001800230a0 f   ConEmuPluginBase.obj
 0001:00022120       ?OnCurDirChanged@CPluginBase@@SAXXZ 0000000180023120 f   ConEmuPluginBase.obj
 0001:000221b0       ?OnLibraryLoaded@CPluginBase@@SAXPEAUHINSTANCE__@@@Z 00000001800231b0 f   ConEmuPluginBase.obj
 0001:00022260       ?ToUnicode@CPluginBase@@SAPEA_WPEBD@Z 0000000180023260 f   ConEmuPluginBase.obj
 0001:00022300       ?ToOem@CPluginBase@@SAXPEB_WPEAD_J@Z 0000000180023300 f   ConEmuPluginBase.obj
 0001:00022380       ?ToOem@CPluginBase@@SAPEADPEB_W@Z 0000000180023380 f   ConEmuPluginBase.obj
 0001:000223f0       ?ProcessDragFrom@CPluginBase@@QEAAXXZ 00000001800233f0 f   ConEmuPluginBase.obj
 0001:00022cb0       ?ProcessDragTo@CPluginBase@@QEAAXXZ 0000000180023cb0 f   ConEmuPluginBase.obj
 0001:00023170       ?IsCurrentTabModal@CPluginBase@@QEAA_NXZ 0000000180024170 f   ConEmuPluginBase.obj
 0001:00023270       ?PrintText@CPluginBase@@QEAA_NPEB_W@Z 0000000180024270 f   ConEmuPluginBase.obj
 0001:00023410       ?Ptr@?$MFileMapping@UCESERVER_CONSOLE_MAPPING_HDR@@@@QEAAPEAUCESERVER_CONSOLE_MAPPING_HDR@@XZ 0000000180024410 f i ConEmuPluginBase.obj
 0001:00023420       ??$wcscpy_c@$0BBE@@@YAHAEAY0BBE@_WPEB_W@Z 0000000180024420 f i ConEmuPluginBase.obj
 0001:00023450       ??$wcscat_c@$0BBE@@@YAHAEAY0BBE@_WPEB_W@Z 0000000180024450 f i ConEmuPluginBase.obj
 0001:00023480       ??$wcscat_c@$0CAE@@@YAHAEAY0CAE@_WPEB_W@Z 0000000180024480 f i ConEmuPluginBase.obj
 0001:000234b0       ?EvaluateDefaultFontWidth@@YAHHPEB_W@Z 00000001800244b0 f   EmergencyShow.obj
 0001:00023630       ?SetUserFriendlyFont@@YAXPEAUHWND__@@HH@Z 0000000180024630 f   EmergencyShow.obj
 0001:00023bf0       ?CorrectConsolePos@@YAXPEAUHWND__@@@Z 0000000180024bf0 f   EmergencyShow.obj
 0001:00023dd0       ?EmergencyShow@@YAXPEAUHWND__@@HH@Z 0000000180024dd0 f   EmergencyShow.obj
 0001:00023f50       ?IsFileBatch@@YA_NPEB_W@Z  0000000180024f50 f   Execute.obj
 0001:00023ff0       ?GetImageSubsystem@@YA_NPEB_WAEAK11@Z 0000000180024ff0 f   Execute.obj
 0001:00024400       ?GetImageSubsystem@@YA_NAEAK0@Z 0000000180025400 f   Execute.obj
 0001:000244e0       ?GetImageSubsystem@@YA_NU_PROCESS_INFORMATION@@AEAK1@Z 00000001800254e0 f   Execute.obj
 0001:000247e0       ?GetEnclosingSectionHeader@@YAPEAU_IMAGE_SECTION_HEADER@@KPEAUIMAGE_MAPPING@@@Z 00000001800257e0 f   Execute.obj
 0001:00024890       ?GetPtrFromRVA@@YAPEAXKPEAUIMAGE_MAPPING@@@Z 0000000180025890 f   Execute.obj
 0001:00024920       ?FindImageSubsystem@@YA_NPEB_WAEAK1PEAK@Z 0000000180025920 f   Execute.obj
 0001:00025790       ?OnHooksUnloaded@@YAXXZ    0000000180026790 f   HkFunc.obj
 0001:000257a0       ??0HkFunc@@QEAA@XZ         00000001800267a0 f   HkFunc.obj
 0001:000257c0       ?Init@HkFunc@@QEAA_NPEB_WPEAUHINSTANCE__@@@Z 00000001800267c0 f   HkFunc.obj
 0001:000258d0       ?SetInternalMode@HkFunc@@QEAAXXZ 00000001800268d0 f   HkFunc.obj
 0001:000258f0       ?isConEmuHk@HkFunc@@QEAA_NXZ 00000001800268f0 f   HkFunc.obj
 0001:00025920       ?HeapInitialize@@YA_NXZ    0000000180026920 f   Memory.obj
 0001:00025970       ?HeapDeinitialize@@YAXXZ   0000000180026970 f   Memory.obj
 0001:000259a0       ?xf_malloc@@YAPEAX_K@Z     00000001800269a0 f   Memory.obj
 0001:000259d0       ?xf_calloc@@YAPEAX_K0@Z    00000001800269d0 f   Memory.obj
 0001:00025a10       ?xf_realloc@@YAPEAXPEAX_K@Z 0000000180026a10 f   Memory.obj
 0001:00025a60       ?xf_free@@YAXPEAX@Z        0000000180026a60 f   Memory.obj
 0001:00025aa0       ?xf_validate@@YA_NPEAX@Z   0000000180026aa0 f   Memory.obj
 0001:00025af0       ??2@YAPEAX_K@Z             0000000180026af0 f   Memory.obj
 0001:00025b20       ??_U@YAPEAX_K@Z            0000000180026b20 f   Memory.obj
 0001:00025b50       ??3@YAXPEAX@Z              0000000180026b50 f   Memory.obj
 0001:00025b70       ??_V@YAXPEAX@Z             0000000180026b70 f   Memory.obj
 0001:00025b90       ?lstrdup@@YAPEADPEBD@Z     0000000180026b90 f   Memory.obj
 0001:00025c10       ?StringCchCopyA@@YAJPEAD_KPEBD@Z 0000000180026c10 f i Memory.obj
 0001:00025da0       ?lstrdup@@YAPEA_WPEB_W_K@Z 0000000180026da0 f   Memory.obj
 0001:00025f60       ?lstrdupW@@YAPEA_WPEBDI@Z  0000000180026f60 f   Memory.obj
 0001:00026000       ?lstrdupA@@YAPEADPEB_WIPEAH@Z 0000000180027000 f   Memory.obj
 0001:00026150       ?lstrmerge@@YAPEA_WPEB_W0000@Z 0000000180027150 f   Memory.obj
 0001:00026350       ?lstrmerge@@YA_NPEAPEA_WPEB_W111@Z 0000000180027350 f   Memory.obj
 0001:000263d0       ?GetStartupMonitor@@YAPEAUHMONITOR__@@XZ 00000001800273d0 f   Monitors.obj
 0001:000264e0       ?MonitorFromParam@@YAPEAUHMONITOR__@@PEB_W@Z 00000001800274e0 f   Monitors.obj
 0001:00026730       ?FindMonitorsWorkspace@@YAHPEAUHMONITOR__@@PEAUHDC__@@PEAUtagRECT@@_J@Z 0000000180027730 f   Monitors.obj
 0001:000267e0       ?GetAllMonitorsWorkspace@@YA?AUtagRECT@@XZ 00000001800277e0 f   Monitors.obj
 0001:00026870       ?FindPrimaryMonitor@@YAHPEAUHMONITOR__@@PEAUHDC__@@PEAUtagRECT@@_J@Z 0000000180027870 f   Monitors.obj
 0001:00026900       ?GetMonitorInfoSafe@@YA_NPEAUHMONITOR__@@AEAUtagMONITORINFO@@@Z 0000000180027900 f   Monitors.obj
 0001:00026970       ?GetPrimaryMonitorInfo@@YAPEAUHMONITOR__@@PEAUtagMONITORINFO@@@Z 0000000180027970 f   Monitors.obj
 0001:00026a30       ?GetNearestMonitorInfo@@YAPEAUHMONITOR__@@PEAUtagMONITORINFO@@PEAU1@PEBUtagRECT@@PEAUHWND__@@@Z 0000000180027a30 f   Monitors.obj
 0001:00026b60       ?EnumAllMonitors@@YAHPEAUHMONITOR__@@PEAUHDC__@@PEAUtagRECT@@_J@Z 0000000180027b60 f   Monitors.obj
 0001:00026c10       ?MonitorSortCallback@@YAHAEAU_FindAllMonitorsItem@@0@Z 0000000180027c10 f   Monitors.obj
 0001:00026c90       ?GetNextMonitorInfo@@YAPEAUHMONITOR__@@PEAUtagMONITORINFO@@PEBUtagRECT@@_N@Z 0000000180027c90 f   Monitors.obj
 0001:00026f20       ??0_FindAllMonitors@@QEAA@XZ 0000000180027f20 f i Monitors.obj
 0001:00026f40       ??1_FindAllMonitors@@QEAA@XZ 0000000180027f40 f i Monitors.obj
 0001:00026f60       ?FindTaskbarWindow@@YAPEAUHWND__@@PEAUtagRECT@@@Z 0000000180027f60 f   Monitors.obj
 0001:00026fe0       ?IsTaskbarAutoHidden@@YA_NPEAUtagRECT@@PEAI@Z 0000000180027fe0 f   Monitors.obj
 0001:000270d0       ??0?$MArray@U_FindAllMonitorsItem@@@@QEAA@XZ 00000001800280d0 f i Monitors.obj
 0001:00027130       ??1?$MArray@U_FindAllMonitorsItem@@@@QEAA@XZ 0000000180028130 f i Monitors.obj
 0001:00027150       ??A?$MArray@U_FindAllMonitorsItem@@@@QEAAAEAU_FindAllMonitorsItem@@_J@Z 0000000180028150 f i Monitors.obj
 0001:00027170       ?push_back@?$MArray@U_FindAllMonitorsItem@@@@QEAA_JAEBU_FindAllMonitorsItem@@@Z 0000000180028170 f i Monitors.obj
 0001:00027240       ?size@?$MArray@U_FindAllMonitorsItem@@@@QEBA_JXZ 0000000180028240 f i Monitors.obj
 0001:00027250       ?sort@?$MArray@U_FindAllMonitorsItem@@@@QEAAXP6AHAEAU_FindAllMonitorsItem@@0@Z@Z 0000000180028250 f i Monitors.obj
 0001:000273a0       ?clear@?$MArray@U_FindAllMonitorsItem@@@@QEAAXXZ 00000001800283a0 f i Monitors.obj
 0001:000273f0       ?addsize@?$MArray@U_FindAllMonitorsItem@@@@QEAAX_J@Z 00000001800283f0 f i Monitors.obj
 0001:00027530       ??0MSection@@QEAA@XZ       0000000180028530 f   MSection.obj
 0001:00027620       ??1MSection@@QEAA@XZ       0000000180028620 f   MSection.obj
 0001:000276f0       ?Process_Lock@MSection@@IEAAXXZ 00000001800286f0 f   MSection.obj
 0001:00027710       ?Process_Unlock@MSection@@IEAAXXZ 0000000180028710 f   MSection.obj
 0001:00027730       ?ThreadTerminated@MSection@@QEAAXK@Z 0000000180028730 f   MSection.obj
 0001:000277a0       ?AddRef@MSection@@IEAAXK@Z 00000001800287a0 f   MSection.obj
 0001:000278f0       ?ReleaseRef@MSection@@IEAAHK@Z 00000001800288f0 f   MSection.obj
 0001:00027a10       ?WaitUnlocked@MSection@@IEAAXKK@Z 0000000180028a10 f   MSection.obj
 0001:00027ae0       ?MyEnterCriticalSection@MSection@@IEAA_NK@Z 0000000180028ae0 f   MSection.obj
 0001:00027cb0       ?Lock@MSection@@IEAAHHK@Z  0000000180028cb0 f   MSection.obj
 0001:00027e60       ?Unlock@MSection@@IEAAXH@Z 0000000180028e60 f   MSection.obj
 0001:00027ef0       ?isLockedExclusive@MSection@@QEAA_NXZ 0000000180028ef0 f   MSection.obj
 0001:00027f60       ??0MSectionThread@@QEAA@PEAVMSection@@@Z 0000000180028f60 f   MSection.obj
 0001:00027fa0       ??1MSectionThread@@QEAA@XZ 0000000180028fa0 f   MSection.obj
 0001:00027fe0       ??0MSectionLock@@QEAA@XZ   0000000180028fe0 f   MSection.obj
 0001:00028010       ??1MSectionLock@@QEAA@XZ   0000000180029010 f   MSection.obj
 0001:00028040       ?Lock@MSectionLock@@QEAAHPEAVMSection@@HK@Z 0000000180029040 f   MSection.obj
 0001:00028110       ?RelockExclusive@MSectionLock@@QEAAHK@Z 0000000180029110 f   MSection.obj
 0001:000281a0       ?Unlock@MSectionLock@@QEAAXXZ 00000001800291a0 f   MSection.obj
 0001:000281f0       ?isLocked@MSectionLock@@QEAAHH@Z 00000001800291f0 f   MSection.obj
 0001:00028240       ??0MSectionSimple@@QEAA@_N@Z 0000000180029240 f   MSectionSimple.obj
 0001:000282a0       ??1MSectionSimple@@QEAA@XZ 00000001800292a0 f   MSectionSimple.obj
 0001:000282c0       ?IsInitialized@MSectionSimple@@QEAA_NXZ 00000001800292c0 f   MSectionSimple.obj
 0001:00028300       ?Init@MSectionSimple@@QEAAXXZ 0000000180029300 f   MSectionSimple.obj
 0001:00028330       ?Close@MSectionSimple@@QEAAXXZ 0000000180029330 f   MSectionSimple.obj
 0001:00028360       ?Enter@MSectionSimple@@QEAAXXZ 0000000180029360 f   MSectionSimple.obj
 0001:00028380       ?Leave@MSectionSimple@@QEAAXXZ 0000000180029380 f   MSectionSimple.obj
 0001:000283a0       ?TryEnter@MSectionSimple@@QEAA_NXZ 00000001800293a0 f   MSectionSimple.obj
 0001:000283e0       ?RecreateAndLock@MSectionSimple@@QEAA_NXZ 00000001800293e0 f   MSectionSimple.obj
 0001:00028480       ??0MSectionLockSimple@@QEAA@XZ 0000000180029480 f   MSectionSimple.obj
 0001:000284a0       ??1MSectionLockSimple@@QEAA@XZ 00000001800294a0 f   MSectionSimple.obj
 0001:000284d0       ?Lock@MSectionLockSimple@@QEAAHPEAUMSectionSimple@@K@Z 00000001800294d0 f   MSectionSimple.obj
 0001:000285a0       ?Unlock@MSectionLockSimple@@QEAAXXZ 00000001800295a0 f   MSectionSimple.obj
 0001:000285e0       ?isLocked@MSectionLockSimple@@QEAAHXZ 00000001800295e0 f   MSectionSimple.obj
 0001:000285f0       ?NullSecurity@@YAPEAU_SECURITY_ATTRIBUTES@@XZ 00000001800295f0 f   MSecurity.obj
 0001:00028650       ??0MNullDesc@@QEAA@XZ      0000000180029650 f i MSecurity.obj
 0001:000286d0       ?NullSecurity@MNullDesc@@QEAAPEAU_SECURITY_ATTRIBUTES@@XZ 00000001800296d0 f i MSecurity.obj
 0001:00028810       ?LoadAdvApi@MNullDesc@@IEAAHXZ 0000000180029810 f i MSecurity.obj
 0001:00028ad0       ?UnloadAdvApi@MNullDesc@@IEAAXXZ 0000000180029ad0 f i MSecurity.obj
 0001:00028b10       ?LocalSecurity@@YAPEAU_SECURITY_ATTRIBUTES@@XZ 0000000180029b10 f   MSecurity.obj
 0001:00028b70       ?LocalSecurity@MNullDesc@@QEAAPEAU_SECURITY_ATTRIBUTES@@XZ 0000000180029b70 f i MSecurity.obj
 0001:00028e20       ?ShutdownSecurity@@YAXXZ   0000000180029e20 f   MSecurity.obj
 0001:00028e80       ??_GMNullDesc@@QEAAPEAXI@Z 0000000180029e80 f i MSecurity.obj
 0001:00028ec0       ??1MNullDesc@@QEAA@XZ      0000000180029ec0 f i MSecurity.obj
 0001:00028f50       ??0MSetter@@QEAA@PEAJ@Z    0000000180029f50 f   MSetter.obj
 0001:00028fa0       ??0MSetter@@QEAA@PEA_N@Z   0000000180029fa0 f   MSetter.obj
 0001:00028ff0       ??0MSetter@@QEAA@PEAKK@Z   0000000180029ff0 f   MSetter.obj
 0001:00029040       ??1MSetter@@QEAA@XZ        000000018002a040 f   MSetter.obj
 0001:00029060       ?Unlock@MSetter@@QEAAXXZ   000000018002a060 f   MSetter.obj
 0001:00029100       ?msprintf@@YAPEB_WPEA_W_KPEB_WZZ 000000018002a100 f   MStrSafe.obj
 0001:00029ac0       ?msprintf@@YAPEBDPEAD_KPEBDZZ 000000018002aac0 f   MStrSafe.obj
 0001:0002a200       ?lstrcmpni@@YAHPEBD0H@Z    000000018002b200 f   MStrSafe.obj
 0001:0002a370       ?lstrcmpni@@YAHPEB_W0H@Z   000000018002b370 f   MStrSafe.obj
 0001:0002a520       ?startswith@@YAHPEB_W0_N@Z 000000018002b520 f   MStrSafe.obj
 0001:0002a5d0       ??0CPluginBackground@@QEAA@XZ 000000018002b5d0 f   PluginBackground.obj
 0001:0002a880       ??1CPluginBackground@@QEAA@XZ 000000018002b880 f   PluginBackground.obj
 0001:0002ab30       ?RegisterSubplugin@CPluginBackground@@QEAAHPEAURegisterBackgroundArg@@@Z 000000018002bb30 f   PluginBackground.obj
 0001:0002b0a0       ?ReallocItems@CPluginBackground@@IEAAXH@Z 000000018002c0a0 f   PluginBackground.obj
 0001:0002b140       ?OnMainThreadActivated@CPluginBackground@@QEAAXHH@Z 000000018002c140 f   PluginBackground.obj
 0001:0002b2b0       ?SetForceCheck@CPluginBackground@@QEAAXXZ 000000018002c2b0 f   PluginBackground.obj
 0001:0002b2e0       ?SetForceUpdate@CPluginBackground@@QEAAX_N@Z 000000018002c2e0 f   PluginBackground.obj
 0001:0002b320       ?SetForceThLoad@CPluginBackground@@QEAAXXZ 000000018002c320 f   PluginBackground.obj
 0001:0002b360       ?IsParmChanged@CPluginBackground@@IEAA_NPEAUPaintBackgroundArg@@0@Z 000000018002c360 f   PluginBackground.obj
 0001:0002b6b0       ?CheckPanelFolders@CPluginBackground@@IEAAXH@Z 000000018002c6b0 f   PluginBackground.obj
 0001:0002b7e0       ?SetDcPanelRect@CPluginBackground@@IEAAXPEAUtagRECT@@PEAUBkPanelInfo@@PEAUPaintBackgroundArg@@@Z 000000018002c7e0 f   PluginBackground.obj
 0001:0002b980       ?UpdateBackground_Exec@CPluginBackground@@KAXPEAURegisterBackgroundArg@@PEAUPaintBackgroundArg@@@Z 000000018002c980 f   PluginBackground.obj
 0001:0002b9e0       ?UpdateBackground@CPluginBackground@@IEAAXXZ 000000018002c9e0 f   PluginBackground.obj
 0001:0002cab0       ?LoadThSet@CPluginBackground@@IEAAHH@Z 000000018002dab0 f   PluginBackground.obj
 0001:0002cd20       ?MonitorBackground@CPluginBackground@@QEAAXXZ 000000018002dd20 f   PluginBackground.obj
 0001:0002ce00       ?GetTo@?$MFileMapping@UPanelViewSetMapping@@@@QEAA_NPEAUPanelViewSetMapping@@H@Z 000000018002de00 f i PluginBackground.obj
 0001:0002ce60       ?InitName@?$MFileMapping@UPanelViewSetMapping@@@@QEAAPEB_WPEB_WKK@Z 000000018002de60 f i PluginBackground.obj
 0001:0002cec0       ?CloseMap@?$MFileMapping@UPanelViewSetMapping@@@@QEAAXXZ 000000018002dec0 f i PluginBackground.obj
 0001:0002cf50       ?Open@?$MFileMapping@UPanelViewSetMapping@@@@QEAAPEAUPanelViewSetMapping@@HH@Z 000000018002df50 f i PluginBackground.obj
 0001:0002cf80       ??0?$MFileMapping@UPanelViewSetMapping@@@@QEAA@XZ 000000018002df80 f i PluginBackground.obj
 0001:0002cff0       ??1?$MFileMapping@UPanelViewSetMapping@@@@QEAA@XZ 000000018002dff0 f i PluginBackground.obj
 0001:0002d020       ?IsValid@?$MFileMapping@UPanelViewSetMapping@@@@QEAA_NXZ 000000018002e020 f i PluginBackground.obj
 0001:0002d050       ?ClosePtr@?$MFileMapping@UPanelViewSetMapping@@@@QEAAXXZ 000000018002e050 f i PluginBackground.obj
 0001:0002d090       ?InternalOpenCreate@?$MFileMapping@UPanelViewSetMapping@@@@IEAAPEAUPanelViewSetMapping@@HHH@Z 000000018002e090 f i PluginBackground.obj
 0001:0002d470       ?PlugServerInit@@YAXXZ     000000018002e470 f   PluginSrv.obj
 0001:0002d480       ?PlugServerStart@@YA_NXZ   000000018002e480 f   PluginSrv.obj
 0001:0002d5c0       ?PlugServerStop@@YAX_N@Z   000000018002e5c0 f   PluginSrv.obj
 0001:0002d620       ?cmd_FarSetChanged@@YAXPEAUFAR_REQ_FARSETCHANGED@@@Z 000000018002e620 f   PluginSrv.obj
 0001:0002d6a0       ?PlugServerCommand@@YAHPEAXPEAUCESERVER_REQ@@AEAPEAU1@AEAK3_J@Z 000000018002e6a0 f   PluginSrv.obj
 0001:0002e0d0       ?PlugServerFree@@YAXPEAUCESERVER_REQ@@_J@Z 000000018002f0d0 f   PluginSrv.obj
 0001:0002e0f0       ?SetOverlapped@?$PipeServer@UCESERVER_REQ@@@@QEAAX_N@Z 000000018002f0f0 f i PluginSrv.obj
 0001:0002e110       ?SetLoopCommands@?$PipeServer@UCESERVER_REQ@@@@QEAAX_N@Z 000000018002f110 f i PluginSrv.obj
 0001:0002e130       ?SetDummyAnswerSize@?$PipeServer@UCESERVER_REQ@@@@QEAAXH@Z 000000018002f130 f i PluginSrv.obj
 0001:0002e150       ?SetMaxCount@?$PipeServer@UCESERVER_REQ@@@@QEAAXH@Z 000000018002f150 f i PluginSrv.obj
 0001:0002e1a0       ?StartPipeServer@?$PipeServer@UCESERVER_REQ@@@@QEAA_N_NPEB_W_JPEAU_SECURITY_ATTRIBUTES@@P6AHPEAXPEAUCESERVER_REQ@@AEAPEAU3@AEAK72@ZP6AX52@ZP6AH42@ZP6AH42@ZP6AH42@Z@Z 000000018002f1a0 f i PluginSrv.obj
 0001:0002e410       ?StopPipeServer@?$PipeServer@UCESERVER_REQ@@@@QEAAX_NAEA_N@Z 000000018002f410 f i PluginSrv.obj
 0001:0002ed40       ?BreakConnection@?$PipeServer@UCESERVER_REQ@@@@QEAAXPEAX@Z 000000018002fd40 f i PluginSrv.obj
 0001:0002ed70       ?DumpError@?$PipeServer@UCESERVER_REQ@@@@IEAAXPEAUPipeInst@1@PEB_WH@Z 000000018002fd70 f i PluginSrv.obj
 0001:0002eeb0       ?_Disconnect@?$PipeServer@UCESERVER_REQ@@@@IEAAXPEAUPipeInst@1@_N11@Z 000000018002feb0 f i PluginSrv.obj
 0001:0002ef60       ?StartPipeInstance@?$PipeServer@UCESERVER_REQ@@@@IEAA_NPEAUPipeInst@1@@Z 000000018002ff60 f i PluginSrv.obj
 0001:0002f1d0       ?TerminatePipeThread@?$PipeServer@UCESERVER_REQ@@@@KAXAEAPEAXAEBUPipeInst@1@AEA_N@Z 00000001800301d0 f i PluginSrv.obj
 0001:0002f290       ?_PipeServerThread@?$PipeServer@UCESERVER_REQ@@@@KAKPEAX@Z 0000000180030290 f i PluginSrv.obj
 0001:0002f330       ?PipeServerThread@?$PipeServer@UCESERVER_REQ@@@@IEAAKPEAUPipeInst@1@@Z 0000000180030330 f i PluginSrv.obj
 0001:0002f880       ?PipeServerRead@?$PipeServer@UCESERVER_REQ@@@@IEAAHPEAUPipeInst@1@@Z 0000000180030880 f i PluginSrv.obj
 0001:0002fcf0       ?PipeServerWrite@?$PipeServer@UCESERVER_REQ@@@@IEAAHPEAUPipeInst@1@PEBXKPEAKH@Z 0000000180030cf0 f i PluginSrv.obj
 0001:0002ff30       ?WaitForClient@?$PipeServer@UCESERVER_REQ@@@@IEAA_NPEAUPipeInst@1@AEAH1@Z 0000000180030f30 f i PluginSrv.obj
 0001:00030540       ?WriteDummyAnswer@?$PipeServer@UCESERVER_REQ@@@@IEAAHPEAUPipeInst@1@@Z 0000000180031540 f i PluginSrv.obj
 0001:000305e0       ?WaitOverlapped@?$PipeServer@UCESERVER_REQ@@@@IEAAHPEAUPipeInst@1@PEAK@Z 00000001800315e0 f i PluginSrv.obj
 0001:000308d0       ?AllocRequestBuf@PipeInst@?$PipeServer@UCESERVER_REQ@@@@QEAAPEAUCESERVER_REQ@@K@Z 00000001800318d0 f i PluginSrv.obj
 0001:00030970       ??$wcscpy_c@$0BAE@@@YAHAEAY0BAE@_WPEB_W@Z 0000000180031970 f i PluginSrv.obj
 0001:00030ad0       ?SetConEmuEnvHWND@@YAXPEB_WPEAUHWND__@@@Z 0000000180031ad0 f   SetEnvVar.obj
 0001:00030b30       ?SetConEmuEnvVar@@YAXPEAUHWND__@@@Z 0000000180031b30 f   SetEnvVar.obj
 0001:00030bb0       ?SetConEmuEnvVarChild@@YAXPEAUHWND__@@0@Z 0000000180031bb0 f   SetEnvVar.obj
 0001:00030bf0       ?SetConEmuWorkEnvVar@@YAXPEAUHINSTANCE__@@@Z 0000000180031bf0 f   SetEnvVar.obj
 0001:00030dc0       ??0CEnvStrings@@QEAA@PEA_W@Z 0000000180031dc0 f   SetEnvVar.obj
 0001:00030e80       ??1CEnvStrings@@QEAA@XZ    0000000180031e80 f   SetEnvVar.obj
 0001:00030ec0       ?ShutdownConsole@@YAXXZ    0000000180031ec0 f   WConsole.obj
 0001:00030f10       ?SetConsoleInfo@@YAHPEAUHWND__@@PEAU_CONSOLE_INFO@@@Z 0000000180031f10 f   WConsole.obj
 0001:00031240       ?GetConsoleSizeInfo@@YAXPEAU_CONSOLE_INFO@@@Z 0000000180032240 f   WConsole.obj
 0001:00031310       ?apiGetConsoleScreenBufferInfoEx@@YAHPEAXPEAUMY_CONSOLE_SCREEN_BUFFER_INFOEX@@@Z 0000000180032310 f   WConsole.obj
 0001:00031390       ?apiSetConsoleScreenBufferInfoEx@@YAHPEAXPEAUMY_CONSOLE_SCREEN_BUFFER_INFOEX@@@Z 0000000180032390 f   WConsole.obj
 0001:00031430       ?apiGetCurrentConsoleFontEx@@YAHPEAXHPEAUMY_CONSOLE_FONT_INFOEX@@@Z 0000000180032430 f   WConsole.obj
 0001:000314c0       ?apiSetCurrentConsoleFontEx@@YAHPEAXHPEAUMY_CONSOLE_FONT_INFOEX@@@Z 00000001800324c0 f   WConsole.obj
 0001:00031550       ?apiInitConsoleFontSize@@YAHPEAX@Z 0000000180032550 f   WConsole.obj
 0001:000315f0       ?apiGetConsoleFontSize@@YAHPEAXAEAH1AEAY0CA@_W@Z 00000001800325f0 f   WConsole.obj
 0001:000316c0       ?apiSetConsoleFontSize@@YAHPEAXHHPEB_W@Z 00000001800326c0 f   WConsole.obj
 0001:00031830       ?apiFixFontSizeForBufferSize@@YAHPEAXU_COORD@@PEADH@Z 0000000180032830 f   WConsole.obj
 0001:00031f10       ?SetConsoleFontSizeTo@@YAXPEAUHWND__@@HHPEB_WGG@Z 0000000180032f10 f   WConsole.obj
 0001:00032510       ?apiPauseConsoleOutput@@YAHPEAUHWND__@@_N@Z 0000000180033510 f   WConsole.obj
 0001:00032670       ?apiGetConsoleSelectionInfo@@YAHPEAU_CONSOLE_SELECTION_INFO@@@Z 0000000180033670 f   WConsole.obj
 0001:00032790       ?MyGetLargestConsoleWindowSize@@YA?AU_COORD@@PEAX@Z 0000000180033790 f   WConsole.obj
 0001:00032820       ?SearchAppPaths@@YA_NPEB_WAEAUCmdArg@@_NPEAU1@@Z 0000000180033820 f   WFiles.obj
 0001:00032ec0       ?GetFullPathNameEx@@YAPEA_WPEB_W@Z 0000000180033ec0 f   WFiles.obj
 0001:00032fc0       ?FindFileName@@YA_NPEB_WAEAUCmdArg@@@Z 0000000180033fc0 f   WFiles.obj
 0001:00033210       ?MakePathProperCase@@YA_NAEAUCmdArg@@@Z 0000000180034210 f   WFiles.obj
 0001:00033540       ?ReadTextFile@@YAHPEB_WKAEAPEA_WAEAK2K@Z 0000000180034540 f   WFiles.obj
 0001:00033b70       ?WriteTextFile@@YAHPEB_W0HK_NPEAK@Z 0000000180034b70 f   WFiles.obj
 0001:00033f30       ?FilesExists@@YA_NPEB_W0_NH@Z 0000000180034f30 f   WFiles.obj
 0001:000340d0       ?IsDotsName@@YA_NPEB_W@Z   00000001800350d0 f   WFiles.obj
 0001:00034130       ?FileExistSubDir@@YA_NPEB_W0HAEAUCmdArg@@@Z 0000000180035130 f   WFiles.obj
 0001:00034370       ?DirectoryExists@@YA_NPEB_W@Z 0000000180035370 f   WFiles.obj
 0001:00034510       ?MyCreateDirectory@@YA_NPEA_W@Z 0000000180035510 f   WFiles.obj
 0001:00034660       ?FileCompare@@YA_NPEB_W0@Z 0000000180035660 f   WFiles.obj
 0001:00034950       ?apiCancelSynchronousIo@@YAHPEAX@Z 0000000180035950 f   WFiles.obj
 0001:00034a10       ?HasZoneIdentifier@@YA_NPEB_WAEAH@Z 0000000180035a10 f   WFiles.obj
 0001:00034b40       ?DropZoneIdentifier@@YA_NPEB_WAEAK@Z 0000000180035b40 f   WFiles.obj
 0001:00034c50       ?getWindowInfo@@YAXPEAUHWND__@@AEAY0EAA@_W_NPEAK@Z 0000000180035c50 f   WObjects.obj
 0001:00034e60       ?FileExists@@YA_NPEB_WPEAK@Z 0000000180035e60 f   WObjects.obj
 0001:00035080       ?FileSearchInDir@@YA_NPEB_WAEAUCmdArg@@@Z 0000000180036080 f   WObjects.obj
 0001:000352a0       ?FileExistsSearch@@YA_NPEB_WAEAUCmdArg@@_N2@Z 00000001800362a0 f   WObjects.obj
 0001:000353e0       ?GetShortFileName@@YA_NPEB_WHPEA_WH@Z 00000001800363e0 f   WObjects.obj
 0001:00035660       ?GetShortFileNameEx@@YAPEA_WPEB_WH@Z 0000000180036660 f   WObjects.obj
 0001:00035ba0       ?GetModulePathName@@YAKPEAUHINSTANCE__@@AEAUCmdArg@@@Z 0000000180036ba0 f   WObjects.obj
 0001:00035c70       ?IsWine@@YA_NXZ            0000000180036c70 f   WObjects.obj
 0001:00035e00       ?IsWinPE@@YA_NXZ           0000000180036e00 f   WObjects.obj
 0001:00035eb0       ?GetOsVersionInformational@@YA_NPEAU_OSVERSIONINFOW@@@Z 0000000180036eb0 f   WObjects.obj
 0001:00035ef0       ?IsWinVerOrHigher@@YA_NG@Z 0000000180036ef0 f   WObjects.obj
 0001:00035fc0       ?IsWinVerEqual@@YA_NG@Z    0000000180036fc0 f   WObjects.obj
 0001:00036090       ?IsWin2kEql@@YA_NXZ        0000000180037090 f   WObjects.obj
 0001:000360f0       ?IsWin5family@@YA_NXZ      00000001800370f0 f   WObjects.obj
 0001:000361b0       ?IsWinXPSP1@@YA_NXZ        00000001800371b0 f   WObjects.obj
 0001:000362a0       ?IsWin6@@YA_NXZ            00000001800372a0 f   WObjects.obj
 0001:00036300       ?IsWin7@@YA_NXZ            0000000180037300 f   WObjects.obj
 0001:00036360       ?IsWin8@@YA_NXZ            0000000180037360 f   WObjects.obj
 0001:000363c0       ?IsWin8_1@@YA_NXZ          00000001800373c0 f   WObjects.obj
 0001:00036420       ?IsWin10@@YA_NXZ           0000000180037420 f   WObjects.obj
 0001:00036500       ?IsDbcs@@YA_NXZ            0000000180037500 f   WObjects.obj
 0001:00036540       ?IsWindows64@@YA_NXZ       0000000180037540 f   WObjects.obj
 0001:00036570       ?IsHwFullScreenAvailable@@YA_NXZ 0000000180037570 f   WObjects.obj
 0001:00036600       ?IsVsNetHostExe@@YA_NPEB_W@Z 0000000180037600 f   WObjects.obj
 0001:000366a0       ?IsGDB@@YA_NPEB_W@Z        00000001800376a0 f   WObjects.obj
 0001:00036710       ?GetProcessBits@@YAHKPEAX@Z 0000000180037710 f   WObjects.obj
 0001:00036860       ?GetProcessInfo@@YA_NKPEAUtagPROCESSENTRY32W@@@Z 0000000180037860 f   WObjects.obj
 0001:00036950       ?isTerminalMode@@YA_NXZ    0000000180037950 f   WObjects.obj
 0001:00036ca0       ?IsModuleValid@@YA_NPEAUHINSTANCE__@@H@Z 0000000180037ca0 f   WObjects.obj
 0001:00036e40       ?CheckCallbackPtr@@YA_NPEAUHINSTANCE__@@_KPEAP6A_JXZHHH@Z 0000000180037e40 f   WObjects.obj
 0001:00037030       ?ExpandMacroValues@@YAPEA_WPEB_WPEAPEB_W_K@Z 0000000180038030 f   WObjects.obj
 0001:00037280       ?ExpandEnvStr@@YAPEA_WPEB_W@Z 0000000180038280 f   WObjects.obj
 0001:00037390       ?GetEnvVar@@YAPEA_WPEB_W@Z 0000000180038390 f   WObjects.obj
 0001:00037480       ?GetComspecFromEnvVar@@YAPEB_WPEA_WKW4ComSpecBits@@@Z 0000000180038480 f   WObjects.obj
 0001:000377e0       ?GetComspec@@YAPEA_WPEBUConEmuComspec@@@Z 00000001800387e0 f   WObjects.obj
 0001:00037aa0       ?IsExportEnvVarAllowed@@YA_NPEB_W@Z 0000000180038aa0 f   WObjects.obj
 0001:00037b20       ?ApplyExportEnvVar@@YAXPEB_W@Z 0000000180038b20 f   WObjects.obj
 0001:00037be0       ?CoordInSmallRect@@YA_NAEBU_COORD@@AEBU_SMALL_RECT@@@Z 0000000180038be0 f   WObjects.obj
 0001:00037c60       ?GetCpFromString@@YAIPEB_WPEAPEB_W@Z 0000000180038c60 f   WObjects.obj
 0001:00037ec0       ??$wcscpy_c@$0EAA@@@YAHAEAY0EAA@_WPEB_W@Z 0000000180038ec0 f i WObjects.obj
 0001:00037ef0       ??$wcscpy_c@$0BAA@@@YAHAEAY0BAA@_WPEB_W@Z 0000000180038ef0 f i WObjects.obj
 0001:00037f20       ?apiThreadHelper@@YAKPEAX@Z 0000000180038f20 f   WThreads.obj
 0001:00038110       ?apiCreateThread@@YAPEAXP6AKPEAX@Z0PEAKPEBDH@Z 0000000180039110 f   WThreads.obj
 0001:00038310       ??0ConEmuThreadStartArg@@QEAA@P6AKPEAX@Z0K@Z 0000000180039310 f i WThreads.obj
 0001:00038370       ?apiTerminateThreadEx@@YAHPEAXKPEBDH@Z 0000000180039370 f   WThreads.obj
 0001:00038500       ?SetThreadName@@YAXKPEAD@Z 0000000180039500 f   WThreads.obj
 0001:00038560       ?apiSetForegroundWindow@@YA_NPEAUHWND__@@@Z 0000000180039560 f   WUser.obj
 0001:000385a0       ?apiShowWindow@@YA_NPEAUHWND__@@H@Z 00000001800395a0 f   WUser.obj
 0001:000385e0       ?apiShowWindowAsync@@YA_NPEAUHWND__@@H@Z 00000001800395e0 f   WUser.obj
 0001:00038620       ?IsUserAdmin@@YA_NXZ       0000000180039620 f   WUser.obj
 0001:00038780       ?GetLogonSID@@YA_NPEAXPEAPEA_W@Z 0000000180039780 f   WUser.obj
 0001:000388e0       ?RemoveOldComSpecC@@YAXXZ  00000001800398e0 f   WUser.obj
 0001:00038a30       ?DuplicateProcessHandle@@YAPEAXK@Z 0000000180039a30 f   WUser.obj
 0001:00038ac0       ?FindComspec@@YAXPEAUConEmuComspec@@_N@Z 0000000180039ac0 f   WUser.obj
 0001:000396b0       ?UpdateComspec@@YAXPEAUConEmuComspec@@_N@Z 000000018003a6b0 f   WUser.obj
 0001:00039af0       ?SetEnvVarExpanded@@YAXPEB_W0@Z 000000018003aaf0 f   WUser.obj
 0001:00039d40       wcsrchr                    000000018003ad40 f   libCRT64:strrchr.obj
 0001:00039d70       wcschr                     000000018003ad70 f   libCRT64:strchr.obj
 0001:00039d90       strpbrk                    000000018003ad90 f   libCRT64:strpbrk.obj
 0001:00039e30       wcspbrk                    000000018003ae30 f   libCRT64:strpbrk.obj
 0001:00039e80       wcsncmp                    000000018003ae80 f   libCRT64:strncmp.obj
 0001:00039ec0       strrchr                    000000018003aec0 f   libCRT64:strrchr.obj
 0001:00039ef0       wcsstr                     000000018003aef0 f   libCRT64:strstr.obj
 0001:00039f60       memset                     000000018003af60 f   libCRT64:memset.obj
 0001:00039f90       memmove                    000000018003af90 f   libCRT64:memmove.obj
 0001:00039ff0       memcpy                     000000018003aff0 f   libCRT64:memcpy.obj
 0001:0003a020       memcmp                     000000018003b020 f   libCRT64:memcmp.obj
 0001:0003a050       iswdigit                   000000018003b050 f i libCRT64:strtol.obj
 0001:0003a060       iswspace                   000000018003b060 f i libCRT64:strtol.obj
 0001:0003a250       wcstol                     000000018003b250 f   libCRT64:strtol.obj
 0001:0003a260       wcstoul                    000000018003b260 f   libCRT64:strtol.obj
 0001:0003a270       strchr                     000000018003b270 f   libCRT64:strchr.obj
 0001:0003a288       lstrlenW                   000000018003b288 f   kernel32:KERNEL32.dll
 0001:0003a28e       SetEnvironmentVariableW    000000018003b28e f   kernel32:KERNEL32.dll
 0001:0003a294       lstrcpynW                  000000018003b294 f   kernel32:KERNEL32.dll
 0001:0003a29a       lstrcmpiW                  000000018003b29a f   kernel32:KERNEL32.dll
 0001:0003a2a0       lstrcmpW                   000000018003b2a0 f   kernel32:KERNEL32.dll
 0001:0003a2a6       GetCurrentDirectoryW       000000018003b2a6 f   kernel32:KERNEL32.dll
 0001:0003a2ac       SearchPathW                000000018003b2ac f   kernel32:KERNEL32.dll
 0001:0003a2b2       GetProcAddress             000000018003b2b2 f   kernel32:KERNEL32.dll
 0001:0003a2b8       GetModuleHandleW           000000018003b2b8 f   kernel32:KERNEL32.dll
 0001:0003a2be       GetModuleFileNameW         000000018003b2be f   kernel32:KERNEL32.dll
 0001:0003a2c4       SetNamedPipeHandleState    000000018003b2c4 f   kernel32:KERNEL32.dll
 0001:0003a2ca       GetCurrentProcessId        000000018003b2ca f   kernel32:KERNEL32.dll
 0001:0003a2d0       Sleep                      000000018003b2d0 f   kernel32:KERNEL32.dll
 0001:0003a2d6       SetLastError               000000018003b2d6 f   kernel32:KERNEL32.dll
 0001:0003a2dc       WaitNamedPipeW             000000018003b2dc f   kernel32:KERNEL32.dll
 0001:0003a2e2       WaitForSingleObject        000000018003b2e2 f   kernel32:KERNEL32.dll
 0001:0003a2e8       GetLastError               000000018003b2e8 f   kernel32:KERNEL32.dll
 0001:0003a2ee       CreateFileW                000000018003b2ee f   kernel32:KERNEL32.dll
 0001:0003a2f4       GetTickCount               000000018003b2f4 f   kernel32:KERNEL32.dll
 0001:0003a2fa       IsDebuggerPresent          000000018003b2fa f   kernel32:KERNEL32.dll
 0001:0003a300       GetCurrentThreadId         000000018003b300 f   kernel32:KERNEL32.dll
 0001:0003a306       ReadFile                   000000018003b306 f   kernel32:KERNEL32.dll
 0001:0003a30c       CloseHandle                000000018003b30c f   kernel32:KERNEL32.dll
 0001:0003a312       TransactNamedPipe          000000018003b312 f   kernel32:KERNEL32.dll
 0001:0003a318       WriteFile                  000000018003b318 f   kernel32:KERNEL32.dll
 0001:0003a31e       GetConsoleWindow           000000018003b31e f   kernel32:KERNEL32.dll
 0001:0003a324       UnmapViewOfFile            000000018003b324 f   kernel32:KERNEL32.dll
 0001:0003a32a       MapViewOfFile              000000018003b32a f   kernel32:KERNEL32.dll
 0001:0003a330       OpenFileMappingW           000000018003b330 f   kernel32:KERNEL32.dll
 0001:0003a336       LoadLibraryW               000000018003b336 f   kernel32:KERNEL32.dll
 0001:0003a33c       CreateFileMappingW         000000018003b33c f   kernel32:KERNEL32.dll
 0001:0003a342       VirtualProtect             000000018003b342 f   kernel32:KERNEL32.dll
 0001:0003a348       lstrcpyW                   000000018003b348 f   kernel32:KERNEL32.dll
 0001:0003a34e       MultiByteToWideChar        000000018003b34e f   kernel32:KERNEL32.dll
 0001:0003a354       lstrcpynA                  000000018003b354 f   kernel32:KERNEL32.dll
 0001:0003a35a       lstrlenA                   000000018003b35a f   kernel32:KERNEL32.dll
 0001:0003a360       WideCharToMultiByte        000000018003b360 f   kernel32:KERNEL32.dll
 0001:0003a366       lstrcpyA                   000000018003b366 f   kernel32:KERNEL32.dll
 0001:0003a36c       Module32NextW              000000018003b36c f   kernel32:KERNEL32.dll
 0001:0003a372       Module32FirstW             000000018003b372 f   kernel32:KERNEL32.dll
 0001:0003a378       CreateToolhelp32Snapshot   000000018003b378 f   kernel32:KERNEL32.dll
 0001:0003a37e       GetConsoleCursorInfo       000000018003b37e f   kernel32:KERNEL32.dll
 0001:0003a384       GetConsoleScreenBufferInfo 000000018003b384 f   kernel32:KERNEL32.dll
[...]
 0003:00003390       ?gNullDesc@@3PEAVMNullDesc@@EA 0000000180059390     MSecurity.obj
 0003:00003398       ?gbNeedBgActivate@@3HA     0000000180059398     PluginBackground.obj
 0003:0000339c       ?gbBgPluginsAllowed@@3HA   000000018005939c     PluginBackground.obj
 0003:000033a0       ?gpBgPlugin@@3PEAVCPluginBackground@@EA 00000001800593a0     PluginBackground.obj
 0003:000033b0       ?gszPluginServerPipe@@3PA_WA 00000001800593b0     PluginSrv.obj
 0003:000035b8       ?gpPlugServer@@3PEAU?$PipeServer@UCESERVER_REQ@@@@EA 00000001800595b8     PluginSrv.obj
 0003:000035c0       ?ghServerTerminateEvent@@3PEAXEA 00000001800595c0     PluginSrv.obj
 0003:000035c8       ?gbForcedServerTermination@@3_NA 00000001800595c8     PluginSrv.obj
 0003:000035d0       ?gpConsoleInfoStr@@3PEAU_CONSOLE_INFO@@EA 00000001800595d0     WConsole.obj
 0003:000035d8       ?ghConsoleSection@@3PEAXEA 00000001800595d8     WConsole.obj
 0003:000035e0       ?g_LastSetConsoleFont@@3UMY_CONSOLE_FONT_INFOEX@@A 00000001800595e0     WConsole.obj
 0003:00003698       ?gfnSearchAppPaths@@3P6A_NPEB_WAEAUCmdArg@@_NPEAU1@@ZEA 0000000180059698     WObjects.obj
 0003:0000bf20       ?g_ThreadsIdx@@3JA         0000000180061f20     WThreads.obj
 0003:0000bf30       _aenvptr                   0000000180061f30     LIBCMT:dllcrt0.obj
 0003:0000bf38       _wenvptr                   0000000180061f38     LIBCMT:dllcrt0.obj
 0003:0000bf40       __error_mode               0000000180061f40     LIBCMT:dllcrt0.obj
 0003:0000bf44       __app_type                 0000000180061f44     LIBCMT:dllcrt0.obj
 0003:0000bf48       _umaskval                  0000000180061f48     LIBCMT:crt0dat.obj
 0003:0000bf4c       _osplatform                0000000180061f4c     LIBCMT:crt0dat.obj
 0003:0000bf50       _osver                     0000000180061f50     LIBCMT:crt0dat.obj
 0003:0000bf54       _winver                    0000000180061f54     LIBCMT:crt0dat.obj
 0003:0000bf58       _winmajor                  0000000180061f58     LIBCMT:crt0dat.obj
 0003:0000bf5c       _winminor                  0000000180061f5c     LIBCMT:crt0dat.obj
 0003:0000bf60       __argc                     0000000180061f60     LIBCMT:crt0dat.obj
 0003:0000bf64       _exitflag                  0000000180061f64     LIBCMT:crt0dat.obj
 0003:0000bf68       __argv                     0000000180061f68     LIBCMT:crt0dat.obj
 0003:0000bf70       __wargv                    0000000180061f70     LIBCMT:crt0dat.obj
 0003:0000bf78       _environ                   0000000180061f78     LIBCMT:crt0dat.obj
 0003:0000bf80       __initenv                  0000000180061f80     LIBCMT:crt0dat.obj
 0003:0000bf88       _wenviron                  0000000180061f88     LIBCMT:crt0dat.obj
 0003:0000bf90       __winitenv                 0000000180061f90     LIBCMT:crt0dat.obj
 0003:0000bf98       _pgmptr                    0000000180061f98     LIBCMT:crt0dat.obj
 0003:0000bfa0       _wpgmptr                   0000000180061fa0     LIBCMT:crt0dat.obj
 0003:0000bfa8       _C_Termination_Done        0000000180061fa8     LIBCMT:crt0dat.obj
 0003:0000bfac       _C_Exit_Done               0000000180061fac     LIBCMT:crt0dat.obj
 0003:0000c0b8       _crtheap                   00000001800620b8     LIBCMT:heapinit.obj
 0003:0000c610       ?__pInconsistency@@3P6AXXZEA 0000000180062610     LIBCMT:hooks.obj
 0003:0000c648       ?_pnhHeap@@3P6AH_K@ZEA     0000000180062648     LIBCMT:handler.obj
 0003:0000c650       __locale_changed           0000000180062650     LIBCMT:setlocal.obj
 0003:0000c658       __lc_handle                0000000180062658     LIBCMT:nlsdata2.obj
 0003:0000c670       __lc_codepage              0000000180062670     LIBCMT:nlsdata2.obj
 0003:0000c674       __lc_collate_cp            0000000180062674     LIBCMT:nlsdata2.obj
 0003:0000c680       __mbulinfo                 0000000180062680     LIBCMT:mbctype.obj
 0003:0000c68c       __mbcodepage               000000018006268c     LIBCMT:mbctype.obj
 0003:0000c690       __ismbcodepage             0000000180062690     LIBCMT:mbctype.obj
 0003:0000c694       __mblcid                   0000000180062694     LIBCMT:mbctype.obj
 0003:0000c698       _maxwait                   0000000180062698     LIBCMT:crtheap.obj
 0003:0000c69c       _newmode                   000000018006269c     LIBCMT:_newmode.obj
 0003:0000cc38       __lconv_static_null        0000000180062c38     LIBCMT:lconv.obj
 0003:0000cc3c       __lconv_static_W_null      0000000180062c3c     LIBCMT:lconv.obj
 0003:0000ccfc       __setlc_active             0000000180062cfc     <common>
 0003:0000cd00       __unguarded_readlc_active  0000000180062d00     <common>
 0003:0000cd04       _nhandle                   0000000180062d04     <common>
 0003:0000cd20       __pioinfo                  0000000180062d20     <common>
 0003:0000cf20       __env_initialized          0000000180062f20     <common>
 0003:0000cf28       __onexitend                0000000180062f28     <common>
 0003:0000cf30       __onexitbegin              0000000180062f30     <common>
 0003:0000cf38       __mbctype_initialized      0000000180062f38     <common>
 0003:0000cf40       _FPinit                    0000000180062f40     <common>
 0003:0000cf48       __initenv_end              0000000180062f48     <common>
 0003:0000cf50       __winitenv_end             0000000180062f50     <common>
 0003:0000cf58       __dyn_tls_init_callback    0000000180062f58     <common>
 0003:0000cf60       _acmdln                    0000000180062f60     <common>
 0003:0000cf68       _pRawDllMain               0000000180062f68     <common>
 0003:0000cf70       _pDestructExceptionObject  0000000180062f70     <common>

 entry point at        0001:0003addc

 Static symbols

 0001:000006b0       ?StringValidateDestW@@YAJPEB_W_K_K@Z 00000001800016b0 f   CmdArg.obj
 0001:000006f0       ?StringCopyWorkerW@@YAJPEA_W_KPEA_KPEB_W1@Z 00000001800016f0 f   CmdArg.obj
 0001:000050c0       ?StringValidateDestW@@YAJPEB_W_K_K@Z 00000001800060c0 f   ConEmuCheck.obj
 0001:00005100       ?StringCopyWorkerW@@YAJPEA_W_KPEA_KPEB_W1@Z 0000000180006100 f   ConEmuCheck.obj
 0001:00007310       ?StringValidateDestW@@YAJPEB_W_K_K@Z 0000000180008310 f   ConEmuCheckEx.obj
 0001:00007350       ?StringCopyWorkerW@@YAJPEA_W_KPEA_KPEB_W1@Z 0000000180008350 f   ConEmuCheckEx.obj
 0001:00007560       ?StringValidateDestAndLengthW@@YAJPEB_W_KPEA_K_K@Z 0000000180008560 f   ConEmuCheckEx.obj
 0001:000075d0       ?StringLengthWorkerW@@YAJPEB_W_KPEA_K@Z 00000001800085d0 f   ConEmuCheckEx.obj
 0001:00007e30       ?StringValidateDestW@@YAJPEB_W_K_K@Z 0000000180008e30 f   ConEmuInjects.obj
 0001:00007e70       ?StringCopyWorkerW@@YAJPEA_W_KPEA_KPEB_W1@Z 0000000180008e70 f   ConEmuInjects.obj
 0001:00008c10       ?ChangeExports@@YA_NPEBUExportFunc@@PEAUHINSTANCE__@@@Z 0000000180009c10 f   ConEmuPlugin.obj
 0001:0000c9c0       ?GetFarSetting@@YAHPEAX_KPEB_W@Z 000000018000d9c0 f   ConEmuPlugin1900.obj
 0001:0000cd30       ?CallGuiMacroProc@@YAXXZ   000000018000dd30 f   ConEmuPlugin1900.obj
 0001:0000d180       ?CallGuiMacroDlg@@YA_JPEAXHH0@Z 000000018000e180 f   ConEmuPlugin1900.obj
 0001:0000d880       ?MAKEFARVERSION@@YA?AUVersionInfo@@KKKKW4VERSION_STAGE@@@Z 000000018000e880 f   ConEmuPlugin2800.obj
 0001:0000f5c0       ?WExists@@YA_JAEBUWindowInfo@@AEBV?$MArray@UWindowInfo@@@@@Z 00000001800105c0 f   ConEmuPlugin2800.obj
 0001:00010b50       ?GetFarSetting@@YAHPEAX_KPEB_W@Z 0000000180011b50 f   ConEmuPlugin2800.obj
 0001:00010ee0       ?CallGuiMacroProc@@YAXXZ   0000000180011ee0 f   ConEmuPlugin2800.obj
 0001:00011320       ?CallGuiMacroDlg@@YA_JPEAX_J10@Z 0000000180012320 f   ConEmuPlugin2800.obj
 0001:00011940       ?FreeMacroResult@@YAXPEAXPEAUFarMacroValue@@_K@Z 0000000180012940 f   ConEmuPlugin2800.obj
 0001:000145d0       ?CallGuiMacroProc@@YAXXZ   00000001800155d0 f   ConEmuPlugin995.obj
 0001:000149d0       ?CallGuiMacroDlg@@YA_JPEAXHH_J@Z 00000001800159d0 f   ConEmuPlugin995.obj
 0001:00017000       ?CallGuiMacroProc@@YAXXZ   0000000180018000 f   ConEmuPluginA.obj
 0001:00017420       ?CallGuiMacroDlg@@YA_JPEAXHH_J@Z 0000000180018420 f   ConEmuPluginA.obj
 0001:000183a0       ?LoadFarVersion@@YA_NAEAUFarVersion@@AEAY0CAA@_W@Z 00000001800193a0 f   ConEmuPluginBase.obj
 0001:00018440       ?SetDefaultFarVersion@@YAXAEAUFarVersion@@@Z 0000000180019440 f   ConEmuPluginBase.obj
 0001:000184a0       ?LoadFarVersion@@YA_NPEB_WAEAUFarVersion@@AEAY0CAA@_W@Z 00000001800194a0 f   ConEmuPluginBase.obj
 0001:00018510       ?LoadAppVersion@@YA_NPEB_WAEAUtagVS_FIXEDFILEINFO@@AEAY0CAA@_W@Z 0000000180019510 f   ConEmuPluginBase.obj
 0001:00018550       ?LoadModuleVersion@@YA_NPEB_WAEAUtagVS_FIXEDFILEINFO@@PEA_W_K@Z 0000000180019550 f   ConEmuPluginBase.obj
 0001:00018830       ?StringValidateDestW@@YAJPEB_W_K_K@Z 0000000180019830 f   ConEmuPluginBase.obj
 0001:00018870       ?StringValidateDestAndLengthW@@YAJPEB_W_KPEA_K_K@Z 0000000180019870 f   ConEmuPluginBase.obj
 0001:000188e0       ?StringLengthWorkerW@@YAJPEB_W_KPEA_K@Z 00000001800198e0 f   ConEmuPluginBase.obj
 0001:00018980       ?StringCopyWorkerW@@YAJPEA_W_KPEA_KPEB_W1@Z 0000000180019980 f   ConEmuPluginBase.obj
 0001:00018a70       ?ConvertVersionToFarVersion@@YAXAEBUtagVS_FIXEDFILEINFO@@AEAUFarVersion@@@Z 0000000180019a70 f   ConEmuPluginBase.obj
 0001:00025660       ?StringValidateDestW@@YAJPEB_W_K_K@Z 0000000180026660 f   Execute.obj
 0001:000256a0       ?StringCopyWorkerW@@YAJPEA_W_KPEA_KPEB_W1@Z 00000001800266a0 f   Execute.obj
 0001:00025c70       ?StringValidateDestA@@YAJPEBD_K_K@Z 0000000180026c70 f   Memory.obj
 0001:00025cb0       ?StringCopyWorkerA@@YAJPEAD_KPEA_KPEBD1@Z 0000000180026cb0 f   Memory.obj
 0001:00025e30       ?StringValidateDestW@@YAJPEB_W_K_K@Z 0000000180026e30 f   Memory.obj
 0001:00025e70       ?StringCopyWorkerW@@YAJPEA_W_KPEA_KPEB_W1@Z 0000000180026e70 f   Memory.obj
 0001:00026660       ?FindMonitor@impl@?L@??MonitorFromParam@@YAPEAUHMONITOR__@@PEB_W@Z@SAHPEAU3@PEAUHDC__@@PEAUtagRECT@@_J@Z 0000000180027660 f   Monitors.obj
 0001:0002d340       ?StringValidateDestW@@YAJPEB_W_K_K@Z 000000018002e340 f   PluginBackground.obj
 0001:0002d380       ?StringCopyWorkerW@@YAJPEA_W_KPEA_KPEB_W1@Z 000000018002e380 f   PluginBackground.obj
 0001:000309a0       ?StringValidateDestW@@YAJPEB_W_K_K@Z 00000001800319a0 f   PluginSrv.obj
 0001:000309e0       ?StringCopyWorkerW@@YAJPEA_W_KPEA_KPEB_W1@Z 00000001800319e0 f   PluginSrv.obj
 0001:00035530       ?StringValidateDestW@@YAJPEB_W_K_K@Z 0000000180036530 f   WObjects.obj
 0001:00035570       ?StringCopyWorkerW@@YAJPEA_W_KPEA_KPEB_W1@Z 0000000180036570 f   WObjects.obj
 0001:00035d20       ?CheckRegKeyExist@@YA_NPEAURegKeyExistArg@@@Z 0000000180036d20 f   WObjects.obj
 0001:000376d0       ?StringValidateDestAndLengthW@@YAJPEB_W_KPEA_K_K@Z 00000001800386d0 f   WObjects.obj
 0001:00037740       ?StringLengthWorkerW@@YAJPEB_W_KPEA_K@Z 0000000180038740 f   WObjects.obj
 0001:00039c10       ?StringValidateDestW@@YAJPEB_W_K_K@Z 000000018003ac10 f   WUser.obj
 0001:00039c50       ?StringCopyWorkerW@@YAJPEA_W_KPEA_KPEB_W1@Z 000000018003ac50 f   WUser.obj
 0001:0003a080       ?strtoxl@@YAKPEB_WPEAPEA_WHH@Z 000000018003b080 f   libCRT64:strtol.obj
 0001:0003ac0c       __DllMainCRTStartup        000000018003bc0c f   LIBCMT:dllcrt0.obj
 0001:0003af30       xcptlookup                 000000018003bf30 f   LIBCMT:winxfltr.obj
 0001:0003b234       _initterm                  000000018003c234 f   LIBCMT:crt0dat.obj
 0001:0003b40c       doexit                     000000018003c40c f   LIBCMT:crt0dat.obj
 0001:0003c014       parse_cmdline              000000018003d014 f   LIBCMT:stdargv.obj
 0001:0003cde4       ctrlevent_capture          000000018003dde4 f   LIBCMT:winsig.obj
 0001:0003ce7c       siglookup                  000000018003de7c f   LIBCMT:winsig.obj
 0001:0003d8e0       _copytlocinfo_nolock       000000018003e8e0 f   LIBCMT:setlocal.obj
 0001:0003d914       _updatetlocinfoEx_nolock   000000018003e914 f   LIBCMT:setlocal.obj
 0001:0003da64       sync_legacy_variables_lk   000000018003ea64 f   LIBCMT:setlocal.obj
 0001:0003de60       _setlocale_get_all         000000018003ee60 f   LIBCMT:setlocal.obj
 0001:0003e2ac       _setlocale_set_cat         000000018003f2ac f   LIBCMT:setlocal.obj
 0001:0003e5b0       _setlocale_nolock          000000018003f5b0 f   LIBCMT:setlocal.obj
 0001:0003eb7c       ?CPtoLCID@@YAHH@Z          000000018003fb7c f   LIBCMT:mbctype.obj
 0001:0003ebb0       ?setSBCS@@YAXPEAUthreadmbcinfostruct@@@Z 000000018003fbb0 f   LIBCMT:mbctype.obj
 0001:0003ec44       ?setSBUpLow@@YAXPEAUthreadmbcinfostruct@@@Z 000000018003fc44 f   LIBCMT:mbctype.obj
 0001:0003efbc       ?getSystemCP@@YAHH@Z       000000018003ffbc f   LIBCMT:mbctype.obj
 0001:0003f7b8       ?x_ismbbtype_l@@YAHPEAUlocaleinfo_struct@@IHH@Z 00000001800407b8 f   LIBCMT:ismbbyte.obj
 0001:000400f8       _get_lc_time               00000001800410f8 f   LIBCMT:inittime.obj
 0001:000411a0       fix_grouping               00000001800421a0 f   LIBCMT:initnum.obj
 0001:000414b4       fix_grouping               00000001800424b4 f   LIBCMT:initmon.obj
 0001:00042740       ?_store_str@@YAXPEADPEAPEADPEA_K@Z 0000000180043740 f   LIBCMT:_strftime.obj
 0001:00042764       ?_store_number@@YAXHPEAPEADPEA_K@Z 0000000180043764 f   LIBCMT:_strftime.obj
 0001:000427c8       ?_store_num@@YAXHHPEAPEADPEA_KI@Z 00000001800437c8 f   LIBCMT:_strftime.obj
 0001:000428a4       ?_expandtime@@YAHPEAUlocaleinfo_struct@@DPEBUtm@@PEAPEADPEA_KPEAU__lc_time_data@@I@Z 00000001800438a4 f   LIBCMT:_strftime.obj
 0001:00042ee0       ?_store_winword@@YAHPEAUlocaleinfo_struct@@HPEBUtm@@PEAPEADPEA_KPEAU__lc_time_data@@@Z 0000000180043ee0 f   LIBCMT:_strftime.obj
 0001:00043880       TranslateName              0000000180044880 f   LIBCMT:getqloc.obj
 0001:00043918       GetLcidFromDefault         0000000180044918 f   LIBCMT:getqloc.obj
 0001:0004393c       ProcessCodePage            000000018004493c f   LIBCMT:getqloc.obj
 0001:000439d8       TestDefaultCountry         00000001800449d8 f   LIBCMT:getqloc.obj
 0001:00043a00       LcidFromHexString          0000000180044a00 f   LIBCMT:getqloc.obj
 0001:00043a3c       GetPrimaryLen              0000000180044a3c f   LIBCMT:getqloc.obj
 0001:00043a58       CountryEnumProc            0000000180044a58 f   LIBCMT:getqloc.obj
 0001:00043b40       TestDefaultLanguage        0000000180044b40 f   LIBCMT:getqloc.obj
 0001:00043c04       LangCountryEnumProc        0000000180044c04 f   LIBCMT:getqloc.obj
 0001:00043eb4       LanguageEnumProc           0000000180044eb4 f   LIBCMT:getqloc.obj
 0001:00043fc4       GetLcidFromCountry         0000000180044fc4 f   LIBCMT:getqloc.obj
 0001:00044014       GetLcidFromLangCountry     0000000180045014 f   LIBCMT:getqloc.obj
 0001:000440bc       GetLcidFromLanguage        00000001800450bc f   LIBCMT:getqloc.obj
 0001:000443fc       ?__crtGetStringTypeA_stat@@YAHPEAUlocaleinfo_struct@@KPEBDHPEAGHHH@Z 00000001800453fc f   LIBCMT:_a_str.obj
 0001:000446b8       ?strncnt@@YAHPEBDH@Z       00000001800456b8 f   LIBCMT:_a_map.obj
 0001:000446d4       ?__crtLCMapStringA_stat@@YAHPEAUlocaleinfo_struct@@KKPEBDHPEADHHH@Z 00000001800456d4 f   LIBCMT:_a_map.obj
 0001:000450e8       _tzset_nolock              00000001800460e8 f   LIBCMT:tzset.obj
 0001:00045594       cvtdate                    0000000180046594 f   LIBCMT:tzset.obj
 0001:0004584c       _isindst_nolock            000000018004684c f   LIBCMT:tzset.obj
 0001:0004619c       xtoa_s                     000000018004719c f   LIBCMT:xtoas.obj
 0001:00046304       x64toa_s                   0000000180047304 f   LIBCMT:xtoas.obj
 0001:00046610       ?__crtGetLocaleInfoA_stat@@YAHPEAUlocaleinfo_struct@@KKPEADHH@Z 0000000180047610 f   LIBCMT:_a_loc.obj
 0001:000468ac       _getenv_s_helper           00000001800478ac f   LIBCMT:getenv.obj
 0001:00046980       _dupenv_s_helper           0000000180047980 f   LIBCMT:getenv.obj
 0001:00047004       ?strtoxlX@@YAKPEAUlocaleinfo_struct@@PEBDPEAPEBDHHH@Z 0000000180048004 f   LIBCMT:_strtol.obj
 0001:000472d0       ?strtoxl@@YAKPEAUlocaleinfo_struct@@PEBDPEAPEBDHH@Z 00000001800482d0 f   LIBCMT:_strtol.obj
 0001:000473ac       ?strtoxq@@YA_KPEAUlocaleinfo_struct@@PEBDPEAPEBDHH@Z 00000001800483ac f   LIBCMT:_strtoq.obj
 0001:000478e8       ?__crtGetStringTypeW_stat@@YAHPEAUlocaleinfo_struct@@KPEBGHPEAGHH@Z 00000001800488e8 f   LIBCMT:_w_str.obj
 0001:00047b04       ?strncnt@@YAHPEBDH@Z       0000000180048b04 f   LIBCMT:_a_cmp.obj
 0001:00047b20       ?__crtCompareStringA_stat@@YAHPEAUlocaleinfo_struct@@KKPEBDH1HH@Z 0000000180048b20 f   LIBCMT:_a_cmp.obj
 0001:00048030       findenv                    0000000180049030 f   LIBCMT:setenv.obj
 0001:000480b4       copy_environ               00000001800490b4 f   LIBCMT:setenv.obj
 0001:00048800       ?filt$0@?0??SetThreadName@@YAXKPEAD@Z@4HA 0000000180049800 f   WThreads.obj
 0001:00048814       __DllMainCRTStartup$filt$0 0000000180049814 f   LIBCMT:dllcrt0.obj
 0001:00048874       __DllMainCRTStartup$filt$1 0000000180049874 f   LIBCMT:dllcrt0.obj
 0001:000488d4       __DllMainCRTStartup$filt$2 00000001800498d4 f   LIBCMT:dllcrt0.obj
 0001:00048934       __DllMainCRTStartup$filt$3 0000000180049934 f   LIBCMT:dllcrt0.obj
 0001:00048994       __DllMainCRTStartup$filt$4 0000000180049994 f   LIBCMT:dllcrt0.obj
 0001:000489f4       __DllMainCRTStartup$filt$5 00000001800499f4 f   LIBCMT:dllcrt0.obj
 0001:00048a54       __DllMainCRTStartup$filt$6 0000000180049a54 f   LIBCMT:dllcrt0.obj
 0001:00048ab4       __DllMainCRTStartup$filt$7 0000000180049ab4 f   LIBCMT:dllcrt0.obj
 0001:00048b10       _IsNonwritableInCurrentImage$filt$0 0000000180049b10 f   LIBCMT:pesect.obj
 0001:00048b31       doexit$fin$0               0000000180049b31 f   LIBCMT:crt0dat.obj
 0001:00048b50       _initptd$fin$0             0000000180049b50 f   LIBCMT:tidtable.obj
 0001:00048b69       _freefls$fin$1             0000000180049b69 f   LIBCMT:tidtable.obj
 0001:00048b89       _freefls$fin$0             0000000180049b89 f   LIBCMT:tidtable.obj
 0001:00048ba2       _mtinitlocknum$fin$0       0000000180049ba2 f   LIBCMT:mlock.obj
 0001:00048bbe       ctrlevent_capture$fin$0    0000000180049bbe f   LIBCMT:winsig.obj
 0001:00048bd4       signal$fin$0               0000000180049bd4 f   LIBCMT:winsig.obj
 0001:00048bea       raise$fin$0                0000000180049bea f   LIBCMT:winsig.obj
 0001:00048c06       __updatetlocinfo$fin$0     0000000180049c06 f   LIBCMT:setlocal.obj
 0001:00048c1f       _free_locale$fin$0         0000000180049c1f f   LIBCMT:setlocal.obj
 0001:00048c38       _get_current_locale$fin$0  0000000180049c38 f   LIBCMT:setlocal.obj
 0001:00048c51       setlocale$fin$1            0000000180049c51 f   LIBCMT:setlocal.obj
 0001:00048c71       setlocale$fin$0            0000000180049c71 f   LIBCMT:setlocal.obj
 0001:00048c91       setlocale$fin$2            0000000180049c91 f   LIBCMT:setlocal.obj
 0001:00048cab       __updatetmbcinfo$fin$0     0000000180049cab f   LIBCMT:mbctype.obj
 0001:00048cc4       _setmbcp$fin$0             0000000180049cc4 f   LIBCMT:mbctype.obj
 0001:00048cdd       _tzset_nolock$fin$0        0000000180049cdd f   LIBCMT:tzset.obj
 0001:00048cf6       __tzset$fin$0              0000000180049cf6 f   LIBCMT:tzset.obj
 0001:00048d0f       _tzset$fin$0               0000000180049d0f f   LIBCMT:tzset.obj
 0001:00048d28       _isindst$fin$0             0000000180049d28 f   LIBCMT:tzset.obj
 0001:00048d41       getenv$fin$0               0000000180049d41 f   LIBCMT:getenv.obj
 0001:00048d5a       getenv_s$fin$0             0000000180049d5a f   LIBCMT:getenv.obj
 0001:00048d73       _dupenv_s$fin$0            0000000180049d73 f   LIBCMT:getenv.obj
 0001:00048d90       ??__EhkFunc@@YAXXZ         0000000180049d90 f   HkFunc.obj
