 ConEmu.x64

 Timestamp is 56329f62 (Fri Oct 30 01:36:18 2015)

 Preferred load address is 0000000180000000

 Start         Length     Name                   Class
 0001:00000000 000485eeH .text                   CODE
 0001:000485f0 0000005eH .text$00                CODE
 0001:00048650 0000058cH .text$x                 CODE
 0001:00048be0 00000015H .text$yc                CODE
 0002:00000000 000007e0H .idata$5                DATA
 0002:000007e0 00000008H .CRT$XCA                DATA
 0002:000007e8 00000008H .CRT$XCU                DATA
 0002:000007f0 00000008H .CRT$XCZ                DATA
 0002:000007f8 00000008H .CRT$XIA                DATA
 0002:00000800 00000008H .CRT$XIC                DATA
 0002:00000808 00000008H .CRT$XIZ                DATA
 0002:00000810 00000008H .CRT$XPA                DATA
 0002:00000818 00000008H .CRT$XPZ                DATA
 0002:00000820 00000008H .CRT$XTA                DATA
 0002:00000828 00000008H .CRT$XTZ                DATA
 0002:00000830 00006bbbH .rdata                  DATA
 0002:000073ec 00000073H .rdata$debug            DATA
 0002:00007460 00002900H .xdata                  DATA
 0002:00009d60 00000078H .idata$2                DATA
 0002:00009dd8 00000014H .idata$3                DATA
 0002:00009df0 000007e0H .idata$4                DATA
 0002:0000a5d0 00001230H .idata$6                DATA
 0002:0000b800 000002e1H .edata                  DATA
 0003:00000000 000014bcH .data                   DATA
 0003:000014c0 0000baf8H .bss                    DATA
 0004:00000000 00002d18H .pdata                  DATA
 0005:00000000 00000058H .rsrc$01                DATA
 0005:00000060 000002d8H .rsrc$02                DATA

  Address         Publics by Value              Rva+Base               Lib:Object

 0000:00000000       ___safe_se_handler_count   0000000000000000     <absolute>
 0000:00000000       ___safe_se_handler_table   0000000000000000     <absolute>
 0000:00000000       __ImageBase                0000000180000000     <linker-defined>
 0001:00000000       ??0CmdArg@@QEAA@XZ         0000000180001000 f   CmdArg.obj
 0001:00000050       ??0CmdArg@@QEAA@PEA_W@Z    0000000180001050 f   CmdArg.obj
 0001:000000c0       ??BCmdArg@@QEBAPEB_WXZ     00000001800010c0 f   CmdArg.obj
 0001:000000d0       ?Right@CmdArg@@QEBAPEB_W_J@Z 00000001800010d0 f   CmdArg.obj
 0001:00000160       ??4CmdArg@@QEAAAEAU0@PEA_W@Z 0000000180001160 f   CmdArg.obj
 0001:00000190       ??4CmdArg@@QEAAAEAU0@PEB_W@Z 0000000180001190 f   CmdArg.obj
 0001:000001c0       ??1CmdArg@@QEAA@XZ         00000001800011c0 f   CmdArg.obj
 0001:00000240       ?GetBuffer@CmdArg@@QEAAPEA_W_J@Z 0000000180001240 f   CmdArg.obj
 0001:000003a0       ?Detach@CmdArg@@QEAAPEA_WXZ 00000001800013a0 f   CmdArg.obj
 0001:000003e0       ?Attach@CmdArg@@QEAAPEB_WPEA_W@Z 00000001800013e0 f   CmdArg.obj
 0001:00000410       ?AttachInt@CmdArg@@AEAAPEB_WAEAPEA_W@Z 0000000180001410 f   CmdArg.obj
 0001:000004b0       ?Empty@CmdArg@@QEAAXXZ     00000001800014b0 f   CmdArg.obj
 0001:00000510       ?IsEmpty@CmdArg@@QEAA_NXZ  0000000180001510 f   CmdArg.obj
 0001:00000550       ?Set@CmdArg@@QEAAPEB_WPEB_W_J@Z 0000000180001550 f   CmdArg.obj
 0001:00000620       ?StringCchCopyNW@@YAJPEA_W_KPEB_W1@Z 0000000180001620 f i CmdArg.obj
 0001:000007e0       ?SavePathVar@CmdArg@@QEAAXPEB_W@Z 00000001800017e0 f   CmdArg.obj
 0001:00000840       ?SaveEnvVar@CmdArg@@QEAAXPEB_W0@Z 0000000180001840 f   CmdArg.obj
 0001:000008f0       ?SetAt@CmdArg@@QEAAX_J_W@Z 00000001800018f0 f   CmdArg.obj
 0001:00000940       ?GetPosFrom@CmdArg@@QEAAXAEBU1@@Z 0000000180001940 f   CmdArg.obj
 0001:00000980       ?IsNeedDequote@@YA_NPEB_W_NPEAPEB_W@Z 0000000180001980 f   CmdLine.obj
 0001:00000c30       ?NextArg@@YAHPEAPEB_WAEAUCmdArg@@0@Z 0000000180001c30 f   CmdLine.obj
 0001:000011a0       ?NextLine@@YAHPEAPEB_WAEAUCmdArg@@K@Z 00000001800021a0 f   CmdLine.obj
 0001:00001390       ?AddEndSlash@@YAHPEA_WH@Z  0000000180002390 f   CmdLine.obj
 0001:00001420       ?SkipNonPrintable@@YAPEB_WPEB_W@Z 0000000180002420 f   CmdLine.obj
 0001:00001490       ?CompareFileMask@@YA_NPEB_W0@Z 0000000180002490 f   CmdLine.obj
 0001:000016b0       ?wcschr@@YAPEA_WPEA_W_W@Z  00000001800026b0 f i CmdLine.obj
 0001:000016e0       ?GetDrive@@YAPEB_WPEB_WPEA_WH@Z 00000001800026e0 f   CmdLine.obj
 0001:00001990       ?GetDirectory@@YAHAEAUCmdArg@@@Z 0000000180002990 f   CmdLine.obj
 0001:00001a30       ?IsNeedCmd@@YA_NHPEB_WAEAUCmdArg@@PEAPEB_WPEAH333@Z 0000000180002a30 f   CmdLine.obj
 0001:000024a0       ?Disable@MWow64Disable@@QEAAXXZ 00000001800034a0 f i CmdLine.obj
 0001:000024e0       ??0MWow64Disable@@QEAA@XZ  00000001800034e0 f i CmdLine.obj
 0001:00002580       ??1MWow64Disable@@QEAA@XZ  0000000180003580 f i CmdLine.obj
 0001:000025a0       ?Restore@MWow64Disable@@QEAAXXZ 00000001800035a0 f i CmdLine.obj
 0001:000025f0       ?IsExecutable@@YA_NPEB_WPEAPEA_W@Z 00000001800035f0 f   CmdLine.obj
 0001:00002710       ?CheckProcessName@@YA_NPEB_WPEAPEB_W1@Z 0000000180003710 f   CmdLine.obj
 0001:00002810       ?IsConsoleService@@YA_NPEB_W@Z 0000000180003810 f   CmdLine.obj
 0001:00002880       ?IsConsoleServer@@YA_NPEB_W@Z 0000000180003880 f   CmdLine.obj
 0001:000028f0       ?IsGitBashHelper@@YA_NPEB_W@Z 00000001800038f0 f   CmdLine.obj
 0001:00002960       ?IsFarExe@@YA_NPEB_W@Z     0000000180003960 f   CmdLine.obj
 0001:000029d0       ?IsCmdProcessor@@YA_NPEB_W@Z 00000001800039d0 f   CmdLine.obj
 0001:00002a40       ?IsQuotationNeeded@@YA_NPEB_W@Z 0000000180003a40 f   CmdLine.obj
 0001:00002a90       ?MergeCmdLine@@YAPEA_WPEB_W0@Z 0000000180003a90 f   CmdLine.obj
 0001:00002b70       ?JoinPath@@YAPEA_WPEB_W00@Z 0000000180003b70 f   CmdLine.obj
 0001:00002da0       ?IsFilePath@@YA_NPEB_W_N@Z 0000000180003da0 f   CmdLine.obj
 0001:00002fa0       ?PointToName@@YAPEB_WPEB_W@Z 0000000180003fa0 f   CmdLine.obj
 0001:00003050       ?PointToName@@YAPEBDPEBD@Z 0000000180004050 f   CmdLine.obj
 0001:00003100       ?PointToExt@@YAPEB_WPEB_W@Z 0000000180004100 f   CmdLine.obj
 0001:00003150       ?Unquote@@YAPEB_WPEA_W_N@Z 0000000180004150 f   CmdLine.obj
 0001:00003200       ?wcsrchr@@YAPEA_WPEA_W_W@Z 0000000180004200 f i CmdLine.obj
 0001:00003230       ?IsNewConsoleArg@@YA_NPEB_W0@Z 0000000180004230 f   CmdLine.obj
 0001:00003350       ?PackInputRecord@@YAHPEBU_INPUT_RECORD@@PEAUMsgStr@MSG64@@@Z 0000000180004350 f   Common.obj
 0001:00003600       ?UnpackInputRecord@@YAHPEBUMsgStr@MSG64@@PEAU_INPUT_RECORD@@@Z 0000000180004600 f   Common.obj
 0001:000038f0       ?TranslateKeyPress@@YAXGK_WHPEAU_INPUT_RECORD@@1@Z 00000001800048f0 f   Common.obj
 0001:00003b40       ?GetCommand@CESERVER_REQ_NEWCMD@@QEAAPEA_WXZ 0000000180004b40 f   Common.obj
 0001:00003b90       ?GetEnvStrings@CESERVER_REQ_NEWCMD@@QEAAPEA_WXZ 0000000180004b90 f   Common.obj
 0001:00003be0       ?SetCommand@CESERVER_REQ_NEWCMD@@QEAAXPEB_W@Z 0000000180004be0 f   Common.obj
 0001:00003c80       ?SetEnvStrings@CESERVER_REQ_NEWCMD@@QEAAXPEB_WK@Z 0000000180004c80 f   Common.obj
 0001:00003e20       ?IsEnvBlockVariableValid@@YA_NPEB_WAEAPEB_W@Z 0000000180004e20 f   Common.obj
 0001:00003e90       ?IsEnvBlockVariableValid@@YA_NPEB_W@Z 0000000180004e90 f   Common.obj
 0001:00003ee0       ?CommonShutdown@@YAXXZ     0000000180004ee0 f   Common.obj
 0001:00003f10       ?ModuleName@@YAPEB_WPEB_W@Z 0000000180004f10 f   ConEmuCheck.obj
 0001:00004000       ?ExecuteOpenPipe@@YAPEAXPEB_WAEAY0CAI@_W0KKHPEAXH@Z 0000000180005000 f   ConEmuCheck.obj
 0001:00004300       ?ExecutePrepareCmd@@YAXPEAUCESERVER_REQ@@K_K@Z 0000000180005300 f   ConEmuCheck.obj
 0001:00004360       ?ExecutePrepareCmd@@YAXPEAUCESERVER_REQ_HDR@@K_K@Z 0000000180005360 f   ConEmuCheck.obj
 0001:00004430       ?ExecuteNewCmd@@YAPEAUCESERVER_REQ@@K_K@Z 0000000180005430 f   ConEmuCheck.obj
 0001:000044a0       ?ExecuteNewCmd@@YA_NAEAPEAUCESERVER_REQ@@AEAKK_K@Z 00000001800054a0 f   ConEmuCheck.obj
 0001:00004570       ?LoadSrvMapping@@YAHPEAUHWND__@@AEAUCESERVER_CONSOLE_MAPPING_HDR@@@Z 0000000180005570 f   ConEmuCheck.obj
 0001:000046e0       ?LoadGuiMapping@@YAHKAEAUConEmuGuiMapping@@@Z 00000001800056e0 f   ConEmuCheck.obj
 0001:00004840       ?ExecuteNewCmdOnCreate@@YAPEAUCESERVER_REQ@@PEAUCESERVER_CONSOLE_MAPPING_HDR@@PEAUHWND__@@W4CmdOnCreateType@@PEB_W33PEAK444HHPEAX55@Z 0000000180005840 f   ConEmuCheck.obj
 0001:00004d30       ?StringCchCopyW@@YAJPEA_W_KPEB_W@Z 0000000180005d30 f i ConEmuCheck.obj
 0001:00004ec0       ?ExecuteGuiCmd@@YAPEAUCESERVER_REQ@@PEAUHWND__@@PEAU1@0H@Z 0000000180005ec0 f   ConEmuCheck.obj
 0001:00004f80       ?ExecuteSrvCmd@@YAPEAUCESERVER_REQ@@KPEAU1@PEAUHWND__@@HKH@Z 0000000180005f80 f   ConEmuCheck.obj
 0001:00005050       ?ExecuteHkCmd@@YAPEAUCESERVER_REQ@@KPEAU1@PEAUHWND__@@HH@Z 0000000180006050 f   ConEmuCheck.obj
 0001:00005120       ?ExecuteCmd@@YAPEAUCESERVER_REQ@@PEB_WPEAU1@KPEAUHWND__@@HKH@Z 0000000180006120 f   ConEmuCheck.obj
 0001:00005520       ?ExecuteFreeResult@@YAXAEAPEAUCESERVER_REQ@@@Z 0000000180006520 f   ConEmuCheck.obj
 0001:00005560       ?AllocateSendCurrentDirectory@@YA_NAEAPEAUCESERVER_REQ@@AEAKPEB_W2@Z 0000000180006560 f   ConEmuCheck.obj
 0001:000056b0       ?SendCurrentDirectory@@YAXPEAUHWND__@@PEB_W1@Z 00000001800066b0 f   ConEmuCheck.obj
 0001:00005730       ?isConsoleClass@@YA_NPEB_W@Z 0000000180006730 f   ConEmuCheck.obj
 0001:00005790       ?isConsoleWindow@@YA_NPEAUHWND__@@@Z 0000000180006790 f   ConEmuCheck.obj
 0001:000058a0       ?myGetConsoleWindow@@YAPEAUHWND__@@XZ 00000001800068a0 f   ConEmuCheck.obj
 0001:00005970       ?GetConEmuHWND@@YAPEAUHWND__@@H@Z 0000000180006970 f   ConEmuCheck.obj
 0001:00005b90       ??BHWND2@@QEBAPEAUHWND__@@XZ 0000000180006b90 f i ConEmuCheck.obj
 0001:00005ba0       ??BHWND2@@QEBAKXZ          0000000180006ba0 f i ConEmuCheck.obj
 0001:00005bb0       ?ConEmuCheck@@YAHPEAPEAUHWND__@@@Z 0000000180006bb0 f   ConEmuCheck.obj
 0001:00005c00       ?GuiMessageBox@@YAHPEAUHWND__@@PEB_W1H@Z 0000000180006c00 f   ConEmuCheck.obj
 0001:00005e30       ?InitName@?$MFileMapping@UCESERVER_CONSOLE_MAPPING_HDR@@@@QEAAPEB_WPEB_WKK@Z 0000000180006e30 f i ConEmuCheck.obj
 0001:00005e90       ?CloseMap@?$MFileMapping@UCESERVER_CONSOLE_MAPPING_HDR@@@@QEAAXXZ 0000000180006e90 f i ConEmuCheck.obj
 0001:00005f20       ?Open@?$MFileMapping@UCESERVER_CONSOLE_MAPPING_HDR@@@@QEAAPEAUCESERVER_CONSOLE_MAPPING_HDR@@HH@Z 0000000180006f20 f i ConEmuCheck.obj
 0001:00005f50       ??0?$MFileMapping@UCESERVER_CONSOLE_MAPPING_HDR@@@@QEAA@XZ 0000000180006f50 f i ConEmuCheck.obj
 0001:00005fc0       ??1?$MFileMapping@UCESERVER_CONSOLE_MAPPING_HDR@@@@QEAA@XZ 0000000180006fc0 f i ConEmuCheck.obj
 0001:00005ff0       ?InitName@?$MFileMapping@UConEmuGuiMapping@@@@QEAAPEB_WPEB_WKK@Z 0000000180006ff0 f i ConEmuCheck.obj
 0001:00006050       ?CloseMap@?$MFileMapping@UConEmuGuiMapping@@@@QEAAXXZ 0000000180007050 f i ConEmuCheck.obj
 0001:000060e0       ?Open@?$MFileMapping@UConEmuGuiMapping@@@@QEAAPEAUConEmuGuiMapping@@HH@Z 00000001800070e0 f i ConEmuCheck.obj
 0001:00006110       ??0?$MFileMapping@UConEmuGuiMapping@@@@QEAA@XZ 0000000180007110 f i ConEmuCheck.obj
 0001:00006180       ??1?$MFileMapping@UConEmuGuiMapping@@@@QEAA@XZ 0000000180007180 f i ConEmuCheck.obj
 0001:000061b0       ?ClosePtr@?$MFileMapping@UCESERVER_CONSOLE_MAPPING_HDR@@@@QEAAXXZ 00000001800071b0 f i ConEmuCheck.obj
 0001:000061f0       ?InternalOpenCreate@?$MFileMapping@UCESERVER_CONSOLE_MAPPING_HDR@@@@IEAAPEAUCESERVER_CONSOLE_MAPPING_HDR@@HHH@Z 00000001800071f0 f i ConEmuCheck.obj
 0001:000064a0       ?ClosePtr@?$MFileMapping@UConEmuGuiMapping@@@@QEAAXXZ 00000001800074a0 f i ConEmuCheck.obj
 0001:000064e0       ?InternalOpenCreate@?$MFileMapping@UConEmuGuiMapping@@@@IEAAPEAUConEmuGuiMapping@@HHH@Z 00000001800074e0 f i ConEmuCheck.obj
 0001:00006790       ??$wcscpy_c@$0CA@@@YAHAEAY0CA@_WPEB_W@Z 0000000180007790 f i ConEmuCheck.obj
 0001:000067c0       ??$wcscpy_c@$0CAI@@@YAHAEAY0CAI@_WPEB_W@Z 00000001800077c0 f i ConEmuCheck.obj
 0001:000067f0       ?LoadGuiMapping@@YAHPEAUHWND__@@AEAUConEmuGuiMapping@@@Z 00000001800077f0 f   ConEmuCheckEx.obj
 0001:00006840       ?IsConEmuExeExist@@YAHPEB_WAEAY0BAF@_W@Z 0000000180007840 f   ConEmuCheckEx.obj
 0001:00006920       ?FindConEmuBaseDir@@YAHAEAY0BAF@_W0PEAUHINSTANCE__@@@Z 0000000180007920 f   ConEmuCheckEx.obj
 0001:00006f90       ??$wcscpy_c@$0BAF@@@YAHAEAY0BAF@_WPEB_W@Z 0000000180007f90 f i ConEmuCheckEx.obj
 0001:000070f0       ??$wcscpy_add@$0BAF@@@YAHPEA_WAEAY0BAF@_WPEB_W@Z 00000001800080f0 f i ConEmuCheckEx.obj
 0001:00007160       ??$wcscat_c@$0BAF@@@YAHAEAY0BAF@_WPEB_W@Z 0000000180008160 f i ConEmuCheckEx.obj
 0001:00007190       ?StringCchCatW@@YAJPEA_W_KPEB_W@Z 0000000180008190 f i ConEmuCheckEx.obj
 0001:00007320       ?StartupHooks@@YA_NPEAUHINSTANCE__@@@Z 0000000180008320 f   ConEmuInjects.obj
 0001:00007820       ?ShutdownHooks@@YAXXZ      0000000180008820 f   ConEmuInjects.obj
 0001:00007ab0       ??$wcscpy_c@$0EA@@@YAHAEAY0EA@_WPEB_W@Z 0000000180008ab0 f i ConEmuInjects.obj
 0001:00007c10       DllMain                    0000000180008c10 f   ConEmuPlugin.obj
 0001:00007c60       ?GetPluginInfo@@YAXPEAX@Z  0000000180008c60 f   ConEmuPlugin.obj
 0001:00007cd0       ?GetPluginInfoW@@YAXPEAX@Z 0000000180008cd0 f   ConEmuPlugin.obj
 0001:00007d00       ?IsConsoleActive@@YAHXZ    0000000180008d00 f   ConEmuPlugin.obj
 0001:00007d80       ?GetFarHWND2@@YAPEAUHWND__@@H@Z 0000000180008d80 f   ConEmuPlugin.obj
 0001:00007e10       ?GetFarHWND@@YAPEAUHWND__@@XZ 0000000180008e10 f   ConEmuPlugin.obj
 0001:00007e20       ?IsTerminalMode@@YAHXZ     0000000180008e20 f   ConEmuPlugin.obj
 0001:00007e30       ?GetFarVersion@@YAXPEAUFarVersion@@@Z 0000000180008e30 f   ConEmuPlugin.obj
 0001:00007e60       ?RegisterPanelView@@YAHPEAUPanelViewInit@@@Z 0000000180008e60 f   ConEmuPlugin.obj
 0001:00008130       ?RegisterBackground@@YAHPEAURegisterBackgroundArg@@@Z 0000000180009130 f   ConEmuPlugin.obj
 0001:000081d0       ?SyncExecute@@YAHPEAUHINSTANCE__@@P6AX_J@Z1@Z 00000001800091d0 f   ConEmuPlugin.obj
 0001:00008250       ?ActivateConsole@@YAHXZ    0000000180009250 f   ConEmuPlugin.obj
 0001:00008310       ??4HWND2@@QEAAAEAU0@PEAUHWND__@@@Z 0000000180009310 f i ConEmuPlugin.obj
 0001:00008330       ?SetStartupInfo@@YAXPEAX@Z 0000000180009330 f   ConEmuPlugin.obj
 0001:000083b0       SetStartupInfoW            00000001800093b0 f   ConEmuPlugin.obj
 0001:000083f0       ?GetMinFarVersion@@YAHXZ   00000001800093f0 f   ConEmuPlugin.obj
 0001:00008460       GetMinFarVersionW          0000000180009460 f   ConEmuPlugin.obj
 0001:00008470       ProcessSynchroEventW       0000000180009470 f   ConEmuPlugin.obj
 0001:000084a0       ?ProcessSynchroEventW3@@YA_JPEAX@Z 00000001800094a0 f   ConEmuPlugin.obj
 0001:000084e0       ?ProcessEditorEvent@@YAHHPEAX@Z 00000001800094e0 f   ConEmuPlugin.obj
 0001:00008510       ProcessEditorEventW        0000000180009510 f   ConEmuPlugin.obj
 0001:00008540       ?ProcessEditorEventW3@@YA_JPEAX@Z 0000000180009540 f   ConEmuPlugin.obj
 0001:00008580       ?ProcessViewerEvent@@YAHHPEAX@Z 0000000180009580 f   ConEmuPlugin.obj
 0001:000085b0       ProcessViewerEventW        00000001800095b0 f   ConEmuPlugin.obj
 0001:000085e0       ?ProcessViewerEventW3@@YA_JPEAX@Z 00000001800095e0 f   ConEmuPlugin.obj
 0001:00008620       ?ProcessEditorInput@@YAHPEBU_INPUT_RECORD@@@Z 0000000180009620 f   ConEmuPlugin.obj
 0001:00008650       ProcessEditorInputW        0000000180009650 f   ConEmuPlugin.obj
 0001:00008680       ?OpenPlugin@@YAPEAXH_J@Z   0000000180009680 f   ConEmuPlugin.obj
 0001:000086b0       OpenPluginW                00000001800096b0 f   ConEmuPlugin.obj
 0001:00008710       ?OpenW@@YAPEAXPEBX@Z       0000000180009710 f   ConEmuPlugin.obj
 0001:00008740       ?ExitFAR@@YAXXZ            0000000180009740 f   ConEmuPlugin.obj
 0001:000087b0       ExitFARW                   00000001800097b0 f   ConEmuPlugin.obj
 0001:00008820       ?ExitFARW3@@YAXPEAX@Z      0000000180009820 f   ConEmuPlugin.obj
 0001:00008890       ?SetupExportsFar3@@YAXXZ   0000000180009890 f   ConEmuPlugin.obj
 0001:00008b90       ?_calloc@@YAPEAX_K0@Z      0000000180009b90 f   ConEmuPlugin.obj
 0001:00008bc0       ?_malloc@@YAPEAX_K@Z       0000000180009bc0 f   ConEmuPlugin.obj
 0001:00008be0       ?_free@@YAXPEAX@Z          0000000180009be0 f   ConEmuPlugin.obj
 0001:00008c00       ??0CPluginW1900@@QEAA@XZ   0000000180009c00 f   ConEmuPlugin1900.obj
 0001:00008f00       ??_ECPluginW1900@@UEAAPEAXI@Z 0000000180009f00 f i ConEmuPlugin1900.obj
 0001:00008f00       ??_GCPluginW1900@@UEAAPEAXI@Z 0000000180009f00 f i ConEmuPlugin1900.obj
 0001:00008f40       ??1CPluginW1900@@UEAA@XZ   0000000180009f40 f i ConEmuPlugin1900.obj
 0001:00008f70       ?ProcessEditorEventPtr@CPluginW1900@@UEAAHPEAX@Z 0000000180009f70 f   ConEmuPlugin1900.obj
 0001:00008fb0       ?ProcessViewerEventPtr@CPluginW1900@@UEAAHPEAX@Z 0000000180009fb0 f   ConEmuPlugin1900.obj
 0001:00008ff0       ?ProcessSynchroEventPtr@CPluginW1900@@UEAAHPEAX@Z 0000000180009ff0 f   ConEmuPlugin1900.obj
 0001:00009030       ?GetPanelDir@CPluginW1900@@UEAAPEA_WKPEA_WH@Z 000000018000a030 f   ConEmuPlugin1900.obj
 0001:00009260       ?GetPanelInfo@CPluginW1900@@UEAA_NKPEAUCEPanelInfo@@@Z 000000018000a260 f   ConEmuPlugin1900.obj
 0001:00009810       ?GetPanelItemInfo@CPluginW1900@@UEAA_NAEBUCEPanelInfo@@_N_JAEAU_WIN32_FIND_DATAW@@PEAPEA_W@Z 000000018000a810 f   ConEmuPlugin1900.obj
 0001:00009b40       ?PanelControlApi@CPluginW1900@@UEAA_JPEAXH_J0@Z 000000018000ab40 f   ConEmuPlugin1900.obj
 0001:00009bb0       ?GetPluginInfoPtr@CPluginW1900@@UEAAXPEAX@Z 000000018000abb0 f   ConEmuPlugin1900.obj
 0001:00009c50       ?SetStartupInfoPtr@CPluginW1900@@UEAAXPEAX@Z 000000018000ac50 f   ConEmuPlugin1900.obj
 0001:00009e20       ?GetEditorModifiedState@CPluginW1900@@UEAAKXZ 000000018000ae20 f   ConEmuPlugin1900.obj
 0001:00009e90       ?ProcessEditorInputPtr@CPluginW1900@@UEAAHPEBX@Z 000000018000ae90 f   ConEmuPlugin1900.obj
 0001:00009ed0       ?GetWindowCount@CPluginW1900@@UEAAHXZ 000000018000aed0 f   ConEmuPlugin1900.obj
 0001:00009f30       ?UpdateConEmuTabsApi@CPluginW1900@@UEAA_NH@Z 000000018000af30 f   ConEmuPlugin1900.obj
 0001:0000a5d0       ?ExitFar@CPluginW1900@@UEAAXXZ 000000018000b5d0 f   ConEmuPlugin1900.obj
 0001:0000a680       ?ShowMessage@CPluginW1900@@UEAAHPEB_WH_N@Z 000000018000b680 f   ConEmuPlugin1900.obj
 0001:0000a740       ?GetMsg@CPluginW1900@@UEAAPEB_WHPEA_W_K@Z 000000018000b740 f   ConEmuPlugin1900.obj
 0001:0000a7e0       ?SetWindow@CPluginW1900@@UEAAXH@Z 000000018000b7e0 f   ConEmuPlugin1900.obj
 0001:0000a860       ?PostMacroApi@CPluginW1900@@UEAAXPEB_WPEAU_INPUT_RECORD@@_N@Z 000000018000b860 f   ConEmuPlugin1900.obj
 0001:0000b4b0       ?wcsstr@@YAPEA_WPEA_WPEB_W@Z 000000018000c4b0 f i ConEmuPlugin1900.obj
 0001:0000b4e0       ?ShowPluginMenu@CPluginW1900@@UEAAHPEAUConEmuPluginMenuItem@@HH@Z 000000018000c4e0 f   ConEmuPlugin1900.obj
 0001:0000b7c0       ?OpenEditor@CPluginW1900@@UEAA_NPEB_W_N11HH@Z 000000018000c7c0 f   ConEmuPlugin1900.obj
 0001:0000b9f0       ?ExecuteSynchroApi@CPluginW1900@@UEAA_NXZ 000000018000c9f0 f   ConEmuPlugin1900.obj
 0001:0000ba40       ?WaitEndSynchro@CPluginW1900@@UEAAXXZ 000000018000ca40 f   ConEmuPlugin1900.obj
 0001:0000ba50       ?StopWaitEndSynchro@CPluginW1900@@UEAAXXZ 000000018000ca50 f   ConEmuPlugin1900.obj
 0001:0000ba60       ?IsMacroActive@CPluginW1900@@UEAA_NXZ 000000018000ca60 f   ConEmuPlugin1900.obj
 0001:0000bac0       ?GetMacroArea@CPluginW1900@@UEAAHXZ 000000018000cac0 f   ConEmuPlugin1900.obj
 0001:0000bb00       ?RedrawAll@CPluginW1900@@UEAAXXZ 000000018000cb00 f   ConEmuPlugin1900.obj
 0001:0000bb50       ?InputBox@CPluginW1900@@UEAA_NPEB_W000AEAPEA_W@Z 000000018000cb50 f   ConEmuPlugin1900.obj
 0001:0000bc20       ?ShowUserScreen@CPluginW1900@@UEAAX_N@Z 000000018000cc20 f   ConEmuPlugin1900.obj
 0001:0000bc90       ?LoadFarColors@CPluginW1900@@UEAAXAEAY0BAA@E@Z 000000018000cc90 f   ConEmuPlugin1900.obj
 0001:0000bf00       ?FarColor_3_2@@YAEAEBUFarColor@@@Z 000000018000cf00 f i ConEmuPlugin1900.obj
 0001:0000c030       ?Color2FgIndex@Far3Color@@SAXKAEAGPEBK@Z 000000018000d030 f i ConEmuPlugin1900.obj
 0001:0000c1c0       ?Max@Far3Color@@SAHHH@Z    000000018000d1c0 f i ConEmuPlugin1900.obj
 0001:0000c1f0       ?GetStdIndex@Far3Color@@SAHKPEBK@Z 000000018000d1f0 f i ConEmuPlugin1900.obj
 0001:0000c270       ?GetStdPalette@Far3Color@@SAPEBKXZ 000000018000d270 f i ConEmuPlugin1900.obj
 0001:0000c280       ?Color2BgIndex@Far3Color@@SAXKHAEAGPEBK@Z 000000018000d280 f i ConEmuPlugin1900.obj
 0001:0000c460       ?LoadFarSettings@CPluginW1900@@UEAAXPEAUCEFarInterfaceSettings@@PEAUCEFarPanelSettings@@@Z 000000018000d460 f   ConEmuPlugin1900.obj
 0001:0000c700       ?GetFarRect@CPluginW1900@@UEAA_NAEAU_SMALL_RECT@@@Z 000000018000d700 f   ConEmuPlugin1900.obj
 0001:0000c790       ?CheckPanelExist@CPluginW1900@@UEAA_NXZ 000000018000d790 f   ConEmuPlugin1900.obj
 0001:0000c800       ?GetActiveWindowType@CPluginW1900@@UEAAHXZ 000000018000d800 f   ConEmuPlugin1900.obj
 0001:0000c900       ?GetWindowTypeName@CPluginW1900@@UEAAPEB_WH@Z 000000018000d900 f   ConEmuPlugin1900.obj
 0001:0000c9c0       ?GuiMacroDlg@CPluginW1900@@UEAAXXZ 000000018000d9c0 f   ConEmuPlugin1900.obj
 0001:0000d110       ?Open@CPluginW1900@@UEAAPEAXPEBX@Z 000000018000e110 f   ConEmuPlugin1900.obj
 0001:0000d370       GetGlobalInfoW             000000018000e370 f   ConEmuPlugin2800.obj
 0001:0000d590       ??0CPluginW2800@@QEAA@XZ   000000018000e590 f   ConEmuPlugin2800.obj
 0001:0000d890       ??_ECPluginW2800@@UEAAPEAXI@Z 000000018000e890 f i ConEmuPlugin2800.obj
 0001:0000d890       ??_GCPluginW2800@@UEAAPEAXI@Z 000000018000e890 f i ConEmuPlugin2800.obj
 0001:0000d8d0       ??1CPluginW2800@@UEAA@XZ   000000018000e8d0 f i ConEmuPlugin2800.obj
 0001:0000d900       ?GetPanelDir@CPluginW2800@@UEAAPEA_WKPEA_WH@Z 000000018000e900 f   ConEmuPlugin2800.obj
 0001:0000db30       ?GetPanelInfo@CPluginW2800@@UEAA_NKPEAUCEPanelInfo@@@Z 000000018000eb30 f   ConEmuPlugin2800.obj
 0001:0000e0e0       ?GetPanelItemInfo@CPluginW2800@@UEAA_NAEBUCEPanelInfo@@_N_JAEAU_WIN32_FIND_DATAW@@PEAPEA_W@Z 000000018000f0e0 f   ConEmuPlugin2800.obj
 0001:0000e410       ?PanelControlApi@CPluginW2800@@UEAA_JPEAXH_J0@Z 000000018000f410 f   ConEmuPlugin2800.obj
 0001:0000e480       ?GetPluginInfoPtr@CPluginW2800@@UEAAXPEAX@Z 000000018000f480 f   ConEmuPlugin2800.obj
 0001:0000e520       ?SetStartupInfoPtr@CPluginW2800@@UEAAXPEAX@Z 000000018000f520 f   ConEmuPlugin2800.obj
 0001:0000e6f0       ?GetEditorModifiedState@CPluginW2800@@UEAAKXZ 000000018000f6f0 f   ConEmuPlugin2800.obj
 0001:0000e760       ?ProcessEditorEventPtr@CPluginW2800@@UEAAHPEAX@Z 000000018000f760 f   ConEmuPlugin2800.obj
 0001:0000e7a0       ?ProcessViewerEventPtr@CPluginW2800@@UEAAHPEAX@Z 000000018000f7a0 f   ConEmuPlugin2800.obj
 0001:0000e7e0       ?ProcessSynchroEventPtr@CPluginW2800@@UEAAHPEAX@Z 000000018000f7e0 f   ConEmuPlugin2800.obj
 0001:0000e820       ?ProcessEditorInputPtr@CPluginW2800@@UEAAHPEBX@Z 000000018000f820 f   ConEmuPlugin2800.obj
 0001:0000e860       ?GetWindowCount@CPluginW2800@@UEAAHXZ 000000018000f860 f   ConEmuPlugin2800.obj
 0001:0000e8c0       ?UpdateConEmuTabsApi@CPluginW2800@@UEAA_NH@Z 000000018000f8c0 f   ConEmuPlugin2800.obj
 0001:0000f310       ?ExitFar@CPluginW2800@@UEAAXXZ 0000000180010310 f   ConEmuPlugin2800.obj
 0001:0000f3c0       ?ShowMessage@CPluginW2800@@UEAAHPEB_WH_N@Z 00000001800103c0 f   ConEmuPlugin2800.obj
 0001:0000f480       ?GetMsg@CPluginW2800@@UEAAPEB_WHPEA_W_K@Z 0000000180010480 f   ConEmuPlugin2800.obj
 0001:0000f520       ?SetWindow@CPluginW2800@@UEAAXH@Z 0000000180010520 f   ConEmuPlugin2800.obj
 0001:0000f5a0       ?PostMacroApi@CPluginW2800@@UEAAXPEB_WPEAU_INPUT_RECORD@@_N@Z 00000001800105a0 f   ConEmuPlugin2800.obj
 0001:0000fbc0       ?ShowPluginMenu@CPluginW2800@@UEAAHPEAUConEmuPluginMenuItem@@HH@Z 0000000180010bc0 f   ConEmuPlugin2800.obj
 0001:0000fea0       ?OpenEditor@CPluginW2800@@UEAA_NPEB_W_N11HH@Z 0000000180010ea0 f   ConEmuPlugin2800.obj
 0001:000100e0       ?ExecuteSynchroApi@CPluginW2800@@UEAA_NXZ 00000001800110e0 f   ConEmuPlugin2800.obj
 0001:00010130       ?WaitEndSynchro@CPluginW2800@@UEAAXXZ 0000000180011130 f   ConEmuPlugin2800.obj
 0001:00010140       ?StopWaitEndSynchro@CPluginW2800@@UEAAXXZ 0000000180011140 f   ConEmuPlugin2800.obj
 0001:00010150       ?IsMacroActive@CPluginW2800@@UEAA_NXZ 0000000180011150 f   ConEmuPlugin2800.obj
 0001:000101b0       ?GetMacroArea@CPluginW2800@@UEAAHXZ 00000001800111b0 f   ConEmuPlugin2800.obj
 0001:000101f0       ?RedrawAll@CPluginW2800@@UEAAXXZ 00000001800111f0 f   ConEmuPlugin2800.obj
 0001:00010240       ?InputBox@CPluginW2800@@UEAA_NPEB_W000AEAPEA_W@Z 0000000180011240 f   ConEmuPlugin2800.obj
 0001:00010310       ?ShowUserScreen@CPluginW2800@@UEAAX_N@Z 0000000180011310 f   ConEmuPlugin2800.obj
 0001:00010380       ?LoadFarColors@CPluginW2800@@UEAAXAEAY0BAA@E@Z 0000000180011380 f   ConEmuPlugin2800.obj
 0001:000105f0       ?LoadFarSettings@CPluginW2800@@UEAAXPEAUCEFarInterfaceSettings@@PEAUCEFarPanelSettings@@@Z 00000001800115f0 f   ConEmuPlugin2800.obj
 0001:000108a0       ?GetFarRect@CPluginW2800@@UEAA_NAEAU_SMALL_RECT@@@Z 00000001800118a0 f   ConEmuPlugin2800.obj
 0001:00010930       ?CheckPanelExist@CPluginW2800@@UEAA_NXZ 0000000180011930 f   ConEmuPlugin2800.obj
 0001:000109a0       ?GetActiveWindowType@CPluginW2800@@UEAAHXZ 00000001800119a0 f   ConEmuPlugin2800.obj
 0001:00010ab0       ?GetWindowTypeName@CPluginW2800@@UEAAPEB_WH@Z 0000000180011ab0 f   ConEmuPlugin2800.obj
 0001:00010b70       ?GuiMacroDlg@CPluginW2800@@UEAAXXZ 0000000180011b70 f   ConEmuPlugin2800.obj
 0001:000112d0       ?Open@CPluginW2800@@UEAAPEAXPEBX@Z 00000001800122d0 f   ConEmuPlugin2800.obj
 0001:000115d0       ??0FarMacroValue@@QEAA@XZ  00000001800125d0 f i ConEmuPlugin2800.obj
 0001:00011620       ??0?$MArray@UWindowInfo@@@@QEAA@XZ 0000000180012620 f i ConEmuPlugin2800.obj
 0001:00011680       ??1?$MArray@UWindowInfo@@@@QEAA@XZ 0000000180012680 f i ConEmuPlugin2800.obj
 0001:000116a0       ??A?$MArray@UWindowInfo@@@@QEBAAEBUWindowInfo@@_J@Z 00000001800126a0 f i ConEmuPlugin2800.obj
 0001:000116c0       ??A?$MArray@UWindowInfo@@@@QEAAAEAUWindowInfo@@_J@Z 00000001800126c0 f i ConEmuPlugin2800.obj
 0001:000116e0       ?push_back@?$MArray@UWindowInfo@@@@QEAA_JAEBUWindowInfo@@@Z 00000001800126e0 f i ConEmuPlugin2800.obj
 0001:000117b0       ?insert@?$MArray@UWindowInfo@@@@QEAAX_JAEBUWindowInfo@@@Z 00000001800127b0 f i ConEmuPlugin2800.obj
 0001:000118c0       ?erase@?$MArray@UWindowInfo@@@@QEAAX_J@Z 00000001800128c0 f i ConEmuPlugin2800.obj
 0001:00011980       ?size@?$MArray@UWindowInfo@@@@QEBA_JXZ 0000000180012980 f i ConEmuPlugin2800.obj
 0001:00011990       ?clear@?$MArray@UWindowInfo@@@@QEAAXXZ 0000000180012990 f i ConEmuPlugin2800.obj
 0001:000119e0       ?addsize@?$MArray@UWindowInfo@@@@QEAAX_J@Z 00000001800129e0 f i ConEmuPlugin2800.obj
 0001:00011b20       ??0CPluginW995@@QEAA@XZ    0000000180012b20 f   ConEmuPlugin995.obj
 0001:00011e30       ?Open@CPluginW995@@UEAAPEAXPEBX@Z 0000000180012e30 f i ConEmuPlugin995.obj
 0001:00011e50       ?ProcessEditorEventPtr@CPluginW995@@UEAAHPEAX@Z 0000000180012e50 f i ConEmuPlugin995.obj
 0001:00011e60       ?ProcessSynchroEventPtr@CPluginW995@@UEAAHPEAX@Z 0000000180012e60 f i ConEmuPlugin995.obj
 0001:00011e70       ?ProcessViewerEventPtr@CPluginW995@@UEAAHPEAX@Z 0000000180012e70 f i ConEmuPlugin995.obj
 0001:00011e80       ??_GCPluginW995@@UEAAPEAXI@Z 0000000180012e80 f i ConEmuPlugin995.obj
 0001:00011e80       ??_ECPluginW995@@UEAAPEAXI@Z 0000000180012e80 f i ConEmuPlugin995.obj
 0001:00011ec0       ??1CPluginW995@@UEAA@XZ    0000000180012ec0 f i ConEmuPlugin995.obj
 0001:00011ef0       ?GetPanelDir@CPluginW995@@UEAAPEA_WKPEA_WH@Z 0000000180012ef0 f   ConEmuPlugin995.obj
 0001:000120e0       ?GetPanelInfo@CPluginW995@@UEAA_NKPEAUCEPanelInfo@@@Z 00000001800130e0 f   ConEmuPlugin995.obj
 0001:000125a0       ?GetPanelItemInfo@CPluginW995@@UEAA_NAEBUCEPanelInfo@@_N_JAEAU_WIN32_FIND_DATAW@@PEAPEA_W@Z 00000001800135a0 f   ConEmuPlugin995.obj
 0001:000128b0       ?PanelControlApi@CPluginW995@@UEAA_JPEAXH_J0@Z 00000001800138b0 f   ConEmuPlugin995.obj
 0001:00012920       ?GetPluginInfoPtr@CPluginW995@@UEAAXPEAX@Z 0000000180013920 f   ConEmuPlugin995.obj
 0001:000129e0       ?SetStartupInfoPtr@CPluginW995@@UEAAXPEAX@Z 00000001800139e0 f   ConEmuPlugin995.obj
 0001:00012be0       ?GetEditorModifiedState@CPluginW995@@UEAAKXZ 0000000180013be0 f   ConEmuPlugin995.obj
 0001:00012c40       ?ProcessEditorInputPtr@CPluginW995@@UEAAHPEBX@Z 0000000180013c40 f   ConEmuPlugin995.obj
 0001:00012c80       ?GetWindowCount@CPluginW995@@UEAAHXZ 0000000180013c80 f   ConEmuPlugin995.obj
 0001:00012ce0       ?UpdateConEmuTabsApi@CPluginW995@@UEAA_NH@Z 0000000180013ce0 f   ConEmuPlugin995.obj
 0001:00013060       ?ExitFar@CPluginW995@@UEAAXXZ 0000000180014060 f   ConEmuPlugin995.obj
 0001:00013110       ?ShowMessage@CPluginW995@@UEAAHPEB_WH_N@Z 0000000180014110 f   ConEmuPlugin995.obj
 0001:000131d0       ?GetMsg@CPluginW995@@UEAAPEB_WHPEA_W_K@Z 00000001800141d0 f   ConEmuPlugin995.obj
 0001:00013270       ?SetWindow@CPluginW995@@UEAAXH@Z 0000000180014270 f   ConEmuPlugin995.obj
 0001:000132f0       ?PostMacroApi@CPluginW995@@UEAAXPEB_WPEAU_INPUT_RECORD@@_N@Z 00000001800142f0 f   ConEmuPlugin995.obj
 0001:000133f0       ?ShowPluginMenu@CPluginW995@@UEAAHPEAUConEmuPluginMenuItem@@HH@Z 00000001800143f0 f   ConEmuPlugin995.obj
 0001:00013670       ?OpenEditor@CPluginW995@@UEAA_NPEB_W_N11HH@Z 0000000180014670 f   ConEmuPlugin995.obj
 0001:00013880       ?ExecuteSynchroApi@CPluginW995@@UEAA_NXZ 0000000180014880 f   ConEmuPlugin995.obj
 0001:000138d0       ?WaitEndSynchro@CPluginW995@@UEAAXXZ 00000001800148d0 f   ConEmuPlugin995.obj
 0001:00013b40       ?StopWaitEndSynchro@CPluginW995@@UEAAXXZ 0000000180014b40 f   ConEmuPlugin995.obj
 0001:00013b80       ?IsMacroActive@CPluginW995@@UEAA_NXZ 0000000180014b80 f   ConEmuPlugin995.obj
 0001:00013c00       ?GetMacroArea@CPluginW995@@UEAAHXZ 0000000180014c00 f   ConEmuPlugin995.obj
 0001:00013c50       ?RedrawAll@CPluginW995@@UEAAXXZ 0000000180014c50 f   ConEmuPlugin995.obj
 0001:00013ca0       ?InputBox@CPluginW995@@UEAA_NPEB_W000AEAPEA_W@Z 0000000180014ca0 f   ConEmuPlugin995.obj
 0001:00013d50       ?ShowUserScreen@CPluginW995@@UEAAX_N@Z 0000000180014d50 f   ConEmuPlugin995.obj
 0001:00013dc0       ?LoadFarColors@CPluginW995@@UEAAXAEAY0BAA@E@Z 0000000180014dc0 f   ConEmuPlugin995.obj
 0001:00013ef0       ?LoadFarSettings@CPluginW995@@UEAAXPEAUCEFarInterfaceSettings@@PEAUCEFarPanelSettings@@@Z 0000000180014ef0 f   ConEmuPlugin995.obj
 0001:00013f80       ?GetFarRect@CPluginW995@@UEAA_NAEAU_SMALL_RECT@@@Z 0000000180014f80 f   ConEmuPlugin995.obj
 0001:00014010       ?CheckPanelExist@CPluginW995@@UEAA_NXZ 0000000180015010 f   ConEmuPlugin995.obj
 0001:00014080       ?GetActiveWindowType@CPluginW995@@UEAAHXZ 0000000180015080 f   ConEmuPlugin995.obj
 0001:000141a0       ?GetWindowTypeName@CPluginW995@@UEAAPEB_WH@Z 00000001800151a0 f   ConEmuPlugin995.obj
 0001:00014260       ?GuiMacroDlg@CPluginW995@@UEAAXXZ 0000000180015260 f   ConEmuPlugin995.obj
 0001:00014940       ??0CPluginAnsi@@QEAA@XZ    0000000180015940 f   ConEmuPluginA.obj
 0001:00014c10       ?ExecuteSynchroApi@CPluginAnsi@@UEAA_NXZ 0000000180015c10 f i ConEmuPluginA.obj
 0001:00014c20       ?GetFarRect@CPluginAnsi@@UEAA_NAEAU_SMALL_RECT@@@Z 0000000180015c20 f i ConEmuPluginA.obj
 0001:00014c30       ?Open@CPluginAnsi@@UEAAPEAXPEBX@Z 0000000180015c30 f i ConEmuPluginA.obj
 0001:00014c50       ?ProcessEditorEventPtr@CPluginAnsi@@UEAAHPEAX@Z 0000000180015c50 f i ConEmuPluginA.obj
 0001:00014c60       ?ProcessEditorInputPtr@CPluginAnsi@@UEAAHPEBX@Z 0000000180015c60 f i ConEmuPluginA.obj
 0001:00014c70       ?ProcessSynchroEventPtr@CPluginAnsi@@UEAAHPEAX@Z 0000000180015c70 f i ConEmuPluginA.obj
 0001:00014c80       ?ProcessViewerEventPtr@CPluginAnsi@@UEAAHPEAX@Z 0000000180015c80 f i ConEmuPluginA.obj
 0001:00014c90       ?StopWaitEndSynchro@CPluginAnsi@@UEAAXXZ 0000000180015c90 f i ConEmuPluginA.obj
 0001:00014ca0       ?WaitEndSynchro@CPluginAnsi@@UEAAXXZ 0000000180015ca0 f i ConEmuPluginA.obj
 0001:00014cb0       ??_GCPluginAnsi@@UEAAPEAXI@Z 0000000180015cb0 f i ConEmuPluginA.obj
 0001:00014cb0       ??_ECPluginAnsi@@UEAAPEAXI@Z 0000000180015cb0 f i ConEmuPluginA.obj
 0001:00014cf0       ??1CPluginAnsi@@UEAA@XZ    0000000180015cf0 f i ConEmuPluginA.obj
 0001:00014d20       ?GetPanelDir@CPluginAnsi@@UEAAPEA_WKPEA_WH@Z 0000000180015d20 f   ConEmuPluginA.obj
 0001:00014e90       ?GetPanelInfo@CPluginAnsi@@UEAA_NKPEAUCEPanelInfo@@@Z 0000000180015e90 f   ConEmuPluginA.obj
 0001:000152c0       ?GetPanelItemInfo@CPluginAnsi@@UEAA_NAEBUCEPanelInfo@@_N_JAEAU_WIN32_FIND_DATAW@@PEAPEA_W@Z 00000001800162c0 f   ConEmuPluginA.obj
 0001:000154f0       ?PanelControlApi@CPluginAnsi@@UEAA_JPEAXH_J0@Z 00000001800164f0 f   ConEmuPluginA.obj
 0001:00015560       ?SetStartupInfoPtr@CPluginAnsi@@UEAAXPEAX@Z 0000000180016560 f   ConEmuPluginA.obj
 0001:00015760       ?GetPluginInfoPtr@CPluginAnsi@@UEAAXPEAX@Z 0000000180016760 f   ConEmuPluginA.obj
 0001:00015850       ?GetEditorModifiedState@CPluginAnsi@@UEAAKXZ 0000000180016850 f   ConEmuPluginA.obj
 0001:000158c0       ?GetWindowCount@CPluginAnsi@@UEAAHXZ 00000001800168c0 f   ConEmuPluginA.obj
 0001:00015920       ?UpdateConEmuTabsApi@CPluginAnsi@@UEAA_NH@Z 0000000180016920 f   ConEmuPluginA.obj
 0001:00015cc0       ?ExitFar@CPluginAnsi@@UEAAXXZ 0000000180016cc0 f   ConEmuPluginA.obj
 0001:00015d20       ?SetWindow@CPluginAnsi@@UEAAXH@Z 0000000180016d20 f   ConEmuPluginA.obj
 0001:00015da0       ?PostMacroApi@CPluginAnsi@@UEAAXPEB_WPEAU_INPUT_RECORD@@_N@Z 0000000180016da0 f   ConEmuPluginA.obj
 0001:00015ed0       ?ShowPluginMenu@CPluginAnsi@@UEAAHPEAUConEmuPluginMenuItem@@HH@Z 0000000180016ed0 f   ConEmuPluginA.obj
 0001:000161d0       ?OpenEditor@CPluginAnsi@@UEAA_NPEB_W_N11HH@Z 00000001800171d0 f   ConEmuPluginA.obj
 0001:00016400       ?ShowMessage@CPluginAnsi@@UEAAHPEB_WH_N@Z 0000000180017400 f   ConEmuPluginA.obj
 0001:00016520       ?GetMsg@CPluginAnsi@@UEAAPEB_WHPEA_W_K@Z 0000000180017520 f   ConEmuPluginA.obj
 0001:00016620       ?IsMacroActive@CPluginAnsi@@UEAA_NXZ 0000000180017620 f   ConEmuPluginA.obj
 0001:000166a0       ?GetMacroArea@CPluginAnsi@@UEAAHXZ 00000001800176a0 f   ConEmuPluginA.obj
 0001:000166b0       ?RedrawAll@CPluginAnsi@@UEAAXXZ 00000001800176b0 f   ConEmuPluginA.obj
 0001:00016700       ?InputBox@CPluginAnsi@@UEAA_NPEB_W000AEAPEA_W@Z 0000000180017700 f   ConEmuPluginA.obj
 0001:00016890       ?ShowUserScreen@CPluginAnsi@@UEAAX_N@Z 0000000180017890 f   ConEmuPluginA.obj
 0001:00016900       ?LoadFarColors@CPluginAnsi@@UEAAXAEAY0BAA@E@Z 0000000180017900 f   ConEmuPluginA.obj
 0001:00016a30       ?LoadFarSettings@CPluginAnsi@@UEAAXPEAUCEFarInterfaceSettings@@PEAUCEFarPanelSettings@@@Z 0000000180017a30 f   ConEmuPluginA.obj
 0001:00016ac0       ?CheckPanelExist@CPluginAnsi@@UEAA_NXZ 0000000180017ac0 f   ConEmuPluginA.obj
 0001:00016b30       ?GetActiveWindowType@CPluginAnsi@@UEAAHXZ 0000000180017b30 f   ConEmuPluginA.obj
 0001:00016bb0       ?GetWindowTypeName@CPluginAnsi@@UEAAPEB_WH@Z 0000000180017bb0 f   ConEmuPluginA.obj
 0001:00016c70       ?GuiMacroDlg@CPluginAnsi@@UEAAXXZ 0000000180017c70 f   ConEmuPluginA.obj
 0001:00017470       ?Plugin@@YAPEAVCPluginBase@@XZ 0000000180018470 f   ConEmuPluginBase.obj
 0001:000175d0       ??0CPluginBase@@QEAA@XZ    00000001800185d0 f   ConEmuPluginBase.obj
 0001:00017920       ??_GCPluginBase@@UEAAPEAXI@Z 0000000180018920 f i ConEmuPluginBase.obj
 0001:00017920       ??_ECPluginBase@@UEAAPEAXI@Z 0000000180018920 f i ConEmuPluginBase.obj
 0001:00017960       ??1CPluginBase@@UEAA@XZ    0000000180018960 f   ConEmuPluginBase.obj
 0001:00017980       ?DllMain_ProcessAttach@CPluginBase@@KAXPEAUHINSTANCE__@@@Z 0000000180018980 f   ConEmuPluginBase.obj
 0001:00017aa0       ?DllMain_ProcessDetach@CPluginBase@@KAXXZ 0000000180018aa0 f   ConEmuPluginBase.obj
 0001:00017c70       ??_GMSection@@QEAAPEAXI@Z  0000000180018c70 f i ConEmuPluginBase.obj
 0001:00017cb0       ??_GCPluginBackground@@QEAAPEAXI@Z 0000000180018cb0 f i ConEmuPluginBase.obj
 0001:00017cf0       ?DllCheckUnique@CPluginBase@@KA_N_N@Z 0000000180018cf0 f   ConEmuPluginBase.obj
 0001:00017f80       ?LoadFarVersion@CPluginBase@@SA_NXZ 0000000180018f80 f   ConEmuPluginBase.obj
 0001:00018750       ?ShowMessageBox@CPluginBase@@KAHPEB_WI@Z 0000000180019750 f   ConEmuPluginBase.obj
 0001:00018850       ?ShowMessageGui@CPluginBase@@QEAAHHH@Z 0000000180019850 f   ConEmuPluginBase.obj
 0001:00018900       ?BackgroundMacroError@CPluginBase@@SAKPEAX@Z 0000000180019900 f   ConEmuPluginBase.obj
 0001:00018950       ?PostMacro@CPluginBase@@QEAAXPEB_WPEAU_INPUT_RECORD@@_N@Z 0000000180019950 f   ConEmuPluginBase.obj
 0001:00018a10       ?isMacroActive@CPluginBase@@QEAA_NAEAH@Z 0000000180019a10 f   ConEmuPluginBase.obj
 0001:00018aa0       ?CheckBufferEnabled@CPluginBase@@QEAA_NXZ 0000000180019aa0 f   ConEmuPluginBase.obj
 0001:00018b50       ?PanelControl@CPluginBase@@QEAA_JPEAXH_J0@Z 0000000180019b50 f   ConEmuPluginBase.obj
 0001:00018c40       ?GetPanelInfo@CPluginBase@@QEAA_NKPEAUBkPanelInfo@@@Z 0000000180019c40 f   ConEmuPluginBase.obj
 0001:00018d30       ?FillUpdateBackground@CPluginBase@@QEAAXPEAUPaintBackgroundArg@@@Z 0000000180019d30 f   ConEmuPluginBase.obj
 0001:00018f60       ?StorePanelDirs@CPluginBase@@QEAA_NPEB_W0@Z 0000000180019f60 f   ConEmuPluginBase.obj
 0001:00019190       wmemmove                   000000018001a190 f i ConEmuPluginBase.obj
 0001:000191c0       ?UpdatePanelDirs@CPluginBase@@QEAAXXZ 000000018001a1c0 f   ConEmuPluginBase.obj
 0001:000193d0       ?IsFarLua@FarVersion@@QEBA_NXZ 000000018001a3d0 f i ConEmuPluginBase.obj
 0001:00019430       ?RunExternalProgram@CPluginBase@@QEAA_NPEA_W@Z 000000018001a430 f   ConEmuPluginBase.obj
 0001:000196d0       ?ProcessCommandLine@CPluginBase@@QEAA_NPEA_W@Z 000000018001a6d0 f   ConEmuPluginBase.obj
 0001:00019730       ?ShowPluginMenu@CPluginBase@@QEAAXW4PluginCallCommands@@@Z 000000018001a730 f   ConEmuPluginBase.obj
 0001:00019a80       ?ShowTabsList@CPluginBase@@QEAAXXZ 000000018001aa80 f   ConEmuPluginBase.obj
 0001:00019fb0       ?ShowPanelsList@CPluginBase@@QEAAXXZ 000000018001afb0 f   ConEmuPluginBase.obj
 0001:0001a1c0       ?DataSize@CESERVER_REQ@@QEAAKXZ 000000018001b1c0 f i ConEmuPluginBase.obj
 0001:0001a200       ?EditViewConsoleOutput@CPluginBase@@QEAAX_N@Z 000000018001b200 f   ConEmuPluginBase.obj
 0001:0001a310       ?SwitchTabCommand@CPluginBase@@QEAAXW4PluginMenuCommands@@@Z 000000018001b310 f   ConEmuPluginBase.obj
 0001:0001a3e0       ?ProcessSynchroEvent@CPluginBase@@QEAAHHPEAX@Z 000000018001b3e0 f   ConEmuPluginBase.obj
 0001:0001a4a0       ?ProcessEditorInputInternal@CPluginBase@@QEAAXAEBU_INPUT_RECORD@@@Z 000000018001b4a0 f   ConEmuPluginBase.obj
 0001:0001a500       ?ProcessEditorViewerEvent@CPluginBase@@QEAAHHH@Z 000000018001b500 f   ConEmuPluginBase.obj
 0001:0001a650       ?isEditorViewer@CPluginBase@@QEAA_NXZ 000000018001b650 f   ConEmuPluginBase.obj
 0001:0001a6a0       ?isModalEditorViewer@CPluginBase@@QEAA_NXZ 000000018001b6a0 f   ConEmuPluginBase.obj
 0001:0001a6f0       ?GetMainThreadId@CPluginBase@@SAKXZ 000000018001b6f0 f   ConEmuPluginBase.obj
 0001:0001a7a0       ?ShowConsoleInfo@CPluginBase@@QEAAXXZ 000000018001b7a0 f   ConEmuPluginBase.obj
 0001:0001aa40       ?RunExternalProgramW@CPluginBase@@SA_NPEA_W0_N@Z 000000018001ba40 f   ConEmuPluginBase.obj
 0001:0001ad70       ?StartDebugger@CPluginBase@@QEAA_NXZ 000000018001bd70 f   ConEmuPluginBase.obj
 0001:0001b140       ?Attach2Gui@CPluginBase@@QEAA_NXZ 000000018001c140 f   ConEmuPluginBase.obj
 0001:0001b700       ?FindServerCmd@CPluginBase@@QEAA_NKAEAK_N@Z 000000018001c700 f   ConEmuPluginBase.obj
 0001:0001b820       ?ShowMessage@CPluginBase@@QEAAHHH@Z 000000018001c820 f   ConEmuPluginBase.obj
 0001:0001b8b0       ?OutDataAlloc@CPluginBase@@SA_NK@Z 000000018001c8b0 f   ConEmuPluginBase.obj
 0001:0001b930       ?OutDataRealloc@CPluginBase@@SA_NK@Z 000000018001c930 f   ConEmuPluginBase.obj
 0001:0001ba30       ?OutDataWrite@CPluginBase@@SA_NPEAXK@Z 000000018001ca30 f   ConEmuPluginBase.obj
 0001:0001bb20       ?CreateTabs@CPluginBase@@SA_NH@Z 000000018001cb20 f   ConEmuPluginBase.obj
 0001:0001bc20       ?AddTab@CPluginBase@@QEAA_NAEAHH_N1HPEB_W2HHHH@Z 000000018001cc20 f   ConEmuPluginBase.obj
 0001:0001c260       wmemcmp                    000000018001d260 f i ConEmuPluginBase.obj
 0001:0001c2f0       ?AddTabFinish@CPluginBase@@QEAAXH@Z 000000018001d2f0 f   ConEmuPluginBase.obj
 0001:0001c310       ?SendTabs@CPluginBase@@SAXH_N@Z 000000018001d310 f   ConEmuPluginBase.obj
 0001:0001c560       ?CloseTabs@CPluginBase@@SAXXZ 000000018001d560 f   ConEmuPluginBase.obj
 0001:0001c600       ?UpdateConEmuTabs@CPluginBase@@QEAA_N_N@Z 000000018001d600 f   ConEmuPluginBase.obj
 0001:0001ca10       ?ShowProtocolWarning@CPluginBase@@KAXXZ 000000018001da10 f   ConEmuPluginBase.obj
 0001:0001cba0       ?CheckResources@CPluginBase@@QEAAX_N@Z 000000018001dba0 f   ConEmuPluginBase.obj
 0001:0001cd80       ?InitResources@CPluginBase@@QEAAXXZ 000000018001dd80 f   ConEmuPluginBase.obj
 0001:0001d110       ?CloseMapHeader@CPluginBase@@SAXXZ 000000018001e110 f   ConEmuPluginBase.obj
 0001:0001d140       ?OpenMapHeader@CPluginBase@@SAHXZ 000000018001e140 f   ConEmuPluginBase.obj
 0001:0001d290       ?InitRootRegKey@CPluginBase@@IEAAXXZ 000000018001e290 f   ConEmuPluginBase.obj
 0001:0001d3f0       ?SetRootRegKey@CPluginBase@@IEAAXPEA_W@Z 000000018001e3f0 f   ConEmuPluginBase.obj
 0001:0001d520       ?LoadPanelTabsFromRegistry@CPluginBase@@IEAAXXZ 000000018001e520 f   ConEmuPluginBase.obj
 0001:0001d690       ?InitHWND@CPluginBase@@SAXXZ 000000018001e690 f   ConEmuPluginBase.obj
 0001:0001d9d0       ?CheckConEmuDetached@CPluginBase@@SAXXZ 000000018001e9d0 f   ConEmuPluginBase.obj
 0001:0001da80       ?EmergencyShow@CPluginBase@@KAXXZ 000000018001ea80 f   ConEmuPluginBase.obj
 0001:0001daf0       ?MonitorThreadProcW@CPluginBase@@SAKPEAX@Z 000000018001eaf0 f   ConEmuPluginBase.obj
 0001:0001e020       ?OpenPluginCommon@CPluginBase@@QEAAPEAXH_J_N@Z 000000018001f020 f   ConEmuPluginBase.obj
 0001:0001e4f0       ?ExitFarCommon@CPluginBase@@QEAAX_N@Z 000000018001f4f0 f   ConEmuPluginBase.obj
 0001:0001e560       ?OnMainThreadActivated@CPluginBase@@QEAAXXZ 000000018001f560 f   ConEmuPluginBase.obj
 0001:0001e760       ?ProcessSetWindowCommand@CPluginBase@@QEAAXXZ 000000018001f760 f   ConEmuPluginBase.obj
 0001:0001e8d0       ?CommonPluginStartup@CPluginBase@@QEAAXXZ 000000018001f8d0 f   ConEmuPluginBase.obj
 0001:0001ea00       ?StopThread@CPluginBase@@QEAAX_N@Z 000000018001fa00 f   ConEmuPluginBase.obj
 0001:0001ee30       ??_G?$MFileMapping@UCESERVER_CONSOLE_MAPPING_HDR@@@@QEAAPEAXI@Z 000000018001fe30 f i ConEmuPluginBase.obj
 0001:0001ee70       ?ShutdownPluginStep@CPluginBase@@SAXPEB_WHHHH@Z 000000018001fe70 f   ConEmuPluginBase.obj
 0001:0001ee90       ?ExecuteSynchro@CPluginBase@@QEAAXXZ 000000018001fe90 f   ConEmuPluginBase.obj
 0001:0001ef70       ?WaitPluginActivation@CPluginBase@@SAKKPEAPEAXHK@Z 000000018001ff70 f   ConEmuPluginBase.obj
 0001:0001f100       ?ActivatePlugin@CPluginBase@@QEAA_NKPEAXK@Z 0000000180020100 f   ConEmuPluginBase.obj
 0001:0001f430       ?cmd_OpenEditorLine@CPluginBase@@QEAA_NPEAUCESERVER_REQ_FAREDITOR@@@Z 0000000180020430 f   ConEmuPluginBase.obj
 0001:0001f560       ?cmd_RedrawFarCall@CPluginBase@@QEAA_NAEAPEAUCESERVER_REQ@@PEAPEAU2@@Z 0000000180020560 f   ConEmuPluginBase.obj
 0001:0001f650       ?cmd_SetWindow@CPluginBase@@QEAA_NPEAX_N@Z 0000000180020650 f   ConEmuPluginBase.obj
 0001:0001f730       ?cmd_LeftClickSync@CPluginBase@@QEAAXPEAX@Z 0000000180020730 f   ConEmuPluginBase.obj
 0001:0001f8c0       ?cmd_CloseQSearch@CPluginBase@@QEAAXXZ 00000001800208c0 f   ConEmuPluginBase.obj
 0001:0001f920       ?cmd_EMenu@CPluginBase@@QEAAXPEAX@Z 0000000180020920 f   ConEmuPluginBase.obj
 0001:0001fa30       ?cmd_ExternalCallback@CPluginBase@@QEAA_NPEAX@Z 0000000180020a30 f   ConEmuPluginBase.obj
 0001:0001fad0       ?cmd_ConSetFont@CPluginBase@@QEAAXPEAX@Z 0000000180020ad0 f   ConEmuPluginBase.obj
 0001:0001fb50       ?cmd_GuiChanged@CPluginBase@@QEAAXPEAX@Z 0000000180020b50 f   ConEmuPluginBase.obj
 0001:0001fc60       ?ProcessCommand@CPluginBase@@QEAA_NKHPEAXPEAPEAUCESERVER_REQ@@_N@Z 0000000180020c60 f   ConEmuPluginBase.obj
 0001:00020380       ?FarSetConsoleSize@CPluginBase@@SA_NFF@Z 0000000180021380 f   ConEmuPluginBase.obj
 0001:000204f0       ?ReloadFarInfoApi@CPluginBase@@IEAA_NXZ 00000001800214f0 f   ConEmuPluginBase.obj
 0001:000207a0       ?ReloadFarInfo@CPluginBase@@QEAA_N_N@Z 00000001800217a0 f   ConEmuPluginBase.obj
 0001:00020ac0       ?pcc_Selected@CPluginBase@@SA_NW4PluginMenuCommands@@@Z 0000000180021ac0 f   ConEmuPluginBase.obj
 0001:00020b40       ?pcc_Disabled@CPluginBase@@SA_NW4PluginMenuCommands@@@Z 0000000180021b40 f   ConEmuPluginBase.obj
 0001:00020c20       ?TouchReadPeekConsoleInputs@CPluginBase@@SAXH@Z 0000000180021c20 f   ConEmuPluginBase.obj
 0001:00020c80       ?OnConsolePeekReadInput@CPluginBase@@SAX_N@Z 0000000180021c80 f   ConEmuPluginBase.obj
 0001:00020ef0       ?ActiveServerPID@CESERVER_CONSOLE_MAPPING_HDR@@QEBAKXZ 0000000180021ef0 f i ConEmuPluginBase.obj
 0001:00020f30       ?UngetDummyMouseEvent@CPluginBase@@SA_N_NPEAUHookCallbackArg@@@Z 0000000180021f30 f   ConEmuPluginBase.obj
 0001:000211a0       ??4HANDLE2@@QEAAAEAU0@PEAX@Z 00000001800221a0 f i ConEmuPluginBase.obj
 0001:000211c0       ?FillLoadedParm@CPluginBase@@SAXPEAUConEmuLoadedArg@@PEAUHINSTANCE__@@H@Z 00000001800221c0 f   ConEmuPluginBase.obj
 0001:00021300       ?NotifyConEmuUnloaded@CPluginBase@@SAXXZ 0000000180022300 f   ConEmuPluginBase.obj
 0001:00021450       ?OnPanelViewCallbacks@CPluginBase@@SA_NPEAUHookCallbackArg@@P6AHPEAXPEAU_INPUT_RECORD@@KPEAKPEAH@Z5@Z 0000000180022450 f   ConEmuPluginBase.obj
 0001:000215a0       ?OnShellExecuteExW_Except@CPluginBase@@SAXPEAUHookCallbackArg@@@Z 00000001800225a0 f   ConEmuPluginBase.obj
 0001:000215f0       ?OnGetNumberOfConsoleInputEventsPost@CPluginBase@@SAXPEAUHookCallbackArg@@@Z 00000001800225f0 f   ConEmuPluginBase.obj
 0001:00021630       ?OnConsolePeekInput@CPluginBase@@SAHPEAUHookCallbackArg@@@Z 0000000180022630 f   ConEmuPluginBase.obj
 0001:000216c0       ?OnConsolePeekInputPost@CPluginBase@@SAXPEAUHookCallbackArg@@@Z 00000001800226c0 f   ConEmuPluginBase.obj
 0001:00021710       ?OnConsoleReadInputWork@CPluginBase@@SAHPEAUHookCallbackArg@@@Z 0000000180022710 f   ConEmuPluginBase.obj
 0001:000217c0       ?OnConsoleReadInput@CPluginBase@@SAHPEAUHookCallbackArg@@@Z 00000001800227c0 f   ConEmuPluginBase.obj
 0001:000217e0       ?OnConsoleReadInputPost@CPluginBase@@SAXPEAUHookCallbackArg@@@Z 00000001800227e0 f   ConEmuPluginBase.obj
 0001:00021a90       ?OnWriteConsoleOutput@CPluginBase@@SAHPEAUHookCallbackArg@@@Z 0000000180022a90 f   ConEmuPluginBase.obj
 0001:00021bb0       ?OnConsoleDetaching@CPluginBase@@SAHPEAUHookCallbackArg@@@Z 0000000180022bb0 f   ConEmuPluginBase.obj
 0001:00021d10       ?OnConsoleWasAttached@CPluginBase@@SAXPEAUHookCallbackArg@@@Z 0000000180022d10 f   ConEmuPluginBase.obj
 0001:00021d90       ?OnCurDirChanged@CPluginBase@@SAXXZ 0000000180022d90 f   ConEmuPluginBase.obj
 0001:00021e20       ?OnLibraryLoaded@CPluginBase@@SAXPEAUHINSTANCE__@@@Z 0000000180022e20 f   ConEmuPluginBase.obj
 0001:00021ed0       ?ToUnicode@CPluginBase@@SAPEA_WPEBD@Z 0000000180022ed0 f   ConEmuPluginBase.obj
 0001:00021f70       ?ToOem@CPluginBase@@SAXPEB_WPEAD_J@Z 0000000180022f70 f   ConEmuPluginBase.obj
 0001:00021ff0       ?ToOem@CPluginBase@@SAPEADPEB_W@Z 0000000180022ff0 f   ConEmuPluginBase.obj
 0001:00022060       ?ProcessDragFrom@CPluginBase@@QEAAXXZ 0000000180023060 f   ConEmuPluginBase.obj
 0001:00022920       ?ProcessDragTo@CPluginBase@@QEAAXXZ 0000000180023920 f   ConEmuPluginBase.obj
 0001:00022de0       ?IsCurrentTabModal@CPluginBase@@QEAA_NXZ 0000000180023de0 f   ConEmuPluginBase.obj
 0001:00022ee0       ?PrintText@CPluginBase@@QEAA_NPEB_W@Z 0000000180023ee0 f   ConEmuPluginBase.obj
 0001:00023080       ?Ptr@?$MFileMapping@UCESERVER_CONSOLE_MAPPING_HDR@@@@QEAAPEAUCESERVER_CONSOLE_MAPPING_HDR@@XZ 0000000180024080 f i ConEmuPluginBase.obj
 0001:00023090       ??$wcscpy_c@$0BBE@@@YAHAEAY0BBE@_WPEB_W@Z 0000000180024090 f i ConEmuPluginBase.obj
 0001:000230c0       ??$wcscat_c@$0BBE@@@YAHAEAY0BBE@_WPEB_W@Z 00000001800240c0 f i ConEmuPluginBase.obj
 0001:000230f0       ??$wcscat_c@$0CAE@@@YAHAEAY0CAE@_WPEB_W@Z 00000001800240f0 f i ConEmuPluginBase.obj
 0001:00023120       ?EvaluateDefaultFontWidth@@YAHHPEB_W@Z 0000000180024120 f   EmergencyShow.obj
 0001:000232a0       ?SetUserFriendlyFont@@YAXPEAUHWND__@@HH@Z 00000001800242a0 f   EmergencyShow.obj
 0001:00023860       ?CorrectConsolePos@@YAXPEAUHWND__@@@Z 0000000180024860 f   EmergencyShow.obj
 0001:00023a40       ?EmergencyShow@@YAXPEAUHWND__@@HH@Z 0000000180024a40 f   EmergencyShow.obj
 0001:00023bc0       ?IsFileBatch@@YA_NPEB_W@Z  0000000180024bc0 f   Execute.obj
 0001:00023c60       ?GetImageSubsystem@@YA_NPEB_WAEAK11@Z 0000000180024c60 f   Execute.obj
 0001:00024070       ?GetImageSubsystem@@YA_NAEAK0@Z 0000000180025070 f   Execute.obj
 0001:00024150       ?GetImageSubsystem@@YA_NU_PROCESS_INFORMATION@@AEAK1@Z 0000000180025150 f   Execute.obj
 0001:00024450       ?GetEnclosingSectionHeader@@YAPEAU_IMAGE_SECTION_HEADER@@KPEAUIMAGE_MAPPING@@@Z 0000000180025450 f   Execute.obj
 0001:00024500       ?GetPtrFromRVA@@YAPEAXKPEAUIMAGE_MAPPING@@@Z 0000000180025500 f   Execute.obj
 0001:00024590       ?FindImageSubsystem@@YA_NPEB_WAEAK1PEAK@Z 0000000180025590 f   Execute.obj
 0001:00025400       ??0HkFunc@@QEAA@XZ         0000000180026400 f   HkFunc.obj
 0001:00025480       ?Init@HkFunc@@IEAA_NXZ     0000000180026480 f   HkFunc.obj
 0001:00025560       ?SetInternalMode@HkFunc@@QEAAXPEAUHINSTANCE__@@P6A_JXZ@Z 0000000180026560 f   HkFunc.obj
 0001:000255a0       ?OnHooksUnloaded@HkFunc@@QEAAXXZ 00000001800265a0 f   HkFunc.obj
 0001:00025600       ?isConEmuHk@HkFunc@@QEAA_NXZ 0000000180026600 f   HkFunc.obj
 0001:00025630       ?getLargestConsoleWindowSize@HkFunc@@QEAA?AU_COORD@@PEAX@Z 0000000180026630 f   HkFunc.obj
 0001:000256d0       ?setConsoleScreenBufferSize@HkFunc@@QEAAHPEAXU_COORD@@@Z 00000001800266d0 f   HkFunc.obj
 0001:00025750       ?getConsoleWindow@HkFunc@@QEAAPEAUHWND__@@XZ 0000000180026750 f   HkFunc.obj
 0001:000257c0       ?virtualAlloc@HkFunc@@QEAAPEAXPEAX_KKK@Z 00000001800267c0 f   HkFunc.obj
 0001:00025860       ?createProcess@HkFunc@@QEAAHPEB_WPEA_WPEAU_SECURITY_ATTRIBUTES@@2HKPEAX0PEAU_STARTUPINFOW@@PEAU_PROCESS_INFORMATION@@@Z 0000000180026860 f   HkFunc.obj
 0001:000259a0       ?HeapInitialize@@YA_NXZ    00000001800269a0 f   Memory.obj
 0001:000259f0       ?HeapDeinitialize@@YAXXZ   00000001800269f0 f   Memory.obj
 0001:00025a20       ?xf_malloc@@YAPEAX_K@Z     0000000180026a20 f   Memory.obj
 0001:00025a50       ?xf_calloc@@YAPEAX_K0@Z    0000000180026a50 f   Memory.obj
 0001:00025a90       ?xf_realloc@@YAPEAXPEAX_K@Z 0000000180026a90 f   Memory.obj
 0001:00025ae0       ?xf_free@@YAXPEAX@Z        0000000180026ae0 f   Memory.obj
 0001:00025b20       ?xf_validate@@YA_NPEAX@Z   0000000180026b20 f   Memory.obj
 0001:00025b70       ??2@YAPEAX_K@Z             0000000180026b70 f   Memory.obj
 0001:00025ba0       ??_U@YAPEAX_K@Z            0000000180026ba0 f   Memory.obj
 0001:00025bd0       ??3@YAXPEAX@Z              0000000180026bd0 f   Memory.obj
 0001:00025bf0       ??_V@YAXPEAX@Z             0000000180026bf0 f   Memory.obj
 0001:00025c10       ?lstrdup@@YAPEADPEBD@Z     0000000180026c10 f   Memory.obj
 0001:00025c90       ?StringCchCopyA@@YAJPEAD_KPEBD@Z 0000000180026c90 f i Memory.obj
 0001:00025e20       ?lstrdup@@YAPEA_WPEB_W_K@Z 0000000180026e20 f   Memory.obj
 0001:00025fe0       ?lstrdupW@@YAPEA_WPEBDI@Z  0000000180026fe0 f   Memory.obj
 0001:00026080       ?lstrmerge@@YAPEA_WPEB_W0000@Z 0000000180027080 f   Memory.obj
 0001:00026280       ?lstrmerge@@YA_NPEAPEA_WPEB_W111@Z 0000000180027280 f   Memory.obj
 0001:00026300       ?GetStartupMonitor@@YAPEAUHMONITOR__@@XZ 0000000180027300 f   Monitors.obj
 0001:00026430       ?MonitorFromParam@@YAPEAUHMONITOR__@@PEB_W@Z 0000000180027430 f   Monitors.obj
 0001:00026680       ?FindMonitorsWorkspace@@YAHPEAUHMONITOR__@@PEAUHDC__@@PEAUtagRECT@@_J@Z 0000000180027680 f   Monitors.obj
 0001:00026730       ?GetAllMonitorsWorkspace@@YA?AUtagRECT@@XZ 0000000180027730 f   Monitors.obj
 0001:000267c0       ?FindPrimaryMonitor@@YAHPEAUHMONITOR__@@PEAUHDC__@@PEAUtagRECT@@_J@Z 00000001800277c0 f   Monitors.obj
 0001:00026850       ?GetMonitorInfoSafe@@YA_NPEAUHMONITOR__@@AEAUtagMONITORINFO@@@Z 0000000180027850 f   Monitors.obj
 0001:000268c0       ?GetPrimaryMonitorInfo@@YAPEAUHMONITOR__@@PEAUtagMONITORINFO@@@Z 00000001800278c0 f   Monitors.obj
 0001:00026980       ?GetNearestMonitorInfo@@YAPEAUHMONITOR__@@PEAUtagMONITORINFO@@PEAU1@PEBUtagRECT@@PEAUHWND__@@@Z 0000000180027980 f   Monitors.obj
 0001:00026ab0       ?EnumAllMonitors@@YAHPEAUHMONITOR__@@PEAUHDC__@@PEAUtagRECT@@_J@Z 0000000180027ab0 f   Monitors.obj
 0001:00026b60       ?MonitorSortCallback@@YAHAEAU_FindAllMonitorsItem@@0@Z 0000000180027b60 f   Monitors.obj
 0001:00026be0       ?GetNextMonitorInfo@@YAPEAUHMONITOR__@@PEAUtagMONITORINFO@@PEBUtagRECT@@_N@Z 0000000180027be0 f   Monitors.obj
 0001:00026e70       ??0_FindAllMonitors@@QEAA@XZ 0000000180027e70 f i Monitors.obj
 0001:00026e90       ??1_FindAllMonitors@@QEAA@XZ 0000000180027e90 f i Monitors.obj
 0001:00026eb0       ?FindTaskbarWindow@@YAPEAUHWND__@@PEAUtagRECT@@@Z 0000000180027eb0 f   Monitors.obj
 0001:00026f30       ?IsTaskbarAutoHidden@@YA_NPEAUtagRECT@@PEAI@Z 0000000180027f30 f   Monitors.obj
 0001:00027020       ??0?$MArray@U_FindAllMonitorsItem@@@@QEAA@XZ 0000000180028020 f i Monitors.obj
 0001:00027080       ??1?$MArray@U_FindAllMonitorsItem@@@@QEAA@XZ 0000000180028080 f i Monitors.obj
 0001:000270a0       ??A?$MArray@U_FindAllMonitorsItem@@@@QEAAAEAU_FindAllMonitorsItem@@_J@Z 00000001800280a0 f i Monitors.obj
 0001:000270c0       ?push_back@?$MArray@U_FindAllMonitorsItem@@@@QEAA_JAEBU_FindAllMonitorsItem@@@Z 00000001800280c0 f i Monitors.obj
 0001:00027190       ?size@?$MArray@U_FindAllMonitorsItem@@@@QEBA_JXZ 0000000180028190 f i Monitors.obj
 0001:000271a0       ?sort@?$MArray@U_FindAllMonitorsItem@@@@QEAAXP6AHAEAU_FindAllMonitorsItem@@0@Z@Z 00000001800281a0 f i Monitors.obj
 0001:000272f0       ?clear@?$MArray@U_FindAllMonitorsItem@@@@QEAAXXZ 00000001800282f0 f i Monitors.obj
 0001:00027340       ?addsize@?$MArray@U_FindAllMonitorsItem@@@@QEAAX_J@Z 0000000180028340 f i Monitors.obj
 0001:00027480       ??0MSection@@QEAA@XZ       0000000180028480 f   MSection.obj
 0001:00027570       ??1MSection@@QEAA@XZ       0000000180028570 f   MSection.obj
 0001:00027640       ?Process_Lock@MSection@@IEAAXXZ 0000000180028640 f   MSection.obj
 0001:00027660       ?Process_Unlock@MSection@@IEAAXXZ 0000000180028660 f   MSection.obj
 0001:00027680       ?ThreadTerminated@MSection@@QEAAXK@Z 0000000180028680 f   MSection.obj
 0001:000276f0       ?AddRef@MSection@@IEAAXK@Z 00000001800286f0 f   MSection.obj
 0001:00027840       ?ReleaseRef@MSection@@IEAAHK@Z 0000000180028840 f   MSection.obj
 0001:00027960       ?WaitUnlocked@MSection@@IEAAXKK@Z 0000000180028960 f   MSection.obj
 0001:00027a30       ?MyEnterCriticalSection@MSection@@IEAA_NK@Z 0000000180028a30 f   MSection.obj
 0001:00027c00       ?Lock@MSection@@IEAAHHK@Z  0000000180028c00 f   MSection.obj
 0001:00027db0       ?Unlock@MSection@@IEAAXH@Z 0000000180028db0 f   MSection.obj
 0001:00027e40       ?isLockedExclusive@MSection@@QEAA_NXZ 0000000180028e40 f   MSection.obj
 0001:00027eb0       ??0MSectionThread@@QEAA@PEAVMSection@@@Z 0000000180028eb0 f   MSection.obj
 0001:00027ef0       ??1MSectionThread@@QEAA@XZ 0000000180028ef0 f   MSection.obj
 0001:00027f30       ??0MSectionLock@@QEAA@XZ   0000000180028f30 f   MSection.obj
 0001:00027f60       ??1MSectionLock@@QEAA@XZ   0000000180028f60 f   MSection.obj
 0001:00027f90       ?Lock@MSectionLock@@QEAAHPEAVMSection@@HK@Z 0000000180028f90 f   MSection.obj
 0001:00028060       ?RelockExclusive@MSectionLock@@QEAAHK@Z 0000000180029060 f   MSection.obj
 0001:000280f0       ?Unlock@MSectionLock@@QEAAXXZ 00000001800290f0 f   MSection.obj
 0001:00028140       ?isLocked@MSectionLock@@QEAAHH@Z 0000000180029140 f   MSection.obj
 0001:00028190       ??0MSectionSimple@@QEAA@_N@Z 0000000180029190 f   MSectionSimple.obj
 0001:000281f0       ??1MSectionSimple@@QEAA@XZ 00000001800291f0 f   MSectionSimple.obj
 0001:00028210       ?IsInitialized@MSectionSimple@@QEAA_NXZ 0000000180029210 f   MSectionSimple.obj
 0001:00028250       ?Init@MSectionSimple@@QEAAXXZ 0000000180029250 f   MSectionSimple.obj
 0001:00028280       ?Close@MSectionSimple@@QEAAXXZ 0000000180029280 f   MSectionSimple.obj
 0001:000282b0       ?Enter@MSectionSimple@@QEAAXXZ 00000001800292b0 f   MSectionSimple.obj
 0001:000282d0       ?Leave@MSectionSimple@@QEAAXXZ 00000001800292d0 f   MSectionSimple.obj
 0001:000282f0       ?TryEnter@MSectionSimple@@QEAA_NXZ 00000001800292f0 f   MSectionSimple.obj
 0001:00028330       ?RecreateAndLock@MSectionSimple@@QEAA_NXZ 0000000180029330 f   MSectionSimple.obj
 0001:000283d0       ??0MSectionLockSimple@@QEAA@XZ 00000001800293d0 f   MSectionSimple.obj
 0001:000283f0       ??1MSectionLockSimple@@QEAA@XZ 00000001800293f0 f   MSectionSimple.obj
 0001:00028420       ?Lock@MSectionLockSimple@@QEAAHPEAUMSectionSimple@@K@Z 0000000180029420 f   MSectionSimple.obj
 0001:000284f0       ?Unlock@MSectionLockSimple@@QEAAXXZ 00000001800294f0 f   MSectionSimple.obj
 0001:00028530       ?isLocked@MSectionLockSimple@@QEAAHXZ 0000000180029530 f   MSectionSimple.obj
 0001:00028540       ?NullSecurity@@YAPEAU_SECURITY_ATTRIBUTES@@XZ 0000000180029540 f   MSecurity.obj
 0001:000285a0       ??0MNullDesc@@QEAA@XZ      00000001800295a0 f i MSecurity.obj
 0001:00028620       ?NullSecurity@MNullDesc@@QEAAPEAU_SECURITY_ATTRIBUTES@@XZ 0000000180029620 f i MSecurity.obj
 0001:00028760       ?LoadAdvApi@MNullDesc@@IEAAHXZ 0000000180029760 f i MSecurity.obj
 0001:00028a20       ?UnloadAdvApi@MNullDesc@@IEAAXXZ 0000000180029a20 f i MSecurity.obj
 0001:00028a60       ?LocalSecurity@@YAPEAU_SECURITY_ATTRIBUTES@@XZ 0000000180029a60 f   MSecurity.obj
 0001:00028ac0       ?LocalSecurity@MNullDesc@@QEAAPEAU_SECURITY_ATTRIBUTES@@XZ 0000000180029ac0 f i MSecurity.obj
 0001:00028d70       ?ShutdownSecurity@@YAXXZ   0000000180029d70 f   MSecurity.obj
 0001:00028dd0       ??_GMNullDesc@@QEAAPEAXI@Z 0000000180029dd0 f i MSecurity.obj
 0001:00028e10       ??1MNullDesc@@QEAA@XZ      0000000180029e10 f i MSecurity.obj
 0001:00028ea0       ??0MSetter@@QEAA@PEAJ@Z    0000000180029ea0 f   MSetter.obj
 0001:00028ef0       ??0MSetter@@QEAA@PEA_N@Z   0000000180029ef0 f   MSetter.obj
 0001:00028f40       ??0MSetter@@QEAA@PEAKK@Z   0000000180029f40 f   MSetter.obj
 0001:00028f90       ??1MSetter@@QEAA@XZ        0000000180029f90 f   MSetter.obj
 0001:00028fb0       ?Unlock@MSetter@@QEAAXXZ   0000000180029fb0 f   MSetter.obj
 0001:00029050       ?msprintf@@YAPEB_WPEA_W_KPEB_WZZ 000000018002a050 f   MStrSafe.obj
 0001:00029a10       ?msprintf@@YAPEBDPEAD_KPEBDZZ 000000018002aa10 f   MStrSafe.obj
 0001:0002a150       ?lstrcmpni@@YAHPEBD0H@Z    000000018002b150 f   MStrSafe.obj
 0001:0002a2c0       ?lstrcmpni@@YAHPEB_W0H@Z   000000018002b2c0 f   MStrSafe.obj
 0001:0002a470       ?startswith@@YAHPEB_W0_N@Z 000000018002b470 f   MStrSafe.obj
 0001:0002a520       ??0CPluginBackground@@QEAA@XZ 000000018002b520 f   PluginBackground.obj
 0001:0002a7d0       ??1CPluginBackground@@QEAA@XZ 000000018002b7d0 f   PluginBackground.obj
 0001:0002aa80       ?RegisterSubplugin@CPluginBackground@@QEAAHPEAURegisterBackgroundArg@@@Z 000000018002ba80 f   PluginBackground.obj
 0001:0002aff0       ?ReallocItems@CPluginBackground@@IEAAXH@Z 000000018002bff0 f   PluginBackground.obj
 0001:0002b090       ?OnMainThreadActivated@CPluginBackground@@QEAAXHH@Z 000000018002c090 f   PluginBackground.obj
 0001:0002b200       ?SetForceCheck@CPluginBackground@@QEAAXXZ 000000018002c200 f   PluginBackground.obj
 0001:0002b230       ?SetForceUpdate@CPluginBackground@@QEAAX_N@Z 000000018002c230 f   PluginBackground.obj
 0001:0002b270       ?SetForceThLoad@CPluginBackground@@QEAAXXZ 000000018002c270 f   PluginBackground.obj
 0001:0002b2b0       ?IsParmChanged@CPluginBackground@@IEAA_NPEAUPaintBackgroundArg@@0@Z 000000018002c2b0 f   PluginBackground.obj
 0001:0002b600       ?CheckPanelFolders@CPluginBackground@@IEAAXH@Z 000000018002c600 f   PluginBackground.obj
 0001:0002b730       ?SetDcPanelRect@CPluginBackground@@IEAAXPEAUtagRECT@@PEAUBkPanelInfo@@PEAUPaintBackgroundArg@@@Z 000000018002c730 f   PluginBackground.obj
 0001:0002b8d0       ?UpdateBackground_Exec@CPluginBackground@@KAXPEAURegisterBackgroundArg@@PEAUPaintBackgroundArg@@@Z 000000018002c8d0 f   PluginBackground.obj
 0001:0002b930       ?UpdateBackground@CPluginBackground@@IEAAXXZ 000000018002c930 f   PluginBackground.obj
 0001:0002ca00       ?LoadThSet@CPluginBackground@@IEAAHH@Z 000000018002da00 f   PluginBackground.obj
 0001:0002cc70       ?MonitorBackground@CPluginBackground@@QEAAXXZ 000000018002dc70 f   PluginBackground.obj
 0001:0002cd50       ?GetTo@?$MFileMapping@UPanelViewSetMapping@@@@QEAA_NPEAUPanelViewSetMapping@@H@Z 000000018002dd50 f i PluginBackground.obj
 0001:0002cdb0       ?InitName@?$MFileMapping@UPanelViewSetMapping@@@@QEAAPEB_WPEB_WKK@Z 000000018002ddb0 f i PluginBackground.obj
 0001:0002ce10       ?CloseMap@?$MFileMapping@UPanelViewSetMapping@@@@QEAAXXZ 000000018002de10 f i PluginBackground.obj
 0001:0002cea0       ?Open@?$MFileMapping@UPanelViewSetMapping@@@@QEAAPEAUPanelViewSetMapping@@HH@Z 000000018002dea0 f i PluginBackground.obj
 0001:0002ced0       ??0?$MFileMapping@UPanelViewSetMapping@@@@QEAA@XZ 000000018002ded0 f i PluginBackground.obj
 0001:0002cf40       ??1?$MFileMapping@UPanelViewSetMapping@@@@QEAA@XZ 000000018002df40 f i PluginBackground.obj
 0001:0002cf70       ?IsValid@?$MFileMapping@UPanelViewSetMapping@@@@QEAA_NXZ 000000018002df70 f i PluginBackground.obj
 0001:0002cfa0       ?ClosePtr@?$MFileMapping@UPanelViewSetMapping@@@@QEAAXXZ 000000018002dfa0 f i PluginBackground.obj
 0001:0002cfe0       ?InternalOpenCreate@?$MFileMapping@UPanelViewSetMapping@@@@IEAAPEAUPanelViewSetMapping@@HHH@Z 000000018002dfe0 f i PluginBackground.obj
 0001:0002d3c0       ?PlugServerInit@@YAXXZ     000000018002e3c0 f   PluginSrv.obj
 0001:0002d3d0       ?PlugServerStart@@YA_NXZ   000000018002e3d0 f   PluginSrv.obj
 0001:0002d510       ?PlugServerStop@@YAX_N@Z   000000018002e510 f   PluginSrv.obj
 0001:0002d570       ?cmd_FarSetChanged@@YAXPEAUFAR_REQ_FARSETCHANGED@@@Z 000000018002e570 f   PluginSrv.obj
 0001:0002d5f0       ?PlugServerCommand@@YAHPEAXPEAUCESERVER_REQ@@AEAPEAU1@AEAK3_J@Z 000000018002e5f0 f   PluginSrv.obj
 0001:0002e020       ?PlugServerFree@@YAXPEAUCESERVER_REQ@@_J@Z 000000018002f020 f   PluginSrv.obj
 0001:0002e040       ?SetOverlapped@?$PipeServer@UCESERVER_REQ@@@@QEAAX_N@Z 000000018002f040 f i PluginSrv.obj
 0001:0002e060       ?SetLoopCommands@?$PipeServer@UCESERVER_REQ@@@@QEAAX_N@Z 000000018002f060 f i PluginSrv.obj
 0001:0002e080       ?SetDummyAnswerSize@?$PipeServer@UCESERVER_REQ@@@@QEAAXH@Z 000000018002f080 f i PluginSrv.obj
 0001:0002e0a0       ?SetMaxCount@?$PipeServer@UCESERVER_REQ@@@@QEAAXH@Z 000000018002f0a0 f i PluginSrv.obj
 0001:0002e0f0       ?StartPipeServer@?$PipeServer@UCESERVER_REQ@@@@QEAA_N_NPEB_W_JPEAU_SECURITY_ATTRIBUTES@@P6AHPEAXPEAUCESERVER_REQ@@AEAPEAU3@AEAK72@ZP6AX52@ZP6AH42@ZP6AH42@ZP6AH42@Z@Z 000000018002f0f0 f i PluginSrv.obj
 0001:0002e360       ?StopPipeServer@?$PipeServer@UCESERVER_REQ@@@@QEAAX_NAEA_N@Z 000000018002f360 f i PluginSrv.obj
 0001:0002ec90       ?BreakConnection@?$PipeServer@UCESERVER_REQ@@@@QEAAXPEAX@Z 000000018002fc90 f i PluginSrv.obj
 0001:0002ecc0       ?DumpError@?$PipeServer@UCESERVER_REQ@@@@IEAAXPEAUPipeInst@1@PEB_WH@Z 000000018002fcc0 f i PluginSrv.obj
 0001:0002ee00       ?_Disconnect@?$PipeServer@UCESERVER_REQ@@@@IEAAXPEAUPipeInst@1@_N11@Z 000000018002fe00 f i PluginSrv.obj
 0001:0002eeb0       ?StartPipeInstance@?$PipeServer@UCESERVER_REQ@@@@IEAA_NPEAUPipeInst@1@@Z 000000018002feb0 f i PluginSrv.obj
 0001:0002f120       ?TerminatePipeThread@?$PipeServer@UCESERVER_REQ@@@@KAXAEAPEAXAEBUPipeInst@1@AEA_N@Z 0000000180030120 f i PluginSrv.obj
 0001:0002f1e0       ?_PipeServerThread@?$PipeServer@UCESERVER_REQ@@@@KAKPEAX@Z 00000001800301e0 f i PluginSrv.obj
 0001:0002f280       ?PipeServerThread@?$PipeServer@UCESERVER_REQ@@@@IEAAKPEAUPipeInst@1@@Z 0000000180030280 f i PluginSrv.obj
 0001:0002f7d0       ?PipeServerRead@?$PipeServer@UCESERVER_REQ@@@@IEAAHPEAUPipeInst@1@@Z 00000001800307d0 f i PluginSrv.obj
 0001:0002fc40       ?PipeServerWrite@?$PipeServer@UCESERVER_REQ@@@@IEAAHPEAUPipeInst@1@PEBXKPEAKH@Z 0000000180030c40 f i PluginSrv.obj
 0001:0002fe80       ?WaitForClient@?$PipeServer@UCESERVER_REQ@@@@IEAA_NPEAUPipeInst@1@AEAH1@Z 0000000180030e80 f i PluginSrv.obj
 0001:00030490       ?WriteDummyAnswer@?$PipeServer@UCESERVER_REQ@@@@IEAAHPEAUPipeInst@1@@Z 0000000180031490 f i PluginSrv.obj
 0001:00030530       ?WaitOverlapped@?$PipeServer@UCESERVER_REQ@@@@IEAAHPEAUPipeInst@1@PEAK@Z 0000000180031530 f i PluginSrv.obj
 0001:00030820       ?AllocRequestBuf@PipeInst@?$PipeServer@UCESERVER_REQ@@@@QEAAPEAUCESERVER_REQ@@K@Z 0000000180031820 f i PluginSrv.obj
 0001:000308c0       ??$wcscpy_c@$0BAE@@@YAHAEAY0BAE@_WPEB_W@Z 00000001800318c0 f i PluginSrv.obj
 0001:00030a20       ?SetConEmuEnvHWND@@YAXPEB_WPEAUHWND__@@@Z 0000000180031a20 f   SetEnvVar.obj
 0001:00030a80       ?SetConEmuEnvVar@@YAXPEAUHWND__@@@Z 0000000180031a80 f   SetEnvVar.obj
 0001:00030b00       ?SetConEmuEnvVarChild@@YAXPEAUHWND__@@0@Z 0000000180031b00 f   SetEnvVar.obj
 0001:00030b40       ?SetConEmuWorkEnvVar@@YAXPEAUHINSTANCE__@@@Z 0000000180031b40 f   SetEnvVar.obj
 0001:00030d10       ??0CEnvStrings@@QEAA@PEA_W@Z 0000000180031d10 f   SetEnvVar.obj
 0001:00030dd0       ??1CEnvStrings@@QEAA@XZ    0000000180031dd0 f   SetEnvVar.obj
 0001:00030e10       ?ShutdownConsole@@YAXXZ    0000000180031e10 f   WConsole.obj
 0001:00030e60       ?SetConsoleInfo@@YAHPEAUHWND__@@PEAU_CONSOLE_INFO@@@Z 0000000180031e60 f   WConsole.obj
 0001:00031190       ?GetConsoleSizeInfo@@YAXPEAU_CONSOLE_INFO@@@Z 0000000180032190 f   WConsole.obj
 0001:00031260       ?apiGetConsoleScreenBufferInfoEx@@YAHPEAXPEAUMY_CONSOLE_SCREEN_BUFFER_INFOEX@@@Z 0000000180032260 f   WConsole.obj
 0001:000312e0       ?apiSetConsoleScreenBufferInfoEx@@YAHPEAXPEAUMY_CONSOLE_SCREEN_BUFFER_INFOEX@@@Z 00000001800322e0 f   WConsole.obj
 0001:00031380       ?apiGetCurrentConsoleFontEx@@YAHPEAXHPEAUMY_CONSOLE_FONT_INFOEX@@@Z 0000000180032380 f   WConsole.obj
 0001:00031410       ?apiSetCurrentConsoleFontEx@@YAHPEAXHPEAUMY_CONSOLE_FONT_INFOEX@@@Z 0000000180032410 f   WConsole.obj
 0001:000314a0       ?apiInitConsoleFontSize@@YAHPEAX@Z 00000001800324a0 f   WConsole.obj
 0001:00031540       ?apiGetConsoleFontSize@@YAHPEAXAEAH1AEAY0CA@_W@Z 0000000180032540 f   WConsole.obj
 0001:00031610       ?apiSetConsoleFontSize@@YAHPEAXHHPEB_W@Z 0000000180032610 f   WConsole.obj
 0001:00031780       ?apiFixFontSizeForBufferSize@@YAHPEAXU_COORD@@PEADH@Z 0000000180032780 f   WConsole.obj
 0001:00031e60       ?SetConsoleFontSizeTo@@YAXPEAUHWND__@@HHPEB_WGG@Z 0000000180032e60 f   WConsole.obj
 0001:00032460       ?apiPauseConsoleOutput@@YAHPEAUHWND__@@_N@Z 0000000180033460 f   WConsole.obj
 0001:000325c0       ?apiGetConsoleSelectionInfo@@YAHPEAU_CONSOLE_SELECTION_INFO@@@Z 00000001800335c0 f   WConsole.obj
 0001:000326e0       ?MyGetLargestConsoleWindowSize@@YA?AU_COORD@@PEAX@Z 00000001800336e0 f   WConsole.obj
 0001:00032770       ?SearchAppPaths@@YA_NPEB_WAEAUCmdArg@@_NPEAU1@@Z 0000000180033770 f   WFiles.obj
 0001:00032e10       ?GetFullPathNameEx@@YAPEA_WPEB_W@Z 0000000180033e10 f   WFiles.obj
 0001:00032f10       ?FindFileName@@YA_NPEB_WAEAUCmdArg@@@Z 0000000180033f10 f   WFiles.obj
 0001:00033160       ?MakePathProperCase@@YA_NAEAUCmdArg@@@Z 0000000180034160 f   WFiles.obj
 0001:00033490       ?ReadTextFile@@YAHPEB_WKAEAPEA_WAEAK2K@Z 0000000180034490 f   WFiles.obj
 0001:00033a90       ?WriteTextFile@@YAHPEB_W0HK_NPEAK@Z 0000000180034a90 f   WFiles.obj
 0001:00033e50       ?FilesExists@@YA_NPEB_W0_NH@Z 0000000180034e50 f   WFiles.obj
 0001:00033ff0       ?IsDotsName@@YA_NPEB_W@Z   0000000180034ff0 f   WFiles.obj
 0001:00034050       ?FileExistSubDir@@YA_NPEB_W0HAEAUCmdArg@@@Z 0000000180035050 f   WFiles.obj
 0001:00034290       ?DirectoryExists@@YA_NPEB_W@Z 0000000180035290 f   WFiles.obj
 0001:00034430       ?MyCreateDirectory@@YA_NPEA_W@Z 0000000180035430 f   WFiles.obj
 0001:00034580       ?FileCompare@@YA_NPEB_W0@Z 0000000180035580 f   WFiles.obj
 0001:00034870       ?apiCancelSynchronousIo@@YAHPEAX@Z 0000000180035870 f   WFiles.obj
 0001:00034930       ?HasZoneIdentifier@@YA_NPEB_WAEAH@Z 0000000180035930 f   WFiles.obj
 0001:00034a60       ?DropZoneIdentifier@@YA_NPEB_WAEAK@Z 0000000180035a60 f   WFiles.obj
 0001:00034b70       ?getWindowInfo@@YAXPEAUHWND__@@AEAY0EAA@_W_NPEAK@Z 0000000180035b70 f   WObjects.obj
 0001:00034d80       ?FileExists@@YA_NPEB_WPEAK@Z 0000000180035d80 f   WObjects.obj
 0001:00034fa0       ?FileSearchInDir@@YA_NPEB_WAEAUCmdArg@@@Z 0000000180035fa0 f   WObjects.obj
 0001:000351c0       ?FileExistsSearch@@YA_NPEB_WAEAUCmdArg@@_N2@Z 00000001800361c0 f   WObjects.obj
 0001:00035300       ?GetShortFileName@@YA_NPEB_WHPEA_WH@Z 0000000180036300 f   WObjects.obj
 0001:00035580       ?GetShortFileNameEx@@YAPEA_WPEB_WH@Z 0000000180036580 f   WObjects.obj
 0001:00035ac0       ?IsWine@@YA_NXZ            0000000180036ac0 f   WObjects.obj
 0001:00035c50       ?IsWinPE@@YA_NXZ           0000000180036c50 f   WObjects.obj
 0001:00035d00       ?GetOsVersionInformational@@YA_NPEAU_OSVERSIONINFOW@@@Z 0000000180036d00 f   WObjects.obj
 0001:00035d40       ?IsWinVerOrHigher@@YA_NG@Z 0000000180036d40 f   WObjects.obj
 0001:00035e10       ?IsWinVerEqual@@YA_NG@Z    0000000180036e10 f   WObjects.obj
 0001:00035ee0       ?IsWin2kEql@@YA_NXZ        0000000180036ee0 f   WObjects.obj
 0001:00035f40       ?IsWin5family@@YA_NXZ      0000000180036f40 f   WObjects.obj
 0001:00036000       ?IsWinXPSP1@@YA_NXZ        0000000180037000 f   WObjects.obj
 0001:000360f0       ?IsWin6@@YA_NXZ            00000001800370f0 f   WObjects.obj
 0001:00036150       ?IsWin7@@YA_NXZ            0000000180037150 f   WObjects.obj
 0001:000361b0       ?IsWin8@@YA_NXZ            00000001800371b0 f   WObjects.obj
 0001:00036210       ?IsWin8_1@@YA_NXZ          0000000180037210 f   WObjects.obj
 0001:00036270       ?IsWin10@@YA_NXZ           0000000180037270 f   WObjects.obj
 0001:00036350       ?IsDbcs@@YA_NXZ            0000000180037350 f   WObjects.obj
 0001:00036390       ?IsWindows64@@YA_NXZ       0000000180037390 f   WObjects.obj
 0001:000363c0       ?IsHwFullScreenAvailable@@YA_NXZ 00000001800373c0 f   WObjects.obj
 0001:00036450       ?IsVsNetHostExe@@YA_NPEB_W@Z 0000000180037450 f   WObjects.obj
 0001:000364f0       ?IsGDB@@YA_NPEB_W@Z        00000001800374f0 f   WObjects.obj
 0001:00036560       ?GetProcessBits@@YAHKPEAX@Z 0000000180037560 f   WObjects.obj
 0001:000366b0       ?GetProcessInfo@@YA_NKPEAUtagPROCESSENTRY32W@@@Z 00000001800376b0 f   WObjects.obj
 0001:000367a0       ?isTerminalMode@@YA_NXZ    00000001800377a0 f   WObjects.obj
 0001:00036af0       ?IsModuleValid@@YA_NPEAUHINSTANCE__@@H@Z 0000000180037af0 f   WObjects.obj
 0001:00036c90       ?CheckCallbackPtr@@YA_NPEAUHINSTANCE__@@_KPEAP6A_JXZHHH@Z 0000000180037c90 f   WObjects.obj
 0001:00036e80       ?ExpandMacroValues@@YAPEA_WPEB_WPEAPEB_W_K@Z 0000000180037e80 f   WObjects.obj
 0001:000370d0       ?ExpandEnvStr@@YAPEA_WPEB_W@Z 00000001800380d0 f   WObjects.obj
 0001:000371e0       ?GetEnvVar@@YAPEA_WPEB_W@Z 00000001800381e0 f   WObjects.obj
 0001:000372d0       ?GetComspecFromEnvVar@@YAPEB_WPEA_WKW4ComSpecBits@@@Z 00000001800382d0 f   WObjects.obj
 0001:00037630       ?GetComspec@@YAPEA_WPEBUConEmuComspec@@@Z 0000000180038630 f   WObjects.obj
 0001:000378f0       ?IsExportEnvVarAllowed@@YA_NPEB_W@Z 00000001800388f0 f   WObjects.obj
 0001:00037970       ?ApplyExportEnvVar@@YAXPEB_W@Z 0000000180038970 f   WObjects.obj
 0001:00037a30       ?CoordInSmallRect@@YA_NAEBU_COORD@@AEBU_SMALL_RECT@@@Z 0000000180038a30 f   WObjects.obj
 0001:00037ab0       ?GetCpFromString@@YAIPEB_WPEAPEB_W@Z 0000000180038ab0 f   WObjects.obj
 0001:00037d10       ??$wcscpy_c@$0EAA@@@YAHAEAY0EAA@_WPEB_W@Z 0000000180038d10 f i WObjects.obj
 0001:00037d40       ??$wcscpy_c@$0BAA@@@YAHAEAY0BAA@_WPEB_W@Z 0000000180038d40 f i WObjects.obj
 0001:00037d70       ?apiThreadHelper@@YAKPEAX@Z 0000000180038d70 f   WThreads.obj
 0001:00037f60       ?apiCreateThread@@YAPEAXP6AKPEAX@Z0PEAKPEBDH@Z 0000000180038f60 f   WThreads.obj
 0001:00038160       ??0ConEmuThreadStartArg@@QEAA@P6AKPEAX@Z0K@Z 0000000180039160 f i WThreads.obj
 0001:000381c0       ?apiTerminateThreadEx@@YAHPEAXKPEBDH@Z 00000001800391c0 f   WThreads.obj
 0001:00038350       ?SetThreadName@@YAXKPEAD@Z 0000000180039350 f   WThreads.obj
 0001:000383b0       ?apiSetForegroundWindow@@YA_NPEAUHWND__@@@Z 00000001800393b0 f   WUser.obj
 0001:000383f0       ?apiShowWindow@@YA_NPEAUHWND__@@H@Z 00000001800393f0 f   WUser.obj
 0001:00038430       ?apiShowWindowAsync@@YA_NPEAUHWND__@@H@Z 0000000180039430 f   WUser.obj
 0001:00038470       ?IsUserAdmin@@YA_NXZ       0000000180039470 f   WUser.obj
 0001:000385d0       ?GetLogonSID@@YA_NPEAXPEAPEA_W@Z 00000001800395d0 f   WUser.obj
 0001:00038730       ?RemoveOldComSpecC@@YAXXZ  0000000180039730 f   WUser.obj
 0001:00038880       ?DuplicateProcessHandle@@YAPEAXK@Z 0000000180039880 f   WUser.obj
 0001:00038910       ?FindComspec@@YAXPEAUConEmuComspec@@_N@Z 0000000180039910 f   WUser.obj
 0001:00039500       ?UpdateComspec@@YAXPEAUConEmuComspec@@_N@Z 000000018003a500 f   WUser.obj
 0001:00039940       ?SetEnvVarExpanded@@YAXPEB_W0@Z 000000018003a940 f   WUser.obj
 0001:00039b90       wcsrchr                    000000018003ab90 f   libCRT64:strrchr.obj
 0001:00039bc0       wcschr                     000000018003abc0 f   libCRT64:strchr.obj
 0001:00039be0       strpbrk                    000000018003abe0 f   libCRT64:strpbrk.obj
 0001:00039c80       wcspbrk                    000000018003ac80 f   libCRT64:strpbrk.obj
 0001:00039cd0       wcsncmp                    000000018003acd0 f   libCRT64:strncmp.obj
 0001:00039d10       strrchr                    000000018003ad10 f   libCRT64:strrchr.obj
 0001:00039d40       wcsstr                     000000018003ad40 f   libCRT64:strstr.obj
 0001:00039db0       memset                     000000018003adb0 f   libCRT64:memset.obj
 0001:00039de0       memmove                    000000018003ade0 f   libCRT64:memmove.obj
 0001:00039e40       memcpy                     000000018003ae40 f   libCRT64:memcpy.obj
 0001:00039e70       memcmp                     000000018003ae70 f   libCRT64:memcmp.obj
 0001:00039ea0       iswdigit                   000000018003aea0 f i libCRT64:strtol.obj
 0001:00039eb0       iswspace                   000000018003aeb0 f i libCRT64:strtol.obj
 0001:0003a0a0       wcstol                     000000018003b0a0 f   libCRT64:strtol.obj
 0001:0003a0b0       wcstoul                    000000018003b0b0 f   libCRT64:strtol.obj
 0001:0003a0c0       strchr                     000000018003b0c0 f   libCRT64:strchr.obj
 0001:0003a0d8       lstrlenW                   000000018003b0d8 f   kernel32:KERNEL32.dll
 0001:0003a0de       SetEnvironmentVariableW    000000018003b0de f   kernel32:KERNEL32.dll
 0001:0003a0e4       lstrcpynW                  000000018003b0e4 f   kernel32:KERNEL32.dll
 0001:0003a0ea       lstrcmpiW                  000000018003b0ea f   kernel32:KERNEL32.dll
 0001:0003a0f0       lstrcmpW                   000000018003b0f0 f   kernel32:KERNEL32.dll
 0001:0003a0f6       GetCurrentDirectoryW       000000018003b0f6 f   kernel32:KERNEL32.dll
 0001:0003a0fc       SearchPathW                000000018003b0fc f   kernel32:KERNEL32.dll
 0001:0003a102       GetProcAddress             000000018003b102 f   kernel32:KERNEL32.dll
 0001:0003a108       GetModuleHandleW           000000018003b108 f   kernel32:KERNEL32.dll
 0001:0003a10e       GetModuleFileNameW         000000018003b10e f   kernel32:KERNEL32.dll
 0001:0003a114       SetNamedPipeHandleState    000000018003b114 f   kernel32:KERNEL32.dll
 0001:0003a11a       GetCurrentProcessId        000000018003b11a f   kernel32:KERNEL32.dll
 0001:0003a120       Sleep                      000000018003b120 f   kernel32:KERNEL32.dll
 0001:0003a126       SetLastError               000000018003b126 f   kernel32:KERNEL32.dll
 0001:0003a12c       WaitNamedPipeW             000000018003b12c f   kernel32:KERNEL32.dll
 0001:0003a132       WaitForSingleObject        000000018003b132 f   kernel32:KERNEL32.dll
 0001:0003a138       GetLastError               000000018003b138 f   kernel32:KERNEL32.dll
 0001:0003a13e       CreateFileW                000000018003b13e f   kernel32:KERNEL32.dll
 0001:0003a144       GetTickCount               000000018003b144 f   kernel32:KERNEL32.dll
 0001:0003a14a       IsDebuggerPresent          000000018003b14a f   kernel32:KERNEL32.dll
 0001:0003a150       GetCurrentThreadId         000000018003b150 f   kernel32:KERNEL32.dll
 0001:0003a156       ReadFile                   000000018003b156 f   kernel32:KERNEL32.dll
 0001:0003a15c       CloseHandle                000000018003b15c f   kernel32:KERNEL32.dll
 0001:0003a162       TransactNamedPipe          000000018003b162 f   kernel32:KERNEL32.dll
 0001:0003a168       WriteFile                  000000018003b168 f   kernel32:KERNEL32.dll
 0001:0003a16e       GetConsoleWindow           000000018003b16e f   kernel32:KERNEL32.dll
 0001:0003a174       UnmapViewOfFile            000000018003b174 f   kernel32:KERNEL32.dll
 0001:0003a17a       MapViewOfFile              000000018003b17a f   kernel32:KERNEL32.dll
 0001:0003a180       OpenFileMappingW           000000018003b180 f   kernel32:KERNEL32.dll
 0001:0003a186       LoadLibraryW               000000018003b186 f   kernel32:KERNEL32.dll
 0001:0003a18c       CreateFileMappingW         000000018003b18c f   kernel32:KERNEL32.dll
 0001:0003a192       VirtualProtect             000000018003b192 f   kernel32:KERNEL32.dll
 0001:0003a198       lstrcpyW                   000000018003b198 f   kernel32:KERNEL32.dll
 0001:0003a19e       MultiByteToWideChar        000000018003b19e f   kernel32:KERNEL32.dll
 0001:0003a1a4       lstrcpynA                  000000018003b1a4 f   kernel32:KERNEL32.dll
 0001:0003a1aa       lstrlenA                   000000018003b1aa f   kernel32:KERNEL32.dll
 0001:0003a1b0       WideCharToMultiByte        000000018003b1b0 f   kernel32:KERNEL32.dll
 0001:0003a1b6       lstrcpyA                   000000018003b1b6 f   kernel32:KERNEL32.dll
 0001:0003a1bc       Module32NextW              000000018003b1bc f   kernel32:KERNEL32.dll
 0001:0003a1c2       Module32FirstW             000000018003b1c2 f   kernel32:KERNEL32.dll
 0001:0003a1c8       CreateToolhelp32Snapshot   000000018003b1c8 f   kernel32:KERNEL32.dll
[...]
 0003:000033d0       ?gNullDesc@@3PEAVMNullDesc@@EA 00000001800593d0     MSecurity.obj
 0003:000033d8       ?gbNeedBgActivate@@3HA     00000001800593d8     PluginBackground.obj
 0003:000033dc       ?gbBgPluginsAllowed@@3HA   00000001800593dc     PluginBackground.obj
 0003:000033e0       ?gpBgPlugin@@3PEAVCPluginBackground@@EA 00000001800593e0     PluginBackground.obj
 0003:000033f0       ?gszPluginServerPipe@@3PA_WA 00000001800593f0     PluginSrv.obj
 0003:000035f8       ?gpPlugServer@@3PEAU?$PipeServer@UCESERVER_REQ@@@@EA 00000001800595f8     PluginSrv.obj
 0003:00003600       ?ghServerTerminateEvent@@3PEAXEA 0000000180059600     PluginSrv.obj
 0003:00003608       ?gbForcedServerTermination@@3_NA 0000000180059608     PluginSrv.obj
 0003:00003610       ?gpConsoleInfoStr@@3PEAU_CONSOLE_INFO@@EA 0000000180059610     WConsole.obj
 0003:00003618       ?ghConsoleSection@@3PEAXEA 0000000180059618     WConsole.obj
 0003:00003620       ?g_LastSetConsoleFont@@3UMY_CONSOLE_FONT_INFOEX@@A 0000000180059620     WConsole.obj
 0003:000036d8       ?gfnSearchAppPaths@@3P6A_NPEB_WAEAUCmdArg@@_NPEAU1@@ZEA 00000001800596d8     WObjects.obj
 0003:0000bf60       ?g_ThreadsIdx@@3JA         0000000180061f60     WThreads.obj
 0003:0000bf70       _aenvptr                   0000000180061f70     LIBCMT:dllcrt0.obj
 0003:0000bf78       _wenvptr                   0000000180061f78     LIBCMT:dllcrt0.obj
 0003:0000bf80       __error_mode               0000000180061f80     LIBCMT:dllcrt0.obj
 0003:0000bf84       __app_type                 0000000180061f84     LIBCMT:dllcrt0.obj
 0003:0000bf88       _umaskval                  0000000180061f88     LIBCMT:crt0dat.obj
 0003:0000bf8c       _osplatform                0000000180061f8c     LIBCMT:crt0dat.obj
 0003:0000bf90       _osver                     0000000180061f90     LIBCMT:crt0dat.obj
 0003:0000bf94       _winver                    0000000180061f94     LIBCMT:crt0dat.obj
 0003:0000bf98       _winmajor                  0000000180061f98     LIBCMT:crt0dat.obj
 0003:0000bf9c       _winminor                  0000000180061f9c     LIBCMT:crt0dat.obj
 0003:0000bfa0       __argc                     0000000180061fa0     LIBCMT:crt0dat.obj
 0003:0000bfa4       _exitflag                  0000000180061fa4     LIBCMT:crt0dat.obj
 0003:0000bfa8       __argv                     0000000180061fa8     LIBCMT:crt0dat.obj
 0003:0000bfb0       __wargv                    0000000180061fb0     LIBCMT:crt0dat.obj
 0003:0000bfb8       _environ                   0000000180061fb8     LIBCMT:crt0dat.obj
 0003:0000bfc0       __initenv                  0000000180061fc0     LIBCMT:crt0dat.obj
 0003:0000bfc8       _wenviron                  0000000180061fc8     LIBCMT:crt0dat.obj
 0003:0000bfd0       __winitenv                 0000000180061fd0     LIBCMT:crt0dat.obj
 0003:0000bfd8       _pgmptr                    0000000180061fd8     LIBCMT:crt0dat.obj
 0003:0000bfe0       _wpgmptr                   0000000180061fe0     LIBCMT:crt0dat.obj
 0003:0000bfe8       _C_Termination_Done        0000000180061fe8     LIBCMT:crt0dat.obj
 0003:0000bfec       _C_Exit_Done               0000000180061fec     LIBCMT:crt0dat.obj
 0003:0000c0f8       _crtheap                   00000001800620f8     LIBCMT:heapinit.obj
 0003:0000c650       ?__pInconsistency@@3P6AXXZEA 0000000180062650     LIBCMT:hooks.obj
 0003:0000c688       ?_pnhHeap@@3P6AH_K@ZEA     0000000180062688     LIBCMT:handler.obj
 0003:0000c690       __locale_changed           0000000180062690     LIBCMT:setlocal.obj
 0003:0000c698       __lc_handle                0000000180062698     LIBCMT:nlsdata2.obj
 0003:0000c6b0       __lc_codepage              00000001800626b0     LIBCMT:nlsdata2.obj
 0003:0000c6b4       __lc_collate_cp            00000001800626b4     LIBCMT:nlsdata2.obj
 0003:0000c6c0       __mbulinfo                 00000001800626c0     LIBCMT:mbctype.obj
 0003:0000c6cc       __mbcodepage               00000001800626cc     LIBCMT:mbctype.obj
 0003:0000c6d0       __ismbcodepage             00000001800626d0     LIBCMT:mbctype.obj
 0003:0000c6d4       __mblcid                   00000001800626d4     LIBCMT:mbctype.obj
 0003:0000c6d8       _maxwait                   00000001800626d8     LIBCMT:crtheap.obj
 0003:0000c6dc       _newmode                   00000001800626dc     LIBCMT:_newmode.obj
 0003:0000cc78       __lconv_static_null        0000000180062c78     LIBCMT:lconv.obj
 0003:0000cc7c       __lconv_static_W_null      0000000180062c7c     LIBCMT:lconv.obj
 0003:0000cd3c       __setlc_active             0000000180062d3c     <common>
 0003:0000cd40       __unguarded_readlc_active  0000000180062d40     <common>
 0003:0000cd44       _nhandle                   0000000180062d44     <common>
 0003:0000cd60       __pioinfo                  0000000180062d60     <common>
 0003:0000cf60       __env_initialized          0000000180062f60     <common>
 0003:0000cf68       __onexitend                0000000180062f68     <common>
 0003:0000cf70       __onexitbegin              0000000180062f70     <common>
 0003:0000cf78       __mbctype_initialized      0000000180062f78     <common>
 0003:0000cf80       _FPinit                    0000000180062f80     <common>
 0003:0000cf88       __initenv_end              0000000180062f88     <common>
 0003:0000cf90       __winitenv_end             0000000180062f90     <common>
 0003:0000cf98       __dyn_tls_init_callback    0000000180062f98     <common>
 0003:0000cfa0       _acmdln                    0000000180062fa0     <common>
 0003:0000cfa8       _pRawDllMain               0000000180062fa8     <common>
 0003:0000cfb0       _pDestructExceptionObject  0000000180062fb0     <common>

 entry point at        0001:0003ac2c

 Static symbols

 0001:000006b0       ?StringValidateDestW@@YAJPEB_W_K_K@Z 00000001800016b0 f   CmdArg.obj
 0001:000006f0       ?StringCopyWorkerW@@YAJPEA_W_KPEA_KPEB_W1@Z 00000001800016f0 f   CmdArg.obj
 0001:00004d90       ?StringValidateDestW@@YAJPEB_W_K_K@Z 0000000180005d90 f   ConEmuCheck.obj
 0001:00004dd0       ?StringCopyWorkerW@@YAJPEA_W_KPEA_KPEB_W1@Z 0000000180005dd0 f   ConEmuCheck.obj
 0001:00006fc0       ?StringValidateDestW@@YAJPEB_W_K_K@Z 0000000180007fc0 f   ConEmuCheckEx.obj
 0001:00007000       ?StringCopyWorkerW@@YAJPEA_W_KPEA_KPEB_W1@Z 0000000180008000 f   ConEmuCheckEx.obj
 0001:00007210       ?StringValidateDestAndLengthW@@YAJPEB_W_KPEA_K_K@Z 0000000180008210 f   ConEmuCheckEx.obj
 0001:00007280       ?StringLengthWorkerW@@YAJPEB_W_KPEA_K@Z 0000000180008280 f   ConEmuCheckEx.obj
 0001:00007ae0       ?StringValidateDestW@@YAJPEB_W_K_K@Z 0000000180008ae0 f   ConEmuInjects.obj
 0001:00007b20       ?StringCopyWorkerW@@YAJPEA_W_KPEA_KPEB_W1@Z 0000000180008b20 f   ConEmuInjects.obj
 0001:000088c0       ?ChangeExports@@YA_NPEBUExportFunc@@PEAUHINSTANCE__@@@Z 00000001800098c0 f   ConEmuPlugin.obj
 0001:0000c670       ?GetFarSetting@@YAHPEAX_KPEB_W@Z 000000018000d670 f   ConEmuPlugin1900.obj
 0001:0000c9e0       ?CallGuiMacroProc@@YAXXZ   000000018000d9e0 f   ConEmuPlugin1900.obj
 0001:0000ce30       ?CallGuiMacroDlg@@YA_JPEAXHH0@Z 000000018000de30 f   ConEmuPlugin1900.obj
 0001:0000d530       ?MAKEFARVERSION@@YA?AUVersionInfo@@KKKKW4VERSION_STAGE@@@Z 000000018000e530 f   ConEmuPlugin2800.obj
 0001:0000f270       ?WExists@@YA_JAEBUWindowInfo@@AEBV?$MArray@UWindowInfo@@@@@Z 0000000180010270 f   ConEmuPlugin2800.obj
 0001:00010800       ?GetFarSetting@@YAHPEAX_KPEB_W@Z 0000000180011800 f   ConEmuPlugin2800.obj
 0001:00010b90       ?CallGuiMacroProc@@YAXXZ   0000000180011b90 f   ConEmuPlugin2800.obj
 0001:00010fd0       ?CallGuiMacroDlg@@YA_JPEAX_J10@Z 0000000180011fd0 f   ConEmuPlugin2800.obj
 0001:000115f0       ?FreeMacroResult@@YAXPEAXPEAUFarMacroValue@@_K@Z 00000001800125f0 f   ConEmuPlugin2800.obj
 0001:00014280       ?CallGuiMacroProc@@YAXXZ   0000000180015280 f   ConEmuPlugin995.obj
 0001:00014680       ?CallGuiMacroDlg@@YA_JPEAXHH_J@Z 0000000180015680 f   ConEmuPlugin995.obj
 0001:00016c90       ?CallGuiMacroProc@@YAXXZ   0000000180017c90 f   ConEmuPluginA.obj
 0001:000170b0       ?CallGuiMacroDlg@@YA_JPEAXHH_J@Z 00000001800180b0 f   ConEmuPluginA.obj
 0001:00018010       ?LoadFarVersion@@YA_NAEAUFarVersion@@AEAY0CAA@_W@Z 0000000180019010 f   ConEmuPluginBase.obj
 0001:000180b0       ?SetDefaultFarVersion@@YAXAEAUFarVersion@@@Z 00000001800190b0 f   ConEmuPluginBase.obj
 0001:00018110       ?LoadFarVersion@@YA_NPEB_WAEAUFarVersion@@AEAY0CAA@_W@Z 0000000180019110 f   ConEmuPluginBase.obj
 0001:00018180       ?LoadAppVersion@@YA_NPEB_WAEAUtagVS_FIXEDFILEINFO@@AEAY0CAA@_W@Z 0000000180019180 f   ConEmuPluginBase.obj
 0001:000181c0       ?LoadModuleVersion@@YA_NPEB_WAEAUtagVS_FIXEDFILEINFO@@PEA_W_K@Z 00000001800191c0 f   ConEmuPluginBase.obj
 0001:000184a0       ?StringValidateDestW@@YAJPEB_W_K_K@Z 00000001800194a0 f   ConEmuPluginBase.obj
 0001:000184e0       ?StringValidateDestAndLengthW@@YAJPEB_W_KPEA_K_K@Z 00000001800194e0 f   ConEmuPluginBase.obj
 0001:00018550       ?StringLengthWorkerW@@YAJPEB_W_KPEA_K@Z 0000000180019550 f   ConEmuPluginBase.obj
 0001:000185f0       ?StringCopyWorkerW@@YAJPEA_W_KPEA_KPEB_W1@Z 00000001800195f0 f   ConEmuPluginBase.obj
 0001:000186e0       ?ConvertVersionToFarVersion@@YAXAEBUtagVS_FIXEDFILEINFO@@AEAUFarVersion@@@Z 00000001800196e0 f   ConEmuPluginBase.obj
 0001:000252d0       ?StringValidateDestW@@YAJPEB_W_K_K@Z 00000001800262d0 f   Execute.obj
 0001:00025310       ?StringCopyWorkerW@@YAJPEA_W_KPEA_KPEB_W1@Z 0000000180026310 f   Execute.obj
 0001:00025cf0       ?StringValidateDestA@@YAJPEBD_K_K@Z 0000000180026cf0 f   Memory.obj
 0001:00025d30       ?StringCopyWorkerA@@YAJPEAD_KPEA_KPEBD1@Z 0000000180026d30 f   Memory.obj
 0001:00025eb0       ?StringValidateDestW@@YAJPEB_W_K_K@Z 0000000180026eb0 f   Memory.obj
 0001:00025ef0       ?StringCopyWorkerW@@YAJPEA_W_KPEA_KPEB_W1@Z 0000000180026ef0 f   Memory.obj
 0001:000265b0       ?FindMonitor@impl@?L@??MonitorFromParam@@YAPEAUHMONITOR__@@PEB_W@Z@SAHPEAU3@PEAUHDC__@@PEAUtagRECT@@_J@Z 00000001800275b0 f   Monitors.obj
 0001:0002d290       ?StringValidateDestW@@YAJPEB_W_K_K@Z 000000018002e290 f   PluginBackground.obj
 0001:0002d2d0       ?StringCopyWorkerW@@YAJPEA_W_KPEA_KPEB_W1@Z 000000018002e2d0 f   PluginBackground.obj
 0001:000308f0       ?StringValidateDestW@@YAJPEB_W_K_K@Z 00000001800318f0 f   PluginSrv.obj
 0001:00030930       ?StringCopyWorkerW@@YAJPEA_W_KPEA_KPEB_W1@Z 0000000180031930 f   PluginSrv.obj
 0001:00035450       ?StringValidateDestW@@YAJPEB_W_K_K@Z 0000000180036450 f   WObjects.obj
 0001:00035490       ?StringCopyWorkerW@@YAJPEA_W_KPEA_KPEB_W1@Z 0000000180036490 f   WObjects.obj
 0001:00035b70       ?CheckRegKeyExist@@YA_NPEAURegKeyExistArg@@@Z 0000000180036b70 f   WObjects.obj
 0001:00037520       ?StringValidateDestAndLengthW@@YAJPEB_W_KPEA_K_K@Z 0000000180038520 f   WObjects.obj
 0001:00037590       ?StringLengthWorkerW@@YAJPEB_W_KPEA_K@Z 0000000180038590 f   WObjects.obj
 0001:00039a60       ?StringValidateDestW@@YAJPEB_W_K_K@Z 000000018003aa60 f   WUser.obj
 0001:00039aa0       ?StringCopyWorkerW@@YAJPEA_W_KPEA_KPEB_W1@Z 000000018003aaa0 f   WUser.obj
 0001:00039ed0       ?strtoxl@@YAKPEB_WPEAPEA_WHH@Z 000000018003aed0 f   libCRT64:strtol.obj
 0001:0003aa5c       __DllMainCRTStartup        000000018003ba5c f   LIBCMT:dllcrt0.obj
 0001:0003ad80       xcptlookup                 000000018003bd80 f   LIBCMT:winxfltr.obj
 0001:0003b084       _initterm                  000000018003c084 f   LIBCMT:crt0dat.obj
 0001:0003b25c       doexit                     000000018003c25c f   LIBCMT:crt0dat.obj
 0001:0003be64       parse_cmdline              000000018003ce64 f   LIBCMT:stdargv.obj
 0001:0003cc34       ctrlevent_capture          000000018003dc34 f   LIBCMT:winsig.obj
 0001:0003cccc       siglookup                  000000018003dccc f   LIBCMT:winsig.obj
 0001:0003d730       _copytlocinfo_nolock       000000018003e730 f   LIBCMT:setlocal.obj
 0001:0003d764       _updatetlocinfoEx_nolock   000000018003e764 f   LIBCMT:setlocal.obj
 0001:0003d8b4       sync_legacy_variables_lk   000000018003e8b4 f   LIBCMT:setlocal.obj
 0001:0003dcb0       _setlocale_get_all         000000018003ecb0 f   LIBCMT:setlocal.obj
 0001:0003e0fc       _setlocale_set_cat         000000018003f0fc f   LIBCMT:setlocal.obj
 0001:0003e400       _setlocale_nolock          000000018003f400 f   LIBCMT:setlocal.obj
 0001:0003e9cc       ?CPtoLCID@@YAHH@Z          000000018003f9cc f   LIBCMT:mbctype.obj
 0001:0003ea00       ?setSBCS@@YAXPEAUthreadmbcinfostruct@@@Z 000000018003fa00 f   LIBCMT:mbctype.obj
 0001:0003ea94       ?setSBUpLow@@YAXPEAUthreadmbcinfostruct@@@Z 000000018003fa94 f   LIBCMT:mbctype.obj
 0001:0003ee0c       ?getSystemCP@@YAHH@Z       000000018003fe0c f   LIBCMT:mbctype.obj
 0001:0003f608       ?x_ismbbtype_l@@YAHPEAUlocaleinfo_struct@@IHH@Z 0000000180040608 f   LIBCMT:ismbbyte.obj
 0001:0003ff48       _get_lc_time               0000000180040f48 f   LIBCMT:inittime.obj
 0001:00040ff0       fix_grouping               0000000180041ff0 f   LIBCMT:initnum.obj
 0001:00041304       fix_grouping               0000000180042304 f   LIBCMT:initmon.obj
 0001:00042590       ?_store_str@@YAXPEADPEAPEADPEA_K@Z 0000000180043590 f   LIBCMT:_strftime.obj
 0001:000425b4       ?_store_number@@YAXHPEAPEADPEA_K@Z 00000001800435b4 f   LIBCMT:_strftime.obj
 0001:00042618       ?_store_num@@YAXHHPEAPEADPEA_KI@Z 0000000180043618 f   LIBCMT:_strftime.obj
 0001:000426f4       ?_expandtime@@YAHPEAUlocaleinfo_struct@@DPEBUtm@@PEAPEADPEA_KPEAU__lc_time_data@@I@Z 00000001800436f4 f   LIBCMT:_strftime.obj
 0001:00042d30       ?_store_winword@@YAHPEAUlocaleinfo_struct@@HPEBUtm@@PEAPEADPEA_KPEAU__lc_time_data@@@Z 0000000180043d30 f   LIBCMT:_strftime.obj
 0001:000436d0       TranslateName              00000001800446d0 f   LIBCMT:getqloc.obj
 0001:00043768       GetLcidFromDefault         0000000180044768 f   LIBCMT:getqloc.obj
 0001:0004378c       ProcessCodePage            000000018004478c f   LIBCMT:getqloc.obj
 0001:00043828       TestDefaultCountry         0000000180044828 f   LIBCMT:getqloc.obj
 0001:00043850       LcidFromHexString          0000000180044850 f   LIBCMT:getqloc.obj
 0001:0004388c       GetPrimaryLen              000000018004488c f   LIBCMT:getqloc.obj
 0001:000438a8       CountryEnumProc            00000001800448a8 f   LIBCMT:getqloc.obj
 0001:00043990       TestDefaultLanguage        0000000180044990 f   LIBCMT:getqloc.obj
 0001:00043a54       LangCountryEnumProc        0000000180044a54 f   LIBCMT:getqloc.obj
 0001:00043d04       LanguageEnumProc           0000000180044d04 f   LIBCMT:getqloc.obj
 0001:00043e14       GetLcidFromCountry         0000000180044e14 f   LIBCMT:getqloc.obj
 0001:00043e64       GetLcidFromLangCountry     0000000180044e64 f   LIBCMT:getqloc.obj
 0001:00043f0c       GetLcidFromLanguage        0000000180044f0c f   LIBCMT:getqloc.obj
 0001:0004424c       ?__crtGetStringTypeA_stat@@YAHPEAUlocaleinfo_struct@@KPEBDHPEAGHHH@Z 000000018004524c f   LIBCMT:_a_str.obj
 0001:00044508       ?strncnt@@YAHPEBDH@Z       0000000180045508 f   LIBCMT:_a_map.obj
 0001:00044524       ?__crtLCMapStringA_stat@@YAHPEAUlocaleinfo_struct@@KKPEBDHPEADHHH@Z 0000000180045524 f   LIBCMT:_a_map.obj
 0001:00044f38       _tzset_nolock              0000000180045f38 f   LIBCMT:tzset.obj
 0001:000453e4       cvtdate                    00000001800463e4 f   LIBCMT:tzset.obj
 0001:0004569c       _isindst_nolock            000000018004669c f   LIBCMT:tzset.obj
 0001:00045fec       xtoa_s                     0000000180046fec f   LIBCMT:xtoas.obj
 0001:00046154       x64toa_s                   0000000180047154 f   LIBCMT:xtoas.obj
 0001:00046460       ?__crtGetLocaleInfoA_stat@@YAHPEAUlocaleinfo_struct@@KKPEADHH@Z 0000000180047460 f   LIBCMT:_a_loc.obj
 0001:000466fc       _getenv_s_helper           00000001800476fc f   LIBCMT:getenv.obj
 0001:000467d0       _dupenv_s_helper           00000001800477d0 f   LIBCMT:getenv.obj
 0001:00046e54       ?strtoxlX@@YAKPEAUlocaleinfo_struct@@PEBDPEAPEBDHHH@Z 0000000180047e54 f   LIBCMT:_strtol.obj
 0001:00047120       ?strtoxl@@YAKPEAUlocaleinfo_struct@@PEBDPEAPEBDHH@Z 0000000180048120 f   LIBCMT:_strtol.obj
 0001:000471fc       ?strtoxq@@YA_KPEAUlocaleinfo_struct@@PEBDPEAPEBDHH@Z 00000001800481fc f   LIBCMT:_strtoq.obj
 0001:00047738       ?__crtGetStringTypeW_stat@@YAHPEAUlocaleinfo_struct@@KPEBGHPEAGHH@Z 0000000180048738 f   LIBCMT:_w_str.obj
 0001:00047954       ?strncnt@@YAHPEBDH@Z       0000000180048954 f   LIBCMT:_a_cmp.obj
 0001:00047970       ?__crtCompareStringA_stat@@YAHPEAUlocaleinfo_struct@@KKPEBDH1HH@Z 0000000180048970 f   LIBCMT:_a_cmp.obj
 0001:00047e80       findenv                    0000000180048e80 f   LIBCMT:setenv.obj
 0001:00047f04       copy_environ               0000000180048f04 f   LIBCMT:setenv.obj
 0001:00048650       ?filt$0@?0??SetThreadName@@YAXKPEAD@Z@4HA 0000000180049650 f   WThreads.obj
 0001:00048664       __DllMainCRTStartup$filt$0 0000000180049664 f   LIBCMT:dllcrt0.obj
 0001:000486c4       __DllMainCRTStartup$filt$1 00000001800496c4 f   LIBCMT:dllcrt0.obj
 0001:00048724       __DllMainCRTStartup$filt$2 0000000180049724 f   LIBCMT:dllcrt0.obj
 0001:00048784       __DllMainCRTStartup$filt$3 0000000180049784 f   LIBCMT:dllcrt0.obj
 0001:000487e4       __DllMainCRTStartup$filt$4 00000001800497e4 f   LIBCMT:dllcrt0.obj
 0001:00048844       __DllMainCRTStartup$filt$5 0000000180049844 f   LIBCMT:dllcrt0.obj
 0001:000488a4       __DllMainCRTStartup$filt$6 00000001800498a4 f   LIBCMT:dllcrt0.obj
 0001:00048904       __DllMainCRTStartup$filt$7 0000000180049904 f   LIBCMT:dllcrt0.obj
 0001:00048960       _IsNonwritableInCurrentImage$filt$0 0000000180049960 f   LIBCMT:pesect.obj
 0001:00048981       doexit$fin$0               0000000180049981 f   LIBCMT:crt0dat.obj
 0001:000489a0       _initptd$fin$0             00000001800499a0 f   LIBCMT:tidtable.obj
 0001:000489b9       _freefls$fin$1             00000001800499b9 f   LIBCMT:tidtable.obj
 0001:000489d9       _freefls$fin$0             00000001800499d9 f   LIBCMT:tidtable.obj
 0001:000489f2       _mtinitlocknum$fin$0       00000001800499f2 f   LIBCMT:mlock.obj
 0001:00048a0e       ctrlevent_capture$fin$0    0000000180049a0e f   LIBCMT:winsig.obj
 0001:00048a24       signal$fin$0               0000000180049a24 f   LIBCMT:winsig.obj
 0001:00048a3a       raise$fin$0                0000000180049a3a f   LIBCMT:winsig.obj
 0001:00048a56       __updatetlocinfo$fin$0     0000000180049a56 f   LIBCMT:setlocal.obj
 0001:00048a6f       _free_locale$fin$0         0000000180049a6f f   LIBCMT:setlocal.obj
 0001:00048a88       _get_current_locale$fin$0  0000000180049a88 f   LIBCMT:setlocal.obj
 0001:00048aa1       setlocale$fin$1            0000000180049aa1 f   LIBCMT:setlocal.obj
 0001:00048ac1       setlocale$fin$0            0000000180049ac1 f   LIBCMT:setlocal.obj
 0001:00048ae1       setlocale$fin$2            0000000180049ae1 f   LIBCMT:setlocal.obj
 0001:00048afb       __updatetmbcinfo$fin$0     0000000180049afb f   LIBCMT:mbctype.obj
 0001:00048b14       _setmbcp$fin$0             0000000180049b14 f   LIBCMT:mbctype.obj
 0001:00048b2d       _tzset_nolock$fin$0        0000000180049b2d f   LIBCMT:tzset.obj
 0001:00048b46       __tzset$fin$0              0000000180049b46 f   LIBCMT:tzset.obj
 0001:00048b5f       _tzset$fin$0               0000000180049b5f f   LIBCMT:tzset.obj
 0001:00048b78       _isindst$fin$0             0000000180049b78 f   LIBCMT:tzset.obj
 0001:00048b91       getenv$fin$0               0000000180049b91 f   LIBCMT:getenv.obj
 0001:00048baa       getenv_s$fin$0             0000000180049baa f   LIBCMT:getenv.obj
 0001:00048bc3       _dupenv_s$fin$0            0000000180049bc3 f   LIBCMT:getenv.obj
 0001:00048be0       ??__EhkFunc@@YAXXZ         0000000180049be0 f   HkFunc.obj
