 ConEmu.x64

 Timestamp is 56940a95 (Mon Jan 11 23:03:33 2016)

 Preferred load address is 0000000180000000

 Start         Length     Name                   Class
 0001:00000000 00049a1aH .text                   CODE
 0001:00049a20 0000005eH .text$00                CODE
 0001:00049a80 0000034cH .text$x                 CODE
 0001:00049dd0 00000015H .text$yc                CODE
 0002:00000000 000007f8H .idata$5                DATA
 0002:000007f8 00000008H .CRT$XCA                DATA
 0002:00000800 00000008H .CRT$XCU                DATA
 0002:00000808 00000008H .CRT$XCZ                DATA
 0002:00000810 00000008H .CRT$XIA                DATA
 0002:00000818 00000010H .CRT$XIC                DATA
 0002:00000828 00000008H .CRT$XIZ                DATA
 0002:00000830 00000008H .CRT$XPA                DATA
 0002:00000838 00000008H .CRT$XPZ                DATA
 0002:00000840 00000008H .CRT$XTA                DATA
 0002:00000848 00000008H .CRT$XTZ                DATA
 0002:00000850 00006973H .rdata                  DATA
 0002:000071c4 00000073H .rdata$debug            DATA
 0002:00007238 00000008H .rtc$IAA                DATA
 0002:00007240 00000008H .rtc$IZZ                DATA
 0002:00007248 00000008H .rtc$TAA                DATA
 0002:00007250 00000008H .rtc$TZZ                DATA
 0002:00007258 000029ecH .xdata                  DATA
 0002:00009c44 00000078H .idata$2                DATA
 0002:00009cbc 00000014H .idata$3                DATA
 0002:00009cd0 000007f8H .idata$4                DATA
 0002:0000a4c8 0000124eH .idata$6                DATA
 0002:0000b720 000002e1H .edata                  DATA
 0003:00000000 000012acH .data                   DATA
 0003:000012c0 0000bac8H .bss                    DATA
 0004:00000000 00002e80H .pdata                  DATA
 0005:00000000 00000058H .rsrc$01                DATA
 0005:00000060 000002d8H .rsrc$02                DATA

  Address         Publics by Value              Rva+Base               Lib:Object

 0000:00000000       ___safe_se_handler_table   0000000000000000     <absolute>
 0000:00000000       ___safe_se_handler_count   0000000000000000     <absolute>
 0000:00000000       __ImageBase                0000000180000000     <linker-defined>
 0001:00000000       ??0CEStr@@QEAA@XZ          0000000180001000 f   CEStr.obj
 0001:00000050       ??0CEStr@@QEAA@PEA_W@Z     0000000180001050 f   CEStr.obj
 0001:000000c0       ??BCEStr@@QEBAPEB_WXZ      00000001800010c0 f   CEStr.obj
 0001:000000d0       ?Right@CEStr@@QEBAPEB_W_J@Z 00000001800010d0 f   CEStr.obj
 0001:00000160       ??4CEStr@@QEAAAEAU0@PEA_W@Z 0000000180001160 f   CEStr.obj
 0001:00000190       ??4CEStr@@QEAAAEAU0@PEB_W@Z 0000000180001190 f   CEStr.obj
 0001:000001c0       ??1CEStr@@QEAA@XZ          00000001800011c0 f   CEStr.obj
 0001:00000240       ?GetLen@CEStr@@QEAA_JXZ    0000000180001240 f   CEStr.obj
 0001:00000290       ?GetMaxCount@CEStr@@QEAA_JXZ 0000000180001290 f   CEStr.obj
 0001:000002e0       ?GetBuffer@CEStr@@QEAAPEA_W_J@Z 00000001800012e0 f   CEStr.obj
 0001:00000440       ?Detach@CEStr@@QEAAPEA_WXZ 0000000180001440 f   CEStr.obj
 0001:00000480       ?Attach@CEStr@@QEAAPEB_WPEA_W@Z 0000000180001480 f   CEStr.obj
 0001:000004b0       ?AttachInt@CEStr@@AEAAPEB_WAEAPEA_W@Z 00000001800014b0 f   CEStr.obj
 0001:00000550       ?Empty@CEStr@@QEAAXXZ      0000000180001550 f   CEStr.obj
 0001:000005b0       ?IsEmpty@CEStr@@QEAA_NXZ   00000001800015b0 f   CEStr.obj
 0001:000005f0       ?Set@CEStr@@QEAAPEB_WPEB_W_J@Z 00000001800015f0 f   CEStr.obj
 0001:000006c0       ?StringCchCopyNW@@YAJPEA_W_KPEB_W1@Z 00000001800016c0 f i CEStr.obj
 0001:00000880       ?SavePathVar@CEStr@@QEAAXPEB_W@Z 0000000180001880 f   CEStr.obj
 0001:000008e0       ?SaveEnvVar@CEStr@@QEAAXPEB_W0@Z 00000001800018e0 f   CEStr.obj
 0001:00000990       ?SetAt@CEStr@@QEAAX_J_W@Z  0000000180001990 f   CEStr.obj
 0001:000009e0       ?GetPosFrom@CEStr@@QEAAXAEBU1@@Z 00000001800019e0 f   CEStr.obj
 0001:00000a20       ?IsNeedDequote@@YA_NPEB_W_NPEAPEB_W@Z 0000000180001a20 f   CmdLine.obj
 0001:00000cd0       ?NextArg@@YAHPEAPEB_WAEAUCEStr@@0@Z 0000000180001cd0 f   CmdLine.obj
 0001:00001240       ?NextLine@@YAHPEAPEB_WAEAUCEStr@@K@Z 0000000180002240 f   CmdLine.obj
 0001:00001430       ?AddEndSlash@@YAHPEA_WH@Z  0000000180002430 f   CmdLine.obj
 0001:000014c0       ?SkipNonPrintable@@YAPEB_WPEB_W@Z 00000001800024c0 f   CmdLine.obj
 0001:00001530       ?CompareFileMask@@YA_NPEB_W0@Z 0000000180002530 f   CmdLine.obj
 0001:00001750       ?wcschr@@YAPEA_WPEA_W_W@Z  0000000180002750 f i CmdLine.obj
 0001:00001780       ?GetDrive@@YAPEB_WPEB_WPEA_WH@Z 0000000180002780 f   CmdLine.obj
 0001:00001a30       ?GetDirectory@@YAHAEAUCEStr@@@Z 0000000180002a30 f   CmdLine.obj
 0001:00001ad0       ?IsNeedCmd@@YA_NHPEB_WAEAUCEStr@@PEAPEB_WPEAH333@Z 0000000180002ad0 f   CmdLine.obj
 0001:00002580       ?Disable@MWow64Disable@@QEAAXXZ 0000000180003580 f i CmdLine.obj
 0001:000025c0       ??0MWow64Disable@@QEAA@XZ  00000001800035c0 f i CmdLine.obj
 0001:00002660       ??1MWow64Disable@@QEAA@XZ  0000000180003660 f i CmdLine.obj
 0001:00002680       ?Restore@MWow64Disable@@QEAAXXZ 0000000180003680 f i CmdLine.obj
 0001:000026d0       ?IsExecutable@@YA_NPEB_WPEAPEA_W@Z 00000001800036d0 f   CmdLine.obj
 0001:000027f0       ?CompareProcessNames@@YA_NPEB_W0@Z 00000001800037f0 f   CmdLine.obj
 0001:000029f0       ?CheckProcessName@@YA_NPEB_WPEAPEB_W@Z 00000001800039f0 f   CmdLine.obj
 0001:00002b70       ?IsConsoleService@@YA_NPEB_W@Z 0000000180003b70 f   CmdLine.obj
 0001:00002bb0       ?IsConEmuGui@@YA_NPEB_W@Z  0000000180003bb0 f   CmdLine.obj
 0001:00002bf0       ?IsConsoleServer@@YA_NPEB_W@Z 0000000180003bf0 f   CmdLine.obj
 0001:00002c30       ?IsTerminalServer@@YA_NPEB_W@Z 0000000180003c30 f   CmdLine.obj
 0001:00002ca0       ?IsGitBashHelper@@YA_NPEB_W@Z 0000000180003ca0 f   CmdLine.obj
 0001:00002ce0       ?IsFarExe@@YA_NPEB_W@Z     0000000180003ce0 f   CmdLine.obj
 0001:00002d20       ?IsCmdProcessor@@YA_NPEB_W@Z 0000000180003d20 f   CmdLine.obj
 0001:00002d60       ?IsQuotationNeeded@@YA_NPEB_W@Z 0000000180003d60 f   CmdLine.obj
 0001:00002db0       ?MergeCmdLine@@YAPEA_WPEB_W0@Z 0000000180003db0 f   CmdLine.obj
 0001:00002e90       ?JoinPath@@YAPEA_WPEB_W00@Z 0000000180003e90 f   CmdLine.obj
 0001:000030e0       ?IsFilePath@@YA_NPEB_W_N@Z 00000001800040e0 f   CmdLine.obj
 0001:000032e0       ?PointToName@@YAPEB_WPEB_W@Z 00000001800042e0 f   CmdLine.obj
 0001:00003390       ?PointToName@@YAPEBDPEBD@Z 0000000180004390 f   CmdLine.obj
 0001:00003440       ?PointToExt@@YAPEB_WPEB_W@Z 0000000180004440 f   CmdLine.obj
 0001:00003490       ?Unquote@@YAPEB_WPEA_W_N@Z 0000000180004490 f   CmdLine.obj
 0001:00003540       ?wcsrchr@@YAPEA_WPEA_W_W@Z 0000000180004540 f i CmdLine.obj
 0001:00003570       ?IsNewConsoleArg@@YA_NPEB_W0@Z 0000000180004570 f   CmdLine.obj
 0001:00003690       ?PackInputRecord@@YAHPEBU_INPUT_RECORD@@PEAUMsgStr@MSG64@@@Z 0000000180004690 f   Common.obj
 0001:00003940       ?UnpackInputRecord@@YAHPEBUMsgStr@MSG64@@PEAU_INPUT_RECORD@@@Z 0000000180004940 f   Common.obj
 0001:00003c30       ?TranslateKeyPress@@YAXGK_WHPEAU_INPUT_RECORD@@1@Z 0000000180004c30 f   Common.obj
 0001:00003e80       ?GetCommand@CESERVER_REQ_NEWCMD@@QEAAPEA_WXZ 0000000180004e80 f   Common.obj
 0001:00003ed0       ?GetEnvStrings@CESERVER_REQ_NEWCMD@@QEAAPEA_WXZ 0000000180004ed0 f   Common.obj
 0001:00003f20       ?SetCommand@CESERVER_REQ_NEWCMD@@QEAAXPEB_W@Z 0000000180004f20 f   Common.obj
 0001:00003fc0       ?SetEnvStrings@CESERVER_REQ_NEWCMD@@QEAAXPEB_WK@Z 0000000180004fc0 f   Common.obj
 0001:00004160       ?IsEnvBlockVariableValid@@YA_NPEB_WAEAPEB_W@Z 0000000180005160 f   Common.obj
 0001:000041d0       ?IsEnvBlockVariableValid@@YA_NPEB_W@Z 00000001800051d0 f   Common.obj
 0001:00004220       ?CommonShutdown@@YAXXZ     0000000180005220 f   Common.obj
 0001:00004250       ?ModuleName@@YAPEB_WPEB_W@Z 0000000180005250 f   ConEmuCheck.obj
 0001:00004340       ?ExecuteOpenPipe@@YAPEAXPEB_WAEAY0CAI@_W0KKHPEAXH@Z 0000000180005340 f   ConEmuCheck.obj
 0001:00004640       ?ExecutePrepareCmd@@YAXPEAUCESERVER_REQ@@K_K@Z 0000000180005640 f   ConEmuCheck.obj
 0001:000046a0       ?ExecutePrepareCmd@@YAXPEAUCESERVER_REQ_HDR@@K_K@Z 00000001800056a0 f   ConEmuCheck.obj
 0001:00004770       ?ExecuteNewCmd@@YAPEAUCESERVER_REQ@@K_K@Z 0000000180005770 f   ConEmuCheck.obj
 0001:000047e0       ?ExecuteNewCmd@@YA_NAEAPEAUCESERVER_REQ@@AEAKK_K@Z 00000001800057e0 f   ConEmuCheck.obj
 0001:000048b0       ?LoadSrvMapping@@YAHPEAUHWND__@@AEAUCESERVER_CONSOLE_MAPPING_HDR@@@Z 00000001800058b0 f   ConEmuCheck.obj
 0001:00004a20       ?LoadGuiMapping@@YAHKAEAUConEmuGuiMapping@@@Z 0000000180005a20 f   ConEmuCheck.obj
 0001:00004b80       ?ExecuteNewCmdOnCreate@@YAPEAUCESERVER_REQ@@PEAUCESERVER_CONSOLE_MAPPING_HDR@@PEAUHWND__@@W4CmdOnCreateType@@PEB_W33PEAK444HHPEAX55@Z 0000000180005b80 f   ConEmuCheck.obj
 0001:00005070       ?StringCchCopyW@@YAJPEA_W_KPEB_W@Z 0000000180006070 f i ConEmuCheck.obj
 0001:00005200       ?ExecuteGuiCmd@@YAPEAUCESERVER_REQ@@PEAUHWND__@@PEAU1@0H@Z 0000000180006200 f   ConEmuCheck.obj
 0001:000052c0       ?ExecuteSrvCmd@@YAPEAUCESERVER_REQ@@KPEAU1@PEAUHWND__@@HKH@Z 00000001800062c0 f   ConEmuCheck.obj
 0001:00005390       ?ExecuteHkCmd@@YAPEAUCESERVER_REQ@@KPEAU1@PEAUHWND__@@HH@Z 0000000180006390 f   ConEmuCheck.obj
 0001:00005460       ?ExecuteCmd@@YAPEAUCESERVER_REQ@@PEB_WPEAU1@KPEAUHWND__@@HKH@Z 0000000180006460 f   ConEmuCheck.obj
 0001:00005860       ?ExecuteFreeResult@@YAXAEAPEAUCESERVER_REQ@@@Z 0000000180006860 f   ConEmuCheck.obj
 0001:000058a0       ?AllocateSendCurrentDirectory@@YA_NAEAPEAUCESERVER_REQ@@AEAKPEB_W2@Z 00000001800068a0 f   ConEmuCheck.obj
 0001:000059f0       ?SendCurrentDirectory@@YAXPEAUHWND__@@PEB_W1@Z 00000001800069f0 f   ConEmuCheck.obj
 0001:00005a70       ?isConsoleClass@@YA_NPEB_W@Z 0000000180006a70 f   ConEmuCheck.obj
 0001:00005ad0       ?isConsoleWindow@@YA_NPEAUHWND__@@@Z 0000000180006ad0 f   ConEmuCheck.obj
 0001:00005be0       ?myGetConsoleWindow@@YAPEAUHWND__@@XZ 0000000180006be0 f   ConEmuCheck.obj
 0001:00005cd0       ?GetConEmuHWND@@YAPEAUHWND__@@H@Z 0000000180006cd0 f   ConEmuCheck.obj
 0001:00005ef0       ??BHWND2@@QEBAPEAUHWND__@@XZ 0000000180006ef0 f i ConEmuCheck.obj
 0001:00005f00       ??BHWND2@@QEBAKXZ          0000000180006f00 f i ConEmuCheck.obj
 0001:00005f10       ?ConEmuCheck@@YAHPEAPEAUHWND__@@@Z 0000000180006f10 f   ConEmuCheck.obj
 0001:00005f60       ?GuiMessageBox@@YAHPEAUHWND__@@PEB_W1H@Z 0000000180006f60 f   ConEmuCheck.obj
 0001:00006190       ?InitName@?$MFileMapping@UCESERVER_CONSOLE_MAPPING_HDR@@@@QEAAPEB_WPEB_WKK@Z 0000000180007190 f i ConEmuCheck.obj
 0001:000061f0       ?CloseMap@?$MFileMapping@UCESERVER_CONSOLE_MAPPING_HDR@@@@QEAAXXZ 00000001800071f0 f i ConEmuCheck.obj
 0001:00006280       ?Open@?$MFileMapping@UCESERVER_CONSOLE_MAPPING_HDR@@@@QEAAPEAUCESERVER_CONSOLE_MAPPING_HDR@@HH@Z 0000000180007280 f i ConEmuCheck.obj
 0001:000062b0       ??0?$MFileMapping@UCESERVER_CONSOLE_MAPPING_HDR@@@@QEAA@XZ 00000001800072b0 f i ConEmuCheck.obj
 0001:00006320       ??1?$MFileMapping@UCESERVER_CONSOLE_MAPPING_HDR@@@@QEAA@XZ 0000000180007320 f i ConEmuCheck.obj
 0001:00006350       ?InitName@?$MFileMapping@UConEmuGuiMapping@@@@QEAAPEB_WPEB_WKK@Z 0000000180007350 f i ConEmuCheck.obj
 0001:000063b0       ?CloseMap@?$MFileMapping@UConEmuGuiMapping@@@@QEAAXXZ 00000001800073b0 f i ConEmuCheck.obj
 0001:00006440       ?Open@?$MFileMapping@UConEmuGuiMapping@@@@QEAAPEAUConEmuGuiMapping@@HH@Z 0000000180007440 f i ConEmuCheck.obj
 0001:00006470       ??0?$MFileMapping@UConEmuGuiMapping@@@@QEAA@XZ 0000000180007470 f i ConEmuCheck.obj
 0001:000064e0       ??1?$MFileMapping@UConEmuGuiMapping@@@@QEAA@XZ 00000001800074e0 f i ConEmuCheck.obj
 0001:00006510       ?ClosePtr@?$MFileMapping@UCESERVER_CONSOLE_MAPPING_HDR@@@@QEAAXXZ 0000000180007510 f i ConEmuCheck.obj
 0001:00006550       ?InternalOpenCreate@?$MFileMapping@UCESERVER_CONSOLE_MAPPING_HDR@@@@IEAAPEAUCESERVER_CONSOLE_MAPPING_HDR@@HHH@Z 0000000180007550 f i ConEmuCheck.obj
 0001:00006800       ?ClosePtr@?$MFileMapping@UConEmuGuiMapping@@@@QEAAXXZ 0000000180007800 f i ConEmuCheck.obj
 0001:00006840       ?InternalOpenCreate@?$MFileMapping@UConEmuGuiMapping@@@@IEAAPEAUConEmuGuiMapping@@HHH@Z 0000000180007840 f i ConEmuCheck.obj
 0001:00006af0       ??$wcscpy_c@$0CA@@@YAHAEAY0CA@_WPEB_W@Z 0000000180007af0 f i ConEmuCheck.obj
 0001:00006b20       ??$wcscpy_c@$0CAI@@@YAHAEAY0CAI@_WPEB_W@Z 0000000180007b20 f i ConEmuCheck.obj
 0001:00006b50       ?LoadGuiMapping@@YAHPEAUHWND__@@AEAUConEmuGuiMapping@@@Z 0000000180007b50 f   ConEmuCheckEx.obj
 0001:00006ba0       ?IsConEmuExeExist@@YAHPEB_WAEAY0BAF@_W@Z 0000000180007ba0 f   ConEmuCheckEx.obj
 0001:00006c80       ?FindConEmuBaseDir@@YAHAEAY0BAF@_W0PEAUHINSTANCE__@@@Z 0000000180007c80 f   ConEmuCheckEx.obj
 0001:000072f0       ??$wcscpy_c@$0BAF@@@YAHAEAY0BAF@_WPEB_W@Z 00000001800082f0 f i ConEmuCheckEx.obj
 0001:00007450       ??$wcscpy_add@$0BAF@@@YAHPEA_WAEAY0BAF@_WPEB_W@Z 0000000180008450 f i ConEmuCheckEx.obj
 0001:000074c0       ??$wcscat_c@$0BAF@@@YAHAEAY0BAF@_WPEB_W@Z 00000001800084c0 f i ConEmuCheckEx.obj
 0001:000074f0       ?StringCchCatW@@YAJPEA_W_KPEB_W@Z 00000001800084f0 f i ConEmuCheckEx.obj
 0001:00007680       ?StartupHooks@@YA_NPEAUHINSTANCE__@@@Z 0000000180008680 f   ConEmuInjects.obj
 0001:00007b80       ?ShutdownHooks@@YAXXZ      0000000180008b80 f   ConEmuInjects.obj
 0001:00007e10       ??$wcscpy_c@$0EA@@@YAHAEAY0EA@_WPEB_W@Z 0000000180008e10 f i ConEmuInjects.obj
 0001:00007f70       DllMain                    0000000180008f70 f   ConEmuPlugin.obj
 0001:00007fc0       ?GetPluginInfo@@YAXPEAX@Z  0000000180008fc0 f   ConEmuPlugin.obj
 0001:00008030       ?GetPluginInfoW@@YAXPEAX@Z 0000000180009030 f   ConEmuPlugin.obj
 0001:00008060       ?IsConsoleActive@@YAHXZ    0000000180009060 f   ConEmuPlugin.obj
 0001:000080e0       ?GetFarHWND2@@YAPEAUHWND__@@H@Z 00000001800090e0 f   ConEmuPlugin.obj
 0001:00008170       ?GetFarHWND@@YAPEAUHWND__@@XZ 0000000180009170 f   ConEmuPlugin.obj
 0001:00008180       ?IsTerminalMode@@YAHXZ     0000000180009180 f   ConEmuPlugin.obj
 0001:00008190       ?GetFarVersion@@YAXPEAUFarVersion@@@Z 0000000180009190 f   ConEmuPlugin.obj
 0001:000081c0       ?RegisterPanelView@@YAHPEAUPanelViewInit@@@Z 00000001800091c0 f   ConEmuPlugin.obj
 0001:00008490       ?RegisterBackground@@YAHPEAURegisterBackgroundArg@@@Z 0000000180009490 f   ConEmuPlugin.obj
 0001:00008530       ?SyncExecute@@YAHPEAUHINSTANCE__@@P6AX_J@Z1@Z 0000000180009530 f   ConEmuPlugin.obj
 0001:000085b0       ?ActivateConsole@@YAHXZ    00000001800095b0 f   ConEmuPlugin.obj
 0001:00008670       ??4HWND2@@QEAAAEAU0@PEAUHWND__@@@Z 0000000180009670 f i ConEmuPlugin.obj
 0001:00008690       ?SetStartupInfo@@YAXPEAX@Z 0000000180009690 f   ConEmuPlugin.obj
 0001:00008710       SetStartupInfoW            0000000180009710 f   ConEmuPlugin.obj
 0001:00008750       ?GetMinFarVersion@@YAHXZ   0000000180009750 f   ConEmuPlugin.obj
 0001:000087c0       GetMinFarVersionW          00000001800097c0 f   ConEmuPlugin.obj
 0001:000087d0       ProcessSynchroEventW       00000001800097d0 f   ConEmuPlugin.obj
 0001:00008800       ?ProcessSynchroEventW3@@YA_JPEAX@Z 0000000180009800 f   ConEmuPlugin.obj
 0001:00008840       ?ProcessEditorEvent@@YAHHPEAX@Z 0000000180009840 f   ConEmuPlugin.obj
 0001:00008870       ProcessEditorEventW        0000000180009870 f   ConEmuPlugin.obj
 0001:000088a0       ?ProcessEditorEventW3@@YA_JPEAX@Z 00000001800098a0 f   ConEmuPlugin.obj
 0001:000088e0       ?ProcessViewerEvent@@YAHHPEAX@Z 00000001800098e0 f   ConEmuPlugin.obj
 0001:00008910       ProcessViewerEventW        0000000180009910 f   ConEmuPlugin.obj
 0001:00008940       ?ProcessViewerEventW3@@YA_JPEAX@Z 0000000180009940 f   ConEmuPlugin.obj
 0001:00008980       ?ProcessEditorInput@@YAHPEBU_INPUT_RECORD@@@Z 0000000180009980 f   ConEmuPlugin.obj
 0001:000089b0       ProcessEditorInputW        00000001800099b0 f   ConEmuPlugin.obj
 0001:000089e0       ?OpenPlugin@@YAPEAXH_J@Z   00000001800099e0 f   ConEmuPlugin.obj
 0001:00008a10       OpenPluginW                0000000180009a10 f   ConEmuPlugin.obj
 0001:00008a70       ?OpenW@@YAPEAXPEBX@Z       0000000180009a70 f   ConEmuPlugin.obj
 0001:00008aa0       ?ExitFAR@@YAXXZ            0000000180009aa0 f   ConEmuPlugin.obj
 0001:00008b10       ExitFARW                   0000000180009b10 f   ConEmuPlugin.obj
 0001:00008b80       ?ExitFARW3@@YAXPEAX@Z      0000000180009b80 f   ConEmuPlugin.obj
 0001:00008bf0       ?SetupExportsFar3@@YAXXZ   0000000180009bf0 f   ConEmuPlugin.obj
 0001:00008ef0       ?_calloc@@YAPEAX_K0@Z      0000000180009ef0 f   ConEmuPlugin.obj
 0001:00008f20       ?_malloc@@YAPEAX_K@Z       0000000180009f20 f   ConEmuPlugin.obj
 0001:00008f40       ?_free@@YAXPEAX@Z          0000000180009f40 f   ConEmuPlugin.obj
 0001:00008f60       ??0CPluginW1900@@QEAA@XZ   0000000180009f60 f   ConEmuPlugin1900.obj
 0001:00009260       ??_GCPluginW1900@@UEAAPEAXI@Z 000000018000a260 f i ConEmuPlugin1900.obj
 0001:00009260       ??_ECPluginW1900@@UEAAPEAXI@Z 000000018000a260 f i ConEmuPlugin1900.obj
 0001:000092a0       ??1CPluginW1900@@UEAA@XZ   000000018000a2a0 f i ConEmuPlugin1900.obj
 0001:000092d0       ?ProcessEditorEventPtr@CPluginW1900@@UEAAHPEAX@Z 000000018000a2d0 f   ConEmuPlugin1900.obj
 0001:00009310       ?ProcessViewerEventPtr@CPluginW1900@@UEAAHPEAX@Z 000000018000a310 f   ConEmuPlugin1900.obj
 0001:00009350       ?ProcessSynchroEventPtr@CPluginW1900@@UEAAHPEAX@Z 000000018000a350 f   ConEmuPlugin1900.obj
 0001:00009390       ?GetPanelDir@CPluginW1900@@UEAAPEA_WKPEA_WH@Z 000000018000a390 f   ConEmuPlugin1900.obj
 0001:000095c0       ?GetPanelInfo@CPluginW1900@@UEAA_NKPEAUCEPanelInfo@@@Z 000000018000a5c0 f   ConEmuPlugin1900.obj
 0001:00009b70       ?GetPanelItemInfo@CPluginW1900@@UEAA_NAEBUCEPanelInfo@@_N_JAEAU_WIN32_FIND_DATAW@@PEAPEA_W@Z 000000018000ab70 f   ConEmuPlugin1900.obj
 0001:00009ea0       ?PanelControlApi@CPluginW1900@@UEAA_JPEAXH_J0@Z 000000018000aea0 f   ConEmuPlugin1900.obj
 0001:00009f10       ?GetPluginInfoPtr@CPluginW1900@@UEAAXPEAX@Z 000000018000af10 f   ConEmuPlugin1900.obj
 0001:00009fb0       ?SetStartupInfoPtr@CPluginW1900@@UEAAXPEAX@Z 000000018000afb0 f   ConEmuPlugin1900.obj
 0001:0000a180       ?GetEditorModifiedState@CPluginW1900@@UEAAKXZ 000000018000b180 f   ConEmuPlugin1900.obj
 0001:0000a1f0       ?ProcessEditorInputPtr@CPluginW1900@@UEAAHPEBX@Z 000000018000b1f0 f   ConEmuPlugin1900.obj
 0001:0000a230       ?GetWindowCount@CPluginW1900@@UEAAHXZ 000000018000b230 f   ConEmuPlugin1900.obj
 0001:0000a290       ?UpdateConEmuTabsApi@CPluginW1900@@UEAA_NH@Z 000000018000b290 f   ConEmuPlugin1900.obj
 0001:0000a930       ?ExitFar@CPluginW1900@@UEAAXXZ 000000018000b930 f   ConEmuPlugin1900.obj
 0001:0000a9e0       ?ShowMessage@CPluginW1900@@UEAAHPEB_WH_N@Z 000000018000b9e0 f   ConEmuPlugin1900.obj
 0001:0000aaa0       ?GetMsg@CPluginW1900@@UEAAPEB_WHPEA_W_K@Z 000000018000baa0 f   ConEmuPlugin1900.obj
 0001:0000ab40       ?SetWindow@CPluginW1900@@UEAAXH@Z 000000018000bb40 f   ConEmuPlugin1900.obj
 0001:0000abc0       ?PostMacroApi@CPluginW1900@@UEAAXPEB_WPEAU_INPUT_RECORD@@_N@Z 000000018000bbc0 f   ConEmuPlugin1900.obj
 0001:0000b810       ?wcsstr@@YAPEA_WPEA_WPEB_W@Z 000000018000c810 f i ConEmuPlugin1900.obj
 0001:0000b840       ?ShowPluginMenu@CPluginW1900@@UEAAHPEAUConEmuPluginMenuItem@@HH@Z 000000018000c840 f   ConEmuPlugin1900.obj
 0001:0000bb20       ?OpenEditor@CPluginW1900@@UEAA_NPEB_W_N11HH@Z 000000018000cb20 f   ConEmuPlugin1900.obj
 0001:0000bd50       ?ExecuteSynchroApi@CPluginW1900@@UEAA_NXZ 000000018000cd50 f   ConEmuPlugin1900.obj
 0001:0000bda0       ?WaitEndSynchro@CPluginW1900@@UEAAXXZ 000000018000cda0 f   ConEmuPlugin1900.obj
 0001:0000bdb0       ?StopWaitEndSynchro@CPluginW1900@@UEAAXXZ 000000018000cdb0 f   ConEmuPlugin1900.obj
 0001:0000bdc0       ?IsMacroActive@CPluginW1900@@UEAA_NXZ 000000018000cdc0 f   ConEmuPlugin1900.obj
 0001:0000be20       ?GetMacroArea@CPluginW1900@@UEAAHXZ 000000018000ce20 f   ConEmuPlugin1900.obj
 0001:0000be60       ?RedrawAll@CPluginW1900@@UEAAXXZ 000000018000ce60 f   ConEmuPlugin1900.obj
 0001:0000beb0       ?InputBox@CPluginW1900@@UEAA_NPEB_W000AEAPEA_W@Z 000000018000ceb0 f   ConEmuPlugin1900.obj
 0001:0000bf80       ?ShowUserScreen@CPluginW1900@@UEAAX_N@Z 000000018000cf80 f   ConEmuPlugin1900.obj
 0001:0000bff0       ?LoadFarColors@CPluginW1900@@UEAAXAEAY0BAA@E@Z 000000018000cff0 f   ConEmuPlugin1900.obj
 0001:0000c260       ?FarColor_3_2@@YAEAEBUFarColor@@@Z 000000018000d260 f i ConEmuPlugin1900.obj
 0001:0000c390       ?Color2FgIndex@Far3Color@@SAXKAEAGPEBK@Z 000000018000d390 f i ConEmuPlugin1900.obj
 0001:0000c520       ?Max@Far3Color@@SAHHH@Z    000000018000d520 f i ConEmuPlugin1900.obj
 0001:0000c550       ?GetStdIndex@Far3Color@@SAHKPEBK@Z 000000018000d550 f i ConEmuPlugin1900.obj
 0001:0000c5d0       ?GetStdPalette@Far3Color@@SAPEBKXZ 000000018000d5d0 f i ConEmuPlugin1900.obj
 0001:0000c5e0       ?Color2BgIndex@Far3Color@@SAXKHAEAGPEBK@Z 000000018000d5e0 f i ConEmuPlugin1900.obj
 0001:0000c7c0       ?LoadFarSettings@CPluginW1900@@UEAAXPEAUCEFarInterfaceSettings@@PEAUCEFarPanelSettings@@@Z 000000018000d7c0 f   ConEmuPlugin1900.obj
 0001:0000ca60       ?GetFarRect@CPluginW1900@@UEAA_NAEAU_SMALL_RECT@@@Z 000000018000da60 f   ConEmuPlugin1900.obj
 0001:0000caf0       ?CheckPanelExist@CPluginW1900@@UEAA_NXZ 000000018000daf0 f   ConEmuPlugin1900.obj
 0001:0000cb60       ?GetActiveWindowType@CPluginW1900@@UEAAHXZ 000000018000db60 f   ConEmuPlugin1900.obj
 0001:0000cc60       ?GetWindowTypeName@CPluginW1900@@UEAAPEB_WH@Z 000000018000dc60 f   ConEmuPlugin1900.obj
 0001:0000cd20       ?GuiMacroDlg@CPluginW1900@@UEAAXXZ 000000018000dd20 f   ConEmuPlugin1900.obj
 0001:0000d470       ?Open@CPluginW1900@@UEAAPEAXPEBX@Z 000000018000e470 f   ConEmuPlugin1900.obj
 0001:0000d6d0       GetGlobalInfoW             000000018000e6d0 f   ConEmuPlugin2800.obj
 0001:0000d8f0       ??0CPluginW2800@@QEAA@XZ   000000018000e8f0 f   ConEmuPlugin2800.obj
 0001:0000dbf0       ??_GCPluginW2800@@UEAAPEAXI@Z 000000018000ebf0 f i ConEmuPlugin2800.obj
 0001:0000dbf0       ??_ECPluginW2800@@UEAAPEAXI@Z 000000018000ebf0 f i ConEmuPlugin2800.obj
 0001:0000dc30       ??1CPluginW2800@@UEAA@XZ   000000018000ec30 f i ConEmuPlugin2800.obj
 0001:0000dc60       ?GetPanelDir@CPluginW2800@@UEAAPEA_WKPEA_WH@Z 000000018000ec60 f   ConEmuPlugin2800.obj
 0001:0000de90       ?GetPanelInfo@CPluginW2800@@UEAA_NKPEAUCEPanelInfo@@@Z 000000018000ee90 f   ConEmuPlugin2800.obj
 0001:0000e440       ?GetPanelItemInfo@CPluginW2800@@UEAA_NAEBUCEPanelInfo@@_N_JAEAU_WIN32_FIND_DATAW@@PEAPEA_W@Z 000000018000f440 f   ConEmuPlugin2800.obj
 0001:0000e770       ?PanelControlApi@CPluginW2800@@UEAA_JPEAXH_J0@Z 000000018000f770 f   ConEmuPlugin2800.obj
 0001:0000e7e0       ?GetPluginInfoPtr@CPluginW2800@@UEAAXPEAX@Z 000000018000f7e0 f   ConEmuPlugin2800.obj
 0001:0000e880       ?SetStartupInfoPtr@CPluginW2800@@UEAAXPEAX@Z 000000018000f880 f   ConEmuPlugin2800.obj
 0001:0000ea50       ?GetEditorModifiedState@CPluginW2800@@UEAAKXZ 000000018000fa50 f   ConEmuPlugin2800.obj
 0001:0000eac0       ?ProcessEditorEventPtr@CPluginW2800@@UEAAHPEAX@Z 000000018000fac0 f   ConEmuPlugin2800.obj
 0001:0000eb00       ?ProcessViewerEventPtr@CPluginW2800@@UEAAHPEAX@Z 000000018000fb00 f   ConEmuPlugin2800.obj
 0001:0000eb40       ?ProcessSynchroEventPtr@CPluginW2800@@UEAAHPEAX@Z 000000018000fb40 f   ConEmuPlugin2800.obj
 0001:0000eb80       ?ProcessEditorInputPtr@CPluginW2800@@UEAAHPEBX@Z 000000018000fb80 f   ConEmuPlugin2800.obj
 0001:0000ebc0       ?GetWindowCount@CPluginW2800@@UEAAHXZ 000000018000fbc0 f   ConEmuPlugin2800.obj
 0001:0000ec20       ?UpdateConEmuTabsApi@CPluginW2800@@UEAA_NH@Z 000000018000fc20 f   ConEmuPlugin2800.obj
 0001:0000f670       ?ExitFar@CPluginW2800@@UEAAXXZ 0000000180010670 f   ConEmuPlugin2800.obj
 0001:0000f720       ?ShowMessage@CPluginW2800@@UEAAHPEB_WH_N@Z 0000000180010720 f   ConEmuPlugin2800.obj
 0001:0000f7e0       ?GetMsg@CPluginW2800@@UEAAPEB_WHPEA_W_K@Z 00000001800107e0 f   ConEmuPlugin2800.obj
 0001:0000f880       ?SetWindow@CPluginW2800@@UEAAXH@Z 0000000180010880 f   ConEmuPlugin2800.obj
 0001:0000f900       ?PostMacroApi@CPluginW2800@@UEAAXPEB_WPEAU_INPUT_RECORD@@_N@Z 0000000180010900 f   ConEmuPlugin2800.obj
 0001:0000ff20       ?ShowPluginMenu@CPluginW2800@@UEAAHPEAUConEmuPluginMenuItem@@HH@Z 0000000180010f20 f   ConEmuPlugin2800.obj
 0001:00010200       ?OpenEditor@CPluginW2800@@UEAA_NPEB_W_N11HH@Z 0000000180011200 f   ConEmuPlugin2800.obj
 0001:00010440       ?ExecuteSynchroApi@CPluginW2800@@UEAA_NXZ 0000000180011440 f   ConEmuPlugin2800.obj
 0001:00010490       ?WaitEndSynchro@CPluginW2800@@UEAAXXZ 0000000180011490 f   ConEmuPlugin2800.obj
 0001:000104a0       ?StopWaitEndSynchro@CPluginW2800@@UEAAXXZ 00000001800114a0 f   ConEmuPlugin2800.obj
 0001:000104b0       ?IsMacroActive@CPluginW2800@@UEAA_NXZ 00000001800114b0 f   ConEmuPlugin2800.obj
 0001:00010510       ?GetMacroArea@CPluginW2800@@UEAAHXZ 0000000180011510 f   ConEmuPlugin2800.obj
 0001:00010550       ?RedrawAll@CPluginW2800@@UEAAXXZ 0000000180011550 f   ConEmuPlugin2800.obj
 0001:000105a0       ?InputBox@CPluginW2800@@UEAA_NPEB_W000AEAPEA_W@Z 00000001800115a0 f   ConEmuPlugin2800.obj
 0001:00010670       ?ShowUserScreen@CPluginW2800@@UEAAX_N@Z 0000000180011670 f   ConEmuPlugin2800.obj
 0001:000106e0       ?LoadFarColors@CPluginW2800@@UEAAXAEAY0BAA@E@Z 00000001800116e0 f   ConEmuPlugin2800.obj
 0001:00010950       ?LoadFarSettings@CPluginW2800@@UEAAXPEAUCEFarInterfaceSettings@@PEAUCEFarPanelSettings@@@Z 0000000180011950 f   ConEmuPlugin2800.obj
 0001:00010c00       ?GetFarRect@CPluginW2800@@UEAA_NAEAU_SMALL_RECT@@@Z 0000000180011c00 f   ConEmuPlugin2800.obj
 0001:00010c90       ?CheckPanelExist@CPluginW2800@@UEAA_NXZ 0000000180011c90 f   ConEmuPlugin2800.obj
 0001:00010d00       ?GetActiveWindowType@CPluginW2800@@UEAAHXZ 0000000180011d00 f   ConEmuPlugin2800.obj
 0001:00010e10       ?GetWindowTypeName@CPluginW2800@@UEAAPEB_WH@Z 0000000180011e10 f   ConEmuPlugin2800.obj
 0001:00010ed0       ?GuiMacroDlg@CPluginW2800@@UEAAXXZ 0000000180011ed0 f   ConEmuPlugin2800.obj
 0001:00011630       ?Open@CPluginW2800@@UEAAPEAXPEBX@Z 0000000180012630 f   ConEmuPlugin2800.obj
 0001:00011930       ??0FarMacroValue@@QEAA@XZ  0000000180012930 f i ConEmuPlugin2800.obj
 0001:00011980       ??0?$MArray@UWindowInfo@@@@QEAA@XZ 0000000180012980 f i ConEmuPlugin2800.obj
 0001:000119e0       ??1?$MArray@UWindowInfo@@@@QEAA@XZ 00000001800129e0 f i ConEmuPlugin2800.obj
 0001:00011a00       ??A?$MArray@UWindowInfo@@@@QEBAAEBUWindowInfo@@_J@Z 0000000180012a00 f i ConEmuPlugin2800.obj
 0001:00011a20       ??A?$MArray@UWindowInfo@@@@QEAAAEAUWindowInfo@@_J@Z 0000000180012a20 f i ConEmuPlugin2800.obj
 0001:00011a40       ?push_back@?$MArray@UWindowInfo@@@@QEAA_JAEBUWindowInfo@@@Z 0000000180012a40 f i ConEmuPlugin2800.obj
 0001:00011b10       ?insert@?$MArray@UWindowInfo@@@@QEAAX_JAEBUWindowInfo@@@Z 0000000180012b10 f i ConEmuPlugin2800.obj
 0001:00011c20       ?erase@?$MArray@UWindowInfo@@@@QEAAX_J@Z 0000000180012c20 f i ConEmuPlugin2800.obj
 0001:00011ce0       ?size@?$MArray@UWindowInfo@@@@QEBA_JXZ 0000000180012ce0 f i ConEmuPlugin2800.obj
 0001:00011cf0       ?clear@?$MArray@UWindowInfo@@@@QEAAXXZ 0000000180012cf0 f i ConEmuPlugin2800.obj
 0001:00011d40       ?addsize@?$MArray@UWindowInfo@@@@QEAAX_J@Z 0000000180012d40 f i ConEmuPlugin2800.obj
 0001:00011e80       ??0CPluginW995@@QEAA@XZ    0000000180012e80 f   ConEmuPlugin995.obj
 0001:00012190       ?Open@CPluginW995@@UEAAPEAXPEBX@Z 0000000180013190 f i ConEmuPlugin995.obj
 0001:000121b0       ?ProcessEditorEventPtr@CPluginW995@@UEAAHPEAX@Z 00000001800131b0 f i ConEmuPlugin995.obj
 0001:000121c0       ?ProcessSynchroEventPtr@CPluginW995@@UEAAHPEAX@Z 00000001800131c0 f i ConEmuPlugin995.obj
 0001:000121d0       ?ProcessViewerEventPtr@CPluginW995@@UEAAHPEAX@Z 00000001800131d0 f i ConEmuPlugin995.obj
 0001:000121e0       ??_ECPluginW995@@UEAAPEAXI@Z 00000001800131e0 f i ConEmuPlugin995.obj
 0001:000121e0       ??_GCPluginW995@@UEAAPEAXI@Z 00000001800131e0 f i ConEmuPlugin995.obj
 0001:00012220       ??1CPluginW995@@UEAA@XZ    0000000180013220 f i ConEmuPlugin995.obj
 0001:00012250       ?GetPanelDir@CPluginW995@@UEAAPEA_WKPEA_WH@Z 0000000180013250 f   ConEmuPlugin995.obj
 0001:00012440       ?GetPanelInfo@CPluginW995@@UEAA_NKPEAUCEPanelInfo@@@Z 0000000180013440 f   ConEmuPlugin995.obj
 0001:00012900       ?GetPanelItemInfo@CPluginW995@@UEAA_NAEBUCEPanelInfo@@_N_JAEAU_WIN32_FIND_DATAW@@PEAPEA_W@Z 0000000180013900 f   ConEmuPlugin995.obj
 0001:00012c10       ?PanelControlApi@CPluginW995@@UEAA_JPEAXH_J0@Z 0000000180013c10 f   ConEmuPlugin995.obj
 0001:00012c80       ?GetPluginInfoPtr@CPluginW995@@UEAAXPEAX@Z 0000000180013c80 f   ConEmuPlugin995.obj
 0001:00012d40       ?SetStartupInfoPtr@CPluginW995@@UEAAXPEAX@Z 0000000180013d40 f   ConEmuPlugin995.obj
 0001:00012f40       ?GetEditorModifiedState@CPluginW995@@UEAAKXZ 0000000180013f40 f   ConEmuPlugin995.obj
 0001:00012fa0       ?ProcessEditorInputPtr@CPluginW995@@UEAAHPEBX@Z 0000000180013fa0 f   ConEmuPlugin995.obj
 0001:00012fe0       ?GetWindowCount@CPluginW995@@UEAAHXZ 0000000180013fe0 f   ConEmuPlugin995.obj
 0001:00013040       ?UpdateConEmuTabsApi@CPluginW995@@UEAA_NH@Z 0000000180014040 f   ConEmuPlugin995.obj
 0001:000133c0       ?ExitFar@CPluginW995@@UEAAXXZ 00000001800143c0 f   ConEmuPlugin995.obj
 0001:00013470       ?ShowMessage@CPluginW995@@UEAAHPEB_WH_N@Z 0000000180014470 f   ConEmuPlugin995.obj
 0001:00013530       ?GetMsg@CPluginW995@@UEAAPEB_WHPEA_W_K@Z 0000000180014530 f   ConEmuPlugin995.obj
 0001:000135d0       ?SetWindow@CPluginW995@@UEAAXH@Z 00000001800145d0 f   ConEmuPlugin995.obj
 0001:00013650       ?PostMacroApi@CPluginW995@@UEAAXPEB_WPEAU_INPUT_RECORD@@_N@Z 0000000180014650 f   ConEmuPlugin995.obj
 0001:00013750       ?ShowPluginMenu@CPluginW995@@UEAAHPEAUConEmuPluginMenuItem@@HH@Z 0000000180014750 f   ConEmuPlugin995.obj
 0001:000139d0       ?OpenEditor@CPluginW995@@UEAA_NPEB_W_N11HH@Z 00000001800149d0 f   ConEmuPlugin995.obj
 0001:00013be0       ?ExecuteSynchroApi@CPluginW995@@UEAA_NXZ 0000000180014be0 f   ConEmuPlugin995.obj
 0001:00013c30       ?WaitEndSynchro@CPluginW995@@UEAAXXZ 0000000180014c30 f   ConEmuPlugin995.obj
 0001:00013ea0       ?StopWaitEndSynchro@CPluginW995@@UEAAXXZ 0000000180014ea0 f   ConEmuPlugin995.obj
 0001:00013ee0       ?IsMacroActive@CPluginW995@@UEAA_NXZ 0000000180014ee0 f   ConEmuPlugin995.obj
 0001:00013f60       ?GetMacroArea@CPluginW995@@UEAAHXZ 0000000180014f60 f   ConEmuPlugin995.obj
 0001:00013fb0       ?RedrawAll@CPluginW995@@UEAAXXZ 0000000180014fb0 f   ConEmuPlugin995.obj
 0001:00014000       ?InputBox@CPluginW995@@UEAA_NPEB_W000AEAPEA_W@Z 0000000180015000 f   ConEmuPlugin995.obj
 0001:000140b0       ?ShowUserScreen@CPluginW995@@UEAAX_N@Z 00000001800150b0 f   ConEmuPlugin995.obj
 0001:00014120       ?LoadFarColors@CPluginW995@@UEAAXAEAY0BAA@E@Z 0000000180015120 f   ConEmuPlugin995.obj
 0001:00014250       ?LoadFarSettings@CPluginW995@@UEAAXPEAUCEFarInterfaceSettings@@PEAUCEFarPanelSettings@@@Z 0000000180015250 f   ConEmuPlugin995.obj
 0001:000142e0       ?GetFarRect@CPluginW995@@UEAA_NAEAU_SMALL_RECT@@@Z 00000001800152e0 f   ConEmuPlugin995.obj
 0001:00014370       ?CheckPanelExist@CPluginW995@@UEAA_NXZ 0000000180015370 f   ConEmuPlugin995.obj
 0001:000143e0       ?GetActiveWindowType@CPluginW995@@UEAAHXZ 00000001800153e0 f   ConEmuPlugin995.obj
 0001:00014500       ?GetWindowTypeName@CPluginW995@@UEAAPEB_WH@Z 0000000180015500 f   ConEmuPlugin995.obj
 0001:000145c0       ?GuiMacroDlg@CPluginW995@@UEAAXXZ 00000001800155c0 f   ConEmuPlugin995.obj
 0001:00014ca0       ??0CPluginAnsi@@QEAA@XZ    0000000180015ca0 f   ConEmuPluginA.obj
 0001:00014f90       ?ExecuteSynchroApi@CPluginAnsi@@UEAA_NXZ 0000000180015f90 f i ConEmuPluginA.obj
 0001:00014fa0       ?GetFarRect@CPluginAnsi@@UEAA_NAEAU_SMALL_RECT@@@Z 0000000180015fa0 f i ConEmuPluginA.obj
 0001:00014fb0       ?Open@CPluginAnsi@@UEAAPEAXPEBX@Z 0000000180015fb0 f i ConEmuPluginA.obj
 0001:00014fd0       ?ProcessEditorEventPtr@CPluginAnsi@@UEAAHPEAX@Z 0000000180015fd0 f i ConEmuPluginA.obj
 0001:00014fe0       ?ProcessEditorInputPtr@CPluginAnsi@@UEAAHPEBX@Z 0000000180015fe0 f i ConEmuPluginA.obj
 0001:00014ff0       ?ProcessSynchroEventPtr@CPluginAnsi@@UEAAHPEAX@Z 0000000180015ff0 f i ConEmuPluginA.obj
 0001:00015000       ?ProcessViewerEventPtr@CPluginAnsi@@UEAAHPEAX@Z 0000000180016000 f i ConEmuPluginA.obj
 0001:00015010       ?StopWaitEndSynchro@CPluginAnsi@@UEAAXXZ 0000000180016010 f i ConEmuPluginA.obj
 0001:00015020       ?WaitEndSynchro@CPluginAnsi@@UEAAXXZ 0000000180016020 f i ConEmuPluginA.obj
 0001:00015030       ??_GCPluginAnsi@@UEAAPEAXI@Z 0000000180016030 f i ConEmuPluginA.obj
 0001:00015030       ??_ECPluginAnsi@@UEAAPEAXI@Z 0000000180016030 f i ConEmuPluginA.obj
 0001:00015070       ??1CPluginAnsi@@UEAA@XZ    0000000180016070 f i ConEmuPluginA.obj
 0001:000150a0       ?GetPanelDir@CPluginAnsi@@UEAAPEA_WKPEA_WH@Z 00000001800160a0 f   ConEmuPluginA.obj
 0001:00015210       ?GetPanelInfo@CPluginAnsi@@UEAA_NKPEAUCEPanelInfo@@@Z 0000000180016210 f   ConEmuPluginA.obj
 0001:00015640       ?GetPanelItemInfo@CPluginAnsi@@UEAA_NAEBUCEPanelInfo@@_N_JAEAU_WIN32_FIND_DATAW@@PEAPEA_W@Z 0000000180016640 f   ConEmuPluginA.obj
 0001:00015870       ?PanelControlApi@CPluginAnsi@@UEAA_JPEAXH_J0@Z 0000000180016870 f   ConEmuPluginA.obj
 0001:000158e0       ?SetStartupInfoPtr@CPluginAnsi@@UEAAXPEAX@Z 00000001800168e0 f   ConEmuPluginA.obj
 0001:00015ae0       ?GetPluginInfoPtr@CPluginAnsi@@UEAAXPEAX@Z 0000000180016ae0 f   ConEmuPluginA.obj
 0001:00015bd0       ?GetEditorModifiedState@CPluginAnsi@@UEAAKXZ 0000000180016bd0 f   ConEmuPluginA.obj
 0001:00015c40       ?GetWindowCount@CPluginAnsi@@UEAAHXZ 0000000180016c40 f   ConEmuPluginA.obj
 0001:00015ca0       ?UpdateConEmuTabsApi@CPluginAnsi@@UEAA_NH@Z 0000000180016ca0 f   ConEmuPluginA.obj
 0001:00016040       ?ExitFar@CPluginAnsi@@UEAAXXZ 0000000180017040 f   ConEmuPluginA.obj
 0001:000160a0       ?SetWindow@CPluginAnsi@@UEAAXH@Z 00000001800170a0 f   ConEmuPluginA.obj
 0001:00016120       ?PostMacroApi@CPluginAnsi@@UEAAXPEB_WPEAU_INPUT_RECORD@@_N@Z 0000000180017120 f   ConEmuPluginA.obj
 0001:00016250       ?ShowPluginMenu@CPluginAnsi@@UEAAHPEAUConEmuPluginMenuItem@@HH@Z 0000000180017250 f   ConEmuPluginA.obj
 0001:00016550       ?OpenEditor@CPluginAnsi@@UEAA_NPEB_W_N11HH@Z 0000000180017550 f   ConEmuPluginA.obj
 0001:00016780       ?ShowMessage@CPluginAnsi@@UEAAHPEB_WH_N@Z 0000000180017780 f   ConEmuPluginA.obj
 0001:000168a0       ?GetMsg@CPluginAnsi@@UEAAPEB_WHPEA_W_K@Z 00000001800178a0 f   ConEmuPluginA.obj
 0001:000169a0       ?IsMacroActive@CPluginAnsi@@UEAA_NXZ 00000001800179a0 f   ConEmuPluginA.obj
 0001:00016a20       ?GetMacroArea@CPluginAnsi@@UEAAHXZ 0000000180017a20 f   ConEmuPluginA.obj
 0001:00016a30       ?RedrawAll@CPluginAnsi@@UEAAXXZ 0000000180017a30 f   ConEmuPluginA.obj
 0001:00016a80       ?InputBox@CPluginAnsi@@UEAA_NPEB_W000AEAPEA_W@Z 0000000180017a80 f   ConEmuPluginA.obj
 0001:00016c10       ?ShowUserScreen@CPluginAnsi@@UEAAX_N@Z 0000000180017c10 f   ConEmuPluginA.obj
 0001:00016c80       ?LoadFarColors@CPluginAnsi@@UEAAXAEAY0BAA@E@Z 0000000180017c80 f   ConEmuPluginA.obj
 0001:00016db0       ?LoadFarSettings@CPluginAnsi@@UEAAXPEAUCEFarInterfaceSettings@@PEAUCEFarPanelSettings@@@Z 0000000180017db0 f   ConEmuPluginA.obj
 0001:00016e40       ?CheckPanelExist@CPluginAnsi@@UEAA_NXZ 0000000180017e40 f   ConEmuPluginA.obj
 0001:00016eb0       ?GetActiveWindowType@CPluginAnsi@@UEAAHXZ 0000000180017eb0 f   ConEmuPluginA.obj
 0001:00016f30       ?GetWindowTypeName@CPluginAnsi@@UEAAPEB_WH@Z 0000000180017f30 f   ConEmuPluginA.obj
 0001:00016ff0       ?GuiMacroDlg@CPluginAnsi@@UEAAXXZ 0000000180017ff0 f   ConEmuPluginA.obj
 0001:000177f0       ?Plugin@@YAPEAVCPluginBase@@XZ 00000001800187f0 f   ConEmuPluginBase.obj
 0001:00017950       ??0CPluginBase@@QEAA@XZ    0000000180018950 f   ConEmuPluginBase.obj
 0001:00017ca0       ??_ECPluginBase@@UEAAPEAXI@Z 0000000180018ca0 f i ConEmuPluginBase.obj
 0001:00017ca0       ??_GCPluginBase@@UEAAPEAXI@Z 0000000180018ca0 f i ConEmuPluginBase.obj
 0001:00017ce0       ??1CPluginBase@@UEAA@XZ    0000000180018ce0 f   ConEmuPluginBase.obj
 0001:00017d00       ?DllMain_ProcessAttach@CPluginBase@@KAXPEAUHINSTANCE__@@@Z 0000000180018d00 f   ConEmuPluginBase.obj
 0001:00017e40       ?DllMain_ProcessDetach@CPluginBase@@KAXXZ 0000000180018e40 f   ConEmuPluginBase.obj
 0001:00018010       ??_GMSection@@QEAAPEAXI@Z  0000000180019010 f i ConEmuPluginBase.obj
 0001:00018050       ??_GCPluginBackground@@QEAAPEAXI@Z 0000000180019050 f i ConEmuPluginBase.obj
 0001:00018090       ?DllCheckUnique@CPluginBase@@KA_N_N@Z 0000000180019090 f   ConEmuPluginBase.obj
 0001:00018320       ?LoadFarVersion@CPluginBase@@SA_NXZ 0000000180019320 f   ConEmuPluginBase.obj
 0001:00018af0       ?ShowMessageBox@CPluginBase@@KAHPEB_WI@Z 0000000180019af0 f   ConEmuPluginBase.obj
 0001:00018bf0       ?ShowMessageGui@CPluginBase@@QEAAHHH@Z 0000000180019bf0 f   ConEmuPluginBase.obj
 0001:00018ca0       ?BackgroundMacroError@CPluginBase@@SAKPEAX@Z 0000000180019ca0 f   ConEmuPluginBase.obj
 0001:00018cf0       ?PostMacro@CPluginBase@@QEAAXPEB_WPEAU_INPUT_RECORD@@_N@Z 0000000180019cf0 f   ConEmuPluginBase.obj
 0001:00018db0       ?isMacroActive@CPluginBase@@QEAA_NAEAH@Z 0000000180019db0 f   ConEmuPluginBase.obj
 0001:00018e40       ?CheckBufferEnabled@CPluginBase@@QEAA_NXZ 0000000180019e40 f   ConEmuPluginBase.obj
 0001:00018ef0       ?PanelControl@CPluginBase@@QEAA_JPEAXH_J0@Z 0000000180019ef0 f   ConEmuPluginBase.obj
 0001:00018fe0       ?GetPanelInfo@CPluginBase@@QEAA_NKPEAUBkPanelInfo@@@Z 0000000180019fe0 f   ConEmuPluginBase.obj
 0001:000190d0       ?FillUpdateBackground@CPluginBase@@QEAAXPEAUPaintBackgroundArg@@@Z 000000018001a0d0 f   ConEmuPluginBase.obj
 0001:00019300       ?StorePanelDirs@CPluginBase@@QEAA_NPEB_W0@Z 000000018001a300 f   ConEmuPluginBase.obj
 0001:00019530       wmemmove                   000000018001a530 f i ConEmuPluginBase.obj
 0001:00019560       ?UpdatePanelDirs@CPluginBase@@QEAAXXZ 000000018001a560 f   ConEmuPluginBase.obj
 0001:00019770       ?IsFarLua@FarVersion@@QEBA_NXZ 000000018001a770 f i ConEmuPluginBase.obj
 0001:000197d0       ?RunExternalProgram@CPluginBase@@QEAA_NPEA_W@Z 000000018001a7d0 f   ConEmuPluginBase.obj
 0001:00019a70       ?ProcessCommandLine@CPluginBase@@QEAA_NPEA_W@Z 000000018001aa70 f   ConEmuPluginBase.obj
 0001:00019ad0       ?ShowPluginMenu@CPluginBase@@QEAAXW4PluginCallCommands@@@Z 000000018001aad0 f   ConEmuPluginBase.obj
 0001:00019e20       ?ShowTabsList@CPluginBase@@QEAAXXZ 000000018001ae20 f   ConEmuPluginBase.obj
 0001:0001a350       ?ShowPanelsList@CPluginBase@@QEAAXXZ 000000018001b350 f   ConEmuPluginBase.obj
 0001:0001a560       ?DataSize@CESERVER_REQ@@QEAAKXZ 000000018001b560 f i ConEmuPluginBase.obj
 0001:0001a5a0       ?EditViewConsoleOutput@CPluginBase@@QEAAX_N@Z 000000018001b5a0 f   ConEmuPluginBase.obj
 0001:0001a6b0       ?SwitchTabCommand@CPluginBase@@QEAAXW4PluginMenuCommands@@@Z 000000018001b6b0 f   ConEmuPluginBase.obj
 0001:0001a780       ?ProcessSynchroEvent@CPluginBase@@QEAAHHPEAX@Z 000000018001b780 f   ConEmuPluginBase.obj
 0001:0001a840       ?ProcessEditorInputInternal@CPluginBase@@QEAAXAEBU_INPUT_RECORD@@@Z 000000018001b840 f   ConEmuPluginBase.obj
 0001:0001a8a0       ?ProcessEditorViewerEvent@CPluginBase@@QEAAHHH@Z 000000018001b8a0 f   ConEmuPluginBase.obj
 0001:0001a9f0       ?isEditorViewer@CPluginBase@@QEAA_NXZ 000000018001b9f0 f   ConEmuPluginBase.obj
 0001:0001aa40       ?isModalEditorViewer@CPluginBase@@QEAA_NXZ 000000018001ba40 f   ConEmuPluginBase.obj
 0001:0001aa90       ?GetMainThreadId@CPluginBase@@SAKXZ 000000018001ba90 f   ConEmuPluginBase.obj
 0001:0001ab40       ?ShowConsoleInfo@CPluginBase@@QEAAXXZ 000000018001bb40 f   ConEmuPluginBase.obj
 0001:0001ade0       ?RunExternalProgramW@CPluginBase@@SA_NPEA_W0_N@Z 000000018001bde0 f   ConEmuPluginBase.obj
 0001:0001b110       ?StartDebugger@CPluginBase@@QEAA_NXZ 000000018001c110 f   ConEmuPluginBase.obj
 0001:0001b4e0       ?Attach2Gui@CPluginBase@@QEAA_NXZ 000000018001c4e0 f   ConEmuPluginBase.obj
 0001:0001baa0       ?FindServerCmd@CPluginBase@@QEAA_NKAEAK_N@Z 000000018001caa0 f   ConEmuPluginBase.obj
 0001:0001bbc0       ?ShowMessage@CPluginBase@@QEAAHHH@Z 000000018001cbc0 f   ConEmuPluginBase.obj
 0001:0001bc50       ?OutDataAlloc@CPluginBase@@SA_NK@Z 000000018001cc50 f   ConEmuPluginBase.obj
 0001:0001bcd0       ?OutDataRealloc@CPluginBase@@SA_NK@Z 000000018001ccd0 f   ConEmuPluginBase.obj
 0001:0001bdd0       ?OutDataWrite@CPluginBase@@SA_NPEAXK@Z 000000018001cdd0 f   ConEmuPluginBase.obj
 0001:0001bec0       ?CreateTabs@CPluginBase@@SA_NH@Z 000000018001cec0 f   ConEmuPluginBase.obj
 0001:0001bfc0       ?AddTab@CPluginBase@@QEAA_NAEAHH_N1HPEB_W2HHHH@Z 000000018001cfc0 f   ConEmuPluginBase.obj
 0001:0001c600       wmemcmp                    000000018001d600 f i ConEmuPluginBase.obj
 0001:0001c690       ?AddTabFinish@CPluginBase@@QEAAXH@Z 000000018001d690 f   ConEmuPluginBase.obj
 0001:0001c6b0       ?SendTabs@CPluginBase@@SAXH_N@Z 000000018001d6b0 f   ConEmuPluginBase.obj
 0001:0001c900       ?CloseTabs@CPluginBase@@SAXXZ 000000018001d900 f   ConEmuPluginBase.obj
 0001:0001c9a0       ?UpdateConEmuTabs@CPluginBase@@QEAA_N_N@Z 000000018001d9a0 f   ConEmuPluginBase.obj
 0001:0001cdb0       ?ShowProtocolWarning@CPluginBase@@KAXXZ 000000018001ddb0 f   ConEmuPluginBase.obj
 0001:0001cf40       ?CheckResources@CPluginBase@@QEAAX_N@Z 000000018001df40 f   ConEmuPluginBase.obj
 0001:0001d120       ?InitResources@CPluginBase@@QEAAXXZ 000000018001e120 f   ConEmuPluginBase.obj
 0001:0001d4b0       ?CloseMapHeader@CPluginBase@@SAXXZ 000000018001e4b0 f   ConEmuPluginBase.obj
 0001:0001d4e0       ?OpenMapHeader@CPluginBase@@SAHXZ 000000018001e4e0 f   ConEmuPluginBase.obj
 0001:0001d630       ?InitRootRegKey@CPluginBase@@IEAAXXZ 000000018001e630 f   ConEmuPluginBase.obj
 0001:0001d790       ?SetRootRegKey@CPluginBase@@IEAAXPEA_W@Z 000000018001e790 f   ConEmuPluginBase.obj
 0001:0001d8c0       ?LoadPanelTabsFromRegistry@CPluginBase@@IEAAXXZ 000000018001e8c0 f   ConEmuPluginBase.obj
 0001:0001da30       ?InitHWND@CPluginBase@@SAXXZ 000000018001ea30 f   ConEmuPluginBase.obj
 0001:0001dd70       ?CheckConEmuDetached@CPluginBase@@SAXXZ 000000018001ed70 f   ConEmuPluginBase.obj
 0001:0001de20       ?EmergencyShow@CPluginBase@@KAXXZ 000000018001ee20 f   ConEmuPluginBase.obj
 0001:0001de90       ?MonitorThreadProcW@CPluginBase@@SAKPEAX@Z 000000018001ee90 f   ConEmuPluginBase.obj
 0001:0001e3c0       ?OpenPluginCommon@CPluginBase@@QEAAPEAXH_J_N@Z 000000018001f3c0 f   ConEmuPluginBase.obj
 0001:0001e890       ?ExitFarCommon@CPluginBase@@QEAAX_N@Z 000000018001f890 f   ConEmuPluginBase.obj
 0001:0001e900       ?OnMainThreadActivated@CPluginBase@@QEAAXXZ 000000018001f900 f   ConEmuPluginBase.obj
 0001:0001eb00       ?ProcessSetWindowCommand@CPluginBase@@QEAAXXZ 000000018001fb00 f   ConEmuPluginBase.obj
 0001:0001ec70       ?CommonPluginStartup@CPluginBase@@QEAAXXZ 000000018001fc70 f   ConEmuPluginBase.obj
 0001:0001eda0       ?StopThread@CPluginBase@@QEAAX_N@Z 000000018001fda0 f   ConEmuPluginBase.obj
 0001:0001f1d0       ??_G?$MFileMapping@UCESERVER_CONSOLE_MAPPING_HDR@@@@QEAAPEAXI@Z 00000001800201d0 f i ConEmuPluginBase.obj
 0001:0001f210       ?ShutdownPluginStep@CPluginBase@@SAXPEB_WHHHH@Z 0000000180020210 f   ConEmuPluginBase.obj
 0001:0001f230       ?ExecuteSynchro@CPluginBase@@QEAAXXZ 0000000180020230 f   ConEmuPluginBase.obj
 0001:0001f310       ?WaitPluginActivation@CPluginBase@@SAKKPEAPEAXHK@Z 0000000180020310 f   ConEmuPluginBase.obj
 0001:0001f4a0       ?ActivatePlugin@CPluginBase@@QEAA_NKPEAXK@Z 00000001800204a0 f   ConEmuPluginBase.obj
 0001:0001f7d0       ?cmd_OpenEditorLine@CPluginBase@@QEAA_NPEAUCESERVER_REQ_FAREDITOR@@@Z 00000001800207d0 f   ConEmuPluginBase.obj
 0001:0001f900       ?cmd_RedrawFarCall@CPluginBase@@QEAA_NAEAPEAUCESERVER_REQ@@PEAPEAU2@@Z 0000000180020900 f   ConEmuPluginBase.obj
 0001:0001f9f0       ?cmd_SetWindow@CPluginBase@@QEAA_NPEAX_N@Z 00000001800209f0 f   ConEmuPluginBase.obj
 0001:0001fad0       ?cmd_LeftClickSync@CPluginBase@@QEAAXPEAX@Z 0000000180020ad0 f   ConEmuPluginBase.obj
 0001:0001fc60       ?cmd_CloseQSearch@CPluginBase@@QEAAXXZ 0000000180020c60 f   ConEmuPluginBase.obj
 0001:0001fcc0       ?cmd_EMenu@CPluginBase@@QEAAXPEAX@Z 0000000180020cc0 f   ConEmuPluginBase.obj
 0001:0001fdd0       ?cmd_ExternalCallback@CPluginBase@@QEAA_NPEAX@Z 0000000180020dd0 f   ConEmuPluginBase.obj
 0001:0001fe70       ?cmd_ConSetFont@CPluginBase@@QEAAXPEAX@Z 0000000180020e70 f   ConEmuPluginBase.obj
 0001:0001fef0       ?cmd_GuiChanged@CPluginBase@@QEAAXPEAX@Z 0000000180020ef0 f   ConEmuPluginBase.obj
 0001:00020000       ?ProcessCommand@CPluginBase@@QEAA_NKHPEAXPEAPEAUCESERVER_REQ@@_N@Z 0000000180021000 f   ConEmuPluginBase.obj
 0001:00020720       ?FarSetConsoleSize@CPluginBase@@SA_NFF@Z 0000000180021720 f   ConEmuPluginBase.obj
 0001:00020890       ?ReloadFarInfoApi@CPluginBase@@IEAA_NXZ 0000000180021890 f   ConEmuPluginBase.obj
 0001:00020b40       ?ReloadFarInfo@CPluginBase@@QEAA_N_N@Z 0000000180021b40 f   ConEmuPluginBase.obj
 0001:00020e60       ?pcc_Selected@CPluginBase@@SA_NW4PluginMenuCommands@@@Z 0000000180021e60 f   ConEmuPluginBase.obj
 0001:00020ee0       ?pcc_Disabled@CPluginBase@@SA_NW4PluginMenuCommands@@@Z 0000000180021ee0 f   ConEmuPluginBase.obj
 0001:00020fc0       ?TouchReadPeekConsoleInputs@CPluginBase@@SAXH@Z 0000000180021fc0 f   ConEmuPluginBase.obj
 0001:00021020       ?OnConsolePeekReadInput@CPluginBase@@SAX_N@Z 0000000180022020 f   ConEmuPluginBase.obj
 0001:00021290       ?ActiveServerPID@CESERVER_CONSOLE_MAPPING_HDR@@QEBAKXZ 0000000180022290 f i ConEmuPluginBase.obj
 0001:000212d0       ?UngetDummyMouseEvent@CPluginBase@@SA_N_NPEAUHookCallbackArg@@@Z 00000001800222d0 f   ConEmuPluginBase.obj
 0001:00021540       ??4HANDLE2@@QEAAAEAU0@PEAX@Z 0000000180022540 f i ConEmuPluginBase.obj
 0001:00021560       ?FillLoadedParm@CPluginBase@@SAXPEAUConEmuLoadedArg@@PEAUHINSTANCE__@@H@Z 0000000180022560 f   ConEmuPluginBase.obj
 0001:000216a0       ?NotifyConEmuUnloaded@CPluginBase@@SAXXZ 00000001800226a0 f   ConEmuPluginBase.obj
 0001:000217f0       ?OnPanelViewCallbacks@CPluginBase@@SA_NPEAUHookCallbackArg@@P6AHPEAXPEAU_INPUT_RECORD@@KPEAKPEAH@Z5@Z 00000001800227f0 f   ConEmuPluginBase.obj
 0001:00021940       ?OnShellExecuteExW_Except@CPluginBase@@SAXPEAUHookCallbackArg@@@Z 0000000180022940 f   ConEmuPluginBase.obj
 0001:00021990       ?OnGetNumberOfConsoleInputEventsPost@CPluginBase@@SAXPEAUHookCallbackArg@@@Z 0000000180022990 f   ConEmuPluginBase.obj
 0001:000219d0       ?OnConsolePeekInput@CPluginBase@@SAHPEAUHookCallbackArg@@@Z 00000001800229d0 f   ConEmuPluginBase.obj
 0001:00021a60       ?OnConsolePeekInputPost@CPluginBase@@SAXPEAUHookCallbackArg@@@Z 0000000180022a60 f   ConEmuPluginBase.obj
 0001:00021ab0       ?OnConsoleReadInputWork@CPluginBase@@SAHPEAUHookCallbackArg@@@Z 0000000180022ab0 f   ConEmuPluginBase.obj
 0001:00021b60       ?OnConsoleReadInput@CPluginBase@@SAHPEAUHookCallbackArg@@@Z 0000000180022b60 f   ConEmuPluginBase.obj
 0001:00021b80       ?OnConsoleReadInputPost@CPluginBase@@SAXPEAUHookCallbackArg@@@Z 0000000180022b80 f   ConEmuPluginBase.obj
 0001:00021e30       ?OnWriteConsoleOutput@CPluginBase@@SAHPEAUHookCallbackArg@@@Z 0000000180022e30 f   ConEmuPluginBase.obj
 0001:00021f50       ?OnConsoleDetaching@CPluginBase@@SAHPEAUHookCallbackArg@@@Z 0000000180022f50 f   ConEmuPluginBase.obj
 0001:000220b0       ?OnConsoleWasAttached@CPluginBase@@SAXPEAUHookCallbackArg@@@Z 00000001800230b0 f   ConEmuPluginBase.obj
 0001:00022130       ?OnCurDirChanged@CPluginBase@@SAXXZ 0000000180023130 f   ConEmuPluginBase.obj
 0001:000221c0       ?OnLibraryLoaded@CPluginBase@@SAXPEAUHINSTANCE__@@@Z 00000001800231c0 f   ConEmuPluginBase.obj
 0001:00022270       ?ToUnicode@CPluginBase@@SAPEA_WPEBD@Z 0000000180023270 f   ConEmuPluginBase.obj
 0001:00022310       ?ToOem@CPluginBase@@SAXPEB_WPEAD_J@Z 0000000180023310 f   ConEmuPluginBase.obj
 0001:00022390       ?ToOem@CPluginBase@@SAPEADPEB_W@Z 0000000180023390 f   ConEmuPluginBase.obj
 0001:00022400       ?ProcessDragFrom@CPluginBase@@QEAAXXZ 0000000180023400 f   ConEmuPluginBase.obj
 0001:00022cc0       ?ProcessDragTo@CPluginBase@@QEAAXXZ 0000000180023cc0 f   ConEmuPluginBase.obj
 0001:00023180       ?IsCurrentTabModal@CPluginBase@@QEAA_NXZ 0000000180024180 f   ConEmuPluginBase.obj
 0001:00023280       ?PrintText@CPluginBase@@QEAA_NPEB_W@Z 0000000180024280 f   ConEmuPluginBase.obj
 0001:00023420       ?Ptr@?$MFileMapping@UCESERVER_CONSOLE_MAPPING_HDR@@@@QEAAPEAUCESERVER_CONSOLE_MAPPING_HDR@@XZ 0000000180024420 f i ConEmuPluginBase.obj
 0001:00023430       ??$wcscpy_c@$0BBE@@@YAHAEAY0BBE@_WPEB_W@Z 0000000180024430 f i ConEmuPluginBase.obj
 0001:00023460       ??$wcscat_c@$0BBE@@@YAHAEAY0BBE@_WPEB_W@Z 0000000180024460 f i ConEmuPluginBase.obj
 0001:00023490       ??$wcscat_c@$0CAE@@@YAHAEAY0CAE@_WPEB_W@Z 0000000180024490 f i ConEmuPluginBase.obj
 0001:000234c0       ?EvaluateDefaultFontWidth@@YAHHPEB_W@Z 00000001800244c0 f   EmergencyShow.obj
 0001:00023640       ?SetUserFriendlyFont@@YAXPEAUHWND__@@HH@Z 0000000180024640 f   EmergencyShow.obj
 0001:00023c00       ?CorrectConsolePos@@YAXPEAUHWND__@@@Z 0000000180024c00 f   EmergencyShow.obj
 0001:00023de0       ?EmergencyShow@@YAXPEAUHWND__@@HH@Z 0000000180024de0 f   EmergencyShow.obj
 0001:00023f60       ?IsFileBatch@@YA_NPEB_W@Z  0000000180024f60 f   Execute.obj
 0001:00024000       ?GetImageSubsystem@@YA_NPEB_WAEAK11@Z 0000000180025000 f   Execute.obj
 0001:00024410       ?GetImageSubsystem@@YA_NAEAK0@Z 0000000180025410 f   Execute.obj
 0001:000244f0       ?GetImageSubsystem@@YA_NU_PROCESS_INFORMATION@@AEAK1@Z 00000001800254f0 f   Execute.obj
 0001:000247f0       ?GetEnclosingSectionHeader@@YAPEAU_IMAGE_SECTION_HEADER@@KPEAUIMAGE_MAPPING@@@Z 00000001800257f0 f   Execute.obj
 0001:000248a0       ?GetPtrFromRVA@@YAPEAXKPEAUIMAGE_MAPPING@@@Z 00000001800258a0 f   Execute.obj
 0001:00024930       ?FindImageSubsystem@@YA_NPEB_WAEAK1PEAK@Z 0000000180025930 f   Execute.obj
 0001:000257a0       ?OnHooksUnloaded@@YAXXZ    00000001800267a0 f   HkFunc.obj
 0001:000257b0       ??0HkFunc@@QEAA@XZ         00000001800267b0 f   HkFunc.obj
 0001:000257d0       ?Init@HkFunc@@QEAA_NPEB_WPEAUHINSTANCE__@@@Z 00000001800267d0 f   HkFunc.obj
 0001:000258e0       ?SetInternalMode@HkFunc@@QEAAXXZ 00000001800268e0 f   HkFunc.obj
 0001:00025900       ?isConEmuHk@HkFunc@@QEAA_NXZ 0000000180026900 f   HkFunc.obj
 0001:00025930       ?HeapInitialize@@YA_NXZ    0000000180026930 f   Memory.obj
 0001:00025980       ?HeapDeinitialize@@YAXXZ   0000000180026980 f   Memory.obj
 0001:000259b0       ?xf_malloc@@YAPEAX_K@Z     00000001800269b0 f   Memory.obj
 0001:000259e0       ?xf_calloc@@YAPEAX_K0@Z    00000001800269e0 f   Memory.obj
 0001:00025a20       ?xf_realloc@@YAPEAXPEAX_K@Z 0000000180026a20 f   Memory.obj
 0001:00025a70       ?xf_free@@YAXPEAX@Z        0000000180026a70 f   Memory.obj
 0001:00025ab0       ?xf_validate@@YA_NPEAX@Z   0000000180026ab0 f   Memory.obj
 0001:00025b00       ??2@YAPEAX_K@Z             0000000180026b00 f   Memory.obj
 0001:00025b30       ??_U@YAPEAX_K@Z            0000000180026b30 f   Memory.obj
 0001:00025b60       ??3@YAXPEAX@Z              0000000180026b60 f   Memory.obj
 0001:00025b80       ??_V@YAXPEAX@Z             0000000180026b80 f   Memory.obj
 0001:00025ba0       ?lstrdup@@YAPEADPEBD@Z     0000000180026ba0 f   Memory.obj
 0001:00025c20       ?StringCchCopyA@@YAJPEAD_KPEBD@Z 0000000180026c20 f i Memory.obj
 0001:00025db0       ?lstrdup@@YAPEA_WPEB_W_K@Z 0000000180026db0 f   Memory.obj
 0001:00025f70       ?lstrdupW@@YAPEA_WPEBDI@Z  0000000180026f70 f   Memory.obj
 0001:00026010       ?lstrdupA@@YAPEADPEB_WIPEAH@Z 0000000180027010 f   Memory.obj
 0001:00026160       ?lstrmerge@@YAPEA_WPEB_W0000@Z 0000000180027160 f   Memory.obj
 0001:00026360       ?lstrmerge@@YA_NPEAPEA_WPEB_W111@Z 0000000180027360 f   Memory.obj
 0001:000263e0       ?GetStartupMonitor@@YAPEAUHMONITOR__@@XZ 00000001800273e0 f   Monitors.obj
 0001:000264f0       ?MonitorFromParam@@YAPEAUHMONITOR__@@PEB_W@Z 00000001800274f0 f   Monitors.obj
 0001:00026740       ?FindMonitorsWorkspace@@YAHPEAUHMONITOR__@@PEAUHDC__@@PEAUtagRECT@@_J@Z 0000000180027740 f   Monitors.obj
 0001:000267f0       ?GetAllMonitorsWorkspace@@YA?AUtagRECT@@XZ 00000001800277f0 f   Monitors.obj
 0001:00026880       ?FindPrimaryMonitor@@YAHPEAUHMONITOR__@@PEAUHDC__@@PEAUtagRECT@@_J@Z 0000000180027880 f   Monitors.obj
 0001:00026910       ?GetMonitorInfoSafe@@YA_NPEAUHMONITOR__@@AEAUtagMONITORINFO@@@Z 0000000180027910 f   Monitors.obj
 0001:00026980       ?GetPrimaryMonitorInfo@@YAPEAUHMONITOR__@@PEAUtagMONITORINFO@@@Z 0000000180027980 f   Monitors.obj
 0001:00026a40       ?GetNearestMonitorInfo@@YAPEAUHMONITOR__@@PEAUtagMONITORINFO@@PEAU1@PEBUtagRECT@@PEAUHWND__@@@Z 0000000180027a40 f   Monitors.obj
 0001:00026b70       ?EnumAllMonitors@@YAHPEAUHMONITOR__@@PEAUHDC__@@PEAUtagRECT@@_J@Z 0000000180027b70 f   Monitors.obj
 0001:00026c20       ?MonitorSortCallback@@YAHAEAU_FindAllMonitorsItem@@0@Z 0000000180027c20 f   Monitors.obj
 0001:00026ca0       ?GetNextMonitorInfo@@YAPEAUHMONITOR__@@PEAUtagMONITORINFO@@PEBUtagRECT@@_N@Z 0000000180027ca0 f   Monitors.obj
 0001:00026f30       ??0_FindAllMonitors@@QEAA@XZ 0000000180027f30 f i Monitors.obj
 0001:00026f50       ??1_FindAllMonitors@@QEAA@XZ 0000000180027f50 f i Monitors.obj
 0001:00026f70       ?FindTaskbarWindow@@YAPEAUHWND__@@PEAUtagRECT@@@Z 0000000180027f70 f   Monitors.obj
 0001:00026ff0       ?IsTaskbarAutoHidden@@YA_NPEAUtagRECT@@PEAI@Z 0000000180027ff0 f   Monitors.obj
 0001:000270e0       ??0?$MArray@U_FindAllMonitorsItem@@@@QEAA@XZ 00000001800280e0 f i Monitors.obj
 0001:00027140       ??1?$MArray@U_FindAllMonitorsItem@@@@QEAA@XZ 0000000180028140 f i Monitors.obj
 0001:00027160       ??A?$MArray@U_FindAllMonitorsItem@@@@QEAAAEAU_FindAllMonitorsItem@@_J@Z 0000000180028160 f i Monitors.obj
 0001:00027180       ?push_back@?$MArray@U_FindAllMonitorsItem@@@@QEAA_JAEBU_FindAllMonitorsItem@@@Z 0000000180028180 f i Monitors.obj
 0001:00027250       ?size@?$MArray@U_FindAllMonitorsItem@@@@QEBA_JXZ 0000000180028250 f i Monitors.obj
 0001:00027260       ?sort@?$MArray@U_FindAllMonitorsItem@@@@QEAAXP6AHAEAU_FindAllMonitorsItem@@0@Z@Z 0000000180028260 f i Monitors.obj
 0001:000273b0       ?clear@?$MArray@U_FindAllMonitorsItem@@@@QEAAXXZ 00000001800283b0 f i Monitors.obj
 0001:00027400       ?addsize@?$MArray@U_FindAllMonitorsItem@@@@QEAAX_J@Z 0000000180028400 f i Monitors.obj
 0001:00027540       ??0MSection@@QEAA@XZ       0000000180028540 f   MSection.obj
 0001:00027630       ??1MSection@@QEAA@XZ       0000000180028630 f   MSection.obj
 0001:00027700       ?Process_Lock@MSection@@IEAAXXZ 0000000180028700 f   MSection.obj
 0001:00027720       ?Process_Unlock@MSection@@IEAAXXZ 0000000180028720 f   MSection.obj
 0001:00027740       ?ThreadTerminated@MSection@@QEAAXK@Z 0000000180028740 f   MSection.obj
 0001:000277b0       ?AddRef@MSection@@IEAAXK@Z 00000001800287b0 f   MSection.obj
 0001:00027900       ?ReleaseRef@MSection@@IEAAHK@Z 0000000180028900 f   MSection.obj
 0001:00027a20       ?WaitUnlocked@MSection@@IEAAXKK@Z 0000000180028a20 f   MSection.obj
 0001:00027af0       ?MyEnterCriticalSection@MSection@@IEAA_NK@Z 0000000180028af0 f   MSection.obj
 0001:00027cc0       ?Lock@MSection@@IEAAHHK@Z  0000000180028cc0 f   MSection.obj
 0001:00027e70       ?Unlock@MSection@@IEAAXH@Z 0000000180028e70 f   MSection.obj
 0001:00027f00       ?isLockedExclusive@MSection@@QEAA_NXZ 0000000180028f00 f   MSection.obj
 0001:00027f70       ??0MSectionThread@@QEAA@PEAVMSection@@@Z 0000000180028f70 f   MSection.obj
 0001:00027fb0       ??1MSectionThread@@QEAA@XZ 0000000180028fb0 f   MSection.obj
 0001:00027ff0       ??0MSectionLock@@QEAA@XZ   0000000180028ff0 f   MSection.obj
 0001:00028020       ??1MSectionLock@@QEAA@XZ   0000000180029020 f   MSection.obj
 0001:00028050       ?Lock@MSectionLock@@QEAAHPEAVMSection@@HK@Z 0000000180029050 f   MSection.obj
 0001:00028120       ?RelockExclusive@MSectionLock@@QEAAHK@Z 0000000180029120 f   MSection.obj
 0001:000281b0       ?Unlock@MSectionLock@@QEAAXXZ 00000001800291b0 f   MSection.obj
 0001:00028200       ?isLocked@MSectionLock@@QEAAHH@Z 0000000180029200 f   MSection.obj
 0001:00028250       ??0MSectionSimple@@QEAA@_N@Z 0000000180029250 f   MSectionSimple.obj
 0001:000282b0       ??1MSectionSimple@@QEAA@XZ 00000001800292b0 f   MSectionSimple.obj
 0001:000282d0       ?IsInitialized@MSectionSimple@@QEAA_NXZ 00000001800292d0 f   MSectionSimple.obj
 0001:00028310       ?Init@MSectionSimple@@QEAAXXZ 0000000180029310 f   MSectionSimple.obj
 0001:00028340       ?Close@MSectionSimple@@QEAAXXZ 0000000180029340 f   MSectionSimple.obj
 0001:00028370       ?Enter@MSectionSimple@@QEAAXXZ 0000000180029370 f   MSectionSimple.obj
 0001:00028390       ?Leave@MSectionSimple@@QEAAXXZ 0000000180029390 f   MSectionSimple.obj
 0001:000283b0       ?TryEnter@MSectionSimple@@QEAA_NXZ 00000001800293b0 f   MSectionSimple.obj
 0001:000283f0       ?RecreateAndLock@MSectionSimple@@QEAA_NXZ 00000001800293f0 f   MSectionSimple.obj
 0001:00028490       ??0MSectionLockSimple@@QEAA@XZ 0000000180029490 f   MSectionSimple.obj
 0001:000284b0       ??1MSectionLockSimple@@QEAA@XZ 00000001800294b0 f   MSectionSimple.obj
 0001:000284e0       ?Lock@MSectionLockSimple@@QEAAHPEAUMSectionSimple@@K@Z 00000001800294e0 f   MSectionSimple.obj
 0001:000285b0       ?Unlock@MSectionLockSimple@@QEAAXXZ 00000001800295b0 f   MSectionSimple.obj
 0001:000285f0       ?isLocked@MSectionLockSimple@@QEAAHXZ 00000001800295f0 f   MSectionSimple.obj
 0001:00028600       ?NullSecurity@@YAPEAU_SECURITY_ATTRIBUTES@@XZ 0000000180029600 f   MSecurity.obj
 0001:00028660       ??0MNullDesc@@QEAA@XZ      0000000180029660 f i MSecurity.obj
 0001:000286e0       ?NullSecurity@MNullDesc@@QEAAPEAU_SECURITY_ATTRIBUTES@@XZ 00000001800296e0 f i MSecurity.obj
 0001:00028820       ?LoadAdvApi@MNullDesc@@IEAAHXZ 0000000180029820 f i MSecurity.obj
 0001:00028ae0       ?UnloadAdvApi@MNullDesc@@IEAAXXZ 0000000180029ae0 f i MSecurity.obj
 0001:00028b20       ?LocalSecurity@@YAPEAU_SECURITY_ATTRIBUTES@@XZ 0000000180029b20 f   MSecurity.obj
 0001:00028b80       ?LocalSecurity@MNullDesc@@QEAAPEAU_SECURITY_ATTRIBUTES@@XZ 0000000180029b80 f i MSecurity.obj
 0001:00028e30       ?ShutdownSecurity@@YAXXZ   0000000180029e30 f   MSecurity.obj
 0001:00028e90       ??_GMNullDesc@@QEAAPEAXI@Z 0000000180029e90 f i MSecurity.obj
 0001:00028ed0       ??1MNullDesc@@QEAA@XZ      0000000180029ed0 f i MSecurity.obj
 0001:00028f60       ??0MSetter@@QEAA@PEAJ@Z    0000000180029f60 f   MSetter.obj
 0001:00028fb0       ??0MSetter@@QEAA@PEA_N@Z   0000000180029fb0 f   MSetter.obj
 0001:00029000       ??0MSetter@@QEAA@PEAKK@Z   000000018002a000 f   MSetter.obj
 0001:00029050       ??1MSetter@@QEAA@XZ        000000018002a050 f   MSetter.obj
 0001:00029070       ?Unlock@MSetter@@QEAAXXZ   000000018002a070 f   MSetter.obj
 0001:00029110       ?msprintf@@YAPEB_WPEA_W_KPEB_WZZ 000000018002a110 f   MStrSafe.obj
 0001:00029ad0       ?msprintf@@YAPEBDPEAD_KPEBDZZ 000000018002aad0 f   MStrSafe.obj
 0001:0002a210       ?lstrcmpni@@YAHPEBD0H@Z    000000018002b210 f   MStrSafe.obj
 0001:0002a380       ?lstrcmpni@@YAHPEB_W0H@Z   000000018002b380 f   MStrSafe.obj
 0001:0002a530       ?startswith@@YAHPEB_W0_N@Z 000000018002b530 f   MStrSafe.obj
 0001:0002a5e0       ??0CPluginBackground@@QEAA@XZ 000000018002b5e0 f   PluginBackground.obj
 0001:0002a890       ??1CPluginBackground@@QEAA@XZ 000000018002b890 f   PluginBackground.obj
 0001:0002ab40       ?RegisterSubplugin@CPluginBackground@@QEAAHPEAURegisterBackgroundArg@@@Z 000000018002bb40 f   PluginBackground.obj
 0001:0002b0b0       ?ReallocItems@CPluginBackground@@IEAAXH@Z 000000018002c0b0 f   PluginBackground.obj
 0001:0002b150       ?OnMainThreadActivated@CPluginBackground@@QEAAXHH@Z 000000018002c150 f   PluginBackground.obj
 0001:0002b2c0       ?SetForceCheck@CPluginBackground@@QEAAXXZ 000000018002c2c0 f   PluginBackground.obj
 0001:0002b2f0       ?SetForceUpdate@CPluginBackground@@QEAAX_N@Z 000000018002c2f0 f   PluginBackground.obj
 0001:0002b330       ?SetForceThLoad@CPluginBackground@@QEAAXXZ 000000018002c330 f   PluginBackground.obj
 0001:0002b370       ?IsParmChanged@CPluginBackground@@IEAA_NPEAUPaintBackgroundArg@@0@Z 000000018002c370 f   PluginBackground.obj
 0001:0002b6c0       ?CheckPanelFolders@CPluginBackground@@IEAAXH@Z 000000018002c6c0 f   PluginBackground.obj
 0001:0002b7f0       ?SetDcPanelRect@CPluginBackground@@IEAAXPEAUtagRECT@@PEAUBkPanelInfo@@PEAUPaintBackgroundArg@@@Z 000000018002c7f0 f   PluginBackground.obj
 0001:0002b990       ?UpdateBackground_Exec@CPluginBackground@@KAXPEAURegisterBackgroundArg@@PEAUPaintBackgroundArg@@@Z 000000018002c990 f   PluginBackground.obj
 0001:0002b9f0       ?UpdateBackground@CPluginBackground@@IEAAXXZ 000000018002c9f0 f   PluginBackground.obj
 0001:0002cac0       ?LoadThSet@CPluginBackground@@IEAAHH@Z 000000018002dac0 f   PluginBackground.obj
 0001:0002cd30       ?MonitorBackground@CPluginBackground@@QEAAXXZ 000000018002dd30 f   PluginBackground.obj
 0001:0002ce10       ?GetTo@?$MFileMapping@UPanelViewSetMapping@@@@QEAA_NPEAUPanelViewSetMapping@@H@Z 000000018002de10 f i PluginBackground.obj
 0001:0002ce70       ?InitName@?$MFileMapping@UPanelViewSetMapping@@@@QEAAPEB_WPEB_WKK@Z 000000018002de70 f i PluginBackground.obj
 0001:0002ced0       ?CloseMap@?$MFileMapping@UPanelViewSetMapping@@@@QEAAXXZ 000000018002ded0 f i PluginBackground.obj
 0001:0002cf60       ?Open@?$MFileMapping@UPanelViewSetMapping@@@@QEAAPEAUPanelViewSetMapping@@HH@Z 000000018002df60 f i PluginBackground.obj
 0001:0002cf90       ??0?$MFileMapping@UPanelViewSetMapping@@@@QEAA@XZ 000000018002df90 f i PluginBackground.obj
 0001:0002d000       ??1?$MFileMapping@UPanelViewSetMapping@@@@QEAA@XZ 000000018002e000 f i PluginBackground.obj
 0001:0002d030       ?IsValid@?$MFileMapping@UPanelViewSetMapping@@@@QEAA_NXZ 000000018002e030 f i PluginBackground.obj
 0001:0002d060       ?ClosePtr@?$MFileMapping@UPanelViewSetMapping@@@@QEAAXXZ 000000018002e060 f i PluginBackground.obj
 0001:0002d0a0       ?InternalOpenCreate@?$MFileMapping@UPanelViewSetMapping@@@@IEAAPEAUPanelViewSetMapping@@HHH@Z 000000018002e0a0 f i PluginBackground.obj
 0001:0002d480       ?PlugServerInit@@YAXXZ     000000018002e480 f   PluginSrv.obj
 0001:0002d490       ?PlugServerStart@@YA_NXZ   000000018002e490 f   PluginSrv.obj
 0001:0002d5d0       ?PlugServerStop@@YAX_N@Z   000000018002e5d0 f   PluginSrv.obj
 0001:0002d630       ?cmd_FarSetChanged@@YAXPEAUFAR_REQ_FARSETCHANGED@@@Z 000000018002e630 f   PluginSrv.obj
 0001:0002d6b0       ?PlugServerCommand@@YAHPEAXPEAUCESERVER_REQ@@AEAPEAU1@AEAK3_J@Z 000000018002e6b0 f   PluginSrv.obj
 0001:0002e0e0       ?PlugServerFree@@YAXPEAUCESERVER_REQ@@_J@Z 000000018002f0e0 f   PluginSrv.obj
 0001:0002e100       ?SetOverlapped@?$PipeServer@UCESERVER_REQ@@@@QEAAX_N@Z 000000018002f100 f i PluginSrv.obj
 0001:0002e120       ?SetLoopCommands@?$PipeServer@UCESERVER_REQ@@@@QEAAX_N@Z 000000018002f120 f i PluginSrv.obj
 0001:0002e140       ?SetDummyAnswerSize@?$PipeServer@UCESERVER_REQ@@@@QEAAXH@Z 000000018002f140 f i PluginSrv.obj
 0001:0002e160       ?SetMaxCount@?$PipeServer@UCESERVER_REQ@@@@QEAAXH@Z 000000018002f160 f i PluginSrv.obj
 0001:0002e1b0       ?StartPipeServer@?$PipeServer@UCESERVER_REQ@@@@QEAA_N_NPEB_W_JPEAU_SECURITY_ATTRIBUTES@@P6AHPEAXPEAUCESERVER_REQ@@AEAPEAU3@AEAK72@ZP6AX52@ZP6AH42@ZP6AH42@ZP6AH42@Z@Z 000000018002f1b0 f i PluginSrv.obj
 0001:0002e420       ?StopPipeServer@?$PipeServer@UCESERVER_REQ@@@@QEAAX_NAEA_N@Z 000000018002f420 f i PluginSrv.obj
 0001:0002ed50       ?BreakConnection@?$PipeServer@UCESERVER_REQ@@@@QEAAXPEAX@Z 000000018002fd50 f i PluginSrv.obj
 0001:0002ed80       ?DumpError@?$PipeServer@UCESERVER_REQ@@@@IEAAXPEAUPipeInst@1@PEB_WH@Z 000000018002fd80 f i PluginSrv.obj
 0001:0002eec0       ?_Disconnect@?$PipeServer@UCESERVER_REQ@@@@IEAAXPEAUPipeInst@1@_N11@Z 000000018002fec0 f i PluginSrv.obj
 0001:0002ef70       ?StartPipeInstance@?$PipeServer@UCESERVER_REQ@@@@IEAA_NPEAUPipeInst@1@@Z 000000018002ff70 f i PluginSrv.obj
 0001:0002f1e0       ?TerminatePipeThread@?$PipeServer@UCESERVER_REQ@@@@KAXAEAPEAXAEBUPipeInst@1@AEA_N@Z 00000001800301e0 f i PluginSrv.obj
 0001:0002f2a0       ?_PipeServerThread@?$PipeServer@UCESERVER_REQ@@@@KAKPEAX@Z 00000001800302a0 f i PluginSrv.obj
 0001:0002f340       ?PipeServerThread@?$PipeServer@UCESERVER_REQ@@@@IEAAKPEAUPipeInst@1@@Z 0000000180030340 f i PluginSrv.obj
 0001:0002f890       ?PipeServerRead@?$PipeServer@UCESERVER_REQ@@@@IEAAHPEAUPipeInst@1@@Z 0000000180030890 f i PluginSrv.obj
 0001:0002fd00       ?PipeServerWrite@?$PipeServer@UCESERVER_REQ@@@@IEAAHPEAUPipeInst@1@PEBXKPEAKH@Z 0000000180030d00 f i PluginSrv.obj
 0001:0002ff40       ?WaitForClient@?$PipeServer@UCESERVER_REQ@@@@IEAA_NPEAUPipeInst@1@AEAH1@Z 0000000180030f40 f i PluginSrv.obj
 0001:00030550       ?WriteDummyAnswer@?$PipeServer@UCESERVER_REQ@@@@IEAAHPEAUPipeInst@1@@Z 0000000180031550 f i PluginSrv.obj
 0001:000305f0       ?WaitOverlapped@?$PipeServer@UCESERVER_REQ@@@@IEAAHPEAUPipeInst@1@PEAK@Z 00000001800315f0 f i PluginSrv.obj
 0001:000308e0       ?AllocRequestBuf@PipeInst@?$PipeServer@UCESERVER_REQ@@@@QEAAPEAUCESERVER_REQ@@K@Z 00000001800318e0 f i PluginSrv.obj
 0001:00030980       ??$wcscpy_c@$0BAE@@@YAHAEAY0BAE@_WPEB_W@Z 0000000180031980 f i PluginSrv.obj
 0001:00030ae0       ?SetConEmuEnvHWND@@YAXPEB_WPEAUHWND__@@@Z 0000000180031ae0 f   SetEnvVar.obj
 0001:00030b40       ?SetConEmuEnvVar@@YAXPEAUHWND__@@@Z 0000000180031b40 f   SetEnvVar.obj
 0001:00030bc0       ?SetConEmuEnvVarChild@@YAXPEAUHWND__@@0@Z 0000000180031bc0 f   SetEnvVar.obj
 0001:00030c00       ?SetConEmuWorkEnvVar@@YAXPEAUHINSTANCE__@@@Z 0000000180031c00 f   SetEnvVar.obj
 0001:00030dd0       ??0CEnvStrings@@QEAA@PEA_W@Z 0000000180031dd0 f   SetEnvVar.obj
 0001:00030e90       ??1CEnvStrings@@QEAA@XZ    0000000180031e90 f   SetEnvVar.obj
 0001:00030ed0       ?ShutdownConsole@@YAXXZ    0000000180031ed0 f   WConsole.obj
 0001:00030f20       ?SetConsoleInfo@@YAHPEAUHWND__@@PEAU_CONSOLE_INFO@@@Z 0000000180031f20 f   WConsole.obj
 0001:00031250       ?GetConsoleSizeInfo@@YAXPEAU_CONSOLE_INFO@@@Z 0000000180032250 f   WConsole.obj
 0001:00031320       ?apiGetConsoleScreenBufferInfoEx@@YAHPEAXPEAUMY_CONSOLE_SCREEN_BUFFER_INFOEX@@@Z 0000000180032320 f   WConsole.obj
 0001:000313a0       ?apiSetConsoleScreenBufferInfoEx@@YAHPEAXPEAUMY_CONSOLE_SCREEN_BUFFER_INFOEX@@@Z 00000001800323a0 f   WConsole.obj
 0001:00031440       ?apiGetCurrentConsoleFontEx@@YAHPEAXHPEAUMY_CONSOLE_FONT_INFOEX@@@Z 0000000180032440 f   WConsole.obj
 0001:000314d0       ?apiSetCurrentConsoleFontEx@@YAHPEAXHPEAUMY_CONSOLE_FONT_INFOEX@@@Z 00000001800324d0 f   WConsole.obj
 0001:00031560       ?apiInitConsoleFontSize@@YAHPEAX@Z 0000000180032560 f   WConsole.obj
 0001:00031600       ?apiGetConsoleFontSize@@YAHPEAXAEAH1AEAY0CA@_W@Z 0000000180032600 f   WConsole.obj
 0001:000316d0       ?apiSetConsoleFontSize@@YAHPEAXHHPEB_W@Z 00000001800326d0 f   WConsole.obj
 0001:00031840       ?apiFixFontSizeForBufferSize@@YAHPEAXU_COORD@@PEADH@Z 0000000180032840 f   WConsole.obj
 0001:00031f20       ?SetConsoleFontSizeTo@@YAXPEAUHWND__@@HHPEB_WGG@Z 0000000180032f20 f   WConsole.obj
 0001:00032520       ?apiPauseConsoleOutput@@YAHPEAUHWND__@@_N@Z 0000000180033520 f   WConsole.obj
 0001:00032680       ?apiGetConsoleSelectionInfo@@YAHPEAU_CONSOLE_SELECTION_INFO@@@Z 0000000180033680 f   WConsole.obj
 0001:000327a0       ?MyGetLargestConsoleWindowSize@@YA?AU_COORD@@PEAX@Z 00000001800337a0 f   WConsole.obj
 0001:00032830       ?SearchAppPaths@@YA_NPEB_WAEAUCEStr@@_NPEAU1@@Z 0000000180033830 f   WFiles.obj
 0001:00032ed0       ?GetFullPathNameEx@@YAPEA_WPEB_W@Z 0000000180033ed0 f   WFiles.obj
 0001:00032fe0       ?FindFileName@@YA_NPEB_WAEAUCEStr@@@Z 0000000180033fe0 f   WFiles.obj
 0001:00033230       ?MakePathProperCase@@YA_NAEAUCEStr@@@Z 0000000180034230 f   WFiles.obj
 0001:00033560       ?ReadTextFile@@YAHPEB_WKAEAPEA_WAEAK2K@Z 0000000180034560 f   WFiles.obj
 0001:00033b90       ?WriteTextFile@@YAHPEB_W0HK_NPEAK@Z 0000000180034b90 f   WFiles.obj
 0001:00033f50       ?FilesExists@@YA_NPEB_W0_NH@Z 0000000180034f50 f   WFiles.obj
 0001:000340f0       ?IsDotsName@@YA_NPEB_W@Z   00000001800350f0 f   WFiles.obj
 0001:00034150       ?FileExistSubDir@@YA_NPEB_W0HAEAUCEStr@@@Z 0000000180035150 f   WFiles.obj
 0001:00034390       ?DirectoryExists@@YA_NPEB_W@Z 0000000180035390 f   WFiles.obj
 0001:00034530       ?MyCreateDirectory@@YA_NPEA_W@Z 0000000180035530 f   WFiles.obj
 0001:00034680       ?FileCompare@@YA_NPEB_W0@Z 0000000180035680 f   WFiles.obj
 0001:00034970       ?apiCancelSynchronousIo@@YAHPEAX@Z 0000000180035970 f   WFiles.obj
 0001:00034a30       ?HasZoneIdentifier@@YA_NPEB_WAEAH@Z 0000000180035a30 f   WFiles.obj
 0001:00034b60       ?DropZoneIdentifier@@YA_NPEB_WAEAK@Z 0000000180035b60 f   WFiles.obj
 0001:00034c70       ?IsModuleValid@@YA_NPEAUHINSTANCE__@@H@Z 0000000180035c70 f   WModuleCheck.obj
 0001:00034e10       ?CheckCallbackPtr@@YA_NPEAUHINSTANCE__@@_KPEAP6A_JXZHHH@Z 0000000180035e10 f   WModuleCheck.obj
 0001:00035000       ?getWindowInfo@@YAXPEAUHWND__@@AEAY0EAA@_W_NPEAK@Z 0000000180036000 f   WObjects.obj
 0001:00035210       ?FileExists@@YA_NPEB_WPEAK@Z 0000000180036210 f   WObjects.obj
 0001:00035430       ?apiSearchPath@@YAHPEB_W00AEAUCEStr@@@Z 0000000180036430 f   WObjects.obj
 0001:000355f0       ?apiGetFullPathName@@YAHPEB_WAEAUCEStr@@@Z 00000001800365f0 f   WObjects.obj
 0001:00035770       ?FileSearchInDir@@YA_NPEB_WAEAUCEStr@@@Z 0000000180036770 f   WObjects.obj
 0001:00035990       ?FileExistsSearch@@YA_NPEB_WAEAUCEStr@@_N2@Z 0000000180036990 f   WObjects.obj
 0001:00035ad0       ?GetShortFileName@@YA_NPEB_WHPEA_WH@Z 0000000180036ad0 f   WObjects.obj
 0001:00035d50       ?GetShortFileNameEx@@YAPEA_WPEB_WH@Z 0000000180036d50 f   WObjects.obj
 0001:00036290       ?GetModulePathName@@YAKPEAUHINSTANCE__@@AEAUCEStr@@@Z 0000000180037290 f   WObjects.obj
 0001:00036360       ?IsWine@@YA_NXZ            0000000180037360 f   WObjects.obj
 0001:000364f0       ?IsWinPE@@YA_NXZ           00000001800374f0 f   WObjects.obj
 0001:000365a0       ?GetOsVersionInformational@@YA_NPEAU_OSVERSIONINFOW@@@Z 00000001800375a0 f   WObjects.obj
 0001:000365e0       ?IsWinVerOrHigher@@YA_NG@Z 00000001800375e0 f   WObjects.obj
 0001:000366b0       ?IsWinVerEqual@@YA_NG@Z    00000001800376b0 f   WObjects.obj
 0001:00036780       ?IsWin2kEql@@YA_NXZ        0000000180037780 f   WObjects.obj
 0001:000367e0       ?IsWin5family@@YA_NXZ      00000001800377e0 f   WObjects.obj
 0001:000368a0       ?IsWinXPSP1@@YA_NXZ        00000001800378a0 f   WObjects.obj
 0001:00036990       ?IsWin6@@YA_NXZ            0000000180037990 f   WObjects.obj
 0001:000369f0       ?IsWin7@@YA_NXZ            00000001800379f0 f   WObjects.obj
 0001:00036a50       ?IsWin8@@YA_NXZ            0000000180037a50 f   WObjects.obj
 0001:00036ab0       ?IsWin8_1@@YA_NXZ          0000000180037ab0 f   WObjects.obj
 0001:00036b10       ?IsWin10@@YA_NXZ           0000000180037b10 f   WObjects.obj
 0001:00036bf0       ?IsDbcs@@YA_NXZ            0000000180037bf0 f   WObjects.obj
 0001:00036c30       ?IsWindows64@@YA_NXZ       0000000180037c30 f   WObjects.obj
 0001:00036c60       ?IsHwFullScreenAvailable@@YA_NXZ 0000000180037c60 f   WObjects.obj
 0001:00036cf0       ?IsVsNetHostExe@@YA_NPEB_W@Z 0000000180037cf0 f   WObjects.obj
 0001:00036d90       ?IsGDB@@YA_NPEB_W@Z        0000000180037d90 f   WObjects.obj
 0001:00036e00       ?GetProcessBits@@YAHKPEAX@Z 0000000180037e00 f   WObjects.obj
 0001:00036f50       ?GetProcessInfo@@YA_NKPEAUtagPROCESSENTRY32W@@@Z 0000000180037f50 f   WObjects.obj
 0001:00037040       ?isTerminalMode@@YA_NXZ    0000000180038040 f   WObjects.obj
 0001:00037390       ?ExpandMacroValues@@YAPEA_WPEB_WPEAPEB_W_K@Z 0000000180038390 f   WObjects.obj
 0001:000375e0       ?ExpandEnvStr@@YAPEA_WPEB_W@Z 00000001800385e0 f   WObjects.obj
 0001:000376f0       ?GetEnvVar@@YAPEA_WPEB_W@Z 00000001800386f0 f   WObjects.obj
 0001:000377e0       ?GetComspecFromEnvVar@@YAPEB_WPEA_WKW4ComSpecBits@@@Z 00000001800387e0 f   WObjects.obj
 0001:00037b40       ?GetComspec@@YAPEA_WPEBUConEmuComspec@@@Z 0000000180038b40 f   WObjects.obj
 0001:00037e00       ?IsExportEnvVarAllowed@@YA_NPEB_W@Z 0000000180038e00 f   WObjects.obj
 0001:00037e80       ?ApplyExportEnvVar@@YAXPEB_W@Z 0000000180038e80 f   WObjects.obj
 0001:00037f40       ?CoordInSmallRect@@YA_NAEBU_COORD@@AEBU_SMALL_RECT@@@Z 0000000180038f40 f   WObjects.obj
 0001:00037fc0       ?GetCpFromString@@YAIPEB_WPEAPEB_W@Z 0000000180038fc0 f   WObjects.obj
 0001:00038220       ??$wcscpy_c@$0EAA@@@YAHAEAY0EAA@_WPEB_W@Z 0000000180039220 f i WObjects.obj
 0001:00038250       ??$wcscpy_c@$0BAA@@@YAHAEAY0BAA@_WPEB_W@Z 0000000180039250 f i WObjects.obj
 0001:00038280       ?apiThreadHelper@@YAKPEAX@Z 0000000180039280 f   WThreads.obj
 0001:00038470       ?apiCreateThread@@YAPEAXP6AKPEAX@Z0PEAKPEBDH@Z 0000000180039470 f   WThreads.obj
 0001:00038670       ??0ConEmuThreadStartArg@@QEAA@P6AKPEAX@Z0K@Z 0000000180039670 f i WThreads.obj
 0001:000386d0       ?apiTerminateThreadEx@@YAHPEAXKPEBDH@Z 00000001800396d0 f   WThreads.obj
 0001:00038860       ?SetThreadName@@YAXKPEAD@Z 0000000180039860 f   WThreads.obj
 0001:000388c0       ?apiSetForegroundWindow@@YA_NPEAUHWND__@@@Z 00000001800398c0 f   WUser.obj
 0001:00038900       ?apiShowWindow@@YA_NPEAUHWND__@@H@Z 0000000180039900 f   WUser.obj
 0001:00038940       ?apiShowWindowAsync@@YA_NPEAUHWND__@@H@Z 0000000180039940 f   WUser.obj
 0001:00038980       ?IsUserAdmin@@YA_NXZ       0000000180039980 f   WUser.obj
 0001:00038ae0       ?GetLogonSID@@YA_NPEAXPEAPEA_W@Z 0000000180039ae0 f   WUser.obj
 0001:00038c40       ?DuplicateProcessHandle@@YAPEAXK@Z 0000000180039c40 f   WUser.obj
 0001:00038cd0       ?FindComspec@@YAXPEAUConEmuComspec@@_N@Z 0000000180039cd0 f   WUser.obj
 0001:000398c0       ?UpdateComspec@@YAXPEAUConEmuComspec@@_N@Z 000000018003a8c0 f   WUser.obj
 0001:00039d00       ?SetEnvVarExpanded@@YAXPEB_W0@Z 000000018003ad00 f   WUser.obj
 0001:00039f4c       lstrlenW                   000000018003af4c f   kernel32:KERNEL32.dll
 0001:00039f52       SetEnvironmentVariableW    000000018003af52 f   kernel32:KERNEL32.dll
 0001:00039f58       lstrcpynW                  000000018003af58 f   kernel32:KERNEL32.dll
 0001:00039f5e       lstrcmpiW                  000000018003af5e f   kernel32:KERNEL32.dll
 0001:00039f64       lstrcmpW                   000000018003af64 f   kernel32:KERNEL32.dll
 0001:00039f6a       GetCurrentDirectoryW       000000018003af6a f   kernel32:KERNEL32.dll
 0001:00039f70       GetProcAddress             000000018003af70 f   kernel32:KERNEL32.dll
 0001:00039f76       GetModuleHandleW           000000018003af76 f   kernel32:KERNEL32.dll
 0001:00039f7c       GetModuleFileNameW         000000018003af7c f   kernel32:KERNEL32.dll
 0001:00039f82       SetNamedPipeHandleState    000000018003af82 f   kernel32:KERNEL32.dll
 0001:00039f88       GetCurrentProcessId        000000018003af88 f   kernel32:KERNEL32.dll
 0001:00039f8e       Sleep                      000000018003af8e f   kernel32:KERNEL32.dll
 0001:00039f94       SetLastError               000000018003af94 f   kernel32:KERNEL32.dll
 0001:00039f9a       WaitNamedPipeW             000000018003af9a f   kernel32:KERNEL32.dll
 0001:00039fa0       WaitForSingleObject        000000018003afa0 f   kernel32:KERNEL32.dll
 0001:00039fa6       GetLastError               000000018003afa6 f   kernel32:KERNEL32.dll
 0001:00039fac       CreateFileW                000000018003afac f   kernel32:KERNEL32.dll
 0001:00039fb2       GetTickCount               000000018003afb2 f   kernel32:KERNEL32.dll
 0001:00039fb8       IsDebuggerPresent          000000018003afb8 f   kernel32:KERNEL32.dll
 0001:00039fbe       GetCurrentThreadId         000000018003afbe f   kernel32:KERNEL32.dll
 0001:00039fc4       ReadFile                   000000018003afc4 f   kernel32:KERNEL32.dll
 0001:00039fca       CloseHandle                000000018003afca f   kernel32:KERNEL32.dll
 0001:00039fd0       TransactNamedPipe          000000018003afd0 f   kernel32:KERNEL32.dll
 0001:00039fd6       WriteFile                  000000018003afd6 f   kernel32:KERNEL32.dll
 0001:00039fdc       GetConsoleWindow           000000018003afdc f   kernel32:KERNEL32.dll
 0001:00039fe2       UnmapViewOfFile            000000018003afe2 f   kernel32:KERNEL32.dll
 0001:00039fe8       MapViewOfFile              000000018003afe8 f   kernel32:KERNEL32.dll
 0001:00039fee       OpenFileMappingW           000000018003afee f   kernel32:KERNEL32.dll
 0001:00039ff4       LoadLibraryW               000000018003aff4 f   kernel32:KERNEL32.dll
 0001:00039ffa       CreateFileMappingW         000000018003affa f   kernel32:KERNEL32.dll
 0001:0003a000       VirtualProtect             000000018003b000 f   kernel32:KERNEL32.dll
 0001:0003a006       lstrcpyW                   000000018003b006 f   kernel32:KERNEL32.dll
 0001:0003a00c       MultiByteToWideChar        000000018003b00c f   kernel32:KERNEL32.dll
 0001:0003a012       lstrcpynA                  000000018003b012 f   kernel32:KERNEL32.dll
 0001:0003a018       lstrlenA                   000000018003b018 f   kernel32:KERNEL32.dll
 0001:0003a01e       WideCharToMultiByte        000000018003b01e f   kernel32:KERNEL32.dll
 0001:0003a024       lstrcpyA                   000000018003b024 f   kernel32:KERNEL32.dll
 0001:0003a02a       Module32NextW              000000018003b02a f   kernel32:KERNEL32.dll
 0001:0003a030       Module32FirstW             000000018003b030 f   kernel32:KERNEL32.dll
 0001:0003a036       CreateToolhelp32Snapshot   000000018003b036 f   kernel32:KERNEL32.dll
 0001:0003a03c       GetConsoleCursorInfo       000000018003b03c f   kernel32:KERNEL32.dll
 0001:0003a042       GetConsoleScreenBufferInfo 000000018003b042 f   kernel32:KERNEL32.dll
 0001:0003a048       GetStdHandle               000000018003b048 f   kernel32:KERNEL32.dll
 0001:0003a04e       GetConsoleTitleW           000000018003b04e f   kernel32:KERNEL32.dll
 0001:0003a054       DeleteFileW                000000018003b054 f   kernel32:KERNEL32.dll
 0001:0003a05a       Thread32Next               000000018003b05a f   kernel32:KERNEL32.dll
 0001:0003a060       Thread32First              000000018003b060 f   kernel32:KERNEL32.dll
 0001:0003a066       GetConsoleMode             000000018003b066 f   kernel32:KERNEL32.dll
 0001:0003a06c       GetExitCodeProcess         000000018003b06c f   kernel32:KERNEL32.dll
 0001:0003a072       CreateProcessW             000000018003b072 f   kernel32:KERNEL32.dll
 0001:0003a078       SetConsoleMode             000000018003b078 f   kernel32:KERNEL32.dll
 0001:0003a07e       GetEnvironmentStringsW     000000018003b07e f   kernel32:KERNEL32.dll
 0001:0003a084       lstrcatW                   000000018003b084 f   kernel32:KERNEL32.dll
[...]
 0003:00003150       ?ghConsoleInputEmpty@@3PEAXEA 000000018005a150     ConEmuPluginBase.obj
 0003:00003158       ?ghConsoleWrite@@3PEAXEA   000000018005a158     ConEmuPluginBase.obj
 0003:00003160       ?gbSynchroProhibited@@3_NA 000000018005a160     ConEmuPluginBase.obj
 0003:00003161       ?gbInputSynchroPending@@3_NA 000000018005a161     ConEmuPluginBase.obj
 0003:00003178       ?hkFunc@@3UHkFunc@@A       000000018005a178     HkFunc.obj
 0003:00003180       ?AssertMsgBox@@3P6AHPEB_WI0PEAUHWND__@@_N@ZEA 000000018005a180     MAssert.obj
 0003:00003188       ?ghHeap@@3PEAXEA           000000018005a188     Memory.obj
 0003:00003190       ?gNullDesc@@3PEAVMNullDesc@@EA 000000018005a190     MSecurity.obj
 0003:00003198       ?gbNeedBgActivate@@3HA     000000018005a198     PluginBackground.obj
 0003:0000319c       ?gbBgPluginsAllowed@@3HA   000000018005a19c     PluginBackground.obj
 0003:000031a0       ?gpBgPlugin@@3PEAVCPluginBackground@@EA 000000018005a1a0     PluginBackground.obj
 0003:000031b0       ?gszPluginServerPipe@@3PA_WA 000000018005a1b0     PluginSrv.obj
 0003:000033b8       ?gpPlugServer@@3PEAU?$PipeServer@UCESERVER_REQ@@@@EA 000000018005a3b8     PluginSrv.obj
 0003:000033c0       ?ghServerTerminateEvent@@3PEAXEA 000000018005a3c0     PluginSrv.obj
 0003:000033c8       ?gbForcedServerTermination@@3_NA 000000018005a3c8     PluginSrv.obj
 0003:000033d0       ?gpConsoleInfoStr@@3PEAU_CONSOLE_INFO@@EA 000000018005a3d0     WConsole.obj
 0003:000033d8       ?ghConsoleSection@@3PEAXEA 000000018005a3d8     WConsole.obj
 0003:000033e0       ?g_LastSetConsoleFont@@3UMY_CONSOLE_FONT_INFOEX@@A 000000018005a3e0     WConsole.obj
 0003:000034d0       ?gfnSearchAppPaths@@3P6A_NPEB_WAEAUCEStr@@_NPEAU1@@ZEA 000000018005a4d0     WObjects.obj
 0003:0000bd20       ?g_ThreadsIdx@@3JA         0000000180062d20     WThreads.obj
 0003:0000bd2c       __error_mode               0000000180062d2c     LIBCMT:dllcrt0.obj
 0003:0000bd30       _aenvptr                   0000000180062d30     LIBCMT:dllcrt0.obj
 0003:0000bd38       _wenvptr                   0000000180062d38     LIBCMT:dllcrt0.obj
 0003:0000bd40       __app_type                 0000000180062d40     LIBCMT:dllcrt0.obj
 0003:0000c070       __pPurecall                0000000180063070     LIBCMT:inithelp.obj
 0003:0000c080       __mbulinfo                 0000000180063080     LIBCMT:mbctype.obj
 0003:0000c08c       __mbcodepage               000000018006308c     LIBCMT:mbctype.obj
 0003:0000c090       __ismbcodepage             0000000180063090     LIBCMT:mbctype.obj
 0003:0000c094       __mblcid                   0000000180063094     LIBCMT:mbctype.obj
 0003:0000c098       __locale_changed           0000000180063098     LIBCMT:setlocal.obj
 0003:0000c0a0       __lc_handle                00000001800630a0     LIBCMT:nlsdata2.obj
 0003:0000c0b8       __lc_codepage              00000001800630b8     LIBCMT:nlsdata2.obj
 0003:0000c0bc       __lc_collate_cp            00000001800630bc     LIBCMT:nlsdata2.obj
 0003:0000c0c0       __pInvalidArgHandler       00000001800630c0     LIBCMT:invarg.obj
 0003:0000c0c8       _maxwait                   00000001800630c8     LIBCMT:crtheap.obj
 0003:0000c0d0       _umaskval                  00000001800630d0     LIBCMT:crt0dat.obj
 0003:0000c0d4       __argc                     00000001800630d4     LIBCMT:crt0dat.obj
 0003:0000c0d8       __argv                     00000001800630d8     LIBCMT:crt0dat.obj
 0003:0000c0e0       __wargv                    00000001800630e0     LIBCMT:crt0dat.obj
 0003:0000c0e8       _environ                   00000001800630e8     LIBCMT:crt0dat.obj
 0003:0000c0f0       __initenv                  00000001800630f0     LIBCMT:crt0dat.obj
 0003:0000c0f8       _wenviron                  00000001800630f8     LIBCMT:crt0dat.obj
 0003:0000c100       __winitenv                 0000000180063100     LIBCMT:crt0dat.obj
 0003:0000c108       _pgmptr                    0000000180063108     LIBCMT:crt0dat.obj
 0003:0000c110       _wpgmptr                   0000000180063110     LIBCMT:crt0dat.obj
 0003:0000c118       _exitflag                  0000000180063118     LIBCMT:crt0dat.obj
 0003:0000c11c       _C_Termination_Done        000000018006311c     LIBCMT:crt0dat.obj
 0003:0000c120       _C_Exit_Done               0000000180063120     LIBCMT:crt0dat.obj
 0003:0000c240       _crtheap                   0000000180063240     LIBCMT:heapinit.obj
 0003:0000c4dc       __lconv_static_null        00000001800634dc     LIBCMT:lconv.obj
 0003:0000c4e0       ?__pInconsistency@@3P6AXXZEA 00000001800634e0     LIBCMT:hooks.obj
 0003:0000c4f8       ?_pnhHeap@@3P6AH_K@ZEA     00000001800634f8     LIBCMT:handler.obj
 0003:0000cb2c       _newmode                   0000000180063b2c     LIBCMT:_newmode.obj
 0003:0000cb34       _debugger_hook_dummy       0000000180063b34     <common>
 0003:0000cb38       _nhandle                   0000000180063b38     <common>
 0003:0000cb40       __pioinfo                  0000000180063b40     <common>
 0003:0000cd40       __env_initialized          0000000180063d40     <common>
 0003:0000cd48       __onexitend                0000000180063d48     <common>
 0003:0000cd50       __onexitbegin              0000000180063d50     <common>
 0003:0000cd58       __mbctype_initialized      0000000180063d58     <common>
 0003:0000cd60       _FPinit                    0000000180063d60     <common>
 0003:0000cd68       __dyn_tls_init_callback    0000000180063d68     <common>
 0003:0000cd70       __setlc_active             0000000180063d70     <common>
 0003:0000cd74       __unguarded_readlc_active  0000000180063d74     <common>
 0003:0000cd78       _acmdln                    0000000180063d78     <common>
 0003:0000cd80       _pDestructExceptionObject  0000000180063d80     <common>

 entry point at        0001:0003b37c

 Static symbols

 0001:00000750       ?StringValidateDestW@@YAJPEB_W_K_K@Z 0000000180001750 f   CEStr.obj
 0001:00000790       ?StringCopyWorkerW@@YAJPEA_W_KPEA_KPEB_W1@Z 0000000180001790 f   CEStr.obj
 0001:000050d0       ?StringValidateDestW@@YAJPEB_W_K_K@Z 00000001800060d0 f   ConEmuCheck.obj
 0001:00005110       ?StringCopyWorkerW@@YAJPEA_W_KPEA_KPEB_W1@Z 0000000180006110 f   ConEmuCheck.obj
 0001:00007320       ?StringValidateDestW@@YAJPEB_W_K_K@Z 0000000180008320 f   ConEmuCheckEx.obj
 0001:00007360       ?StringCopyWorkerW@@YAJPEA_W_KPEA_KPEB_W1@Z 0000000180008360 f   ConEmuCheckEx.obj
 0001:00007570       ?StringValidateDestAndLengthW@@YAJPEB_W_KPEA_K_K@Z 0000000180008570 f   ConEmuCheckEx.obj
 0001:000075e0       ?StringLengthWorkerW@@YAJPEB_W_KPEA_K@Z 00000001800085e0 f   ConEmuCheckEx.obj
 0001:00007e40       ?StringValidateDestW@@YAJPEB_W_K_K@Z 0000000180008e40 f   ConEmuInjects.obj
 0001:00007e80       ?StringCopyWorkerW@@YAJPEA_W_KPEA_KPEB_W1@Z 0000000180008e80 f   ConEmuInjects.obj
 0001:00008c20       ?ChangeExports@@YA_NPEBUExportFunc@@PEAUHINSTANCE__@@@Z 0000000180009c20 f   ConEmuPlugin.obj
 0001:0000c9d0       ?GetFarSetting@@YAHPEAX_KPEB_W@Z 000000018000d9d0 f   ConEmuPlugin1900.obj
 0001:0000cd40       ?CallGuiMacroProc@@YAXXZ   000000018000dd40 f   ConEmuPlugin1900.obj
 0001:0000d190       ?CallGuiMacroDlg@@YA_JPEAXHH0@Z 000000018000e190 f   ConEmuPlugin1900.obj
 0001:0000d890       ?MAKEFARVERSION@@YA?AUVersionInfo@@KKKKW4VERSION_STAGE@@@Z 000000018000e890 f   ConEmuPlugin2800.obj
 0001:0000f5d0       ?WExists@@YA_JAEBUWindowInfo@@AEBV?$MArray@UWindowInfo@@@@@Z 00000001800105d0 f   ConEmuPlugin2800.obj
 0001:00010b60       ?GetFarSetting@@YAHPEAX_KPEB_W@Z 0000000180011b60 f   ConEmuPlugin2800.obj
 0001:00010ef0       ?CallGuiMacroProc@@YAXXZ   0000000180011ef0 f   ConEmuPlugin2800.obj
 0001:00011330       ?CallGuiMacroDlg@@YA_JPEAX_J10@Z 0000000180012330 f   ConEmuPlugin2800.obj
 0001:00011950       ?FreeMacroResult@@YAXPEAXPEAUFarMacroValue@@_K@Z 0000000180012950 f   ConEmuPlugin2800.obj
 0001:000145e0       ?CallGuiMacroProc@@YAXXZ   00000001800155e0 f   ConEmuPlugin995.obj
 0001:000149e0       ?CallGuiMacroDlg@@YA_JPEAXHH_J@Z 00000001800159e0 f   ConEmuPlugin995.obj
 0001:00017010       ?CallGuiMacroProc@@YAXXZ   0000000180018010 f   ConEmuPluginA.obj
 0001:00017430       ?CallGuiMacroDlg@@YA_JPEAXHH_J@Z 0000000180018430 f   ConEmuPluginA.obj
 0001:000183b0       ?LoadFarVersion@@YA_NAEAUFarVersion@@AEAY0CAA@_W@Z 00000001800193b0 f   ConEmuPluginBase.obj
 0001:00018450       ?SetDefaultFarVersion@@YAXAEAUFarVersion@@@Z 0000000180019450 f   ConEmuPluginBase.obj
 0001:000184b0       ?LoadFarVersion@@YA_NPEB_WAEAUFarVersion@@AEAY0CAA@_W@Z 00000001800194b0 f   ConEmuPluginBase.obj
 0001:00018520       ?LoadAppVersion@@YA_NPEB_WAEAUtagVS_FIXEDFILEINFO@@AEAY0CAA@_W@Z 0000000180019520 f   ConEmuPluginBase.obj
 0001:00018560       ?LoadModuleVersion@@YA_NPEB_WAEAUtagVS_FIXEDFILEINFO@@PEA_W_K@Z 0000000180019560 f   ConEmuPluginBase.obj
 0001:00018840       ?StringValidateDestW@@YAJPEB_W_K_K@Z 0000000180019840 f   ConEmuPluginBase.obj
 0001:00018880       ?StringValidateDestAndLengthW@@YAJPEB_W_KPEA_K_K@Z 0000000180019880 f   ConEmuPluginBase.obj
 0001:000188f0       ?StringLengthWorkerW@@YAJPEB_W_KPEA_K@Z 00000001800198f0 f   ConEmuPluginBase.obj
 0001:00018990       ?StringCopyWorkerW@@YAJPEA_W_KPEA_KPEB_W1@Z 0000000180019990 f   ConEmuPluginBase.obj
 0001:00018a80       ?ConvertVersionToFarVersion@@YAXAEBUtagVS_FIXEDFILEINFO@@AEAUFarVersion@@@Z 0000000180019a80 f   ConEmuPluginBase.obj
 0001:00025670       ?StringValidateDestW@@YAJPEB_W_K_K@Z 0000000180026670 f   Execute.obj
 0001:000256b0       ?StringCopyWorkerW@@YAJPEA_W_KPEA_KPEB_W1@Z 00000001800266b0 f   Execute.obj
 0001:00025c80       ?StringValidateDestA@@YAJPEBD_K_K@Z 0000000180026c80 f   Memory.obj
 0001:00025cc0       ?StringCopyWorkerA@@YAJPEAD_KPEA_KPEBD1@Z 0000000180026cc0 f   Memory.obj
 0001:00025e40       ?StringValidateDestW@@YAJPEB_W_K_K@Z 0000000180026e40 f   Memory.obj
 0001:00025e80       ?StringCopyWorkerW@@YAJPEA_W_KPEA_KPEB_W1@Z 0000000180026e80 f   Memory.obj
 0001:00026670       ?FindMonitor@impl@?L@??MonitorFromParam@@YAPEAUHMONITOR__@@PEB_W@Z@SAHPEAU3@PEAUHDC__@@PEAUtagRECT@@_J@Z 0000000180027670 f   Monitors.obj
 0001:0002d350       ?StringValidateDestW@@YAJPEB_W_K_K@Z 000000018002e350 f   PluginBackground.obj
 0001:0002d390       ?StringCopyWorkerW@@YAJPEA_W_KPEA_KPEB_W1@Z 000000018002e390 f   PluginBackground.obj
 0001:000309b0       ?StringValidateDestW@@YAJPEB_W_K_K@Z 00000001800319b0 f   PluginSrv.obj
 0001:000309f0       ?StringCopyWorkerW@@YAJPEA_W_KPEA_KPEB_W1@Z 00000001800319f0 f   PluginSrv.obj
 0001:00035c20       ?StringValidateDestW@@YAJPEB_W_K_K@Z 0000000180036c20 f   WObjects.obj
 0001:00035c60       ?StringCopyWorkerW@@YAJPEA_W_KPEA_KPEB_W1@Z 0000000180036c60 f   WObjects.obj
 0001:00036410       ?CheckRegKeyExist@@YA_NPEAURegKeyExistArg@@@Z 0000000180037410 f   WObjects.obj
 0001:00037a30       ?StringValidateDestAndLengthW@@YAJPEB_W_KPEA_K_K@Z 0000000180038a30 f   WObjects.obj
 0001:00037aa0       ?StringLengthWorkerW@@YAJPEB_W_KPEA_K@Z 0000000180038aa0 f   WObjects.obj
 0001:00039e20       ?StringValidateDestW@@YAJPEB_W_K_K@Z 000000018003ae20 f   WUser.obj
 0001:00039e60       ?StringCopyWorkerW@@YAJPEA_W_KPEA_KPEB_W1@Z 000000018003ae60 f   WUser.obj
 0001:0003abac       ?wcstoxl@@YAKPEAUlocaleinfo_struct@@PEB_WPEAPEB_WHH@Z 000000018003bbac f   LIBCMT:wcstol.obj
 0001:0003b264       __DllMainCRTStartup        000000018003c264 f   LIBCMT:dllcrt0.obj
 0001:0003bce8       ?CPtoLCID@@YAHH@Z          000000018003cce8 f   LIBCMT:mbctype.obj
 0001:0003bd1c       ?setSBCS@@YAXPEAUthreadmbcinfostruct@@@Z 000000018003cd1c f   LIBCMT:mbctype.obj
 0001:0003bdb0       ?setSBUpLow@@YAXPEAUthreadmbcinfostruct@@@Z 000000018003cdb0 f   LIBCMT:mbctype.obj
 0001:0003c050       ?getSystemCP@@YAHH@Z       000000018003d050 f   LIBCMT:mbctype.obj
 0001:0003c894       _copytlocinfo_nolock       000000018003d894 f   LIBCMT:setlocal.obj
 0001:0003c8c8       _updatetlocinfoEx_nolock   000000018003d8c8 f   LIBCMT:setlocal.obj
 0001:0003ca14       sync_legacy_variables_lk   000000018003da14 f   LIBCMT:setlocal.obj
 0001:0003ce30       _setlocale_get_all         000000018003de30 f   LIBCMT:setlocal.obj
 0001:0003d258       _setlocale_set_cat         000000018003e258 f   LIBCMT:setlocal.obj
 0001:0003d560       _setlocale_nolock          000000018003e560 f   LIBCMT:setlocal.obj
 0001:0003e69c       _initterm                  000000018003f69c f   LIBCMT:crt0dat.obj
 0001:0003e84c       doexit                     000000018003f84c f   LIBCMT:crt0dat.obj
 0001:0003ef0c       parse_cmdline              000000018003ff0c f   LIBCMT:stdargv.obj
 0001:0003f470       xcptlookup                 0000000180040470 f   LIBCMT:winxfltr.obj
 0001:0003f770       ctrlevent_capture          0000000180040770 f   LIBCMT:winsig.obj
 0001:0003f808       siglookup                  0000000180040808 f   LIBCMT:winsig.obj
 0001:00041024       ?__crtGetLocaleInfoW_stat@@YAHPEAUlocaleinfo_struct@@KKPEA_WHH@Z 0000000180042024 f   LIBCMT:w_loc.obj
 0001:000410cc       ?__crtGetLocaleInfoA_stat@@YAHPEAUlocaleinfo_struct@@KKPEADHH@Z 00000001800420cc f   LIBCMT:a_loc.obj
 0001:00041350       ?strncnt@@YAHPEBDH@Z       0000000180042350 f   LIBCMT:a_map.obj
 0001:0004136c       ?__crtLCMapStringA_stat@@YAHPEAUlocaleinfo_struct@@KKPEBDHPEADHHH@Z 000000018004236c f   LIBCMT:a_map.obj
 0001:00041944       ?__crtGetStringTypeA_stat@@YAHPEAUlocaleinfo_struct@@KPEBDHPEAGHHH@Z 0000000180042944 f   LIBCMT:a_str.obj
 0001:00041c80       _get_lc_time               0000000180042c80 f   LIBCMT:inittime.obj
 0001:0004253c       fix_grouping               000000018004353c f   LIBCMT:initnum.obj
 0001:000427cc       fix_grouping               00000001800437cc f   LIBCMT:initmon.obj
 0001:0004381c       ?_store_str@@YAXPEADPEAPEADPEA_K@Z 000000018004481c f   LIBCMT:strftime.obj
 0001:00043840       ?_store_number@@YAXHPEAPEADPEA_K@Z 0000000180044840 f   LIBCMT:strftime.obj
 0001:000438a4       ?_store_num@@YAXHHPEAPEADPEA_KI@Z 00000001800448a4 f   LIBCMT:strftime.obj
 0001:00043980       ?_expandtime@@YAHPEAUlocaleinfo_struct@@DPEBUtm@@PEAPEADPEA_KPEAU__lc_time_data@@I@Z 0000000180044980 f   LIBCMT:strftime.obj
 0001:00043fdc       ?_store_winword@@YAHPEAUlocaleinfo_struct@@HPEBUtm@@PEAPEADPEA_KPEAU__lc_time_data@@@Z 0000000180044fdc f   LIBCMT:strftime.obj
 0001:00044960       TranslateName              0000000180045960 f   LIBCMT:getqloc.obj
 0001:000449f8       GetLcidFromDefault         00000001800459f8 f   LIBCMT:getqloc.obj
 0001:00044a1c       ProcessCodePage            0000000180045a1c f   LIBCMT:getqloc.obj
 0001:00044ae4       TestDefaultCountry         0000000180045ae4 f   LIBCMT:getqloc.obj
 0001:00044b0c       LcidFromHexString          0000000180045b0c f   LIBCMT:getqloc.obj
 0001:00044b48       GetPrimaryLen              0000000180045b48 f   LIBCMT:getqloc.obj
 0001:00044b64       CountryEnumProc            0000000180045b64 f   LIBCMT:getqloc.obj
 0001:00044c4c       TestDefaultLanguage        0000000180045c4c f   LIBCMT:getqloc.obj
 0001:00044d00       LangCountryEnumProc        0000000180045d00 f   LIBCMT:getqloc.obj
 0001:00044f94       LanguageEnumProc           0000000180045f94 f   LIBCMT:getqloc.obj
 0001:000450a4       GetLcidFromCountry         00000001800460a4 f   LIBCMT:getqloc.obj
 0001:000450e4       GetLcidFromLangCountry     00000001800460e4 f   LIBCMT:getqloc.obj
 0001:00045178       GetLcidFromLanguage        0000000180046178 f   LIBCMT:getqloc.obj
 0001:000455b4       ?__crtGetStringTypeW_stat@@YAHPEAUlocaleinfo_struct@@KPEB_WHPEAGHH@Z 00000001800465b4 f   LIBCMT:w_str.obj
 0001:00045978       _onexit_nolock             0000000180046978 f   LIBCMT:onexit.obj
 0001:00045e94       ?x_ismbbtype_l@@YAHPEAUlocaleinfo_struct@@IHH@Z 0000000180046e94 f   LIBCMT:ismbbyte.obj
 0001:000468b8       _tzset_nolock              00000001800478b8 f   LIBCMT:tzset.obj
 0001:00046d58       cvtdate                    0000000180047d58 f   LIBCMT:tzset.obj
 0001:00047010       _isindst_nolock            0000000180048010 f   LIBCMT:tzset.obj
 0001:00047950       xtoa_s                     0000000180048950 f   LIBCMT:xtoas.obj
 0001:00047ab4       x64toa_s                   0000000180048ab4 f   LIBCMT:xtoas.obj
 0001:00047cec       _getenv_s_helper           0000000180048cec f   LIBCMT:getenv.obj
 0001:00047dc0       _dupenv_s_helper           0000000180048dc0 f   LIBCMT:getenv.obj
 0001:00048348       ?strtoxl@@YAKPEAUlocaleinfo_struct@@PEBDPEAPEBDHH@Z 0000000180049348 f   LIBCMT:strtol.obj
 0001:0004867c       ?strtoxq@@YA_KPEAUlocaleinfo_struct@@PEBDPEAPEBDHH@Z 000000018004967c f   LIBCMT:strtoq.obj
 0001:00048c10       ?strncnt@@YAHPEBDH@Z       0000000180049c10 f   LIBCMT:a_cmp.obj
 0001:00048c2c       ?__crtCompareStringA_stat@@YAHPEAUlocaleinfo_struct@@KKPEBDH1HH@Z 0000000180049c2c f   LIBCMT:a_cmp.obj
 0001:000492d0       findenv                    000000018004a2d0 f   LIBCMT:setenv.obj
 0001:00049354       copy_environ               000000018004a354 f   LIBCMT:setenv.obj
 0001:00049a80       ?filt$0@?0??SetThreadName@@YAXKPEAD@Z@4HA 000000018004aa80 f   WThreads.obj
 0001:00049a94       __DllMainCRTStartup$filt$0 000000018004aa94 f   LIBCMT:dllcrt0.obj
 0001:00049ab0       _initptd$fin$1             000000018004aab0 f   LIBCMT:tidtable.obj
 0001:00049ad0       _initptd$fin$0             000000018004aad0 f   LIBCMT:tidtable.obj
 0001:00049ae9       _freefls$fin$1             000000018004aae9 f   LIBCMT:tidtable.obj
 0001:00049b09       _freefls$fin$0             000000018004ab09 f   LIBCMT:tidtable.obj
 0001:00049b22       __updatetmbcinfo$fin$0     000000018004ab22 f   LIBCMT:mbctype.obj
 0001:00049b3b       _setmbcp$fin$0             000000018004ab3b f   LIBCMT:mbctype.obj
 0001:00049b54       __updatetlocinfo$fin$0     000000018004ab54 f   LIBCMT:setlocal.obj
 0001:00049b6d       _free_locale$fin$1         000000018004ab6d f   LIBCMT:setlocal.obj
 0001:00049b8d       _free_locale$fin$0         000000018004ab8d f   LIBCMT:setlocal.obj
 0001:00049ba6       _get_current_locale$fin$1  000000018004aba6 f   LIBCMT:setlocal.obj
 0001:00049bc6       _get_current_locale$fin$0  000000018004abc6 f   LIBCMT:setlocal.obj
 0001:00049bdf       setlocale$fin$1            000000018004abdf f   LIBCMT:setlocal.obj
 0001:00049bff       setlocale$fin$0            000000018004abff f   LIBCMT:setlocal.obj
 0001:00049c1f       setlocale$fin$2            000000018004ac1f f   LIBCMT:setlocal.obj
 0001:00049c40       _IsNonwritableInCurrentImage$filt$0 000000018004ac40 f   LIBCMT:pesect.obj
 0001:00049c61       doexit$fin$0               000000018004ac61 f   LIBCMT:crt0dat.obj
 0001:00049c83       ctrlevent_capture$fin$0    000000018004ac83 f   LIBCMT:winsig.obj
 0001:00049c99       signal$fin$0               000000018004ac99 f   LIBCMT:winsig.obj
 0001:00049caf       raise$fin$0                000000018004acaf f   LIBCMT:winsig.obj
 0001:00049ccb       _mtinitlocknum$fin$0       000000018004accb f   LIBCMT:mlock.obj
 0001:00049ce7       _onexit$fin$0              000000018004ace7 f   LIBCMT:onexit.obj
 0001:00049cfb       __crtInitCritSecAndSpinCount$filt$0 000000018004acfb f   LIBCMT:initcrit.obj
 0001:00049d1d       _tzset_nolock$fin$0        000000018004ad1d f   LIBCMT:tzset.obj
 0001:00049d36       __tzset$fin$0              000000018004ad36 f   LIBCMT:tzset.obj
 0001:00049d4f       _tzset$fin$0               000000018004ad4f f   LIBCMT:tzset.obj
 0001:00049d68       _isindst$fin$0             000000018004ad68 f   LIBCMT:tzset.obj
 0001:00049d81       getenv$fin$0               000000018004ad81 f   LIBCMT:getenv.obj
 0001:00049d9a       getenv_s$fin$0             000000018004ad9a f   LIBCMT:getenv.obj
 0001:00049db3       _dupenv_s$fin$0            000000018004adb3 f   LIBCMT:getenv.obj
 0001:00049dd0       ??__EhkFunc@@YAXXZ         000000018004add0 f   HkFunc.obj
