 FileCase

 Timestamp is 564537e5 (Fri Nov 13 04:07:49 2015)

 Preferred load address is 0000000180000000

 Start         Length     Name                   Class
 0001:00000000 00000048H .idata$5                CODE
 0001:00000050 000002d8H .rdata                  CODE
 0001:00000330 00002f2eH .text                   CODE
 0001:00003260 000002f4H .xdata                  CODE
 0001:00003554 00000014H .idata$2                CODE
 0001:00003568 00000014H .idata$3                CODE
 0001:00003580 00000048H .idata$4                CODE
 0001:000035c8 00000074H .idata$6                CODE
 0001:00003640 00000091H .edata                  CODE
 0002:00000000 00000000H .data                   DATA
 0002:00000000 000006baH .bss                    DATA
 0003:00000000 000002dcH .pdata                  DATA
 0004:00000000 00000058H .rsrc$01                DATA
 0004:00000060 00000390H .rsrc$02                DATA

  Address         Publics by Value              Rva+Base               Lib:Object

 0000:00000000       ___safe_se_handler_count   0000000000000000     <absolute>
 0000:00000000       ___safe_se_handler_table   0000000000000000     <absolute>
 0000:00000000       __ImageBase                0000000180000000     <linker-defined>
 0001:00000000       __imp_lstrcpynW            0000000180001000     kernel32:KERNEL32.dll
 0001:00000008       __imp_lstrlenW             0000000180001008     kernel32:KERNEL32.dll
 0001:00000010       __imp_lstrcatW             0000000180001010     kernel32:KERNEL32.dll
 0001:00000018       __imp_lstrcpyW             0000000180001018     kernel32:KERNEL32.dll
 0001:00000020       __imp_MoveFileW            0000000180001020     kernel32:KERNEL32.dll
 0001:00000028       __imp_HeapFree             0000000180001028     kernel32:KERNEL32.dll
 0001:00000030       __imp_GetProcessHeap       0000000180001030     kernel32:KERNEL32.dll
 0001:00000038       __imp_HeapAlloc            0000000180001038     kernel32:KERNEL32.dll
 0001:00000040       \177KERNEL32_NULL_THUNK_DATA 0000000180001040     kernel32:KERNEL32.dll
 0001:00000050       MainGuid                   0000000180001050     FileCase.obj
 0001:00000060       MenuGuid                   0000000180001060     FileCase.obj
 0001:00000070       DialogGuid                 0000000180001070     FileCase.obj
 0001:00000080       ??_C@_1DE@BGKMIKPD@?$AAE?$AAu?$AAg?$AAe?$AAn?$AAe?$AA?5?$AAR?$AAo?$AAs?$AAh?$AAa?$AAl?$AA?5?$AA?$CG?$AA?5?$AAF?$AAa?$AAr?$AA?5?$AAG?$AAr?$AAo?$AAu?$AAp?$AA?$AA@ 0000000180001080     FileCase.obj
 0001:000000c0       ??_C@_1FG@IEAGHMHI@?$AAF?$AAi?$AAl?$AAe?$AA?5?$AAn?$AAa?$AAm?$AAe?$AAs?$AA?5?$AAc?$AAa?$AAs?$AAe?$AA?5?$AAc?$AAo?$AAn?$AAv?$AAe?$AAr?$AAs?$AAi?$AAo?$AAn?$AA?5?$AAf?$AAo?$AAr?$AA?5?$AAF@ 00000001800010c0     FileCase.obj
 0001:00000118       ??_C@_1BC@DGHEBOMK@?$AAF?$AAi?$AAl?$AAe?$AAC?$AAa?$AAs?$AAe?$AA?$AA@ 0000000180001118     FileCase.obj
 0001:0000012c       ??_C@_15NKPPEEJO@?$AA?5?$AA_?$AA?$AA@ 000000018000112c     FileCase.obj
 0001:00000138       ??_C@_1BA@CAKIGJMA@?$AAW?$AAo?$AAr?$AAd?$AAD?$AAi?$AAv?$AA?$AA@ 0000000180001138     FileCase.obj
 0001:00000148       ??_C@_1BG@DFJACJCJ@?$AAP?$AAr?$AAo?$AAc?$AAe?$AAs?$AAs?$AAD?$AAi?$AAr?$AA?$AA@ 0000000180001148     FileCase.obj
 0001:00000160       ??_C@_1BM@BNELJCPP@?$AAP?$AAr?$AAo?$AAc?$AAe?$AAs?$AAs?$AAS?$AAu?$AAb?$AAD?$AAi?$AAr?$AA?$AA@ 0000000180001160     FileCase.obj
 0001:00000180       ??_C@_1BM@HMLICANP@?$AAS?$AAk?$AAi?$AAp?$AAM?$AAi?$AAx?$AAe?$AAd?$AAC?$AAa?$AAs?$AAe?$AA?$AA@ 0000000180001180     FileCase.obj
 0001:000001a0       ??_C@_1BO@IKHLKIJC@?$AAC?$AAo?$AAn?$AAv?$AAe?$AAr?$AAt?$AAM?$AAo?$AAd?$AAe?$AAE?$AAx?$AAt?$AA?$AA@ 00000001800011a0     FileCase.obj
 0001:000001c0       ??_C@_1BI@NPBILFDJ@?$AAC?$AAo?$AAn?$AAv?$AAe?$AAr?$AAt?$AAM?$AAo?$AAd?$AAe?$AA?$AA@ 00000001800011c0     FileCase.obj
 0001:000001d8       ??_7?$DialogItemBinding@UFarDialogItem@@@@6B@ 00000001800011d8     filecvt.obj
 0001:000001f0       ??_7?$DialogBuilderBase@UFarDialogItem@@@@6B@ 00000001800011f0     filecvt.obj
 0001:00000238       ??_7PluginEditFieldBinding@@6B@ 0000000180001238     filecvt.obj
 0001:00000250       ??_7PluginDialogBuilder@@6B@ 0000000180001250     filecvt.obj
 0001:00000298       ??_7PluginCheckBoxBinding@@6B@ 0000000180001298     filecvt.obj
 0001:000002a8       ??_7PluginRadioButtonBinding@@6B@ 00000001800012a8     filecvt.obj
 0001:000002b8       ??_C@_15EFLNJKHH@?$AA?$CF?$AAu?$AA?$AA@ 00000001800012b8     filecvt.obj
 0001:000002c0       ??_7PluginIntEditFieldBinding@@6B@ 00000001800012c0     filecvt.obj
 0001:000002d0       ??_7PluginUIntEditFieldBinding@@6B@ 00000001800012d0     filecvt.obj
 0001:000002e0       ??_C@_11LOCGONAA@?$AA?$AA@ 00000001800012e0     filecvt.obj
 0001:000002e8       ??_C@_1CC@CKMDHNMO@?$AAF?$AAi?$AAl?$AAe?$AAC?$AAa?$AAs?$AAe?$AA_?$AAW?$AAo?$AAr?$AAd?$AAD?$AAi?$AAv?$AA?$AA@ 00000001800012e8     filecvt.obj
 0001:00000310       ??_C@_1BC@ENICKDH@?$AAC?$AAo?$AAn?$AAt?$AAe?$AAn?$AAt?$AAs?$AA?$AA@ 0000000180001310     filecvt.obj
 0001:00000324       ??_C@_13JOFGPIOO@?$AA?4?$AA?$AA@ 0000000180001324     ProcessName.obj
 0001:00000340       __chkstk                   0000000180001340 f   chkstk.obj
 0001:00000340       _alloca_probe              0000000180001340     chkstk.obj
 0001:00000390       GetGlobalInfoW             0000000180001390 f   FileCase.obj
 0001:00000410       SetStartupInfoW            0000000180001410 f   FileCase.obj
 0001:000006a0       OpenW                      00000001800016a0 f   FileCase.obj
 0001:000006b0       GetPluginInfoW             00000001800016b0 f   FileCase.obj
 0001:00000700       ?GetLangString@PluginDialogBuilder@@MEAAPEB_WH@Z 0000000180001700 f i filecvt.obj
 0001:00000710       ?DlgProc@@YA_JPEAX_J10@Z   0000000180001710 f   filecvt.obj
 0001:00000760       ?InitDialogItem@?$DialogBuilderBase@UFarDialogItem@@@@MEAAXPEAUFarDialogItem@@PEB_W@Z 0000000180001760 f i filecvt.obj
 0001:00000760       ?SaveValue@?$DialogItemBinding@UFarDialogItem@@@@UEAAXPEAUFarDialogItem@@H@Z 0000000180001760 f i filecvt.obj
 0001:00000770       ?TextWidth@?$DialogBuilderBase@UFarDialogItem@@@@MEAAHAEBUFarDialogItem@@@Z 0000000180001770 f i filecvt.obj
 0001:00000780       ?CreateCheckBoxBinding@?$DialogBuilderBase@UFarDialogItem@@@@MEAAPEAU?$DialogItemBinding@UFarDialogItem@@@@PEAHH@Z 0000000180001780 f i filecvt.obj
 0001:00000780       ?AddIntEditField@?$DialogBuilderBase@UFarDialogItem@@@@UEAAPEAUFarDialogItem@@PEAHH@Z 0000000180001780 f i filecvt.obj
 0001:00000780       ?GetLangString@?$DialogBuilderBase@UFarDialogItem@@@@MEAAPEB_WH@Z 0000000180001780 f i filecvt.obj
 0001:00000780       ?AddUIntEditField@?$DialogBuilderBase@UFarDialogItem@@@@UEAAPEAUFarDialogItem@@PEAIH@Z 0000000180001780 f i filecvt.obj
 0001:00000780       ?CreateRadioButtonBinding@?$DialogBuilderBase@UFarDialogItem@@@@MEAAPEAU?$DialogItemBinding@UFarDialogItem@@@@PEAH@Z 0000000180001780 f i filecvt.obj
 0001:00000790       ?DoShowDialog@?$DialogBuilderBase@UFarDialogItem@@@@MEAA_JXZ 0000000180001790 f i filecvt.obj
 0001:000007a0       ??1?$DialogBuilderBase@UFarDialogItem@@@@MEAA@XZ 00000001800017a0 f i filecvt.obj
 0001:00000820       ??_GPluginIntEditFieldBinding@@UEAAPEAXI@Z 0000000180001820 f i filecvt.obj
 0001:00000820       ??_EPluginIntEditFieldBinding@@UEAAPEAXI@Z 0000000180001820 f i filecvt.obj
 0001:00000820       ??_EPluginCheckBoxBinding@@UEAAPEAXI@Z 0000000180001820 f i filecvt.obj
 0001:00000820       ??_G?$DialogItemBinding@UFarDialogItem@@@@UEAAPEAXI@Z 0000000180001820 f i filecvt.obj
 0001:00000820       ??_EPluginEditFieldBinding@@UEAAPEAXI@Z 0000000180001820 f i filecvt.obj
 0001:00000820       ??_EPluginRadioButtonBinding@@UEAAPEAXI@Z 0000000180001820 f i filecvt.obj
 0001:00000820       ??_E?$DialogItemBinding@UFarDialogItem@@@@UEAAPEAXI@Z 0000000180001820 f i filecvt.obj
 0001:00000820       ??_EPluginUIntEditFieldBinding@@UEAAPEAXI@Z 0000000180001820 f i filecvt.obj
 0001:00000820       ??_GPluginRadioButtonBinding@@UEAAPEAXI@Z 0000000180001820 f i filecvt.obj
 0001:00000820       ??_GPluginUIntEditFieldBinding@@UEAAPEAXI@Z 0000000180001820 f i filecvt.obj
 0001:00000820       ??_GPluginEditFieldBinding@@UEAAPEAXI@Z 0000000180001820 f i filecvt.obj
 0001:00000820       ??_GPluginCheckBoxBinding@@UEAAPEAXI@Z 0000000180001820 f i filecvt.obj
 0001:00000850       ??_E?$DialogBuilderBase@UFarDialogItem@@@@MEAAPEAXI@Z 0000000180001850 f i filecvt.obj
 0001:00000850       ??_G?$DialogBuilderBase@UFarDialogItem@@@@MEAAPEAXI@Z 0000000180001850 f i filecvt.obj
 0001:00000880       ?ReallocDialogItems@?$DialogBuilderBase@UFarDialogItem@@@@IEAAXXZ 0000000180001880 f i filecvt.obj
 0001:000009a0       ?ItemWidth@?$DialogBuilderBase@UFarDialogItem@@@@IEAA_JAEBUFarDialogItem@@@Z 00000001800019a0 f i filecvt.obj
 0001:00000a40       ?SaveValues@?$DialogBuilderBase@UFarDialogItem@@@@IEAAXXZ 0000000180001a40 f i filecvt.obj
 0001:00000ae0       ?MaxTextWidth@?$DialogBuilderBase@UFarDialogItem@@@@IEAA_JXZ 0000000180001ae0 f i filecvt.obj
 0001:00000c00       ?SaveValue@PluginEditFieldBinding@@UEAAXPEAUFarDialogItem@@H@Z 0000000180001c00 f i filecvt.obj
 0001:00000c40       ?InitDialogItem@PluginDialogBuilder@@MEAAXPEAUFarDialogItem@@PEB_W@Z 0000000180001c40 f i filecvt.obj
 0001:00000c70       ?TextWidth@PluginDialogBuilder@@MEAAHAEBUFarDialogItem@@@Z 0000000180001c70 f i filecvt.obj
 0001:00000c80       ?DoShowDialog@PluginDialogBuilder@@MEAA_JXZ 0000000180001c80 f i filecvt.obj
 0001:00000d30       ?SaveValue@PluginCheckBoxBinding@@UEAAXPEAUFarDialogItem@@H@Z 0000000180001d30 f i filecvt.obj
 0001:00000d90       ?SaveValue@PluginRadioButtonBinding@@UEAAXPEAUFarDialogItem@@H@Z 0000000180001d90 f i filecvt.obj
 0001:00000de0       ??0PluginIntEditFieldBinding@@QEAA@AEBUPluginStartupInfo@@PEAPEAXHPEAHH@Z 0000000180001de0 f i filecvt.obj
 0001:00000ea0       ?SaveValue@PluginIntEditFieldBinding@@UEAAXPEAUFarDialogItem@@H@Z 0000000180001ea0 f i filecvt.obj
 0001:00000ef0       ??0PluginUIntEditFieldBinding@@QEAA@AEBUPluginStartupInfo@@PEAPEAXHPEAIH@Z 0000000180001ef0 f i filecvt.obj
 0001:00000fb0       ?SaveValue@PluginUIntEditFieldBinding@@UEAAXPEAUFarDialogItem@@H@Z 0000000180001fb0 f i filecvt.obj
 0001:00001000       ?CreateCheckBoxBinding@PluginDialogBuilder@@MEAAPEAU?$DialogItemBinding@UFarDialogItem@@@@PEAHH@Z 0000000180002000 f i filecvt.obj
 0001:00001080       ?CreateRadioButtonBinding@PluginDialogBuilder@@MEAAPEAU?$DialogItemBinding@UFarDialogItem@@@@PEAH@Z 0000000180002080 f i filecvt.obj
 0001:000010f0       ??_EPluginDialogBuilder@@UEAAPEAXI@Z 00000001800020f0 f i filecvt.obj
 0001:000010f0       ??_GPluginDialogBuilder@@UEAAPEAXI@Z 00000001800020f0 f i filecvt.obj
 0001:00001140       ?AddDialogItem@?$DialogBuilderBase@UFarDialogItem@@@@IEAAPEAUFarDialogItem@@W4FARDIALOGITEMTYPES@@PEB_W@Z 0000000180002140 f i filecvt.obj
 0001:000011d0       ?AddButtonAfter@?$DialogBuilderBase@UFarDialogItem@@@@QEAAPEAUFarDialogItem@@PEAU2@H@Z 00000001800021d0 f i filecvt.obj
 0001:000012b0       ?EndColumns@?$DialogBuilderBase@UFarDialogItem@@@@QEAAXXZ 00000001800022b0 f i filecvt.obj
 0001:000013f0       ?AddButtons@?$DialogBuilderBase@UFarDialogItem@@@@QEAAXHPEBHHH@Z 00000001800023f0 f i filecvt.obj
 0001:00001540       ?UpdateBorderSize@?$DialogBuilderBase@UFarDialogItem@@@@IEAAXXZ 0000000180002540 f i filecvt.obj
 0001:00001600       ?AddIntEditField@PluginDialogBuilder@@UEAAPEAUFarDialogItem@@PEAHH@Z 0000000180002600 f i filecvt.obj
 0001:00001710       ?AddUIntEditField@PluginDialogBuilder@@UEAAPEAUFarDialogItem@@PEAIH@Z 0000000180002710 f i filecvt.obj
 0001:00001820       ?CaseConvertion@@YAXXZ     0000000180002820 f   filecvt.obj
 0001:00002c70       ?GetMsg@@YAPEB_WH@Z        0000000180003c70 f   FileMix.obj
 0001:00002c90       ?IsCaseMixed@@YAHPEB_W@Z   0000000180003c90 f   FileMix.obj
 0001:00002d20       ?CaseWord@@YAXPEA_WH@Z     0000000180003d20 f   FileMix.obj
 0001:00002e30       ?ProcessName@@YAXPEB_WK@Z  0000000180003e30 f   ProcessName.obj
 0001:00003150       memcpy                     0000000180004150 f   libCRT64:memcpy.obj
 0001:00003180       ??3@YAXPEAX@Z              0000000180004180 f   libCRT64:delete.obj
 0001:00003190       ??2@YAPEAX_K@Z             0000000180004190 f   libCRT64:new.obj
 0001:000031a0       memset                     00000001800041a0 f   libCRT64:memset.obj
 0001:000031d0       free                       00000001800041d0 f   libCRT64:free.obj
 0001:00003200       malloc                     0000000180004200 f   libCRT64:malloc.obj
 0001:00003230       wcsrchr                    0000000180004230 f   libCRT64:strrchr.obj
 0001:00003554       __IMPORT_DESCRIPTOR_KERNEL32 0000000180004554     kernel32:KERNEL32.dll
 0001:00003568       __NULL_IMPORT_DESCRIPTOR   0000000180004568     kernel32:KERNEL32.dll
 0002:00000000       ?Info@@3UPluginStartupInfo@@A 0000000180005000     FileCase.obj
 0002:00000110       ?FSF@@3UFarStandardFunctions@@A 0000000180005110     FileCase.obj
 0002:00000290       ?Opt@@3UOptions@@A         0000000180005290     FileCase.obj
 0002:000006b0       ?ResetButtonID@@3HA        00000001800056b0     filecvt.obj
 0002:000006b4       ?WordDivEditID@@3HA        00000001800056b4     filecvt.obj

 entry point at        0000:00000000

 Static symbols

