 ConEmu.x64

 Timestamp is 5620c05b (Fri Oct 16 12:16:11 2015)

 Preferred load address is 0000000180000000

 Start         Length     Name                   Class
 0001:00000000 00047f6eH .text                   CODE
 0001:00047f70 0000005eH .text$00                CODE
 0001:00047fd0 0000058cH .text$x                 CODE
 0001:00048560 00000015H .text$yc                CODE
 0002:00000000 000007e0H .idata$5                DATA
 0002:000007e0 00000008H .CRT$XCA                DATA
 0002:000007e8 00000008H .CRT$XCU                DATA
 0002:000007f0 00000008H .CRT$XCZ                DATA
 0002:000007f8 00000008H .CRT$XIA                DATA
 0002:00000800 00000008H .CRT$XIC                DATA
 0002:00000808 00000008H .CRT$XIZ                DATA
 0002:00000810 00000008H .CRT$XPA                DATA
 0002:00000818 00000008H .CRT$XPZ                DATA
 0002:00000820 00000008H .CRT$XTA                DATA
 0002:00000828 00000008H .CRT$XTZ                DATA
 0002:00000830 0000689bH .rdata                  DATA
 0002:000070cc 00000073H .rdata$debug            DATA
 0002:00007140 000028d0H .xdata                  DATA
 0002:00009a10 00000078H .idata$2                DATA
 0002:00009a88 00000014H .idata$3                DATA
 0002:00009aa0 000007e0H .idata$4                DATA
 0002:0000a280 00001230H .idata$6                DATA
 0002:0000b4b0 000002e1H .edata                  DATA
 0003:00000000 000014bcH .data                   DATA
 0003:000014c0 0000baf8H .bss                    DATA
 0004:00000000 00002cdcH .pdata                  DATA
 0005:00000000 00000058H .rsrc$01                DATA
 0005:00000060 000002d8H .rsrc$02                DATA

  Address         Publics by Value              Rva+Base               Lib:Object

 0000:00000000       ___safe_se_handler_count   0000000000000000     <absolute>
 0000:00000000       ___safe_se_handler_table   0000000000000000     <absolute>
 0000:00000000       __ImageBase                0000000180000000     <linker-defined>
 0001:00000000       ??0CmdArg@@QEAA@XZ         0000000180001000 f   CmdArg.obj
 0001:00000050       ??0CmdArg@@QEAA@PEA_W@Z    0000000180001050 f   CmdArg.obj
 0001:000000c0       ??4CmdArg@@QEAAAEAU0@PEA_W@Z 00000001800010c0 f   CmdArg.obj
 0001:000000f0       ??4CmdArg@@QEAAAEAU0@PEB_W@Z 00000001800010f0 f   CmdArg.obj
 0001:00000120       ??1CmdArg@@QEAA@XZ         0000000180001120 f   CmdArg.obj
 0001:000001a0       ?GetBuffer@CmdArg@@QEAAPEA_W_J@Z 00000001800011a0 f   CmdArg.obj
 0001:00000300       ?Detach@CmdArg@@QEAAPEA_WXZ 0000000180001300 f   CmdArg.obj
 0001:00000340       ?Attach@CmdArg@@QEAAPEB_WPEA_W@Z 0000000180001340 f   CmdArg.obj
 0001:00000370       ?AttachInt@CmdArg@@AEAAPEB_WAEAPEA_W@Z 0000000180001370 f   CmdArg.obj
 0001:00000410       ?Empty@CmdArg@@QEAAXXZ     0000000180001410 f   CmdArg.obj
 0001:00000470       ?IsEmpty@CmdArg@@QEAA_NXZ  0000000180001470 f   CmdArg.obj
 0001:000004b0       ?Set@CmdArg@@QEAAPEB_WPEB_W_J@Z 00000001800014b0 f   CmdArg.obj
 0001:00000580       ?StringCchCopyNW@@YAJPEA_W_KPEB_W1@Z 0000000180001580 f i CmdArg.obj
 0001:00000740       ?SavePathVar@CmdArg@@QEAAXPEB_W@Z 0000000180001740 f   CmdArg.obj
 0001:000007a0       ?SaveEnvVar@CmdArg@@QEAAXPEB_W0@Z 00000001800017a0 f   CmdArg.obj
 0001:00000850       ?SetAt@CmdArg@@QEAAX_J_W@Z 0000000180001850 f   CmdArg.obj
 0001:000008a0       ?GetPosFrom@CmdArg@@QEAAXAEBU1@@Z 00000001800018a0 f   CmdArg.obj
 0001:000008e0       ?IsNeedDequote@@YA_NPEB_W_NPEAPEB_W@Z 00000001800018e0 f   CmdLine.obj
 0001:00000b90       ??BCmdArg@@QEBAPEB_WXZ     0000000180001b90 f i CmdLine.obj
 0001:00000ba0       ?NextArg@@YAHPEAPEB_WAEAUCmdArg@@0@Z 0000000180001ba0 f   CmdLine.obj
 0001:00001110       ?NextLine@@YAHPEAPEB_WAEAUCmdArg@@K@Z 0000000180002110 f   CmdLine.obj
 0001:00001300       ?AddEndSlash@@YAHPEA_WH@Z  0000000180002300 f   CmdLine.obj
 0001:00001390       ?SkipNonPrintable@@YAPEB_WPEB_W@Z 0000000180002390 f   CmdLine.obj
 0001:00001400       ?CompareFileMask@@YA_NPEB_W0@Z 0000000180002400 f   CmdLine.obj
 0001:00001620       ?wcschr@@YAPEA_WPEA_W_W@Z  0000000180002620 f i CmdLine.obj
 0001:00001650       ?GetDrive@@YAPEB_WPEB_WPEA_WH@Z 0000000180002650 f   CmdLine.obj
 0001:00001900       ?GetDirectory@@YAHAEAUCmdArg@@@Z 0000000180002900 f   CmdLine.obj
 0001:000019a0       ?IsNeedCmd@@YA_NHPEB_WAEAUCmdArg@@PEAPEB_WPEAH333@Z 00000001800029a0 f   CmdLine.obj
 0001:00002410       ?Disable@MWow64Disable@@QEAAXXZ 0000000180003410 f i CmdLine.obj
 0001:00002450       ??0MWow64Disable@@QEAA@XZ  0000000180003450 f i CmdLine.obj
 0001:000024f0       ??1MWow64Disable@@QEAA@XZ  00000001800034f0 f i CmdLine.obj
 0001:00002510       ?Restore@MWow64Disable@@QEAAXXZ 0000000180003510 f i CmdLine.obj
 0001:00002560       ?IsExecutable@@YA_NPEB_WPEAPEA_W@Z 0000000180003560 f   CmdLine.obj
 0001:00002680       ?CheckProcessName@@YA_NPEB_WPEAPEB_W1@Z 0000000180003680 f   CmdLine.obj
 0001:00002780       ?IsConsoleService@@YA_NPEB_W@Z 0000000180003780 f   CmdLine.obj
 0001:000027f0       ?IsConsoleServer@@YA_NPEB_W@Z 00000001800037f0 f   CmdLine.obj
 0001:00002860       ?IsGitBashHelper@@YA_NPEB_W@Z 0000000180003860 f   CmdLine.obj
 0001:000028d0       ?IsFarExe@@YA_NPEB_W@Z     00000001800038d0 f   CmdLine.obj
 0001:00002940       ?IsCmdProcessor@@YA_NPEB_W@Z 0000000180003940 f   CmdLine.obj
 0001:000029b0       ?IsQuotationNeeded@@YA_NPEB_W@Z 00000001800039b0 f   CmdLine.obj
 0001:00002a00       ?MergeCmdLine@@YAPEA_WPEB_W0@Z 0000000180003a00 f   CmdLine.obj
 0001:00002ae0       ?JoinPath@@YAPEA_WPEB_W00@Z 0000000180003ae0 f   CmdLine.obj
 0001:00002d10       ?IsFilePath@@YA_NPEB_W_N@Z 0000000180003d10 f   CmdLine.obj
 0001:00002f10       ?PointToName@@YAPEB_WPEB_W@Z 0000000180003f10 f   CmdLine.obj
 0001:00002fc0       ?PointToName@@YAPEBDPEBD@Z 0000000180003fc0 f   CmdLine.obj
 0001:00003070       ?PointToExt@@YAPEB_WPEB_W@Z 0000000180004070 f   CmdLine.obj
 0001:000030c0       ?Unquote@@YAPEB_WPEA_W_N@Z 00000001800040c0 f   CmdLine.obj
 0001:00003170       ?wcsrchr@@YAPEA_WPEA_W_W@Z 0000000180004170 f i CmdLine.obj
 0001:000031a0       ?IsNewConsoleArg@@YA_NPEB_W0@Z 00000001800041a0 f   CmdLine.obj
 0001:000032c0       ?PackInputRecord@@YAHPEBU_INPUT_RECORD@@PEAUMsgStr@MSG64@@@Z 00000001800042c0 f   Common.obj
 0001:00003570       ?UnpackInputRecord@@YAHPEBUMsgStr@MSG64@@PEAU_INPUT_RECORD@@@Z 0000000180004570 f   Common.obj
 0001:00003860       ?TranslateKeyPress@@YAXGK_WHPEAU_INPUT_RECORD@@1@Z 0000000180004860 f   Common.obj
 0001:00003ab0       ?GetCommand@CESERVER_REQ_NEWCMD@@QEAAPEA_WXZ 0000000180004ab0 f   Common.obj
 0001:00003b00       ?GetEnvStrings@CESERVER_REQ_NEWCMD@@QEAAPEA_WXZ 0000000180004b00 f   Common.obj
 0001:00003b50       ?SetCommand@CESERVER_REQ_NEWCMD@@QEAAXPEB_W@Z 0000000180004b50 f   Common.obj
 0001:00003bf0       ?SetEnvStrings@CESERVER_REQ_NEWCMD@@QEAAXPEB_WK@Z 0000000180004bf0 f   Common.obj
 0001:00003d90       ?IsEnvBlockVariableValid@@YA_NPEB_WAEAPEB_W@Z 0000000180004d90 f   Common.obj
 0001:00003e00       ?IsEnvBlockVariableValid@@YA_NPEB_W@Z 0000000180004e00 f   Common.obj
 0001:00003e50       ?CommonShutdown@@YAXXZ     0000000180004e50 f   Common.obj
 0001:00003e80       ?ModuleName@@YAPEB_WPEB_W@Z 0000000180004e80 f   ConEmuCheck.obj
 0001:00003f70       ?ExecuteOpenPipe@@YAPEAXPEB_WAEAY0CAI@_W0KKHPEAXH@Z 0000000180004f70 f   ConEmuCheck.obj
 0001:00004270       ?ExecutePrepareCmd@@YAXPEAUCESERVER_REQ@@K_K@Z 0000000180005270 f   ConEmuCheck.obj
 0001:000042d0       ?ExecutePrepareCmd@@YAXPEAUCESERVER_REQ_HDR@@K_K@Z 00000001800052d0 f   ConEmuCheck.obj
 0001:000043a0       ?ExecuteNewCmd@@YAPEAUCESERVER_REQ@@K_K@Z 00000001800053a0 f   ConEmuCheck.obj
 0001:00004410       ?ExecuteNewCmd@@YA_NAEAPEAUCESERVER_REQ@@AEAKK_K@Z 0000000180005410 f   ConEmuCheck.obj
 0001:000044e0       ?LoadSrvMapping@@YAHPEAUHWND__@@AEAUCESERVER_CONSOLE_MAPPING_HDR@@@Z 00000001800054e0 f   ConEmuCheck.obj
 0001:00004650       ?LoadGuiMapping@@YAHKAEAUConEmuGuiMapping@@@Z 0000000180005650 f   ConEmuCheck.obj
 0001:000047b0       ?ExecuteNewCmdOnCreate@@YAPEAUCESERVER_REQ@@PEAUCESERVER_CONSOLE_MAPPING_HDR@@PEAUHWND__@@W4CmdOnCreateType@@PEB_W33PEAK444HHPEAX55@Z 00000001800057b0 f   ConEmuCheck.obj
 0001:00004ca0       ?StringCchCopyW@@YAJPEA_W_KPEB_W@Z 0000000180005ca0 f i ConEmuCheck.obj
 0001:00004e30       ?ExecuteGuiCmd@@YAPEAUCESERVER_REQ@@PEAUHWND__@@PEAU1@0H@Z 0000000180005e30 f   ConEmuCheck.obj
 0001:00004ef0       ?ExecuteSrvCmd@@YAPEAUCESERVER_REQ@@KPEAU1@PEAUHWND__@@HKH@Z 0000000180005ef0 f   ConEmuCheck.obj
 0001:00004fc0       ?ExecuteHkCmd@@YAPEAUCESERVER_REQ@@KPEAU1@PEAUHWND__@@HH@Z 0000000180005fc0 f   ConEmuCheck.obj
 0001:00005090       ?ExecuteCmd@@YAPEAUCESERVER_REQ@@PEB_WPEAU1@KPEAUHWND__@@HKH@Z 0000000180006090 f   ConEmuCheck.obj
 0001:00005490       ?ExecuteFreeResult@@YAXAEAPEAUCESERVER_REQ@@@Z 0000000180006490 f   ConEmuCheck.obj
 0001:000054d0       ?AllocateSendCurrentDirectory@@YA_NAEAPEAUCESERVER_REQ@@AEAKPEB_W2@Z 00000001800064d0 f   ConEmuCheck.obj
 0001:00005620       ?SendCurrentDirectory@@YAXPEAUHWND__@@PEB_W1@Z 0000000180006620 f   ConEmuCheck.obj
 0001:000056a0       ?isConsoleClass@@YA_NPEB_W@Z 00000001800066a0 f   ConEmuCheck.obj
 0001:00005700       ?isConsoleWindow@@YA_NPEAUHWND__@@@Z 0000000180006700 f   ConEmuCheck.obj
 0001:00005810       ?myGetConsoleWindow@@YAPEAUHWND__@@XZ 0000000180006810 f   ConEmuCheck.obj
 0001:000058e0       ?GetConEmuHWND@@YAPEAUHWND__@@H@Z 00000001800068e0 f   ConEmuCheck.obj
 0001:00005b00       ??BHWND2@@QEBAPEAUHWND__@@XZ 0000000180006b00 f i ConEmuCheck.obj
 0001:00005b10       ??BHWND2@@QEBAKXZ          0000000180006b10 f i ConEmuCheck.obj
 0001:00005b20       ?ConEmuCheck@@YAHPEAPEAUHWND__@@@Z 0000000180006b20 f   ConEmuCheck.obj
 0001:00005b70       ?GuiMessageBox@@YAHPEAUHWND__@@PEB_W1H@Z 0000000180006b70 f   ConEmuCheck.obj
 0001:00005da0       ?InitName@?$MFileMapping@UCESERVER_CONSOLE_MAPPING_HDR@@@@QEAAPEB_WPEB_WKK@Z 0000000180006da0 f i ConEmuCheck.obj
 0001:00005e00       ?CloseMap@?$MFileMapping@UCESERVER_CONSOLE_MAPPING_HDR@@@@QEAAXXZ 0000000180006e00 f i ConEmuCheck.obj
 0001:00005e90       ?Open@?$MFileMapping@UCESERVER_CONSOLE_MAPPING_HDR@@@@QEAAPEAUCESERVER_CONSOLE_MAPPING_HDR@@HH@Z 0000000180006e90 f i ConEmuCheck.obj
 0001:00005ec0       ??0?$MFileMapping@UCESERVER_CONSOLE_MAPPING_HDR@@@@QEAA@XZ 0000000180006ec0 f i ConEmuCheck.obj
 0001:00005f30       ??1?$MFileMapping@UCESERVER_CONSOLE_MAPPING_HDR@@@@QEAA@XZ 0000000180006f30 f i ConEmuCheck.obj
 0001:00005f60       ?InitName@?$MFileMapping@UConEmuGuiMapping@@@@QEAAPEB_WPEB_WKK@Z 0000000180006f60 f i ConEmuCheck.obj
 0001:00005fc0       ?CloseMap@?$MFileMapping@UConEmuGuiMapping@@@@QEAAXXZ 0000000180006fc0 f i ConEmuCheck.obj
 0001:00006050       ?Open@?$MFileMapping@UConEmuGuiMapping@@@@QEAAPEAUConEmuGuiMapping@@HH@Z 0000000180007050 f i ConEmuCheck.obj
 0001:00006080       ??0?$MFileMapping@UConEmuGuiMapping@@@@QEAA@XZ 0000000180007080 f i ConEmuCheck.obj
 0001:000060f0       ??1?$MFileMapping@UConEmuGuiMapping@@@@QEAA@XZ 00000001800070f0 f i ConEmuCheck.obj
 0001:00006120       ?ClosePtr@?$MFileMapping@UCESERVER_CONSOLE_MAPPING_HDR@@@@QEAAXXZ 0000000180007120 f i ConEmuCheck.obj
 0001:00006160       ?InternalOpenCreate@?$MFileMapping@UCESERVER_CONSOLE_MAPPING_HDR@@@@IEAAPEAUCESERVER_CONSOLE_MAPPING_HDR@@HHH@Z 0000000180007160 f i ConEmuCheck.obj
 0001:00006410       ?ClosePtr@?$MFileMapping@UConEmuGuiMapping@@@@QEAAXXZ 0000000180007410 f i ConEmuCheck.obj
 0001:00006450       ?InternalOpenCreate@?$MFileMapping@UConEmuGuiMapping@@@@IEAAPEAUConEmuGuiMapping@@HHH@Z 0000000180007450 f i ConEmuCheck.obj
 0001:00006700       ??$wcscpy_c@$0CA@@@YAHAEAY0CA@_WPEB_W@Z 0000000180007700 f i ConEmuCheck.obj
 0001:00006730       ??$wcscpy_c@$0CAI@@@YAHAEAY0CAI@_WPEB_W@Z 0000000180007730 f i ConEmuCheck.obj
 0001:00006760       ?LoadGuiMapping@@YAHPEAUHWND__@@AEAUConEmuGuiMapping@@@Z 0000000180007760 f   ConEmuCheckEx.obj
 0001:000067b0       ?IsConEmuExeExist@@YAHPEB_WAEAY0BAF@_W@Z 00000001800077b0 f   ConEmuCheckEx.obj
 0001:00006890       ?FindConEmuBaseDir@@YAHAEAY0BAF@_W0PEAUHINSTANCE__@@@Z 0000000180007890 f   ConEmuCheckEx.obj
 0001:00006f00       ??$wcscpy_c@$0BAF@@@YAHAEAY0BAF@_WPEB_W@Z 0000000180007f00 f i ConEmuCheckEx.obj
 0001:00007060       ??$wcscpy_add@$0BAF@@@YAHPEA_WAEAY0BAF@_WPEB_W@Z 0000000180008060 f i ConEmuCheckEx.obj
 0001:000070d0       ??$wcscat_c@$0BAF@@@YAHAEAY0BAF@_WPEB_W@Z 00000001800080d0 f i ConEmuCheckEx.obj
 0001:00007100       ?StringCchCatW@@YAJPEA_W_KPEB_W@Z 0000000180008100 f i ConEmuCheckEx.obj
 0001:00007290       ?StartupHooks@@YA_NPEAUHINSTANCE__@@@Z 0000000180008290 f   ConEmuInjects.obj
 0001:00007790       ?ShutdownHooks@@YAXXZ      0000000180008790 f   ConEmuInjects.obj
 0001:00007a20       ??$wcscpy_c@$0EA@@@YAHAEAY0EA@_WPEB_W@Z 0000000180008a20 f i ConEmuInjects.obj
 0001:00007b80       DllMain                    0000000180008b80 f   ConEmuPlugin.obj
 0001:00007bd0       ?GetPluginInfo@@YAXPEAX@Z  0000000180008bd0 f   ConEmuPlugin.obj
 0001:00007c40       ?GetPluginInfoW@@YAXPEAX@Z 0000000180008c40 f   ConEmuPlugin.obj
 0001:00007c70       ?IsConsoleActive@@YAHXZ    0000000180008c70 f   ConEmuPlugin.obj
 0001:00007cf0       ?GetFarHWND2@@YAPEAUHWND__@@H@Z 0000000180008cf0 f   ConEmuPlugin.obj
 0001:00007d80       ?GetFarHWND@@YAPEAUHWND__@@XZ 0000000180008d80 f   ConEmuPlugin.obj
 0001:00007d90       ?IsTerminalMode@@YAHXZ     0000000180008d90 f   ConEmuPlugin.obj
 0001:00007da0       ?GetFarVersion@@YAXPEAUFarVersion@@@Z 0000000180008da0 f   ConEmuPlugin.obj
 0001:00007dd0       ?RegisterPanelView@@YAHPEAUPanelViewInit@@@Z 0000000180008dd0 f   ConEmuPlugin.obj
 0001:000080a0       ?RegisterBackground@@YAHPEAURegisterBackgroundArg@@@Z 00000001800090a0 f   ConEmuPlugin.obj
 0001:00008140       ?SyncExecute@@YAHPEAUHINSTANCE__@@P6AX_J@Z1@Z 0000000180009140 f   ConEmuPlugin.obj
 0001:000081c0       ?ActivateConsole@@YAHXZ    00000001800091c0 f   ConEmuPlugin.obj
 0001:00008280       ??4HWND2@@QEAAAEAU0@PEAUHWND__@@@Z 0000000180009280 f i ConEmuPlugin.obj
 0001:000082a0       ?SetStartupInfo@@YAXPEAX@Z 00000001800092a0 f   ConEmuPlugin.obj
 0001:00008320       SetStartupInfoW            0000000180009320 f   ConEmuPlugin.obj
 0001:00008360       ?GetMinFarVersion@@YAHXZ   0000000180009360 f   ConEmuPlugin.obj
 0001:000083d0       GetMinFarVersionW          00000001800093d0 f   ConEmuPlugin.obj
 0001:000083e0       ProcessSynchroEventW       00000001800093e0 f   ConEmuPlugin.obj
 0001:00008410       ?ProcessSynchroEventW3@@YA_JPEAX@Z 0000000180009410 f   ConEmuPlugin.obj
 0001:00008450       ?ProcessEditorEvent@@YAHHPEAX@Z 0000000180009450 f   ConEmuPlugin.obj
 0001:00008480       ProcessEditorEventW        0000000180009480 f   ConEmuPlugin.obj
 0001:000084b0       ?ProcessEditorEventW3@@YA_JPEAX@Z 00000001800094b0 f   ConEmuPlugin.obj
 0001:000084f0       ?ProcessViewerEvent@@YAHHPEAX@Z 00000001800094f0 f   ConEmuPlugin.obj
 0001:00008520       ProcessViewerEventW        0000000180009520 f   ConEmuPlugin.obj
 0001:00008550       ?ProcessViewerEventW3@@YA_JPEAX@Z 0000000180009550 f   ConEmuPlugin.obj
 0001:00008590       ?ProcessEditorInput@@YAHPEBU_INPUT_RECORD@@@Z 0000000180009590 f   ConEmuPlugin.obj
 0001:000085c0       ProcessEditorInputW        00000001800095c0 f   ConEmuPlugin.obj
 0001:000085f0       ?OpenPlugin@@YAPEAXH_J@Z   00000001800095f0 f   ConEmuPlugin.obj
 0001:00008620       OpenPluginW                0000000180009620 f   ConEmuPlugin.obj
 0001:00008680       ?OpenW@@YAPEAXPEBX@Z       0000000180009680 f   ConEmuPlugin.obj
 0001:000086b0       ?ExitFAR@@YAXXZ            00000001800096b0 f   ConEmuPlugin.obj
 0001:00008720       ExitFARW                   0000000180009720 f   ConEmuPlugin.obj
 0001:00008790       ?ExitFARW3@@YAXPEAX@Z      0000000180009790 f   ConEmuPlugin.obj
 0001:00008800       ?SetupExportsFar3@@YAXXZ   0000000180009800 f   ConEmuPlugin.obj
 0001:00008b00       ?_calloc@@YAPEAX_K0@Z      0000000180009b00 f   ConEmuPlugin.obj
 0001:00008b30       ?_malloc@@YAPEAX_K@Z       0000000180009b30 f   ConEmuPlugin.obj
 0001:00008b50       ?_free@@YAXPEAX@Z          0000000180009b50 f   ConEmuPlugin.obj
 0001:00008b70       ??0CPluginW1900@@QEAA@XZ   0000000180009b70 f   ConEmuPlugin1900.obj
 0001:00008e70       ??_GCPluginW1900@@UEAAPEAXI@Z 0000000180009e70 f i ConEmuPlugin1900.obj
 0001:00008e70       ??_ECPluginW1900@@UEAAPEAXI@Z 0000000180009e70 f i ConEmuPlugin1900.obj
 0001:00008eb0       ??1CPluginW1900@@UEAA@XZ   0000000180009eb0 f i ConEmuPlugin1900.obj
 0001:00008ee0       ?ProcessEditorEventPtr@CPluginW1900@@UEAAHPEAX@Z 0000000180009ee0 f   ConEmuPlugin1900.obj
 0001:00008f20       ?ProcessViewerEventPtr@CPluginW1900@@UEAAHPEAX@Z 0000000180009f20 f   ConEmuPlugin1900.obj
 0001:00008f60       ?ProcessSynchroEventPtr@CPluginW1900@@UEAAHPEAX@Z 0000000180009f60 f   ConEmuPlugin1900.obj
 0001:00008fa0       ?GetPanelDir@CPluginW1900@@UEAAPEA_WKPEA_WH@Z 0000000180009fa0 f   ConEmuPlugin1900.obj
 0001:000091d0       ?GetPanelInfo@CPluginW1900@@UEAA_NKPEAUCEPanelInfo@@@Z 000000018000a1d0 f   ConEmuPlugin1900.obj
 0001:00009780       ?GetPanelItemInfo@CPluginW1900@@UEAA_NAEBUCEPanelInfo@@_N_JAEAU_WIN32_FIND_DATAW@@PEAPEA_W@Z 000000018000a780 f   ConEmuPlugin1900.obj
 0001:00009ab0       ?PanelControlApi@CPluginW1900@@UEAA_JPEAXH_J0@Z 000000018000aab0 f   ConEmuPlugin1900.obj
 0001:00009b20       ?GetPluginInfoPtr@CPluginW1900@@UEAAXPEAX@Z 000000018000ab20 f   ConEmuPlugin1900.obj
 0001:00009bc0       ?SetStartupInfoPtr@CPluginW1900@@UEAAXPEAX@Z 000000018000abc0 f   ConEmuPlugin1900.obj
 0001:00009d90       ?GetEditorModifiedState@CPluginW1900@@UEAAKXZ 000000018000ad90 f   ConEmuPlugin1900.obj
 0001:00009e00       ?ProcessEditorInputPtr@CPluginW1900@@UEAAHPEBX@Z 000000018000ae00 f   ConEmuPlugin1900.obj
 0001:00009e40       ?GetWindowCount@CPluginW1900@@UEAAHXZ 000000018000ae40 f   ConEmuPlugin1900.obj
 0001:00009ea0       ?UpdateConEmuTabsApi@CPluginW1900@@UEAA_NH@Z 000000018000aea0 f   ConEmuPlugin1900.obj
 0001:0000a540       ?ExitFar@CPluginW1900@@UEAAXXZ 000000018000b540 f   ConEmuPlugin1900.obj
 0001:0000a5f0       ?ShowMessage@CPluginW1900@@UEAAHPEB_WH_N@Z 000000018000b5f0 f   ConEmuPlugin1900.obj
 0001:0000a6b0       ?GetMsg@CPluginW1900@@UEAAPEB_WHPEA_W_K@Z 000000018000b6b0 f   ConEmuPlugin1900.obj
 0001:0000a750       ?SetWindow@CPluginW1900@@UEAAXH@Z 000000018000b750 f   ConEmuPlugin1900.obj
 0001:0000a7d0       ?PostMacroApi@CPluginW1900@@UEAAXPEB_WPEAU_INPUT_RECORD@@_N@Z 000000018000b7d0 f   ConEmuPlugin1900.obj
 0001:0000b420       ?wcsstr@@YAPEA_WPEA_WPEB_W@Z 000000018000c420 f i ConEmuPlugin1900.obj
 0001:0000b450       ?ShowPluginMenu@CPluginW1900@@UEAAHPEAUConEmuPluginMenuItem@@HH@Z 000000018000c450 f   ConEmuPlugin1900.obj
 0001:0000b730       ?OpenEditor@CPluginW1900@@UEAA_NPEB_W_N11HH@Z 000000018000c730 f   ConEmuPlugin1900.obj
 0001:0000b960       ?ExecuteSynchroApi@CPluginW1900@@UEAA_NXZ 000000018000c960 f   ConEmuPlugin1900.obj
 0001:0000b9b0       ?WaitEndSynchro@CPluginW1900@@UEAAXXZ 000000018000c9b0 f   ConEmuPlugin1900.obj
 0001:0000b9c0       ?StopWaitEndSynchro@CPluginW1900@@UEAAXXZ 000000018000c9c0 f   ConEmuPlugin1900.obj
 0001:0000b9d0       ?IsMacroActive@CPluginW1900@@UEAA_NXZ 000000018000c9d0 f   ConEmuPlugin1900.obj
 0001:0000ba30       ?GetMacroArea@CPluginW1900@@UEAAHXZ 000000018000ca30 f   ConEmuPlugin1900.obj
 0001:0000ba70       ?RedrawAll@CPluginW1900@@UEAAXXZ 000000018000ca70 f   ConEmuPlugin1900.obj
 0001:0000bac0       ?InputBox@CPluginW1900@@UEAA_NPEB_W000AEAPEA_W@Z 000000018000cac0 f   ConEmuPlugin1900.obj
 0001:0000bb90       ?ShowUserScreen@CPluginW1900@@UEAAX_N@Z 000000018000cb90 f   ConEmuPlugin1900.obj
 0001:0000bc00       ?LoadFarColors@CPluginW1900@@UEAAXAEAY0BAA@E@Z 000000018000cc00 f   ConEmuPlugin1900.obj
 0001:0000be70       ?FarColor_3_2@@YAEAEBUFarColor@@@Z 000000018000ce70 f i ConEmuPlugin1900.obj
 0001:0000bfa0       ?Color2FgIndex@Far3Color@@SAXKAEAGPEBK@Z 000000018000cfa0 f i ConEmuPlugin1900.obj
 0001:0000c130       ?Max@Far3Color@@SAHHH@Z    000000018000d130 f i ConEmuPlugin1900.obj
 0001:0000c160       ?GetStdIndex@Far3Color@@SAHKPEBK@Z 000000018000d160 f i ConEmuPlugin1900.obj
 0001:0000c1e0       ?GetStdPalette@Far3Color@@SAPEBKXZ 000000018000d1e0 f i ConEmuPlugin1900.obj
 0001:0000c1f0       ?Color2BgIndex@Far3Color@@SAXKHAEAGPEBK@Z 000000018000d1f0 f i ConEmuPlugin1900.obj
 0001:0000c3d0       ?LoadFarSettings@CPluginW1900@@UEAAXPEAUCEFarInterfaceSettings@@PEAUCEFarPanelSettings@@@Z 000000018000d3d0 f   ConEmuPlugin1900.obj
 0001:0000c670       ?GetFarRect@CPluginW1900@@UEAA_NAEAU_SMALL_RECT@@@Z 000000018000d670 f   ConEmuPlugin1900.obj
 0001:0000c700       ?CheckPanelExist@CPluginW1900@@UEAA_NXZ 000000018000d700 f   ConEmuPlugin1900.obj
 0001:0000c770       ?GetActiveWindowType@CPluginW1900@@UEAAHXZ 000000018000d770 f   ConEmuPlugin1900.obj
 0001:0000c870       ?GetWindowTypeName@CPluginW1900@@UEAAPEB_WH@Z 000000018000d870 f   ConEmuPlugin1900.obj
 0001:0000c930       ?GuiMacroDlg@CPluginW1900@@UEAAXXZ 000000018000d930 f   ConEmuPlugin1900.obj
 0001:0000d080       ?Open@CPluginW1900@@UEAAPEAXPEBX@Z 000000018000e080 f   ConEmuPlugin1900.obj
 0001:0000d2e0       GetGlobalInfoW             000000018000e2e0 f   ConEmuPlugin2800.obj
 0001:0000d500       ??0CPluginW2800@@QEAA@XZ   000000018000e500 f   ConEmuPlugin2800.obj
 0001:0000d800       ??_ECPluginW2800@@UEAAPEAXI@Z 000000018000e800 f i ConEmuPlugin2800.obj
 0001:0000d800       ??_GCPluginW2800@@UEAAPEAXI@Z 000000018000e800 f i ConEmuPlugin2800.obj
 0001:0000d840       ??1CPluginW2800@@UEAA@XZ   000000018000e840 f i ConEmuPlugin2800.obj
 0001:0000d870       ?GetPanelDir@CPluginW2800@@UEAAPEA_WKPEA_WH@Z 000000018000e870 f   ConEmuPlugin2800.obj
 0001:0000daa0       ?GetPanelInfo@CPluginW2800@@UEAA_NKPEAUCEPanelInfo@@@Z 000000018000eaa0 f   ConEmuPlugin2800.obj
 0001:0000e050       ?GetPanelItemInfo@CPluginW2800@@UEAA_NAEBUCEPanelInfo@@_N_JAEAU_WIN32_FIND_DATAW@@PEAPEA_W@Z 000000018000f050 f   ConEmuPlugin2800.obj
 0001:0000e380       ?PanelControlApi@CPluginW2800@@UEAA_JPEAXH_J0@Z 000000018000f380 f   ConEmuPlugin2800.obj
 0001:0000e3f0       ?GetPluginInfoPtr@CPluginW2800@@UEAAXPEAX@Z 000000018000f3f0 f   ConEmuPlugin2800.obj
 0001:0000e490       ?SetStartupInfoPtr@CPluginW2800@@UEAAXPEAX@Z 000000018000f490 f   ConEmuPlugin2800.obj
 0001:0000e660       ?GetEditorModifiedState@CPluginW2800@@UEAAKXZ 000000018000f660 f   ConEmuPlugin2800.obj
 0001:0000e6d0       ?ProcessEditorEventPtr@CPluginW2800@@UEAAHPEAX@Z 000000018000f6d0 f   ConEmuPlugin2800.obj
 0001:0000e710       ?ProcessViewerEventPtr@CPluginW2800@@UEAAHPEAX@Z 000000018000f710 f   ConEmuPlugin2800.obj
 0001:0000e750       ?ProcessSynchroEventPtr@CPluginW2800@@UEAAHPEAX@Z 000000018000f750 f   ConEmuPlugin2800.obj
 0001:0000e790       ?ProcessEditorInputPtr@CPluginW2800@@UEAAHPEBX@Z 000000018000f790 f   ConEmuPlugin2800.obj
 0001:0000e7d0       ?GetWindowCount@CPluginW2800@@UEAAHXZ 000000018000f7d0 f   ConEmuPlugin2800.obj
 0001:0000e830       ?UpdateConEmuTabsApi@CPluginW2800@@UEAA_NH@Z 000000018000f830 f   ConEmuPlugin2800.obj
 0001:0000f280       ?ExitFar@CPluginW2800@@UEAAXXZ 0000000180010280 f   ConEmuPlugin2800.obj
 0001:0000f330       ?ShowMessage@CPluginW2800@@UEAAHPEB_WH_N@Z 0000000180010330 f   ConEmuPlugin2800.obj
 0001:0000f3f0       ?GetMsg@CPluginW2800@@UEAAPEB_WHPEA_W_K@Z 00000001800103f0 f   ConEmuPlugin2800.obj
 0001:0000f490       ?SetWindow@CPluginW2800@@UEAAXH@Z 0000000180010490 f   ConEmuPlugin2800.obj
 0001:0000f510       ?PostMacroApi@CPluginW2800@@UEAAXPEB_WPEAU_INPUT_RECORD@@_N@Z 0000000180010510 f   ConEmuPlugin2800.obj
 0001:0000fb30       ?ShowPluginMenu@CPluginW2800@@UEAAHPEAUConEmuPluginMenuItem@@HH@Z 0000000180010b30 f   ConEmuPlugin2800.obj
 0001:0000fe10       ?OpenEditor@CPluginW2800@@UEAA_NPEB_W_N11HH@Z 0000000180010e10 f   ConEmuPlugin2800.obj
 0001:00010050       ?ExecuteSynchroApi@CPluginW2800@@UEAA_NXZ 0000000180011050 f   ConEmuPlugin2800.obj
 0001:000100a0       ?WaitEndSynchro@CPluginW2800@@UEAAXXZ 00000001800110a0 f   ConEmuPlugin2800.obj
 0001:000100b0       ?StopWaitEndSynchro@CPluginW2800@@UEAAXXZ 00000001800110b0 f   ConEmuPlugin2800.obj
 0001:000100c0       ?IsMacroActive@CPluginW2800@@UEAA_NXZ 00000001800110c0 f   ConEmuPlugin2800.obj
 0001:00010120       ?GetMacroArea@CPluginW2800@@UEAAHXZ 0000000180011120 f   ConEmuPlugin2800.obj
 0001:00010160       ?RedrawAll@CPluginW2800@@UEAAXXZ 0000000180011160 f   ConEmuPlugin2800.obj
 0001:000101b0       ?InputBox@CPluginW2800@@UEAA_NPEB_W000AEAPEA_W@Z 00000001800111b0 f   ConEmuPlugin2800.obj
 0001:00010280       ?ShowUserScreen@CPluginW2800@@UEAAX_N@Z 0000000180011280 f   ConEmuPlugin2800.obj
 0001:000102f0       ?LoadFarColors@CPluginW2800@@UEAAXAEAY0BAA@E@Z 00000001800112f0 f   ConEmuPlugin2800.obj
 0001:00010560       ?LoadFarSettings@CPluginW2800@@UEAAXPEAUCEFarInterfaceSettings@@PEAUCEFarPanelSettings@@@Z 0000000180011560 f   ConEmuPlugin2800.obj
 0001:00010810       ?GetFarRect@CPluginW2800@@UEAA_NAEAU_SMALL_RECT@@@Z 0000000180011810 f   ConEmuPlugin2800.obj
 0001:000108a0       ?CheckPanelExist@CPluginW2800@@UEAA_NXZ 00000001800118a0 f   ConEmuPlugin2800.obj
 0001:00010910       ?GetActiveWindowType@CPluginW2800@@UEAAHXZ 0000000180011910 f   ConEmuPlugin2800.obj
 0001:00010a20       ?GetWindowTypeName@CPluginW2800@@UEAAPEB_WH@Z 0000000180011a20 f   ConEmuPlugin2800.obj
 0001:00010ae0       ?GuiMacroDlg@CPluginW2800@@UEAAXXZ 0000000180011ae0 f   ConEmuPlugin2800.obj
 0001:00011240       ?Open@CPluginW2800@@UEAAPEAXPEBX@Z 0000000180012240 f   ConEmuPlugin2800.obj
 0001:00011540       ??0FarMacroValue@@QEAA@XZ  0000000180012540 f i ConEmuPlugin2800.obj
 0001:00011590       ??0?$MArray@UWindowInfo@@@@QEAA@XZ 0000000180012590 f i ConEmuPlugin2800.obj
 0001:000115f0       ??1?$MArray@UWindowInfo@@@@QEAA@XZ 00000001800125f0 f i ConEmuPlugin2800.obj
 0001:00011610       ??A?$MArray@UWindowInfo@@@@QEBAAEBUWindowInfo@@_J@Z 0000000180012610 f i ConEmuPlugin2800.obj
 0001:00011630       ??A?$MArray@UWindowInfo@@@@QEAAAEAUWindowInfo@@_J@Z 0000000180012630 f i ConEmuPlugin2800.obj
 0001:00011650       ?push_back@?$MArray@UWindowInfo@@@@QEAA_JAEBUWindowInfo@@@Z 0000000180012650 f i ConEmuPlugin2800.obj
 0001:00011720       ?insert@?$MArray@UWindowInfo@@@@QEAAX_JAEBUWindowInfo@@@Z 0000000180012720 f i ConEmuPlugin2800.obj
 0001:00011830       ?erase@?$MArray@UWindowInfo@@@@QEAAX_J@Z 0000000180012830 f i ConEmuPlugin2800.obj
 0001:000118f0       ?size@?$MArray@UWindowInfo@@@@QEBA_JXZ 00000001800128f0 f i ConEmuPlugin2800.obj
 0001:00011900       ?clear@?$MArray@UWindowInfo@@@@QEAAXXZ 0000000180012900 f i ConEmuPlugin2800.obj
 0001:00011950       ?addsize@?$MArray@UWindowInfo@@@@QEAAX_J@Z 0000000180012950 f i ConEmuPlugin2800.obj
 0001:00011a90       ??0CPluginW995@@QEAA@XZ    0000000180012a90 f   ConEmuPlugin995.obj
 0001:00011da0       ?Open@CPluginW995@@UEAAPEAXPEBX@Z 0000000180012da0 f i ConEmuPlugin995.obj
 0001:00011dc0       ?ProcessEditorEventPtr@CPluginW995@@UEAAHPEAX@Z 0000000180012dc0 f i ConEmuPlugin995.obj
 0001:00011dd0       ?ProcessSynchroEventPtr@CPluginW995@@UEAAHPEAX@Z 0000000180012dd0 f i ConEmuPlugin995.obj
 0001:00011de0       ?ProcessViewerEventPtr@CPluginW995@@UEAAHPEAX@Z 0000000180012de0 f i ConEmuPlugin995.obj
 0001:00011df0       ??_GCPluginW995@@UEAAPEAXI@Z 0000000180012df0 f i ConEmuPlugin995.obj
 0001:00011df0       ??_ECPluginW995@@UEAAPEAXI@Z 0000000180012df0 f i ConEmuPlugin995.obj
 0001:00011e30       ??1CPluginW995@@UEAA@XZ    0000000180012e30 f i ConEmuPlugin995.obj
 0001:00011e60       ?GetPanelDir@CPluginW995@@UEAAPEA_WKPEA_WH@Z 0000000180012e60 f   ConEmuPlugin995.obj
 0001:00012050       ?GetPanelInfo@CPluginW995@@UEAA_NKPEAUCEPanelInfo@@@Z 0000000180013050 f   ConEmuPlugin995.obj
 0001:00012510       ?GetPanelItemInfo@CPluginW995@@UEAA_NAEBUCEPanelInfo@@_N_JAEAU_WIN32_FIND_DATAW@@PEAPEA_W@Z 0000000180013510 f   ConEmuPlugin995.obj
 0001:00012820       ?PanelControlApi@CPluginW995@@UEAA_JPEAXH_J0@Z 0000000180013820 f   ConEmuPlugin995.obj
 0001:00012890       ?GetPluginInfoPtr@CPluginW995@@UEAAXPEAX@Z 0000000180013890 f   ConEmuPlugin995.obj
 0001:00012950       ?SetStartupInfoPtr@CPluginW995@@UEAAXPEAX@Z 0000000180013950 f   ConEmuPlugin995.obj
 0001:00012b50       ?GetEditorModifiedState@CPluginW995@@UEAAKXZ 0000000180013b50 f   ConEmuPlugin995.obj
 0001:00012bb0       ?ProcessEditorInputPtr@CPluginW995@@UEAAHPEBX@Z 0000000180013bb0 f   ConEmuPlugin995.obj
 0001:00012bf0       ?GetWindowCount@CPluginW995@@UEAAHXZ 0000000180013bf0 f   ConEmuPlugin995.obj
 0001:00012c50       ?UpdateConEmuTabsApi@CPluginW995@@UEAA_NH@Z 0000000180013c50 f   ConEmuPlugin995.obj
 0001:00012fd0       ?ExitFar@CPluginW995@@UEAAXXZ 0000000180013fd0 f   ConEmuPlugin995.obj
 0001:00013080       ?ShowMessage@CPluginW995@@UEAAHPEB_WH_N@Z 0000000180014080 f   ConEmuPlugin995.obj
 0001:00013140       ?GetMsg@CPluginW995@@UEAAPEB_WHPEA_W_K@Z 0000000180014140 f   ConEmuPlugin995.obj
 0001:000131e0       ?SetWindow@CPluginW995@@UEAAXH@Z 00000001800141e0 f   ConEmuPlugin995.obj
 0001:00013260       ?PostMacroApi@CPluginW995@@UEAAXPEB_WPEAU_INPUT_RECORD@@_N@Z 0000000180014260 f   ConEmuPlugin995.obj
 0001:00013360       ?ShowPluginMenu@CPluginW995@@UEAAHPEAUConEmuPluginMenuItem@@HH@Z 0000000180014360 f   ConEmuPlugin995.obj
 0001:000135e0       ?OpenEditor@CPluginW995@@UEAA_NPEB_W_N11HH@Z 00000001800145e0 f   ConEmuPlugin995.obj
 0001:000137f0       ?ExecuteSynchroApi@CPluginW995@@UEAA_NXZ 00000001800147f0 f   ConEmuPlugin995.obj
 0001:00013840       ?WaitEndSynchro@CPluginW995@@UEAAXXZ 0000000180014840 f   ConEmuPlugin995.obj
 0001:00013ab0       ?StopWaitEndSynchro@CPluginW995@@UEAAXXZ 0000000180014ab0 f   ConEmuPlugin995.obj
 0001:00013af0       ?IsMacroActive@CPluginW995@@UEAA_NXZ 0000000180014af0 f   ConEmuPlugin995.obj
 0001:00013b70       ?GetMacroArea@CPluginW995@@UEAAHXZ 0000000180014b70 f   ConEmuPlugin995.obj
 0001:00013bc0       ?RedrawAll@CPluginW995@@UEAAXXZ 0000000180014bc0 f   ConEmuPlugin995.obj
 0001:00013c10       ?InputBox@CPluginW995@@UEAA_NPEB_W000AEAPEA_W@Z 0000000180014c10 f   ConEmuPlugin995.obj
 0001:00013cc0       ?ShowUserScreen@CPluginW995@@UEAAX_N@Z 0000000180014cc0 f   ConEmuPlugin995.obj
 0001:00013d30       ?LoadFarColors@CPluginW995@@UEAAXAEAY0BAA@E@Z 0000000180014d30 f   ConEmuPlugin995.obj
 0001:00013e60       ?LoadFarSettings@CPluginW995@@UEAAXPEAUCEFarInterfaceSettings@@PEAUCEFarPanelSettings@@@Z 0000000180014e60 f   ConEmuPlugin995.obj
 0001:00013ef0       ?GetFarRect@CPluginW995@@UEAA_NAEAU_SMALL_RECT@@@Z 0000000180014ef0 f   ConEmuPlugin995.obj
 0001:00013f80       ?CheckPanelExist@CPluginW995@@UEAA_NXZ 0000000180014f80 f   ConEmuPlugin995.obj
 0001:00013ff0       ?GetActiveWindowType@CPluginW995@@UEAAHXZ 0000000180014ff0 f   ConEmuPlugin995.obj
 0001:00014110       ?GetWindowTypeName@CPluginW995@@UEAAPEB_WH@Z 0000000180015110 f   ConEmuPlugin995.obj
 0001:000141d0       ?GuiMacroDlg@CPluginW995@@UEAAXXZ 00000001800151d0 f   ConEmuPlugin995.obj
 0001:000148b0       ??0CPluginAnsi@@QEAA@XZ    00000001800158b0 f   ConEmuPluginA.obj
 0001:00014b80       ?ExecuteSynchroApi@CPluginAnsi@@UEAA_NXZ 0000000180015b80 f i ConEmuPluginA.obj
 0001:00014b90       ?GetFarRect@CPluginAnsi@@UEAA_NAEAU_SMALL_RECT@@@Z 0000000180015b90 f i ConEmuPluginA.obj
 0001:00014ba0       ?Open@CPluginAnsi@@UEAAPEAXPEBX@Z 0000000180015ba0 f i ConEmuPluginA.obj
 0001:00014bc0       ?ProcessEditorEventPtr@CPluginAnsi@@UEAAHPEAX@Z 0000000180015bc0 f i ConEmuPluginA.obj
 0001:00014bd0       ?ProcessEditorInputPtr@CPluginAnsi@@UEAAHPEBX@Z 0000000180015bd0 f i ConEmuPluginA.obj
 0001:00014be0       ?ProcessSynchroEventPtr@CPluginAnsi@@UEAAHPEAX@Z 0000000180015be0 f i ConEmuPluginA.obj
 0001:00014bf0       ?ProcessViewerEventPtr@CPluginAnsi@@UEAAHPEAX@Z 0000000180015bf0 f i ConEmuPluginA.obj
 0001:00014c00       ?StopWaitEndSynchro@CPluginAnsi@@UEAAXXZ 0000000180015c00 f i ConEmuPluginA.obj
 0001:00014c10       ?WaitEndSynchro@CPluginAnsi@@UEAAXXZ 0000000180015c10 f i ConEmuPluginA.obj
 0001:00014c20       ??_ECPluginAnsi@@UEAAPEAXI@Z 0000000180015c20 f i ConEmuPluginA.obj
 0001:00014c20       ??_GCPluginAnsi@@UEAAPEAXI@Z 0000000180015c20 f i ConEmuPluginA.obj
 0001:00014c60       ??1CPluginAnsi@@UEAA@XZ    0000000180015c60 f i ConEmuPluginA.obj
 0001:00014c90       ?GetPanelDir@CPluginAnsi@@UEAAPEA_WKPEA_WH@Z 0000000180015c90 f   ConEmuPluginA.obj
 0001:00014e00       ?GetPanelInfo@CPluginAnsi@@UEAA_NKPEAUCEPanelInfo@@@Z 0000000180015e00 f   ConEmuPluginA.obj
 0001:00015230       ?GetPanelItemInfo@CPluginAnsi@@UEAA_NAEBUCEPanelInfo@@_N_JAEAU_WIN32_FIND_DATAW@@PEAPEA_W@Z 0000000180016230 f   ConEmuPluginA.obj
 0001:00015460       ?PanelControlApi@CPluginAnsi@@UEAA_JPEAXH_J0@Z 0000000180016460 f   ConEmuPluginA.obj
 0001:000154d0       ?SetStartupInfoPtr@CPluginAnsi@@UEAAXPEAX@Z 00000001800164d0 f   ConEmuPluginA.obj
 0001:000156d0       ?GetPluginInfoPtr@CPluginAnsi@@UEAAXPEAX@Z 00000001800166d0 f   ConEmuPluginA.obj
 0001:000157c0       ?GetEditorModifiedState@CPluginAnsi@@UEAAKXZ 00000001800167c0 f   ConEmuPluginA.obj
 0001:00015830       ?GetWindowCount@CPluginAnsi@@UEAAHXZ 0000000180016830 f   ConEmuPluginA.obj
 0001:00015890       ?UpdateConEmuTabsApi@CPluginAnsi@@UEAA_NH@Z 0000000180016890 f   ConEmuPluginA.obj
 0001:00015c20       ?ExitFar@CPluginAnsi@@UEAAXXZ 0000000180016c20 f   ConEmuPluginA.obj
 0001:00015c80       ?SetWindow@CPluginAnsi@@UEAAXH@Z 0000000180016c80 f   ConEmuPluginA.obj
 0001:00015d00       ?PostMacroApi@CPluginAnsi@@UEAAXPEB_WPEAU_INPUT_RECORD@@_N@Z 0000000180016d00 f   ConEmuPluginA.obj
 0001:00015e30       ?ShowPluginMenu@CPluginAnsi@@UEAAHPEAUConEmuPluginMenuItem@@HH@Z 0000000180016e30 f   ConEmuPluginA.obj
 0001:00016130       ?OpenEditor@CPluginAnsi@@UEAA_NPEB_W_N11HH@Z 0000000180017130 f   ConEmuPluginA.obj
 0001:00016360       ?ShowMessage@CPluginAnsi@@UEAAHPEB_WH_N@Z 0000000180017360 f   ConEmuPluginA.obj
 0001:00016480       ?GetMsg@CPluginAnsi@@UEAAPEB_WHPEA_W_K@Z 0000000180017480 f   ConEmuPluginA.obj
 0001:00016580       ?IsMacroActive@CPluginAnsi@@UEAA_NXZ 0000000180017580 f   ConEmuPluginA.obj
 0001:00016600       ?GetMacroArea@CPluginAnsi@@UEAAHXZ 0000000180017600 f   ConEmuPluginA.obj
 0001:00016610       ?RedrawAll@CPluginAnsi@@UEAAXXZ 0000000180017610 f   ConEmuPluginA.obj
 0001:00016660       ?InputBox@CPluginAnsi@@UEAA_NPEB_W000AEAPEA_W@Z 0000000180017660 f   ConEmuPluginA.obj
 0001:000167f0       ?ShowUserScreen@CPluginAnsi@@UEAAX_N@Z 00000001800177f0 f   ConEmuPluginA.obj
 0001:00016860       ?LoadFarColors@CPluginAnsi@@UEAAXAEAY0BAA@E@Z 0000000180017860 f   ConEmuPluginA.obj
 0001:00016990       ?LoadFarSettings@CPluginAnsi@@UEAAXPEAUCEFarInterfaceSettings@@PEAUCEFarPanelSettings@@@Z 0000000180017990 f   ConEmuPluginA.obj
 0001:00016a20       ?CheckPanelExist@CPluginAnsi@@UEAA_NXZ 0000000180017a20 f   ConEmuPluginA.obj
 0001:00016a90       ?GetActiveWindowType@CPluginAnsi@@UEAAHXZ 0000000180017a90 f   ConEmuPluginA.obj
 0001:00016b10       ?GetWindowTypeName@CPluginAnsi@@UEAAPEB_WH@Z 0000000180017b10 f   ConEmuPluginA.obj
 0001:00016bd0       ?GuiMacroDlg@CPluginAnsi@@UEAAXXZ 0000000180017bd0 f   ConEmuPluginA.obj
 0001:000173d0       ?Plugin@@YAPEAVCPluginBase@@XZ 00000001800183d0 f   ConEmuPluginBase.obj
 0001:00017530       ??0CPluginBase@@QEAA@XZ    0000000180018530 f   ConEmuPluginBase.obj
 0001:00017880       ??_GCPluginBase@@UEAAPEAXI@Z 0000000180018880 f i ConEmuPluginBase.obj
 0001:00017880       ??_ECPluginBase@@UEAAPEAXI@Z 0000000180018880 f i ConEmuPluginBase.obj
 0001:000178c0       ??1CPluginBase@@UEAA@XZ    00000001800188c0 f   ConEmuPluginBase.obj
 0001:000178e0       ?DllMain_ProcessAttach@CPluginBase@@KAXPEAUHINSTANCE__@@@Z 00000001800188e0 f   ConEmuPluginBase.obj
 0001:00017a00       ?DllMain_ProcessDetach@CPluginBase@@KAXXZ 0000000180018a00 f   ConEmuPluginBase.obj
 0001:00017be0       ??_GMSection@@QEAAPEAXI@Z  0000000180018be0 f i ConEmuPluginBase.obj
 0001:00017c20       ??_GCPluginBackground@@QEAAPEAXI@Z 0000000180018c20 f i ConEmuPluginBase.obj
 0001:00017c60       ?LoadFarVersion@CPluginBase@@SA_NXZ 0000000180018c60 f   ConEmuPluginBase.obj
 0001:00018440       ?ShowMessageGui@CPluginBase@@QEAAHHH@Z 0000000180019440 f   ConEmuPluginBase.obj
 0001:00018510       ?BackgroundMacroError@CPluginBase@@SAKPEAX@Z 0000000180019510 f   ConEmuPluginBase.obj
 0001:00018560       ?PostMacro@CPluginBase@@QEAAXPEB_WPEAU_INPUT_RECORD@@_N@Z 0000000180019560 f   ConEmuPluginBase.obj
 0001:00018620       ?isMacroActive@CPluginBase@@QEAA_NAEAH@Z 0000000180019620 f   ConEmuPluginBase.obj
 0001:000186b0       ?CheckBufferEnabled@CPluginBase@@QEAA_NXZ 00000001800196b0 f   ConEmuPluginBase.obj
 0001:00018760       ?PanelControl@CPluginBase@@QEAA_JPEAXH_J0@Z 0000000180019760 f   ConEmuPluginBase.obj
 0001:00018850       ?GetPanelInfo@CPluginBase@@QEAA_NKPEAUBkPanelInfo@@@Z 0000000180019850 f   ConEmuPluginBase.obj
 0001:00018940       ?FillUpdateBackground@CPluginBase@@QEAAXPEAUPaintBackgroundArg@@@Z 0000000180019940 f   ConEmuPluginBase.obj
 0001:00018b70       ?StorePanelDirs@CPluginBase@@QEAA_NPEB_W0@Z 0000000180019b70 f   ConEmuPluginBase.obj
 0001:00018da0       wmemmove                   0000000180019da0 f i ConEmuPluginBase.obj
 0001:00018dd0       ?UpdatePanelDirs@CPluginBase@@QEAAXXZ 0000000180019dd0 f   ConEmuPluginBase.obj
 0001:00018fd0       ?IsFarLua@FarVersion@@QEBA_NXZ 0000000180019fd0 f i ConEmuPluginBase.obj
 0001:00019030       ?RunExternalProgram@CPluginBase@@QEAA_NPEA_W@Z 000000018001a030 f   ConEmuPluginBase.obj
 0001:000192d0       ?ProcessCommandLine@CPluginBase@@QEAA_NPEA_W@Z 000000018001a2d0 f   ConEmuPluginBase.obj
 0001:00019330       ?ShowPluginMenu@CPluginBase@@QEAAXW4PluginCallCommands@@@Z 000000018001a330 f   ConEmuPluginBase.obj
 0001:00019670       ?ShowTabsList@CPluginBase@@QEAAXXZ 000000018001a670 f   ConEmuPluginBase.obj
 0001:00019ba0       ?ShowPanelsList@CPluginBase@@QEAAXXZ 000000018001aba0 f   ConEmuPluginBase.obj
 0001:00019db0       ?DataSize@CESERVER_REQ@@QEAAKXZ 000000018001adb0 f i ConEmuPluginBase.obj
 0001:00019df0       ?EditViewConsoleOutput@CPluginBase@@QEAAX_N@Z 000000018001adf0 f   ConEmuPluginBase.obj
 0001:00019f00       ?SwitchTabCommand@CPluginBase@@QEAAXW4PluginMenuCommands@@@Z 000000018001af00 f   ConEmuPluginBase.obj
 0001:00019fd0       ?ProcessSynchroEvent@CPluginBase@@QEAAHHPEAX@Z 000000018001afd0 f   ConEmuPluginBase.obj
 0001:0001a090       ?ProcessEditorInputInternal@CPluginBase@@QEAAXAEBU_INPUT_RECORD@@@Z 000000018001b090 f   ConEmuPluginBase.obj
 0001:0001a0f0       ?ProcessEditorViewerEvent@CPluginBase@@QEAAHHH@Z 000000018001b0f0 f   ConEmuPluginBase.obj
 0001:0001a240       ?isModalEditorViewer@CPluginBase@@QEAA_NXZ 000000018001b240 f   ConEmuPluginBase.obj
 0001:0001a290       ?GetMainThreadId@CPluginBase@@SAKXZ 000000018001b290 f   ConEmuPluginBase.obj
 0001:0001a340       ?ShowConsoleInfo@CPluginBase@@QEAAXXZ 000000018001b340 f   ConEmuPluginBase.obj
 0001:0001a5e0       ?RunExternalProgramW@CPluginBase@@SA_NPEA_W0_N@Z 000000018001b5e0 f   ConEmuPluginBase.obj
 0001:0001a910       ?StartDebugger@CPluginBase@@QEAA_NXZ 000000018001b910 f   ConEmuPluginBase.obj
 0001:0001ace0       ?Attach2Gui@CPluginBase@@QEAA_NXZ 000000018001bce0 f   ConEmuPluginBase.obj
 0001:0001b2a0       ?FindServerCmd@CPluginBase@@QEAA_NKAEAK_N@Z 000000018001c2a0 f   ConEmuPluginBase.obj
 0001:0001b3c0       ?ShowMessage@CPluginBase@@QEAAHHH@Z 000000018001c3c0 f   ConEmuPluginBase.obj
 0001:0001b450       ?OutDataAlloc@CPluginBase@@SA_NK@Z 000000018001c450 f   ConEmuPluginBase.obj
 0001:0001b4d0       ?OutDataRealloc@CPluginBase@@SA_NK@Z 000000018001c4d0 f   ConEmuPluginBase.obj
 0001:0001b5d0       ?OutDataWrite@CPluginBase@@SA_NPEAXK@Z 000000018001c5d0 f   ConEmuPluginBase.obj
 0001:0001b6c0       ?CreateTabs@CPluginBase@@SA_NH@Z 000000018001c6c0 f   ConEmuPluginBase.obj
 0001:0001b7c0       ?AddTab@CPluginBase@@QEAA_NAEAHH_N1HPEB_W2HHHH@Z 000000018001c7c0 f   ConEmuPluginBase.obj
 0001:0001be00       wmemcmp                    000000018001ce00 f i ConEmuPluginBase.obj
 0001:0001be90       ?SendTabs@CPluginBase@@SAXH_N@Z 000000018001ce90 f   ConEmuPluginBase.obj
 0001:0001c0d0       ?CloseTabs@CPluginBase@@SAXXZ 000000018001d0d0 f   ConEmuPluginBase.obj
 0001:0001c160       ?UpdateConEmuTabs@CPluginBase@@QEAA_N_N@Z 000000018001d160 f   ConEmuPluginBase.obj
 0001:0001c570       ?CheckResources@CPluginBase@@QEAAX_N@Z 000000018001d570 f   ConEmuPluginBase.obj
 0001:0001c700       ?InitResources@CPluginBase@@QEAAXXZ 000000018001d700 f   ConEmuPluginBase.obj
 0001:0001ca90       ?CloseMapHeader@CPluginBase@@SAXXZ 000000018001da90 f   ConEmuPluginBase.obj
 0001:0001cac0       ?OpenMapHeader@CPluginBase@@SAHXZ 000000018001dac0 f   ConEmuPluginBase.obj
 0001:0001cc10       ?InitRootRegKey@CPluginBase@@IEAAXXZ 000000018001dc10 f   ConEmuPluginBase.obj
 0001:0001cd70       ?SetRootRegKey@CPluginBase@@IEAAXPEA_W@Z 000000018001dd70 f   ConEmuPluginBase.obj
 0001:0001cea0       ?LoadPanelTabsFromRegistry@CPluginBase@@IEAAXXZ 000000018001dea0 f   ConEmuPluginBase.obj
 0001:0001d010       ?InitHWND@CPluginBase@@SAXXZ 000000018001e010 f   ConEmuPluginBase.obj
 0001:0001d350       ?CheckConEmuDetached@CPluginBase@@SAXXZ 000000018001e350 f   ConEmuPluginBase.obj
 0001:0001d400       ?EmergencyShow@CPluginBase@@KAXXZ 000000018001e400 f   ConEmuPluginBase.obj
 0001:0001d470       ?MonitorThreadProcW@CPluginBase@@SAKPEAX@Z 000000018001e470 f   ConEmuPluginBase.obj
 0001:0001d9a0       ?OpenPluginCommon@CPluginBase@@QEAAPEAXH_J_N@Z 000000018001e9a0 f   ConEmuPluginBase.obj
 0001:0001de70       ?ExitFarCommon@CPluginBase@@QEAAX_N@Z 000000018001ee70 f   ConEmuPluginBase.obj
 0001:0001dee0       ?OnMainThreadActivated@CPluginBase@@QEAAXXZ 000000018001eee0 f   ConEmuPluginBase.obj
 0001:0001e0e0       ?ProcessSetWindowCommand@CPluginBase@@QEAAXXZ 000000018001f0e0 f   ConEmuPluginBase.obj
 0001:0001e250       ?CommonPluginStartup@CPluginBase@@QEAAXXZ 000000018001f250 f   ConEmuPluginBase.obj
 0001:0001e380       ?StopThread@CPluginBase@@QEAAX_N@Z 000000018001f380 f   ConEmuPluginBase.obj
 0001:0001e7b0       ??_G?$MFileMapping@UCESERVER_CONSOLE_MAPPING_HDR@@@@QEAAPEAXI@Z 000000018001f7b0 f i ConEmuPluginBase.obj
 0001:0001e7f0       ?ShutdownPluginStep@CPluginBase@@SAXPEB_WHHHH@Z 000000018001f7f0 f   ConEmuPluginBase.obj
 0001:0001e810       ?ExecuteSynchro@CPluginBase@@QEAAXXZ 000000018001f810 f   ConEmuPluginBase.obj
 0001:0001e8f0       ?WaitPluginActivation@CPluginBase@@SAKKPEAPEAXHK@Z 000000018001f8f0 f   ConEmuPluginBase.obj
 0001:0001ea80       ?ActivatePlugin@CPluginBase@@QEAA_NKPEAXK@Z 000000018001fa80 f   ConEmuPluginBase.obj
 0001:0001edb0       ?cmd_OpenEditorLine@CPluginBase@@QEAA_NPEAUCESERVER_REQ_FAREDITOR@@@Z 000000018001fdb0 f   ConEmuPluginBase.obj
 0001:0001eee0       ?cmd_RedrawFarCall@CPluginBase@@QEAA_NAEAPEAUCESERVER_REQ@@PEAPEAU2@@Z 000000018001fee0 f   ConEmuPluginBase.obj
 0001:0001efd0       ?cmd_SetWindow@CPluginBase@@QEAA_NPEAX_N@Z 000000018001ffd0 f   ConEmuPluginBase.obj
 0001:0001f0b0       ?cmd_LeftClickSync@CPluginBase@@QEAAXPEAX@Z 00000001800200b0 f   ConEmuPluginBase.obj
 0001:0001f240       ?cmd_CloseQSearch@CPluginBase@@QEAAXXZ 0000000180020240 f   ConEmuPluginBase.obj
 0001:0001f2a0       ?cmd_EMenu@CPluginBase@@QEAAXPEAX@Z 00000001800202a0 f   ConEmuPluginBase.obj
 0001:0001f3b0       ?cmd_ExternalCallback@CPluginBase@@QEAA_NPEAX@Z 00000001800203b0 f   ConEmuPluginBase.obj
 0001:0001f450       ?cmd_ConSetFont@CPluginBase@@QEAAXPEAX@Z 0000000180020450 f   ConEmuPluginBase.obj
 0001:0001f4d0       ?cmd_GuiChanged@CPluginBase@@QEAAXPEAX@Z 00000001800204d0 f   ConEmuPluginBase.obj
 0001:0001f5e0       ?ProcessCommand@CPluginBase@@QEAA_NKHPEAXPEAPEAUCESERVER_REQ@@_N@Z 00000001800205e0 f   ConEmuPluginBase.obj
 0001:0001fd00       ?FarSetConsoleSize@CPluginBase@@SA_NFF@Z 0000000180020d00 f   ConEmuPluginBase.obj
 0001:0001fe70       ?ReloadFarInfoApi@CPluginBase@@IEAA_NXZ 0000000180020e70 f   ConEmuPluginBase.obj
 0001:00020120       ?ReloadFarInfo@CPluginBase@@QEAA_N_N@Z 0000000180021120 f   ConEmuPluginBase.obj
 0001:00020440       ?pcc_Selected@CPluginBase@@SA_NW4PluginMenuCommands@@@Z 0000000180021440 f   ConEmuPluginBase.obj
 0001:000204c0       ?pcc_Disabled@CPluginBase@@SA_NW4PluginMenuCommands@@@Z 00000001800214c0 f   ConEmuPluginBase.obj
 0001:000205a0       ?TouchReadPeekConsoleInputs@CPluginBase@@SAXH@Z 00000001800215a0 f   ConEmuPluginBase.obj
 0001:00020600       ?OnConsolePeekReadInput@CPluginBase@@SAX_N@Z 0000000180021600 f   ConEmuPluginBase.obj
 0001:00020870       ?ActiveServerPID@CESERVER_CONSOLE_MAPPING_HDR@@QEBAKXZ 0000000180021870 f i ConEmuPluginBase.obj
 0001:000208b0       ?UngetDummyMouseEvent@CPluginBase@@SA_N_NPEAUHookCallbackArg@@@Z 00000001800218b0 f   ConEmuPluginBase.obj
 0001:00020b20       ??4HANDLE2@@QEAAAEAU0@PEAX@Z 0000000180021b20 f i ConEmuPluginBase.obj
 0001:00020b40       ?FillLoadedParm@CPluginBase@@SAXPEAUConEmuLoadedArg@@PEAUHINSTANCE__@@H@Z 0000000180021b40 f   ConEmuPluginBase.obj
 0001:00020c80       ?NotifyConEmuUnloaded@CPluginBase@@SAXXZ 0000000180021c80 f   ConEmuPluginBase.obj
 0001:00020dd0       ?OnPanelViewCallbacks@CPluginBase@@SA_NPEAUHookCallbackArg@@P6AHPEAXPEAU_INPUT_RECORD@@KPEAKPEAH@Z5@Z 0000000180021dd0 f   ConEmuPluginBase.obj
 0001:00020f20       ?OnShellExecuteExW_Except@CPluginBase@@SAXPEAUHookCallbackArg@@@Z 0000000180021f20 f   ConEmuPluginBase.obj
 0001:00020f70       ?OnGetNumberOfConsoleInputEventsPost@CPluginBase@@SAXPEAUHookCallbackArg@@@Z 0000000180021f70 f   ConEmuPluginBase.obj
 0001:00020fb0       ?OnConsolePeekInput@CPluginBase@@SAHPEAUHookCallbackArg@@@Z 0000000180021fb0 f   ConEmuPluginBase.obj
 0001:00021040       ?OnConsolePeekInputPost@CPluginBase@@SAXPEAUHookCallbackArg@@@Z 0000000180022040 f   ConEmuPluginBase.obj
 0001:00021090       ?OnConsoleReadInputWork@CPluginBase@@SAHPEAUHookCallbackArg@@@Z 0000000180022090 f   ConEmuPluginBase.obj
 0001:00021140       ?OnConsoleReadInput@CPluginBase@@SAHPEAUHookCallbackArg@@@Z 0000000180022140 f   ConEmuPluginBase.obj
 0001:00021160       ?OnConsoleReadInputPost@CPluginBase@@SAXPEAUHookCallbackArg@@@Z 0000000180022160 f   ConEmuPluginBase.obj
 0001:00021410       ?OnWriteConsoleOutput@CPluginBase@@SAHPEAUHookCallbackArg@@@Z 0000000180022410 f   ConEmuPluginBase.obj
 0001:00021530       ?OnConsoleDetaching@CPluginBase@@SAHPEAUHookCallbackArg@@@Z 0000000180022530 f   ConEmuPluginBase.obj
 0001:00021690       ?OnConsoleWasAttached@CPluginBase@@SAXPEAUHookCallbackArg@@@Z 0000000180022690 f   ConEmuPluginBase.obj
 0001:00021710       ?OnCurDirChanged@CPluginBase@@SAXXZ 0000000180022710 f   ConEmuPluginBase.obj
 0001:000217a0       ?OnLibraryLoaded@CPluginBase@@SAXPEAUHINSTANCE__@@@Z 00000001800227a0 f   ConEmuPluginBase.obj
 0001:00021850       ?ToUnicode@CPluginBase@@SAPEA_WPEBD@Z 0000000180022850 f   ConEmuPluginBase.obj
 0001:000218f0       ?ToOem@CPluginBase@@SAXPEB_WPEAD_J@Z 00000001800228f0 f   ConEmuPluginBase.obj
 0001:00021970       ?ToOem@CPluginBase@@SAPEADPEB_W@Z 0000000180022970 f   ConEmuPluginBase.obj
 0001:000219e0       ?ProcessDragFrom@CPluginBase@@QEAAXXZ 00000001800229e0 f   ConEmuPluginBase.obj
 0001:000222a0       ?ProcessDragTo@CPluginBase@@QEAAXXZ 00000001800232a0 f   ConEmuPluginBase.obj
 0001:00022760       ?IsCurrentTabModal@CPluginBase@@QEAA_NXZ 0000000180023760 f   ConEmuPluginBase.obj
 0001:00022860       ?PrintText@CPluginBase@@QEAA_NPEB_W@Z 0000000180023860 f   ConEmuPluginBase.obj
 0001:00022a00       ?Ptr@?$MFileMapping@UCESERVER_CONSOLE_MAPPING_HDR@@@@QEAAPEAUCESERVER_CONSOLE_MAPPING_HDR@@XZ 0000000180023a00 f i ConEmuPluginBase.obj
 0001:00022a10       ??$wcscpy_c@$0BBE@@@YAHAEAY0BBE@_WPEB_W@Z 0000000180023a10 f i ConEmuPluginBase.obj
 0001:00022a40       ??$wcscat_c@$0BBE@@@YAHAEAY0BBE@_WPEB_W@Z 0000000180023a40 f i ConEmuPluginBase.obj
 0001:00022a70       ??$wcscat_c@$0CAE@@@YAHAEAY0CAE@_WPEB_W@Z 0000000180023a70 f i ConEmuPluginBase.obj
 0001:00022aa0       ?EvaluateDefaultFontWidth@@YAHHPEB_W@Z 0000000180023aa0 f   EmergencyShow.obj
 0001:00022c20       ?SetUserFriendlyFont@@YAXPEAUHWND__@@HH@Z 0000000180023c20 f   EmergencyShow.obj
 0001:000231e0       ?CorrectConsolePos@@YAXPEAUHWND__@@@Z 00000001800241e0 f   EmergencyShow.obj
 0001:000233c0       ?EmergencyShow@@YAXPEAUHWND__@@HH@Z 00000001800243c0 f   EmergencyShow.obj
 0001:00023540       ?IsFileBatch@@YA_NPEB_W@Z  0000000180024540 f   Execute.obj
 0001:000235e0       ?GetImageSubsystem@@YA_NPEB_WAEAK11@Z 00000001800245e0 f   Execute.obj
 0001:000239f0       ?GetImageSubsystem@@YA_NAEAK0@Z 00000001800249f0 f   Execute.obj
 0001:00023ad0       ?GetImageSubsystem@@YA_NU_PROCESS_INFORMATION@@AEAK1@Z 0000000180024ad0 f   Execute.obj
 0001:00023dd0       ?GetEnclosingSectionHeader@@YAPEAU_IMAGE_SECTION_HEADER@@KPEAUIMAGE_MAPPING@@@Z 0000000180024dd0 f   Execute.obj
 0001:00023e80       ?GetPtrFromRVA@@YAPEAXKPEAUIMAGE_MAPPING@@@Z 0000000180024e80 f   Execute.obj
 0001:00023f10       ?FindImageSubsystem@@YA_NPEB_WAEAK1PEAK@Z 0000000180024f10 f   Execute.obj
 0001:00024d80       ??0HkFunc@@QEAA@XZ         0000000180025d80 f   HkFunc.obj
 0001:00024e00       ?Init@HkFunc@@IEAA_NXZ     0000000180025e00 f   HkFunc.obj
 0001:00024ee0       ?SetInternalMode@HkFunc@@QEAAXPEAUHINSTANCE__@@P6A_JXZ@Z 0000000180025ee0 f   HkFunc.obj
 0001:00024f20       ?OnHooksUnloaded@HkFunc@@QEAAXXZ 0000000180025f20 f   HkFunc.obj
 0001:00024f80       ?isConEmuHk@HkFunc@@QEAA_NXZ 0000000180025f80 f   HkFunc.obj
 0001:00024fb0       ?getLargestConsoleWindowSize@HkFunc@@QEAA?AU_COORD@@PEAX@Z 0000000180025fb0 f   HkFunc.obj
 0001:00025050       ?setConsoleScreenBufferSize@HkFunc@@QEAAHPEAXU_COORD@@@Z 0000000180026050 f   HkFunc.obj
 0001:000250d0       ?getConsoleWindow@HkFunc@@QEAAPEAUHWND__@@XZ 00000001800260d0 f   HkFunc.obj
 0001:00025140       ?virtualAlloc@HkFunc@@QEAAPEAXPEAX_KKK@Z 0000000180026140 f   HkFunc.obj
 0001:000251e0       ?createProcess@HkFunc@@QEAAHPEB_WPEA_WPEAU_SECURITY_ATTRIBUTES@@2HKPEAX0PEAU_STARTUPINFOW@@PEAU_PROCESS_INFORMATION@@@Z 00000001800261e0 f   HkFunc.obj
 0001:00025320       ?HeapInitialize@@YA_NXZ    0000000180026320 f   Memory.obj
 0001:00025370       ?HeapDeinitialize@@YAXXZ   0000000180026370 f   Memory.obj
 0001:000253a0       ?xf_malloc@@YAPEAX_K@Z     00000001800263a0 f   Memory.obj
 0001:000253d0       ?xf_calloc@@YAPEAX_K0@Z    00000001800263d0 f   Memory.obj
 0001:00025410       ?xf_realloc@@YAPEAXPEAX_K@Z 0000000180026410 f   Memory.obj
 0001:00025460       ?xf_free@@YAXPEAX@Z        0000000180026460 f   Memory.obj
 0001:000254a0       ?xf_validate@@YA_NPEAX@Z   00000001800264a0 f   Memory.obj
 0001:000254f0       ??2@YAPEAX_K@Z             00000001800264f0 f   Memory.obj
 0001:00025520       ??_U@YAPEAX_K@Z            0000000180026520 f   Memory.obj
 0001:00025550       ??3@YAXPEAX@Z              0000000180026550 f   Memory.obj
 0001:00025570       ??_V@YAXPEAX@Z             0000000180026570 f   Memory.obj
 0001:00025590       ?lstrdup@@YAPEADPEBD@Z     0000000180026590 f   Memory.obj
 0001:00025610       ?StringCchCopyA@@YAJPEAD_KPEBD@Z 0000000180026610 f i Memory.obj
 0001:000257a0       ?lstrdup@@YAPEA_WPEB_W_K@Z 00000001800267a0 f   Memory.obj
 0001:00025960       ?lstrdupW@@YAPEA_WPEBDI@Z  0000000180026960 f   Memory.obj
 0001:00025a00       ?lstrmerge@@YAPEA_WPEB_W0000@Z 0000000180026a00 f   Memory.obj
 0001:00025c00       ?lstrmerge@@YA_NPEAPEA_WPEB_W111@Z 0000000180026c00 f   Memory.obj
 0001:00025c80       ?GetStartupMonitor@@YAPEAUHMONITOR__@@XZ 0000000180026c80 f   Monitors.obj
 0001:00025db0       ?MonitorFromParam@@YAPEAUHMONITOR__@@PEB_W@Z 0000000180026db0 f   Monitors.obj
 0001:00026000       ?FindMonitorsWorkspace@@YAHPEAUHMONITOR__@@PEAUHDC__@@PEAUtagRECT@@_J@Z 0000000180027000 f   Monitors.obj
 0001:000260b0       ?GetAllMonitorsWorkspace@@YA?AUtagRECT@@XZ 00000001800270b0 f   Monitors.obj
 0001:00026140       ?FindPrimaryMonitor@@YAHPEAUHMONITOR__@@PEAUHDC__@@PEAUtagRECT@@_J@Z 0000000180027140 f   Monitors.obj
 0001:000261d0       ?GetMonitorInfoSafe@@YA_NPEAUHMONITOR__@@AEAUtagMONITORINFO@@@Z 00000001800271d0 f   Monitors.obj
 0001:00026240       ?GetPrimaryMonitorInfo@@YAPEAUHMONITOR__@@PEAUtagMONITORINFO@@@Z 0000000180027240 f   Monitors.obj
 0001:00026300       ?GetNearestMonitorInfo@@YAPEAUHMONITOR__@@PEAUtagMONITORINFO@@PEAU1@PEBUtagRECT@@PEAUHWND__@@@Z 0000000180027300 f   Monitors.obj
 0001:00026430       ?EnumAllMonitors@@YAHPEAUHMONITOR__@@PEAUHDC__@@PEAUtagRECT@@_J@Z 0000000180027430 f   Monitors.obj
 0001:000264e0       ?MonitorSortCallback@@YAHAEAU_FindAllMonitorsItem@@0@Z 00000001800274e0 f   Monitors.obj
 0001:00026560       ?GetNextMonitorInfo@@YAPEAUHMONITOR__@@PEAUtagMONITORINFO@@PEBUtagRECT@@_N@Z 0000000180027560 f   Monitors.obj
 0001:000267f0       ??0_FindAllMonitors@@QEAA@XZ 00000001800277f0 f i Monitors.obj
 0001:00026810       ??1_FindAllMonitors@@QEAA@XZ 0000000180027810 f i Monitors.obj
 0001:00026830       ?FindTaskbarWindow@@YAPEAUHWND__@@PEAUtagRECT@@@Z 0000000180027830 f   Monitors.obj
 0001:000268b0       ?IsTaskbarAutoHidden@@YA_NPEAUtagRECT@@PEAI@Z 00000001800278b0 f   Monitors.obj
 0001:000269a0       ??0?$MArray@U_FindAllMonitorsItem@@@@QEAA@XZ 00000001800279a0 f i Monitors.obj
 0001:00026a00       ??1?$MArray@U_FindAllMonitorsItem@@@@QEAA@XZ 0000000180027a00 f i Monitors.obj
 0001:00026a20       ??A?$MArray@U_FindAllMonitorsItem@@@@QEAAAEAU_FindAllMonitorsItem@@_J@Z 0000000180027a20 f i Monitors.obj
 0001:00026a40       ?push_back@?$MArray@U_FindAllMonitorsItem@@@@QEAA_JAEBU_FindAllMonitorsItem@@@Z 0000000180027a40 f i Monitors.obj
 0001:00026b10       ?size@?$MArray@U_FindAllMonitorsItem@@@@QEBA_JXZ 0000000180027b10 f i Monitors.obj
 0001:00026b20       ?sort@?$MArray@U_FindAllMonitorsItem@@@@QEAAXP6AHAEAU_FindAllMonitorsItem@@0@Z@Z 0000000180027b20 f i Monitors.obj
 0001:00026c70       ?clear@?$MArray@U_FindAllMonitorsItem@@@@QEAAXXZ 0000000180027c70 f i Monitors.obj
 0001:00026cc0       ?addsize@?$MArray@U_FindAllMonitorsItem@@@@QEAAX_J@Z 0000000180027cc0 f i Monitors.obj
 0001:00026e00       ??0MSection@@QEAA@XZ       0000000180027e00 f   MSection.obj
 0001:00026ef0       ??1MSection@@QEAA@XZ       0000000180027ef0 f   MSection.obj
 0001:00026fc0       ?Process_Lock@MSection@@IEAAXXZ 0000000180027fc0 f   MSection.obj
 0001:00026fe0       ?Process_Unlock@MSection@@IEAAXXZ 0000000180027fe0 f   MSection.obj
 0001:00027000       ?ThreadTerminated@MSection@@QEAAXK@Z 0000000180028000 f   MSection.obj
 0001:00027070       ?AddRef@MSection@@IEAAXK@Z 0000000180028070 f   MSection.obj
 0001:000271c0       ?ReleaseRef@MSection@@IEAAHK@Z 00000001800281c0 f   MSection.obj
 0001:000272e0       ?WaitUnlocked@MSection@@IEAAXKK@Z 00000001800282e0 f   MSection.obj
 0001:000273b0       ?MyEnterCriticalSection@MSection@@IEAA_NK@Z 00000001800283b0 f   MSection.obj
 0001:00027580       ?Lock@MSection@@IEAAHHK@Z  0000000180028580 f   MSection.obj
 0001:00027730       ?Unlock@MSection@@IEAAXH@Z 0000000180028730 f   MSection.obj
 0001:000277c0       ?isLockedExclusive@MSection@@QEAA_NXZ 00000001800287c0 f   MSection.obj
 0001:00027830       ??0MSectionThread@@QEAA@PEAVMSection@@@Z 0000000180028830 f   MSection.obj
 0001:00027870       ??1MSectionThread@@QEAA@XZ 0000000180028870 f   MSection.obj
 0001:000278b0       ??0MSectionLock@@QEAA@XZ   00000001800288b0 f   MSection.obj
 0001:000278e0       ??1MSectionLock@@QEAA@XZ   00000001800288e0 f   MSection.obj
 0001:00027910       ?Lock@MSectionLock@@QEAAHPEAVMSection@@HK@Z 0000000180028910 f   MSection.obj
 0001:000279e0       ?RelockExclusive@MSectionLock@@QEAAHK@Z 00000001800289e0 f   MSection.obj
 0001:00027a70       ?Unlock@MSectionLock@@QEAAXXZ 0000000180028a70 f   MSection.obj
 0001:00027ac0       ?isLocked@MSectionLock@@QEAAHH@Z 0000000180028ac0 f   MSection.obj
 0001:00027b10       ??0MSectionSimple@@QEAA@_N@Z 0000000180028b10 f   MSectionSimple.obj
 0001:00027b70       ??1MSectionSimple@@QEAA@XZ 0000000180028b70 f   MSectionSimple.obj
 0001:00027b90       ?IsInitialized@MSectionSimple@@QEAA_NXZ 0000000180028b90 f   MSectionSimple.obj
 0001:00027bd0       ?Init@MSectionSimple@@QEAAXXZ 0000000180028bd0 f   MSectionSimple.obj
 0001:00027c00       ?Close@MSectionSimple@@QEAAXXZ 0000000180028c00 f   MSectionSimple.obj
 0001:00027c30       ?Enter@MSectionSimple@@QEAAXXZ 0000000180028c30 f   MSectionSimple.obj
 0001:00027c50       ?Leave@MSectionSimple@@QEAAXXZ 0000000180028c50 f   MSectionSimple.obj
 0001:00027c70       ?TryEnter@MSectionSimple@@QEAA_NXZ 0000000180028c70 f   MSectionSimple.obj
 0001:00027cb0       ?RecreateAndLock@MSectionSimple@@QEAA_NXZ 0000000180028cb0 f   MSectionSimple.obj
 0001:00027d50       ??0MSectionLockSimple@@QEAA@XZ 0000000180028d50 f   MSectionSimple.obj
 0001:00027d70       ??1MSectionLockSimple@@QEAA@XZ 0000000180028d70 f   MSectionSimple.obj
 0001:00027da0       ?Lock@MSectionLockSimple@@QEAAHPEAUMSectionSimple@@K@Z 0000000180028da0 f   MSectionSimple.obj
 0001:00027e70       ?Unlock@MSectionLockSimple@@QEAAXXZ 0000000180028e70 f   MSectionSimple.obj
 0001:00027eb0       ?isLocked@MSectionLockSimple@@QEAAHXZ 0000000180028eb0 f   MSectionSimple.obj
 0001:00027ec0       ?NullSecurity@@YAPEAU_SECURITY_ATTRIBUTES@@XZ 0000000180028ec0 f   MSecurity.obj
 0001:00027f20       ??0MNullDesc@@QEAA@XZ      0000000180028f20 f i MSecurity.obj
 0001:00027fa0       ?NullSecurity@MNullDesc@@QEAAPEAU_SECURITY_ATTRIBUTES@@XZ 0000000180028fa0 f i MSecurity.obj
 0001:000280e0       ?LoadAdvApi@MNullDesc@@IEAAHXZ 00000001800290e0 f i MSecurity.obj
 0001:000283a0       ?UnloadAdvApi@MNullDesc@@IEAAXXZ 00000001800293a0 f i MSecurity.obj
 0001:000283e0       ?LocalSecurity@@YAPEAU_SECURITY_ATTRIBUTES@@XZ 00000001800293e0 f   MSecurity.obj
 0001:00028440       ?LocalSecurity@MNullDesc@@QEAAPEAU_SECURITY_ATTRIBUTES@@XZ 0000000180029440 f i MSecurity.obj
 0001:000286f0       ?ShutdownSecurity@@YAXXZ   00000001800296f0 f   MSecurity.obj
 0001:00028750       ??_GMNullDesc@@QEAAPEAXI@Z 0000000180029750 f i MSecurity.obj
 0001:00028790       ??1MNullDesc@@QEAA@XZ      0000000180029790 f i MSecurity.obj
 0001:00028820       ??0MSetter@@QEAA@PEAJ@Z    0000000180029820 f   MSetter.obj
 0001:00028870       ??0MSetter@@QEAA@PEA_N@Z   0000000180029870 f   MSetter.obj
 0001:000288c0       ??0MSetter@@QEAA@PEAKK@Z   00000001800298c0 f   MSetter.obj
 0001:00028910       ??1MSetter@@QEAA@XZ        0000000180029910 f   MSetter.obj
 0001:00028930       ?Unlock@MSetter@@QEAAXXZ   0000000180029930 f   MSetter.obj
 0001:000289d0       ?msprintf@@YAPEB_WPEA_W_KPEB_WZZ 00000001800299d0 f   MStrSafe.obj
 0001:00029390       ?msprintf@@YAPEBDPEAD_KPEBDZZ 000000018002a390 f   MStrSafe.obj
 0001:00029ad0       ?lstrcmpni@@YAHPEBD0H@Z    000000018002aad0 f   MStrSafe.obj
 0001:00029c40       ?lstrcmpni@@YAHPEB_W0H@Z   000000018002ac40 f   MStrSafe.obj
 0001:00029df0       ?startswith@@YAHPEB_W0_N@Z 000000018002adf0 f   MStrSafe.obj
 0001:00029ea0       ??0CPluginBackground@@QEAA@XZ 000000018002aea0 f   PluginBackground.obj
 0001:0002a150       ??1CPluginBackground@@QEAA@XZ 000000018002b150 f   PluginBackground.obj
 0001:0002a400       ?RegisterSubplugin@CPluginBackground@@QEAAHPEAURegisterBackgroundArg@@@Z 000000018002b400 f   PluginBackground.obj
 0001:0002a970       ?ReallocItems@CPluginBackground@@IEAAXH@Z 000000018002b970 f   PluginBackground.obj
 0001:0002aa10       ?OnMainThreadActivated@CPluginBackground@@QEAAXHH@Z 000000018002ba10 f   PluginBackground.obj
 0001:0002ab80       ?SetForceCheck@CPluginBackground@@QEAAXXZ 000000018002bb80 f   PluginBackground.obj
 0001:0002abb0       ?SetForceUpdate@CPluginBackground@@QEAAX_N@Z 000000018002bbb0 f   PluginBackground.obj
 0001:0002abf0       ?SetForceThLoad@CPluginBackground@@QEAAXXZ 000000018002bbf0 f   PluginBackground.obj
 0001:0002ac30       ?IsParmChanged@CPluginBackground@@IEAA_NPEAUPaintBackgroundArg@@0@Z 000000018002bc30 f   PluginBackground.obj
 0001:0002af80       ?CheckPanelFolders@CPluginBackground@@IEAAXH@Z 000000018002bf80 f   PluginBackground.obj
 0001:0002b0b0       ?SetDcPanelRect@CPluginBackground@@IEAAXPEAUtagRECT@@PEAUBkPanelInfo@@PEAUPaintBackgroundArg@@@Z 000000018002c0b0 f   PluginBackground.obj
 0001:0002b250       ?UpdateBackground_Exec@CPluginBackground@@KAXPEAURegisterBackgroundArg@@PEAUPaintBackgroundArg@@@Z 000000018002c250 f   PluginBackground.obj
 0001:0002b2b0       ?UpdateBackground@CPluginBackground@@IEAAXXZ 000000018002c2b0 f   PluginBackground.obj
 0001:0002c380       ?LoadThSet@CPluginBackground@@IEAAHH@Z 000000018002d380 f   PluginBackground.obj
 0001:0002c5f0       ?MonitorBackground@CPluginBackground@@QEAAXXZ 000000018002d5f0 f   PluginBackground.obj
 0001:0002c6d0       ?GetTo@?$MFileMapping@UPanelViewSetMapping@@@@QEAA_NPEAUPanelViewSetMapping@@H@Z 000000018002d6d0 f i PluginBackground.obj
 0001:0002c730       ?InitName@?$MFileMapping@UPanelViewSetMapping@@@@QEAAPEB_WPEB_WKK@Z 000000018002d730 f i PluginBackground.obj
 0001:0002c790       ?CloseMap@?$MFileMapping@UPanelViewSetMapping@@@@QEAAXXZ 000000018002d790 f i PluginBackground.obj
 0001:0002c820       ?Open@?$MFileMapping@UPanelViewSetMapping@@@@QEAAPEAUPanelViewSetMapping@@HH@Z 000000018002d820 f i PluginBackground.obj
 0001:0002c850       ??0?$MFileMapping@UPanelViewSetMapping@@@@QEAA@XZ 000000018002d850 f i PluginBackground.obj
 0001:0002c8c0       ??1?$MFileMapping@UPanelViewSetMapping@@@@QEAA@XZ 000000018002d8c0 f i PluginBackground.obj
 0001:0002c8f0       ?IsValid@?$MFileMapping@UPanelViewSetMapping@@@@QEAA_NXZ 000000018002d8f0 f i PluginBackground.obj
 0001:0002c920       ?ClosePtr@?$MFileMapping@UPanelViewSetMapping@@@@QEAAXXZ 000000018002d920 f i PluginBackground.obj
 0001:0002c960       ?InternalOpenCreate@?$MFileMapping@UPanelViewSetMapping@@@@IEAAPEAUPanelViewSetMapping@@HHH@Z 000000018002d960 f i PluginBackground.obj
 0001:0002cd40       ?PlugServerInit@@YAXXZ     000000018002dd40 f   PluginSrv.obj
 0001:0002cd50       ?PlugServerStart@@YA_NXZ   000000018002dd50 f   PluginSrv.obj
 0001:0002ce90       ?PlugServerStop@@YAX_N@Z   000000018002de90 f   PluginSrv.obj
 0001:0002cef0       ?cmd_FarSetChanged@@YAXPEAUFAR_REQ_FARSETCHANGED@@@Z 000000018002def0 f   PluginSrv.obj
 0001:0002cf70       ?PlugServerCommand@@YAHPEAXPEAUCESERVER_REQ@@AEAPEAU1@AEAK3_J@Z 000000018002df70 f   PluginSrv.obj
 0001:0002d9a0       ?PlugServerFree@@YAXPEAUCESERVER_REQ@@_J@Z 000000018002e9a0 f   PluginSrv.obj
 0001:0002d9c0       ?SetOverlapped@?$PipeServer@UCESERVER_REQ@@@@QEAAX_N@Z 000000018002e9c0 f i PluginSrv.obj
 0001:0002d9e0       ?SetLoopCommands@?$PipeServer@UCESERVER_REQ@@@@QEAAX_N@Z 000000018002e9e0 f i PluginSrv.obj
 0001:0002da00       ?SetDummyAnswerSize@?$PipeServer@UCESERVER_REQ@@@@QEAAXH@Z 000000018002ea00 f i PluginSrv.obj
 0001:0002da20       ?SetMaxCount@?$PipeServer@UCESERVER_REQ@@@@QEAAXH@Z 000000018002ea20 f i PluginSrv.obj
 0001:0002da70       ?StartPipeServer@?$PipeServer@UCESERVER_REQ@@@@QEAA_N_NPEB_W_JPEAU_SECURITY_ATTRIBUTES@@P6AHPEAXPEAUCESERVER_REQ@@AEAPEAU3@AEAK72@ZP6AX52@ZP6AH42@ZP6AH42@ZP6AH42@Z@Z 000000018002ea70 f i PluginSrv.obj
 0001:0002dce0       ?StopPipeServer@?$PipeServer@UCESERVER_REQ@@@@QEAAX_NAEA_N@Z 000000018002ece0 f i PluginSrv.obj
 0001:0002e610       ?BreakConnection@?$PipeServer@UCESERVER_REQ@@@@QEAAXPEAX@Z 000000018002f610 f i PluginSrv.obj
 0001:0002e640       ?DumpError@?$PipeServer@UCESERVER_REQ@@@@IEAAXPEAUPipeInst@1@PEB_WH@Z 000000018002f640 f i PluginSrv.obj
 0001:0002e780       ?_Disconnect@?$PipeServer@UCESERVER_REQ@@@@IEAAXPEAUPipeInst@1@_N11@Z 000000018002f780 f i PluginSrv.obj
 0001:0002e830       ?StartPipeInstance@?$PipeServer@UCESERVER_REQ@@@@IEAA_NPEAUPipeInst@1@@Z 000000018002f830 f i PluginSrv.obj
 0001:0002eaa0       ?TerminatePipeThread@?$PipeServer@UCESERVER_REQ@@@@KAXAEAPEAXAEBUPipeInst@1@AEA_N@Z 000000018002faa0 f i PluginSrv.obj
 0001:0002eb60       ?_PipeServerThread@?$PipeServer@UCESERVER_REQ@@@@KAKPEAX@Z 000000018002fb60 f i PluginSrv.obj
 0001:0002ec00       ?PipeServerThread@?$PipeServer@UCESERVER_REQ@@@@IEAAKPEAUPipeInst@1@@Z 000000018002fc00 f i PluginSrv.obj
 0001:0002f150       ?PipeServerRead@?$PipeServer@UCESERVER_REQ@@@@IEAAHPEAUPipeInst@1@@Z 0000000180030150 f i PluginSrv.obj
 0001:0002f5c0       ?PipeServerWrite@?$PipeServer@UCESERVER_REQ@@@@IEAAHPEAUPipeInst@1@PEBXKPEAKH@Z 00000001800305c0 f i PluginSrv.obj
 0001:0002f800       ?WaitForClient@?$PipeServer@UCESERVER_REQ@@@@IEAA_NPEAUPipeInst@1@AEAH1@Z 0000000180030800 f i PluginSrv.obj
 0001:0002fe10       ?WriteDummyAnswer@?$PipeServer@UCESERVER_REQ@@@@IEAAHPEAUPipeInst@1@@Z 0000000180030e10 f i PluginSrv.obj
 0001:0002feb0       ?WaitOverlapped@?$PipeServer@UCESERVER_REQ@@@@IEAAHPEAUPipeInst@1@PEAK@Z 0000000180030eb0 f i PluginSrv.obj
 0001:000301a0       ?AllocRequestBuf@PipeInst@?$PipeServer@UCESERVER_REQ@@@@QEAAPEAUCESERVER_REQ@@K@Z 00000001800311a0 f i PluginSrv.obj
 0001:00030240       ??$wcscpy_c@$0BAE@@@YAHAEAY0BAE@_WPEB_W@Z 0000000180031240 f i PluginSrv.obj
 0001:000303a0       ?SetConEmuEnvHWND@@YAXPEB_WPEAUHWND__@@@Z 00000001800313a0 f   SetEnvVar.obj
 0001:00030400       ?SetConEmuEnvVar@@YAXPEAUHWND__@@@Z 0000000180031400 f   SetEnvVar.obj
 0001:00030480       ?SetConEmuEnvVarChild@@YAXPEAUHWND__@@0@Z 0000000180031480 f   SetEnvVar.obj
 0001:000304c0       ?SetConEmuWorkEnvVar@@YAXPEAUHINSTANCE__@@@Z 00000001800314c0 f   SetEnvVar.obj
 0001:00030690       ??0CEnvStrings@@QEAA@PEA_W@Z 0000000180031690 f   SetEnvVar.obj
 0001:00030750       ??1CEnvStrings@@QEAA@XZ    0000000180031750 f   SetEnvVar.obj
 0001:00030790       ?ShutdownConsole@@YAXXZ    0000000180031790 f   WConsole.obj
 0001:000307e0       ?SetConsoleInfo@@YAHPEAUHWND__@@PEAU_CONSOLE_INFO@@@Z 00000001800317e0 f   WConsole.obj
 0001:00030b10       ?GetConsoleSizeInfo@@YAXPEAU_CONSOLE_INFO@@@Z 0000000180031b10 f   WConsole.obj
 0001:00030be0       ?apiGetConsoleScreenBufferInfoEx@@YAHPEAXPEAUMY_CONSOLE_SCREEN_BUFFER_INFOEX@@@Z 0000000180031be0 f   WConsole.obj
 0001:00030c60       ?apiSetConsoleScreenBufferInfoEx@@YAHPEAXPEAUMY_CONSOLE_SCREEN_BUFFER_INFOEX@@@Z 0000000180031c60 f   WConsole.obj
 0001:00030d00       ?apiGetCurrentConsoleFontEx@@YAHPEAXHPEAUMY_CONSOLE_FONT_INFOEX@@@Z 0000000180031d00 f   WConsole.obj
 0001:00030d90       ?apiSetCurrentConsoleFontEx@@YAHPEAXHPEAUMY_CONSOLE_FONT_INFOEX@@@Z 0000000180031d90 f   WConsole.obj
 0001:00030e20       ?apiInitConsoleFontSize@@YAHPEAX@Z 0000000180031e20 f   WConsole.obj
 0001:00030ec0       ?apiGetConsoleFontSize@@YAHPEAXAEAH1AEAY0CA@_W@Z 0000000180031ec0 f   WConsole.obj
 0001:00030f90       ?apiSetConsoleFontSize@@YAHPEAXHHPEB_W@Z 0000000180031f90 f   WConsole.obj
 0001:00031100       ?apiFixFontSizeForBufferSize@@YAHPEAXU_COORD@@PEADH@Z 0000000180032100 f   WConsole.obj
 0001:000317e0       ?SetConsoleFontSizeTo@@YAXPEAUHWND__@@HHPEB_WGG@Z 00000001800327e0 f   WConsole.obj
 0001:00031de0       ?apiPauseConsoleOutput@@YAHPEAUHWND__@@_N@Z 0000000180032de0 f   WConsole.obj
 0001:00031f40       ?apiGetConsoleSelectionInfo@@YAHPEAU_CONSOLE_SELECTION_INFO@@@Z 0000000180032f40 f   WConsole.obj
 0001:00032060       ?MyGetLargestConsoleWindowSize@@YA?AU_COORD@@PEAX@Z 0000000180033060 f   WConsole.obj
 0001:000320f0       ?SearchAppPaths@@YA_NPEB_WAEAUCmdArg@@_NPEAU1@@Z 00000001800330f0 f   WFiles.obj
 0001:00032790       ?GetFullPathNameEx@@YAPEA_WPEB_W@Z 0000000180033790 f   WFiles.obj
 0001:00032890       ?FindFileName@@YA_NPEB_WAEAUCmdArg@@@Z 0000000180033890 f   WFiles.obj
 0001:00032ae0       ?MakePathProperCase@@YA_NAEAUCmdArg@@@Z 0000000180033ae0 f   WFiles.obj
 0001:00032e10       ?ReadTextFile@@YAHPEB_WKAEAPEA_WAEAK2K@Z 0000000180033e10 f   WFiles.obj
 0001:00033410       ?WriteTextFile@@YAHPEB_W0HK_NPEAK@Z 0000000180034410 f   WFiles.obj
 0001:000337d0       ?FilesExists@@YA_NPEB_W0_NH@Z 00000001800347d0 f   WFiles.obj
 0001:00033970       ?IsDotsName@@YA_NPEB_W@Z   0000000180034970 f   WFiles.obj
 0001:000339d0       ?FileExistSubDir@@YA_NPEB_W0HAEAUCmdArg@@@Z 00000001800349d0 f   WFiles.obj
 0001:00033c10       ?DirectoryExists@@YA_NPEB_W@Z 0000000180034c10 f   WFiles.obj
 0001:00033db0       ?MyCreateDirectory@@YA_NPEA_W@Z 0000000180034db0 f   WFiles.obj
 0001:00033f00       ?FileCompare@@YA_NPEB_W0@Z 0000000180034f00 f   WFiles.obj
 0001:000341f0       ?apiCancelSynchronousIo@@YAHPEAX@Z 00000001800351f0 f   WFiles.obj
 0001:000342b0       ?HasZoneIdentifier@@YA_NPEB_WAEAH@Z 00000001800352b0 f   WFiles.obj
 0001:000343e0       ?DropZoneIdentifier@@YA_NPEB_WAEAK@Z 00000001800353e0 f   WFiles.obj
 0001:000344f0       ?getWindowInfo@@YAXPEAUHWND__@@AEAY0EAA@_W_NPEAK@Z 00000001800354f0 f   WObjects.obj
 0001:00034700       ?FileExists@@YA_NPEB_WPEAK@Z 0000000180035700 f   WObjects.obj
 0001:00034920       ?FileSearchInDir@@YA_NPEB_WAEAUCmdArg@@@Z 0000000180035920 f   WObjects.obj
 0001:00034b40       ?FileExistsSearch@@YA_NPEB_WAEAUCmdArg@@_N2@Z 0000000180035b40 f   WObjects.obj
 0001:00034c80       ?GetShortFileName@@YA_NPEB_WHPEA_WH@Z 0000000180035c80 f   WObjects.obj
 0001:00034f00       ?GetShortFileNameEx@@YAPEA_WPEB_WH@Z 0000000180035f00 f   WObjects.obj
 0001:00035440       ?IsWine@@YA_NXZ            0000000180036440 f   WObjects.obj
 0001:000355d0       ?IsWinPE@@YA_NXZ           00000001800365d0 f   WObjects.obj
 0001:00035680       ?GetOsVersionInformational@@YA_NPEAU_OSVERSIONINFOW@@@Z 0000000180036680 f   WObjects.obj
 0001:000356c0       ?IsWinVerOrHigher@@YA_NG@Z 00000001800366c0 f   WObjects.obj
 0001:00035790       ?IsWinVerEqual@@YA_NG@Z    0000000180036790 f   WObjects.obj
 0001:00035860       ?IsWin2kEql@@YA_NXZ        0000000180036860 f   WObjects.obj
 0001:000358c0       ?IsWin5family@@YA_NXZ      00000001800368c0 f   WObjects.obj
 0001:00035980       ?IsWinXPSP1@@YA_NXZ        0000000180036980 f   WObjects.obj
 0001:00035a70       ?IsWin6@@YA_NXZ            0000000180036a70 f   WObjects.obj
 0001:00035ad0       ?IsWin7@@YA_NXZ            0000000180036ad0 f   WObjects.obj
 0001:00035b30       ?IsWin8@@YA_NXZ            0000000180036b30 f   WObjects.obj
 0001:00035b90       ?IsWin8_1@@YA_NXZ          0000000180036b90 f   WObjects.obj
 0001:00035bf0       ?IsWin10@@YA_NXZ           0000000180036bf0 f   WObjects.obj
 0001:00035cd0       ?IsDbcs@@YA_NXZ            0000000180036cd0 f   WObjects.obj
 0001:00035d10       ?IsWindows64@@YA_NXZ       0000000180036d10 f   WObjects.obj
 0001:00035d40       ?IsHwFullScreenAvailable@@YA_NXZ 0000000180036d40 f   WObjects.obj
 0001:00035dd0       ?IsVsNetHostExe@@YA_NPEB_W@Z 0000000180036dd0 f   WObjects.obj
 0001:00035e70       ?IsGDB@@YA_NPEB_W@Z        0000000180036e70 f   WObjects.obj
 0001:00035ee0       ?GetProcessBits@@YAHKPEAX@Z 0000000180036ee0 f   WObjects.obj
 0001:00036030       ?GetProcessInfo@@YA_NKPEAUtagPROCESSENTRY32W@@@Z 0000000180037030 f   WObjects.obj
 0001:00036120       ?isTerminalMode@@YA_NXZ    0000000180037120 f   WObjects.obj
 0001:00036470       ?IsModuleValid@@YA_NPEAUHINSTANCE__@@H@Z 0000000180037470 f   WObjects.obj
 0001:00036610       ?CheckCallbackPtr@@YA_NPEAUHINSTANCE__@@_KPEAP6A_JXZHHH@Z 0000000180037610 f   WObjects.obj
 0001:00036800       ?ExpandMacroValues@@YAPEA_WPEB_WPEAPEB_W_K@Z 0000000180037800 f   WObjects.obj
 0001:00036a50       ?ExpandEnvStr@@YAPEA_WPEB_W@Z 0000000180037a50 f   WObjects.obj
 0001:00036b60       ?GetEnvVar@@YAPEA_WPEB_W@Z 0000000180037b60 f   WObjects.obj
 0001:00036c50       ?GetComspecFromEnvVar@@YAPEB_WPEA_WKW4ComSpecBits@@@Z 0000000180037c50 f   WObjects.obj
 0001:00036fb0       ?GetComspec@@YAPEA_WPEBUConEmuComspec@@@Z 0000000180037fb0 f   WObjects.obj
 0001:00037270       ?IsExportEnvVarAllowed@@YA_NPEB_W@Z 0000000180038270 f   WObjects.obj
 0001:000372f0       ?ApplyExportEnvVar@@YAXPEB_W@Z 00000001800382f0 f   WObjects.obj
 0001:000373b0       ?CoordInSmallRect@@YA_NAEBU_COORD@@AEBU_SMALL_RECT@@@Z 00000001800383b0 f   WObjects.obj
 0001:00037430       ?GetCpFromString@@YAIPEB_WPEAPEB_W@Z 0000000180038430 f   WObjects.obj
 0001:00037690       ??$wcscpy_c@$0EAA@@@YAHAEAY0EAA@_WPEB_W@Z 0000000180038690 f i WObjects.obj
 0001:000376c0       ??$wcscpy_c@$0BAA@@@YAHAEAY0BAA@_WPEB_W@Z 00000001800386c0 f i WObjects.obj
 0001:000376f0       ?apiThreadHelper@@YAKPEAX@Z 00000001800386f0 f   WThreads.obj
 0001:000378e0       ?apiCreateThread@@YAPEAXP6AKPEAX@Z0PEAKPEBDH@Z 00000001800388e0 f   WThreads.obj
 0001:00037ae0       ??0ConEmuThreadStartArg@@QEAA@P6AKPEAX@Z0K@Z 0000000180038ae0 f i WThreads.obj
 0001:00037b40       ?apiTerminateThreadEx@@YAHPEAXKPEBDH@Z 0000000180038b40 f   WThreads.obj
 0001:00037cd0       ?SetThreadName@@YAXKPEAD@Z 0000000180038cd0 f   WThreads.obj
 0001:00037d30       ?apiSetForegroundWindow@@YA_NPEAUHWND__@@@Z 0000000180038d30 f   WUser.obj
 0001:00037d70       ?apiShowWindow@@YA_NPEAUHWND__@@H@Z 0000000180038d70 f   WUser.obj
 0001:00037db0       ?apiShowWindowAsync@@YA_NPEAUHWND__@@H@Z 0000000180038db0 f   WUser.obj
 0001:00037df0       ?IsUserAdmin@@YA_NXZ       0000000180038df0 f   WUser.obj
 0001:00037f50       ?GetLogonSID@@YA_NPEAXPEAPEA_W@Z 0000000180038f50 f   WUser.obj
 0001:000380b0       ?RemoveOldComSpecC@@YAXXZ  00000001800390b0 f   WUser.obj
 0001:00038200       ?DuplicateProcessHandle@@YAPEAXK@Z 0000000180039200 f   WUser.obj
 0001:00038290       ?FindComspec@@YAXPEAUConEmuComspec@@_N@Z 0000000180039290 f   WUser.obj
 0001:00038e80       ?UpdateComspec@@YAXPEAUConEmuComspec@@_N@Z 0000000180039e80 f   WUser.obj
 0001:000392c0       ?SetEnvVarExpanded@@YAXPEB_W0@Z 000000018003a2c0 f   WUser.obj
 0001:00039510       wcsrchr                    000000018003a510 f   libCRT64:strrchr.obj
 0001:00039540       wcschr                     000000018003a540 f   libCRT64:strchr.obj
 0001:00039560       strpbrk                    000000018003a560 f   libCRT64:strpbrk.obj
 0001:00039600       wcspbrk                    000000018003a600 f   libCRT64:strpbrk.obj
 0001:00039650       wcsncmp                    000000018003a650 f   libCRT64:strncmp.obj
 0001:00039690       strrchr                    000000018003a690 f   libCRT64:strrchr.obj
 0001:000396c0       wcsstr                     000000018003a6c0 f   libCRT64:strstr.obj
 0001:00039730       memset                     000000018003a730 f   libCRT64:memset.obj
 0001:00039760       memmove                    000000018003a760 f   libCRT64:memmove.obj
 0001:000397c0       memcpy                     000000018003a7c0 f   libCRT64:memcpy.obj
 0001:000397f0       memcmp                     000000018003a7f0 f   libCRT64:memcmp.obj
 0001:00039820       iswdigit                   000000018003a820 f i libCRT64:strtol.obj
 0001:00039830       iswspace                   000000018003a830 f i libCRT64:strtol.obj
 0001:00039a20       wcstol                     000000018003aa20 f   libCRT64:strtol.obj
 0001:00039a30       wcstoul                    000000018003aa30 f   libCRT64:strtol.obj
 0001:00039a40       strchr                     000000018003aa40 f   libCRT64:strchr.obj
 0001:00039a58       SetEnvironmentVariableW    000000018003aa58 f   kernel32:KERNEL32.dll
 0001:00039a5e       lstrlenW                   000000018003aa5e f   kernel32:KERNEL32.dll
 0001:00039a64       lstrcpynW                  000000018003aa64 f   kernel32:KERNEL32.dll
 0001:00039a6a       lstrcmpiW                  000000018003aa6a f   kernel32:KERNEL32.dll
 0001:00039a70       lstrcmpW                   000000018003aa70 f   kernel32:KERNEL32.dll
 0001:00039a76       GetCurrentDirectoryW       000000018003aa76 f   kernel32:KERNEL32.dll
 0001:00039a7c       SearchPathW                000000018003aa7c f   kernel32:KERNEL32.dll
 0001:00039a82       GetProcAddress             000000018003aa82 f   kernel32:KERNEL32.dll
 0001:00039a88       GetModuleHandleW           000000018003aa88 f   kernel32:KERNEL32.dll
 0001:00039a8e       GetModuleFileNameW         000000018003aa8e f   kernel32:KERNEL32.dll
 0001:00039a94       SetNamedPipeHandleState    000000018003aa94 f   kernel32:KERNEL32.dll
 0001:00039a9a       GetCurrentProcessId        000000018003aa9a f   kernel32:KERNEL32.dll
 0001:00039aa0       Sleep                      000000018003aaa0 f   kernel32:KERNEL32.dll
 0001:00039aa6       SetLastError               000000018003aaa6 f   kernel32:KERNEL32.dll
 0001:00039aac       WaitNamedPipeW             000000018003aaac f   kernel32:KERNEL32.dll
 0001:00039ab2       WaitForSingleObject        000000018003aab2 f   kernel32:KERNEL32.dll
 0001:00039ab8       GetLastError               000000018003aab8 f   kernel32:KERNEL32.dll
 0001:00039abe       CreateFileW                000000018003aabe f   kernel32:KERNEL32.dll
 0001:00039ac4       GetTickCount               000000018003aac4 f   kernel32:KERNEL32.dll
 0001:00039aca       IsDebuggerPresent          000000018003aaca f   kernel32:KERNEL32.dll
 0001:00039ad0       GetCurrentThreadId         000000018003aad0 f   kernel32:KERNEL32.dll
 0001:00039ad6       ReadFile                   000000018003aad6 f   kernel32:KERNEL32.dll
 0001:00039adc       CloseHandle                000000018003aadc f   kernel32:KERNEL32.dll
 0001:00039ae2       TransactNamedPipe          000000018003aae2 f   kernel32:KERNEL32.dll
 0001:00039ae8       WriteFile                  000000018003aae8 f   kernel32:KERNEL32.dll
 0001:00039aee       GetConsoleWindow           000000018003aaee f   kernel32:KERNEL32.dll
 0001:00039af4       UnmapViewOfFile            000000018003aaf4 f   kernel32:KERNEL32.dll
 0001:00039afa       MapViewOfFile              000000018003aafa f   kernel32:KERNEL32.dll
 0001:00039b00       OpenFileMappingW           000000018003ab00 f   kernel32:KERNEL32.dll
 0001:00039b06       LoadLibraryW               000000018003ab06 f   kernel32:KERNEL32.dll
 0001:00039b0c       CreateFileMappingW         000000018003ab0c f   kernel32:KERNEL32.dll
 0001:00039b12       VirtualProtect             000000018003ab12 f   kernel32:KERNEL32.dll
 0001:00039b18       lstrcpyW                   000000018003ab18 f   kernel32:KERNEL32.dll
 0001:00039b1e       MultiByteToWideChar        000000018003ab1e f   kernel32:KERNEL32.dll
 0001:00039b24       lstrcpynA                  000000018003ab24 f   kernel32:KERNEL32.dll
 0001:00039b2a       lstrlenA                   000000018003ab2a f   kernel32:KERNEL32.dll
 0001:00039b30       WideCharToMultiByte        000000018003ab30 f   kernel32:KERNEL32.dll
 0001:00039b36       lstrcpyA                   000000018003ab36 f   kernel32:KERNEL32.dll
 0001:00039b3c       GetConsoleCursorInfo       000000018003ab3c f   kernel32:KERNEL32.dll
 0001:00039b42       GetConsoleScreenBufferInfo 000000018003ab42 f   kernel32:KERNEL32.dll
 0001:00039b48       GetStdHandle               000000018003ab48 f   kernel32:KERNEL32.dll
 0001:00039b4e       GetConsoleTitleW           000000018003ab4e f   kernel32:KERNEL32.dll
 0001:00039b54       DeleteFileW                000000018003ab54 f   kernel32:KERNEL32.dll
 0001:00039b5a       Thread32Next               000000018003ab5a f   kernel32:KERNEL32.dll
 0001:00039b60       Thread32First              000000018003ab60 f   kernel32:KERNEL32.dll
 0001:00039b66       CreateToolhelp32Snapshot   000000018003ab66 f   kernel32:KERNEL32.dll
 0001:00039b6c       GetConsoleMode             000000018003ab6c f   kernel32:KERNEL32.dll
 0001:00039b72       GetExitCodeProcess         000000018003ab72 f   kernel32:KERNEL32.dll
 0001:00039b78       CreateProcessW             000000018003ab78 f   kernel32:KERNEL32.dll
 0001:00039b7e       SetConsoleMode             000000018003ab7e f   kernel32:KERNEL32.dll
 0001:00039b84       GetEnvironmentStringsW     000000018003ab84 f   kernel32:KERNEL32.dll
 0001:00039b8a       lstrcatW                   000000018003ab8a f   kernel32:KERNEL32.dll
 0001:00039b90       GetEnvironmentVariableW    000000018003ab90 f   kernel32:KERNEL32.dll
 0001:00039b96       WaitForMultipleObjects     000000018003ab96 f   kernel32:KERNEL32.dll
 0001:00039b9c       CreateEventW               000000018003ab9c f   kernel32:KERNEL32.dll
 0001:00039ba2       SetConsoleTitleW           000000018003aba2 f   kernel32:KERNEL32.dll
[...]
 0003:00003380       ?hkFunc@@3UHkFunc@@A       0000000180059380     HkFunc.obj
 0003:000033c0       ?AssertMsgBox@@3P6AHPEB_WI0PEAUHWND__@@_N@ZEA 00000001800593c0     MAssert.obj
 0003:000033c8       ?ghHeap@@3PEAXEA           00000001800593c8     Memory.obj
 0003:000033d0       ?gNullDesc@@3PEAVMNullDesc@@EA 00000001800593d0     MSecurity.obj
 0003:000033d8       ?gbNeedBgActivate@@3HA     00000001800593d8     PluginBackground.obj
 0003:000033dc       ?gbBgPluginsAllowed@@3HA   00000001800593dc     PluginBackground.obj
 0003:000033e0       ?gpBgPlugin@@3PEAVCPluginBackground@@EA 00000001800593e0     PluginBackground.obj
 0003:000033f0       ?gszPluginServerPipe@@3PA_WA 00000001800593f0     PluginSrv.obj
 0003:000035f8       ?gpPlugServer@@3PEAU?$PipeServer@UCESERVER_REQ@@@@EA 00000001800595f8     PluginSrv.obj
 0003:00003600       ?ghServerTerminateEvent@@3PEAXEA 0000000180059600     PluginSrv.obj
 0003:00003608       ?gbForcedServerTermination@@3_NA 0000000180059608     PluginSrv.obj
 0003:00003610       ?gpConsoleInfoStr@@3PEAU_CONSOLE_INFO@@EA 0000000180059610     WConsole.obj
 0003:00003618       ?ghConsoleSection@@3PEAXEA 0000000180059618     WConsole.obj
 0003:00003620       ?g_LastSetConsoleFont@@3UMY_CONSOLE_FONT_INFOEX@@A 0000000180059620     WConsole.obj
 0003:000036d8       ?gfnSearchAppPaths@@3P6A_NPEB_WAEAUCmdArg@@_NPEAU1@@ZEA 00000001800596d8     WObjects.obj
 0003:0000bf60       ?g_ThreadsIdx@@3JA         0000000180061f60     WThreads.obj
 0003:0000bf70       _aenvptr                   0000000180061f70     LIBCMT:dllcrt0.obj
 0003:0000bf78       _wenvptr                   0000000180061f78     LIBCMT:dllcrt0.obj
 0003:0000bf80       __error_mode               0000000180061f80     LIBCMT:dllcrt0.obj
 0003:0000bf84       __app_type                 0000000180061f84     LIBCMT:dllcrt0.obj
 0003:0000bf88       _umaskval                  0000000180061f88     LIBCMT:crt0dat.obj
 0003:0000bf8c       _osplatform                0000000180061f8c     LIBCMT:crt0dat.obj
 0003:0000bf90       _osver                     0000000180061f90     LIBCMT:crt0dat.obj
 0003:0000bf94       _winver                    0000000180061f94     LIBCMT:crt0dat.obj
 0003:0000bf98       _winmajor                  0000000180061f98     LIBCMT:crt0dat.obj
 0003:0000bf9c       _winminor                  0000000180061f9c     LIBCMT:crt0dat.obj
 0003:0000bfa0       __argc                     0000000180061fa0     LIBCMT:crt0dat.obj
 0003:0000bfa4       _exitflag                  0000000180061fa4     LIBCMT:crt0dat.obj
 0003:0000bfa8       __argv                     0000000180061fa8     LIBCMT:crt0dat.obj
 0003:0000bfb0       __wargv                    0000000180061fb0     LIBCMT:crt0dat.obj
 0003:0000bfb8       _environ                   0000000180061fb8     LIBCMT:crt0dat.obj
 0003:0000bfc0       __initenv                  0000000180061fc0     LIBCMT:crt0dat.obj
 0003:0000bfc8       _wenviron                  0000000180061fc8     LIBCMT:crt0dat.obj
 0003:0000bfd0       __winitenv                 0000000180061fd0     LIBCMT:crt0dat.obj
 0003:0000bfd8       _pgmptr                    0000000180061fd8     LIBCMT:crt0dat.obj
 0003:0000bfe0       _wpgmptr                   0000000180061fe0     LIBCMT:crt0dat.obj
 0003:0000bfe8       _C_Termination_Done        0000000180061fe8     LIBCMT:crt0dat.obj
 0003:0000bfec       _C_Exit_Done               0000000180061fec     LIBCMT:crt0dat.obj
 0003:0000c0f8       _crtheap                   00000001800620f8     LIBCMT:heapinit.obj
 0003:0000c650       ?__pInconsistency@@3P6AXXZEA 0000000180062650     LIBCMT:hooks.obj
 0003:0000c688       ?_pnhHeap@@3P6AH_K@ZEA     0000000180062688     LIBCMT:handler.obj
 0003:0000c690       __locale_changed           0000000180062690     LIBCMT:setlocal.obj
 0003:0000c698       __lc_handle                0000000180062698     LIBCMT:nlsdata2.obj
 0003:0000c6b0       __lc_codepage              00000001800626b0     LIBCMT:nlsdata2.obj
 0003:0000c6b4       __lc_collate_cp            00000001800626b4     LIBCMT:nlsdata2.obj
 0003:0000c6c0       __mbulinfo                 00000001800626c0     LIBCMT:mbctype.obj
 0003:0000c6cc       __mbcodepage               00000001800626cc     LIBCMT:mbctype.obj
 0003:0000c6d0       __ismbcodepage             00000001800626d0     LIBCMT:mbctype.obj
 0003:0000c6d4       __mblcid                   00000001800626d4     LIBCMT:mbctype.obj
 0003:0000c6d8       _maxwait                   00000001800626d8     LIBCMT:crtheap.obj
 0003:0000c6dc       _newmode                   00000001800626dc     LIBCMT:_newmode.obj
 0003:0000cc78       __lconv_static_null        0000000180062c78     LIBCMT:lconv.obj
 0003:0000cc7c       __lconv_static_W_null      0000000180062c7c     LIBCMT:lconv.obj
 0003:0000cd3c       __setlc_active             0000000180062d3c     <common>
 0003:0000cd40       __unguarded_readlc_active  0000000180062d40     <common>
 0003:0000cd44       _nhandle                   0000000180062d44     <common>
 0003:0000cd60       __pioinfo                  0000000180062d60     <common>
 0003:0000cf60       __env_initialized          0000000180062f60     <common>
 0003:0000cf68       __onexitend                0000000180062f68     <common>
 0003:0000cf70       __onexitbegin              0000000180062f70     <common>
 0003:0000cf78       __mbctype_initialized      0000000180062f78     <common>
 0003:0000cf80       _FPinit                    0000000180062f80     <common>
 0003:0000cf88       __initenv_end              0000000180062f88     <common>
 0003:0000cf90       __winitenv_end             0000000180062f90     <common>
 0003:0000cf98       __dyn_tls_init_callback    0000000180062f98     <common>
 0003:0000cfa0       _acmdln                    0000000180062fa0     <common>
 0003:0000cfa8       _pRawDllMain               0000000180062fa8     <common>
 0003:0000cfb0       _pDestructExceptionObject  0000000180062fb0     <common>

 entry point at        0001:0003a5ac

 Static symbols

 0001:00000610       ?StringValidateDestW@@YAJPEB_W_K_K@Z 0000000180001610 f   CmdArg.obj
 0001:00000650       ?StringCopyWorkerW@@YAJPEA_W_KPEA_KPEB_W1@Z 0000000180001650 f   CmdArg.obj
 0001:00004d00       ?StringValidateDestW@@YAJPEB_W_K_K@Z 0000000180005d00 f   ConEmuCheck.obj
 0001:00004d40       ?StringCopyWorkerW@@YAJPEA_W_KPEA_KPEB_W1@Z 0000000180005d40 f   ConEmuCheck.obj
 0001:00006f30       ?StringValidateDestW@@YAJPEB_W_K_K@Z 0000000180007f30 f   ConEmuCheckEx.obj
 0001:00006f70       ?StringCopyWorkerW@@YAJPEA_W_KPEA_KPEB_W1@Z 0000000180007f70 f   ConEmuCheckEx.obj
 0001:00007180       ?StringValidateDestAndLengthW@@YAJPEB_W_KPEA_K_K@Z 0000000180008180 f   ConEmuCheckEx.obj
 0001:000071f0       ?StringLengthWorkerW@@YAJPEB_W_KPEA_K@Z 00000001800081f0 f   ConEmuCheckEx.obj
 0001:00007a50       ?StringValidateDestW@@YAJPEB_W_K_K@Z 0000000180008a50 f   ConEmuInjects.obj
 0001:00007a90       ?StringCopyWorkerW@@YAJPEA_W_KPEA_KPEB_W1@Z 0000000180008a90 f   ConEmuInjects.obj
 0001:00008830       ?ChangeExports@@YA_NPEBUExportFunc@@PEAUHINSTANCE__@@@Z 0000000180009830 f   ConEmuPlugin.obj
 0001:0000c5e0       ?GetFarSetting@@YAHPEAX_KPEB_W@Z 000000018000d5e0 f   ConEmuPlugin1900.obj
 0001:0000c950       ?CallGuiMacroProc@@YAXXZ   000000018000d950 f   ConEmuPlugin1900.obj
 0001:0000cda0       ?CallGuiMacroDlg@@YA_JPEAXHH0@Z 000000018000dda0 f   ConEmuPlugin1900.obj
 0001:0000d4a0       ?MAKEFARVERSION@@YA?AUVersionInfo@@KKKKW4VERSION_STAGE@@@Z 000000018000e4a0 f   ConEmuPlugin2800.obj
 0001:0000f1e0       ?WExists@@YA_JAEBUWindowInfo@@AEBV?$MArray@UWindowInfo@@@@@Z 00000001800101e0 f   ConEmuPlugin2800.obj
 0001:00010770       ?GetFarSetting@@YAHPEAX_KPEB_W@Z 0000000180011770 f   ConEmuPlugin2800.obj
 0001:00010b00       ?CallGuiMacroProc@@YAXXZ   0000000180011b00 f   ConEmuPlugin2800.obj
 0001:00010f40       ?CallGuiMacroDlg@@YA_JPEAX_J10@Z 0000000180011f40 f   ConEmuPlugin2800.obj
 0001:00011560       ?FreeMacroResult@@YAXPEAXPEAUFarMacroValue@@_K@Z 0000000180012560 f   ConEmuPlugin2800.obj
 0001:000141f0       ?CallGuiMacroProc@@YAXXZ   00000001800151f0 f   ConEmuPlugin995.obj
 0001:000145f0       ?CallGuiMacroDlg@@YA_JPEAXHH_J@Z 00000001800155f0 f   ConEmuPlugin995.obj
 0001:00016bf0       ?CallGuiMacroProc@@YAXXZ   0000000180017bf0 f   ConEmuPluginA.obj
 0001:00017010       ?CallGuiMacroDlg@@YA_JPEAXHH_J@Z 0000000180018010 f   ConEmuPluginA.obj
 0001:00017d00       ?LoadFarVersion@@YA_NAEAUFarVersion@@AEAY0CAA@_W@Z 0000000180018d00 f   ConEmuPluginBase.obj
 0001:00017da0       ?SetDefaultFarVersion@@YAXAEAUFarVersion@@@Z 0000000180018da0 f   ConEmuPluginBase.obj
 0001:00017e00       ?LoadFarVersion@@YA_NPEB_WAEAUFarVersion@@AEAY0CAA@_W@Z 0000000180018e00 f   ConEmuPluginBase.obj
 0001:00017e70       ?LoadAppVersion@@YA_NPEB_WAEAUtagVS_FIXEDFILEINFO@@AEAY0CAA@_W@Z 0000000180018e70 f   ConEmuPluginBase.obj
 0001:00017eb0       ?LoadModuleVersion@@YA_NPEB_WAEAUtagVS_FIXEDFILEINFO@@PEA_W_K@Z 0000000180018eb0 f   ConEmuPluginBase.obj
 0001:00018190       ?StringValidateDestW@@YAJPEB_W_K_K@Z 0000000180019190 f   ConEmuPluginBase.obj
 0001:000181d0       ?StringValidateDestAndLengthW@@YAJPEB_W_KPEA_K_K@Z 00000001800191d0 f   ConEmuPluginBase.obj
 0001:00018240       ?StringLengthWorkerW@@YAJPEB_W_KPEA_K@Z 0000000180019240 f   ConEmuPluginBase.obj
 0001:000182e0       ?StringCopyWorkerW@@YAJPEA_W_KPEA_KPEB_W1@Z 00000001800192e0 f   ConEmuPluginBase.obj
 0001:000183d0       ?ConvertVersionToFarVersion@@YAXAEBUtagVS_FIXEDFILEINFO@@AEAUFarVersion@@@Z 00000001800193d0 f   ConEmuPluginBase.obj
 0001:00024c50       ?StringValidateDestW@@YAJPEB_W_K_K@Z 0000000180025c50 f   Execute.obj
 0001:00024c90       ?StringCopyWorkerW@@YAJPEA_W_KPEA_KPEB_W1@Z 0000000180025c90 f   Execute.obj
 0001:00025670       ?StringValidateDestA@@YAJPEBD_K_K@Z 0000000180026670 f   Memory.obj
 0001:000256b0       ?StringCopyWorkerA@@YAJPEAD_KPEA_KPEBD1@Z 00000001800266b0 f   Memory.obj
 0001:00025830       ?StringValidateDestW@@YAJPEB_W_K_K@Z 0000000180026830 f   Memory.obj
 0001:00025870       ?StringCopyWorkerW@@YAJPEA_W_KPEA_KPEB_W1@Z 0000000180026870 f   Memory.obj
 0001:00025f30       ?FindMonitor@impl@?L@??MonitorFromParam@@YAPEAUHMONITOR__@@PEB_W@Z@SAHPEAU3@PEAUHDC__@@PEAUtagRECT@@_J@Z 0000000180026f30 f   Monitors.obj
 0001:0002cc10       ?StringValidateDestW@@YAJPEB_W_K_K@Z 000000018002dc10 f   PluginBackground.obj
 0001:0002cc50       ?StringCopyWorkerW@@YAJPEA_W_KPEA_KPEB_W1@Z 000000018002dc50 f   PluginBackground.obj
 0001:00030270       ?StringValidateDestW@@YAJPEB_W_K_K@Z 0000000180031270 f   PluginSrv.obj
 0001:000302b0       ?StringCopyWorkerW@@YAJPEA_W_KPEA_KPEB_W1@Z 00000001800312b0 f   PluginSrv.obj
 0001:00034dd0       ?StringValidateDestW@@YAJPEB_W_K_K@Z 0000000180035dd0 f   WObjects.obj
 0001:00034e10       ?StringCopyWorkerW@@YAJPEA_W_KPEA_KPEB_W1@Z 0000000180035e10 f   WObjects.obj
 0001:000354f0       ?CheckRegKeyExist@@YA_NPEAURegKeyExistArg@@@Z 00000001800364f0 f   WObjects.obj
 0001:00036ea0       ?StringValidateDestAndLengthW@@YAJPEB_W_KPEA_K_K@Z 0000000180037ea0 f   WObjects.obj
 0001:00036f10       ?StringLengthWorkerW@@YAJPEB_W_KPEA_K@Z 0000000180037f10 f   WObjects.obj
 0001:000393e0       ?StringValidateDestW@@YAJPEB_W_K_K@Z 000000018003a3e0 f   WUser.obj
 0001:00039420       ?StringCopyWorkerW@@YAJPEA_W_KPEA_KPEB_W1@Z 000000018003a420 f   WUser.obj
 0001:00039850       ?strtoxl@@YAKPEB_WPEAPEA_WHH@Z 000000018003a850 f   libCRT64:strtol.obj
 0001:0003a3dc       __DllMainCRTStartup        000000018003b3dc f   LIBCMT:dllcrt0.obj
 0001:0003a700       xcptlookup                 000000018003b700 f   LIBCMT:winxfltr.obj
 0001:0003aa04       _initterm                  000000018003ba04 f   LIBCMT:crt0dat.obj
 0001:0003abdc       doexit                     000000018003bbdc f   LIBCMT:crt0dat.obj
 0001:0003b7e4       parse_cmdline              000000018003c7e4 f   LIBCMT:stdargv.obj
 0001:0003c5b4       ctrlevent_capture          000000018003d5b4 f   LIBCMT:winsig.obj
 0001:0003c64c       siglookup                  000000018003d64c f   LIBCMT:winsig.obj
 0001:0003d0b0       _copytlocinfo_nolock       000000018003e0b0 f   LIBCMT:setlocal.obj
 0001:0003d0e4       _updatetlocinfoEx_nolock   000000018003e0e4 f   LIBCMT:setlocal.obj
 0001:0003d234       sync_legacy_variables_lk   000000018003e234 f   LIBCMT:setlocal.obj
 0001:0003d630       _setlocale_get_all         000000018003e630 f   LIBCMT:setlocal.obj
 0001:0003da7c       _setlocale_set_cat         000000018003ea7c f   LIBCMT:setlocal.obj
 0001:0003dd80       _setlocale_nolock          000000018003ed80 f   LIBCMT:setlocal.obj
 0001:0003e34c       ?CPtoLCID@@YAHH@Z          000000018003f34c f   LIBCMT:mbctype.obj
 0001:0003e380       ?setSBCS@@YAXPEAUthreadmbcinfostruct@@@Z 000000018003f380 f   LIBCMT:mbctype.obj
 0001:0003e414       ?setSBUpLow@@YAXPEAUthreadmbcinfostruct@@@Z 000000018003f414 f   LIBCMT:mbctype.obj
 0001:0003e78c       ?getSystemCP@@YAHH@Z       000000018003f78c f   LIBCMT:mbctype.obj
 0001:0003ef88       ?x_ismbbtype_l@@YAHPEAUlocaleinfo_struct@@IHH@Z 000000018003ff88 f   LIBCMT:ismbbyte.obj
 0001:0003f8c8       _get_lc_time               00000001800408c8 f   LIBCMT:inittime.obj
 0001:00040970       fix_grouping               0000000180041970 f   LIBCMT:initnum.obj
 0001:00040c84       fix_grouping               0000000180041c84 f   LIBCMT:initmon.obj
 0001:00041f10       ?_store_str@@YAXPEADPEAPEADPEA_K@Z 0000000180042f10 f   LIBCMT:_strftime.obj
 0001:00041f34       ?_store_number@@YAXHPEAPEADPEA_K@Z 0000000180042f34 f   LIBCMT:_strftime.obj
 0001:00041f98       ?_store_num@@YAXHHPEAPEADPEA_KI@Z 0000000180042f98 f   LIBCMT:_strftime.obj
 0001:00042074       ?_expandtime@@YAHPEAUlocaleinfo_struct@@DPEBUtm@@PEAPEADPEA_KPEAU__lc_time_data@@I@Z 0000000180043074 f   LIBCMT:_strftime.obj
 0001:000426b0       ?_store_winword@@YAHPEAUlocaleinfo_struct@@HPEBUtm@@PEAPEADPEA_KPEAU__lc_time_data@@@Z 00000001800436b0 f   LIBCMT:_strftime.obj
 0001:00043050       TranslateName              0000000180044050 f   LIBCMT:getqloc.obj
 0001:000430e8       GetLcidFromDefault         00000001800440e8 f   LIBCMT:getqloc.obj
 0001:0004310c       ProcessCodePage            000000018004410c f   LIBCMT:getqloc.obj
 0001:000431a8       TestDefaultCountry         00000001800441a8 f   LIBCMT:getqloc.obj
 0001:000431d0       LcidFromHexString          00000001800441d0 f   LIBCMT:getqloc.obj
 0001:0004320c       GetPrimaryLen              000000018004420c f   LIBCMT:getqloc.obj
 0001:00043228       CountryEnumProc            0000000180044228 f   LIBCMT:getqloc.obj
 0001:00043310       TestDefaultLanguage        0000000180044310 f   LIBCMT:getqloc.obj
 0001:000433d4       LangCountryEnumProc        00000001800443d4 f   LIBCMT:getqloc.obj
 0001:00043684       LanguageEnumProc           0000000180044684 f   LIBCMT:getqloc.obj
 0001:00043794       GetLcidFromCountry         0000000180044794 f   LIBCMT:getqloc.obj
 0001:000437e4       GetLcidFromLangCountry     00000001800447e4 f   LIBCMT:getqloc.obj
 0001:0004388c       GetLcidFromLanguage        000000018004488c f   LIBCMT:getqloc.obj
 0001:00043bcc       ?__crtGetStringTypeA_stat@@YAHPEAUlocaleinfo_struct@@KPEBDHPEAGHHH@Z 0000000180044bcc f   LIBCMT:_a_str.obj
 0001:00043e88       ?strncnt@@YAHPEBDH@Z       0000000180044e88 f   LIBCMT:_a_map.obj
 0001:00043ea4       ?__crtLCMapStringA_stat@@YAHPEAUlocaleinfo_struct@@KKPEBDHPEADHHH@Z 0000000180044ea4 f   LIBCMT:_a_map.obj
 0001:000448b8       _tzset_nolock              00000001800458b8 f   LIBCMT:tzset.obj
 0001:00044d64       cvtdate                    0000000180045d64 f   LIBCMT:tzset.obj
 0001:0004501c       _isindst_nolock            000000018004601c f   LIBCMT:tzset.obj
 0001:0004596c       xtoa_s                     000000018004696c f   LIBCMT:xtoas.obj
 0001:00045ad4       x64toa_s                   0000000180046ad4 f   LIBCMT:xtoas.obj
 0001:00045de0       ?__crtGetLocaleInfoA_stat@@YAHPEAUlocaleinfo_struct@@KKPEADHH@Z 0000000180046de0 f   LIBCMT:_a_loc.obj
 0001:0004607c       _getenv_s_helper           000000018004707c f   LIBCMT:getenv.obj
 0001:00046150       _dupenv_s_helper           0000000180047150 f   LIBCMT:getenv.obj
 0001:000467d4       ?strtoxlX@@YAKPEAUlocaleinfo_struct@@PEBDPEAPEBDHHH@Z 00000001800477d4 f   LIBCMT:_strtol.obj
 0001:00046aa0       ?strtoxl@@YAKPEAUlocaleinfo_struct@@PEBDPEAPEBDHH@Z 0000000180047aa0 f   LIBCMT:_strtol.obj
 0001:00046b7c       ?strtoxq@@YA_KPEAUlocaleinfo_struct@@PEBDPEAPEBDHH@Z 0000000180047b7c f   LIBCMT:_strtoq.obj
 0001:000470b8       ?__crtGetStringTypeW_stat@@YAHPEAUlocaleinfo_struct@@KPEBGHPEAGHH@Z 00000001800480b8 f   LIBCMT:_w_str.obj
 0001:000472d4       ?strncnt@@YAHPEBDH@Z       00000001800482d4 f   LIBCMT:_a_cmp.obj
 0001:000472f0       ?__crtCompareStringA_stat@@YAHPEAUlocaleinfo_struct@@KKPEBDH1HH@Z 00000001800482f0 f   LIBCMT:_a_cmp.obj
 0001:00047800       findenv                    0000000180048800 f   LIBCMT:setenv.obj
 0001:00047884       copy_environ               0000000180048884 f   LIBCMT:setenv.obj
 0001:00047fd0       ?filt$0@?0??SetThreadName@@YAXKPEAD@Z@4HA 0000000180048fd0 f   WThreads.obj
 0001:00047fe4       __DllMainCRTStartup$filt$0 0000000180048fe4 f   LIBCMT:dllcrt0.obj
 0001:00048044       __DllMainCRTStartup$filt$1 0000000180049044 f   LIBCMT:dllcrt0.obj
 0001:000480a4       __DllMainCRTStartup$filt$2 00000001800490a4 f   LIBCMT:dllcrt0.obj
 0001:00048104       __DllMainCRTStartup$filt$3 0000000180049104 f   LIBCMT:dllcrt0.obj
 0001:00048164       __DllMainCRTStartup$filt$4 0000000180049164 f   LIBCMT:dllcrt0.obj
 0001:000481c4       __DllMainCRTStartup$filt$5 00000001800491c4 f   LIBCMT:dllcrt0.obj
 0001:00048224       __DllMainCRTStartup$filt$6 0000000180049224 f   LIBCMT:dllcrt0.obj
 0001:00048284       __DllMainCRTStartup$filt$7 0000000180049284 f   LIBCMT:dllcrt0.obj
 0001:000482e0       _IsNonwritableInCurrentImage$filt$0 00000001800492e0 f   LIBCMT:pesect.obj
 0001:00048301       doexit$fin$0               0000000180049301 f   LIBCMT:crt0dat.obj
 0001:00048320       _initptd$fin$0             0000000180049320 f   LIBCMT:tidtable.obj
 0001:00048339       _freefls$fin$1             0000000180049339 f   LIBCMT:tidtable.obj
 0001:00048359       _freefls$fin$0             0000000180049359 f   LIBCMT:tidtable.obj
 0001:00048372       _mtinitlocknum$fin$0       0000000180049372 f   LIBCMT:mlock.obj
 0001:0004838e       ctrlevent_capture$fin$0    000000018004938e f   LIBCMT:winsig.obj
 0001:000483a4       signal$fin$0               00000001800493a4 f   LIBCMT:winsig.obj
 0001:000483ba       raise$fin$0                00000001800493ba f   LIBCMT:winsig.obj
 0001:000483d6       __updatetlocinfo$fin$0     00000001800493d6 f   LIBCMT:setlocal.obj
 0001:000483ef       _free_locale$fin$0         00000001800493ef f   LIBCMT:setlocal.obj
 0001:00048408       _get_current_locale$fin$0  0000000180049408 f   LIBCMT:setlocal.obj
 0001:00048421       setlocale$fin$1            0000000180049421 f   LIBCMT:setlocal.obj
 0001:00048441       setlocale$fin$0            0000000180049441 f   LIBCMT:setlocal.obj
 0001:00048461       setlocale$fin$2            0000000180049461 f   LIBCMT:setlocal.obj
 0001:0004847b       __updatetmbcinfo$fin$0     000000018004947b f   LIBCMT:mbctype.obj
 0001:00048494       _setmbcp$fin$0             0000000180049494 f   LIBCMT:mbctype.obj
 0001:000484ad       _tzset_nolock$fin$0        00000001800494ad f   LIBCMT:tzset.obj
 0001:000484c6       __tzset$fin$0              00000001800494c6 f   LIBCMT:tzset.obj
 0001:000484df       _tzset$fin$0               00000001800494df f   LIBCMT:tzset.obj
 0001:000484f8       _isindst$fin$0             00000001800494f8 f   LIBCMT:tzset.obj
 0001:00048511       getenv$fin$0               0000000180049511 f   LIBCMT:getenv.obj
 0001:0004852a       getenv_s$fin$0             000000018004952a f   LIBCMT:getenv.obj
 0001:00048543       _dupenv_s$fin$0            0000000180049543 f   LIBCMT:getenv.obj
 0001:00048560       ??__EhkFunc@@YAXXZ         0000000180049560 f   HkFunc.obj
